# The station's own record of the same session, read off MQTT.
#
# EvseV2G publishes every V2G message it handles as name + base64 + hex on
# everest/iso15118_charger/charger/var. Consecutive repeats are collapsed with a count.
# The '->' lines are what this harness published back: the authorization token.

18:17:00  [var] EV_AppProtocol = [{"Priority": 1, "ProtocolNamespace": "urn:iso:15118:2:2013:MsgDef", "SchemaID": 1, "VersionNumberMajor": 2, "VersionNumberMinor": 0}]
18:17:00  SupportedAppProtocolReq
          01fe8001000000248000ebab9371d34b9b79d189a98989c1d191d191818999d26b9b3a232b30020000040040
18:17:00  [var] Selected_Protocol = "ISO15118-2-2013"
18:17:00  SupportedAppProtocolRes
          01fe800100000024804000409371d34b9b79d189a98989c1d191d191818999d26b9b3a232b30020000040040
18:17:00  [var] EVCCIDD = "AB:CD:EF:01:02:03"
18:17:00  SessionSetupReq
          01fe800100000015809802000000000000000011d01aaf37bc04080c00
18:17:00  SessionSetupRes
          01fe8001000000158098023c4d2f8f7d9ffcfe91e020451114a9413960
18:17:00  ServiceDiscoveryReq
          01fe80010000000d8098023c4d2f8f7d9ffcfe91b8
18:17:00  ServiceDiscoveryRes
          01fe80010000000d8098023c4d2f8f7d9ffcfe91c0
18:17:00  [var] SelectedPaymentOption = "ExternalPayment"
18:17:00  PaymentServiceSelectionReq
          01fe8001000000108098023c4d2f8f7d9ffcfe9132001280
18:17:00  PaymentServiceSelectionRes
          01fe8001000000108098023c4d2f8f7d9ffcfe9140001280
18:17:00  [var] Require_Auth_EIM = null
18:17:00  >> TOKEN1 to everest/token_provider/main/var
18:17:00  AuthorizationReq
          01fe80010000000d8098023c4d2f8f7d9ffcfe9008
18:17:00  AuthorizationRes
          01fe80010000000d8098023c4d2f8f7d9ffcfe9010
18:17:01  AuthorizationReq
          01fe80010000000d8098023c4d2f8f7d9ffcfe9008
18:17:01  AuthorizationRes
          01fe80010000000d8098023c4d2f8f7d9ffcfe9010
18:17:01  AuthorizationReq
          01fe80010000000d8098023c4d2f8f7d9ffcfe9008
18:17:01  AuthorizationRes
          01fe80010000000d8098023c4d2f8f7d9ffcfe9010
18:17:01  AuthorizationReq
          01fe80010000000d8098023c4d2f8f7d9ffcfe9008
18:17:01  AuthorizationRes
          01fe80010000000d8098023c4d2f8f7d9ffcfe9010
18:17:01  AuthorizationReq
          01fe80010000000d8098023c4d2f8f7d9ffcfe9008
18:17:01  AuthorizationRes
          01fe80010000000d8098023c4d2f8f7d9ffcfe9010
18:17:01  AuthorizationReq
          01fe80010000000d8098023c4d2f8f7d9ffcfe9008
18:17:01  AuthorizationRes
          01fe80010000000d8098023c4d2f8f7d9ffcfe9010
18:17:01  AuthorizationReq
          01fe80010000000d8098023c4d2f8f7d9ffcfe9008
18:17:01  AuthorizationRes
          01fe80010000000d8098023c4d2f8f7d9ffcfe9010
18:17:01  [var] RequestedEnergyTransferMode = "DC_extended"
18:17:01  ChargeParameterDiscoveryReq
          01fe80010000001d8098023c4d2f8f7d9ffcfe9094ca400640618640088c40f40313205000
18:17:02  ChargeParameterDiscoveryRes
          01fe80010000001d8098023c4d2f8f7d9ffcfe90a000000000002028c140c50000aa000000
18:17:02  [var] Start_CableCheck = null
18:17:02  [var] DC_EVStatus = {"DC_EVErrorCode": "NO_ERROR", "DC_EVRESSSOC": 50.0, "DC_EVReady": true}
18:17:02  CableCheckReq
          01fe8001000000108098023c4d2f8f7d9ffcfe9031001900
18:17:02  CableCheckRes
          01fe8001000000108098023c4d2f8f7d9ffcfe9040000000
18:17:02  CableCheckReq
          01fe8001000000108098023c4d2f8f7d9ffcfe9031001900
18:17:02  CableCheckRes
          01fe8001000000108098023c4d2f8f7d9ffcfe9040000000
18:17:02  CableCheckReq
          01fe8001000000108098023c4d2f8f7d9ffcfe9031001900
18:17:02  CableCheckRes
          01fe8001000000108098023c4d2f8f7d9ffcfe9040000000
18:17:02  CableCheckReq
          01fe8001000000108098023c4d2f8f7d9ffcfe9031001900
18:17:02  CableCheckRes
          01fe8001000000108098023c4d2f8f7d9ffcfe9040000000
18:17:02  CableCheckReq
          01fe8001000000108098023c4d2f8f7d9ffcfe9031001900
18:17:02  CableCheckRes
          01fe8001000000108098023c4d2f8f7d9ffcfe9040000000
18:17:02  CableCheckReq
          01fe8001000000108098023c4d2f8f7d9ffcfe9031001900
18:17:02  CableCheckRes
          01fe8001000000108098023c4d2f8f7d9ffcfe9040000000
18:17:02  CableCheckReq
          01fe8001000000108098023c4d2f8f7d9ffcfe9031001900
18:17:03  CableCheckRes
          01fe8001000000108098023c4d2f8f7d9ffcfe9040000000
18:17:03  CableCheckReq
          01fe8001000000108098023c4d2f8f7d9ffcfe9031001900
18:17:03  CableCheckRes
          01fe8001000000108098023c4d2f8f7d9ffcfe9040000000
18:17:03  CableCheckReq
          01fe8001000000108098023c4d2f8f7d9ffcfe9031001900
18:17:03  CableCheckRes
          01fe8001000000108098023c4d2f8f7d9ffcfe9040000000
18:17:03  CableCheckReq
          01fe8001000000108098023c4d2f8f7d9ffcfe9031001900
18:17:03  CableCheckRes
          01fe8001000000108098023c4d2f8f7d9ffcfe9040000000
18:17:03  CableCheckReq
          01fe8001000000108098023c4d2f8f7d9ffcfe9031001900
18:17:03  CableCheckRes
          01fe8001000000108098023c4d2f8f7d9ffcfe9040000000
18:17:03  CableCheckReq
          01fe8001000000108098023c4d2f8f7d9ffcfe9031001900
18:17:03  CableCheckRes
          01fe8001000000108098023c4d2f8f7d9ffcfe9040000000
18:17:03  CableCheckReq
          01fe8001000000108098023c4d2f8f7d9ffcfe9031001900
18:17:03  CableCheckRes
          01fe8001000000108098023c4d2f8f7d9ffcfe9040000000
18:17:04  CableCheckReq
          01fe8001000000108098023c4d2f8f7d9ffcfe9031001900
18:17:04  CableCheckRes
          01fe8001000000108098023c4d2f8f7d9ffcfe9040000000
18:17:04  CableCheckReq
          01fe8001000000108098023c4d2f8f7d9ffcfe9031001900
18:17:04  CableCheckRes
          01fe8001000000108098023c4d2f8f7d9ffcfe9040000000
18:17:04  CableCheckReq
          01fe8001000000108098023c4d2f8f7d9ffcfe9031001900
18:17:04  CableCheckRes
          01fe8001000000108098023c4d2f8f7d9ffcfe9040000000
18:17:04  CableCheckReq
          01fe8001000000108098023c4d2f8f7d9ffcfe9031001900
18:17:04  CableCheckRes
          01fe8001000000108098023c4d2f8f7d9ffcfe9040000000
18:17:04  CableCheckReq
          01fe8001000000108098023c4d2f8f7d9ffcfe9031001900
18:17:04  CableCheckRes
          01fe8001000000108098023c4d2f8f7d9ffcfe9040000000
18:17:04  CableCheckReq
          01fe8001000000108098023c4d2f8f7d9ffcfe9031001900
18:17:04  CableCheckRes
          01fe8001000000108098023c4d2f8f7d9ffcfe9040000000
18:17:04  CableCheckReq
          01fe8001000000108098023c4d2f8f7d9ffcfe9031001900
18:17:05  CableCheckRes
          01fe8001000000108098023c4d2f8f7d9ffcfe9040000000
18:17:05  CableCheckReq
          01fe8001000000108098023c4d2f8f7d9ffcfe9031001900
18:17:05  CableCheckRes
          01fe8001000000108098023c4d2f8f7d9ffcfe9040000000
18:17:05  CableCheckReq
          01fe8001000000108098023c4d2f8f7d9ffcfe9031001900
18:17:05  CableCheckRes
          01fe8001000000108098023c4d2f8f7d9ffcfe9040000000
18:17:05  CableCheckReq
          01fe8001000000108098023c4d2f8f7d9ffcfe9031001900
18:17:05  CableCheckRes
          01fe8001000000108098023c4d2f8f7d9ffcfe9040000000
18:17:05  CableCheckReq
          01fe8001000000108098023c4d2f8f7d9ffcfe9031001900
18:17:05  CableCheckRes
          01fe8001000000108098023c4d2f8f7d9ffcfe9040000000
18:17:05  CableCheckReq
          01fe8001000000108098023c4d2f8f7d9ffcfe9031001900
18:17:05  CableCheckRes
          01fe8001000000108098023c4d2f8f7d9ffcfe9040000000
18:17:05  CableCheckReq
          01fe8001000000108098023c4d2f8f7d9ffcfe9031001900
18:17:05  CableCheckRes
          01fe8001000000108098023c4d2f8f7d9ffcfe9040000000
18:17:05  CableCheckReq
          01fe8001000000108098023c4d2f8f7d9ffcfe9031001900
18:17:06  CableCheckRes
          01fe8001000000108098023c4d2f8f7d9ffcfe9040000000
18:17:06  CableCheckReq
          01fe8001000000108098023c4d2f8f7d9ffcfe9031001900
18:17:06  CableCheckRes
          01fe8001000000108098023c4d2f8f7d9ffcfe9040000000
18:17:06  CableCheckReq
          01fe8001000000108098023c4d2f8f7d9ffcfe9031001900
18:17:06  CableCheckRes
          01fe8001000000108098023c4d2f8f7d9ffcfe9040000000
18:17:06  CableCheckReq
          01fe8001000000108098023c4d2f8f7d9ffcfe9031001900
18:17:06  CableCheckRes
          01fe8001000000108098023c4d2f8f7d9ffcfe9040000000
18:17:06  CableCheckReq
          01fe8001000000108098023c4d2f8f7d9ffcfe9031001900
18:17:06  CableCheckRes
          01fe8001000000108098023c4d2f8f7d9ffcfe9040000000
18:17:06  CableCheckReq
          01fe8001000000108098023c4d2f8f7d9ffcfe9031001900
18:17:06  CableCheckRes
          01fe8001000000108098023c4d2f8f7d9ffcfe9040000000
18:17:06  CableCheckReq
          01fe8001000000108098023c4d2f8f7d9ffcfe9031001900
18:17:06  CableCheckRes
          01fe8001000000108098023c4d2f8f7d9ffcfe9040000000
18:17:07  CableCheckReq
          01fe8001000000108098023c4d2f8f7d9ffcfe9031001900
18:17:07  CableCheckRes
          01fe8001000000108098023c4d2f8f7d9ffcfe9040000000
18:17:07  CableCheckReq
          01fe8001000000108098023c4d2f8f7d9ffcfe9031001900
18:17:07  CableCheckRes
          01fe8001000000108098023c4d2f8f7d9ffcfe9040800000
