2026-08-02 18:16:01.832780 [INFO] manager          ::   ________      __                _
2026-08-02 18:16:01.839122 [INFO] manager          ::  |  ____\ \    / /               | |
2026-08-02 18:16:01.839300 [INFO] manager          ::  | |__   \ \  / /__ _ __ ___  ___| |_
2026-08-02 18:16:01.839426 [INFO] manager          ::  |  __|   \ \/ / _ \ '__/ _ \/ __| __|
2026-08-02 18:16:01.839545 [INFO] manager          ::  | |____   \  /  __/ | |  __/\__ \ |_
2026-08-02 18:16:01.839654 [INFO] manager          ::  |______|   \/ \___|_|  \___||___/\__|
2026-08-02 18:16:01.839767 [INFO] manager          ::
2026-08-02 18:16:01.839878 [INFO] manager          :: Using MQTT broker mqtt:1883
2026-08-02 18:16:02.056930 [INFO] manager          :: Loading config file at: /workspace/dist/etc/everest/config-ours.yaml
2026-08-02 18:16:08.178170 [INFO] manager          :: - Types loaded in [325ms]
2026-08-02 18:16:08.178509 [INFO] manager          :: - Types validated [5725ms]
2026-08-02 18:16:08.191754 [INFO] manager          :: - Errors loaded in [3ms]
2026-08-02 18:16:08.192072 [INFO] manager          :: - Errors validated [9ms]
2026-08-02 18:16:10.349139 [INFO] manager          :: Config loading completed in 8508ms
2026-08-02 18:16:10.439918 [INFO] everest_ctrl     :: Launching controller service on port 8849
2026-08-02 18:16:32.798102 [INFO] energy_manager:  :: Module energy_manager initialized [21380ms]
2026-08-02 18:16:33.298441 [INFO] grid_connection  :: Module grid_connection_point initialized [21776ms]
2026-08-02 18:16:33.308283 [INFO] token_validator  :: Module token_validator initialized [21683ms]
2026-08-02 18:16:33.519446 [INFO] token_provider:  :: Module token_provider initialized [21883ms]
2026-08-02 18:16:33.890257 [INFO] evse_manager:Ev  :: Module evse_manager initialized [22515ms]
2026-08-02 18:16:34.941331 [INFO] evse_security:E  :: Module evse_security initialized [23450ms]
2026-08-02 18:16:35.008239 [INFO] auth:Auth        :: Module auth initialized [23572ms]
2026-08-02 18:16:35.316161 [INFO] api:API          :: Module api initialized [23955ms]
2026-08-02 18:16:35.556197 [INFO] iso15118_charge  :: TCP server on eth0 is listening on port [fe80::9074:95ff:fea4:cc38%2]:61341
2026-08-02 18:16:35.579944 [INFO] iso15118_charge  :: TLS server on eth0 is listening on port [fe80::9074:95ff:fea4:cc38%2]:64109
2026-08-02 18:16:35.581988 [INFO] iso15118_charge  :: SDP socket setup succeeded
2026-08-02 18:16:35.593443 [INFO] iso15118_charge  :: Module iso15118_charger initialized [23877ms]
2026-08-02 18:16:41.883077 [INFO] manager          :: 🚙🚙🚙 All modules are initialized. EVerest up and running [40108ms] 🚙🚙🚙
2026-08-02 18:16:45.091908 [INFO] evse_manager:Ev  :: 🌀🌀🌀 Ready to start charging 🌀🌀🌀
2026-08-02 18:17:00.536662 [INFO] iso15118_charge  :: Incoming connection on eth0 from [a00:8a0c:0:0:fe80::]:35340
2026-08-02 18:17:00.537560 [INFO] iso15118_charge  :: Started new TCP connection thread
2026-08-02 18:17:00.539924 [INFO] iso15118_charge  :: Handling SupportedAppProtocolReq
2026-08-02 18:17:00.546052 [INFO] iso15118_charge  :: Protocol negotiation was successful. Selected protocol is ISO15118
2026-08-02 18:17:00.559311 [INFO] iso15118_charge  :: SessionSetupReq.EVCCID: AB:CD:EF:01:02:03
2026-08-02 18:17:00.559682 [INFO] iso15118_charge  :: No session_id found or not equal to the id from the preceding v2g session. Generating random session id.
2026-08-02 18:17:00.559838 [INFO] iso15118_charge  :: Created new session with id 0x18082937624397231345
2026-08-02 18:17:00.769509 [INFO] iso15118_charge  :: SelectedPaymentOption: ExternalPayment
2026-08-02 18:17:00.946735 [INFO] auth:Auth        :: Received new token: {
    "authorization_type": "RFID",
    "connectors": [
        1
    ],
    "id_token": "TOKEN1",
    "id_token_type": "ISO14443",
    "prevalidated": false
}
2026-08-02 18:17:01.024956 [INFO] token_validator  :: Got validation request for token: TOKEN1
2026-08-02 18:17:01.275633 [INFO] token_validator  :: Returning validation status: Accepted
2026-08-02 18:17:01.301635 [INFO] auth:Auth        :: Providing authorization to connector#1
2026-08-02 18:17:01.623189 [INFO] evse_manager:Ev  :: SYS  Session logging started.
2026-08-02 18:17:01.625702 [INFO] evse_manager:Ev  :: EVSE IEC Session Started: Authorized
2026-08-02 18:17:01.634933 [INFO] evse_manager:Ev  :: EVSE ISO V2G AuthorizationRes
2026-08-02 18:17:01.652321 [INFO] token_provider:  :: Publishing new dummy token: TOKEN1 (RFID)
2026-08-02 18:17:01.675989 [INFO] evse_manager:Ev  ::                                     CAR ISO V2G AuthorizationReq
2026-08-02 18:17:01.687358 [INFO] auth:Auth        :: Received new token: {
    "authorization_type": "RFID",
    "id_token": "TOKEN1"
}
2026-08-02 18:17:01.688121 [INFO] auth:Auth        :: Received token TOKEN1 repeatedly while still processing it
2026-08-02 18:17:01.688278 [INFO] auth:Auth        :: Result for token: TOKEN1: ALREADY_IN_PROCESS
2026-08-02 18:17:01.796966 [INFO] auth:Auth        :: Result for token: TOKEN1: ACCEPTED
2026-08-02 18:17:01.803607 [INFO] evse_manager:Ev  :: EVSE ISO V2G AuthorizationRes
2026-08-02 18:17:01.825040 [INFO] evse_manager:Ev  ::                                     CAR ISO V2G AuthorizationReq
2026-08-02 18:17:01.891093 [INFO] iso15118_charge  :: Parameter-phase started
2026-08-02 18:17:01.891906 [INFO] iso15118_charge  :: Selected energy transfer mode: DC_extended
2026-08-02 18:17:01.951093 [INFO] evse_manager:Ev  :: EVSE ISO V2G AuthorizationRes
2026-08-02 18:17:01.955547 [INFO] evse_manager:Ev  ::                                     CAR ISO V2G ChargeParameterDiscoveryReq
2026-08-02 18:17:02.015462 [INFO] evse_manager:Ev  :: EVSE ISO V2G ChargeParameterDiscoveryRes
2026-08-02 18:17:02.036381 [INFO] evse_manager:Ev  :: EVSE ISO Start cable check...
2026-08-02 18:17:02.037955 [INFO] evse_manager:Ev  ::                                     CAR ISO DC HLC Close contactor (in CableCheck)
        ... (CableCheck polling, 35 exchanges)
2026-08-02 18:17:07.064655 [ERRO] evse_manager:Ev module::EvseManager::cable_check()::<lambda()> :: CableCheck Thread: Contactors are still open after timeout, giving up.
        ... (CableCheck polling, 35 exchanges)
2026-08-02 18:17:07.183543 [ERRO] iso15118_charge void dlog_func(dloglevel_t, const char*, int, const char*, const char*, ...) :: Failed response code detected for message "Cable Check", error: Response FAILED
        ... (CableCheck polling, 35 exchanges)
2026-08-02 18:17:07.193592 [INFO] evse_manager:Ev  :: EVSE IEC DC power supply OFF
        ... (CableCheck polling, 35 exchanges)
2026-08-02 18:17:07.321909 [ERRO] iso15118_charge void dlog_func(dloglevel_t, const char*, int, const char*, const char*, ...) :: Timeout waiting for next request or peer closed connection
2026-08-02 18:17:07.322437 [INFO] iso15118_charge  :: v2g_handle_connection exited with -1
2026-08-02 18:17:07.322551 [INFO] iso15118_charge  :: Closing TCP connection
2026-08-02 18:17:07.322738 [INFO] iso15118_charge  :: TCP connection closed gracefully
2026-08-02 18:17:07.382858 [INFO] evse_manager:Ev  :: EVSE IEC Charger state: Idle->Error
2026-08-02 18:17:07.385646 [INFO] evse_manager:Ev  :: EVSE IEC Set PWM Off
2026-08-02 18:17:11.313910 [INFO] auth:Auth        :: Authorization timeout for evse#0
2026-08-02 18:17:11.629455 [INFO] evse_manager:Ev  :: EVSE IEC Session Finished
2026-08-02 18:17:11.630507 [INFO] evse_manager:Ev  :: SYS  Session logging stopped.
2026-08-02 18:18:18.457243 [INFO] iso15118_charge  :: Incoming connection on eth0 from [a00:da96:0:0:fe80::]:55958
2026-08-02 18:18:18.458971 [INFO] iso15118_charge  :: Started new TCP connection thread
2026-08-02 18:18:18.459270 [INFO] iso15118_charge  :: Handling SupportedAppProtocolReq
2026-08-02 18:18:18.463295 [INFO] iso15118_charge  :: Protocol negotiation was successful. Selected protocol is ISO15118
2026-08-02 18:18:18.473453 [INFO] iso15118_charge  :: SessionSetupReq.EVCCID: AB:CD:EF:01:02:03
2026-08-02 18:18:18.473665 [INFO] iso15118_charge  :: No session_id found or not equal to the id from the preceding v2g session. Generating random session id.
2026-08-02 18:18:18.473771 [INFO] iso15118_charge  :: Created new session with id 0x16968261566908476828
2026-08-02 18:18:18.681589 [INFO] iso15118_charge  :: SelectedPaymentOption: ExternalPayment
2026-08-02 18:18:18.875501 [CRIT] manager         int boot(const boost::program_options::variables_map&) :: Module iso15118_charger (pid: 1263) exited with status: 139. Terminating all modules.
2026-08-02 18:18:18.879516 [INFO] manager          :: SIGTERM of child: api (pid: 1236) succeeded.
2026-08-02 18:18:18.879942 [INFO] manager          :: SIGTERM of child: auth (pid: 1239) succeeded.
2026-08-02 18:18:18.880873 [INFO] manager          :: SIGTERM of child: car_simulator (pid: 1242) succeeded.
2026-08-02 18:18:18.880974 [INFO] manager          :: SIGTERM of child: energy_manager (pid: 1245) succeeded.
2026-08-02 18:18:18.881080 [INFO] manager          :: SIGTERM of child: evse_manager (pid: 1248) succeeded.
2026-08-02 18:18:18.881665 [INFO] manager          :: SIGTERM of child: evse_security (pid: 1251) succeeded.
2026-08-02 18:18:18.881813 [INFO] manager          :: SIGTERM of child: grid_connection_point (pid: 1254) succeeded.
2026-08-02 18:18:18.883769 [INFO] manager          :: SIGTERM of child: imd (pid: 1257) succeeded.
2026-08-02 18:18:18.883880 [INFO] manager          :: SIGTERM of child: iso15118_car (pid: 1260) succeeded.
2026-08-02 18:18:18.883974 [INFO] manager          :: SIGTERM of child: powersupply_dc (pid: 1266) succeeded.
2026-08-02 18:18:18.884063 [INFO] manager          :: SIGTERM of child: slac (pid: 1269) succeeded.
2026-08-02 18:18:18.884148 [INFO] manager          :: SIGTERM of child: token_provider (pid: 1272) succeeded.
2026-08-02 18:18:18.884230 [INFO] manager          :: SIGTERM of child: token_validator (pid: 1275) succeeded.
2026-08-02 18:18:18.884313 [INFO] manager          :: SIGTERM of child: yeti_driver (pid: 1278) succeeded.
2026-08-02 18:18:18.884435 [CRIT] manager         int boot(const boost::program_options::variables_map&) :: Exiting manager.
