# Frames as recorded, per direction. Ordering within a direction is real;
# the two directions are not interleaved, because the recording has no timestamps.

## EV -> station: 1748 byte(s), 60 frame(s)
[0] SupportedAppProtocolReq payloadType=0x8001 bytes=45
    01fe8001000000258000f3ab9371d34b9b79d39ba321d34b9b79d189a98989c1d1699181d22218010000040040
[1] SessionSetupReq payloadType=0x8002 bytes=33
    01fe800200000019808c04000000000000000009cf4d1d30620422ab21a1981880
[2] AuthorizationSetupReq payloadType=0x8002 bytes=25
    01fe8002000000118008041a29973f3752613609cf4d1d3062
[3] AuthorizationReq payloadType=0x8002 bytes=26
    01fe8002000000128000041a29973f3752613609df4d1d306200
[4] ServiceDiscoveryReq payloadType=0x8002 bytes=26
    01fe800200000012807c041a29973f3752613609df4d1d306280
[5] ServiceDetailReq payloadType=0x8002 bytes=27
    01fe8002000000138074041a29973f3752613609df4d1d30620300
[6] ServiceSelectionReq payloadType=0x8002 bytes=29
    01fe8002000000158084041a29973f3752613609df4d1d306201800080
[7] DC_ChargeParameterDiscoveryReq payloadType=0x8004 bytes=63
    01fe800400000037803c041a29973f3752613609df4d1d3062081088270400000200320041000000800f403040019028040844138200000100190020800000
[8] ScheduleExchangeReq payloadType=0x8002 bytes=42
    01fe800200000022806c041a29973f3752613609df4d1d30620000901c03c14020c07810607808300a20
[9] DC_CableCheckReq payloadType=0x8004 bytes=25
    01fe800400000011802c041a29973f3752613609df4d1d3062
[10] DC_CableCheckReq payloadType=0x8004 bytes=25
    01fe800400000011802c041a29973f3752613609df4d1d3062
[11] DC_CableCheckReq payloadType=0x8004 bytes=25
    01fe800400000011802c041a29973f3752613609df4d1d3062
[12] DC_CableCheckReq payloadType=0x8004 bytes=25
    01fe800400000011802c041a29973f3752613609ef4d1d3062
[13] DC_CableCheckReq payloadType=0x8004 bytes=25
    01fe800400000011802c041a29973f3752613609ef4d1d3062
[14] DC_CableCheckReq payloadType=0x8004 bytes=25
    01fe800400000011802c041a29973f3752613609ef4d1d3062
[15] DC_CableCheckReq payloadType=0x8004 bytes=25
    01fe800400000011802c041a29973f3752613609ef4d1d3062
[16] DC_CableCheckReq payloadType=0x8004 bytes=25
    01fe800400000011802c041a29973f3752613609ef4d1d3062
[17] DC_CableCheckReq payloadType=0x8004 bytes=25
    01fe800400000011802c041a29973f3752613609ef4d1d3062
[18] DC_CableCheckReq payloadType=0x8004 bytes=25
    01fe800400000011802c041a29973f3752613609ef4d1d3062
[19] DC_CableCheckReq payloadType=0x8004 bytes=25
    01fe800400000011802c041a29973f3752613609ef4d1d3062
[20] DC_CableCheckReq payloadType=0x8004 bytes=25
    01fe800400000011802c041a29973f3752613609ef4d1d3062
[21] DC_CableCheckReq payloadType=0x8004 bytes=25
    01fe800400000011802c041a29973f3752613609ef4d1d3062
[22] DC_CableCheckReq payloadType=0x8004 bytes=25
    01fe800400000011802c041a29973f3752613609ff4d1d3062
[23] DC_CableCheckReq payloadType=0x8004 bytes=25
    01fe800400000011802c041a29973f3752613609ff4d1d3062
[24] DC_CableCheckReq payloadType=0x8004 bytes=25
    01fe800400000011802c041a29973f3752613609ff4d1d3062
[25] DC_CableCheckReq payloadType=0x8004 bytes=25
    01fe800400000011802c041a29973f3752613609ff4d1d3062
[26] DC_CableCheckReq payloadType=0x8004 bytes=25
    01fe800400000011802c041a29973f3752613609ff4d1d3062
[27] DC_CableCheckReq payloadType=0x8004 bytes=25
    01fe800400000011802c041a29973f3752613609ff4d1d3062
[28] DC_CableCheckReq payloadType=0x8004 bytes=25
    01fe800400000011802c041a29973f3752613609ff4d1d3062
[29] DC_CableCheckReq payloadType=0x8004 bytes=25
    01fe800400000011802c041a29973f3752613609ff4d1d3062
[30] DC_CableCheckReq payloadType=0x8004 bytes=25
    01fe800400000011802c041a29973f3752613609ff4d1d3062
[31] DC_CableCheckReq payloadType=0x8004 bytes=25
    01fe800400000011802c041a29973f3752613609ff4d1d3062
[32] DC_CableCheckReq payloadType=0x8004 bytes=25
    01fe800400000011802c041a29973f375261360a0f4d1d3062
[33] DC_CableCheckReq payloadType=0x8004 bytes=25
    01fe800400000011802c041a29973f375261360a0f4d1d3062
[34] DC_CableCheckReq payloadType=0x8004 bytes=25
    01fe800400000011802c041a29973f375261360a0f4d1d3062
[35] DC_CableCheckReq payloadType=0x8004 bytes=25
    01fe800400000011802c041a29973f375261360a0f4d1d3062
[36] DC_CableCheckReq payloadType=0x8004 bytes=25
    01fe800400000011802c041a29973f375261360a0f4d1d3062
[37] DC_CableCheckReq payloadType=0x8004 bytes=25
    01fe800400000011802c041a29973f375261360a0f4d1d3062
[38] DC_CableCheckReq payloadType=0x8004 bytes=25
    01fe800400000011802c041a29973f375261360a0f4d1d3062
[39] DC_CableCheckReq payloadType=0x8004 bytes=25
    01fe800400000011802c041a29973f375261360a0f4d1d3062
[40] DC_CableCheckReq payloadType=0x8004 bytes=25
    01fe800400000011802c041a29973f375261360a0f4d1d3062
[41] DC_CableCheckReq payloadType=0x8004 bytes=25
    01fe800400000011802c041a29973f375261360a0f4d1d3062
[42] DC_CableCheckReq payloadType=0x8004 bytes=25
    01fe800400000011802c041a29973f375261360a1f4d1d3062
[43] DC_CableCheckReq payloadType=0x8004 bytes=25
    01fe800400000011802c041a29973f375261360a1f4d1d3062
[44] DC_CableCheckReq payloadType=0x8004 bytes=25
    01fe800400000011802c041a29973f375261360a1f4d1d3062
[45] DC_CableCheckReq payloadType=0x8004 bytes=25
    01fe800400000011802c041a29973f375261360a1f4d1d3062
[46] DC_CableCheckReq payloadType=0x8004 bytes=25
    01fe800400000011802c041a29973f375261360a1f4d1d3062
[47] DC_CableCheckReq payloadType=0x8004 bytes=25
    01fe800400000011802c041a29973f375261360a1f4d1d3062
[48] DC_CableCheckReq payloadType=0x8004 bytes=25
    01fe800400000011802c041a29973f375261360a1f4d1d3062
[49] DC_CableCheckReq payloadType=0x8004 bytes=25
    01fe800400000011802c041a29973f375261360a1f4d1d3062
[50] DC_CableCheckReq payloadType=0x8004 bytes=25
    01fe800400000011802c041a29973f375261360a1f4d1d3062
[51] DC_CableCheckReq payloadType=0x8004 bytes=25
    01fe800400000011802c041a29973f375261360a1f4d1d3062
[52] DC_PreChargeReq payloadType=0x8004 bytes=33
    01fe8004000000198044041a29973f375261360a1f4d1d30620100000080090030
[53] PowerDeliveryReq payloadType=0x8002 bytes=35
    01fe80020000001b8054041a29973f375261360a2f4d1d30620000000480e041805124
[54] DC_ChargeLoopReq payloadType=0x8004 bytes=70
    01fe80040000003e8034041a29973f375261360a2f4d1d306281001200601203810603c08303c041805020c0c810600208007d04007a0182003200410606408300104003e900
[55] DC_ChargeLoopReq payloadType=0x8004 bytes=70
    01fe80040000003e8034041a29973f375261360a2f4d1d306281001200601203810603c08303c041805020c0c810600208007d04007a0182003200410606408300104003e900
[56] DC_ChargeLoopReq payloadType=0x8004 bytes=70
    01fe80040000003e8034041a29973f375261360a2f4d1d306281001200601203810603c08303c041805020c0c810600208007d04007a0182003200410606408300104003e900
[57] PowerDeliveryReq payloadType=0x8002 bytes=27
    01fe8002000000138054041a29973f375261360a2f4d1d30620140
[58] DC_WeldingDetectionReq payloadType=0x8004 bytes=26
    01fe800400000012804c041a29973f375261360a2f4d1d306200
[59] SessionStopReq payloadType=0x8002 bytes=26
    01fe8002000000128094041a29973f375261360a2f4d1d306228

## station -> EV: 1978 byte(s), 60 frame(s)
[0] SupportedAppProtocolRes (OK_SuccessfulNegotiation) payloadType=0x8001 bytes=12
    01fe80010000000480400040
[1] SessionSetupRes (OK_NewSessionEstablished) payloadType=0x8002 bytes=43
    01fe8002000000238090041a29973f3752613609cf4d1d3062040451114a9413960a914c4c8ccd0d4a8c40
[2] AuthorizationSetupRes (OK) payloadType=0x8002 bytes=28
    01fe800200000014800c041a29973f3752613609cf4d1d3062000400
[3] AuthorizationRes (OK) payloadType=0x8002 bytes=27
    01fe8002000000138004041a29973f3752613609df4d1d30620000
[4] ServiceDiscoveryRes (OK) payloadType=0x8002 bytes=32
    01fe8002000000188080041a29973f3752613609df4d1d306200000200018050
[5] ServiceDetailRes (OK) payloadType=0x8002 bytes=205
    01fe8002000000c58078041a29973f3752613609df4d1d30620001800002d0dbdb9b9958dd1bdc980400d436f6e74726f6c4d6f6465601004d35bd89a5b1a5d1e539959591cd35bd919580200950726963696e6760000310941510da185b9b995b180200f47656e657261746f724d6f6465600880080b436f6e6e6563746f7260100350dbdb9d1c9bdb135bd91958020134d6f62696c6974794e656564734d6f6465600802541c9a58da5b99d80000c4250544368616e6e656c600803d1d95b995c985d1bdc935bd9195802280
[6] ServiceSelectionRes (OK) payloadType=0x8002 bytes=27
    01fe8002000000138088041a29973f3752613609df4d1d30620000
[7] DC_ChargeParameterDiscoveryRes (OK) payloadType=0x8004 bytes=68
    01fe80040000003c8040041a29973f3752613609df4d1d30620004106e0581fc3403c0fe1a01e07d0e80703f8542301fc3403c4820dc0b03f8680781fc3403c0fa1d00e0
[8] ScheduleExchangeRes (OK) payloadType=0x8002 bytes=28
    01fe8002000000148070041a29973f3752613609df4d1d3062000340
[9] DC_CableCheckRes (OK) payloadType=0x8004 bytes=27
    01fe8004000000138030041a29973f3752613609df4d1d30620010
[10] DC_CableCheckRes (OK) payloadType=0x8004 bytes=27
    01fe8004000000138030041a29973f3752613609df4d1d30620010
[11] DC_CableCheckRes (OK) payloadType=0x8004 bytes=27
    01fe8004000000138030041a29973f3752613609df4d1d30620010
[12] DC_CableCheckRes (OK) payloadType=0x8004 bytes=27
    01fe8004000000138030041a29973f3752613609ef4d1d30620010
[13] DC_CableCheckRes (OK) payloadType=0x8004 bytes=27
    01fe8004000000138030041a29973f3752613609ef4d1d30620010
[14] DC_CableCheckRes (OK) payloadType=0x8004 bytes=27
    01fe8004000000138030041a29973f3752613609ef4d1d30620010
[15] DC_CableCheckRes (OK) payloadType=0x8004 bytes=27
    01fe8004000000138030041a29973f3752613609ef4d1d30620010
[16] DC_CableCheckRes (OK) payloadType=0x8004 bytes=27
    01fe8004000000138030041a29973f3752613609ef4d1d30620010
[17] DC_CableCheckRes (OK) payloadType=0x8004 bytes=27
    01fe8004000000138030041a29973f3752613609ef4d1d30620010
[18] DC_CableCheckRes (OK) payloadType=0x8004 bytes=27
    01fe8004000000138030041a29973f3752613609ef4d1d30620010
[19] DC_CableCheckRes (OK) payloadType=0x8004 bytes=27
    01fe8004000000138030041a29973f3752613609ef4d1d30620010
[20] DC_CableCheckRes (OK) payloadType=0x8004 bytes=27
    01fe8004000000138030041a29973f3752613609ef4d1d30620010
[21] DC_CableCheckRes (OK) payloadType=0x8004 bytes=27
    01fe8004000000138030041a29973f3752613609ef4d1d30620010
[22] DC_CableCheckRes (OK) payloadType=0x8004 bytes=27
    01fe8004000000138030041a29973f3752613609ff4d1d30620010
[23] DC_CableCheckRes (OK) payloadType=0x8004 bytes=27
    01fe8004000000138030041a29973f3752613609ff4d1d30620010
[24] DC_CableCheckRes (OK) payloadType=0x8004 bytes=27
    01fe8004000000138030041a29973f3752613609ff4d1d30620010
[25] DC_CableCheckRes (OK) payloadType=0x8004 bytes=27
    01fe8004000000138030041a29973f3752613609ff4d1d30620010
[26] DC_CableCheckRes (OK) payloadType=0x8004 bytes=27
    01fe8004000000138030041a29973f3752613609ff4d1d30620010
[27] DC_CableCheckRes (OK) payloadType=0x8004 bytes=27
    01fe8004000000138030041a29973f3752613609ff4d1d30620010
[28] DC_CableCheckRes (OK) payloadType=0x8004 bytes=27
    01fe8004000000138030041a29973f3752613609ff4d1d30620010
[29] DC_CableCheckRes (OK) payloadType=0x8004 bytes=27
    01fe8004000000138030041a29973f3752613609ff4d1d30620010
[30] DC_CableCheckRes (OK) payloadType=0x8004 bytes=27
    01fe8004000000138030041a29973f3752613609ff4d1d30620010
[31] DC_CableCheckRes (OK) payloadType=0x8004 bytes=27
    01fe8004000000138030041a29973f3752613609ff4d1d30620010
[32] DC_CableCheckRes (OK) payloadType=0x8004 bytes=27
    01fe8004000000138030041a29973f375261360a0f4d1d30620010
[33] DC_CableCheckRes (OK) payloadType=0x8004 bytes=27
    01fe8004000000138030041a29973f375261360a0f4d1d30620010
[34] DC_CableCheckRes (OK) payloadType=0x8004 bytes=27
    01fe8004000000138030041a29973f375261360a0f4d1d30620010
[35] DC_CableCheckRes (OK) payloadType=0x8004 bytes=27
    01fe8004000000138030041a29973f375261360a0f4d1d30620010
[36] DC_CableCheckRes (OK) payloadType=0x8004 bytes=27
    01fe8004000000138030041a29973f375261360a0f4d1d30620010
[37] DC_CableCheckRes (OK) payloadType=0x8004 bytes=27
    01fe8004000000138030041a29973f375261360a0f4d1d30620010
[38] DC_CableCheckRes (OK) payloadType=0x8004 bytes=27
    01fe8004000000138030041a29973f375261360a0f4d1d30620010
[39] DC_CableCheckRes (OK) payloadType=0x8004 bytes=27
    01fe8004000000138030041a29973f375261360a0f4d1d30620010
[40] DC_CableCheckRes (OK) payloadType=0x8004 bytes=27
    01fe8004000000138030041a29973f375261360a0f4d1d30620010
[41] DC_CableCheckRes (OK) payloadType=0x8004 bytes=27
    01fe8004000000138030041a29973f375261360a0f4d1d30620010
[42] DC_CableCheckRes (OK) payloadType=0x8004 bytes=27
    01fe8004000000138030041a29973f375261360a1f4d1d30620010
[43] DC_CableCheckRes (OK) payloadType=0x8004 bytes=27
    01fe8004000000138030041a29973f375261360a1f4d1d30620010
[44] DC_CableCheckRes (OK) payloadType=0x8004 bytes=27
    01fe8004000000138030041a29973f375261360a1f4d1d30620010
[45] DC_CableCheckRes (OK) payloadType=0x8004 bytes=27
    01fe8004000000138030041a29973f375261360a1f4d1d30620010
[46] DC_CableCheckRes (OK) payloadType=0x8004 bytes=27
    01fe8004000000138030041a29973f375261360a1f4d1d30620010
[47] DC_CableCheckRes (OK) payloadType=0x8004 bytes=27
    01fe8004000000138030041a29973f375261360a1f4d1d30620010
[48] DC_CableCheckRes (OK) payloadType=0x8004 bytes=27
    01fe8004000000138030041a29973f375261360a1f4d1d30620010
[49] DC_CableCheckRes (OK) payloadType=0x8004 bytes=27
    01fe8004000000138030041a29973f375261360a1f4d1d30620010
[50] DC_CableCheckRes (OK) payloadType=0x8004 bytes=27
    01fe8004000000138030041a29973f375261360a1f4d1d30620010
[51] DC_CableCheckRes (OK) payloadType=0x8004 bytes=27
    01fe8004000000138030041a29973f375261360a1f4d1d30620000
[52] DC_PreChargeRes (OK) payloadType=0x8004 bytes=30
    01fe8004000000168048041a29973f375261360a1f4d1d30620010000000
[53] PowerDeliveryRes (OK) payloadType=0x8002 bytes=27
    01fe8002000000138058041a29973f375261360a2f4d1d30620040
[54] DC_ChargeLoopRes (OK) payloadType=0x8004 bytes=68
    01fe80040000003c8038041a29973f375261360a2f4d1d306200640000020000000010810a01103f8680781fc3403c0fe1508c0820dc0b03f8680781fc3403c0fe1a01e0
[55] DC_ChargeLoopRes (OK) payloadType=0x8004 bytes=68
    01fe80040000003c8038041a29973f375261360a2f4d1d306200640000020000000010810a01103f8680781fc3403c0fe1508c0820dc0b03f8680781fc3403c0fe1a01e0
[56] DC_ChargeLoopRes (OK) payloadType=0x8004 bytes=70
    01fe80040000003e8038041a29973f375261360a2f4d1d30620063e85f8e81fc2209c00010810a01103f8680781fc3403c0fe1508c0820dc0b03f8680781fc3403c0fe1a01e0
[57] PowerDeliveryRes (OK) payloadType=0x8002 bytes=27
    01fe8002000000138058041a29973f375261360a2f4d1d30620040
[58] DC_WeldingDetectionRes (OK) payloadType=0x8004 bytes=30
    01fe8004000000168050041a29973f375261360a2f4d1d30620010000000
[59] SessionStopRes (OK) payloadType=0x8002 bytes=27
    01fe8002000000138098041a29973f375261360a2f4d1d30620000
