2026-08-06 14:12:45.645778 [INFO] manager          ::   ________      __                _   
2026-08-06 14:12:45.645911 [INFO] manager          ::  |  ____\ \    / /               | |
2026-08-06 14:12:45.645920 [INFO] manager          ::  | |__   \ \  / /__ _ __ ___  ___| |_
2026-08-06 14:12:45.645926 [INFO] manager          ::  |  __|   \ \/ / _ \ '__/ _ \/ __| __|
2026-08-06 14:12:45.645932 [INFO] manager          ::  | |____   \  /  __/ | |  __/\__ \ |_
2026-08-06 14:12:45.645937 [INFO] manager          ::  |______|   \/ \___|_|  \___||___/\__|
2026-08-06 14:12:45.645942 [INFO] manager          :: 
2026-08-06 14:12:45.645948 [INFO] manager          :: everest-framework 0.25.0-dev 2026.02.1
2026-08-06 14:12:45.645954 [INFO] manager          :: everest-core 2026.02.1-dev 2026.02.1
2026-08-06 14:12:45.645959 [INFO] manager          :: 
2026-08-06 14:12:45.645965 [INFO] manager          :: Using MQTT broker localhost:1883
2026-08-06 14:12:45.664158 [INFO] manager          :: Boot mode is set to YamlFile, loading module configs from YAML file
2026-08-06 14:12:45.664193 [INFO] manager          :: Loading config file at: /home/ahzf/everest/configs-ours/config-ac20-ours.yaml
2026-08-06 14:12:45.774216 [INFO] manager          :: Config loading completed in 128ms
2026-08-06 14:12:45.776018 [INFO] manager          :: Starting 15 modules
2026-08-06 14:12:47.765446 [INFO] api_sink:Energy  :: Module api_sink initialized [1970ms]
2026-08-06 14:12:47.766877 [INFO] energy_manager:  :: Module energy_manager initialized [1968ms]
2026-08-06 14:12:47.767129 [INFO] connector_1_pow  :: Module connector_1_powerpath initialized [1968ms]
2026-08-06 14:12:47.768326 [INFO] auth:Auth        :: Module auth initialized [1970ms]
2026-08-06 14:12:47.770724 [INFO] api:API          :: Module api initialized [1974ms]
2026-08-06 14:12:47.785542 [INFO] grid_connection  :: Module grid_connection_point initialized [1979ms]
2026-08-06 14:12:47.805521 [INFO] token_validator  :: Module token_validator initialized [1993ms]
2026-08-06 14:12:47.806734 [INFO] token_provider:  :: Module token_provider initialized [1996ms]2026-08-06 14:12:47.806779 [INFO] evse_security:E  :: Module evse_security initialized [2000ms]

2026-08-06 14:12:47.807962 [INFO] error_history:E  :: Using database at "/tmp/error_history.db"
2026-08-06 14:12:47.808124 [INFO] error_history:E  :: Checking database
2026-08-06 14:12:47.809104 [INFO] slac:SlacSimula  :: Module slac initialized [2000ms]
2026-08-06 14:12:47.809251 [INFO] error_history:E  :: Module error_history initialized [2009ms]
2026-08-06 14:12:47.810212 [INFO] ev_manager:EvMa  :: Module ev_manager initialized [2006ms]
2026-08-06 14:12:47.810823 [INFO] iso15118_charge  :: Module iso15118_charger initialized [1998ms]
2026-08-06 14:12:47.820736 [INFO] evse_manager:Ev  :: Module evse_manager initialized [2014ms]
2026-08-06 14:12:48.158951 [INFO] iso15118_car     :: Module iso15118_car initialized [1988ms]
2026-08-06 14:12:48.202345 [INFO] manager          :: Clearing retained topics published by manager during startup
2026-08-06 14:12:48.203580 [INFO] manager          :: 🚙🚙🚙 All modules are initialized. EVerest up and running [2563ms] 🚙🚙🚙
2026-08-06 14:12:48.382559 [WARN] auth:Auth       void module::ReservationHandler::load_reservations() :: Can not load reservations because no storage was configured.
2026-08-06 14:12:48.606220 [INFO] evse_security:E  :: Requesting leaf certificate info: V2G
2026-08-06 14:12:48.609566 [INFO] evse_security:E  :: Found valid leaf: ["/home/ahzf/everest/dist/etc/everest/certs/client/cso/CPO_CERT_CHAIN.pem"]
2026-08-06 14:12:48.609605 [INFO] evse_security:E  :: Not requiring all valid leafs, returning
2026-08-06 14:12:48.658469 [INFO] evse_security:E  :: Requesting certificate file: [V2G] file:"/home/ahzf/everest/dist/etc/everest/certs/ca/v2g/V2G_ROOT_CA.pem"
2026-08-06 14:12:48.694139 [INFO] evse_manager:Ev  :: AC HLC mode enabled.
2026-08-06 14:12:48.702447 [INFO] evse_security:E  :: Requesting certificate file: [MO] file:"/home/ahzf/everest/dist/etc/everest/certs/ca/mo/MO_ROOT_CA.pem"
2026-08-06 14:12:48.738254 [INFO] evse_manager:Ev  :: Ignoring BSP Event, BSP is not enabled yet.
2026-08-06 14:12:48.738486 [INFO] iso15118_charge  :: Using ethernet interface: eth0
2026-08-06 14:12:48.738532 [INFO] iso15118_charge  :: Starting SDP server with address: ::
2026-08-06 14:12:48.826364 [INFO] evse_manager:Ev  :: Cleaning up any other transaction on start up
2026-08-06 14:12:49.003378 [INFO] evse_manager:Ev  :: 🌀🌀🌀 Ready to start charging 🌀🌀🌀
2026-08-06 14:13:20.454032 [INFO] ev_manager:EvMa  :: Finished simulation.
2026-08-06 14:13:27.154186 [INFO] connector_1_pow  :: Lock connector
2026-08-06 14:13:27.290797 [INFO] evse_manager:Ev  :: SYS  Session logging started.
2026-08-06 14:13:27.290950 [INFO] evse_manager:Ev  :: EVSE IEC Session Started: EVConnected
2026-08-06 14:13:27.292152 [INFO] auth:Auth        :: Plug In event for evse#1, starting auth
2026-08-06 14:13:27.292141 [INFO] token_provider:  :: Publishing new dummy token: {
    "authorization_type": "RFID",
    "id_token": {
        "type": "ISO14443",
        "value": "[redacted] hash: 29F2679CA504908"
    },
    "parent_id_token": {
        "type": "ISO14443",
        "value": "[redacted] hash: 29F2679CA504908"
    }
}
2026-08-06 14:13:27.293009 [INFO] auth:Auth        :: Received new token: {
    "authorization_type": "RFID",
    "id_token": {
        "type": "ISO14443",
        "value": "[redacted] hash: 29F2679CA504908"
    },
    "parent_id_token": {
        "type": "ISO14443",
        "value": "[redacted] hash: 29F2679CA504908"
    }
}
2026-08-06 14:13:27.334548 [INFO] token_validator  :: Got validation request for token: [redacted] hash: 29F2679CA504908
2026-08-06 14:13:27.584772 [INFO] token_validator  :: Returning validation status: Accepted
2026-08-06 14:13:27.585909 [INFO] auth:Auth        :: Providing authorization to evse#1
2026-08-06 14:13:27.630746 [INFO] evse_manager:Ev  :: EVSE IEC EIM Authorization received
2026-08-06 14:13:27.631764 [INFO] auth:Auth        :: Result for token: [redacted] hash: 29F2679CA504908: USED_TO_START_TRANSACTION
2026-08-06 14:13:27.718286 [INFO] evse_manager:Ev  :: EVSE IEC Transaction Started (0 kWh)
2026-08-06 14:13:27.718768 [INFO] evse_manager:Ev  :: EVSE IEC AC mode, HLC enabled(X1), matching already started. We are in X1 so we can go directly to nominal PWM.
2026-08-06 14:13:27.718875 [INFO] evse_manager:Ev  :: EVSE IEC Charger state: Wait for Auth->PrepareCharging
2026-08-06 14:13:27.719306 [INFO] evse_manager:Ev  :: EVSE IEC Set PWM On (53.3%) took 0 ms
2026-08-06 14:13:29.266369 [INFO] evse_manager:Ev  :: EVSE ISO SLAC MATCHED
2026-08-06 14:13:29.266388 [INFO] evse_manager:Ev  :: EVSE ISO D-LINK_READY (true)
2026-08-06 14:13:29.873361 [INFO] evse_manager:Ev  ::                                     CAR IEC Event CarRequestedPower
2026-08-06 14:13:29.873518 [INFO] evse_manager:Ev  :: EVSE IEC Charger state: PrepareCharging->Charging
2026-08-06 14:13:30.125529 [INFO] evse_manager:Ev  :: EVSE IEC Event PowerOn
2026-08-06 14:13:45.206463 [INFO] iso15118_charge  :: Got SDP request from fe80::215:5dff:fe79:69ca%eth0
2026-08-06 14:13:45.206791 [INFO] iso15118_charge  :: Created logfile at: /home/ahzf/everest/dist/./260806_12-13-45.yaml
2026-08-06 14:14:00.901888 [INFO] iso15118_charge  :: Incoming connection from [fe80::215:5dff:fe79:69ca%eth0]:48032
2026-08-06 14:14:00.907620 [INFO] evse_manager:Ev  ::                                     CAR ISO V2G SupportedAppProtocolReq
2026-08-06 14:14:00.916390 [INFO] iso15118_charge  :: Received session setup with evccid: EVCC01
2026-08-06 14:14:00.916754 [INFO] iso15118_charge  :: New session created with session_id: 0xC8, 0x11, 0x29, 0x93, 0xFD, 0x13, 0x66, 0x3B
2026-08-06 14:14:00.950415 [INFO] evse_manager:Ev  :: EVSE ISO V2G SupportedAppProtocolRes
2026-08-06 14:14:00.950714 [INFO] evse_manager:Ev  ::                                     CAR ISO V2G SessionSetupReq
2026-08-06 14:14:01.013826 [INFO] iso15118_charge  :: Timestamp: 1786018441
2026-08-06 14:14:01.082178 [INFO] evse_manager:Ev  :: EVSE ISO V2G SessionSetupRes
2026-08-06 14:14:01.126429 [INFO] evse_manager:Ev  ::                                     CAR ISO V2G AuthorizationSetupReq
2026-08-06 14:14:01.126574 [INFO] evse_manager:Ev  :: EVSE ISO V2G AuthorizationSetupRes
2026-08-06 14:14:01.126689 [INFO] evse_manager:Ev  ::                                     CAR ISO V2G AuthorizationReq
2026-08-06 14:14:01.208126 [INFO] evse_manager:Ev  :: EVSE ISO V2G AuthorizationRes
2026-08-06 14:14:01.208906 [INFO] evse_manager:Ev  ::                                     CAR ISO V2G ServiceDiscoveryReq
2026-08-06 14:14:01.313265 [INFO] iso15118_charge  :: Requested info about ServiceID: 5
2026-08-06 14:14:01.338145 [INFO] evse_manager:Ev  :: EVSE ISO V2G ServiceDiscoveryRes
2026-08-06 14:14:01.338323 [INFO] evse_manager:Ev  ::                                     CAR ISO V2G ServiceDetailReq
2026-08-06 14:14:01.426230 [INFO] evse_manager:Ev  :: EVSE ISO V2G ServiceDetailRes
2026-08-06 14:14:01.426289 [INFO] evse_manager:Ev  ::                                     CAR ISO EV selected service: AC_BPT
2026-08-06 14:14:01.426491 [INFO] evse_manager:Ev  ::                                     CAR ISO V2G ServiceSelectionReq
2026-08-06 14:14:01.508302 [INFO] evse_manager:Ev  :: EVSE ISO V2G ServiceSelectionRes
2026-08-06 14:14:01.510970 [INFO] evse_manager:Ev  ::                                     CAR ISO V2G AcChargeParameterDiscoveryReq
2026-08-06 14:14:01.642183 [INFO] evse_manager:Ev  :: EVSE ISO V2G AcChargeParameterDiscoveryRes
2026-08-06 14:14:01.642387 [INFO] evse_manager:Ev  ::                                     CAR ISO V2G ScheduleExchangeReq
2026-08-06 14:14:01.708202 [INFO] evse_manager:Ev  :: EVSE ISO V2G ScheduleExchangeRes
2026-08-06 14:14:01.713004 [INFO] iso15118_charge  :: Waiting for contactor is closed
2026-08-06 14:14:01.713327 [INFO] evse_manager:Ev  ::                                     CAR ISO V2G PowerDeliveryReq
2026-08-06 14:14:01.754093 [INFO] evse_manager:Ev  ::                                     CAR ISO AC HLC Close contactor
2026-08-06 14:14:04.798275 [INFO] evse_manager:Ev  :: EVSE ISO V2G PowerDeliveryRes
2026-08-06 14:14:09.757888 [INFO] iso15118_charge  :: Closing TCP connection
2026-08-06 14:14:11.758231 [INFO] iso15118_charge  :: TCP connection closed gracefully
2026-08-06 14:14:11.758323 [INFO] iso15118_charge  :: Connection is closed
2026-08-06 14:14:11.759071 [INFO] evse_manager:Ev  :: EVSE ISO D-LINK_TERMINATE.req
2026-08-06 14:14:11.759228 [INFO] evse_manager:Ev  :: EVSE IEC Set PWM Off
2026-08-06 14:14:11.767282 [INFO] evse_manager:Ev  :: EVSE IEC Set PWM On (53.3%) took 0 ms
2026-08-06 14:14:11.767807 [INFO] evse_manager:Ev  :: EVSE ISO SLAC UNMATCHED
2026-08-06 14:14:11.810383 [INFO] evse_manager:Ev  :: EVSE ISO D-LINK_READY (false)
2026-08-06 14:15:17.282093 [INFO] ev_manager:EvMa  :: Finished simulation.
2026-08-06 14:15:17.714115 [INFO] evse_manager:Ev  ::                                     CAR IEC Event CarUnplugged
2026-08-06 14:15:17.714270 [INFO] evse_manager:Ev  :: EVSE IEC Stop in Charging: [EV unplugged]
2026-08-06 14:15:17.714329 [INFO] evse_manager:Ev  :: EVSE IEC Charger state: Charging->StoppingCharging
2026-08-06 14:15:17.714963 [INFO] connector_1_pow  :: Unlock connector
2026-08-06 14:15:17.802032 [INFO] evse_manager:Ev  :: EVSE IEC Event PowerOff
2026-08-06 14:15:17.802249 [INFO] evse_manager:Ev  :: EVSE IEC Charger state: StoppingCharging->Finished
2026-08-06 14:15:17.813892 [INFO] evse_manager:Ev  :: EVSE IEC Transaction Finished: EVDisconnected (0.204 kWh)
2026-08-06 14:15:17.946156 [INFO] evse_manager:Ev  :: EVSE IEC Session Finished
2026-08-06 14:15:17.946326 [INFO] evse_manager:Ev  :: SYS  Session logging stopped.
2026-08-06 14:15:18.038407 [INFO] evse_manager:Ev  :: All errors cleared
2026-08-06 14:15:18.038564 [INFO] evse_manager:Ev  :: All errors cleared
2026-08-06 14:15:24.654079 [INFO] connector_1_pow  :: Lock connector
2026-08-06 14:15:24.819570 [INFO] evse_manager:Ev  :: SYS  Session logging started.
2026-08-06 14:15:24.819706 [INFO] evse_manager:Ev  :: EVSE IEC Session Started: EVConnected
2026-08-06 14:15:24.820788 [INFO] auth:Auth        :: Plug In event for evse#1, starting auth
2026-08-06 14:15:24.820875 [INFO] token_provider:  :: Publishing new dummy token: {
    "authorization_type": "RFID",
    "id_token": {
        "type": "ISO14443",
        "value": "[redacted] hash: 29F2679CA504908"
    },
    "parent_id_token": {
        "type": "ISO14443",
        "value": "[redacted] hash: 29F2679CA504908"
    }
}
2026-08-06 14:15:24.821572 [INFO] auth:Auth        :: Received new token: {
    "authorization_type": "RFID",
    "id_token": {
        "type": "ISO14443",
        "value": "[redacted] hash: 29F2679CA504908"
    },
    "parent_id_token": {
        "type": "ISO14443",
        "value": "[redacted] hash: 29F2679CA504908"
    }
}
2026-08-06 14:15:24.822508 [INFO] token_validator  :: Got validation request for token: [redacted] hash: 29F2679CA504908
2026-08-06 14:15:25.072658 [INFO] token_validator  :: Returning validation status: Accepted
2026-08-06 14:15:25.073688 [INFO] auth:Auth        :: Providing authorization to evse#1
2026-08-06 14:15:25.134704 [INFO] evse_manager:Ev  :: EVSE IEC EIM Authorization received
2026-08-06 14:15:25.135567 [INFO] auth:Auth        :: Result for token: [redacted] hash: 29F2679CA504908: USED_TO_START_TRANSACTION
2026-08-06 14:15:25.226213 [INFO] evse_manager:Ev  :: EVSE IEC Transaction Started (0 kWh)
2026-08-06 14:15:25.226649 [INFO] evse_manager:Ev  :: EVSE IEC AC mode, HLC enabled(X1), matching already started. We are in X1 so we can go directly to nominal PWM.
2026-08-06 14:15:25.226829 [INFO] evse_manager:Ev  :: EVSE IEC Charger state: Wait for Auth->PrepareCharging
2026-08-06 14:15:25.227301 [INFO] evse_manager:Ev  :: EVSE IEC Set PWM On (53.3%) took 0 ms
2026-08-06 14:15:26.810332 [INFO] evse_manager:Ev  :: EVSE ISO SLAC MATCHED
2026-08-06 14:15:26.810363 [INFO] evse_manager:Ev  :: EVSE ISO D-LINK_READY (true)
2026-08-06 14:15:27.372779 [INFO] evse_manager:Ev  ::                                     CAR IEC Event CarRequestedPower
2026-08-06 14:15:27.373044 [INFO] evse_manager:Ev  :: EVSE IEC Charger state: PrepareCharging->Charging
2026-08-06 14:15:27.624272 [INFO] evse_manager:Ev  :: EVSE IEC Event PowerOn
2026-08-06 14:15:44.005306 [INFO] iso15118_charge  :: Got SDP request from fe80::215:5dff:fe79:69ca%eth0
2026-08-06 14:16:08.395868 [INFO] iso15118_charge  :: Incoming connection from [fe80::215:5dff:fe79:69ca%eth0]:43016
2026-08-06 14:16:08.401574 [INFO] evse_manager:Ev  ::                                     CAR ISO V2G SupportedAppProtocolReq
2026-08-06 14:16:08.410541 [INFO] iso15118_charge  :: Received session setup with evccid: EVCC01
2026-08-06 14:16:08.410859 [INFO] iso15118_charge  :: New session created with session_id: 0x1B, 0xF7, 0xF1, 0xF9, 0xDC, 0x63, 0x02, 0x40
2026-08-06 14:16:08.442290 [INFO] evse_manager:Ev  :: EVSE ISO V2G SupportedAppProtocolRes
2026-08-06 14:16:08.442519 [INFO] evse_manager:Ev  ::                                     CAR ISO V2G SessionSetupReq
2026-08-06 14:16:08.507685 [INFO] iso15118_charge  :: Timestamp: 1786018568
2026-08-06 14:16:08.542314 [INFO] evse_manager:Ev  :: EVSE ISO V2G SessionSetupRes
2026-08-06 14:16:08.542520 [INFO] evse_manager:Ev  ::                                     CAR ISO V2G AuthorizationSetupReq
2026-08-06 14:16:08.601925 [INFO] evse_manager:Ev  :: EVSE ISO V2G AuthorizationSetupRes
2026-08-06 14:16:08.604991 [INFO] evse_manager:Ev  ::                                     CAR ISO V2G AuthorizationReq
2026-08-06 14:16:08.702095 [INFO] evse_manager:Ev  :: EVSE ISO V2G AuthorizationRes
2026-08-06 14:16:08.702904 [INFO] evse_manager:Ev  ::                                     CAR ISO V2G ServiceDiscoveryReq
2026-08-06 14:16:08.802187 [INFO] evse_manager:Ev  :: EVSE ISO V2G ServiceDiscoveryRes
2026-08-06 14:16:08.807107 [INFO] iso15118_charge  :: Requested info about ServiceID: 5
2026-08-06 14:16:08.807577 [INFO] evse_manager:Ev  ::                                     CAR ISO V2G ServiceDetailReq
2026-08-06 14:16:08.902314 [INFO] evse_manager:Ev  :: EVSE ISO V2G ServiceDetailRes
2026-08-06 14:16:08.904823 [INFO] evse_manager:Ev  ::                                     CAR ISO V2G ServiceSelectionReq
2026-08-06 14:16:08.904823 [INFO] evse_manager:Ev  ::                                     CAR ISO EV selected service: AC_BPT
2026-08-06 14:16:09.042169 [INFO] evse_manager:Ev  :: EVSE ISO V2G ServiceSelectionRes
2026-08-06 14:16:09.042318 [INFO] evse_manager:Ev  ::                                     CAR ISO V2G AcChargeParameterDiscoveryReq
2026-08-06 14:16:09.134135 [INFO] evse_manager:Ev  :: EVSE ISO V2G AcChargeParameterDiscoveryRes
2026-08-06 14:16:09.134346 [INFO] evse_manager:Ev  ::                                     CAR ISO V2G ScheduleExchangeReq
2026-08-06 14:16:09.202437 [INFO] evse_manager:Ev  :: EVSE ISO V2G ScheduleExchangeRes
2026-08-06 14:16:09.207365 [INFO] iso15118_charge  :: Waiting for contactor is closed
2026-08-06 14:16:09.207744 [INFO] evse_manager:Ev  ::                                     CAR ISO V2G PowerDeliveryReq
2026-08-06 14:16:09.250248 [INFO] evse_manager:Ev  ::                                     CAR ISO AC HLC Close contactor
2026-08-06 14:16:12.252603 [INFO] evse_manager:Ev  :: EVSE ISO V2G PowerDeliveryRes
2026-08-06 14:16:17.252038 [INFO] iso15118_charge  :: Closing TCP connection
2026-08-06 14:16:19.252335 [INFO] iso15118_charge  :: TCP connection closed gracefully
2026-08-06 14:16:19.252410 [INFO] iso15118_charge  :: Connection is closed
2026-08-06 14:16:19.253220 [INFO] evse_manager:Ev  :: EVSE ISO D-LINK_TERMINATE.req
2026-08-06 14:16:19.253395 [INFO] evse_manager:Ev  :: EVSE IEC Set PWM Off
2026-08-06 14:16:19.298276 [INFO] evse_manager:Ev  :: EVSE IEC Set PWM On (53.3%) took 0 ms
2026-08-06 14:16:19.342229 [INFO] evse_manager:Ev  :: EVSE ISO SLAC UNMATCHED
2026-08-06 14:16:19.342246 [INFO] evse_manager:Ev  :: EVSE ISO D-LINK_READY (false)
