2026-08-06 14:09:25.261476 [INFO] manager          ::   ________      __                _   
2026-08-06 14:09:25.261616 [INFO] manager          ::  |  ____\ \    / /               | |
2026-08-06 14:09:25.261626 [INFO] manager          ::  | |__   \ \  / /__ _ __ ___  ___| |_
2026-08-06 14:09:25.261631 [INFO] manager          ::  |  __|   \ \/ / _ \ '__/ _ \/ __| __|
2026-08-06 14:09:25.261637 [INFO] manager          ::  | |____   \  /  __/ | |  __/\__ \ |_
2026-08-06 14:09:25.261697 [INFO] manager          ::  |______|   \/ \___|_|  \___||___/\__|
2026-08-06 14:09:25.261715 [INFO] manager          :: 
2026-08-06 14:09:25.261721 [INFO] manager          :: everest-framework 0.25.0-dev 2026.02.1
2026-08-06 14:09:25.261727 [INFO] manager          :: everest-core 2026.02.1-dev 2026.02.1
2026-08-06 14:09:25.261733 [INFO] manager          :: 
2026-08-06 14:09:25.261739 [INFO] manager          :: Using MQTT broker localhost:1883
2026-08-06 14:09:25.282120 [INFO] manager          :: Boot mode is set to YamlFile, loading module configs from YAML file
2026-08-06 14:09:25.282147 [INFO] manager          :: Loading config file at: /home/ahzf/everest/configs-ours/config-d20-ours.yaml
2026-08-06 14:09:25.406537 [INFO] manager          :: Config loading completed in 144ms
2026-08-06 14:09:25.408620 [INFO] manager          :: Starting 18 modules
2026-08-06 14:09:27.641201 [INFO] error_history:E  :: Using database at "/tmp/error_history.db"
2026-08-06 14:09:27.641401 [INFO] error_history:E  :: Checking database
2026-08-06 14:09:27.642665 [INFO] error_history:E  :: Module error_history initialized [2186ms]
2026-08-06 14:09:27.662919 [INFO] api_sink:Energy  :: Module api_sink initialized [2222ms]
2026-08-06 14:09:27.663368 [INFO] ev_api:EvAPI     :: Module ev_api initialized [2204ms]
2026-08-06 14:09:27.665030 [INFO] energy_manager:  :: Module energy_manager initialized [2213ms]
2026-08-06 14:09:27.666031 [INFO] auth:Auth        :: Module auth initialized [2217ms]
2026-08-06 14:09:27.666299 [INFO] api:API          :: Module api initialized [2229ms]
2026-08-06 14:09:27.685131 [INFO] ev_manager:EvMa  :: Module ev_manager initialized [2223ms]
2026-08-06 14:09:27.685866 [INFO] iso15118_charge  :: Module iso15118_charger initialized [2184ms]
2026-08-06 14:09:27.705413 [INFO] powersupply_dc:  :: Module powersupply_dc initialized [2203ms]
2026-08-06 14:09:27.706376 [INFO] imd:IMDSimulato  :: Module imd initialized [2224ms]
2026-08-06 14:09:27.707122 [INFO] grid_connection  :: Module grid_connection_point initialized [2229ms]
2026-08-06 14:09:27.708100 [INFO] evse_security:E  :: Module evse_security initialized [2229ms]
2026-08-06 14:09:27.719453 [INFO] evse_manager:Ev  :: Module evse_manager initialized [2241ms]
2026-08-06 14:09:27.726814 [INFO] slac:SlacSimula  :: Module slac initialized [2221ms]
2026-08-06 14:09:27.728032 [INFO] token_provider:  :: Module token_provider initialized [2216ms]
2026-08-06 14:09:27.728238 [INFO] yeti_driver:Yet  :: Module yeti_driver initialized [2210ms]
2026-08-06 14:09:27.728479 [INFO] token_validator  :: Module token_validator initialized [2213ms]
2026-08-06 14:09:28.240172 [INFO] iso15118_car     :: Module iso15118_car initialized [2190ms]
2026-08-06 14:09:28.240938 [INFO] manager          :: Clearing retained topics published by manager during startup
2026-08-06 14:09:28.242275 [INFO] manager          :: 🚙🚙🚙 All modules are initialized. EVerest up and running [2990ms] 🚙🚙🚙
2026-08-06 14:09:28.399154 [WARN] auth:Auth       void module::ReservationHandler::load_reservations() :: Can not load reservations because no storage was configured.
2026-08-06 14:09:28.762158 [INFO] evse_manager:Ev  :: Ignoring BSP Event, BSP is not enabled yet.
2026-08-06 14:09:28.844968 [INFO] evse_security:E  :: Requesting leaf certificate info: V2G
2026-08-06 14:09:28.849852 [INFO] evse_security:E  :: Found valid leaf: ["/home/ahzf/everest/dist/etc/everest/certs/client/cso/CPO_CERT_CHAIN.pem"]
2026-08-06 14:09:28.849924 [INFO] evse_security:E  :: Not requiring all valid leafs, returning
2026-08-06 14:09:28.894846 [INFO] evse_security:E  :: Requesting certificate file: [V2G] file:"/home/ahzf/everest/dist/etc/everest/certs/ca/v2g/V2G_ROOT_CA.pem"
2026-08-06 14:09:28.938892 [INFO] evse_security:E  :: Requesting certificate file: [MO] file:"/home/ahzf/everest/dist/etc/everest/certs/ca/mo/MO_ROOT_CA.pem"
2026-08-06 14:09:28.974514 [INFO] iso15118_charge  :: Using ethernet interface: eth0
2026-08-06 14:09:28.974595 [INFO] iso15118_charge  :: Starting SDP server with address: ::
2026-08-06 14:09:29.346262 [INFO] evse_manager:Ev  :: Cleaning up any other transaction on start up
2026-08-06 14:09:29.482999 [INFO] evse_manager:Ev  :: 🌀🌀🌀 Ready to start charging 🌀🌀🌀
2026-08-06 14:09:58.587057 [INFO] ev_manager:EvMa  :: Finished simulation.
2026-08-06 14:10:05.275305 [INFO] evse_manager:Ev  :: SYS  Session logging started.
2026-08-06 14:10:05.275465 [INFO] evse_manager:Ev  :: EVSE IEC Session Started: EVConnected
2026-08-06 14:10:05.277049 [INFO] auth:Auth        :: Plug In event for evse#1, starting auth
2026-08-06 14:10:05.276995 [INFO] token_provider:  :: Publishing new dummy token: {
    "authorization_type": "RFID",
    "id_token": {
        "type": "ISO14443",
        "value": "[redacted] hash: CE55F71752B68164"
    },
    "parent_id_token": {
        "type": "ISO14443",
        "value": "[redacted] hash: CE55F71752B68164"
    }
}
2026-08-06 14:10:05.277895 [INFO] auth:Auth        :: Received new token: {
    "authorization_type": "RFID",
    "id_token": {
        "type": "ISO14443",
        "value": "[redacted] hash: CE55F71752B68164"
    },
    "parent_id_token": {
        "type": "ISO14443",
        "value": "[redacted] hash: CE55F71752B68164"
    }
}
2026-08-06 14:10:05.322527 [INFO] token_validator  :: Got validation request for token: [redacted] hash: CE55F71752B68164
2026-08-06 14:10:05.572783 [INFO] token_validator  :: Returning validation status: Accepted
2026-08-06 14:10:05.574014 [INFO] auth:Auth        :: Providing authorization to evse#1
2026-08-06 14:10:05.777018 [INFO] evse_manager:Ev  :: EVSE IEC Set PWM On (5.0%) took 0 ms
2026-08-06 14:10:05.846895 [INFO] auth:Auth        :: Result for token: [redacted] hash: CE55F71752B68164: USED_TO_START_TRANSACTION
2026-08-06 14:10:05.891862 [INFO] evse_manager:Ev  :: EVSE IEC EIM Authorization received
2026-08-06 14:10:05.972061 [INFO] evse_manager:Ev  :: EVSE IEC Transaction Started (0 kWh)
2026-08-06 14:10:05.972447 [INFO] evse_manager:Ev  :: EVSE IEC DC mode. We are in 5percent mode so we can continue without further action.
2026-08-06 14:10:05.972649 [INFO] evse_manager:Ev  :: EVSE IEC Charger state: Wait for Auth->PrepareCharging
2026-08-06 14:10:07.334121 [INFO] evse_manager:Ev  :: EVSE ISO SLAC MATCHED
2026-08-06 14:10:07.334168 [INFO] evse_manager:Ev  :: EVSE ISO D-LINK_READY (true)
2026-08-06 14:10:07.654626 [INFO] evse_manager:Ev  ::                                     CAR IEC Event CarRequestedPower
2026-08-06 14:10:25.859032 [INFO] iso15118_charge  :: Got SDP request from fe80::215:5dff:fe79:69ca%eth0
2026-08-06 14:10:25.860168 [INFO] iso15118_charge  :: Created logfile at: /home/ahzf/everest/dist/./260806_12-10-25.yaml
2026-08-06 14:10:38.188375 [INFO] iso15118_charge  :: Incoming connection from [fe80::215:5dff:fe79:69ca%eth0]:33296
2026-08-06 14:10:38.208679 [INFO] iso15118_charge  :: Received session setup with evccid: EVCC01
2026-08-06 14:10:38.209078 [INFO] iso15118_charge  :: New session created with session_id: 0x52, 0x41, 0x9B, 0x82, 0xEE, 0xE3, 0x9D, 0x32
2026-08-06 14:10:38.218216 [INFO] evse_manager:Ev  ::                                     CAR ISO V2G SupportedAppProtocolReq
2026-08-06 14:10:38.262187 [INFO] evse_manager:Ev  :: EVSE ISO V2G SupportedAppProtocolRes
2026-08-06 14:10:38.262612 [INFO] evse_manager:Ev  ::                                     CAR ISO V2G SessionSetupReq
2026-08-06 14:10:38.306257 [INFO] evse_manager:Ev  :: EVSE ISO V2G SessionSetupRes
2026-08-06 14:10:38.307725 [INFO] iso15118_charge  :: Timestamp: 1786018238
2026-08-06 14:10:38.350026 [INFO] evse_manager:Ev  ::                                     CAR ISO V2G AuthorizationSetupReq
2026-08-06 14:10:38.398607 [INFO] evse_manager:Ev  :: EVSE ISO V2G AuthorizationSetupRes
2026-08-06 14:10:38.442194 [INFO] evse_manager:Ev  ::                                     CAR ISO V2G AuthorizationReq
2026-08-06 14:10:38.498583 [INFO] evse_manager:Ev  :: EVSE ISO V2G AuthorizationRes
2026-08-06 14:10:38.499523 [INFO] evse_manager:Ev  ::                                     CAR ISO V2G ServiceDiscoveryReq
2026-08-06 14:10:38.598728 [INFO] evse_manager:Ev  :: EVSE ISO V2G ServiceDiscoveryRes
2026-08-06 14:10:38.603898 [INFO] iso15118_charge  :: Requested info about ServiceID: 6
2026-08-06 14:10:38.604363 [INFO] evse_manager:Ev  ::                                     CAR ISO V2G ServiceDetailReq
2026-08-06 14:10:38.698878 [INFO] evse_manager:Ev  :: EVSE ISO V2G ServiceDetailRes
2026-08-06 14:10:38.700710 [INFO] iso15118_charge  :: Selected DC_BPT service parameters: control mode: Scheduled, mobility needs mode: ProvidedByEvcc
2026-08-06 14:10:38.701279 [INFO] evse_manager:Ev  ::                                     CAR ISO V2G ServiceSelectionReq
2026-08-06 14:10:38.701280 [INFO] evse_manager:Ev  ::                                     CAR ISO EV selected service: DC_BPT
2026-08-06 14:10:38.801481 [INFO] iso15118_charge  :: Max charge current 200.000000A
2026-08-06 14:10:38.801547 [INFO] iso15118_charge  :: Max discharge current 200.000000A
2026-08-06 14:10:38.810161 [INFO] evse_manager:Ev  :: Received EV maximum limits: {
    "dc_ev_maximum_current_limit": 200.0,
    "dc_ev_maximum_power_limit": 50000.0,
    "dc_ev_maximum_voltage_limit": 500.0
}
2026-08-06 14:10:38.810189 [INFO] evse_manager:Ev  :: EVSE ISO V2G ServiceSelectionRes
2026-08-06 14:10:38.810415 [INFO] evse_manager:Ev  ::                                     CAR ISO V2G DcChargeParameterDiscoveryReq
2026-08-06 14:10:38.898802 [INFO] evse_manager:Ev  :: EVSE ISO V2G DcChargeParameterDiscoveryRes
2026-08-06 14:10:38.901875 [INFO] evse_manager:Ev  ::                                     CAR ISO V2G ScheduleExchangeReq
2026-08-06 14:10:39.042074 [INFO] evse_manager:Ev  :: EVSE ISO V2G ScheduleExchangeRes
2026-08-06 14:10:39.042278 [INFO] evse_manager:Ev  ::                                     CAR ISO V2G DcCableCheckReq
2026-08-06 14:10:39.042401 [INFO] evse_manager:Ev  :: EVSE ISO Start cable check...
2026-08-06 14:10:39.042548 [INFO] evse_manager:Ev  ::                                     CAR ISO DC HLC Close contactor (in CableCheck)
2026-08-06 14:10:39.130136 [INFO] evse_manager:Ev  :: EVSE ISO V2G DcCableCheckRes
2026-08-06 14:10:39.152473 [INFO] evse_manager:Ev  ::                                     CAR ISO V2G DcCableCheckReq
2026-08-06 14:10:39.199184 [INFO] evse_manager:Ev  :: EVSE ISO V2G DcCableCheckRes
2026-08-06 14:10:39.251856 [INFO] evse_manager:Ev  ::                                     CAR ISO V2G DcCableCheckReq
2026-08-06 14:10:39.310504 [INFO] evse_manager:Ev  :: EVSE IEC Event PowerOn
2026-08-06 14:10:39.310503 [INFO] evse_manager:Ev  :: EVSE ISO V2G DcCableCheckRes
2026-08-06 14:10:39.342901 [INFO] evse_manager:Ev  :: EV reports 500 V as maximum voltage
2026-08-06 14:10:39.343009 [INFO] evse_manager:Ev  :: EVSE IEC DC power supply set: 500.00V/2.00A, requested was 500.00V/2.00A.
2026-08-06 14:10:39.386003 [INFO] evse_manager:Ev  ::                                     CAR ISO V2G DcCableCheckReq
2026-08-06 14:10:39.430059 [INFO] evse_manager:Ev  :: CableCheck: Using 500 V
2026-08-06 14:10:39.430130 [INFO] evse_manager:Ev  :: EVSE IEC DC power supply: switch ON called, ChargingPhase: CableCheck
2026-08-06 14:10:39.430141 [INFO] evse_manager:Ev  :: EVSE ISO V2G DcCableCheckRes
2026-08-06 14:10:39.431029 [INFO] powersupply_dc:  :: Set mode: Export ChargingPhase: CableCheck
2026-08-06 14:10:39.474235 [INFO] evse_manager:Ev  ::                                     CAR ISO V2G DcCableCheckReq
2026-08-06 14:10:39.499297 [INFO] evse_manager:Ev  :: EVSE ISO V2G DcCableCheckRes
2026-08-06 14:10:39.590062 [INFO] evse_manager:Ev  ::                                     CAR ISO V2G DcCableCheckReq
2026-08-06 14:10:39.599124 [INFO] evse_manager:Ev  :: EVSE ISO V2G DcCableCheckRes
2026-08-06 14:10:39.652421 [INFO] evse_manager:Ev  ::                                     CAR ISO V2G DcCableCheckReq
2026-08-06 14:10:39.699643 [INFO] evse_manager:Ev  :: EVSE ISO V2G DcCableCheckRes
2026-08-06 14:10:39.752287 [INFO] evse_manager:Ev  ::                                     CAR ISO V2G DcCableCheckReq
2026-08-06 14:10:39.810320 [INFO] evse_manager:Ev  :: CableCheck: IMD self test started.
2026-08-06 14:10:39.810327 [INFO] evse_manager:Ev  :: EVSE ISO V2G DcCableCheckRes
2026-08-06 14:10:39.854218 [INFO] evse_manager:Ev  ::                                     CAR ISO V2G DcCableCheckReq
2026-08-06 14:10:39.899432 [INFO] evse_manager:Ev  :: EVSE ISO V2G DcCableCheckRes
2026-08-06 14:10:39.952436 [INFO] evse_manager:Ev  ::                                     CAR ISO V2G DcCableCheckReq
2026-08-06 14:10:40.038123 [INFO] evse_manager:Ev  :: EVSE ISO V2G DcCableCheckRes
2026-08-06 14:10:40.094122 [INFO] evse_manager:Ev  ::                                     CAR ISO V2G DcCableCheckReq
2026-08-06 14:10:40.099736 [INFO] evse_manager:Ev  :: EVSE ISO V2G DcCableCheckRes
2026-08-06 14:10:40.152570 [INFO] evse_manager:Ev  ::                                     CAR ISO V2G DcCableCheckReq
2026-08-06 14:10:40.199836 [INFO] evse_manager:Ev  :: EVSE ISO V2G DcCableCheckRes
2026-08-06 14:10:40.252605 [INFO] evse_manager:Ev  ::                                     CAR ISO V2G DcCableCheckReq
2026-08-06 14:10:40.310245 [INFO] evse_manager:Ev  :: EVSE ISO V2G DcCableCheckRes
2026-08-06 14:10:40.386034 [INFO] evse_manager:Ev  ::                                     CAR ISO V2G DcCableCheckReq
2026-08-06 14:10:40.386916 [INFO] evse_manager:Ev  :: EVSE ISO Change HLC Limits: 22080W/200A, target_voltage 0, actual_voltage 500, bpt_active false
2026-08-06 14:10:40.430074 [INFO] evse_manager:Ev  :: EVSE ISO V2G DcCableCheckRes
2026-08-06 14:10:40.486112 [INFO] evse_manager:Ev  ::                                     CAR ISO V2G DcCableCheckReq
2026-08-06 14:10:40.530047 [INFO] evse_manager:Ev  :: EVSE ISO V2G DcCableCheckRes
2026-08-06 14:10:40.552617 [INFO] evse_manager:Ev  ::                                     CAR ISO V2G DcCableCheckReq
2026-08-06 14:10:40.600117 [INFO] evse_manager:Ev  :: EVSE ISO V2G DcCableCheckRes
2026-08-06 14:10:40.650772 [INFO] evse_manager:Ev  ::                                     CAR ISO V2G DcCableCheckReq
2026-08-06 14:10:40.700282 [INFO] evse_manager:Ev  :: EVSE ISO V2G DcCableCheckRes
2026-08-06 14:10:40.750875 [INFO] evse_manager:Ev  ::                                     CAR ISO V2G DcCableCheckReq
2026-08-06 14:10:40.810183 [INFO] evse_manager:Ev  :: EVSE ISO V2G DcCableCheckRes
2026-08-06 14:10:40.886104 [INFO] evse_manager:Ev  ::                                     CAR ISO V2G DcCableCheckReq
2026-08-06 14:10:40.900210 [INFO] evse_manager:Ev  :: EVSE ISO V2G DcCableCheckRes
2026-08-06 14:10:40.950684 [INFO] evse_manager:Ev  ::                                     CAR ISO V2G DcCableCheckReq
2026-08-06 14:10:41.038127 [INFO] evse_manager:Ev  :: EVSE ISO V2G DcCableCheckRes
2026-08-06 14:10:41.050678 [INFO] evse_manager:Ev  ::                                     CAR ISO V2G DcCableCheckReq
2026-08-06 14:10:41.100370 [INFO] evse_manager:Ev  :: EVSE ISO V2G DcCableCheckRes
2026-08-06 14:10:41.150931 [INFO] evse_manager:Ev  ::                                     CAR ISO V2G DcCableCheckReq
2026-08-06 14:10:41.200486 [INFO] evse_manager:Ev  :: EVSE ISO V2G DcCableCheckRes
2026-08-06 14:10:41.250994 [INFO] evse_manager:Ev  ::                                     CAR ISO V2G DcCableCheckReq
2026-08-06 14:10:41.314220 [INFO] evse_manager:Ev  :: EVSE ISO V2G DcCableCheckRes
2026-08-06 14:10:41.358087 [INFO] evse_manager:Ev  ::                                     CAR ISO V2G DcCableCheckReq
2026-08-06 14:10:41.400432 [INFO] evse_manager:Ev  :: EVSE ISO V2G DcCableCheckRes
2026-08-06 14:10:41.450979 [INFO] evse_manager:Ev  ::                                     CAR ISO V2G DcCableCheckReq
2026-08-06 14:10:41.538080 [INFO] evse_manager:Ev  :: EVSE ISO V2G DcCableCheckRes
2026-08-06 14:10:41.550971 [INFO] evse_manager:Ev  ::                                     CAR ISO V2G DcCableCheckReq
2026-08-06 14:10:41.600546 [INFO] evse_manager:Ev  :: EVSE ISO V2G DcCableCheckRes
2026-08-06 14:10:41.651180 [INFO] evse_manager:Ev  ::                                     CAR ISO V2G DcCableCheckReq
2026-08-06 14:10:41.700695 [INFO] evse_manager:Ev  :: EVSE ISO V2G DcCableCheckRes
2026-08-06 14:10:41.751263 [INFO] evse_manager:Ev  ::                                     CAR ISO V2G DcCableCheckReq
2026-08-06 14:10:41.818070 [INFO] evse_manager:Ev  :: EVSE ISO V2G DcCableCheckRes
2026-08-06 14:10:41.886175 [INFO] evse_manager:Ev  ::                                     CAR ISO V2G DcCableCheckReq
2026-08-06 14:10:41.900612 [INFO] evse_manager:Ev  :: EVSE ISO V2G DcCableCheckRes
2026-08-06 14:10:41.951072 [INFO] evse_manager:Ev  ::                                     CAR ISO V2G DcCableCheckReq
2026-08-06 14:10:42.042150 [INFO] evse_manager:Ev  :: EVSE ISO V2G DcCableCheckRes
2026-08-06 14:10:42.051175 [INFO] evse_manager:Ev  ::                                     CAR ISO V2G DcCableCheckReq
2026-08-06 14:10:42.102044 [INFO] evse_manager:Ev  :: EVSE ISO V2G DcCableCheckRes
2026-08-06 14:10:42.151301 [INFO] evse_manager:Ev  ::                                     CAR ISO V2G DcCableCheckReq
2026-08-06 14:10:42.200922 [INFO] evse_manager:Ev  :: EVSE ISO V2G DcCableCheckRes
2026-08-06 14:10:42.251610 [INFO] evse_manager:Ev  ::                                     CAR ISO V2G DcCableCheckReq
2026-08-06 14:10:42.358143 [INFO] evse_manager:Ev  :: EVSE ISO V2G DcCableCheckRes
2026-08-06 14:10:42.358498 [INFO] evse_manager:Ev  ::                                     CAR ISO V2G DcCableCheckReq
2026-08-06 14:10:42.400871 [INFO] evse_manager:Ev  :: EVSE ISO V2G DcCableCheckRes
2026-08-06 14:10:42.451292 [INFO] evse_manager:Ev  ::                                     CAR ISO V2G DcCableCheckReq
2026-08-06 14:10:42.500822 [INFO] evse_manager:Ev  :: EVSE ISO V2G DcCableCheckRes
2026-08-06 14:10:42.590182 [INFO] evse_manager:Ev  ::                                     CAR ISO V2G DcCableCheckReq
2026-08-06 14:10:42.638073 [INFO] evse_manager:Ev  :: EVSE ISO V2G DcCableCheckRes
2026-08-06 14:10:42.651413 [INFO] evse_manager:Ev  ::                                     CAR ISO V2G DcCableCheckReq
2026-08-06 14:10:42.701111 [INFO] evse_manager:Ev  :: EVSE ISO V2G DcCableCheckRes
2026-08-06 14:10:42.751597 [INFO] evse_manager:Ev  ::                                     CAR ISO V2G DcCableCheckReq
2026-08-06 14:10:42.818069 [INFO] evse_manager:Ev  :: EVSE IEC Isolation monitor self test result: true
2026-08-06 14:10:42.818210 [INFO] evse_manager:Ev  :: EVSE ISO V2G DcCableCheckRes
2026-08-06 14:10:42.819050 [INFO] imd:IMDSimulato  :: Started simulated isolation monitoring with 1000 ms interval
2026-08-06 14:10:42.862132 [INFO] evse_manager:Ev  :: CableCheck: Waiting for 1 isolation measurement sample(s)
2026-08-06 14:10:42.862180 [INFO] evse_manager:Ev  ::                                     CAR ISO V2G DcCableCheckReq
2026-08-06 14:10:42.906136 [INFO] evse_manager:Ev  :: EVSE ISO V2G DcCableCheckRes
2026-08-06 14:10:42.951466 [INFO] evse_manager:Ev  ::                                     CAR ISO V2G DcCableCheckReq
2026-08-06 14:10:43.038161 [INFO] evse_manager:Ev  :: EVSE ISO V2G DcCableCheckRes
2026-08-06 14:10:43.051551 [INFO] evse_manager:Ev  ::                                     CAR ISO V2G DcCableCheckReq
2026-08-06 14:10:43.106045 [INFO] evse_manager:Ev  :: EVSE ISO V2G DcCableCheckRes
2026-08-06 14:10:43.151505 [INFO] evse_manager:Ev  ::                                     CAR ISO V2G DcCableCheckReq
2026-08-06 14:10:43.201315 [INFO] evse_manager:Ev  :: EVSE ISO V2G DcCableCheckRes
2026-08-06 14:10:43.251636 [INFO] evse_manager:Ev  ::                                     CAR ISO V2G DcCableCheckReq
2026-08-06 14:10:43.314159 [INFO] evse_manager:Ev  :: EVSE ISO V2G DcCableCheckRes
2026-08-06 14:10:43.386125 [INFO] evse_manager:Ev  ::                                     CAR ISO V2G DcCableCheckReq
2026-08-06 14:10:43.401283 [INFO] evse_manager:Ev  :: EVSE ISO V2G DcCableCheckRes
2026-08-06 14:10:43.451707 [INFO] evse_manager:Ev  ::                                     CAR ISO V2G DcCableCheckReq
2026-08-06 14:10:43.501391 [INFO] evse_manager:Ev  :: EVSE ISO V2G DcCableCheckRes
2026-08-06 14:10:43.551850 [INFO] evse_manager:Ev  ::                                     CAR ISO V2G DcCableCheckReq
2026-08-06 14:10:43.606088 [INFO] evse_manager:Ev  :: EVSE ISO V2G DcCableCheckRes
2026-08-06 14:10:43.652082 [INFO] evse_manager:Ev  ::                                     CAR ISO V2G DcCableCheckReq
2026-08-06 14:10:43.701638 [INFO] evse_manager:Ev  :: EVSE ISO V2G DcCableCheckRes
2026-08-06 14:10:43.752152 [INFO] evse_manager:Ev  ::                                     CAR ISO V2G DcCableCheckReq
2026-08-06 14:10:43.814119 [INFO] evse_manager:Ev  :: EVSE ISO V2G DcCableCheckRes
2026-08-06 14:10:43.836626 [INFO] evse_manager:Ev  :: EVSE IEC Isolation measurement Ok R_F 900000.
2026-08-06 14:10:43.878267 [INFO] evse_manager:Ev  :: EVSE IEC DC power supply OFF
2026-08-06 14:10:43.879079 [INFO] powersupply_dc:  :: Set mode: Off ChargingPhase: CableCheck
2026-08-06 14:10:43.922178 [INFO] evse_manager:Ev  ::                                     CAR ISO V2G DcCableCheckReq
2026-08-06 14:10:43.922467 [INFO] evse_manager:Ev  :: EVSE ISO V2G DcCableCheckRes
2026-08-06 14:10:43.952093 [INFO] evse_manager:Ev  ::                                     CAR ISO V2G DcCableCheckReq
2026-08-06 14:10:44.038102 [INFO] evse_manager:Ev  :: EVSE ISO V2G DcCableCheckRes
2026-08-06 14:10:44.052137 [INFO] evse_manager:Ev  ::                                     CAR ISO V2G DcCableCheckReq
2026-08-06 14:10:44.110047 [INFO] evse_manager:Ev  :: EVSE ISO V2G DcCableCheckRes
2026-08-06 14:10:44.152249 [INFO] evse_manager:Ev  ::                                     CAR ISO V2G DcCableCheckReq
2026-08-06 14:10:44.201818 [INFO] evse_manager:Ev  :: EVSE ISO V2G DcCableCheckRes
2026-08-06 14:10:44.252176 [INFO] evse_manager:Ev  ::                                     CAR ISO V2G DcCableCheckReq
2026-08-06 14:10:44.272348 [INFO] evse_manager:Ev  :: CableCheck done, output is below 60V
2026-08-06 14:10:44.314141 [INFO] evse_manager:Ev  :: EVSE ISO V2G DcCableCheckRes
2026-08-06 14:10:44.386042 [INFO] evse_manager:Ev  ::                                     CAR ISO V2G DcCableCheckReq
2026-08-06 14:10:44.401990 [INFO] evse_manager:Ev  :: EVSE ISO V2G DcCableCheckRes
2026-08-06 14:10:44.402585 [INFO] evse_manager:Ev  ::                                     CAR ISO V2G DcPreChargeReq
2026-08-06 14:10:44.446208 [INFO] evse_manager:Ev  :: EVSE IEC DC power supply set: 400.00V/1.00A, requested was 400.00V/0.00A.
2026-08-06 14:10:44.490130 [INFO] evse_manager:Ev  :: EVSE IEC DC power supply: switch ON called, ChargingPhase: PreCharge
2026-08-06 14:10:44.490883 [INFO] powersupply_dc:  :: Set mode: Export ChargingPhase: PreCharge
2026-08-06 14:10:44.534136 [INFO] evse_manager:Ev  :: EVSE ISO V2G DcPreChargeRes
2026-08-06 14:10:44.534339 [INFO] evse_manager:Ev  ::                                     CAR ISO V2G PowerDeliveryReq
2026-08-06 14:10:44.622109 [INFO] evse_manager:Ev  :: EVSE IEC DC power supply: switch ON in export mode
2026-08-06 14:10:44.622109 [INFO] evse_manager:Ev  :: EVSE ISO V2G PowerDeliveryRes
2026-08-06 14:10:44.622519 [INFO] evse_manager:Ev  ::                                     CAR ISO V2G DcChargeLoopReq
2026-08-06 14:10:44.622996 [INFO] powersupply_dc:  :: Set mode: Export ChargingPhase: Charging
2026-08-06 14:10:44.623674 [INFO] evse_manager:Ev  :: EVSE IEC DC power supply set: 400.00V/1.00A, requested was 400.00V/0.00A.
2026-08-06 14:10:44.666169 [INFO] evse_manager:Ev  :: EVSE IEC DC power supply set: 400.00V/1.10A, requested was 400.00V/1.10A.
2026-08-06 14:10:44.666892 [INFO] evse_manager:Ev  :: VoltagePlausibilityMonitor, start monitoring
2026-08-06 14:10:44.667425 [INFO] evse_manager:Ev  :: EVSE ISO Change HLC Limits: 22080W/55.2A, target_voltage 400, actual_voltage 0, bpt_active false
2026-08-06 14:10:44.710180 [INFO] evse_manager:Ev  :: EVSE ISO V2G DcChargeLoopRes
2026-08-06 14:10:44.716701 [INFO] evse_manager:Ev  :: EVSE IEC Charger state: PrepareCharging->Charging
2026-08-06 14:10:44.717145 [INFO] evse_manager:Ev  :: Timing statistics (Plugin to CurrentDemand)
2026-08-06 14:10:44.717161 [INFO] evse_manager:Ev  :: -------------------------------------------
2026-08-06 14:10:44.717167 [INFO] evse_manager:Ev  :: ConnSetup | HLC_PWM_5%_ON: 605 ms | D-LINK_READY: 1586 ms | Auth EIM Done: 31020 ms | Total: 33856 ms
2026-08-06 14:10:44.717173 [INFO] evse_manager:Ev  :: CableCheck | <60V: 0 ms | Relay On: 300 ms | EVInfo: 0 ms | VRampUp: 425 ms | Self test: 3050 ms | Measure: 1018 ms | VRampDown: 435 ms | Total: 5300 ms
2026-08-06 14:10:44.717186 [INFO] evse_manager:Ev  :: PrepareCharging | Charging started: 374 ms | Total: 374 ms
2026-08-06 14:10:44.717191 [INFO] evse_manager:Ev  :: Total duration all phases: 39530 ms
2026-08-06 14:10:44.758175 [INFO] evse_manager:Ev  ::                                     CAR ISO V2G DcChargeLoopReq
2026-08-06 14:10:44.758190 [INFO] evse_manager:Ev  :: EVSE IEC DC power supply set: 400.00V/120.00A, requested was 400.00V/120.00A.
2026-08-06 14:10:44.758189 [INFO] evse_manager:Ev  :: EVSE IEC DC power supply set: 400.00V/3.40A, requested was 400.00V/3.40A.
2026-08-06 14:10:44.802251 [INFO] evse_manager:Ev  :: EVSE ISO V2G DcChargeLoopRes
2026-08-06 14:10:44.846152 [INFO] evse_manager:Ev  :: EVSE IEC Isolation measurement Ok R_F 900000.
2026-08-06 14:10:44.890166 [INFO] evse_manager:Ev  ::                                     CAR ISO V2G DcChargeLoopReq
2026-08-06 14:10:44.890357 [INFO] evse_manager:Ev  :: EVSE IEC DC power supply set: 400.00V/55.20A, requested was 400.00V/55.20A.
2026-08-06 14:10:44.891754 [WARN] evse_manager:Ev void module::EvseManager::process_dc_ev_target_voltage_current(const types::iso15118::DcEvseMaximumLimits&) :: EV ignores new EVSE max limits. Setting target current to new EVSE max limits
2026-08-06 14:10:44.934136 [INFO] evse_manager:Ev  :: EVSE ISO V2G DcChargeLoopRes
2026-08-06 14:10:44.955272 [INFO] evse_manager:Ev  :: VoltagePlausibilityMonitor, stop monitoring
2026-08-06 14:10:44.955281 [INFO] evse_manager:Ev  ::                                     CAR ISO V2G PowerDeliveryReq
2026-08-06 14:10:44.955344 [INFO] evse_manager:Ev  :: EVSE IEC DC power supply OFF
2026-08-06 14:10:44.956080 [INFO] powersupply_dc:  :: Set mode: Off ChargingPhase: Charging
2026-08-06 14:10:45.042154 [INFO] evse_manager:Ev  :: EVSE ISO V2G PowerDeliveryRes
2026-08-06 14:10:45.042773 [INFO] imd:IMDSimulato  :: Stopped simulated isolation monitoring
2026-08-06 14:10:45.086140 [INFO] evse_manager:Ev  ::                                     CAR ISO V2G DcWeldingDetectionReq
2026-08-06 14:10:45.130279 [INFO] evse_manager:Ev  :: EVSE ISO V2G DcWeldingDetectionRes
2026-08-06 14:10:45.130514 [INFO] evse_manager:Ev  ::                                     CAR ISO V2G SessionStopReq
2026-08-06 14:10:45.202628 [INFO] evse_manager:Ev  :: EVSE ISO V2G SessionStopRes
2026-08-06 14:10:49.922383 [INFO] evse_manager:Ev  :: EVSE IEC DC power supply set: 400.00V/55.20A, requested was 400.00V/55.20A.
2026-08-06 14:10:49.966113 [INFO] evse_manager:Ev  :: EVSE IEC DC power supply: switch ON called, ChargingPhase: Other
2026-08-06 14:10:49.966947 [INFO] powersupply_dc:  :: Set mode: Export ChargingPhase: Other
2026-08-06 14:10:50.001143 [WARN] evse_manager:Ev void module::EvseManager::process_dc_ev_target_voltage_current(const types::iso15118::DcEvseMaximumLimits&) :: EV ignores new EVSE max limits. Setting target current to new EVSE max limits
2026-08-06 14:10:50.202023 [INFO] iso15118_charge  :: Closing TCP connection
2026-08-06 14:10:51.137207 [INFO] evse_manager:Ev  :: EVSE ISO Change HLC Limits: 22080W/55.2A, target_voltage 400, actual_voltage 400, bpt_active false
2026-08-06 14:10:52.202338 [INFO] iso15118_charge  :: TCP connection closed gracefully
2026-08-06 14:10:52.202415 [INFO] iso15118_charge  :: Connection is closed
2026-08-06 14:10:52.203132 [INFO] evse_manager:Ev  :: EVSE ISO D-LINK_TERMINATE.req
2026-08-06 14:10:52.203265 [INFO] evse_manager:Ev  :: EVSE IEC Set PWM Off
2026-08-06 14:10:52.290227 [INFO] evse_manager:Ev  :: EVSE ISO SLAC UNMATCHED
2026-08-06 14:10:52.290299 [INFO] evse_manager:Ev  :: EVSE ISO D-LINK_READY (false)
2026-08-06 14:10:56.250423 [INFO] evse_manager:Ev  :: EVSE IEC DC power supply set: 400.00V/55.20A, requested was 400.00V/55.20A.
2026-08-06 14:10:56.294224 [WARN] evse_manager:Ev void module::EvseManager::process_dc_ev_target_voltage_current(const types::iso15118::DcEvseMaximumLimits&) :: EV ignores new EVSE max limits. Setting target current to new EVSE max limits
2026-08-06 14:10:58.247339 [WARN] evse_manager:Ev std::queue<module::CPEvent> module::IECStateMachine::state_machine(std::optional<module::RawCPState>) :: Timeout of 6 seconds reached, EV did not go back to state B after PWM was switched off. Powering off under load.
2026-08-06 14:10:58.378204 [INFO] evse_manager:Ev  :: EVSE IEC Event PowerOff
2026-08-06 14:11:01.381318 [WARN] evse_manager:Ev void module::EvseManager::process_dc_ev_target_voltage_current(const types::iso15118::DcEvseMaximumLimits&) :: EV ignores new EVSE max limits. Setting target current to new EVSE max limits
2026-08-06 14:11:36.938096 [INFO] ev_manager:EvMa  :: Finished simulation.
2026-08-06 14:11:37.375600 [INFO] evse_manager:Ev  ::                                     CAR IEC Event CarUnplugged
2026-08-06 14:11:37.375770 [INFO] evse_manager:Ev  :: EVSE IEC Stop in Charging: [EV unplugged]
2026-08-06 14:11:37.375862 [INFO] evse_manager:Ev  :: EVSE IEC Charger state: Charging->StoppingCharging
2026-08-06 14:11:37.418949 [INFO] evse_manager:Ev  :: EVSE IEC Charger state: StoppingCharging->Finished
2026-08-06 14:11:37.462389 [INFO] evse_manager:Ev  :: EVSE IEC Transaction Finished: EVDisconnected (0.292772216796875 kWh)
2026-08-06 14:11:37.462856 [INFO] evse_manager:Ev  :: EVSE IEC DC power supply OFF
2026-08-06 14:11:37.510198 [INFO] powersupply_dc:  :: Set mode: Off ChargingPhase: Other
2026-08-06 14:11:37.686190 [INFO] evse_manager:Ev  :: EVSE IEC Session Finished
2026-08-06 14:11:37.686354 [INFO] evse_manager:Ev  :: SYS  Session logging stopped.
2026-08-06 14:11:37.730331 [INFO] evse_manager:Ev  :: All errors cleared
2026-08-06 14:11:37.730466 [INFO] evse_manager:Ev  :: All errors cleared
2026-08-06 14:11:43.539937 [INFO] evse_manager:Ev  :: SYS  Session logging started.
2026-08-06 14:11:43.540076 [INFO] evse_manager:Ev  :: EVSE IEC Session Started: EVConnected
2026-08-06 14:11:43.541055 [INFO] auth:Auth        :: Plug In event for evse#1, starting auth
2026-08-06 14:11:43.541075 [INFO] token_provider:  :: Publishing new dummy token: {
    "authorization_type": "RFID",
    "id_token": {
        "type": "ISO14443",
        "value": "[redacted] hash: CE55F71752B68164"
    },
    "parent_id_token": {
        "type": "ISO14443",
        "value": "[redacted] hash: CE55F71752B68164"
    }
}
2026-08-06 14:11:43.541791 [INFO] auth:Auth        :: Received new token: {
    "authorization_type": "RFID",
    "id_token": {
        "type": "ISO14443",
        "value": "[redacted] hash: CE55F71752B68164"
    },
    "parent_id_token": {
        "type": "ISO14443",
        "value": "[redacted] hash: CE55F71752B68164"
    }
}
2026-08-06 14:11:43.542667 [INFO] token_validator  :: Got validation request for token: [redacted] hash: CE55F71752B68164
2026-08-06 14:11:43.792846 [INFO] token_validator  :: Returning validation status: Accepted
2026-08-06 14:11:43.794010 [INFO] auth:Auth        :: Providing authorization to evse#1
2026-08-06 14:11:44.040752 [INFO] evse_manager:Ev  :: EVSE IEC Set PWM On (5.0%) took 0 ms
2026-08-06 14:11:44.182299 [INFO] evse_manager:Ev  :: EVSE IEC EIM Authorization received
2026-08-06 14:11:44.183198 [INFO] auth:Auth        :: Result for token: [redacted] hash: CE55F71752B68164: USED_TO_START_TRANSACTION
2026-08-06 14:11:44.230346 [INFO] evse_manager:Ev  :: EVSE IEC Transaction Started (0.292772216796875 kWh)
2026-08-06 14:11:44.230890 [INFO] evse_manager:Ev  :: EVSE IEC DC mode. We are in 5percent mode so we can continue without further action.
2026-08-06 14:11:44.231056 [INFO] evse_manager:Ev  :: EVSE IEC Charger state: Wait for Auth->PrepareCharging
2026-08-06 14:11:45.586327 [INFO] evse_manager:Ev  :: EVSE ISO SLAC MATCHED
2026-08-06 14:11:45.586343 [INFO] evse_manager:Ev  :: EVSE ISO D-LINK_READY (true)
2026-08-06 14:11:46.326354 [INFO] evse_manager:Ev  ::                                     CAR IEC Event CarRequestedPower
2026-08-06 14:11:58.563881 [INFO] iso15118_charge  :: Got SDP request from fe80::215:5dff:fe79:69ca%eth0
2026-08-06 14:12:12.871405 [INFO] iso15118_charge  :: Incoming connection from [fe80::215:5dff:fe79:69ca%eth0]:59732
2026-08-06 14:12:12.886469 [INFO] iso15118_charge  :: Received session setup with evccid: EVCC01
2026-08-06 14:12:12.886776 [INFO] iso15118_charge  :: New session created with session_id: 0x34, 0x53, 0x2E, 0x7E, 0x6E, 0xA4, 0xC2, 0x6C
2026-08-06 14:12:12.894306 [INFO] evse_manager:Ev  ::                                     CAR ISO V2G SupportedAppProtocolReq
2026-08-06 14:12:12.918281 [INFO] evse_manager:Ev  :: EVSE ISO V2G SupportedAppProtocolRes
2026-08-06 14:12:12.918511 [INFO] evse_manager:Ev  ::                                     CAR ISO V2G SessionSetupReq
2026-08-06 14:12:12.982995 [INFO] iso15118_charge  :: Timestamp: 1786018332
2026-08-06 14:12:13.018164 [INFO] evse_manager:Ev  :: EVSE ISO V2G SessionSetupRes
2026-08-06 14:12:13.018323 [INFO] evse_manager:Ev  ::                                     CAR ISO V2G AuthorizationSetupReq
2026-08-06 14:12:13.146225 [INFO] evse_manager:Ev  :: EVSE ISO V2G AuthorizationSetupRes
2026-08-06 14:12:13.146509 [INFO] evse_manager:Ev  ::                                     CAR ISO V2G AuthorizationReq
2026-08-06 14:12:13.177683 [INFO] evse_manager:Ev  :: EVSE ISO V2G AuthorizationRes
2026-08-06 14:12:13.178727 [INFO] evse_manager:Ev  ::                                     CAR ISO V2G ServiceDiscoveryReq
2026-08-06 14:12:13.277780 [INFO] evse_manager:Ev  :: EVSE ISO V2G ServiceDiscoveryRes
2026-08-06 14:12:13.282892 [INFO] iso15118_charge  :: Requested info about ServiceID: 6
2026-08-06 14:12:13.283416 [INFO] evse_manager:Ev  ::                                     CAR ISO V2G ServiceDetailReq
2026-08-06 14:12:13.379682 [INFO] iso15118_charge  :: Selected DC_BPT service parameters: control mode: Dynamic, mobility needs mode: ProvidedByEvcc
2026-08-06 14:12:13.394164 [INFO] evse_manager:Ev  :: EVSE ISO V2G ServiceDetailRes
2026-08-06 14:12:13.394227 [INFO] evse_manager:Ev  ::                                     CAR ISO EV selected service: DC_BPT
2026-08-06 14:12:13.394366 [INFO] evse_manager:Ev  ::                                     CAR ISO V2G ServiceSelectionReq
2026-08-06 14:12:13.477604 [INFO] evse_manager:Ev  :: EVSE ISO V2G ServiceSelectionRes
2026-08-06 14:12:13.479996 [INFO] iso15118_charge  :: Max charge current 200.000000A
2026-08-06 14:12:13.480034 [INFO] iso15118_charge  :: Max discharge current 200.000000A
2026-08-06 14:12:13.480602 [INFO] evse_manager:Ev  ::                                     CAR ISO V2G DcChargeParameterDiscoveryReq
2026-08-06 14:12:13.480756 [INFO] evse_manager:Ev  :: Received EV maximum limits: {
    "dc_ev_maximum_current_limit": 200.0,
    "dc_ev_maximum_power_limit": 50000.0,
    "dc_ev_maximum_voltage_limit": 500.0
}
2026-08-06 14:12:13.577849 [INFO] evse_manager:Ev  :: EVSE ISO V2G DcChargeParameterDiscoveryRes
2026-08-06 14:12:13.580960 [INFO] evse_manager:Ev  ::                                     CAR ISO V2G ScheduleExchangeReq
2026-08-06 14:12:13.678243 [INFO] evse_manager:Ev  :: EVSE ISO V2G ScheduleExchangeRes
2026-08-06 14:12:13.680652 [INFO] evse_manager:Ev  ::                                     CAR ISO V2G DcCableCheckReq
2026-08-06 14:12:13.680796 [INFO] evse_manager:Ev  :: EVSE ISO Start cable check...
2026-08-06 14:12:13.680931 [INFO] evse_manager:Ev  ::                                     CAR ISO DC HLC Close contactor (in CableCheck)
2026-08-06 14:12:13.798202 [INFO] evse_manager:Ev  :: EVSE ISO V2G DcCableCheckRes
2026-08-06 14:12:13.831465 [INFO] evse_manager:Ev  ::                                     CAR ISO V2G DcCableCheckReq
2026-08-06 14:12:13.894133 [INFO] evse_manager:Ev  :: EVSE ISO V2G DcCableCheckRes
2026-08-06 14:12:13.938193 [INFO] evse_manager:Ev  ::                                     CAR ISO V2G DcCableCheckReq
2026-08-06 14:12:13.939049 [INFO] evse_manager:Ev  :: EVSE IEC Event PowerOn
2026-08-06 14:12:13.982196 [INFO] evse_manager:Ev  :: EVSE ISO V2G DcCableCheckRes
2026-08-06 14:12:13.998366 [INFO] evse_manager:Ev  :: EV reports 500 V as maximum voltage
2026-08-06 14:12:13.998446 [INFO] evse_manager:Ev  :: EVSE IEC DC power supply set: 500.00V/2.00A, requested was 500.00V/2.00A.
2026-08-06 14:12:14.042061 [INFO] evse_manager:Ev  :: CableCheck: Using 500 V
2026-08-06 14:12:14.042113 [INFO] evse_manager:Ev  ::                                     CAR ISO V2G DcCableCheckReq
2026-08-06 14:12:14.042130 [INFO] evse_manager:Ev  :: EVSE IEC DC power supply: switch ON called, ChargingPhase: CableCheck
2026-08-06 14:12:14.042848 [INFO] powersupply_dc:  :: Set mode: Export ChargingPhase: CableCheck
2026-08-06 14:12:14.102123 [INFO] evse_manager:Ev  :: EVSE ISO V2G DcCableCheckRes
2026-08-06 14:12:14.127258 [INFO] evse_manager:Ev  ::                                     CAR ISO V2G DcCableCheckReq
2026-08-06 14:12:14.198328 [INFO] evse_manager:Ev  :: EVSE ISO V2G DcCableCheckRes
2026-08-06 14:12:14.226969 [INFO] evse_manager:Ev  ::                                     CAR ISO V2G DcCableCheckReq
2026-08-06 14:12:14.278173 [INFO] evse_manager:Ev  :: EVSE ISO V2G DcCableCheckRes
2026-08-06 14:12:14.327426 [INFO] evse_manager:Ev  ::                                     CAR ISO V2G DcCableCheckReq
2026-08-06 14:12:14.394302 [INFO] evse_manager:Ev  :: CableCheck: IMD self test started.
2026-08-06 14:12:14.394377 [INFO] evse_manager:Ev  :: EVSE ISO V2G DcCableCheckRes
2026-08-06 14:12:14.466177 [INFO] evse_manager:Ev  ::                                     CAR ISO V2G DcCableCheckReq
2026-08-06 14:12:14.478531 [INFO] evse_manager:Ev  :: EVSE ISO V2G DcCableCheckRes
2026-08-06 14:12:14.532802 [INFO] evse_manager:Ev  ::                                     CAR ISO V2G DcCableCheckReq
2026-08-06 14:12:14.578489 [INFO] evse_manager:Ev  :: EVSE ISO V2G DcCableCheckRes
2026-08-06 14:12:14.631572 [INFO] evse_manager:Ev  ::                                     CAR ISO V2G DcCableCheckReq
2026-08-06 14:12:14.678745 [INFO] evse_manager:Ev  :: EVSE ISO V2G DcCableCheckRes
2026-08-06 14:12:14.731949 [INFO] evse_manager:Ev  ::                                     CAR ISO V2G DcCableCheckReq
2026-08-06 14:12:14.778703 [INFO] evse_manager:Ev  :: EVSE ISO V2G DcCableCheckRes
2026-08-06 14:12:14.832502 [INFO] evse_manager:Ev  ::                                     CAR ISO V2G DcCableCheckReq
2026-08-06 14:12:14.898252 [INFO] evse_manager:Ev  :: EVSE ISO V2G DcCableCheckRes
2026-08-06 14:12:14.966060 [INFO] evse_manager:Ev  ::                                     CAR ISO V2G DcCableCheckReq
2026-08-06 14:12:14.978712 [INFO] evse_manager:Ev  :: EVSE ISO V2G DcCableCheckRes
2026-08-06 14:12:15.031626 [INFO] evse_manager:Ev  ::                                     CAR ISO V2G DcCableCheckReq
2026-08-06 14:12:15.102087 [INFO] evse_manager:Ev  :: EVSE ISO V2G DcCableCheckRes
2026-08-06 14:12:15.131952 [INFO] evse_manager:Ev  ::                                     CAR ISO V2G DcCableCheckReq
2026-08-06 14:12:15.178816 [INFO] evse_manager:Ev  :: EVSE ISO V2G DcCableCheckRes
2026-08-06 14:12:15.206899 [INFO] evse_manager:Ev  :: EVSE ISO Change HLC Limits: 22080W/200A, target_voltage 0, actual_voltage 500, bpt_active false
2026-08-06 14:12:15.250193 [INFO] evse_manager:Ev  ::                                     CAR ISO V2G DcCableCheckReq
2026-08-06 14:12:15.294303 [INFO] evse_manager:Ev  :: EVSE ISO V2G DcCableCheckRes
2026-08-06 14:12:15.338143 [INFO] evse_manager:Ev  ::                                     CAR ISO V2G DcCableCheckReq
2026-08-06 14:12:15.398167 [INFO] evse_manager:Ev  :: EVSE ISO V2G DcCableCheckRes
2026-08-06 14:12:15.466153 [INFO] evse_manager:Ev  ::                                     CAR ISO V2G DcCableCheckReq
2026-08-06 14:12:15.478980 [INFO] evse_manager:Ev  :: EVSE ISO V2G DcCableCheckRes
2026-08-06 14:12:15.530885 [INFO] evse_manager:Ev  ::                                     CAR ISO V2G DcCableCheckReq
2026-08-06 14:12:15.578962 [INFO] evse_manager:Ev  :: EVSE ISO V2G DcCableCheckRes
2026-08-06 14:12:15.631359 [INFO] evse_manager:Ev  ::                                     CAR ISO V2G DcCableCheckReq
2026-08-06 14:12:15.679055 [INFO] evse_manager:Ev  :: EVSE ISO V2G DcCableCheckRes
2026-08-06 14:12:15.732782 [INFO] evse_manager:Ev  ::                                     CAR ISO V2G DcCableCheckReq
2026-08-06 14:12:15.779075 [INFO] evse_manager:Ev  :: EVSE ISO V2G DcCableCheckRes
2026-08-06 14:12:15.831904 [INFO] evse_manager:Ev  ::                                     CAR ISO V2G DcCableCheckReq
2026-08-06 14:12:15.898203 [INFO] evse_manager:Ev  :: EVSE ISO V2G DcCableCheckRes
2026-08-06 14:12:15.966227 [INFO] evse_manager:Ev  ::                                     CAR ISO V2G DcCableCheckReq
2026-08-06 14:12:15.979008 [INFO] evse_manager:Ev  :: EVSE ISO V2G DcCableCheckRes
2026-08-06 14:12:16.031025 [INFO] evse_manager:Ev  ::                                     CAR ISO V2G DcCableCheckReq
2026-08-06 14:12:16.110136 [INFO] evse_manager:Ev  :: EVSE ISO V2G DcCableCheckRes
2026-08-06 14:12:16.131546 [INFO] evse_manager:Ev  ::                                     CAR ISO V2G DcCableCheckReq
2026-08-06 14:12:16.179305 [INFO] evse_manager:Ev  :: EVSE ISO V2G DcCableCheckRes
2026-08-06 14:12:16.232547 [INFO] evse_manager:Ev  ::                                     CAR ISO V2G DcCableCheckReq
2026-08-06 14:12:16.279293 [INFO] evse_manager:Ev  :: EVSE ISO V2G DcCableCheckRes
2026-08-06 14:12:16.350160 [INFO] evse_manager:Ev  ::                                     CAR ISO V2G DcCableCheckReq
2026-08-06 14:12:16.398201 [INFO] evse_manager:Ev  :: EVSE ISO V2G DcCableCheckRes
2026-08-06 14:12:16.466269 [INFO] evse_manager:Ev  ::                                     CAR ISO V2G DcCableCheckReq
2026-08-06 14:12:16.479335 [INFO] evse_manager:Ev  :: EVSE ISO V2G DcCableCheckRes
2026-08-06 14:12:16.532702 [INFO] evse_manager:Ev  ::                                     CAR ISO V2G DcCableCheckReq
2026-08-06 14:12:16.579346 [INFO] evse_manager:Ev  :: EVSE ISO V2G DcCableCheckRes
2026-08-06 14:12:16.632212 [INFO] evse_manager:Ev  ::                                     CAR ISO V2G DcCableCheckReq
2026-08-06 14:12:16.679437 [INFO] evse_manager:Ev  :: EVSE ISO V2G DcCableCheckRes
2026-08-06 14:12:16.732222 [INFO] evse_manager:Ev  ::                                     CAR ISO V2G DcCableCheckReq
2026-08-06 14:12:16.779608 [INFO] evse_manager:Ev  :: EVSE ISO V2G DcCableCheckRes
2026-08-06 14:12:16.832788 [INFO] evse_manager:Ev  ::                                     CAR ISO V2G DcCableCheckReq
2026-08-06 14:12:16.898297 [INFO] evse_manager:Ev  :: EVSE ISO V2G DcCableCheckRes
2026-08-06 14:12:16.966097 [INFO] evse_manager:Ev  ::                                     CAR ISO V2G DcCableCheckReq
2026-08-06 14:12:16.979552 [INFO] evse_manager:Ev  :: EVSE ISO V2G DcCableCheckRes
2026-08-06 14:12:17.032097 [INFO] evse_manager:Ev  ::                                     CAR ISO V2G DcCableCheckReq
2026-08-06 14:12:17.106166 [INFO] evse_manager:Ev  :: EVSE ISO V2G DcCableCheckRes
2026-08-06 14:12:17.132521 [INFO] evse_manager:Ev  ::                                     CAR ISO V2G DcCableCheckReq
2026-08-06 14:12:17.179836 [INFO] evse_manager:Ev  :: EVSE ISO V2G DcCableCheckRes
2026-08-06 14:12:17.231209 [INFO] evse_manager:Ev  ::                                     CAR ISO V2G DcCableCheckReq
2026-08-06 14:12:17.280168 [INFO] evse_manager:Ev  :: EVSE ISO V2G DcCableCheckRes
2026-08-06 14:12:17.332058 [INFO] evse_manager:Ev  ::                                     CAR ISO V2G DcCableCheckReq
2026-08-06 14:12:17.398312 [INFO] evse_manager:Ev  :: EVSE IEC Isolation monitor self test result: true
2026-08-06 14:12:17.398443 [INFO] evse_manager:Ev  :: EVSE ISO V2G DcCableCheckRes
2026-08-06 14:12:17.402051 [INFO] imd:IMDSimulato  :: Started simulated isolation monitoring with 1000 ms interval
2026-08-06 14:12:17.442258 [INFO] evse_manager:Ev  :: CableCheck: Waiting for 1 isolation measurement sample(s)
2026-08-06 14:12:17.442353 [INFO] evse_manager:Ev  ::                                     CAR ISO V2G DcCableCheckReq
2026-08-06 14:12:17.442407 [INFO] evse_manager:Ev  :: EVSE IEC Isolation measurement Ok R_F 900000.
2026-08-06 14:12:17.486256 [INFO] evse_manager:Ev  :: EVSE IEC DC power supply OFF
2026-08-06 14:12:17.487284 [INFO] powersupply_dc:  :: Set mode: Off ChargingPhase: CableCheck
2026-08-06 14:12:17.522323 [INFO] evse_manager:Ev  :: EVSE ISO V2G DcCableCheckRes
2026-08-06 14:12:17.530864 [INFO] evse_manager:Ev  ::                                     CAR ISO V2G DcCableCheckReq
2026-08-06 14:12:17.579862 [INFO] evse_manager:Ev  :: EVSE ISO V2G DcCableCheckRes
2026-08-06 14:12:17.631417 [INFO] evse_manager:Ev  ::                                     CAR ISO V2G DcCableCheckReq
2026-08-06 14:12:17.679903 [INFO] evse_manager:Ev  :: EVSE ISO V2G DcCableCheckRes
2026-08-06 14:12:17.732488 [INFO] evse_manager:Ev  ::                                     CAR ISO V2G DcCableCheckReq
2026-08-06 14:12:17.780170 [INFO] evse_manager:Ev  :: EVSE ISO V2G DcCableCheckRes
2026-08-06 14:12:17.830697 [INFO] evse_manager:Ev  ::                                     CAR ISO V2G DcCableCheckReq
2026-08-06 14:12:17.855656 [INFO] evse_manager:Ev  :: CableCheck done, output is below 60V
2026-08-06 14:12:17.946068 [INFO] evse_manager:Ev  :: EVSE ISO V2G DcCableCheckRes
2026-08-06 14:12:17.946264 [INFO] evse_manager:Ev  ::                                     CAR ISO V2G DcCableCheckReq
2026-08-06 14:12:17.990206 [INFO] evse_manager:Ev  :: EVSE ISO V2G DcCableCheckRes
2026-08-06 14:12:17.990616 [INFO] evse_manager:Ev  ::                                     CAR ISO V2G DcPreChargeReq
2026-08-06 14:12:18.026308 [INFO] evse_manager:Ev  :: EVSE IEC DC power supply set: 400.00V/1.00A, requested was 400.00V/0.00A.
2026-08-06 14:12:18.063275 [INFO] evse_manager:Ev  :: EVSE IEC DC power supply: switch ON called, ChargingPhase: PreCharge
2026-08-06 14:12:18.070078 [INFO] powersupply_dc:  :: Set mode: Export ChargingPhase: PreCharge
2026-08-06 14:12:18.106140 [INFO] evse_manager:Ev  :: EVSE ISO V2G DcPreChargeRes
2026-08-06 14:12:18.106328 [INFO] evse_manager:Ev  ::                                     CAR ISO V2G PowerDeliveryReq
2026-08-06 14:12:18.180316 [INFO] evse_manager:Ev  :: EVSE ISO V2G PowerDeliveryRes
2026-08-06 14:12:18.183246 [INFO] evse_manager:Ev  ::                                     CAR ISO V2G DcChargeLoopReq
2026-08-06 14:12:18.183303 [INFO] evse_manager:Ev  :: EVSE IEC DC power supply: switch ON in export mode
2026-08-06 14:12:18.184176 [INFO] powersupply_dc:  :: Set mode: Export ChargingPhase: Charging
2026-08-06 14:12:18.226214 [INFO] evse_manager:Ev  :: EVSE IEC DC power supply set: 400.00V/1.00A, requested was 400.00V/0.00A.
2026-08-06 14:12:18.226400 [INFO] evse_manager:Ev  :: EVSE IEC DC power supply set: 500.00V/1.07A, requested was 500.00V/1.07A.
2026-08-06 14:12:18.274109 [INFO] evse_manager:Ev  :: VoltagePlausibilityMonitor, start monitoring
2026-08-06 14:12:18.318144 [INFO] evse_manager:Ev  :: EVSE ISO V2G DcChargeLoopRes
2026-08-06 14:12:18.334875 [INFO] evse_manager:Ev  ::                                     CAR ISO V2G DcChargeLoopReq
2026-08-06 14:12:18.335180 [INFO] evse_manager:Ev  :: EVSE IEC DC power supply set: 500.00V/3.78A, requested was 500.00V/3.78A.
2026-08-06 14:12:18.344245 [INFO] evse_manager:Ev  :: EVSE IEC Charger state: PrepareCharging->Charging
2026-08-06 14:12:18.345115 [INFO] evse_manager:Ev  :: Timing statistics (Plugin to CurrentDemand)
2026-08-06 14:12:18.345152 [INFO] evse_manager:Ev  :: -------------------------------------------
2026-08-06 14:12:18.345158 [INFO] evse_manager:Ev  :: ConnSetup | HLC_PWM_5%_ON: 727 ms | D-LINK_READY: 1547 ms | Auth EIM Done: 27472 ms | Total: 30326 ms
2026-08-06 14:12:18.345164 [INFO] evse_manager:Ev  :: CableCheck | <60V: 0 ms | Relay On: 317 ms | EVInfo: 0 ms | VRampUp: 354 ms | Self test: 3045 ms | Measure: 43 ms | VRampDown: 413 ms | Total: 4221 ms
2026-08-06 14:12:18.345169 [INFO] evse_manager:Ev  :: PrepareCharging | Charging started: 442 ms | Total: 442 ms
2026-08-06 14:12:18.345175 [INFO] evse_manager:Ev  :: Total duration all phases: 34990 ms
2026-08-06 14:12:18.386202 [INFO] evse_manager:Ev  :: EVSE ISO V2G DcChargeLoopRes
2026-08-06 14:12:18.430366 [INFO] evse_manager:Ev  :: EVSE IEC Isolation measurement Ok R_F 900000.
2026-08-06 14:12:18.431310 [INFO] evse_manager:Ev  ::                                     CAR ISO V2G DcChargeLoopReq
2026-08-06 14:12:18.431324 [INFO] evse_manager:Ev  :: EVSE ISO Change HLC Limits: 22080W/44.16A, target_voltage 500, actual_voltage 500, bpt_active false
2026-08-06 14:12:18.431781 [INFO] evse_manager:Ev  :: EVSE IEC DC power supply set: 500.00V/6.18A, requested was 500.00V/6.18A.
2026-08-06 14:12:18.518388 [INFO] evse_manager:Ev  :: EVSE ISO V2G DcChargeLoopRes
2026-08-06 14:12:18.531530 [INFO] evse_manager:Ev  ::                                     CAR ISO V2G PowerDeliveryReq
2026-08-06 14:12:18.531846 [INFO] evse_manager:Ev  :: VoltagePlausibilityMonitor, stop monitoring
2026-08-06 14:12:18.531883 [INFO] evse_manager:Ev  :: EVSE IEC DC power supply OFF
2026-08-06 14:12:18.532024 [INFO] evse_manager:Ev  :: EVSE IEC DC power supply OFF
2026-08-06 14:12:18.532088 [INFO] evse_manager:Ev  :: EVSE IEC DC power supply set: 500.00V/8.68A, requested was 500.00V/8.68A.
2026-08-06 14:12:18.532698 [INFO] powersupply_dc:  :: Set mode: Off ChargingPhase: Charging
2026-08-06 14:12:18.533301 [INFO] powersupply_dc:  :: Set mode: Off ChargingPhase: Charging
2026-08-06 14:12:18.622181 [INFO] evse_manager:Ev  :: EVSE ISO V2G PowerDeliveryRes
2026-08-06 14:12:18.622407 [INFO] evse_manager:Ev  ::                                     CAR ISO V2G DcWeldingDetectionReq
2026-08-06 14:12:18.622981 [INFO] imd:IMDSimulato  :: Stopped simulated isolation monitoring
2026-08-06 14:12:18.680474 [INFO] evse_manager:Ev  :: EVSE ISO V2G DcWeldingDetectionRes
2026-08-06 14:12:18.681743 [INFO] evse_manager:Ev  ::                                     CAR ISO V2G SessionStopReq
2026-08-06 14:12:18.780687 [INFO] evse_manager:Ev  :: EVSE ISO V2G SessionStopRes
2026-08-06 14:12:19.583439 [INFO] evse_manager:Ev  :: EVSE ISO Change HLC Limits: 22080W/44.16A, target_voltage 500, actual_voltage 0, bpt_active false
2026-08-06 14:12:19.674157 [INFO] evse_manager:Ev  :: EVSE IEC DC power supply set: 500.00V/37.22A, requested was 500.00V/37.22A.
2026-08-06 14:12:23.780131 [INFO] iso15118_charge  :: Closing TCP connection
2026-08-06 14:12:24.751813 [INFO] evse_manager:Ev  :: EVSE IEC DC power supply set: 500.00V/44.16A, requested was 500.00V/44.16A.
2026-08-06 14:12:24.794072 [INFO] evse_manager:Ev  :: EVSE IEC DC power supply: switch ON called, ChargingPhase: Other
2026-08-06 14:12:24.794800 [INFO] powersupply_dc:  :: Set mode: Export ChargingPhase: Other
2026-08-06 14:12:24.838282 [WARN] evse_manager:Ev void module::EvseManager::process_dc_ev_target_voltage_current(const types::iso15118::DcEvseMaximumLimits&) :: EV ignores new EVSE max limits. Setting target current to new EVSE max limits
2026-08-06 14:12:24.971386 [INFO] evse_manager:Ev  :: EVSE ISO Change HLC Limits: 22080W/44.16A, target_voltage 500, actual_voltage 500, bpt_active false
2026-08-06 14:12:25.780419 [INFO] iso15118_charge  :: TCP connection closed gracefully
2026-08-06 14:12:25.780491 [INFO] iso15118_charge  :: Connection is closed
2026-08-06 14:12:25.781256 [INFO] evse_manager:Ev  :: EVSE ISO D-LINK_TERMINATE.req
2026-08-06 14:12:25.781447 [INFO] evse_manager:Ev  :: EVSE IEC Set PWM Off
2026-08-06 14:12:25.870165 [INFO] evse_manager:Ev  :: EVSE ISO SLAC UNMATCHED
2026-08-06 14:12:25.870250 [INFO] evse_manager:Ev  :: EVSE ISO D-LINK_READY (false)
2026-08-06 14:12:31.827310 [WARN] evse_manager:Ev std::queue<module::CPEvent> module::IECStateMachine::state_machine(std::optional<module::RawCPState>) :: Timeout of 6 seconds reached, EV did not go back to state B after PWM was switched off. Powering off under load.
2026-08-06 14:12:32.013633 [INFO] evse_manager:Ev  :: EVSE IEC Event PowerOff
2026-08-06 14:12:35.217062 [WARN] evse_manager:Ev void module::EvseManager::process_dc_ev_target_voltage_current(const types::iso15118::DcEvseMaximumLimits&) :: EV ignores new EVSE max limits. Setting target current to new EVSE max limits
