INFO    2026-08-15 13:19:54,997 - iso15118.secc.secc_settings (112): SECC settings:
INFO    2026-08-15 13:19:54,997 - iso15118.secc.secc_settings (114): NETWORK_INTERFACE             : eth0
INFO    2026-08-15 13:19:54,997 - iso15118.secc.secc_settings (114): LOG_LEVEL                     : INFO
INFO    2026-08-15 13:19:54,997 - iso15118.secc.secc_settings (114): SECC_ENFORCE_TLS              : False
INFO    2026-08-15 13:19:54,997 - iso15118.secc.secc_settings (114): FREE_CHARGING_SERVICE         : False
INFO    2026-08-15 13:19:54,997 - iso15118.secc.secc_settings (114): FREE_CERT_INSTALL_SERVICE     : True
INFO    2026-08-15 13:19:54,997 - iso15118.secc.secc_settings (114): USE_CPO_BACKEND               : False
INFO    2026-08-15 13:19:54,997 - iso15118.secc.secc_settings (114): ALLOW_CERT_INSTALL_SERVICE    : True
INFO    2026-08-15 13:19:54,997 - iso15118.secc.secc_settings (114): PROTOCOLS                     : ['ISO_15118_20_DC']
INFO    2026-08-15 13:19:54,997 - iso15118.secc.secc_settings (114): AUTH_MODES                    : ['EIM', 'PNC']
INFO    2026-08-15 13:19:54,997 - iso15118.secc.secc_settings (114): STANDBY_ALLOWED               : False
INFO    2026-08-15 13:19:54,997 - iso15118.secc.secc_settings (114): PKI_PATH                      : /venv/lib/python3.10/site-packages/iso15118/shared/pki/
INFO    2026-08-15 13:19:54,997 - iso15118.secc.secc_settings (114): MESSAGE_LOG_JSON              : True
INFO    2026-08-15 13:19:54,997 - iso15118.secc.secc_settings (114): MESSAGE_LOG_EXI               : False
INFO    2026-08-15 13:19:54,997 - iso15118.secc.secc_settings (114): ENABLE_TLS_1_3                : False
INFO    2026-08-15 13:19:56,048 - iso15118.shared.exi_codec (177): EXI Codec version: 1.55
INFO    2026-08-15 13:19:56,049 - iso15118.secc (31): Starting 15118 version: 0.31.2
INFO    2026-08-15 13:19:56,049 - iso15118.secc.comm_session_handler (235): Communication session handler started
INFO    2026-08-15 13:19:56,049 - iso15118.secc.transport.udp_server (137): UDP server socket ready
INFO    2026-08-15 13:19:56,049 - iso15118.secc.transport.udp_server (123): UDP server started at address FF02::1%eth0 and port 15118
INFO    2026-08-15 13:20:02,857 - iso15118.secc.comm_session_handler (437): SDPRequest received: [Security: NO_TLS, Protocol: TCP]
INFO    2026-08-15 13:20:02,861 - iso15118.secc.transport.tcp_server (134): TCP server started at address fe80::215:5dff:fe07:f821%eth0 and port 55813
INFO    2026-08-15 13:20:02,871 - iso15118.secc.comm_session_handler (464): Sending SDPResponse: [ IP address: fe80::215:5dff:fe07:f821, Port: 55813 , Security: NO_TLS , Transport: TCP ]
INFO    2026-08-15 13:20:14,665 - iso15118.secc.transport.udp_server (201): UDP server has been paused.
INFO    2026-08-15 13:20:14,665 - iso15118.secc.comm_session_handler (284): TCP client connected, client address is ('fe80::215:5dff:fe07:f821', 41982, 0, 2).
INFO    2026-08-15 13:20:14,671 - iso15118.shared.comm_session (344): Starting a new communication session
INFO    2026-08-15 13:20:14,671 - iso15118.shared.states (139): Entered state SupportedAppProtocol
INFO    2026-08-15 13:20:14,749 - iso15118.shared.exi_codec (302): Decoded message (ns=urn:iso:15118:2:2010:AppProtocol): {"supportedAppProtocolReq":{"AppProtocol":[{"ProtocolNamespace":"urn:iso:std:iso:15118:-20:DC","VersionNumberMajor":1,"VersionNumberMinor":0,"SchemaID":1,"Priority":1}]}}
INFO    2026-08-15 13:20:14,749 - iso15118.shared.comm_session (235): supportedAppProtocolReq received
INFO    2026-08-15 13:20:14,749 - iso15118.shared.exi_codec (248): Message to encode (ns=urn:iso:15118:2:2010:AppProtocol): {"supportedAppProtocolRes": {"ResponseCode": "OK_SuccessfulNegotiation", "SchemaID": 1}}
INFO    2026-08-15 13:20:14,775 - iso15118.secc.states.sap_states (147): Chosen protocol: ISO_15118_20_DC
INFO    2026-08-15 13:20:14,775 - iso15118.shared.comm_session (431): Sent supportedAppProtocolRes
INFO    2026-08-15 13:20:14,775 - iso15118.secc.controller.simulator (766): iso15118 state: SupportedAppProtocol
INFO    2026-08-15 13:20:14,775 - iso15118.shared.states (139): Entered state SessionSetup
INFO    2026-08-15 13:20:14,913 - iso15118.shared.exi_codec (302): Decoded message (ns=urn:iso:std:iso:15118:-20:CommonMessages): {"SessionSetupReq":{"Header":{"SessionID":"0000000000000000","TimeStamp":1786800014},"EVCCID":"EVCC01"}}
INFO    2026-08-15 13:20:14,914 - iso15118.shared.comm_session (235): SessionSetupReq received
WARNING    2026-08-15 13:20:14,914 - iso15118.secc.states.iso15118_20_states (161): EVCC's session ID 0000000000000000 does not match . New session ID 099194C53240B184 assigned
INFO    2026-08-15 13:20:14,914 - iso15118.shared.exi_codec (248): Message to encode (ns=urn:iso:std:iso:15118:-20:CommonMessages): {"SessionSetupRes": {"Header": {"SessionID": "099194C53240B184", "TimeStamp": 1786800014}, "ResponseCode": "OK_NewSessionEstablished", "EVSEID": "UK123E1234"}}
INFO    2026-08-15 13:20:14,976 - iso15118.shared.comm_session (431): Sent SessionSetupRes
INFO    2026-08-15 13:20:14,976 - iso15118.secc.controller.simulator (766): iso15118 state: SessionSetup
INFO    2026-08-15 13:20:14,976 - iso15118.shared.states (139): Entered state AuthorizationSetup
INFO    2026-08-15 13:20:15,027 - iso15118.shared.exi_codec (302): Decoded message (ns=urn:iso:std:iso:15118:-20:CommonMessages): {"AuthorizationSetupReq":{"Header":{"SessionID":"099194C53240B184","TimeStamp":1786800014}}}
INFO    2026-08-15 13:20:15,028 - iso15118.shared.comm_session (235): AuthorizationSetupReq received
INFO    2026-08-15 13:20:15,028 - iso15118.shared.exi_codec (248): Message to encode (ns=urn:iso:std:iso:15118:-20:CommonMessages): {"AuthorizationSetupRes": {"Header": {"SessionID": "099194C53240B184", "TimeStamp": 1786800015}, "ResponseCode": "OK", "AuthorizationServices": ["PnC", "EIM"], "CertificateInstallationService": true, "PnC_ASResAuthorizationMode": {"GenChallenge": "8IGtG6iW1Wkr+1YmoQcaww=="}}}
INFO    2026-08-15 13:20:15,076 - iso15118.shared.comm_session (431): Sent AuthorizationSetupRes
INFO    2026-08-15 13:20:15,077 - iso15118.secc.controller.simulator (766): iso15118 state: AuthorizationSetup
INFO    2026-08-15 13:20:15,139 - iso15118.shared.exi_codec (302): Decoded message (ns=urn:iso:std:iso:15118:-20:CommonMessages): {"AuthorizationReq":{"Header":{"SessionID":"099194C53240B184","TimeStamp":1786800015},"SelectedAuthorizationService":"EIM","EIM_AReqAuthorizationMode":{}}}
INFO    2026-08-15 13:20:15,139 - iso15118.shared.comm_session (235): AuthorizationReq received
INFO    2026-08-15 13:20:15,139 - iso15118.shared.states (139): Entered state Authorization
INFO    2026-08-15 13:20:15,140 - iso15118.shared.exi_codec (248): Message to encode (ns=urn:iso:std:iso:15118:-20:CommonMessages): {"AuthorizationRes": {"Header": {"SessionID": "099194C53240B184", "TimeStamp": 1786800015}, "ResponseCode": "OK", "EVSEProcessing": "Finished"}}
INFO    2026-08-15 13:20:15,199 - iso15118.shared.comm_session (431): Sent AuthorizationRes
INFO    2026-08-15 13:20:15,199 - iso15118.secc.controller.simulator (766): iso15118 state: Authorization
INFO    2026-08-15 13:20:15,250 - iso15118.shared.exi_codec (302): Decoded message (ns=urn:iso:std:iso:15118:-20:CommonMessages): {"ServiceDiscoveryReq":{"Header":{"SessionID":"099194C53240B184","TimeStamp":1786800015}}}
INFO    2026-08-15 13:20:15,250 - iso15118.shared.comm_session (235): ServiceDiscoveryReq received
INFO    2026-08-15 13:20:15,250 - iso15118.shared.states (139): Entered state ServiceDiscovery
INFO    2026-08-15 13:20:15,251 - iso15118.shared.exi_codec (248): Message to encode (ns=urn:iso:std:iso:15118:-20:CommonMessages): {"ServiceDiscoveryRes": {"Header": {"SessionID": "099194C53240B184", "TimeStamp": 1786800015}, "ResponseCode": "OK", "ServiceRenegotiationSupported": false, "EnergyTransferServiceList": {"Service": [{"ServiceID": 2, "FreeService": false}, {"ServiceID": 6, "FreeService": false}]}}}
INFO    2026-08-15 13:20:15,303 - iso15118.shared.comm_session (431): Sent ServiceDiscoveryRes
INFO    2026-08-15 13:20:15,303 - iso15118.secc.controller.simulator (766): iso15118 state: ServiceDiscovery
INFO    2026-08-15 13:20:15,353 - iso15118.shared.exi_codec (302): Decoded message (ns=urn:iso:std:iso:15118:-20:CommonMessages): {"ServiceDetailReq":{"Header":{"SessionID":"099194C53240B184","TimeStamp":1786800015},"ServiceID":2}}
INFO    2026-08-15 13:20:15,354 - iso15118.shared.comm_session (235): ServiceDetailReq received
INFO    2026-08-15 13:20:15,354 - iso15118.shared.states (139): Entered state ServiceDetail
INFO    2026-08-15 13:20:15,355 - iso15118.shared.exi_codec (248): Message to encode (ns=urn:iso:std:iso:15118:-20:CommonMessages): {"ServiceDetailRes": {"Header": {"SessionID": "099194C53240B184", "TimeStamp": 1786800015}, "ResponseCode": "OK", "ServiceID": 2, "ServiceParameterList": {"ParameterSet": [{"ParameterSetID": 1, "Parameter": [{"Name": "Connector", "intValue": 2}, {"Name": "EVSENominalVoltage", "intValue": 400}, {"Name": "Pricing", "intValue": 0}, {"Name": "ControlMode", "intValue": 1}, {"Name": "MobilityNeedsMode", "intValue": 1}]}, {"ParameterSetID": 2, "Parameter": [{"Name": "Connector", "intValue": 2}, {"Name": "EVSENominalVoltage", "intValue": 400}, {"Name": "Pricing", "intValue": 0}, {"Name": "ControlMode", "intValue": 2}, {"Name": "MobilityNeedsMode", "intValue": 2}]}, {"ParameterSetID": 3, "Parameter": [{"Name": "Connector", "intValue": 2}, {"Name": "EVSENominalVoltage", "intValue": 400}, {"Name": "Pricing", "intValue": 0}, {"Name": "ControlMode", "intValue": 2}, {"Name": "MobilityNeedsMode", "intValue": 1}]}]}}}
INFO    2026-08-15 13:20:15,410 - iso15118.shared.comm_session (431): Sent ServiceDetailRes
INFO    2026-08-15 13:20:15,411 - iso15118.secc.controller.simulator (766): iso15118 state: ServiceDetail
INFO    2026-08-15 13:20:15,461 - iso15118.shared.exi_codec (302): Decoded message (ns=urn:iso:std:iso:15118:-20:CommonMessages): {"ServiceSelectionReq":{"Header":{"SessionID":"099194C53240B184","TimeStamp":1786800015},"SelectedEnergyTransferService":{"ServiceID":2,"ParameterSetID":1}}}
INFO    2026-08-15 13:20:15,461 - iso15118.shared.comm_session (235): ServiceSelectionReq received
INFO    2026-08-15 13:20:15,461 - iso15118.shared.states (139): Entered state ServiceSelection
INFO    2026-08-15 13:20:15,462 - iso15118.shared.exi_codec (248): Message to encode (ns=urn:iso:std:iso:15118:-20:CommonMessages): {"ServiceSelectionRes": {"Header": {"SessionID": "099194C53240B184", "TimeStamp": 1786800015}, "ResponseCode": "OK"}}
INFO    2026-08-15 13:20:15,495 - iso15118.shared.comm_session (431): Sent ServiceSelectionRes
INFO    2026-08-15 13:20:15,495 - iso15118.secc.controller.simulator (766): iso15118 state: ServiceSelection
INFO    2026-08-15 13:20:15,495 - iso15118.shared.states (139): Entered state DCChargeParameterDiscovery
INFO    2026-08-15 13:20:15,548 - iso15118.shared.exi_codec (302): Decoded message (ns=urn:iso:std:iso:15118:-20:DC): {"DC_ChargeParameterDiscoveryReq":{"Header":{"SessionID":"099194C53240B184","TimeStamp":1786800015},"DC_CPDReqEnergyTransferMode":{"EVMaximumChargePower":{"Exponent":1,"Value":5000},"EVMinimumChargePower":{"Exponent":0,"Value":0},"EVMaximumChargeCurrent":{"Exponent":0,"Value":200},"EVMinimumChargeCurrent":{"Exponent":0,"Value":0},"EVMaximumVoltage":{"Exponent":0,"Value":500},"EVMinimumVoltage":{"Exponent":0,"Value":50},"TargetSOC":80}}}
INFO    2026-08-15 13:20:15,548 - iso15118.shared.comm_session (235): DC_ChargeParameterDiscoveryReq received
INFO    2026-08-15 13:20:15,548 - iso15118.secc.controller.simulator (1109): Send rated limits to CS.
INFO    2026-08-15 13:20:15,549 - iso15118.shared.exi_codec (248): Message to encode (ns=urn:iso:std:iso:15118:-20:DC): {"DC_ChargeParameterDiscoveryRes": {"Header": {"SessionID": "099194C53240B184", "TimeStamp": 1786800015}, "ResponseCode": "OK", "DC_CPDResEnergyTransferMode": {"EVSEMaximumChargePower": {"Exponent": 0, "Value": 1000}, "EVSEMinimumChargePower": {"Exponent": 0, "Value": 100}, "EVSEMaximumChargeCurrent": {"Exponent": 0, "Value": 100}, "EVSEMinimumChargeCurrent": {"Exponent": 0, "Value": 10}, "EVSEMaximumVoltage": {"Exponent": 0, "Value": 500}, "EVSEMinimumVoltage": {"Exponent": 0, "Value": 10}, "EVSEPowerRampLimitation": {"Exponent": 0, "Value": 10}}}}
INFO    2026-08-15 13:20:15,573 - iso15118.shared.comm_session (431): Sent DC_ChargeParameterDiscoveryRes
INFO    2026-08-15 13:20:15,573 - iso15118.secc.controller.simulator (766): iso15118 state: DCChargeParameterDiscovery
INFO    2026-08-15 13:20:15,573 - iso15118.shared.states (139): Entered state ScheduleExchange
INFO    2026-08-15 13:20:15,607 - iso15118.shared.exi_codec (302): Decoded message (ns=urn:iso:std:iso:15118:-20:CommonMessages): {"ScheduleExchangeReq":{"Header":{"SessionID":"099194C53240B184","TimeStamp":1786800015},"MaximumSupportingPoints":12,"Scheduled_SEReqControlMode":{}}}
INFO    2026-08-15 13:20:15,608 - iso15118.shared.comm_session (235): ScheduleExchangeReq received
INFO    2026-08-15 13:20:15,609 - iso15118.shared.exi_codec (248): Message to encode (ns=urn:iso:std:iso:15118:-20:CommonMessages): {"ScheduleExchangeRes": {"Header": {"SessionID": "099194C53240B184", "TimeStamp": 1786800015}, "ResponseCode": "OK", "EVSEProcessing": "Finished", "Scheduled_SEResControlMode": {"ScheduleTuple": [{"ScheduleTupleID": 1, "ChargingSchedule": {"PowerSchedule": {"TimeAnchor": 0, "AvailableEnergy": {"Exponent": 3, "Value": 300}, "PowerTolerance": {"Exponent": 0, "Value": 2000}, "PowerScheduleEntries": {"PowerScheduleEntry": [{"Duration": 3600, "Power": {"Exponent": 3, "Value": 10}}]}}, "AbsolutePriceSchedule": {"TimeAnchor": 0, "PriceScheduleID": 1, "Currency": "EUR", "Language": "ENG", "PriceAlgorithm": "urn:iso:std:iso:15118:-20:PriceAlgorithm:1-Power", "MinimumCost": {"Exponent": 0, "Value": 1}, "MaximumCost": {"Exponent": 0, "Value": 10}, "TaxRules": {"TaxRule": [{"TaxRuleID": 1, "TaxRuleName": "What a great tax rule", "TaxRate": {"Exponent": 0, "Value": 10}, "TaxIncludedInPrice": false, "AppliesToEnergyFee": true, "AppliesToParkingFee": true, "AppliesToOverstayFee": true, "AppliesMinimumMaximumCost": true}]}, "PriceRuleStacks": {"PriceRuleStack": [{"Duration": 3600, "PriceRule": [{"EnergyFee": {"Exponent": 0, "Value": 20}, "ParkingFee": {"Exponent": 0, "Value": 0}, "ParkingFeePeriod": 0, "CarbonDioxideEmission": 0, "RenewableGenerationPercentage": 0, "PowerRangeStart": {"Exponent": 0, "Value": 0}}]}]}, "OverstayRules": {"OverstayTimeThreshold": 3600, "OverstayPowerThreshold": {"Exponent": 3, "Value": 30}, "OverstayRule": [{"OverstayRuleDescription": "What a great description", "StartTime": 0, "OverstayFee": {"Exponent": 0, "Value": 50}, "OverstayFeePeriod": 3600}]}, "AdditionalSelectedServices": {"AdditionalService": [{"ServiceName": "What a great service name", "ServiceFee": {"Exponent": 0, "Value": 0}}]}}}, "DischargingSchedule": {"PowerSchedule": {"TimeAnchor": 0, "PowerScheduleEntries": {"PowerScheduleEntry": [{"Duration": 3600, "Power": {"Exponent": 3, "Value": 10}}]}}, "AbsolutePriceSchedule": {"TimeAnchor": 0, "PriceScheduleID": 1, "Currency": "EUR", "Language": "ENG", "PriceAlgorithm": "urn:iso:std:iso:15118:-20:PriceAlgorithm:1-Power", "MinimumCost": {"Exponent": 0, "Value": 1}, "MaximumCost": {"Exponent": 0, "Value": 10}, "TaxRules": {"TaxRule": [{"TaxRuleID": 1, "TaxRuleName": "What a great tax rule", "TaxRate": {"Exponent": 0, "Value": 10}, "TaxIncludedInPrice": false, "AppliesToEnergyFee": true, "AppliesToParkingFee": true, "AppliesToOverstayFee": true, "AppliesMinimumMaximumCost": true}]}, "PriceRuleStacks": {"PriceRuleStack": [{"Duration": 3600, "PriceRule": [{"EnergyFee": {"Exponent": 0, "Value": 20}, "ParkingFee": {"Exponent": 0, "Value": 0}, "ParkingFeePeriod": 0, "CarbonDioxideEmission": 0, "RenewableGenerationPercentage": 0, "PowerRangeStart": {"Exponent": 0, "Value": 0}}]}]}, "OverstayRules": {"OverstayTimeThreshold": 3600, "OverstayPowerThreshold": {"Exponent": 3, "Value": 30}, "OverstayRule": [{"OverstayRuleDescription": "What a great description", "StartTime": 0, "OverstayFee": {"Exponent": 0, "Value": 50}, "OverstayFeePeriod": 3600}]}, "AdditionalSelectedServices": {"AdditionalService": [{"ServiceName": "What a great service name", "ServiceFee": {"Exponent": 0, "Value": 0}}]}}}}]}}}
INFO    2026-08-15 13:20:15,685 - iso15118.shared.comm_session (431): Sent ScheduleExchangeRes
INFO    2026-08-15 13:20:15,685 - iso15118.secc.controller.simulator (766): iso15118 state: ScheduleExchange
INFO    2026-08-15 13:20:15,716 - iso15118.shared.exi_codec (302): Decoded message (ns=urn:iso:std:iso:15118:-20:DC): {"DC_CableCheckReq":{"Header":{"SessionID":"099194C53240B184","TimeStamp":1786800015}}}
INFO    2026-08-15 13:20:15,716 - iso15118.shared.comm_session (235): DC_CableCheckReq received
INFO    2026-08-15 13:20:15,716 - iso15118.shared.states (139): Entered state DCCableCheck
INFO    2026-08-15 13:20:15,717 - iso15118.shared.exi_codec (248): Message to encode (ns=urn:iso:std:iso:15118:-20:DC): {"DC_CableCheckRes": {"Header": {"SessionID": "099194C53240B184", "TimeStamp": 1786800015}, "ResponseCode": "OK", "EVSEProcessing": "Ongoing"}}
INFO    2026-08-15 13:20:15,741 - iso15118.shared.comm_session (431): Sent DC_CableCheckRes
INFO    2026-08-15 13:20:15,741 - iso15118.secc.controller.simulator (766): iso15118 state: DCCableCheck
INFO    2026-08-15 13:20:15,819 - iso15118.shared.exi_codec (302): Decoded message (ns=urn:iso:std:iso:15118:-20:DC): {"DC_CableCheckReq":{"Header":{"SessionID":"099194C53240B184","TimeStamp":1786800015}}}
INFO    2026-08-15 13:20:15,819 - iso15118.shared.comm_session (235): DC_CableCheckReq received
INFO    2026-08-15 13:20:15,819 - iso15118.shared.exi_codec (248): Message to encode (ns=urn:iso:std:iso:15118:-20:DC): {"DC_CableCheckRes": {"Header": {"SessionID": "099194C53240B184", "TimeStamp": 1786800015}, "ResponseCode": "OK", "EVSEProcessing": "Finished"}}
INFO    2026-08-15 13:20:15,841 - iso15118.shared.comm_session (431): Sent DC_CableCheckRes
INFO    2026-08-15 13:20:15,841 - iso15118.secc.controller.simulator (766): iso15118 state: DCCableCheck
INFO    2026-08-15 13:20:15,841 - iso15118.shared.states (139): Entered state DCPreCharge
INFO    2026-08-15 13:20:15,867 - iso15118.shared.exi_codec (302): Decoded message (ns=urn:iso:std:iso:15118:-20:DC): {"DC_PreChargeReq":{"Header":{"SessionID":"099194C53240B184","TimeStamp":1786800015},"EVProcessing":"Finished","EVPresentVoltage":{"Exponent":0,"Value":0},"EVTargetVoltage":{"Exponent":0,"Value":400}}}
INFO    2026-08-15 13:20:15,868 - iso15118.shared.comm_session (235): DC_PreChargeReq received
INFO    2026-08-15 13:20:15,868 - iso15118.shared.exi_codec (248): Message to encode (ns=urn:iso:std:iso:15118:-20:DC): {"DC_PreChargeRes": {"Header": {"SessionID": "099194C53240B184", "TimeStamp": 1786800015}, "ResponseCode": "OK", "EVSEPresentVoltage": {"Exponent": 0, "Value": 1}}}
INFO    2026-08-15 13:20:15,889 - iso15118.shared.comm_session (431): Sent DC_PreChargeRes
INFO    2026-08-15 13:20:15,889 - iso15118.secc.controller.simulator (766): iso15118 state: DCPreCharge
INFO    2026-08-15 13:20:15,889 - iso15118.shared.states (139): Entered state PowerDelivery
INFO    2026-08-15 13:20:15,936 - iso15118.shared.exi_codec (302): Decoded message (ns=urn:iso:std:iso:15118:-20:CommonMessages): {"PowerDeliveryReq":{"Header":{"SessionID":"099194C53240B184","TimeStamp":1786800015},"EVProcessing":"Finished","ChargeProgress":"Start","EVPowerProfile":{"TimeAnchor":0,"Scheduled_EVPPTControlMode":{"SelectedScheduleTupleID":1,"PowerToleranceAcceptance":"PowerToleranceConfirmed"},"EVPowerProfileEntries":{"EVPowerProfileEntry":[{"Duration":3600,"Power":{"Exponent":3,"Value":10}}]}}}}
INFO    2026-08-15 13:20:15,937 - iso15118.shared.comm_session (235): PowerDeliveryReq received
INFO    2026-08-15 13:20:15,937 - iso15118.shared.exi_codec (248): Message to encode (ns=urn:iso:std:iso:15118:-20:CommonMessages): {"PowerDeliveryRes": {"Header": {"SessionID": "099194C53240B184", "TimeStamp": 1786800015}, "ResponseCode": "OK"}}
INFO    2026-08-15 13:20:15,967 - iso15118.shared.comm_session (431): Sent PowerDeliveryRes
INFO    2026-08-15 13:20:15,968 - iso15118.secc.controller.simulator (766): iso15118 state: PowerDelivery
INFO    2026-08-15 13:20:15,968 - iso15118.shared.states (139): Entered state DCChargeLoop
INFO    2026-08-15 13:20:15,992 - iso15118.shared.exi_codec (302): Decoded message (ns=urn:iso:std:iso:15118:-20:DC): {"DC_ChargeLoopReq":{"Header":{"SessionID":"099194C53240B184","TimeStamp":1786800015},"MeterInfoRequested":false,"EVPresentVoltage":{"Exponent":0,"Value":400},"Scheduled_DC_CLReqControlMode":{"EVTargetCurrent":{"Exponent":0,"Value":120},"EVTargetVoltage":{"Exponent":0,"Value":400}}}}
INFO    2026-08-15 13:20:15,992 - iso15118.shared.comm_session (235): DC_ChargeLoopReq received
INFO    2026-08-15 13:20:15,992 - iso15118.secc.controller.simulator (1103): Send display params to CS.
INFO    2026-08-15 13:20:15,993 - iso15118.shared.exi_codec (248): Message to encode (ns=urn:iso:std:iso:15118:-20:DC): {"DC_ChargeLoopRes": {"Header": {"SessionID": "099194C53240B184", "TimeStamp": 1786800015}, "ResponseCode": "OK", "EVSEPresentCurrent": {"Exponent": 0, "Value": 1}, "EVSEPresentVoltage": {"Exponent": 0, "Value": 1}, "EVSEPowerLimitAchieved": false, "EVSECurrentLimitAchieved": false, "EVSEVoltageLimitAchieved": false, "Scheduled_DC_CLResControlMode": {"EVSEMaximumChargePower": {"Exponent": 0, "Value": 1000}, "EVSEMinimumChargePower": {"Exponent": 0, "Value": 100}, "EVSEMaximumChargeCurrent": {"Exponent": 0, "Value": 100}, "EVSEMaximumVoltage": {"Exponent": 0, "Value": 500}}}}
INFO    2026-08-15 13:20:16,012 - iso15118.shared.comm_session (431): Sent DC_ChargeLoopRes
INFO    2026-08-15 13:20:16,012 - iso15118.secc.controller.simulator (766): iso15118 state: DCChargeLoop
INFO    2026-08-15 13:21:16,073 - iso15118.shared.comm_session (395): The data link will terminate in 2 seconds and the TCP connection will close in 5 seconds. 
INFO    2026-08-15 13:21:16,073 - iso15118.shared.comm_session (399): Reason: TimeoutError occurred. Waited for 60.0 s after sending last message: [Header = [0x1, 0xfe, 0x8004, 42], Payload = 80380404c8ca62992058c208fcf81d406200640000820000400080800e80701000c804003201001e8060)]
INFO    2026-08-15 13:21:18,075 - iso15118.secc.controller.simulator (1097): Session ended in DCChargeLoop (TimeoutError occurred. Waited for 60.0 s after sending last message: [Header = [0x1, 0xfe, 0x8004, 42], Payload = 80380404c8ca62992058c208fcf81d406200640000820000400080800e80701000c804003201001e8060)]).
INFO    2026-08-15 13:21:18,075 - iso15118.shared.comm_session (410): terminated the data link
INFO    2026-08-15 13:21:21,079 - iso15118.shared.comm_session (417): TCP connection closed to peer with address ('fe80::215:5dff:fe07:f821', 41982, 0, 2)
WARNING    2026-08-15 13:21:21,079 - iso15118.secc.transport.tcp_server (149): Closing TCP server
INFO    2026-08-15 13:21:21,079 - iso15118.secc.transport.udp_server (209): UDP server has been resumed.
