2026-08-15 03:11:58.717304 [INFO] manager          ::   ________      __                _   
2026-08-15 03:11:58.717527 [INFO] manager          ::  |  ____\ \    / /               | |
2026-08-15 03:11:58.717537 [INFO] manager          ::  | |__   \ \  / /__ _ __ ___  ___| |_
2026-08-15 03:11:58.717543 [INFO] manager          ::  |  __|   \ \/ / _ \ '__/ _ \/ __| __|
2026-08-15 03:11:58.717548 [INFO] manager          ::  | |____   \  /  __/ | |  __/\__ \ |_
2026-08-15 03:11:58.717554 [INFO] manager          ::  |______|   \/ \___|_|  \___||___/\__|
2026-08-15 03:11:58.717560 [INFO] manager          :: 
2026-08-15 03:11:58.717565 [INFO] manager          :: everest-framework 0.25.0-dev 2026.02.1
2026-08-15 03:11:58.717571 [INFO] manager          :: everest-core 2026.02.1-dev 2026.02.1
2026-08-15 03:11:58.717577 [INFO] manager          :: 
2026-08-15 03:11:58.717584 [INFO] manager          :: Using MQTT broker localhost:1883
2026-08-15 03:11:58.736684 [INFO] manager          :: Boot mode is set to YamlFile, loading module configs from YAML file
2026-08-15 03:11:58.736753 [INFO] manager          :: Loading config file at: /home/ahzf/everest/configs-ours/config-ac20bpt-reverse-ours.yaml
2026-08-15 03:11:58.855656 [INFO] manager          :: Config loading completed in 138ms
2026-08-15 03:11:58.857839 [INFO] manager          :: Starting 15 modules
2026-08-15 03:12:00.855453 [INFO] energy_manager:  :: Module energy_manager initialized [1972ms]
2026-08-15 03:12:00.857405 [INFO] api_sink:Energy  :: Module api_sink initialized [1977ms]
2026-08-15 03:12:00.857774 [INFO] connector_1_pow  :: Module connector_1_powerpath initialized [1975ms]
2026-08-15 03:12:00.857956 [INFO] error_history:E  :: Using database at "/tmp/error_history.db"
2026-08-15 03:12:00.858064 [INFO] error_history:E  :: Checking database
2026-08-15 03:12:00.860467 [INFO] error_history:E  :: Module error_history initialized [1973ms]
2026-08-15 03:12:00.861825 [INFO] auth:Auth        :: Module auth initialized [1979ms]
2026-08-15 03:12:00.862091 [INFO] api:API          :: Module api initialized [1982ms]
2026-08-15 03:12:00.866593 [INFO] token_validator  :: Module token_validator initialized [1966ms]
2026-08-15 03:12:00.868101 [WARN] evse_security:E evse_security::EvseSecurity::EvseSecurity(const evse_security::FilePaths&, const std::optional<std::__cxx11::basic_string<char> >&, const std::optional<long unsigned int>&, const std::optional<long unsigned int>&, const std::optional<std::chrono::duration<long int> >&, const std::optional<std::chrono::duration<long int> >&) :: Could not find configured CSMS bundle file at: /home/ahzf/everest/dist/etc/everest/certs/ca/csms/CSMS_ROOT_CA.pem, creating default!
2026-08-15 03:12:00.868359 [WARN] evse_security:E evse_security::EvseSecurity::EvseSecurity(const evse_security::FilePaths&, const std::optional<std::__cxx11::basic_string<char> >&, const std::optional<long unsigned int>&, const std::optional<long unsigned int>&, const std::optional<std::chrono::duration<long int> >&, const std::optional<std::chrono::duration<long int> >&) :: Could not find configured MF bundle file at: /home/ahzf/everest/dist/etc/everest/certs/ca/mf/MF_ROOT_CA.pem, creating default!
2026-08-15 03:12:00.868483 [INFO] evse_security:E  :: Module evse_security initialized [1977ms]
2026-08-15 03:12:00.868930 [INFO] slac:SlacSimula  :: Module slac initialized [1974ms]
2026-08-15 03:12:00.869320 [INFO] ev_manager:EvMa  :: Module ev_manager initialized [1980ms]
2026-08-15 03:12:00.869410 [INFO] grid_connection  :: Module grid_connection_point initialized [1977ms]
2026-08-15 03:12:00.872697 [INFO] iso15118_charge  :: Module iso15118_charger initialized [1976ms]
2026-08-15 03:12:00.876717 [INFO] token_provider:  :: Module token_provider initialized [1977ms]
2026-08-15 03:12:00.887814 [INFO] evse_manager:Ev  :: Module evse_manager initialized [1996ms]
2026-08-15 03:12:01.308655 [INFO] iso15118_car     :: Module iso15118_car initialized [2011ms]
2026-08-15 03:12:01.309376 [INFO] manager          :: Clearing retained topics published by manager during startup
2026-08-15 03:12:01.310592 [INFO] manager          :: 🚙🚙🚙 All modules are initialized. EVerest up and running [2599ms] 🚙🚙🚙
2026-08-15 03:12:01.494915 [WARN] auth:Auth       void module::ReservationHandler::load_reservations() :: Can not load reservations because no storage was configured.
2026-08-15 03:12:01.713550 [INFO] evse_security:E  :: Requesting leaf certificate info: V2G
2026-08-15 03:12:01.717291 [INFO] evse_security:E  :: Found valid leaf: ["/home/ahzf/everest/dist/etc/everest/certs/client/cso/CPO_CERT_CHAIN.pem"]
2026-08-15 03:12:01.717364 [INFO] evse_security:E  :: Not requiring all valid leafs, returning
2026-08-15 03:12:01.718172 [INFO] evse_manager:Ev  :: AC HLC mode enabled.
2026-08-15 03:12:01.767140 [INFO] evse_security:E  :: Requesting certificate file: [V2G] file:"/home/ahzf/everest/dist/etc/everest/certs/ca/v2g/V2G_ROOT_CA.pem"
2026-08-15 03:12:01.814742 [INFO] evse_manager:Ev  :: Ignoring BSP Event, BSP is not enabled yet.
2026-08-15 03:12:01.815367 [INFO] evse_security:E  :: Requesting certificate file: [MO] file:"/home/ahzf/everest/dist/etc/everest/certs/ca/mo/MO_ROOT_CA.pem"
2026-08-15 03:12:01.851002 [INFO] iso15118_charge  :: Using ethernet interface: lo
2026-08-15 03:12:01.851136 [INFO] iso15118_charge  :: Starting SDP server with address: ::
2026-08-15 03:12:01.902942 [INFO] evse_manager:Ev  :: Cleaning up any other transaction on start up
2026-08-15 03:12:02.035682 [INFO] evse_manager:Ev  :: 🌀🌀🌀 Ready to start charging 🌀🌀🌀
2026-08-15 03:12:05.622757 [INFO] connector_1_pow  :: Lock connector
2026-08-15 03:12:05.725066 [INFO] evse_manager:Ev  :: SYS  Session logging started.
2026-08-15 03:12:05.725250 [INFO] evse_manager:Ev  :: EVSE IEC Session Started: EVConnected
2026-08-15 03:12:05.726815 [INFO] auth:Auth        :: Plug In event for evse#1, starting auth
2026-08-15 03:12:05.726723 [INFO] token_provider:  :: Publishing new dummy token: {
    "authorization_type": "RFID",
    "id_token": {
        "type": "ISO14443",
        "value": "[redacted] hash: 29F2679CA504908"
    },
    "parent_id_token": {
        "type": "ISO14443",
        "value": "[redacted] hash: 29F2679CA504908"
    }
}
2026-08-15 03:12:05.727759 [INFO] auth:Auth        :: Received new token: {
    "authorization_type": "RFID",
    "id_token": {
        "type": "ISO14443",
        "value": "[redacted] hash: 29F2679CA504908"
    },
    "parent_id_token": {
        "type": "ISO14443",
        "value": "[redacted] hash: 29F2679CA504908"
    }
}
2026-08-15 03:12:05.729205 [INFO] token_validator  :: Got validation request for token: [redacted] hash: 29F2679CA504908
2026-08-15 03:12:05.979418 [INFO] token_validator  :: Returning validation status: Accepted
2026-08-15 03:12:05.980673 [INFO] auth:Auth        :: Providing authorization to evse#1
2026-08-15 03:12:06.026245 [INFO] evse_manager:Ev  :: EVSE IEC EIM Authorization received
2026-08-15 03:12:06.027059 [INFO] auth:Auth        :: Result for token: [redacted] hash: 29F2679CA504908: USED_TO_START_TRANSACTION
2026-08-15 03:12:06.114964 [INFO] evse_manager:Ev  :: EVSE IEC Transaction Started (0 kWh)
2026-08-15 03:12:06.115540 [INFO] evse_manager:Ev  :: EVSE IEC AC mode, HLC enabled(X1), matching already started. We are in X1 so we can go directly to nominal PWM.
2026-08-15 03:12:06.115653 [INFO] evse_manager:Ev  :: EVSE IEC Charger state: Wait for Auth->PrepareCharging
2026-08-15 03:12:06.116147 [INFO] evse_manager:Ev  :: EVSE IEC Set PWM On (53.3%) took 0 ms
2026-08-15 03:12:07.886865 [INFO] evse_manager:Ev  :: EVSE ISO SLAC MATCHED
2026-08-15 03:12:07.887192 [INFO] evse_manager:Ev  :: EVSE ISO D-LINK_READY (true)
2026-08-15 03:12:08.016860 [WARN] iso15118_car    pybind11_init_everestpy(pybind11::module_&)::<lambda(const std::string&)> :: The port 15118 does not match the mandatory UDP server port 15118.
2026-08-15 03:12:13.630686 [INFO] evse_manager:Ev  ::                                     CAR IEC Event CarRequestedPower
2026-08-15 03:12:13.630867 [INFO] evse_manager:Ev  :: EVSE IEC Charger state: PrepareCharging->Charging
2026-08-15 03:12:13.866216 [INFO] evse_manager:Ev  :: EVSE IEC Event PowerOn
2026-08-15 03:12:37.270847 [INFO] evse_manager:Ev  ::                                     CAR IEC Event CarRequestedStopPower
2026-08-15 03:12:37.271067 [INFO] evse_manager:Ev  :: EVSE IEC Stop in Charging: [IEC stop]
2026-08-15 03:12:37.271174 [INFO] evse_manager:Ev  :: EVSE IEC Charger state: Charging->StoppingCharging
2026-08-15 03:12:37.272142 [INFO] evse_manager:Ev  :: EVSE IEC Set PWM Off
2026-08-15 03:12:37.314803 [INFO] evse_manager:Ev  :: EVSE IEC Event PowerOff
2026-08-15 03:12:37.314992 [INFO] evse_manager:Ev  :: EVSE IEC Charger state: StoppingCharging->Car Paused
2026-08-15 03:12:37.315765 [INFO] evse_manager:Ev  :: EVSE IEC Soft overcurrent event (L1:32.19293, L2:32.19293, L3:32.19293, limit 0.55), starting timer.
2026-08-15 03:12:37.316017 [INFO] evse_manager:Ev  :: EVSE IEC Set PWM On (53.3%) took 0 ms
2026-08-15 03:12:43.578931 [INFO] ev_manager:EvMa  :: Finished simulation.
2026-08-15 03:12:43.890723 [INFO] connector_1_pow  :: Unlock connector
2026-08-15 03:12:43.974817 [INFO] evse_manager:Ev  :: EVSE ISO SLAC UNMATCHED
2026-08-15 03:12:43.975027 [INFO] evse_manager:Ev  :: EVSE ISO D-LINK_READY (false)
2026-08-15 03:12:44.018777 [INFO] evse_manager:Ev  ::                                     CAR IEC Event CarUnplugged
2026-08-15 03:12:44.019116 [INFO] evse_manager:Ev  :: EVSE IEC Stop in ChargingPausedEV: [EV unplugged]
2026-08-15 03:12:44.019216 [INFO] evse_manager:Ev  :: EVSE IEC Charger state: Car Paused->StoppingCharging
2026-08-15 03:12:44.019650 [INFO] evse_manager:Ev  :: EVSE IEC Set PWM Off
2026-08-15 03:12:44.106780 [INFO] evse_manager:Ev  :: EVSE IEC Charger state: StoppingCharging->Finished
2026-08-15 03:12:44.151127 [INFO] evse_manager:Ev  :: EVSE IEC Transaction Finished: EVDisconnected (0.131 kWh)
2026-08-15 03:12:44.334744 [INFO] evse_manager:Ev  :: EVSE IEC Session Finished
2026-08-15 03:12:44.334998 [INFO] evse_manager:Ev  :: SYS  Session logging stopped.
2026-08-15 03:12:44.378964 [INFO] evse_manager:Ev  :: All errors cleared
2026-08-15 03:12:44.379106 [INFO] evse_manager:Ev  :: All errors cleared
