2026-08-15 01:29:43.036287 [INFO] manager          ::   ________      __                _   
2026-08-15 01:29:43.036425 [INFO] manager          ::  |  ____\ \    / /               | |
2026-08-15 01:29:43.036435 [INFO] manager          ::  | |__   \ \  / /__ _ __ ___  ___| |_
2026-08-15 01:29:43.036441 [INFO] manager          ::  |  __|   \ \/ / _ \ '__/ _ \/ __| __|
2026-08-15 01:29:43.036446 [INFO] manager          ::  | |____   \  /  __/ | |  __/\__ \ |_
2026-08-15 01:29:43.036452 [INFO] manager          ::  |______|   \/ \___|_|  \___||___/\__|
2026-08-15 01:29:43.036458 [INFO] manager          :: 
2026-08-15 01:29:43.036463 [INFO] manager          :: everest-framework 0.25.0-dev 2026.02.1
2026-08-15 01:29:43.036469 [INFO] manager          :: everest-core 2026.02.1-dev 2026.02.1
2026-08-15 01:29:43.036474 [INFO] manager          :: 
2026-08-15 01:29:43.036481 [INFO] manager          :: Using MQTT broker localhost:1883
2026-08-15 01:29:43.056672 [INFO] manager          :: Boot mode is set to YamlFile, loading module configs from YAML file
2026-08-15 01:29:43.056724 [INFO] manager          :: Loading config file at: /home/ahzf/everest/configs-ours/config-dc20-dynamic-reverse-ours.yaml
2026-08-15 01:29:43.178186 [INFO] manager          :: Config loading completed in 141ms
2026-08-15 01:29:43.180927 [INFO] manager          :: Starting 18 modules
2026-08-15 01:29:45.417934 [INFO] imd:IMDSimulato  :: Module imd initialized [2202ms]
2026-08-15 01:29:45.417956 [INFO] api_sink:Energy  :: Module api_sink initialized [2214ms]
2026-08-15 01:29:45.418101 [INFO] energy_manager:  :: Module energy_manager initialized [2212ms]
2026-08-15 01:29:45.418258 [INFO] ev_api:EvAPI     :: Module ev_api initialized [2210ms]
2026-08-15 01:29:45.418684 [INFO] grid_connection  :: Module grid_connection_point initialized [2204ms]
2026-08-15 01:29:45.419043 [INFO] error_history:E  :: Using database at "/tmp/error_history.db"
2026-08-15 01:29:45.419157 [INFO] error_history:E  :: Checking database
2026-08-15 01:29:45.419105 [WARN] evse_security:E evse_security::EvseSecurity::EvseSecurity(const evse_security::FilePaths&, const std::optional<std::__cxx11::basic_string<char> >&, const std::optional<long unsigned int>&, const std::optional<long unsigned int>&, const std::optional<std::chrono::duration<long int> >&, const std::optional<std::chrono::duration<long int> >&) :: Could not find configured CSMS bundle file at: /home/ahzf/everest/dist/etc/everest/certs/ca/csms/CSMS_ROOT_CA.pem, creating default!
2026-08-15 01:29:45.419493 [WARN] evse_security:E evse_security::EvseSecurity::EvseSecurity(const evse_security::FilePaths&, const std::optional<std::__cxx11::basic_string<char> >&, const std::optional<long unsigned int>&, const std::optional<long unsigned int>&, const std::optional<std::chrono::duration<long int> >&, const std::optional<std::chrono::duration<long int> >&) :: Could not find configured MF bundle file at: /home/ahzf/everest/dist/etc/everest/certs/ca/mf/MF_ROOT_CA.pem, creating default!
2026-08-15 01:29:45.419637 [INFO] evse_security:E  :: Module evse_security initialized [2205ms]
2026-08-15 01:29:45.420653 [INFO] ev_manager:EvMa  :: Module ev_manager initialized [2211ms]2026-08-15 01:29:45.420781 [INFO] error_history:E  :: Module error_history initialized [2213ms]

2026-08-15 01:29:45.421742 [INFO] auth:Auth        :: Module auth initialized [2216ms]
2026-08-15 01:29:45.425468 [INFO] api:API          :: Module api initialized [2222ms]
2026-08-15 01:29:45.436989 [INFO] token_provider:  :: Module token_provider initialized [2215ms]
2026-08-15 01:29:45.438621 [INFO] token_validator  :: Module token_validator initialized [2215ms]
2026-08-15 01:29:45.441696 [INFO] slac:SlacSimula  :: Module slac initialized [2222ms]
2026-08-15 01:29:45.442347 [INFO] powersupply_dc:  :: Module powersupply_dc initialized [2222ms]
2026-08-15 01:29:45.442528 [INFO] iso15118_charge  :: Module iso15118_charger initialized [2221ms]
2026-08-15 01:29:45.450834 [INFO] evse_manager:Ev  :: Module evse_manager initialized [2236ms]
2026-08-15 01:29:45.485686 [INFO] yeti_driver:Yet  :: Module yeti_driver initialized [2264ms]
2026-08-15 01:29:45.873787 [INFO] iso15118_car     :: Module iso15118_car initialized [2265ms]
2026-08-15 01:29:45.914941 [INFO] manager          :: Clearing retained topics published by manager during startup
2026-08-15 01:29:45.916494 [INFO] manager          :: 🚙🚙🚙 All modules are initialized. EVerest up and running [2885ms] 🚙🚙🚙
2026-08-15 01:29:46.059695 [WARN] auth:Auth       void module::ReservationHandler::load_reservations() :: Can not load reservations because no storage was configured.
2026-08-15 01:29:46.462743 [INFO] evse_manager:Ev  :: Ignoring BSP Event, BSP is not enabled yet.
2026-08-15 01:29:46.563208 [INFO] evse_security:E  :: Requesting leaf certificate info: V2G
2026-08-15 01:29:46.566940 [INFO] evse_security:E  :: Found valid leaf: ["/home/ahzf/everest/dist/etc/everest/certs/client/cso/CPO_CERT_CHAIN.pem"]
2026-08-15 01:29:46.567016 [INFO] evse_security:E  :: Not requiring all valid leafs, returning
2026-08-15 01:29:46.651166 [INFO] evse_security:E  :: Requesting certificate file: [V2G] file:"/home/ahzf/everest/dist/etc/everest/certs/ca/v2g/V2G_ROOT_CA.pem"
2026-08-15 01:29:46.695913 [INFO] evse_security:E  :: Requesting certificate file: [MO] file:"/home/ahzf/everest/dist/etc/everest/certs/ca/mo/MO_ROOT_CA.pem"
2026-08-15 01:29:46.738931 [INFO] iso15118_charge  :: Using ethernet interface: lo
2026-08-15 01:29:46.739065 [INFO] iso15118_charge  :: Starting SDP server with address: ::
2026-08-15 01:29:47.094757 [INFO] evse_manager:Ev  :: Cleaning up any other transaction on start up
2026-08-15 01:29:47.271810 [INFO] evse_manager:Ev  :: 🌀🌀🌀 Ready to start charging 🌀🌀🌀
2026-08-15 01:29:50.364431 [INFO] evse_manager:Ev  :: SYS  Session logging started.
2026-08-15 01:29:50.364583 [INFO] evse_manager:Ev  :: EVSE IEC Session Started: EVConnected
2026-08-15 01:29:50.365534 [INFO] auth:Auth        :: Plug In event for evse#1, starting auth
2026-08-15 01:29:50.365603 [INFO] token_provider:  :: Publishing new dummy token: {
    "authorization_type": "RFID",
    "id_token": {
        "type": "ISO14443",
        "value": "[redacted] hash: CE55F71752B68164"
    },
    "parent_id_token": {
        "type": "ISO14443",
        "value": "[redacted] hash: CE55F71752B68164"
    }
}
2026-08-15 01:29:50.366545 [INFO] auth:Auth        :: Received new token: {
    "authorization_type": "RFID",
    "id_token": {
        "type": "ISO14443",
        "value": "[redacted] hash: CE55F71752B68164"
    },
    "parent_id_token": {
        "type": "ISO14443",
        "value": "[redacted] hash: CE55F71752B68164"
    }
}
2026-08-15 01:29:50.367773 [INFO] token_validator  :: Got validation request for token: [redacted] hash: CE55F71752B68164
2026-08-15 01:29:50.617943 [INFO] token_validator  :: Returning validation status: Accepted
2026-08-15 01:29:50.619333 [INFO] auth:Auth        :: Providing authorization to evse#1
2026-08-15 01:29:50.865417 [INFO] evse_manager:Ev  :: EVSE IEC Set PWM On (5.0%) took 0 ms
2026-08-15 01:29:51.010930 [INFO] evse_manager:Ev  :: EVSE IEC EIM Authorization received
2026-08-15 01:29:51.011940 [INFO] auth:Auth        :: Result for token: [redacted] hash: CE55F71752B68164: USED_TO_START_TRANSACTION
2026-08-15 01:29:51.142836 [INFO] evse_manager:Ev  :: EVSE IEC Transaction Started (0 kWh)
2026-08-15 01:29:51.143474 [INFO] evse_manager:Ev  :: EVSE IEC DC mode. We are in 5percent mode so we can continue without further action.
2026-08-15 01:29:51.143612 [INFO] evse_manager:Ev  :: EVSE IEC Charger state: Wait for Auth->PrepareCharging
2026-08-15 01:29:52.486737 [INFO] evse_manager:Ev  :: EVSE ISO SLAC MATCHED
2026-08-15 01:29:52.486981 [INFO] evse_manager:Ev  :: EVSE ISO D-LINK_READY (true)
2026-08-15 01:29:52.684213 [WARN] iso15118_car    pybind11_init_everestpy(pybind11::module_&)::<lambda(const std::string&)> :: The port 15118 does not match the mandatory UDP server port 15118.
2026-08-15 01:29:58.217749 [INFO] evse_manager:Ev  ::                                     CAR IEC Event CarRequestedPower
2026-08-15 01:30:17.650928 [INFO] evse_manager:Ev  ::                                     CAR IEC Event CarRequestedStopPower
2026-08-15 01:30:17.670346 [INFO] evse_manager:Ev  :: EVSE IEC Charger state: PrepareCharging->EVSE Paused
2026-08-15 01:30:17.670801 [INFO] evse_manager:Ev  :: EVSE IEC Set PWM Off
2026-08-15 01:30:17.758757 [INFO] evse_manager:Ev  :: EVSE ISO SLAC MATCHING
2026-08-15 01:30:17.758793 [INFO] evse_manager:Ev  :: EVSE IEC Charger state: EVSE Paused->PrepareCharging
2026-08-15 01:30:17.759524 [INFO] evse_manager:Ev  :: EVSE IEC Set PWM On (5.0%) took 0 ms
2026-08-15 01:30:26.434709 [INFO] ev_manager:EvMa  :: Finished simulation.
2026-08-15 01:30:26.718673 [INFO] evse_manager:Ev  :: EVSE ISO D-LINK_READY (false)
2026-08-15 01:30:26.718673 [INFO] evse_manager:Ev  :: EVSE ISO SLAC UNMATCHED
2026-08-15 01:30:26.806815 [INFO] evse_manager:Ev  ::                                     CAR IEC Event CarUnplugged
2026-08-15 01:30:26.806994 [INFO] evse_manager:Ev  :: EVSE IEC Stop in PrepareCharging: [EV unplugged]
2026-08-15 01:30:26.807129 [INFO] evse_manager:Ev  :: EVSE IEC Charger state: PrepareCharging->StoppingCharging
2026-08-15 01:30:26.807623 [INFO] evse_manager:Ev  :: EVSE IEC Set PWM Off
2026-08-15 01:30:26.850735 [INFO] evse_manager:Ev  :: EVSE IEC Charger state: StoppingCharging->Finished
2026-08-15 01:30:26.894963 [INFO] evse_manager:Ev  :: EVSE IEC Transaction Finished: EVDisconnected (0 kWh)
2026-08-15 01:30:27.078767 [INFO] evse_manager:Ev  :: EVSE IEC Session Finished
2026-08-15 01:30:27.078930 [INFO] evse_manager:Ev  :: SYS  Session logging stopped.
2026-08-15 01:30:27.126857 [INFO] evse_manager:Ev  :: All errors cleared
2026-08-15 01:30:27.126994 [INFO] evse_manager:Ev  :: All errors cleared
