# Frames as recorded, per direction. Ordering within a direction is real;
# the two directions are not interleaved, because the recording has no timestamps.

## EV -> station: 1055 byte(s), 41 frame(s)
[0] SupportedAppProtocolReq payloadType=0x8001 bytes=44
    01fe8001000000248000ebab9371d34b9b79d189a98989c1d191d191818999d26b9b3a232b30020000040040
[1] SessionSetupReq payloadType=0x8001 bytes=29
    01fe800100000015809802000000000000000011d01aaf37bc04080c00
[2] ServiceDiscoveryReq payloadType=0x8001 bytes=21
    01fe80010000000d80980235313a6e8e79d56851b8
[3] PaymentServiceSelectionReq payloadType=0x8001 bytes=24
    01fe80010000001080980235313a6e8e79d5685132001280
[4] AuthorizationReq payloadType=0x8001 bytes=21
    01fe80010000000d80980235313a6e8e79d5685008
[5] AuthorizationReq payloadType=0x8001 bytes=21
    01fe80010000000d80980235313a6e8e79d5685008
[6] ChargeParameterDiscoveryReq payloadType=0x8001 bytes=37
    01fe80010000001d80980235313a6e8e79d5685094ca400640618640088c40f40313205000
[7] CableCheckReq payloadType=0x8001 bytes=24
    01fe80010000001080980235313a6e8e79d5685031001900
[8] CableCheckReq payloadType=0x8001 bytes=24
    01fe80010000001080980235313a6e8e79d5685031001900
[9] CableCheckReq payloadType=0x8001 bytes=24
    01fe80010000001080980235313a6e8e79d5685031001900
[10] CableCheckReq payloadType=0x8001 bytes=24
    01fe80010000001080980235313a6e8e79d5685031001900
[11] CableCheckReq payloadType=0x8001 bytes=24
    01fe80010000001080980235313a6e8e79d5685031001900
[12] CableCheckReq payloadType=0x8001 bytes=24
    01fe80010000001080980235313a6e8e79d5685031001900
[13] CableCheckReq payloadType=0x8001 bytes=24
    01fe80010000001080980235313a6e8e79d5685031001900
[14] CableCheckReq payloadType=0x8001 bytes=24
    01fe80010000001080980235313a6e8e79d5685031001900
[15] CableCheckReq payloadType=0x8001 bytes=24
    01fe80010000001080980235313a6e8e79d5685031001900
[16] CableCheckReq payloadType=0x8001 bytes=24
    01fe80010000001080980235313a6e8e79d5685031001900
[17] CableCheckReq payloadType=0x8001 bytes=24
    01fe80010000001080980235313a6e8e79d5685031001900
[18] CableCheckReq payloadType=0x8001 bytes=24
    01fe80010000001080980235313a6e8e79d5685031001900
[19] CableCheckReq payloadType=0x8001 bytes=24
    01fe80010000001080980235313a6e8e79d5685031001900
[20] CableCheckReq payloadType=0x8001 bytes=24
    01fe80010000001080980235313a6e8e79d5685031001900
[21] CableCheckReq payloadType=0x8001 bytes=24
    01fe80010000001080980235313a6e8e79d5685031001900
[22] CableCheckReq payloadType=0x8001 bytes=24
    01fe80010000001080980235313a6e8e79d5685031001900
[23] CableCheckReq payloadType=0x8001 bytes=24
    01fe80010000001080980235313a6e8e79d5685031001900
[24] CableCheckReq payloadType=0x8001 bytes=24
    01fe80010000001080980235313a6e8e79d5685031001900
[25] CableCheckReq payloadType=0x8001 bytes=24
    01fe80010000001080980235313a6e8e79d5685031001900
[26] CableCheckReq payloadType=0x8001 bytes=24
    01fe80010000001080980235313a6e8e79d5685031001900
[27] CableCheckReq payloadType=0x8001 bytes=24
    01fe80010000001080980235313a6e8e79d5685031001900
[28] CableCheckReq payloadType=0x8001 bytes=24
    01fe80010000001080980235313a6e8e79d5685031001900
[29] CableCheckReq payloadType=0x8001 bytes=24
    01fe80010000001080980235313a6e8e79d5685031001900
[30] CableCheckReq payloadType=0x8001 bytes=24
    01fe80010000001080980235313a6e8e79d5685031001900
[31] CableCheckReq payloadType=0x8001 bytes=24
    01fe80010000001080980235313a6e8e79d5685031001900
[32] CableCheckReq payloadType=0x8001 bytes=24
    01fe80010000001080980235313a6e8e79d5685031001900
[33] CableCheckReq payloadType=0x8001 bytes=24
    01fe80010000001080980235313a6e8e79d5685031001900
[34] CableCheckReq payloadType=0x8001 bytes=24
    01fe80010000001080980235313a6e8e79d5685031001900
[35] PreChargeReq payloadType=0x8001 bytes=32
    01fe80010000001880980235313a6e8e79d56851710019018812006061801000
[36] PowerDeliveryReq payloadType=0x8001 bytes=30
    01fe80010000001680980235313a6e8e79d5685150000000020a130ea2c0
[37] CurrentDemandReq payloadType=0x8001 bytes=33
    01fe80010000001980980235313a6e8e79d56850d1001901860f0410c409003000
[38] PowerDeliveryReq payloadType=0x8001 bytes=24
    01fe80010000001080980235313a6e8e79d5685152000600
[39] ChargeParameterDiscoveryReq payloadType=0x8001 bytes=37
    01fe80010000001d80980235313a6e8e79d5685094ca400640618640088c40f40313205000
[40] PowerDeliveryReq payloadType=0x8001 bytes=30
    01fe80010000001680980235313a6e8e79d5685150000000020a130ea2c0

## station -> EV: 1236 byte(s), 41 frame(s)
[0] SupportedAppProtocolRes (OK_SuccessfulNegotiation) payloadType=0x8001 bytes=12
    01fe80010000000480400040
[1] SessionSetupRes (OK_NewSessionEstablished) payloadType=0x8001 bytes=39
    01fe80010000001f80980235313a6e8e79d56851e020451114a9413960a914c4c8ccd0d4a8c480
[2] ServiceDiscoveryRes (OK) payloadType=0x8001 bytes=27
    01fe80010000001380980235313a6e8e79d56851c0012004820324
[3] PaymentServiceSelectionRes (OK) payloadType=0x8001 bytes=22
    01fe80010000000e80980235313a6e8e79d568514000
[4] AuthorizationRes (OK) payloadType=0x8001 bytes=23
    01fe80010000000f80980235313a6e8e79d56850100200
[5] AuthorizationRes (OK) payloadType=0x8001 bytes=23
    01fe80010000000f80980235313a6e8e79d56850100000
[6] ChargeParameterDiscoveryRes (OK) payloadType=0x8001 bytes=71
    01fe80010000003f80980235313a6e8e79d56850a000000000002028c14105098750aa000000081061a01e08284c3a81081508c04180501081a01e020c050083014018c1209c00
[7] CableCheckRes (OK) payloadType=0x8001 bytes=27
    01fe80010000001380980235313a6e8e79d5685040000000010100
[8] CableCheckRes (OK) payloadType=0x8001 bytes=27
    01fe80010000001380980235313a6e8e79d5685040000000010100
[9] CableCheckRes (OK) payloadType=0x8001 bytes=27
    01fe80010000001380980235313a6e8e79d5685040000000010100
[10] CableCheckRes (OK) payloadType=0x8001 bytes=27
    01fe80010000001380980235313a6e8e79d5685040000000010100
[11] CableCheckRes (OK) payloadType=0x8001 bytes=27
    01fe80010000001380980235313a6e8e79d5685040000000010100
[12] CableCheckRes (OK) payloadType=0x8001 bytes=27
    01fe80010000001380980235313a6e8e79d5685040000000010100
[13] CableCheckRes (OK) payloadType=0x8001 bytes=27
    01fe80010000001380980235313a6e8e79d5685040000000010100
[14] CableCheckRes (OK) payloadType=0x8001 bytes=27
    01fe80010000001380980235313a6e8e79d5685040000000010100
[15] CableCheckRes (OK) payloadType=0x8001 bytes=27
    01fe80010000001380980235313a6e8e79d5685040000000010100
[16] CableCheckRes (OK) payloadType=0x8001 bytes=27
    01fe80010000001380980235313a6e8e79d5685040000000010100
[17] CableCheckRes (OK) payloadType=0x8001 bytes=27
    01fe80010000001380980235313a6e8e79d5685040000000010100
[18] CableCheckRes (OK) payloadType=0x8001 bytes=27
    01fe80010000001380980235313a6e8e79d5685040000000010100
[19] CableCheckRes (OK) payloadType=0x8001 bytes=27
    01fe80010000001380980235313a6e8e79d5685040000000010100
[20] CableCheckRes (OK) payloadType=0x8001 bytes=27
    01fe80010000001380980235313a6e8e79d5685040000000010100
[21] CableCheckRes (OK) payloadType=0x8001 bytes=27
    01fe80010000001380980235313a6e8e79d5685040000000010100
[22] CableCheckRes (OK) payloadType=0x8001 bytes=27
    01fe80010000001380980235313a6e8e79d5685040000000010100
[23] CableCheckRes (OK) payloadType=0x8001 bytes=27
    01fe80010000001380980235313a6e8e79d5685040000000010100
[24] CableCheckRes (OK) payloadType=0x8001 bytes=27
    01fe80010000001380980235313a6e8e79d5685040000000010100
[25] CableCheckRes (OK) payloadType=0x8001 bytes=27
    01fe80010000001380980235313a6e8e79d5685040000000010100
[26] CableCheckRes (OK) payloadType=0x8001 bytes=27
    01fe80010000001380980235313a6e8e79d5685040000000010100
[27] CableCheckRes (OK) payloadType=0x8001 bytes=27
    01fe80010000001380980235313a6e8e79d5685040000000010100
[28] CableCheckRes (OK) payloadType=0x8001 bytes=27
    01fe80010000001380980235313a6e8e79d5685040000000010100
[29] CableCheckRes (OK) payloadType=0x8001 bytes=27
    01fe80010000001380980235313a6e8e79d5685040000000010100
[30] CableCheckRes (OK) payloadType=0x8001 bytes=27
    01fe80010000001380980235313a6e8e79d5685040000000010100
[31] CableCheckRes (OK) payloadType=0x8001 bytes=27
    01fe80010000001380980235313a6e8e79d5685040000000210100
[32] CableCheckRes (OK) payloadType=0x8001 bytes=27
    01fe80010000001380980235313a6e8e79d5685040000000210100
[33] CableCheckRes (OK) payloadType=0x8001 bytes=27
    01fe80010000001380980235313a6e8e79d5685040000000210100
[34] CableCheckRes (OK) payloadType=0x8001 bytes=27
    01fe80010000001380980235313a6e8e79d5685040000000204000
[35] PreChargeRes (OK) payloadType=0x8001 bytes=30
    01fe80010000001680980235313a6e8e79d5685180000000204084000000
[36] PowerDeliveryRes (OK) payloadType=0x8001 bytes=26
    01fe80010000001280980235313a6e8e79d56851600400001020
[37] CurrentDemandRes (OK) payloadType=0x8001 bytes=84
    01fe80010000004c80980235313a6e8e79d56850e0000000204084000020c00000202102a1180218504e0080c50c0ac0101144452a504e582a4531323334352a3100000f44435f504f5745524d455445520001a0
[38] PowerDeliveryRes (OK) payloadType=0x8001 bytes=26
    01fe80010000001280980235313a6e8e79d56851600400001020
[39] ChargeParameterDiscoveryRes (OK) payloadType=0x8001 bytes=71
    01fe80010000003f80980235313a6e8e79d56850a000000000002028c14105098750aa000004081061a01e08284c3a81081508c04180501081a01e020c050083014018c1209c00
[40] PowerDeliveryRes (FAILED_SequenceError) payloadType=0x8001 bytes=26
    01fe80010000001280980235313a6e8e79d5685160a400010800
