Can't use SSL_get_servername
<<< TLS 1.2, RecordHeader [length 0005]
    17 03 03 00 4f
<<< TLS 1.3, InnerContent [length 0001]
    16
SSL_connect:TLSv1.3 read encrypted extensions
<<< TLS 1.3, Handshake [length 003e], CertificateRequest
    0d 00 00 3a 00 00 37 00 0d 00 2a 00 28 09 05 09
    06 09 04 04 03 05 03 06 03 08 07 08 08 08 1a 08
    1b 08 1c 08 09 08 0a 08 0b 08 04 08 05 08 06 04
    01 05 01 06 01 00 1b 00 05 04 00 01 00 03
<<< TLS 1.2, RecordHeader [length 0005]
    17 03 03 06 c0
<<< TLS 1.3, InnerContent [length 0001]
    16
SSL_connect:SSLv3/TLS read server certificate request
No client certificate CA names sent
Requested Signature Algorithms: id-ml-dsa-65:id-ml-dsa-87:id-ml-dsa-44:ECDSA+SHA256:ECDSA+SHA384:ECDSA+SHA512:ed25519:ed448:ecdsa_brainpoolP256r1_sha256:ecdsa_brainpoolP384r1_sha384:ecdsa_brainpoolP512r1_sha512:rsa_pss_pss_sha256:rsa_pss_pss_sha384:rsa_pss_pss_sha512:RSA-PSS+SHA256:RSA-PSS+SHA384:RSA-PSS+SHA512:RSA+SHA256:RSA+SHA384:RSA+SHA512
Peer signature type: ecdsa_secp256r1_sha256
Negotiated TLS1.3 group: X25519MLKEM768
New, TLSv1.3, Cipher is TLS_AES_256_GCM_SHA384
Protocol: TLSv1.3
