# Frames as recorded, per direction. Ordering within a direction is real;
# the two directions are not interleaved, because the recording has no timestamps.

## EV -> station: 9863 byte(s), 410 frame(s)
[0] SupportedAppProtocolReq payloadType=0x8001 bytes=44
    01fe8001000000248000ebab9371d34b9b79d189a98989c1d191d191818999d26b9b3a232b30020000040040
[1] SessionSetupReq payloadType=0x8001 bytes=29
    01fe800100000015809802000000000000000011d01aaf37bc04080c00
[2] ServiceDiscoveryReq payloadType=0x8001 bytes=21
    01fe80010000000d8098022cd6c00556fc4db4d1b8
[3] PaymentServiceSelectionReq payloadType=0x8001 bytes=24
    01fe8001000000108098022cd6c00556fc4db4d132001280
[4] AuthorizationReq payloadType=0x8001 bytes=21
    01fe80010000000d8098022cd6c00556fc4db4d008
[5] AuthorizationReq payloadType=0x8001 bytes=21
    01fe80010000000d8098022cd6c00556fc4db4d008
[6] AuthorizationReq payloadType=0x8001 bytes=21
    01fe80010000000d8098022cd6c00556fc4db4d008
[7] AuthorizationReq payloadType=0x8001 bytes=21
    01fe80010000000d8098022cd6c00556fc4db4d008
[8] ChargeParameterDiscoveryReq payloadType=0x8001 bytes=37
    01fe80010000001d8098022cd6c00556fc4db4d094ca400640618640088c40f40313205000
[9] CableCheckReq payloadType=0x8001 bytes=24
    01fe8001000000108098022cd6c00556fc4db4d031001900
[10] CableCheckReq payloadType=0x8001 bytes=24
    01fe8001000000108098022cd6c00556fc4db4d031001900
[11] CableCheckReq payloadType=0x8001 bytes=24
    01fe8001000000108098022cd6c00556fc4db4d031001900
[12] CableCheckReq payloadType=0x8001 bytes=24
    01fe8001000000108098022cd6c00556fc4db4d031001900
[13] CableCheckReq payloadType=0x8001 bytes=24
    01fe8001000000108098022cd6c00556fc4db4d031001900
[14] CableCheckReq payloadType=0x8001 bytes=24
    01fe8001000000108098022cd6c00556fc4db4d031001900
[15] CableCheckReq payloadType=0x8001 bytes=24
    01fe8001000000108098022cd6c00556fc4db4d031001900
[16] CableCheckReq payloadType=0x8001 bytes=24
    01fe8001000000108098022cd6c00556fc4db4d031001900
[17] CableCheckReq payloadType=0x8001 bytes=24
    01fe8001000000108098022cd6c00556fc4db4d031001900
[18] CableCheckReq payloadType=0x8001 bytes=24
    01fe8001000000108098022cd6c00556fc4db4d031001900
[19] CableCheckReq payloadType=0x8001 bytes=24
    01fe8001000000108098022cd6c00556fc4db4d031001900
[20] CableCheckReq payloadType=0x8001 bytes=24
    01fe8001000000108098022cd6c00556fc4db4d031001900
[21] CableCheckReq payloadType=0x8001 bytes=24
    01fe8001000000108098022cd6c00556fc4db4d031001900
[22] CableCheckReq payloadType=0x8001 bytes=24
    01fe8001000000108098022cd6c00556fc4db4d031001900
[23] CableCheckReq payloadType=0x8001 bytes=24
    01fe8001000000108098022cd6c00556fc4db4d031001900
[24] CableCheckReq payloadType=0x8001 bytes=24
    01fe8001000000108098022cd6c00556fc4db4d031001900
[25] CableCheckReq payloadType=0x8001 bytes=24
    01fe8001000000108098022cd6c00556fc4db4d031001900
[26] CableCheckReq payloadType=0x8001 bytes=24
    01fe8001000000108098022cd6c00556fc4db4d031001900
[27] CableCheckReq payloadType=0x8001 bytes=24
    01fe8001000000108098022cd6c00556fc4db4d031001900
[28] CableCheckReq payloadType=0x8001 bytes=24
    01fe8001000000108098022cd6c00556fc4db4d031001900
[29] CableCheckReq payloadType=0x8001 bytes=24
    01fe8001000000108098022cd6c00556fc4db4d031001900
[30] CableCheckReq payloadType=0x8001 bytes=24
    01fe8001000000108098022cd6c00556fc4db4d031001900
[31] CableCheckReq payloadType=0x8001 bytes=24
    01fe8001000000108098022cd6c00556fc4db4d031001900
[32] CableCheckReq payloadType=0x8001 bytes=24
    01fe8001000000108098022cd6c00556fc4db4d031001900
[33] CableCheckReq payloadType=0x8001 bytes=24
    01fe8001000000108098022cd6c00556fc4db4d031001900
[34] CableCheckReq payloadType=0x8001 bytes=24
    01fe8001000000108098022cd6c00556fc4db4d031001900
[35] CableCheckReq payloadType=0x8001 bytes=24
    01fe8001000000108098022cd6c00556fc4db4d031001900
[36] CableCheckReq payloadType=0x8001 bytes=24
    01fe8001000000108098022cd6c00556fc4db4d031001900
[37] CableCheckReq payloadType=0x8001 bytes=24
    01fe8001000000108098022cd6c00556fc4db4d031001900
[38] CableCheckReq payloadType=0x8001 bytes=24
    01fe8001000000108098022cd6c00556fc4db4d031001900
[39] CableCheckReq payloadType=0x8001 bytes=24
    01fe8001000000108098022cd6c00556fc4db4d031001900
[40] CableCheckReq payloadType=0x8001 bytes=24
    01fe8001000000108098022cd6c00556fc4db4d031001900
[41] CableCheckReq payloadType=0x8001 bytes=24
    01fe8001000000108098022cd6c00556fc4db4d031001900
[42] CableCheckReq payloadType=0x8001 bytes=24
    01fe8001000000108098022cd6c00556fc4db4d031001900
[43] CableCheckReq payloadType=0x8001 bytes=24
    01fe8001000000108098022cd6c00556fc4db4d031001900
[44] CableCheckReq payloadType=0x8001 bytes=24
    01fe8001000000108098022cd6c00556fc4db4d031001900
[45] CableCheckReq payloadType=0x8001 bytes=24
    01fe8001000000108098022cd6c00556fc4db4d031001900
[46] CableCheckReq payloadType=0x8001 bytes=24
    01fe8001000000108098022cd6c00556fc4db4d031001900
[47] CableCheckReq payloadType=0x8001 bytes=24
    01fe8001000000108098022cd6c00556fc4db4d031001900
[48] CableCheckReq payloadType=0x8001 bytes=24
    01fe8001000000108098022cd6c00556fc4db4d031001900
[49] CableCheckReq payloadType=0x8001 bytes=24
    01fe8001000000108098022cd6c00556fc4db4d031001900
[50] CableCheckReq payloadType=0x8001 bytes=24
    01fe8001000000108098022cd6c00556fc4db4d031001900
[51] CableCheckReq payloadType=0x8001 bytes=24
    01fe8001000000108098022cd6c00556fc4db4d031001900
[52] CableCheckReq payloadType=0x8001 bytes=24
    01fe8001000000108098022cd6c00556fc4db4d031001900
[53] CableCheckReq payloadType=0x8001 bytes=24
    01fe8001000000108098022cd6c00556fc4db4d031001900
[54] CableCheckReq payloadType=0x8001 bytes=24
    01fe8001000000108098022cd6c00556fc4db4d031001900
[55] CableCheckReq payloadType=0x8001 bytes=24
    01fe8001000000108098022cd6c00556fc4db4d031001900
[56] CableCheckReq payloadType=0x8001 bytes=24
    01fe8001000000108098022cd6c00556fc4db4d031001900
[57] CableCheckReq payloadType=0x8001 bytes=24
    01fe8001000000108098022cd6c00556fc4db4d031001900
[58] CableCheckReq payloadType=0x8001 bytes=24
    01fe8001000000108098022cd6c00556fc4db4d031001900
[59] CableCheckReq payloadType=0x8001 bytes=24
    01fe8001000000108098022cd6c00556fc4db4d031001900
[60] CableCheckReq payloadType=0x8001 bytes=24
    01fe8001000000108098022cd6c00556fc4db4d031001900
[61] CableCheckReq payloadType=0x8001 bytes=24
    01fe8001000000108098022cd6c00556fc4db4d031001900
[62] CableCheckReq payloadType=0x8001 bytes=24
    01fe8001000000108098022cd6c00556fc4db4d031001900
[63] CableCheckReq payloadType=0x8001 bytes=24
    01fe8001000000108098022cd6c00556fc4db4d031001900
[64] CableCheckReq payloadType=0x8001 bytes=24
    01fe8001000000108098022cd6c00556fc4db4d031001900
[65] CableCheckReq payloadType=0x8001 bytes=24
    01fe8001000000108098022cd6c00556fc4db4d031001900
[66] CableCheckReq payloadType=0x8001 bytes=24
    01fe8001000000108098022cd6c00556fc4db4d031001900
[67] CableCheckReq payloadType=0x8001 bytes=24
    01fe8001000000108098022cd6c00556fc4db4d031001900
[68] CableCheckReq payloadType=0x8001 bytes=24
    01fe8001000000108098022cd6c00556fc4db4d031001900
[69] CableCheckReq payloadType=0x8001 bytes=24
    01fe8001000000108098022cd6c00556fc4db4d031001900
[70] CableCheckReq payloadType=0x8001 bytes=24
    01fe8001000000108098022cd6c00556fc4db4d031001900
[71] CableCheckReq payloadType=0x8001 bytes=24
    01fe8001000000108098022cd6c00556fc4db4d031001900
[72] CableCheckReq payloadType=0x8001 bytes=24
    01fe8001000000108098022cd6c00556fc4db4d031001900
[73] CableCheckReq payloadType=0x8001 bytes=24
    01fe8001000000108098022cd6c00556fc4db4d031001900
[74] CableCheckReq payloadType=0x8001 bytes=24
    01fe8001000000108098022cd6c00556fc4db4d031001900
[75] CableCheckReq payloadType=0x8001 bytes=24
    01fe8001000000108098022cd6c00556fc4db4d031001900
[76] CableCheckReq payloadType=0x8001 bytes=24
    01fe8001000000108098022cd6c00556fc4db4d031001900
[77] CableCheckReq payloadType=0x8001 bytes=24
    01fe8001000000108098022cd6c00556fc4db4d031001900
[78] CableCheckReq payloadType=0x8001 bytes=24
    01fe8001000000108098022cd6c00556fc4db4d031001900
[79] CableCheckReq payloadType=0x8001 bytes=24
    01fe8001000000108098022cd6c00556fc4db4d031001900
[80] CableCheckReq payloadType=0x8001 bytes=24
    01fe8001000000108098022cd6c00556fc4db4d031001900
[81] CableCheckReq payloadType=0x8001 bytes=24
    01fe8001000000108098022cd6c00556fc4db4d031001900
[82] CableCheckReq payloadType=0x8001 bytes=24
    01fe8001000000108098022cd6c00556fc4db4d031001900
[83] CableCheckReq payloadType=0x8001 bytes=24
    01fe8001000000108098022cd6c00556fc4db4d031001900
[84] CableCheckReq payloadType=0x8001 bytes=24
    01fe8001000000108098022cd6c00556fc4db4d031001900
[85] CableCheckReq payloadType=0x8001 bytes=24
    01fe8001000000108098022cd6c00556fc4db4d031001900
[86] CableCheckReq payloadType=0x8001 bytes=24
    01fe8001000000108098022cd6c00556fc4db4d031001900
[87] CableCheckReq payloadType=0x8001 bytes=24
    01fe8001000000108098022cd6c00556fc4db4d031001900
[88] CableCheckReq payloadType=0x8001 bytes=24
    01fe8001000000108098022cd6c00556fc4db4d031001900
[89] CableCheckReq payloadType=0x8001 bytes=24
    01fe8001000000108098022cd6c00556fc4db4d031001900
[90] CableCheckReq payloadType=0x8001 bytes=24
    01fe8001000000108098022cd6c00556fc4db4d031001900
[91] CableCheckReq payloadType=0x8001 bytes=24
    01fe8001000000108098022cd6c00556fc4db4d031001900
[92] CableCheckReq payloadType=0x8001 bytes=24
    01fe8001000000108098022cd6c00556fc4db4d031001900
[93] CableCheckReq payloadType=0x8001 bytes=24
    01fe8001000000108098022cd6c00556fc4db4d031001900
[94] CableCheckReq payloadType=0x8001 bytes=24
    01fe8001000000108098022cd6c00556fc4db4d031001900
[95] CableCheckReq payloadType=0x8001 bytes=24
    01fe8001000000108098022cd6c00556fc4db4d031001900
[96] CableCheckReq payloadType=0x8001 bytes=24
    01fe8001000000108098022cd6c00556fc4db4d031001900
[97] CableCheckReq payloadType=0x8001 bytes=24
    01fe8001000000108098022cd6c00556fc4db4d031001900
[98] CableCheckReq payloadType=0x8001 bytes=24
    01fe8001000000108098022cd6c00556fc4db4d031001900
[99] CableCheckReq payloadType=0x8001 bytes=24
    01fe8001000000108098022cd6c00556fc4db4d031001900
[100] CableCheckReq payloadType=0x8001 bytes=24
    01fe8001000000108098022cd6c00556fc4db4d031001900
[101] CableCheckReq payloadType=0x8001 bytes=24
    01fe8001000000108098022cd6c00556fc4db4d031001900
[102] CableCheckReq payloadType=0x8001 bytes=24
    01fe8001000000108098022cd6c00556fc4db4d031001900
[103] CableCheckReq payloadType=0x8001 bytes=24
    01fe8001000000108098022cd6c00556fc4db4d031001900
[104] CableCheckReq payloadType=0x8001 bytes=24
    01fe8001000000108098022cd6c00556fc4db4d031001900
[105] CableCheckReq payloadType=0x8001 bytes=24
    01fe8001000000108098022cd6c00556fc4db4d031001900
[106] CableCheckReq payloadType=0x8001 bytes=24
    01fe8001000000108098022cd6c00556fc4db4d031001900
[107] CableCheckReq payloadType=0x8001 bytes=24
    01fe8001000000108098022cd6c00556fc4db4d031001900
[108] CableCheckReq payloadType=0x8001 bytes=24
    01fe8001000000108098022cd6c00556fc4db4d031001900
[109] CableCheckReq payloadType=0x8001 bytes=24
    01fe8001000000108098022cd6c00556fc4db4d031001900
[110] CableCheckReq payloadType=0x8001 bytes=24
    01fe8001000000108098022cd6c00556fc4db4d031001900
[111] CableCheckReq payloadType=0x8001 bytes=24
    01fe8001000000108098022cd6c00556fc4db4d031001900
[112] CableCheckReq payloadType=0x8001 bytes=24
    01fe8001000000108098022cd6c00556fc4db4d031001900
[113] CableCheckReq payloadType=0x8001 bytes=24
    01fe8001000000108098022cd6c00556fc4db4d031001900
[114] CableCheckReq payloadType=0x8001 bytes=24
    01fe8001000000108098022cd6c00556fc4db4d031001900
[115] CableCheckReq payloadType=0x8001 bytes=24
    01fe8001000000108098022cd6c00556fc4db4d031001900
[116] CableCheckReq payloadType=0x8001 bytes=24
    01fe8001000000108098022cd6c00556fc4db4d031001900
[117] CableCheckReq payloadType=0x8001 bytes=24
    01fe8001000000108098022cd6c00556fc4db4d031001900
[118] CableCheckReq payloadType=0x8001 bytes=24
    01fe8001000000108098022cd6c00556fc4db4d031001900
[119] CableCheckReq payloadType=0x8001 bytes=24
    01fe8001000000108098022cd6c00556fc4db4d031001900
[120] CableCheckReq payloadType=0x8001 bytes=24
    01fe8001000000108098022cd6c00556fc4db4d031001900
[121] CableCheckReq payloadType=0x8001 bytes=24
    01fe8001000000108098022cd6c00556fc4db4d031001900
[122] CableCheckReq payloadType=0x8001 bytes=24
    01fe8001000000108098022cd6c00556fc4db4d031001900
[123] CableCheckReq payloadType=0x8001 bytes=24
    01fe8001000000108098022cd6c00556fc4db4d031001900
[124] CableCheckReq payloadType=0x8001 bytes=24
    01fe8001000000108098022cd6c00556fc4db4d031001900
[125] CableCheckReq payloadType=0x8001 bytes=24
    01fe8001000000108098022cd6c00556fc4db4d031001900
[126] CableCheckReq payloadType=0x8001 bytes=24
    01fe8001000000108098022cd6c00556fc4db4d031001900
[127] CableCheckReq payloadType=0x8001 bytes=24
    01fe8001000000108098022cd6c00556fc4db4d031001900
[128] CableCheckReq payloadType=0x8001 bytes=24
    01fe8001000000108098022cd6c00556fc4db4d031001900
[129] CableCheckReq payloadType=0x8001 bytes=24
    01fe8001000000108098022cd6c00556fc4db4d031001900
[130] CableCheckReq payloadType=0x8001 bytes=24
    01fe8001000000108098022cd6c00556fc4db4d031001900
[131] CableCheckReq payloadType=0x8001 bytes=24
    01fe8001000000108098022cd6c00556fc4db4d031001900
[132] CableCheckReq payloadType=0x8001 bytes=24
    01fe8001000000108098022cd6c00556fc4db4d031001900
[133] CableCheckReq payloadType=0x8001 bytes=24
    01fe8001000000108098022cd6c00556fc4db4d031001900
[134] CableCheckReq payloadType=0x8001 bytes=24
    01fe8001000000108098022cd6c00556fc4db4d031001900
[135] CableCheckReq payloadType=0x8001 bytes=24
    01fe8001000000108098022cd6c00556fc4db4d031001900
[136] CableCheckReq payloadType=0x8001 bytes=24
    01fe8001000000108098022cd6c00556fc4db4d031001900
[137] CableCheckReq payloadType=0x8001 bytes=24
    01fe8001000000108098022cd6c00556fc4db4d031001900
[138] CableCheckReq payloadType=0x8001 bytes=24
    01fe8001000000108098022cd6c00556fc4db4d031001900
[139] CableCheckReq payloadType=0x8001 bytes=24
    01fe8001000000108098022cd6c00556fc4db4d031001900
[140] CableCheckReq payloadType=0x8001 bytes=24
    01fe8001000000108098022cd6c00556fc4db4d031001900
[141] CableCheckReq payloadType=0x8001 bytes=24
    01fe8001000000108098022cd6c00556fc4db4d031001900
[142] CableCheckReq payloadType=0x8001 bytes=24
    01fe8001000000108098022cd6c00556fc4db4d031001900
[143] CableCheckReq payloadType=0x8001 bytes=24
    01fe8001000000108098022cd6c00556fc4db4d031001900
[144] CableCheckReq payloadType=0x8001 bytes=24
    01fe8001000000108098022cd6c00556fc4db4d031001900
[145] CableCheckReq payloadType=0x8001 bytes=24
    01fe8001000000108098022cd6c00556fc4db4d031001900
[146] CableCheckReq payloadType=0x8001 bytes=24
    01fe8001000000108098022cd6c00556fc4db4d031001900
[147] CableCheckReq payloadType=0x8001 bytes=24
    01fe8001000000108098022cd6c00556fc4db4d031001900
[148] CableCheckReq payloadType=0x8001 bytes=24
    01fe8001000000108098022cd6c00556fc4db4d031001900
[149] CableCheckReq payloadType=0x8001 bytes=24
    01fe8001000000108098022cd6c00556fc4db4d031001900
[150] CableCheckReq payloadType=0x8001 bytes=24
    01fe8001000000108098022cd6c00556fc4db4d031001900
[151] CableCheckReq payloadType=0x8001 bytes=24
    01fe8001000000108098022cd6c00556fc4db4d031001900
[152] CableCheckReq payloadType=0x8001 bytes=24
    01fe8001000000108098022cd6c00556fc4db4d031001900
[153] CableCheckReq payloadType=0x8001 bytes=24
    01fe8001000000108098022cd6c00556fc4db4d031001900
[154] CableCheckReq payloadType=0x8001 bytes=24
    01fe8001000000108098022cd6c00556fc4db4d031001900
[155] CableCheckReq payloadType=0x8001 bytes=24
    01fe8001000000108098022cd6c00556fc4db4d031001900
[156] CableCheckReq payloadType=0x8001 bytes=24
    01fe8001000000108098022cd6c00556fc4db4d031001900
[157] CableCheckReq payloadType=0x8001 bytes=24
    01fe8001000000108098022cd6c00556fc4db4d031001900
[158] CableCheckReq payloadType=0x8001 bytes=24
    01fe8001000000108098022cd6c00556fc4db4d031001900
[159] CableCheckReq payloadType=0x8001 bytes=24
    01fe8001000000108098022cd6c00556fc4db4d031001900
[160] CableCheckReq payloadType=0x8001 bytes=24
    01fe8001000000108098022cd6c00556fc4db4d031001900
[161] CableCheckReq payloadType=0x8001 bytes=24
    01fe8001000000108098022cd6c00556fc4db4d031001900
[162] CableCheckReq payloadType=0x8001 bytes=24
    01fe8001000000108098022cd6c00556fc4db4d031001900
[163] CableCheckReq payloadType=0x8001 bytes=24
    01fe8001000000108098022cd6c00556fc4db4d031001900
[164] CableCheckReq payloadType=0x8001 bytes=24
    01fe8001000000108098022cd6c00556fc4db4d031001900
[165] CableCheckReq payloadType=0x8001 bytes=24
    01fe8001000000108098022cd6c00556fc4db4d031001900
[166] CableCheckReq payloadType=0x8001 bytes=24
    01fe8001000000108098022cd6c00556fc4db4d031001900
[167] CableCheckReq payloadType=0x8001 bytes=24
    01fe8001000000108098022cd6c00556fc4db4d031001900
[168] CableCheckReq payloadType=0x8001 bytes=24
    01fe8001000000108098022cd6c00556fc4db4d031001900
[169] CableCheckReq payloadType=0x8001 bytes=24
    01fe8001000000108098022cd6c00556fc4db4d031001900
[170] CableCheckReq payloadType=0x8001 bytes=24
    01fe8001000000108098022cd6c00556fc4db4d031001900
[171] CableCheckReq payloadType=0x8001 bytes=24
    01fe8001000000108098022cd6c00556fc4db4d031001900
[172] CableCheckReq payloadType=0x8001 bytes=24
    01fe8001000000108098022cd6c00556fc4db4d031001900
[173] CableCheckReq payloadType=0x8001 bytes=24
    01fe8001000000108098022cd6c00556fc4db4d031001900
[174] CableCheckReq payloadType=0x8001 bytes=24
    01fe8001000000108098022cd6c00556fc4db4d031001900
[175] CableCheckReq payloadType=0x8001 bytes=24
    01fe8001000000108098022cd6c00556fc4db4d031001900
[176] CableCheckReq payloadType=0x8001 bytes=24
    01fe8001000000108098022cd6c00556fc4db4d031001900
[177] CableCheckReq payloadType=0x8001 bytes=24
    01fe8001000000108098022cd6c00556fc4db4d031001900
[178] CableCheckReq payloadType=0x8001 bytes=24
    01fe8001000000108098022cd6c00556fc4db4d031001900
[179] CableCheckReq payloadType=0x8001 bytes=24
    01fe8001000000108098022cd6c00556fc4db4d031001900
[180] CableCheckReq payloadType=0x8001 bytes=24
    01fe8001000000108098022cd6c00556fc4db4d031001900
[181] CableCheckReq payloadType=0x8001 bytes=24
    01fe8001000000108098022cd6c00556fc4db4d031001900
[182] CableCheckReq payloadType=0x8001 bytes=24
    01fe8001000000108098022cd6c00556fc4db4d031001900
[183] CableCheckReq payloadType=0x8001 bytes=24
    01fe8001000000108098022cd6c00556fc4db4d031001900
[184] CableCheckReq payloadType=0x8001 bytes=24
    01fe8001000000108098022cd6c00556fc4db4d031001900
[185] CableCheckReq payloadType=0x8001 bytes=24
    01fe8001000000108098022cd6c00556fc4db4d031001900
[186] CableCheckReq payloadType=0x8001 bytes=24
    01fe8001000000108098022cd6c00556fc4db4d031001900
[187] CableCheckReq payloadType=0x8001 bytes=24
    01fe8001000000108098022cd6c00556fc4db4d031001900
[188] CableCheckReq payloadType=0x8001 bytes=24
    01fe8001000000108098022cd6c00556fc4db4d031001900
[189] CableCheckReq payloadType=0x8001 bytes=24
    01fe8001000000108098022cd6c00556fc4db4d031001900
[190] CableCheckReq payloadType=0x8001 bytes=24
    01fe8001000000108098022cd6c00556fc4db4d031001900
[191] CableCheckReq payloadType=0x8001 bytes=24
    01fe8001000000108098022cd6c00556fc4db4d031001900
[192] CableCheckReq payloadType=0x8001 bytes=24
    01fe8001000000108098022cd6c00556fc4db4d031001900
[193] CableCheckReq payloadType=0x8001 bytes=24
    01fe8001000000108098022cd6c00556fc4db4d031001900
[194] CableCheckReq payloadType=0x8001 bytes=24
    01fe8001000000108098022cd6c00556fc4db4d031001900
[195] CableCheckReq payloadType=0x8001 bytes=24
    01fe8001000000108098022cd6c00556fc4db4d031001900
[196] CableCheckReq payloadType=0x8001 bytes=24
    01fe8001000000108098022cd6c00556fc4db4d031001900
[197] CableCheckReq payloadType=0x8001 bytes=24
    01fe8001000000108098022cd6c00556fc4db4d031001900
[198] CableCheckReq payloadType=0x8001 bytes=24
    01fe8001000000108098022cd6c00556fc4db4d031001900
[199] CableCheckReq payloadType=0x8001 bytes=24
    01fe8001000000108098022cd6c00556fc4db4d031001900
[200] CableCheckReq payloadType=0x8001 bytes=24
    01fe8001000000108098022cd6c00556fc4db4d031001900
[201] CableCheckReq payloadType=0x8001 bytes=24
    01fe8001000000108098022cd6c00556fc4db4d031001900
[202] CableCheckReq payloadType=0x8001 bytes=24
    01fe8001000000108098022cd6c00556fc4db4d031001900
[203] CableCheckReq payloadType=0x8001 bytes=24
    01fe8001000000108098022cd6c00556fc4db4d031001900
[204] CableCheckReq payloadType=0x8001 bytes=24
    01fe8001000000108098022cd6c00556fc4db4d031001900
[205] CableCheckReq payloadType=0x8001 bytes=24
    01fe8001000000108098022cd6c00556fc4db4d031001900
[206] CableCheckReq payloadType=0x8001 bytes=24
    01fe8001000000108098022cd6c00556fc4db4d031001900
[207] CableCheckReq payloadType=0x8001 bytes=24
    01fe8001000000108098022cd6c00556fc4db4d031001900
[208] CableCheckReq payloadType=0x8001 bytes=24
    01fe8001000000108098022cd6c00556fc4db4d031001900
[209] CableCheckReq payloadType=0x8001 bytes=24
    01fe8001000000108098022cd6c00556fc4db4d031001900
[210] CableCheckReq payloadType=0x8001 bytes=24
    01fe8001000000108098022cd6c00556fc4db4d031001900
[211] CableCheckReq payloadType=0x8001 bytes=24
    01fe8001000000108098022cd6c00556fc4db4d031001900
[212] CableCheckReq payloadType=0x8001 bytes=24
    01fe8001000000108098022cd6c00556fc4db4d031001900
[213] CableCheckReq payloadType=0x8001 bytes=24
    01fe8001000000108098022cd6c00556fc4db4d031001900
[214] CableCheckReq payloadType=0x8001 bytes=24
    01fe8001000000108098022cd6c00556fc4db4d031001900
[215] CableCheckReq payloadType=0x8001 bytes=24
    01fe8001000000108098022cd6c00556fc4db4d031001900
[216] CableCheckReq payloadType=0x8001 bytes=24
    01fe8001000000108098022cd6c00556fc4db4d031001900
[217] CableCheckReq payloadType=0x8001 bytes=24
    01fe8001000000108098022cd6c00556fc4db4d031001900
[218] CableCheckReq payloadType=0x8001 bytes=24
    01fe8001000000108098022cd6c00556fc4db4d031001900
[219] CableCheckReq payloadType=0x8001 bytes=24
    01fe8001000000108098022cd6c00556fc4db4d031001900
[220] CableCheckReq payloadType=0x8001 bytes=24
    01fe8001000000108098022cd6c00556fc4db4d031001900
[221] CableCheckReq payloadType=0x8001 bytes=24
    01fe8001000000108098022cd6c00556fc4db4d031001900
[222] CableCheckReq payloadType=0x8001 bytes=24
    01fe8001000000108098022cd6c00556fc4db4d031001900
[223] CableCheckReq payloadType=0x8001 bytes=24
    01fe8001000000108098022cd6c00556fc4db4d031001900
[224] CableCheckReq payloadType=0x8001 bytes=24
    01fe8001000000108098022cd6c00556fc4db4d031001900
[225] CableCheckReq payloadType=0x8001 bytes=24
    01fe8001000000108098022cd6c00556fc4db4d031001900
[226] CableCheckReq payloadType=0x8001 bytes=24
    01fe8001000000108098022cd6c00556fc4db4d031001900
[227] CableCheckReq payloadType=0x8001 bytes=24
    01fe8001000000108098022cd6c00556fc4db4d031001900
[228] CableCheckReq payloadType=0x8001 bytes=24
    01fe8001000000108098022cd6c00556fc4db4d031001900
[229] CableCheckReq payloadType=0x8001 bytes=24
    01fe8001000000108098022cd6c00556fc4db4d031001900
[230] CableCheckReq payloadType=0x8001 bytes=24
    01fe8001000000108098022cd6c00556fc4db4d031001900
[231] CableCheckReq payloadType=0x8001 bytes=24
    01fe8001000000108098022cd6c00556fc4db4d031001900
[232] CableCheckReq payloadType=0x8001 bytes=24
    01fe8001000000108098022cd6c00556fc4db4d031001900
[233] CableCheckReq payloadType=0x8001 bytes=24
    01fe8001000000108098022cd6c00556fc4db4d031001900
[234] CableCheckReq payloadType=0x8001 bytes=24
    01fe8001000000108098022cd6c00556fc4db4d031001900
[235] CableCheckReq payloadType=0x8001 bytes=24
    01fe8001000000108098022cd6c00556fc4db4d031001900
[236] CableCheckReq payloadType=0x8001 bytes=24
    01fe8001000000108098022cd6c00556fc4db4d031001900
[237] CableCheckReq payloadType=0x8001 bytes=24
    01fe8001000000108098022cd6c00556fc4db4d031001900
[238] CableCheckReq payloadType=0x8001 bytes=24
    01fe8001000000108098022cd6c00556fc4db4d031001900
[239] CableCheckReq payloadType=0x8001 bytes=24
    01fe8001000000108098022cd6c00556fc4db4d031001900
[240] CableCheckReq payloadType=0x8001 bytes=24
    01fe8001000000108098022cd6c00556fc4db4d031001900
[241] CableCheckReq payloadType=0x8001 bytes=24
    01fe8001000000108098022cd6c00556fc4db4d031001900
[242] CableCheckReq payloadType=0x8001 bytes=24
    01fe8001000000108098022cd6c00556fc4db4d031001900
[243] CableCheckReq payloadType=0x8001 bytes=24
    01fe8001000000108098022cd6c00556fc4db4d031001900
[244] CableCheckReq payloadType=0x8001 bytes=24
    01fe8001000000108098022cd6c00556fc4db4d031001900
[245] CableCheckReq payloadType=0x8001 bytes=24
    01fe8001000000108098022cd6c00556fc4db4d031001900
[246] CableCheckReq payloadType=0x8001 bytes=24
    01fe8001000000108098022cd6c00556fc4db4d031001900
[247] CableCheckReq payloadType=0x8001 bytes=24
    01fe8001000000108098022cd6c00556fc4db4d031001900
[248] CableCheckReq payloadType=0x8001 bytes=24
    01fe8001000000108098022cd6c00556fc4db4d031001900
[249] CableCheckReq payloadType=0x8001 bytes=24
    01fe8001000000108098022cd6c00556fc4db4d031001900
[250] CableCheckReq payloadType=0x8001 bytes=24
    01fe8001000000108098022cd6c00556fc4db4d031001900
[251] CableCheckReq payloadType=0x8001 bytes=24
    01fe8001000000108098022cd6c00556fc4db4d031001900
[252] CableCheckReq payloadType=0x8001 bytes=24
    01fe8001000000108098022cd6c00556fc4db4d031001900
[253] CableCheckReq payloadType=0x8001 bytes=24
    01fe8001000000108098022cd6c00556fc4db4d031001900
[254] CableCheckReq payloadType=0x8001 bytes=24
    01fe8001000000108098022cd6c00556fc4db4d031001900
[255] CableCheckReq payloadType=0x8001 bytes=24
    01fe8001000000108098022cd6c00556fc4db4d031001900
[256] CableCheckReq payloadType=0x8001 bytes=24
    01fe8001000000108098022cd6c00556fc4db4d031001900
[257] CableCheckReq payloadType=0x8001 bytes=24
    01fe8001000000108098022cd6c00556fc4db4d031001900
[258] CableCheckReq payloadType=0x8001 bytes=24
    01fe8001000000108098022cd6c00556fc4db4d031001900
[259] CableCheckReq payloadType=0x8001 bytes=24
    01fe8001000000108098022cd6c00556fc4db4d031001900
[260] CableCheckReq payloadType=0x8001 bytes=24
    01fe8001000000108098022cd6c00556fc4db4d031001900
[261] CableCheckReq payloadType=0x8001 bytes=24
    01fe8001000000108098022cd6c00556fc4db4d031001900
[262] CableCheckReq payloadType=0x8001 bytes=24
    01fe8001000000108098022cd6c00556fc4db4d031001900
[263] CableCheckReq payloadType=0x8001 bytes=24
    01fe8001000000108098022cd6c00556fc4db4d031001900
[264] CableCheckReq payloadType=0x8001 bytes=24
    01fe8001000000108098022cd6c00556fc4db4d031001900
[265] CableCheckReq payloadType=0x8001 bytes=24
    01fe8001000000108098022cd6c00556fc4db4d031001900
[266] CableCheckReq payloadType=0x8001 bytes=24
    01fe8001000000108098022cd6c00556fc4db4d031001900
[267] CableCheckReq payloadType=0x8001 bytes=24
    01fe8001000000108098022cd6c00556fc4db4d031001900
[268] CableCheckReq payloadType=0x8001 bytes=24
    01fe8001000000108098022cd6c00556fc4db4d031001900
[269] CableCheckReq payloadType=0x8001 bytes=24
    01fe8001000000108098022cd6c00556fc4db4d031001900
[270] CableCheckReq payloadType=0x8001 bytes=24
    01fe8001000000108098022cd6c00556fc4db4d031001900
[271] CableCheckReq payloadType=0x8001 bytes=24
    01fe8001000000108098022cd6c00556fc4db4d031001900
[272] CableCheckReq payloadType=0x8001 bytes=24
    01fe8001000000108098022cd6c00556fc4db4d031001900
[273] CableCheckReq payloadType=0x8001 bytes=24
    01fe8001000000108098022cd6c00556fc4db4d031001900
[274] CableCheckReq payloadType=0x8001 bytes=24
    01fe8001000000108098022cd6c00556fc4db4d031001900
[275] CableCheckReq payloadType=0x8001 bytes=24
    01fe8001000000108098022cd6c00556fc4db4d031001900
[276] CableCheckReq payloadType=0x8001 bytes=24
    01fe8001000000108098022cd6c00556fc4db4d031001900
[277] CableCheckReq payloadType=0x8001 bytes=24
    01fe8001000000108098022cd6c00556fc4db4d031001900
[278] CableCheckReq payloadType=0x8001 bytes=24
    01fe8001000000108098022cd6c00556fc4db4d031001900
[279] CableCheckReq payloadType=0x8001 bytes=24
    01fe8001000000108098022cd6c00556fc4db4d031001900
[280] CableCheckReq payloadType=0x8001 bytes=24
    01fe8001000000108098022cd6c00556fc4db4d031001900
[281] CableCheckReq payloadType=0x8001 bytes=24
    01fe8001000000108098022cd6c00556fc4db4d031001900
[282] CableCheckReq payloadType=0x8001 bytes=24
    01fe8001000000108098022cd6c00556fc4db4d031001900
[283] CableCheckReq payloadType=0x8001 bytes=24
    01fe8001000000108098022cd6c00556fc4db4d031001900
[284] CableCheckReq payloadType=0x8001 bytes=24
    01fe8001000000108098022cd6c00556fc4db4d031001900
[285] CableCheckReq payloadType=0x8001 bytes=24
    01fe8001000000108098022cd6c00556fc4db4d031001900
[286] CableCheckReq payloadType=0x8001 bytes=24
    01fe8001000000108098022cd6c00556fc4db4d031001900
[287] CableCheckReq payloadType=0x8001 bytes=24
    01fe8001000000108098022cd6c00556fc4db4d031001900
[288] CableCheckReq payloadType=0x8001 bytes=24
    01fe8001000000108098022cd6c00556fc4db4d031001900
[289] CableCheckReq payloadType=0x8001 bytes=24
    01fe8001000000108098022cd6c00556fc4db4d031001900
[290] CableCheckReq payloadType=0x8001 bytes=24
    01fe8001000000108098022cd6c00556fc4db4d031001900
[291] CableCheckReq payloadType=0x8001 bytes=24
    01fe8001000000108098022cd6c00556fc4db4d031001900
[292] CableCheckReq payloadType=0x8001 bytes=24
    01fe8001000000108098022cd6c00556fc4db4d031001900
[293] CableCheckReq payloadType=0x8001 bytes=24
    01fe8001000000108098022cd6c00556fc4db4d031001900
[294] CableCheckReq payloadType=0x8001 bytes=24
    01fe8001000000108098022cd6c00556fc4db4d031001900
[295] CableCheckReq payloadType=0x8001 bytes=24
    01fe8001000000108098022cd6c00556fc4db4d031001900
[296] CableCheckReq payloadType=0x8001 bytes=24
    01fe8001000000108098022cd6c00556fc4db4d031001900
[297] CableCheckReq payloadType=0x8001 bytes=24
    01fe8001000000108098022cd6c00556fc4db4d031001900
[298] CableCheckReq payloadType=0x8001 bytes=24
    01fe8001000000108098022cd6c00556fc4db4d031001900
[299] CableCheckReq payloadType=0x8001 bytes=24
    01fe8001000000108098022cd6c00556fc4db4d031001900
[300] CableCheckReq payloadType=0x8001 bytes=24
    01fe8001000000108098022cd6c00556fc4db4d031001900
[301] CableCheckReq payloadType=0x8001 bytes=24
    01fe8001000000108098022cd6c00556fc4db4d031001900
[302] CableCheckReq payloadType=0x8001 bytes=24
    01fe8001000000108098022cd6c00556fc4db4d031001900
[303] CableCheckReq payloadType=0x8001 bytes=24
    01fe8001000000108098022cd6c00556fc4db4d031001900
[304] CableCheckReq payloadType=0x8001 bytes=24
    01fe8001000000108098022cd6c00556fc4db4d031001900
[305] CableCheckReq payloadType=0x8001 bytes=24
    01fe8001000000108098022cd6c00556fc4db4d031001900
[306] CableCheckReq payloadType=0x8001 bytes=24
    01fe8001000000108098022cd6c00556fc4db4d031001900
[307] CableCheckReq payloadType=0x8001 bytes=24
    01fe8001000000108098022cd6c00556fc4db4d031001900
[308] CableCheckReq payloadType=0x8001 bytes=24
    01fe8001000000108098022cd6c00556fc4db4d031001900
[309] CableCheckReq payloadType=0x8001 bytes=24
    01fe8001000000108098022cd6c00556fc4db4d031001900
[310] CableCheckReq payloadType=0x8001 bytes=24
    01fe8001000000108098022cd6c00556fc4db4d031001900
[311] CableCheckReq payloadType=0x8001 bytes=24
    01fe8001000000108098022cd6c00556fc4db4d031001900
[312] CableCheckReq payloadType=0x8001 bytes=24
    01fe8001000000108098022cd6c00556fc4db4d031001900
[313] CableCheckReq payloadType=0x8001 bytes=24
    01fe8001000000108098022cd6c00556fc4db4d031001900
[314] CableCheckReq payloadType=0x8001 bytes=24
    01fe8001000000108098022cd6c00556fc4db4d031001900
[315] CableCheckReq payloadType=0x8001 bytes=24
    01fe8001000000108098022cd6c00556fc4db4d031001900
[316] CableCheckReq payloadType=0x8001 bytes=24
    01fe8001000000108098022cd6c00556fc4db4d031001900
[317] CableCheckReq payloadType=0x8001 bytes=24
    01fe8001000000108098022cd6c00556fc4db4d031001900
[318] CableCheckReq payloadType=0x8001 bytes=24
    01fe8001000000108098022cd6c00556fc4db4d031001900
[319] CableCheckReq payloadType=0x8001 bytes=24
    01fe8001000000108098022cd6c00556fc4db4d031001900
[320] CableCheckReq payloadType=0x8001 bytes=24
    01fe8001000000108098022cd6c00556fc4db4d031001900
[321] CableCheckReq payloadType=0x8001 bytes=24
    01fe8001000000108098022cd6c00556fc4db4d031001900
[322] CableCheckReq payloadType=0x8001 bytes=24
    01fe8001000000108098022cd6c00556fc4db4d031001900
[323] CableCheckReq payloadType=0x8001 bytes=24
    01fe8001000000108098022cd6c00556fc4db4d031001900
[324] CableCheckReq payloadType=0x8001 bytes=24
    01fe8001000000108098022cd6c00556fc4db4d031001900
[325] CableCheckReq payloadType=0x8001 bytes=24
    01fe8001000000108098022cd6c00556fc4db4d031001900
[326] CableCheckReq payloadType=0x8001 bytes=24
    01fe8001000000108098022cd6c00556fc4db4d031001900
[327] CableCheckReq payloadType=0x8001 bytes=24
    01fe8001000000108098022cd6c00556fc4db4d031001900
[328] CableCheckReq payloadType=0x8001 bytes=24
    01fe8001000000108098022cd6c00556fc4db4d031001900
[329] CableCheckReq payloadType=0x8001 bytes=24
    01fe8001000000108098022cd6c00556fc4db4d031001900
[330] CableCheckReq payloadType=0x8001 bytes=24
    01fe8001000000108098022cd6c00556fc4db4d031001900
[331] CableCheckReq payloadType=0x8001 bytes=24
    01fe8001000000108098022cd6c00556fc4db4d031001900
[332] CableCheckReq payloadType=0x8001 bytes=24
    01fe8001000000108098022cd6c00556fc4db4d031001900
[333] CableCheckReq payloadType=0x8001 bytes=24
    01fe8001000000108098022cd6c00556fc4db4d031001900
[334] CableCheckReq payloadType=0x8001 bytes=24
    01fe8001000000108098022cd6c00556fc4db4d031001900
[335] CableCheckReq payloadType=0x8001 bytes=24
    01fe8001000000108098022cd6c00556fc4db4d031001900
[336] CableCheckReq payloadType=0x8001 bytes=24
    01fe8001000000108098022cd6c00556fc4db4d031001900
[337] CableCheckReq payloadType=0x8001 bytes=24
    01fe8001000000108098022cd6c00556fc4db4d031001900
[338] CableCheckReq payloadType=0x8001 bytes=24
    01fe8001000000108098022cd6c00556fc4db4d031001900
[339] CableCheckReq payloadType=0x8001 bytes=24
    01fe8001000000108098022cd6c00556fc4db4d031001900
[340] CableCheckReq payloadType=0x8001 bytes=24
    01fe8001000000108098022cd6c00556fc4db4d031001900
[341] CableCheckReq payloadType=0x8001 bytes=24
    01fe8001000000108098022cd6c00556fc4db4d031001900
[342] CableCheckReq payloadType=0x8001 bytes=24
    01fe8001000000108098022cd6c00556fc4db4d031001900
[343] CableCheckReq payloadType=0x8001 bytes=24
    01fe8001000000108098022cd6c00556fc4db4d031001900
[344] CableCheckReq payloadType=0x8001 bytes=24
    01fe8001000000108098022cd6c00556fc4db4d031001900
[345] CableCheckReq payloadType=0x8001 bytes=24
    01fe8001000000108098022cd6c00556fc4db4d031001900
[346] CableCheckReq payloadType=0x8001 bytes=24
    01fe8001000000108098022cd6c00556fc4db4d031001900
[347] CableCheckReq payloadType=0x8001 bytes=24
    01fe8001000000108098022cd6c00556fc4db4d031001900
[348] CableCheckReq payloadType=0x8001 bytes=24
    01fe8001000000108098022cd6c00556fc4db4d031001900
[349] CableCheckReq payloadType=0x8001 bytes=24
    01fe8001000000108098022cd6c00556fc4db4d031001900
[350] CableCheckReq payloadType=0x8001 bytes=24
    01fe8001000000108098022cd6c00556fc4db4d031001900
[351] CableCheckReq payloadType=0x8001 bytes=24
    01fe8001000000108098022cd6c00556fc4db4d031001900
[352] CableCheckReq payloadType=0x8001 bytes=24
    01fe8001000000108098022cd6c00556fc4db4d031001900
[353] CableCheckReq payloadType=0x8001 bytes=24
    01fe8001000000108098022cd6c00556fc4db4d031001900
[354] CableCheckReq payloadType=0x8001 bytes=24
    01fe8001000000108098022cd6c00556fc4db4d031001900
[355] CableCheckReq payloadType=0x8001 bytes=24
    01fe8001000000108098022cd6c00556fc4db4d031001900
[356] CableCheckReq payloadType=0x8001 bytes=24
    01fe8001000000108098022cd6c00556fc4db4d031001900
[357] CableCheckReq payloadType=0x8001 bytes=24
    01fe8001000000108098022cd6c00556fc4db4d031001900
[358] CableCheckReq payloadType=0x8001 bytes=24
    01fe8001000000108098022cd6c00556fc4db4d031001900
[359] CableCheckReq payloadType=0x8001 bytes=24
    01fe8001000000108098022cd6c00556fc4db4d031001900
[360] CableCheckReq payloadType=0x8001 bytes=24
    01fe8001000000108098022cd6c00556fc4db4d031001900
[361] CableCheckReq payloadType=0x8001 bytes=24
    01fe8001000000108098022cd6c00556fc4db4d031001900
[362] CableCheckReq payloadType=0x8001 bytes=24
    01fe8001000000108098022cd6c00556fc4db4d031001900
[363] CableCheckReq payloadType=0x8001 bytes=24
    01fe8001000000108098022cd6c00556fc4db4d031001900
[364] CableCheckReq payloadType=0x8001 bytes=24
    01fe8001000000108098022cd6c00556fc4db4d031001900
[365] CableCheckReq payloadType=0x8001 bytes=24
    01fe8001000000108098022cd6c00556fc4db4d031001900
[366] CableCheckReq payloadType=0x8001 bytes=24
    01fe8001000000108098022cd6c00556fc4db4d031001900
[367] CableCheckReq payloadType=0x8001 bytes=24
    01fe8001000000108098022cd6c00556fc4db4d031001900
[368] CableCheckReq payloadType=0x8001 bytes=24
    01fe8001000000108098022cd6c00556fc4db4d031001900
[369] CableCheckReq payloadType=0x8001 bytes=24
    01fe8001000000108098022cd6c00556fc4db4d031001900
[370] CableCheckReq payloadType=0x8001 bytes=24
    01fe8001000000108098022cd6c00556fc4db4d031001900
[371] CableCheckReq payloadType=0x8001 bytes=24
    01fe8001000000108098022cd6c00556fc4db4d031001900
[372] CableCheckReq payloadType=0x8001 bytes=24
    01fe8001000000108098022cd6c00556fc4db4d031001900
[373] CableCheckReq payloadType=0x8001 bytes=24
    01fe8001000000108098022cd6c00556fc4db4d031001900
[374] CableCheckReq payloadType=0x8001 bytes=24
    01fe8001000000108098022cd6c00556fc4db4d031001900
[375] CableCheckReq payloadType=0x8001 bytes=24
    01fe8001000000108098022cd6c00556fc4db4d031001900
[376] CableCheckReq payloadType=0x8001 bytes=24
    01fe8001000000108098022cd6c00556fc4db4d031001900
[377] CableCheckReq payloadType=0x8001 bytes=24
    01fe8001000000108098022cd6c00556fc4db4d031001900
[378] CableCheckReq payloadType=0x8001 bytes=24
    01fe8001000000108098022cd6c00556fc4db4d031001900
[379] CableCheckReq payloadType=0x8001 bytes=24
    01fe8001000000108098022cd6c00556fc4db4d031001900
[380] CableCheckReq payloadType=0x8001 bytes=24
    01fe8001000000108098022cd6c00556fc4db4d031001900
[381] CableCheckReq payloadType=0x8001 bytes=24
    01fe8001000000108098022cd6c00556fc4db4d031001900
[382] CableCheckReq payloadType=0x8001 bytes=24
    01fe8001000000108098022cd6c00556fc4db4d031001900
[383] CableCheckReq payloadType=0x8001 bytes=24
    01fe8001000000108098022cd6c00556fc4db4d031001900
[384] CableCheckReq payloadType=0x8001 bytes=24
    01fe8001000000108098022cd6c00556fc4db4d031001900
[385] CableCheckReq payloadType=0x8001 bytes=24
    01fe8001000000108098022cd6c00556fc4db4d031001900
[386] CableCheckReq payloadType=0x8001 bytes=24
    01fe8001000000108098022cd6c00556fc4db4d031001900
[387] CableCheckReq payloadType=0x8001 bytes=24
    01fe8001000000108098022cd6c00556fc4db4d031001900
[388] CableCheckReq payloadType=0x8001 bytes=24
    01fe8001000000108098022cd6c00556fc4db4d031001900
[389] CableCheckReq payloadType=0x8001 bytes=24
    01fe8001000000108098022cd6c00556fc4db4d031001900
[390] CableCheckReq payloadType=0x8001 bytes=24
    01fe8001000000108098022cd6c00556fc4db4d031001900
[391] CableCheckReq payloadType=0x8001 bytes=24
    01fe8001000000108098022cd6c00556fc4db4d031001900
[392] CableCheckReq payloadType=0x8001 bytes=24
    01fe8001000000108098022cd6c00556fc4db4d031001900
[393] CableCheckReq payloadType=0x8001 bytes=24
    01fe8001000000108098022cd6c00556fc4db4d031001900
[394] CableCheckReq payloadType=0x8001 bytes=24
    01fe8001000000108098022cd6c00556fc4db4d031001900
[395] CableCheckReq payloadType=0x8001 bytes=24
    01fe8001000000108098022cd6c00556fc4db4d031001900
[396] CableCheckReq payloadType=0x8001 bytes=24
    01fe8001000000108098022cd6c00556fc4db4d031001900
[397] CableCheckReq payloadType=0x8001 bytes=24
    01fe8001000000108098022cd6c00556fc4db4d031001900
[398] CableCheckReq payloadType=0x8001 bytes=24
    01fe8001000000108098022cd6c00556fc4db4d031001900
[399] CableCheckReq payloadType=0x8001 bytes=24
    01fe8001000000108098022cd6c00556fc4db4d031001900
[400] CableCheckReq payloadType=0x8001 bytes=24
    01fe8001000000108098022cd6c00556fc4db4d031001900
[401] CableCheckReq payloadType=0x8001 bytes=24
    01fe8001000000108098022cd6c00556fc4db4d031001900
[402] CableCheckReq payloadType=0x8001 bytes=24
    01fe8001000000108098022cd6c00556fc4db4d031001900
[403] CableCheckReq payloadType=0x8001 bytes=24
    01fe8001000000108098022cd6c00556fc4db4d031001900
[404] CableCheckReq payloadType=0x8001 bytes=24
    01fe8001000000108098022cd6c00556fc4db4d031001900
[405] CableCheckReq payloadType=0x8001 bytes=24
    01fe8001000000108098022cd6c00556fc4db4d031001900
[406] CableCheckReq payloadType=0x8001 bytes=24
    01fe8001000000108098022cd6c00556fc4db4d031001900
[407] CableCheckReq payloadType=0x8001 bytes=24
    01fe8001000000108098022cd6c00556fc4db4d031001900
[408] CableCheckReq payloadType=0x8001 bytes=24
    01fe8001000000108098022cd6c00556fc4db4d031001900
[409] CableCheckReq payloadType=0x8001 bytes=24
    01fe8001000000108098022cd6c00556fc4db4d031001900

## station -> EV: 11090 byte(s), 410 frame(s)
[0] SupportedAppProtocolRes (OK_SuccessfulNegotiation) payloadType=0x8001 bytes=12
    01fe80010000000480400040
[1] SessionSetupRes (OK_NewSessionEstablished) payloadType=0x8001 bytes=39
    01fe80010000001f8098022cd6c00556fc4db4d1e020451114a9413960a914c4c8ccd0d4a8c480
[2] ServiceDiscoveryRes (OK) payloadType=0x8001 bytes=27
    01fe8001000000138098022cd6c00556fc4db4d1c0012004820324
[3] PaymentServiceSelectionRes (OK) payloadType=0x8001 bytes=22
    01fe80010000000e8098022cd6c00556fc4db4d14000
[4] AuthorizationRes (OK) payloadType=0x8001 bytes=23
    01fe80010000000f8098022cd6c00556fc4db4d0100200
[5] AuthorizationRes (OK) payloadType=0x8001 bytes=23
    01fe80010000000f8098022cd6c00556fc4db4d0100200
[6] AuthorizationRes (OK) payloadType=0x8001 bytes=23
    01fe80010000000f8098022cd6c00556fc4db4d0100100
[7] AuthorizationRes (OK) payloadType=0x8001 bytes=23
    01fe80010000000f8098022cd6c00556fc4db4d0100000
[8] ChargeParameterDiscoveryRes (OK) payloadType=0x8001 bytes=71
    01fe80010000003f8098022cd6c00556fc4db4d0a000000000002028c14105098750aa000000081061a01e08284c3a81081508c04180501081a01e020c050083014018c1209c00
[9] CableCheckRes (OK) payloadType=0x8001 bytes=27
    01fe8001000000138098022cd6c00556fc4db4d040000000010100
[10] CableCheckRes (OK) payloadType=0x8001 bytes=27
    01fe8001000000138098022cd6c00556fc4db4d040000000010100
[11] CableCheckRes (OK) payloadType=0x8001 bytes=27
    01fe8001000000138098022cd6c00556fc4db4d040000000010100
[12] CableCheckRes (OK) payloadType=0x8001 bytes=27
    01fe8001000000138098022cd6c00556fc4db4d040000000010100
[13] CableCheckRes (OK) payloadType=0x8001 bytes=27
    01fe8001000000138098022cd6c00556fc4db4d040000000010100
[14] CableCheckRes (OK) payloadType=0x8001 bytes=27
    01fe8001000000138098022cd6c00556fc4db4d040000000010100
[15] CableCheckRes (OK) payloadType=0x8001 bytes=27
    01fe8001000000138098022cd6c00556fc4db4d040000000010100
[16] CableCheckRes (OK) payloadType=0x8001 bytes=27
    01fe8001000000138098022cd6c00556fc4db4d040000000010100
[17] CableCheckRes (OK) payloadType=0x8001 bytes=27
    01fe8001000000138098022cd6c00556fc4db4d040000000010100
[18] CableCheckRes (OK) payloadType=0x8001 bytes=27
    01fe8001000000138098022cd6c00556fc4db4d040000000010100
[19] CableCheckRes (OK) payloadType=0x8001 bytes=27
    01fe8001000000138098022cd6c00556fc4db4d040000000010100
[20] CableCheckRes (OK) payloadType=0x8001 bytes=27
    01fe8001000000138098022cd6c00556fc4db4d040000000010100
[21] CableCheckRes (OK) payloadType=0x8001 bytes=27
    01fe8001000000138098022cd6c00556fc4db4d040000000010100
[22] CableCheckRes (OK) payloadType=0x8001 bytes=27
    01fe8001000000138098022cd6c00556fc4db4d040000000010100
[23] CableCheckRes (OK) payloadType=0x8001 bytes=27
    01fe8001000000138098022cd6c00556fc4db4d040000000010100
[24] CableCheckRes (OK) payloadType=0x8001 bytes=27
    01fe8001000000138098022cd6c00556fc4db4d040000000010100
[25] CableCheckRes (OK) payloadType=0x8001 bytes=27
    01fe8001000000138098022cd6c00556fc4db4d040000000010100
[26] CableCheckRes (OK) payloadType=0x8001 bytes=27
    01fe8001000000138098022cd6c00556fc4db4d040000000010100
[27] CableCheckRes (OK) payloadType=0x8001 bytes=27
    01fe8001000000138098022cd6c00556fc4db4d040000000010100
[28] CableCheckRes (OK) payloadType=0x8001 bytes=27
    01fe8001000000138098022cd6c00556fc4db4d040000000010100
[29] CableCheckRes (OK) payloadType=0x8001 bytes=27
    01fe8001000000138098022cd6c00556fc4db4d040000000010100
[30] CableCheckRes (OK) payloadType=0x8001 bytes=27
    01fe8001000000138098022cd6c00556fc4db4d040000000010100
[31] CableCheckRes (OK) payloadType=0x8001 bytes=27
    01fe8001000000138098022cd6c00556fc4db4d040000000010100
[32] CableCheckRes (OK) payloadType=0x8001 bytes=27
    01fe8001000000138098022cd6c00556fc4db4d040000000010100
[33] CableCheckRes (OK) payloadType=0x8001 bytes=27
    01fe8001000000138098022cd6c00556fc4db4d040000000010100
[34] CableCheckRes (OK) payloadType=0x8001 bytes=27
    01fe8001000000138098022cd6c00556fc4db4d040000000010100
[35] CableCheckRes (OK) payloadType=0x8001 bytes=27
    01fe8001000000138098022cd6c00556fc4db4d040000000010100
[36] CableCheckRes (OK) payloadType=0x8001 bytes=27
    01fe8001000000138098022cd6c00556fc4db4d040000000010100
[37] CableCheckRes (OK) payloadType=0x8001 bytes=27
    01fe8001000000138098022cd6c00556fc4db4d040000000010100
[38] CableCheckRes (OK) payloadType=0x8001 bytes=27
    01fe8001000000138098022cd6c00556fc4db4d040000000010100
[39] CableCheckRes (OK) payloadType=0x8001 bytes=27
    01fe8001000000138098022cd6c00556fc4db4d040000000010100
[40] CableCheckRes (OK) payloadType=0x8001 bytes=27
    01fe8001000000138098022cd6c00556fc4db4d040000000010100
[41] CableCheckRes (OK) payloadType=0x8001 bytes=27
    01fe8001000000138098022cd6c00556fc4db4d040000000010100
[42] CableCheckRes (OK) payloadType=0x8001 bytes=27
    01fe8001000000138098022cd6c00556fc4db4d040000000010100
[43] CableCheckRes (OK) payloadType=0x8001 bytes=27
    01fe8001000000138098022cd6c00556fc4db4d040000000010100
[44] CableCheckRes (OK) payloadType=0x8001 bytes=27
    01fe8001000000138098022cd6c00556fc4db4d040000000010100
[45] CableCheckRes (OK) payloadType=0x8001 bytes=27
    01fe8001000000138098022cd6c00556fc4db4d040000000010100
[46] CableCheckRes (OK) payloadType=0x8001 bytes=27
    01fe8001000000138098022cd6c00556fc4db4d040000000010100
[47] CableCheckRes (OK) payloadType=0x8001 bytes=27
    01fe8001000000138098022cd6c00556fc4db4d040000000010100
[48] CableCheckRes (OK) payloadType=0x8001 bytes=27
    01fe8001000000138098022cd6c00556fc4db4d040000000010100
[49] CableCheckRes (OK) payloadType=0x8001 bytes=27
    01fe8001000000138098022cd6c00556fc4db4d040000000010100
[50] CableCheckRes (OK) payloadType=0x8001 bytes=27
    01fe8001000000138098022cd6c00556fc4db4d040000000010100
[51] CableCheckRes (OK) payloadType=0x8001 bytes=27
    01fe8001000000138098022cd6c00556fc4db4d040000000010100
[52] CableCheckRes (OK) payloadType=0x8001 bytes=27
    01fe8001000000138098022cd6c00556fc4db4d040000000010100
[53] CableCheckRes (OK) payloadType=0x8001 bytes=27
    01fe8001000000138098022cd6c00556fc4db4d040000000010100
[54] CableCheckRes (OK) payloadType=0x8001 bytes=27
    01fe8001000000138098022cd6c00556fc4db4d040000000010100
[55] CableCheckRes (OK) payloadType=0x8001 bytes=27
    01fe8001000000138098022cd6c00556fc4db4d040000000010100
[56] CableCheckRes (OK) payloadType=0x8001 bytes=27
    01fe8001000000138098022cd6c00556fc4db4d040000000010100
[57] CableCheckRes (OK) payloadType=0x8001 bytes=27
    01fe8001000000138098022cd6c00556fc4db4d040000000010100
[58] CableCheckRes (OK) payloadType=0x8001 bytes=27
    01fe8001000000138098022cd6c00556fc4db4d040000000010100
[59] CableCheckRes (OK) payloadType=0x8001 bytes=27
    01fe8001000000138098022cd6c00556fc4db4d040000000010100
[60] CableCheckRes (OK) payloadType=0x8001 bytes=27
    01fe8001000000138098022cd6c00556fc4db4d040000000010100
[61] CableCheckRes (OK) payloadType=0x8001 bytes=27
    01fe8001000000138098022cd6c00556fc4db4d040000000010100
[62] CableCheckRes (OK) payloadType=0x8001 bytes=27
    01fe8001000000138098022cd6c00556fc4db4d040000000010100
[63] CableCheckRes (OK) payloadType=0x8001 bytes=27
    01fe8001000000138098022cd6c00556fc4db4d040000000010100
[64] CableCheckRes (OK) payloadType=0x8001 bytes=27
    01fe8001000000138098022cd6c00556fc4db4d040000000010100
[65] CableCheckRes (OK) payloadType=0x8001 bytes=27
    01fe8001000000138098022cd6c00556fc4db4d040000000010100
[66] CableCheckRes (OK) payloadType=0x8001 bytes=27
    01fe8001000000138098022cd6c00556fc4db4d040000000010100
[67] CableCheckRes (OK) payloadType=0x8001 bytes=27
    01fe8001000000138098022cd6c00556fc4db4d040000000010100
[68] CableCheckRes (OK) payloadType=0x8001 bytes=27
    01fe8001000000138098022cd6c00556fc4db4d040000000010100
[69] CableCheckRes (OK) payloadType=0x8001 bytes=27
    01fe8001000000138098022cd6c00556fc4db4d040000000010100
[70] CableCheckRes (OK) payloadType=0x8001 bytes=27
    01fe8001000000138098022cd6c00556fc4db4d040000000010100
[71] CableCheckRes (OK) payloadType=0x8001 bytes=27
    01fe8001000000138098022cd6c00556fc4db4d040000000010100
[72] CableCheckRes (OK) payloadType=0x8001 bytes=27
    01fe8001000000138098022cd6c00556fc4db4d040000000010100
[73] CableCheckRes (OK) payloadType=0x8001 bytes=27
    01fe8001000000138098022cd6c00556fc4db4d040000000010100
[74] CableCheckRes (OK) payloadType=0x8001 bytes=27
    01fe8001000000138098022cd6c00556fc4db4d040000000010100
[75] CableCheckRes (OK) payloadType=0x8001 bytes=27
    01fe8001000000138098022cd6c00556fc4db4d040000000010100
[76] CableCheckRes (OK) payloadType=0x8001 bytes=27
    01fe8001000000138098022cd6c00556fc4db4d040000000010100
[77] CableCheckRes (OK) payloadType=0x8001 bytes=27
    01fe8001000000138098022cd6c00556fc4db4d040000000010100
[78] CableCheckRes (OK) payloadType=0x8001 bytes=27
    01fe8001000000138098022cd6c00556fc4db4d040000000010100
[79] CableCheckRes (OK) payloadType=0x8001 bytes=27
    01fe8001000000138098022cd6c00556fc4db4d040000000010100
[80] CableCheckRes (OK) payloadType=0x8001 bytes=27
    01fe8001000000138098022cd6c00556fc4db4d040000000010100
[81] CableCheckRes (OK) payloadType=0x8001 bytes=27
    01fe8001000000138098022cd6c00556fc4db4d040000000010100
[82] CableCheckRes (OK) payloadType=0x8001 bytes=27
    01fe8001000000138098022cd6c00556fc4db4d040000000010100
[83] CableCheckRes (OK) payloadType=0x8001 bytes=27
    01fe8001000000138098022cd6c00556fc4db4d040000000010100
[84] CableCheckRes (OK) payloadType=0x8001 bytes=27
    01fe8001000000138098022cd6c00556fc4db4d040000000010100
[85] CableCheckRes (OK) payloadType=0x8001 bytes=27
    01fe8001000000138098022cd6c00556fc4db4d040000000010100
[86] CableCheckRes (OK) payloadType=0x8001 bytes=27
    01fe8001000000138098022cd6c00556fc4db4d040000000010100
[87] CableCheckRes (OK) payloadType=0x8001 bytes=27
    01fe8001000000138098022cd6c00556fc4db4d040000000010100
[88] CableCheckRes (OK) payloadType=0x8001 bytes=27
    01fe8001000000138098022cd6c00556fc4db4d040000000010100
[89] CableCheckRes (OK) payloadType=0x8001 bytes=27
    01fe8001000000138098022cd6c00556fc4db4d040000000010100
[90] CableCheckRes (OK) payloadType=0x8001 bytes=27
    01fe8001000000138098022cd6c00556fc4db4d040000000010100
[91] CableCheckRes (OK) payloadType=0x8001 bytes=27
    01fe8001000000138098022cd6c00556fc4db4d040000000010100
[92] CableCheckRes (OK) payloadType=0x8001 bytes=27
    01fe8001000000138098022cd6c00556fc4db4d040000000010100
[93] CableCheckRes (OK) payloadType=0x8001 bytes=27
    01fe8001000000138098022cd6c00556fc4db4d040000000010100
[94] CableCheckRes (OK) payloadType=0x8001 bytes=27
    01fe8001000000138098022cd6c00556fc4db4d040000000010100
[95] CableCheckRes (OK) payloadType=0x8001 bytes=27
    01fe8001000000138098022cd6c00556fc4db4d040000000010100
[96] CableCheckRes (OK) payloadType=0x8001 bytes=27
    01fe8001000000138098022cd6c00556fc4db4d040000000010100
[97] CableCheckRes (OK) payloadType=0x8001 bytes=27
    01fe8001000000138098022cd6c00556fc4db4d040000000010100
[98] CableCheckRes (OK) payloadType=0x8001 bytes=27
    01fe8001000000138098022cd6c00556fc4db4d040000000010100
[99] CableCheckRes (OK) payloadType=0x8001 bytes=27
    01fe8001000000138098022cd6c00556fc4db4d040000000010100
[100] CableCheckRes (OK) payloadType=0x8001 bytes=27
    01fe8001000000138098022cd6c00556fc4db4d040000000010100
[101] CableCheckRes (OK) payloadType=0x8001 bytes=27
    01fe8001000000138098022cd6c00556fc4db4d040000000010100
[102] CableCheckRes (OK) payloadType=0x8001 bytes=27
    01fe8001000000138098022cd6c00556fc4db4d040000000010100
[103] CableCheckRes (OK) payloadType=0x8001 bytes=27
    01fe8001000000138098022cd6c00556fc4db4d040000000010100
[104] CableCheckRes (OK) payloadType=0x8001 bytes=27
    01fe8001000000138098022cd6c00556fc4db4d040000000010100
[105] CableCheckRes (OK) payloadType=0x8001 bytes=27
    01fe8001000000138098022cd6c00556fc4db4d040000000010100
[106] CableCheckRes (OK) payloadType=0x8001 bytes=27
    01fe8001000000138098022cd6c00556fc4db4d040000000010100
[107] CableCheckRes (OK) payloadType=0x8001 bytes=27
    01fe8001000000138098022cd6c00556fc4db4d040000000010100
[108] CableCheckRes (OK) payloadType=0x8001 bytes=27
    01fe8001000000138098022cd6c00556fc4db4d040000000010100
[109] CableCheckRes (OK) payloadType=0x8001 bytes=27
    01fe8001000000138098022cd6c00556fc4db4d040000000010100
[110] CableCheckRes (OK) payloadType=0x8001 bytes=27
    01fe8001000000138098022cd6c00556fc4db4d040000000010100
[111] CableCheckRes (OK) payloadType=0x8001 bytes=27
    01fe8001000000138098022cd6c00556fc4db4d040000000010100
[112] CableCheckRes (OK) payloadType=0x8001 bytes=27
    01fe8001000000138098022cd6c00556fc4db4d040000000010100
[113] CableCheckRes (OK) payloadType=0x8001 bytes=27
    01fe8001000000138098022cd6c00556fc4db4d040000000010100
[114] CableCheckRes (OK) payloadType=0x8001 bytes=27
    01fe8001000000138098022cd6c00556fc4db4d040000000010100
[115] CableCheckRes (OK) payloadType=0x8001 bytes=27
    01fe8001000000138098022cd6c00556fc4db4d040000000010100
[116] CableCheckRes (OK) payloadType=0x8001 bytes=27
    01fe8001000000138098022cd6c00556fc4db4d040000000010100
[117] CableCheckRes (OK) payloadType=0x8001 bytes=27
    01fe8001000000138098022cd6c00556fc4db4d040000000010100
[118] CableCheckRes (OK) payloadType=0x8001 bytes=27
    01fe8001000000138098022cd6c00556fc4db4d040000000010100
[119] CableCheckRes (OK) payloadType=0x8001 bytes=27
    01fe8001000000138098022cd6c00556fc4db4d040000000010100
[120] CableCheckRes (OK) payloadType=0x8001 bytes=27
    01fe8001000000138098022cd6c00556fc4db4d040000000010100
[121] CableCheckRes (OK) payloadType=0x8001 bytes=27
    01fe8001000000138098022cd6c00556fc4db4d040000000010100
[122] CableCheckRes (OK) payloadType=0x8001 bytes=27
    01fe8001000000138098022cd6c00556fc4db4d040000000010100
[123] CableCheckRes (OK) payloadType=0x8001 bytes=27
    01fe8001000000138098022cd6c00556fc4db4d040000000010100
[124] CableCheckRes (OK) payloadType=0x8001 bytes=27
    01fe8001000000138098022cd6c00556fc4db4d040000000010100
[125] CableCheckRes (OK) payloadType=0x8001 bytes=27
    01fe8001000000138098022cd6c00556fc4db4d040000000010100
[126] CableCheckRes (OK) payloadType=0x8001 bytes=27
    01fe8001000000138098022cd6c00556fc4db4d040000000010100
[127] CableCheckRes (OK) payloadType=0x8001 bytes=27
    01fe8001000000138098022cd6c00556fc4db4d040000000010100
[128] CableCheckRes (OK) payloadType=0x8001 bytes=27
    01fe8001000000138098022cd6c00556fc4db4d040000000010100
[129] CableCheckRes (OK) payloadType=0x8001 bytes=27
    01fe8001000000138098022cd6c00556fc4db4d040000000010100
[130] CableCheckRes (OK) payloadType=0x8001 bytes=27
    01fe8001000000138098022cd6c00556fc4db4d040000000010100
[131] CableCheckRes (OK) payloadType=0x8001 bytes=27
    01fe8001000000138098022cd6c00556fc4db4d040000000010100
[132] CableCheckRes (OK) payloadType=0x8001 bytes=27
    01fe8001000000138098022cd6c00556fc4db4d040000000010100
[133] CableCheckRes (OK) payloadType=0x8001 bytes=27
    01fe8001000000138098022cd6c00556fc4db4d040000000010100
[134] CableCheckRes (OK) payloadType=0x8001 bytes=27
    01fe8001000000138098022cd6c00556fc4db4d040000000010100
[135] CableCheckRes (OK) payloadType=0x8001 bytes=27
    01fe8001000000138098022cd6c00556fc4db4d040000000010100
[136] CableCheckRes (OK) payloadType=0x8001 bytes=27
    01fe8001000000138098022cd6c00556fc4db4d040000000010100
[137] CableCheckRes (OK) payloadType=0x8001 bytes=27
    01fe8001000000138098022cd6c00556fc4db4d040000000010100
[138] CableCheckRes (OK) payloadType=0x8001 bytes=27
    01fe8001000000138098022cd6c00556fc4db4d040000000010100
[139] CableCheckRes (OK) payloadType=0x8001 bytes=27
    01fe8001000000138098022cd6c00556fc4db4d040000000010100
[140] CableCheckRes (OK) payloadType=0x8001 bytes=27
    01fe8001000000138098022cd6c00556fc4db4d040000000010100
[141] CableCheckRes (OK) payloadType=0x8001 bytes=27
    01fe8001000000138098022cd6c00556fc4db4d040000000010100
[142] CableCheckRes (OK) payloadType=0x8001 bytes=27
    01fe8001000000138098022cd6c00556fc4db4d040000000010100
[143] CableCheckRes (OK) payloadType=0x8001 bytes=27
    01fe8001000000138098022cd6c00556fc4db4d040000000010100
[144] CableCheckRes (OK) payloadType=0x8001 bytes=27
    01fe8001000000138098022cd6c00556fc4db4d040000000010100
[145] CableCheckRes (OK) payloadType=0x8001 bytes=27
    01fe8001000000138098022cd6c00556fc4db4d040000000010100
[146] CableCheckRes (OK) payloadType=0x8001 bytes=27
    01fe8001000000138098022cd6c00556fc4db4d040000000010100
[147] CableCheckRes (OK) payloadType=0x8001 bytes=27
    01fe8001000000138098022cd6c00556fc4db4d040000000010100
[148] CableCheckRes (OK) payloadType=0x8001 bytes=27
    01fe8001000000138098022cd6c00556fc4db4d040000000010100
[149] CableCheckRes (OK) payloadType=0x8001 bytes=27
    01fe8001000000138098022cd6c00556fc4db4d040000000010100
[150] CableCheckRes (OK) payloadType=0x8001 bytes=27
    01fe8001000000138098022cd6c00556fc4db4d040000000010100
[151] CableCheckRes (OK) payloadType=0x8001 bytes=27
    01fe8001000000138098022cd6c00556fc4db4d040000000010100
[152] CableCheckRes (OK) payloadType=0x8001 bytes=27
    01fe8001000000138098022cd6c00556fc4db4d040000000010100
[153] CableCheckRes (OK) payloadType=0x8001 bytes=27
    01fe8001000000138098022cd6c00556fc4db4d040000000010100
[154] CableCheckRes (OK) payloadType=0x8001 bytes=27
    01fe8001000000138098022cd6c00556fc4db4d040000000010100
[155] CableCheckRes (OK) payloadType=0x8001 bytes=27
    01fe8001000000138098022cd6c00556fc4db4d040000000010100
[156] CableCheckRes (OK) payloadType=0x8001 bytes=27
    01fe8001000000138098022cd6c00556fc4db4d040000000010100
[157] CableCheckRes (OK) payloadType=0x8001 bytes=27
    01fe8001000000138098022cd6c00556fc4db4d040000000010100
[158] CableCheckRes (OK) payloadType=0x8001 bytes=27
    01fe8001000000138098022cd6c00556fc4db4d040000000010100
[159] CableCheckRes (OK) payloadType=0x8001 bytes=27
    01fe8001000000138098022cd6c00556fc4db4d040000000010100
[160] CableCheckRes (OK) payloadType=0x8001 bytes=27
    01fe8001000000138098022cd6c00556fc4db4d040000000010100
[161] CableCheckRes (OK) payloadType=0x8001 bytes=27
    01fe8001000000138098022cd6c00556fc4db4d040000000010100
[162] CableCheckRes (OK) payloadType=0x8001 bytes=27
    01fe8001000000138098022cd6c00556fc4db4d040000000010100
[163] CableCheckRes (OK) payloadType=0x8001 bytes=27
    01fe8001000000138098022cd6c00556fc4db4d040000000010100
[164] CableCheckRes (OK) payloadType=0x8001 bytes=27
    01fe8001000000138098022cd6c00556fc4db4d040000000010100
[165] CableCheckRes (OK) payloadType=0x8001 bytes=27
    01fe8001000000138098022cd6c00556fc4db4d040000000010100
[166] CableCheckRes (OK) payloadType=0x8001 bytes=27
    01fe8001000000138098022cd6c00556fc4db4d040000000010100
[167] CableCheckRes (OK) payloadType=0x8001 bytes=27
    01fe8001000000138098022cd6c00556fc4db4d040000000010100
[168] CableCheckRes (OK) payloadType=0x8001 bytes=27
    01fe8001000000138098022cd6c00556fc4db4d040000000010100
[169] CableCheckRes (OK) payloadType=0x8001 bytes=27
    01fe8001000000138098022cd6c00556fc4db4d040000000010100
[170] CableCheckRes (OK) payloadType=0x8001 bytes=27
    01fe8001000000138098022cd6c00556fc4db4d040000000010100
[171] CableCheckRes (OK) payloadType=0x8001 bytes=27
    01fe8001000000138098022cd6c00556fc4db4d040000000010100
[172] CableCheckRes (OK) payloadType=0x8001 bytes=27
    01fe8001000000138098022cd6c00556fc4db4d040000000010100
[173] CableCheckRes (OK) payloadType=0x8001 bytes=27
    01fe8001000000138098022cd6c00556fc4db4d040000000010100
[174] CableCheckRes (OK) payloadType=0x8001 bytes=27
    01fe8001000000138098022cd6c00556fc4db4d040000000010100
[175] CableCheckRes (OK) payloadType=0x8001 bytes=27
    01fe8001000000138098022cd6c00556fc4db4d040000000010100
[176] CableCheckRes (OK) payloadType=0x8001 bytes=27
    01fe8001000000138098022cd6c00556fc4db4d040000000010100
[177] CableCheckRes (OK) payloadType=0x8001 bytes=27
    01fe8001000000138098022cd6c00556fc4db4d040000000010100
[178] CableCheckRes (OK) payloadType=0x8001 bytes=27
    01fe8001000000138098022cd6c00556fc4db4d040000000010100
[179] CableCheckRes (OK) payloadType=0x8001 bytes=27
    01fe8001000000138098022cd6c00556fc4db4d040000000010100
[180] CableCheckRes (OK) payloadType=0x8001 bytes=27
    01fe8001000000138098022cd6c00556fc4db4d040000000010100
[181] CableCheckRes (OK) payloadType=0x8001 bytes=27
    01fe8001000000138098022cd6c00556fc4db4d040000000010100
[182] CableCheckRes (OK) payloadType=0x8001 bytes=27
    01fe8001000000138098022cd6c00556fc4db4d040000000010100
[183] CableCheckRes (OK) payloadType=0x8001 bytes=27
    01fe8001000000138098022cd6c00556fc4db4d040000000010100
[184] CableCheckRes (OK) payloadType=0x8001 bytes=27
    01fe8001000000138098022cd6c00556fc4db4d040000000010100
[185] CableCheckRes (OK) payloadType=0x8001 bytes=27
    01fe8001000000138098022cd6c00556fc4db4d040000000010100
[186] CableCheckRes (OK) payloadType=0x8001 bytes=27
    01fe8001000000138098022cd6c00556fc4db4d040000000010100
[187] CableCheckRes (OK) payloadType=0x8001 bytes=27
    01fe8001000000138098022cd6c00556fc4db4d040000000010100
[188] CableCheckRes (OK) payloadType=0x8001 bytes=27
    01fe8001000000138098022cd6c00556fc4db4d040000000010100
[189] CableCheckRes (OK) payloadType=0x8001 bytes=27
    01fe8001000000138098022cd6c00556fc4db4d040000000010100
[190] CableCheckRes (OK) payloadType=0x8001 bytes=27
    01fe8001000000138098022cd6c00556fc4db4d040000000010100
[191] CableCheckRes (OK) payloadType=0x8001 bytes=27
    01fe8001000000138098022cd6c00556fc4db4d040000000010100
[192] CableCheckRes (OK) payloadType=0x8001 bytes=27
    01fe8001000000138098022cd6c00556fc4db4d040000000010100
[193] CableCheckRes (OK) payloadType=0x8001 bytes=27
    01fe8001000000138098022cd6c00556fc4db4d040000000010100
[194] CableCheckRes (OK) payloadType=0x8001 bytes=27
    01fe8001000000138098022cd6c00556fc4db4d040000000010100
[195] CableCheckRes (OK) payloadType=0x8001 bytes=27
    01fe8001000000138098022cd6c00556fc4db4d040000000010100
[196] CableCheckRes (OK) payloadType=0x8001 bytes=27
    01fe8001000000138098022cd6c00556fc4db4d040000000010100
[197] CableCheckRes (OK) payloadType=0x8001 bytes=27
    01fe8001000000138098022cd6c00556fc4db4d040000000010100
[198] CableCheckRes (OK) payloadType=0x8001 bytes=27
    01fe8001000000138098022cd6c00556fc4db4d040000000010100
[199] CableCheckRes (OK) payloadType=0x8001 bytes=27
    01fe8001000000138098022cd6c00556fc4db4d040000000010100
[200] CableCheckRes (OK) payloadType=0x8001 bytes=27
    01fe8001000000138098022cd6c00556fc4db4d040000000010100
[201] CableCheckRes (OK) payloadType=0x8001 bytes=27
    01fe8001000000138098022cd6c00556fc4db4d040000000010100
[202] CableCheckRes (OK) payloadType=0x8001 bytes=27
    01fe8001000000138098022cd6c00556fc4db4d040000000010100
[203] CableCheckRes (OK) payloadType=0x8001 bytes=27
    01fe8001000000138098022cd6c00556fc4db4d040000000010100
[204] CableCheckRes (OK) payloadType=0x8001 bytes=27
    01fe8001000000138098022cd6c00556fc4db4d040000000010100
[205] CableCheckRes (OK) payloadType=0x8001 bytes=27
    01fe8001000000138098022cd6c00556fc4db4d040000000010100
[206] CableCheckRes (OK) payloadType=0x8001 bytes=27
    01fe8001000000138098022cd6c00556fc4db4d040000000010100
[207] CableCheckRes (OK) payloadType=0x8001 bytes=27
    01fe8001000000138098022cd6c00556fc4db4d040000000010100
[208] CableCheckRes (OK) payloadType=0x8001 bytes=27
    01fe8001000000138098022cd6c00556fc4db4d040000000010100
[209] CableCheckRes (OK) payloadType=0x8001 bytes=27
    01fe8001000000138098022cd6c00556fc4db4d040000000010100
[210] CableCheckRes (OK) payloadType=0x8001 bytes=27
    01fe8001000000138098022cd6c00556fc4db4d040000000010100
[211] CableCheckRes (OK) payloadType=0x8001 bytes=27
    01fe8001000000138098022cd6c00556fc4db4d040000000010100
[212] CableCheckRes (OK) payloadType=0x8001 bytes=27
    01fe8001000000138098022cd6c00556fc4db4d040000000010100
[213] CableCheckRes (OK) payloadType=0x8001 bytes=27
    01fe8001000000138098022cd6c00556fc4db4d040000000010100
[214] CableCheckRes (OK) payloadType=0x8001 bytes=27
    01fe8001000000138098022cd6c00556fc4db4d040000000010100
[215] CableCheckRes (OK) payloadType=0x8001 bytes=27
    01fe8001000000138098022cd6c00556fc4db4d040000000010100
[216] CableCheckRes (OK) payloadType=0x8001 bytes=27
    01fe8001000000138098022cd6c00556fc4db4d040000000010100
[217] CableCheckRes (OK) payloadType=0x8001 bytes=27
    01fe8001000000138098022cd6c00556fc4db4d040000000010100
[218] CableCheckRes (OK) payloadType=0x8001 bytes=27
    01fe8001000000138098022cd6c00556fc4db4d040000000010100
[219] CableCheckRes (OK) payloadType=0x8001 bytes=27
    01fe8001000000138098022cd6c00556fc4db4d040000000010100
[220] CableCheckRes (OK) payloadType=0x8001 bytes=27
    01fe8001000000138098022cd6c00556fc4db4d040000000010100
[221] CableCheckRes (OK) payloadType=0x8001 bytes=27
    01fe8001000000138098022cd6c00556fc4db4d040000000010100
[222] CableCheckRes (OK) payloadType=0x8001 bytes=27
    01fe8001000000138098022cd6c00556fc4db4d040000000010100
[223] CableCheckRes (OK) payloadType=0x8001 bytes=27
    01fe8001000000138098022cd6c00556fc4db4d040000000010100
[224] CableCheckRes (OK) payloadType=0x8001 bytes=27
    01fe8001000000138098022cd6c00556fc4db4d040000000010100
[225] CableCheckRes (OK) payloadType=0x8001 bytes=27
    01fe8001000000138098022cd6c00556fc4db4d040000000010100
[226] CableCheckRes (OK) payloadType=0x8001 bytes=27
    01fe8001000000138098022cd6c00556fc4db4d040000000010100
[227] CableCheckRes (OK) payloadType=0x8001 bytes=27
    01fe8001000000138098022cd6c00556fc4db4d040000000010100
[228] CableCheckRes (OK) payloadType=0x8001 bytes=27
    01fe8001000000138098022cd6c00556fc4db4d040000000010100
[229] CableCheckRes (OK) payloadType=0x8001 bytes=27
    01fe8001000000138098022cd6c00556fc4db4d040000000010100
[230] CableCheckRes (OK) payloadType=0x8001 bytes=27
    01fe8001000000138098022cd6c00556fc4db4d040000000010100
[231] CableCheckRes (OK) payloadType=0x8001 bytes=27
    01fe8001000000138098022cd6c00556fc4db4d040000000010100
[232] CableCheckRes (OK) payloadType=0x8001 bytes=27
    01fe8001000000138098022cd6c00556fc4db4d040000000010100
[233] CableCheckRes (OK) payloadType=0x8001 bytes=27
    01fe8001000000138098022cd6c00556fc4db4d040000000010100
[234] CableCheckRes (OK) payloadType=0x8001 bytes=27
    01fe8001000000138098022cd6c00556fc4db4d040000000010100
[235] CableCheckRes (OK) payloadType=0x8001 bytes=27
    01fe8001000000138098022cd6c00556fc4db4d040000000010100
[236] CableCheckRes (OK) payloadType=0x8001 bytes=27
    01fe8001000000138098022cd6c00556fc4db4d040000000010100
[237] CableCheckRes (OK) payloadType=0x8001 bytes=27
    01fe8001000000138098022cd6c00556fc4db4d040000000010100
[238] CableCheckRes (OK) payloadType=0x8001 bytes=27
    01fe8001000000138098022cd6c00556fc4db4d040000000010100
[239] CableCheckRes (OK) payloadType=0x8001 bytes=27
    01fe8001000000138098022cd6c00556fc4db4d040000000010100
[240] CableCheckRes (OK) payloadType=0x8001 bytes=27
    01fe8001000000138098022cd6c00556fc4db4d040000000010100
[241] CableCheckRes (OK) payloadType=0x8001 bytes=27
    01fe8001000000138098022cd6c00556fc4db4d040000000010100
[242] CableCheckRes (OK) payloadType=0x8001 bytes=27
    01fe8001000000138098022cd6c00556fc4db4d040000000010100
[243] CableCheckRes (OK) payloadType=0x8001 bytes=27
    01fe8001000000138098022cd6c00556fc4db4d040000000010100
[244] CableCheckRes (OK) payloadType=0x8001 bytes=27
    01fe8001000000138098022cd6c00556fc4db4d040000000010100
[245] CableCheckRes (OK) payloadType=0x8001 bytes=27
    01fe8001000000138098022cd6c00556fc4db4d040000000010100
[246] CableCheckRes (OK) payloadType=0x8001 bytes=27
    01fe8001000000138098022cd6c00556fc4db4d040000000010100
[247] CableCheckRes (OK) payloadType=0x8001 bytes=27
    01fe8001000000138098022cd6c00556fc4db4d040000000010100
[248] CableCheckRes (OK) payloadType=0x8001 bytes=27
    01fe8001000000138098022cd6c00556fc4db4d040000000010100
[249] CableCheckRes (OK) payloadType=0x8001 bytes=27
    01fe8001000000138098022cd6c00556fc4db4d040000000010100
[250] CableCheckRes (OK) payloadType=0x8001 bytes=27
    01fe8001000000138098022cd6c00556fc4db4d040000000010100
[251] CableCheckRes (OK) payloadType=0x8001 bytes=27
    01fe8001000000138098022cd6c00556fc4db4d040000000010100
[252] CableCheckRes (OK) payloadType=0x8001 bytes=27
    01fe8001000000138098022cd6c00556fc4db4d040000000010100
[253] CableCheckRes (OK) payloadType=0x8001 bytes=27
    01fe8001000000138098022cd6c00556fc4db4d040000000010100
[254] CableCheckRes (OK) payloadType=0x8001 bytes=27
    01fe8001000000138098022cd6c00556fc4db4d040000000010100
[255] CableCheckRes (OK) payloadType=0x8001 bytes=27
    01fe8001000000138098022cd6c00556fc4db4d040000000010100
[256] CableCheckRes (OK) payloadType=0x8001 bytes=27
    01fe8001000000138098022cd6c00556fc4db4d040000000010100
[257] CableCheckRes (OK) payloadType=0x8001 bytes=27
    01fe8001000000138098022cd6c00556fc4db4d040000000010100
[258] CableCheckRes (OK) payloadType=0x8001 bytes=27
    01fe8001000000138098022cd6c00556fc4db4d040000000010100
[259] CableCheckRes (OK) payloadType=0x8001 bytes=27
    01fe8001000000138098022cd6c00556fc4db4d040000000010100
[260] CableCheckRes (OK) payloadType=0x8001 bytes=27
    01fe8001000000138098022cd6c00556fc4db4d040000000010100
[261] CableCheckRes (OK) payloadType=0x8001 bytes=27
    01fe8001000000138098022cd6c00556fc4db4d040000000010100
[262] CableCheckRes (OK) payloadType=0x8001 bytes=27
    01fe8001000000138098022cd6c00556fc4db4d040000000010100
[263] CableCheckRes (OK) payloadType=0x8001 bytes=27
    01fe8001000000138098022cd6c00556fc4db4d040000000010100
[264] CableCheckRes (OK) payloadType=0x8001 bytes=27
    01fe8001000000138098022cd6c00556fc4db4d040000000010100
[265] CableCheckRes (OK) payloadType=0x8001 bytes=27
    01fe8001000000138098022cd6c00556fc4db4d040000000010100
[266] CableCheckRes (OK) payloadType=0x8001 bytes=27
    01fe8001000000138098022cd6c00556fc4db4d040000000010100
[267] CableCheckRes (OK) payloadType=0x8001 bytes=27
    01fe8001000000138098022cd6c00556fc4db4d040000000010100
[268] CableCheckRes (OK) payloadType=0x8001 bytes=27
    01fe8001000000138098022cd6c00556fc4db4d040000000010100
[269] CableCheckRes (OK) payloadType=0x8001 bytes=27
    01fe8001000000138098022cd6c00556fc4db4d040000000010100
[270] CableCheckRes (OK) payloadType=0x8001 bytes=27
    01fe8001000000138098022cd6c00556fc4db4d040000000010100
[271] CableCheckRes (OK) payloadType=0x8001 bytes=27
    01fe8001000000138098022cd6c00556fc4db4d040000000010100
[272] CableCheckRes (OK) payloadType=0x8001 bytes=27
    01fe8001000000138098022cd6c00556fc4db4d040000000010100
[273] CableCheckRes (OK) payloadType=0x8001 bytes=27
    01fe8001000000138098022cd6c00556fc4db4d040000000010100
[274] CableCheckRes (OK) payloadType=0x8001 bytes=27
    01fe8001000000138098022cd6c00556fc4db4d040000000010100
[275] CableCheckRes (OK) payloadType=0x8001 bytes=27
    01fe8001000000138098022cd6c00556fc4db4d040000000010100
[276] CableCheckRes (OK) payloadType=0x8001 bytes=27
    01fe8001000000138098022cd6c00556fc4db4d040000000010100
[277] CableCheckRes (OK) payloadType=0x8001 bytes=27
    01fe8001000000138098022cd6c00556fc4db4d040000000010100
[278] CableCheckRes (OK) payloadType=0x8001 bytes=27
    01fe8001000000138098022cd6c00556fc4db4d040000000010100
[279] CableCheckRes (OK) payloadType=0x8001 bytes=27
    01fe8001000000138098022cd6c00556fc4db4d040000000010100
[280] CableCheckRes (OK) payloadType=0x8001 bytes=27
    01fe8001000000138098022cd6c00556fc4db4d040000000010100
[281] CableCheckRes (OK) payloadType=0x8001 bytes=27
    01fe8001000000138098022cd6c00556fc4db4d040000000010100
[282] CableCheckRes (OK) payloadType=0x8001 bytes=27
    01fe8001000000138098022cd6c00556fc4db4d040000000010100
[283] CableCheckRes (OK) payloadType=0x8001 bytes=27
    01fe8001000000138098022cd6c00556fc4db4d040000000010100
[284] CableCheckRes (OK) payloadType=0x8001 bytes=27
    01fe8001000000138098022cd6c00556fc4db4d040000000010100
[285] CableCheckRes (OK) payloadType=0x8001 bytes=27
    01fe8001000000138098022cd6c00556fc4db4d040000000010100
[286] CableCheckRes (OK) payloadType=0x8001 bytes=27
    01fe8001000000138098022cd6c00556fc4db4d040000000010100
[287] CableCheckRes (OK) payloadType=0x8001 bytes=27
    01fe8001000000138098022cd6c00556fc4db4d040000000010100
[288] CableCheckRes (OK) payloadType=0x8001 bytes=27
    01fe8001000000138098022cd6c00556fc4db4d040000000010100
[289] CableCheckRes (OK) payloadType=0x8001 bytes=27
    01fe8001000000138098022cd6c00556fc4db4d040000000010100
[290] CableCheckRes (OK) payloadType=0x8001 bytes=27
    01fe8001000000138098022cd6c00556fc4db4d040000000010100
[291] CableCheckRes (OK) payloadType=0x8001 bytes=27
    01fe8001000000138098022cd6c00556fc4db4d040000000010100
[292] CableCheckRes (OK) payloadType=0x8001 bytes=27
    01fe8001000000138098022cd6c00556fc4db4d040000000010100
[293] CableCheckRes (OK) payloadType=0x8001 bytes=27
    01fe8001000000138098022cd6c00556fc4db4d040000000010100
[294] CableCheckRes (OK) payloadType=0x8001 bytes=27
    01fe8001000000138098022cd6c00556fc4db4d040000000010100
[295] CableCheckRes (OK) payloadType=0x8001 bytes=27
    01fe8001000000138098022cd6c00556fc4db4d040000000010100
[296] CableCheckRes (OK) payloadType=0x8001 bytes=27
    01fe8001000000138098022cd6c00556fc4db4d040000000010100
[297] CableCheckRes (OK) payloadType=0x8001 bytes=27
    01fe8001000000138098022cd6c00556fc4db4d040000000010100
[298] CableCheckRes (OK) payloadType=0x8001 bytes=27
    01fe8001000000138098022cd6c00556fc4db4d040000000010100
[299] CableCheckRes (OK) payloadType=0x8001 bytes=27
    01fe8001000000138098022cd6c00556fc4db4d040000000010100
[300] CableCheckRes (OK) payloadType=0x8001 bytes=27
    01fe8001000000138098022cd6c00556fc4db4d040000000010100
[301] CableCheckRes (OK) payloadType=0x8001 bytes=27
    01fe8001000000138098022cd6c00556fc4db4d040000000010100
[302] CableCheckRes (OK) payloadType=0x8001 bytes=27
    01fe8001000000138098022cd6c00556fc4db4d040000000010100
[303] CableCheckRes (OK) payloadType=0x8001 bytes=27
    01fe8001000000138098022cd6c00556fc4db4d040000000010100
[304] CableCheckRes (OK) payloadType=0x8001 bytes=27
    01fe8001000000138098022cd6c00556fc4db4d040000000010100
[305] CableCheckRes (OK) payloadType=0x8001 bytes=27
    01fe8001000000138098022cd6c00556fc4db4d040000000010100
[306] CableCheckRes (OK) payloadType=0x8001 bytes=27
    01fe8001000000138098022cd6c00556fc4db4d040000000010100
[307] CableCheckRes (OK) payloadType=0x8001 bytes=27
    01fe8001000000138098022cd6c00556fc4db4d040000000010100
[308] CableCheckRes (OK) payloadType=0x8001 bytes=27
    01fe8001000000138098022cd6c00556fc4db4d040000000010100
[309] CableCheckRes (OK) payloadType=0x8001 bytes=27
    01fe8001000000138098022cd6c00556fc4db4d040000000010100
[310] CableCheckRes (OK) payloadType=0x8001 bytes=27
    01fe8001000000138098022cd6c00556fc4db4d040000000010100
[311] CableCheckRes (OK) payloadType=0x8001 bytes=27
    01fe8001000000138098022cd6c00556fc4db4d040000000010100
[312] CableCheckRes (OK) payloadType=0x8001 bytes=27
    01fe8001000000138098022cd6c00556fc4db4d040000000010100
[313] CableCheckRes (OK) payloadType=0x8001 bytes=27
    01fe8001000000138098022cd6c00556fc4db4d040000000010100
[314] CableCheckRes (OK) payloadType=0x8001 bytes=27
    01fe8001000000138098022cd6c00556fc4db4d040000000010100
[315] CableCheckRes (OK) payloadType=0x8001 bytes=27
    01fe8001000000138098022cd6c00556fc4db4d040000000010100
[316] CableCheckRes (OK) payloadType=0x8001 bytes=27
    01fe8001000000138098022cd6c00556fc4db4d040000000010100
[317] CableCheckRes (OK) payloadType=0x8001 bytes=27
    01fe8001000000138098022cd6c00556fc4db4d040000000010100
[318] CableCheckRes (OK) payloadType=0x8001 bytes=27
    01fe8001000000138098022cd6c00556fc4db4d040000000010100
[319] CableCheckRes (OK) payloadType=0x8001 bytes=27
    01fe8001000000138098022cd6c00556fc4db4d040000000010100
[320] CableCheckRes (OK) payloadType=0x8001 bytes=27
    01fe8001000000138098022cd6c00556fc4db4d040000000010100
[321] CableCheckRes (OK) payloadType=0x8001 bytes=27
    01fe8001000000138098022cd6c00556fc4db4d040000000010100
[322] CableCheckRes (OK) payloadType=0x8001 bytes=27
    01fe8001000000138098022cd6c00556fc4db4d040000000010100
[323] CableCheckRes (OK) payloadType=0x8001 bytes=27
    01fe8001000000138098022cd6c00556fc4db4d040000000010100
[324] CableCheckRes (OK) payloadType=0x8001 bytes=27
    01fe8001000000138098022cd6c00556fc4db4d040000000010100
[325] CableCheckRes (OK) payloadType=0x8001 bytes=27
    01fe8001000000138098022cd6c00556fc4db4d040000000010100
[326] CableCheckRes (OK) payloadType=0x8001 bytes=27
    01fe8001000000138098022cd6c00556fc4db4d040000000010100
[327] CableCheckRes (OK) payloadType=0x8001 bytes=27
    01fe8001000000138098022cd6c00556fc4db4d040000000010100
[328] CableCheckRes (OK) payloadType=0x8001 bytes=27
    01fe8001000000138098022cd6c00556fc4db4d040000000010100
[329] CableCheckRes (OK) payloadType=0x8001 bytes=27
    01fe8001000000138098022cd6c00556fc4db4d040000000010100
[330] CableCheckRes (OK) payloadType=0x8001 bytes=27
    01fe8001000000138098022cd6c00556fc4db4d040000000010100
[331] CableCheckRes (OK) payloadType=0x8001 bytes=27
    01fe8001000000138098022cd6c00556fc4db4d040000000010100
[332] CableCheckRes (OK) payloadType=0x8001 bytes=27
    01fe8001000000138098022cd6c00556fc4db4d040000000010100
[333] CableCheckRes (OK) payloadType=0x8001 bytes=27
    01fe8001000000138098022cd6c00556fc4db4d040000000010100
[334] CableCheckRes (OK) payloadType=0x8001 bytes=27
    01fe8001000000138098022cd6c00556fc4db4d040000000010100
[335] CableCheckRes (OK) payloadType=0x8001 bytes=27
    01fe8001000000138098022cd6c00556fc4db4d040000000010100
[336] CableCheckRes (OK) payloadType=0x8001 bytes=27
    01fe8001000000138098022cd6c00556fc4db4d040000000010100
[337] CableCheckRes (OK) payloadType=0x8001 bytes=27
    01fe8001000000138098022cd6c00556fc4db4d040000000010100
[338] CableCheckRes (OK) payloadType=0x8001 bytes=27
    01fe8001000000138098022cd6c00556fc4db4d040000000010100
[339] CableCheckRes (OK) payloadType=0x8001 bytes=27
    01fe8001000000138098022cd6c00556fc4db4d040000000010100
[340] CableCheckRes (OK) payloadType=0x8001 bytes=27
    01fe8001000000138098022cd6c00556fc4db4d040000000010100
[341] CableCheckRes (OK) payloadType=0x8001 bytes=27
    01fe8001000000138098022cd6c00556fc4db4d040000000010100
[342] CableCheckRes (OK) payloadType=0x8001 bytes=27
    01fe8001000000138098022cd6c00556fc4db4d040000000010100
[343] CableCheckRes (OK) payloadType=0x8001 bytes=27
    01fe8001000000138098022cd6c00556fc4db4d040000000010100
[344] CableCheckRes (OK) payloadType=0x8001 bytes=27
    01fe8001000000138098022cd6c00556fc4db4d040000000010100
[345] CableCheckRes (OK) payloadType=0x8001 bytes=27
    01fe8001000000138098022cd6c00556fc4db4d040000000010100
[346] CableCheckRes (OK) payloadType=0x8001 bytes=27
    01fe8001000000138098022cd6c00556fc4db4d040000000010100
[347] CableCheckRes (OK) payloadType=0x8001 bytes=27
    01fe8001000000138098022cd6c00556fc4db4d040000000010100
[348] CableCheckRes (OK) payloadType=0x8001 bytes=27
    01fe8001000000138098022cd6c00556fc4db4d040000000010100
[349] CableCheckRes (OK) payloadType=0x8001 bytes=27
    01fe8001000000138098022cd6c00556fc4db4d040000000010100
[350] CableCheckRes (OK) payloadType=0x8001 bytes=27
    01fe8001000000138098022cd6c00556fc4db4d040000000010100
[351] CableCheckRes (OK) payloadType=0x8001 bytes=27
    01fe8001000000138098022cd6c00556fc4db4d040000000010100
[352] CableCheckRes (OK) payloadType=0x8001 bytes=27
    01fe8001000000138098022cd6c00556fc4db4d040000000010100
[353] CableCheckRes (OK) payloadType=0x8001 bytes=27
    01fe8001000000138098022cd6c00556fc4db4d040000000010100
[354] CableCheckRes (OK) payloadType=0x8001 bytes=27
    01fe8001000000138098022cd6c00556fc4db4d040000000010100
[355] CableCheckRes (OK) payloadType=0x8001 bytes=27
    01fe8001000000138098022cd6c00556fc4db4d040000000010100
[356] CableCheckRes (OK) payloadType=0x8001 bytes=27
    01fe8001000000138098022cd6c00556fc4db4d040000000010100
[357] CableCheckRes (OK) payloadType=0x8001 bytes=27
    01fe8001000000138098022cd6c00556fc4db4d040000000010100
[358] CableCheckRes (OK) payloadType=0x8001 bytes=27
    01fe8001000000138098022cd6c00556fc4db4d040000000010100
[359] CableCheckRes (OK) payloadType=0x8001 bytes=27
    01fe8001000000138098022cd6c00556fc4db4d040000000010100
[360] CableCheckRes (OK) payloadType=0x8001 bytes=27
    01fe8001000000138098022cd6c00556fc4db4d040000000010100
[361] CableCheckRes (OK) payloadType=0x8001 bytes=27
    01fe8001000000138098022cd6c00556fc4db4d040000000010100
[362] CableCheckRes (OK) payloadType=0x8001 bytes=27
    01fe8001000000138098022cd6c00556fc4db4d040000000010100
[363] CableCheckRes (OK) payloadType=0x8001 bytes=27
    01fe8001000000138098022cd6c00556fc4db4d040000000010100
[364] CableCheckRes (OK) payloadType=0x8001 bytes=27
    01fe8001000000138098022cd6c00556fc4db4d040000000010100
[365] CableCheckRes (OK) payloadType=0x8001 bytes=27
    01fe8001000000138098022cd6c00556fc4db4d040000000010100
[366] CableCheckRes (OK) payloadType=0x8001 bytes=27
    01fe8001000000138098022cd6c00556fc4db4d040000000010100
[367] CableCheckRes (OK) payloadType=0x8001 bytes=27
    01fe8001000000138098022cd6c00556fc4db4d040000000010100
[368] CableCheckRes (OK) payloadType=0x8001 bytes=27
    01fe8001000000138098022cd6c00556fc4db4d040000000010100
[369] CableCheckRes (OK) payloadType=0x8001 bytes=27
    01fe8001000000138098022cd6c00556fc4db4d040000000010100
[370] CableCheckRes (OK) payloadType=0x8001 bytes=27
    01fe8001000000138098022cd6c00556fc4db4d040000000010100
[371] CableCheckRes (OK) payloadType=0x8001 bytes=27
    01fe8001000000138098022cd6c00556fc4db4d040000000010100
[372] CableCheckRes (OK) payloadType=0x8001 bytes=27
    01fe8001000000138098022cd6c00556fc4db4d040000000010100
[373] CableCheckRes (OK) payloadType=0x8001 bytes=27
    01fe8001000000138098022cd6c00556fc4db4d040000000010100
[374] CableCheckRes (OK) payloadType=0x8001 bytes=27
    01fe8001000000138098022cd6c00556fc4db4d040000000010100
[375] CableCheckRes (OK) payloadType=0x8001 bytes=27
    01fe8001000000138098022cd6c00556fc4db4d040000000010100
[376] CableCheckRes (OK) payloadType=0x8001 bytes=27
    01fe8001000000138098022cd6c00556fc4db4d040000000010100
[377] CableCheckRes (OK) payloadType=0x8001 bytes=27
    01fe8001000000138098022cd6c00556fc4db4d040000000010100
[378] CableCheckRes (OK) payloadType=0x8001 bytes=27
    01fe8001000000138098022cd6c00556fc4db4d040000000010100
[379] CableCheckRes (OK) payloadType=0x8001 bytes=27
    01fe8001000000138098022cd6c00556fc4db4d040000000010100
[380] CableCheckRes (OK) payloadType=0x8001 bytes=27
    01fe8001000000138098022cd6c00556fc4db4d040000000010100
[381] CableCheckRes (OK) payloadType=0x8001 bytes=27
    01fe8001000000138098022cd6c00556fc4db4d040000000010100
[382] CableCheckRes (OK) payloadType=0x8001 bytes=27
    01fe8001000000138098022cd6c00556fc4db4d040000000010100
[383] CableCheckRes (OK) payloadType=0x8001 bytes=27
    01fe8001000000138098022cd6c00556fc4db4d040000000010100
[384] CableCheckRes (OK) payloadType=0x8001 bytes=27
    01fe8001000000138098022cd6c00556fc4db4d040000000010100
[385] CableCheckRes (OK) payloadType=0x8001 bytes=27
    01fe8001000000138098022cd6c00556fc4db4d040000000010100
[386] CableCheckRes (OK) payloadType=0x8001 bytes=27
    01fe8001000000138098022cd6c00556fc4db4d040000000010100
[387] CableCheckRes (OK) payloadType=0x8001 bytes=27
    01fe8001000000138098022cd6c00556fc4db4d040000000010100
[388] CableCheckRes (OK) payloadType=0x8001 bytes=27
    01fe8001000000138098022cd6c00556fc4db4d040000000010100
[389] CableCheckRes (OK) payloadType=0x8001 bytes=27
    01fe8001000000138098022cd6c00556fc4db4d040000000010100
[390] CableCheckRes (OK) payloadType=0x8001 bytes=27
    01fe8001000000138098022cd6c00556fc4db4d040000000010100
[391] CableCheckRes (OK) payloadType=0x8001 bytes=27
    01fe8001000000138098022cd6c00556fc4db4d040000000010100
[392] CableCheckRes (OK) payloadType=0x8001 bytes=27
    01fe8001000000138098022cd6c00556fc4db4d040000000010100
[393] CableCheckRes (OK) payloadType=0x8001 bytes=27
    01fe8001000000138098022cd6c00556fc4db4d040000000010100
[394] CableCheckRes (OK) payloadType=0x8001 bytes=27
    01fe8001000000138098022cd6c00556fc4db4d040000000010100
[395] CableCheckRes (OK) payloadType=0x8001 bytes=27
    01fe8001000000138098022cd6c00556fc4db4d040000000010100
[396] CableCheckRes (OK) payloadType=0x8001 bytes=27
    01fe8001000000138098022cd6c00556fc4db4d040000000010100
[397] CableCheckRes (OK) payloadType=0x8001 bytes=27
    01fe8001000000138098022cd6c00556fc4db4d040000000010100
[398] CableCheckRes (OK) payloadType=0x8001 bytes=27
    01fe8001000000138098022cd6c00556fc4db4d040000000010100
[399] CableCheckRes (OK) payloadType=0x8001 bytes=27
    01fe8001000000138098022cd6c00556fc4db4d040000000010100
[400] CableCheckRes (OK) payloadType=0x8001 bytes=27
    01fe8001000000138098022cd6c00556fc4db4d040000000010100
[401] CableCheckRes (OK) payloadType=0x8001 bytes=27
    01fe8001000000138098022cd6c00556fc4db4d040000000010100
[402] CableCheckRes (OK) payloadType=0x8001 bytes=27
    01fe8001000000138098022cd6c00556fc4db4d040000000010100
[403] CableCheckRes (OK) payloadType=0x8001 bytes=27
    01fe8001000000138098022cd6c00556fc4db4d040000000010100
[404] CableCheckRes (OK) payloadType=0x8001 bytes=27
    01fe8001000000138098022cd6c00556fc4db4d040000000010100
[405] CableCheckRes (OK) payloadType=0x8001 bytes=27
    01fe8001000000138098022cd6c00556fc4db4d040000000010100
[406] CableCheckRes (OK) payloadType=0x8001 bytes=27
    01fe8001000000138098022cd6c00556fc4db4d040000000010100
[407] CableCheckRes (OK) payloadType=0x8001 bytes=27
    01fe8001000000138098022cd6c00556fc4db4d040000000010100
[408] CableCheckRes (OK) payloadType=0x8001 bytes=27
    01fe8001000000138098022cd6c00556fc4db4d040000000010100
[409] CableCheckRes (OK) payloadType=0x8001 bytes=27
    01fe8001000000138098022cd6c00556fc4db4d040000000010100
