2026-08-03 01:23:31.716893 [INFO] manager          ::   ________      __                _
2026-08-03 01:23:31.723781 [INFO] manager          ::  |  ____\ \    / /               | |
2026-08-03 01:23:31.723992 [INFO] manager          ::  | |__   \ \  / /__ _ __ ___  ___| |_
2026-08-03 01:23:31.724098 [INFO] manager          ::  |  __|   \ \/ / _ \ '__/ _ \/ __| __|
2026-08-03 01:23:31.724190 [INFO] manager          ::  | |____   \  /  __/ | |  __/\__ \ |_
2026-08-03 01:23:31.724272 [INFO] manager          ::  |______|   \/ \___|_|  \___||___/\__|
2026-08-03 01:23:31.724349 [INFO] manager          ::
2026-08-03 01:23:31.724432 [INFO] manager          :: everest-framework 0.24.0 @v0.24.0
2026-08-03 01:23:31.724525 [INFO] manager          :: everest-core_tests  @2025.10.0-dirty
2026-08-03 01:23:31.724654 [INFO] manager          ::
2026-08-03 01:23:31.724783 [INFO] manager          :: Using MQTT broker mqtt:1883
2026-08-03 01:23:31.791071 [INFO] everest_ctrl     :: Launching controller service on port 8849
2026-08-03 01:23:31.985367 [INFO] manager          :: Boot mode is set to YamlFile, loading module configs from YAML file
2026-08-03 01:23:31.985704 [INFO] manager          :: Loading config file at: /ext/dist/etc/everest/config-d20-ours.yaml
2026-08-03 01:23:33.381586 [INFO] manager          :: Config loading completed in 1647ms
2026-08-03 01:23:33.424027 [INFO] manager          :: Starting 18 modules
2026-08-03 01:23:38.697242 [INFO] api:API          :: Module api initialized [4938ms]
2026-08-03 01:23:38.935165 [INFO] ev_api:EvAPI     :: Module ev_api initialized [4809ms]
2026-08-03 01:23:39.374137 [INFO] imd:IMDSimulato  :: Module imd initialized [4977ms]
2026-08-03 01:23:39.421575 [INFO] api_sink:Energy  :: Module api_sink initialized [5300ms]
2026-08-03 01:23:39.460527 [INFO] energy_manager:  :: Module energy_manager initialized [5216ms]
2026-08-03 01:23:39.540194 [INFO] powersupply_dc:  :: Module powersupply_dc initialized [5007ms]
2026-08-03 01:23:39.565506 [INFO] error_history:E  :: Using database at "/tmp/error_history.db"
2026-08-03 01:23:39.603387 [INFO] error_history:E  :: Checking database
2026-08-03 01:23:39.640228 [INFO] token_validator  :: Module token_validator initialized [4793ms]
2026-08-03 01:23:39.660070 [INFO] slac:SlacSimula  :: Module slac initialized [5091ms]
2026-08-03 01:23:39.742252 [INFO] yeti_driver:Yet  :: Module yeti_driver initialized [5052ms]
2026-08-03 01:23:39.735215 [INFO] auth:Auth        :: Module auth initialized [5481ms]
2026-08-03 01:23:39.772212 [INFO] ev_manager:EvMa  :: Module ev_manager initialized [5399ms]
2026-08-03 01:23:39.800692 [INFO] error_history:E  :: Module error_history initialized [5502ms]
2026-08-03 01:23:39.807983 [INFO] token_provider:  :: Module token_provider initialized [5145ms]
2026-08-03 01:23:39.914485 [INFO] evse_manager:Ev  :: Module evse_manager initialized [5610ms]
2026-08-03 01:23:39.973452 [INFO] grid_connection  :: Module grid_connection_point initialized [5594ms]
2026-08-03 01:23:40.010076 [INFO] evse_security:E  :: Module evse_security initialized [5527ms]
2026-08-03 01:23:40.046056 [INFO] iso15118_charge  :: Module iso15118_charger initialized [5415ms]
2026-08-03 01:23:43.272766 [INFO] iso15118_car     :: Module iso15118_car initialized [2436ms]
2026-08-03 01:23:43.275615 [INFO] manager          :: Clearing retained topics published by manager during startup
2026-08-03 01:23:43.278395 [INFO] manager          :: 🚙🚙🚙 All modules are initialized. EVerest up and running [11636ms] 🚙🚙🚙
2026-08-03 01:23:43.523693 [WARN] auth:Auth       void module::ReservationHandler::load_reservations() :: Can not load reservations because no storage was configured.
2026-08-03 01:23:43.719451 [INFO] evse_manager:Ev  :: Ignoring BSP Event, BSP is not enabled yet.
2026-08-03 01:23:44.105449 [INFO] evse_security:E  :: Requesting leaf certificate info: V2G
2026-08-03 01:23:44.187003 [INFO] evse_security:E  :: Found valid leaf: ["/ext/dist/etc/everest/certs/client/cso/CPO_CERT_CHAIN.pem"]
2026-08-03 01:23:44.187884 [INFO] evse_security:E  :: Not requiring all valid leafs, returning
2026-08-03 01:23:44.297169 [INFO] evse_security:E  :: Requesting certificate file: [V2G] file:"/ext/dist/etc/everest/certs/ca/v2g/V2G_ROOT_CA.pem"
2026-08-03 01:23:44.355070 [INFO] evse_security:E  :: Requesting certificate file: [MO] file:"/ext/dist/etc/everest/certs/ca/mo/MO_ROOT_CA.pem"
2026-08-03 01:23:44.393298 [INFO] iso15118_charge  :: Using ethernet interface: eth0
2026-08-03 01:23:44.394826 [INFO] iso15118_charge  :: Starting SDP server with address: ::
2026-08-03 01:23:44.745291 [INFO] evse_manager:Ev  :: Cleaning up any other transaction on start up
2026-08-03 01:23:45.005764 [INFO] evse_manager:Ev  :: 🌀🌀🌀 Ready to start charging 🌀🌀🌀
2026-08-03 01:23:45.215584 [INFO] evse_manager:Ev  :: All errors cleared
2026-08-03 01:23:47.561540 [INFO] ev_manager:EvMa  :: Finished simulation.
2026-08-03 01:23:54.252274 [INFO] evse_manager:Ev  :: SYS  Session logging started.
2026-08-03 01:23:54.256597 [INFO] evse_manager:Ev  :: EVSE IEC Session Started: EVConnected
2026-08-03 01:23:54.294491 [INFO] auth:Auth        :: Plug In event for evse#1, starting auth
2026-08-03 01:23:54.290635 [INFO] token_provider:  :: Publishing new dummy token: {
    "authorization_type": "RFID",
    "id_token": {
        "type": "ISO14443",
        "value": "[redacted] hash: CE55F71752B68164"
    },
    "parent_id_token": {
        "type": "ISO14443",
        "value": "[redacted] hash: CE55F71752B68164"
    }
}
2026-08-03 01:23:54.355624 [INFO] auth:Auth        :: Received new token: {
    "authorization_type": "RFID",
    "id_token": {
        "type": "ISO14443",
        "value": "[redacted] hash: CE55F71752B68164"
    },
    "parent_id_token": {
        "type": "ISO14443",
        "value": "[redacted] hash: CE55F71752B68164"
    }
}
2026-08-03 01:23:54.380100 [INFO] token_validator  :: Got validation request for token: [redacted] hash: CE55F71752B68164
2026-08-03 01:23:54.632590 [INFO] token_validator  :: Returning validation status: Accepted
2026-08-03 01:23:54.649368 [INFO] auth:Auth        :: Providing authorization to evse#1
2026-08-03 01:23:54.777773 [INFO] evse_manager:Ev  :: EVSE IEC Set PWM On (5.0%) took 0 ms
2026-08-03 01:23:54.875294 [INFO] auth:Auth        :: Result for token: [redacted] hash: CE55F71752B68164: USED_TO_START_TRANSACTION
2026-08-03 01:23:54.938682 [INFO] evse_manager:Ev  :: EVSE IEC EIM Authorization received
2026-08-03 01:23:54.993600 [INFO] evse_manager:Ev  :: EVSE IEC Transaction Started (0 kWh)
2026-08-03 01:23:55.000485 [INFO] evse_manager:Ev  :: EVSE IEC DC mode. We are in 5percent mode so we can continue without further action.
2026-08-03 01:23:55.007908 [INFO] evse_manager:Ev  :: EVSE IEC Charger state: Wait for Auth->PrepareCharging
2026-08-03 01:23:56.158864 [INFO] evse_manager:Ev  :: EVSE ISO SLAC MATCHED
2026-08-03 01:23:56.161073 [INFO] evse_manager:Ev  :: EVSE ISO D-LINK_READY (true)
2026-08-03 01:23:56.557512 [INFO] iso15118_charge  :: Got SDP request from fe80::402b:e9ff:fe6c:6c7f%eth0
2026-08-03 01:23:56.640303 [INFO] iso15118_charge  :: Start TLS server [fe80::1092:6bff:fe77:d439%eth0]:50000
2026-08-03 01:23:56.651294 [INFO] iso15118_charge  :: Created logfile at: /ext/dist/./260803_01-23-56.yaml
2026-08-03 01:23:56.958054 [INFO] evse_manager:Ev  ::                                     CAR IEC Event CarRequestedPower
2026-08-03 01:23:58.089074 [INFO] iso15118_charge  :: Incoming connection from [fe80::402b:e9ff:fe6c:6c7f%eth0]:49970
2026-08-03 01:23:58.168503 [INFO] iso15118_charge  :: Client supports TLS1.3: Change verify mode to SSL_VERIFY_PEER and SSL_VERIFY_FAIL_IF_NO_PEER_CERT
2026-08-03 01:23:58.301442 [INFO] iso15118_charge  :: Handshake complete!
2026-08-03 01:23:58.301803 [INFO] iso15118_charge  :: Verify certificate result is okay
2026-08-03 01:23:58.303474 [INFO] iso15118_charge  :: Vehicle Cert is available
2026-08-03 01:23:58.338541 [INFO] evse_manager:Ev  ::                                     CAR ISO V2G SupportedAppProtocolReq
2026-08-03 01:23:58.347473 [INFO] iso15118_charge  :: Received session setup with evccid: EVCC01
2026-08-03 01:23:58.348729 [INFO] evse_manager:Ev  :: EVSE ISO V2G SupportedAppProtocolRes
2026-08-03 01:23:58.355752 [INFO] evse_manager:Ev  ::                                     CAR ISO V2G SessionSetupReq
2026-08-03 01:23:58.371566 [INFO] iso15118_charge  :: New session created with session_id: 0x18, 0x39, 0xD1, 0x6B, 0xD9, 0xB8, 0x1F, 0xD8
2026-08-03 01:23:58.386538 [INFO] evse_manager:Ev  :: EVSE ISO V2G SessionSetupRes
2026-08-03 01:23:58.391247 [INFO] iso15118_charge  :: Timestamp: 1785720238
2026-08-03 01:23:58.396172 [INFO] evse_manager:Ev  ::                                     CAR ISO V2G AuthorizationSetupReq
2026-08-03 01:23:58.452956 [INFO] evse_manager:Ev  :: EVSE ISO V2G AuthorizationSetupRes
2026-08-03 01:23:58.455653 [INFO] evse_manager:Ev  ::                                     CAR ISO V2G AuthorizationReq
2026-08-03 01:23:58.457843 [INFO] evse_manager:Ev  :: EVSE ISO V2G AuthorizationRes
2026-08-03 01:23:58.465738 [INFO] evse_manager:Ev  ::                                     CAR ISO V2G AuthorizationReq
2026-08-03 01:23:58.469421 [INFO] evse_manager:Ev  :: EVSE ISO V2G AuthorizationRes
2026-08-03 01:23:58.475764 [INFO] evse_manager:Ev  ::                                     CAR ISO V2G ServiceDiscoveryReq
2026-08-03 01:23:58.479316 [INFO] iso15118_charge  :: Requested info about ServiceID: 2
2026-08-03 01:23:58.479837 [INFO] evse_manager:Ev  :: EVSE ISO V2G ServiceDiscoveryRes
2026-08-03 01:23:58.482097 [INFO] evse_manager:Ev  ::                                     CAR ISO V2G ServiceDetailReq
2026-08-03 01:23:58.488402 [INFO] evse_manager:Ev  :: EVSE ISO V2G ServiceDetailRes
2026-08-03 01:23:58.496829 [INFO] iso15118_charge  :: Selected DC service parameters: control mode: Scheduled, mobility needs mode: ProvidedByEvcc
2026-08-03 01:23:58.500074 [INFO] evse_manager:Ev  ::                                     CAR ISO V2G ServiceSelectionReq
2026-08-03 01:23:58.513391 [INFO] evse_manager:Ev  ::                                     CAR ISO EV selected service: DC
2026-08-03 01:23:58.514957 [INFO] iso15118_charge  :: Max charge current 200.000000A
2026-08-03 01:23:58.524174 [INFO] evse_manager:Ev  :: EVSE ISO V2G ServiceSelectionRes
2026-08-03 01:23:58.530558 [INFO] evse_manager:Ev  ::                                     CAR ISO V2G DcChargeParameterDiscoveryReq
2026-08-03 01:23:58.539539 [INFO] evse_manager:Ev  :: Received EV maximum limits: {
    "dc_ev_maximum_current_limit": 200.0,
    "dc_ev_maximum_power_limit": 50000.0,
    "dc_ev_maximum_voltage_limit": 500.0
}
2026-08-03 01:23:58.545265 [INFO] evse_manager:Ev  :: EVSE ISO V2G DcChargeParameterDiscoveryRes
2026-08-03 01:23:58.548250 [INFO] evse_manager:Ev  ::                                     CAR ISO V2G ScheduleExchangeReq
2026-08-03 01:23:58.568592 [INFO] evse_manager:Ev  :: EVSE ISO V2G ScheduleExchangeRes
        ... (DC_CableCheck polling)
2026-08-03 01:23:58.586255 [INFO] evse_manager:Ev  :: EVSE ISO Start cable check...
        ... (DC_CableCheck polling)
2026-08-03 01:23:58.589468 [INFO] evse_manager:Ev  ::                                     CAR ISO DC HLC Close contactor (in CableCheck)
        ... (DC_CableCheck polling)
2026-08-03 01:23:58.764993 [INFO] evse_manager:Ev  :: EVSE IEC Event PowerOn
2026-08-03 01:23:58.792039 [INFO] evse_manager:Ev  :: EV reports 500 V as maximum voltage
2026-08-03 01:23:58.793405 [INFO] evse_manager:Ev  :: EVSE IEC DC power supply set: 500.00V/2.00A, requested was 500.00V/2.00A.
        ... (DC_CableCheck polling)
2026-08-03 01:23:58.807023 [INFO] evse_manager:Ev  :: CableCheck: Using 500 V
2026-08-03 01:23:58.807887 [INFO] evse_manager:Ev  :: EVSE IEC DC power supply: switch ON called, ChargingPhase: CableCheck
2026-08-03 01:23:58.830971 [INFO] powersupply_dc:  :: Set mode: Export ChargingPhase: CableCheck
        ... (DC_CableCheck polling)
2026-08-03 01:23:59.362253 [INFO] evse_manager:Ev  :: CableCheck: IMD self test started.
        ... (DC_CableCheck polling)
2026-08-03 01:23:59.548582 [INFO] evse_manager:Ev  :: EVSE ISO Change HLC Limits: 22080W/200A, target_voltage 0, actual_voltage 500, bpt_active false
        ... (DC_CableCheck polling)
2026-08-03 01:24:02.574617 [INFO] evse_manager:Ev  :: EVSE IEC Isolation monitor self test result: true
        ... (DC_CableCheck polling)
2026-08-03 01:24:02.584121 [INFO] imd:IMDSimulato  :: Started simulated isolation monitoring with 1000 ms interval
        ... (DC_CableCheck polling)
2026-08-03 01:24:02.629265 [INFO] evse_manager:Ev  :: CableCheck: Waiting for 1 isolation measurement sample(s)
        ... (DC_CableCheck polling)
2026-08-03 01:24:03.612934 [INFO] evse_manager:Ev  :: EVSE IEC Isolation measurement Ok R_F 900000.
2026-08-03 01:24:03.661914 [INFO] evse_manager:Ev  :: EVSE IEC DC power supply OFF
        ... (DC_CableCheck polling)
2026-08-03 01:24:03.668114 [INFO] powersupply_dc:  :: Set mode: Off ChargingPhase: CableCheck
        ... (DC_CableCheck polling)
2026-08-03 01:24:03.879125 [INFO] evse_manager:Ev  :: CableCheck done, output is below 60V
        ... (DC_CableCheck polling)
2026-08-03 01:24:03.961387 [INFO] evse_manager:Ev  ::                                     CAR ISO V2G DcPreChargeReq
2026-08-03 01:24:03.974685 [INFO] evse_manager:Ev  :: EVSE IEC DC power supply set: 400.00V/1.00A, requested was 400.00V/0.00A.
2026-08-03 01:24:04.022233 [INFO] evse_manager:Ev  :: EVSE IEC DC power supply: switch ON called, ChargingPhase: PreCharge
2026-08-03 01:24:04.030317 [INFO] powersupply_dc:  :: Set mode: Export ChargingPhase: PreCharge
2026-08-03 01:24:04.083178 [INFO] evse_manager:Ev  :: EVSE ISO V2G DcPreChargeRes
2026-08-03 01:24:04.090380 [INFO] evse_manager:Ev  ::                                     CAR ISO V2G PowerDeliveryReq
2026-08-03 01:24:04.098113 [INFO] evse_manager:Ev  :: EVSE ISO V2G PowerDeliveryRes
2026-08-03 01:24:04.100441 [INFO] evse_manager:Ev  ::                                     CAR ISO V2G DcChargeLoopReq
2026-08-03 01:24:04.107990 [INFO] evse_manager:Ev  :: EVSE ISO Change HLC Limits: 22080W/55.2A, target_voltage 400, actual_voltage 0, bpt_active false
2026-08-03 01:24:04.108841 [INFO] evse_manager:Ev  :: EVSE IEC DC power supply: switch ON in export mode
2026-08-03 01:24:04.116337 [INFO] powersupply_dc:  :: Set mode: Export ChargingPhase: Charging
2026-08-03 01:24:04.120404 [INFO] evse_manager:Ev  :: EVSE IEC DC power supply set: 400.00V/1.00A, requested was 400.00V/0.00A.
2026-08-03 01:24:04.182156 [INFO] evse_manager:Ev  :: EVSE IEC DC power supply set: 400.00V/120.00A, requested was 400.00V/120.00A.
2026-08-03 01:24:04.199302 [INFO] evse_manager:Ev  :: EVSE IEC Charger state: PrepareCharging->Charging
2026-08-03 01:24:04.202417 [INFO] evse_manager:Ev  :: Timing statistics (Plugin to CurrentDemand)
2026-08-03 01:24:04.202727 [INFO] evse_manager:Ev  :: -------------------------------------------
2026-08-03 01:24:04.202891 [INFO] evse_manager:Ev  :: ConnSetup | HLC_PWM_5%_ON: 701 ms | D-LINK_READY: 1377 ms | Auth EIM Done: 2236 ms | Total: 4452 ms
2026-08-03 01:24:04.203000 [INFO] evse_manager:Ev  :: CableCheck | <60V: 1 ms | Relay On: 202 ms | EVInfo: 0 ms | VRampUp: 545 ms | Self test: 3241 ms | Measure: 1033 ms | VRampDown: 266 ms | Total: 5319 ms
2026-08-03 01:24:04.203053 [INFO] evse_manager:Ev  :: PrepareCharging | Charging started: 295 ms | Total: 295 ms
2026-08-03 01:24:04.203107 [INFO] evse_manager:Ev  :: Total duration all phases: 10067 ms
2026-08-03 01:24:04.215589 [INFO] evse_manager:Ev  :: EVSE IEC DC power supply set: 400.00V/120.00A, requested was 400.00V/120.00A.
2026-08-03 01:24:04.227367 [INFO] evse_manager:Ev  :: EVSE ISO V2G DcChargeLoopRes
2026-08-03 01:24:04.230466 [INFO] evse_manager:Ev  ::                                     CAR ISO V2G DcChargeLoopReq
2026-08-03 01:24:04.233913 [INFO] evse_manager:Ev  :: EVSE IEC DC power supply set: 400.00V/55.20A, requested was 400.00V/55.20A.
2026-08-03 01:24:04.280471 [WARN] evse_manager:Ev module::EvseManager::ready()::<lambda(types::iso15118::DcEvTargetValues)> :: EV ignores new EVSE max limits. Setting target current to new EVSE max limits
2026-08-03 01:24:04.291086 [INFO] evse_manager:Ev  :: EVSE ISO V2G DcChargeLoopRes
2026-08-03 01:24:04.299364 [INFO] evse_manager:Ev  ::                                     CAR ISO V2G DcChargeLoopReq
2026-08-03 01:24:04.306135 [INFO] evse_manager:Ev  :: EVSE ISO V2G DcChargeLoopRes
2026-08-03 01:24:04.308570 [INFO] evse_manager:Ev  ::                                     CAR ISO V2G PowerDeliveryReq
2026-08-03 01:24:04.311253 [INFO] evse_manager:Ev  :: EVSE IEC DC power supply OFF
2026-08-03 01:24:04.316126 [INFO] powersupply_dc:  :: Set mode: Off ChargingPhase: Charging
2026-08-03 01:24:04.363782 [INFO] imd:IMDSimulato  :: Stopped simulated isolation monitoring
2026-08-03 01:24:04.407261 [INFO] evse_manager:Ev  :: EVSE ISO V2G PowerDeliveryRes
2026-08-03 01:24:04.409994 [INFO] evse_manager:Ev  ::                                     CAR ISO V2G DcWeldingDetectionReq
2026-08-03 01:24:04.412230 [INFO] evse_manager:Ev  :: EVSE ISO V2G DcWeldingDetectionRes
2026-08-03 01:24:04.414404 [INFO] evse_manager:Ev  ::                                     CAR ISO V2G SessionStopReq
2026-08-03 01:24:04.416612 [INFO] evse_manager:Ev  :: EVSE ISO V2G SessionStopRes
2026-08-03 01:24:09.161763 [INFO] iso15118_charge  :: Closing TLS connection
2026-08-03 01:24:09.162867 [INFO] iso15118_charge  :: TLS connection closed gracefully
2026-08-03 01:24:09.163036 [INFO] iso15118_charge  :: Connection is closed
2026-08-03 01:24:09.167827 [INFO] evse_manager:Ev  :: EVSE ISO D-LINK_TERMINATE.req
2026-08-03 01:24:09.169045 [INFO] evse_manager:Ev  :: EVSE IEC Set PWM Off
2026-08-03 01:24:09.262698 [INFO] evse_manager:Ev  :: EVSE ISO SLAC UNMATCHED
2026-08-03 01:24:09.264576 [INFO] evse_manager:Ev  :: EVSE ISO D-LINK_READY (false)
2026-08-03 01:24:15.250596 [WARN] evse_manager:Ev std::queue<module::CPEvent> module::IECStateMachine::state_machine() :: Timeout of 6 seconds reached, EV did not go back to state B after PWM was switched off. Powering off under load.
2026-08-03 01:24:15.361125 [INFO] evse_manager:Ev  :: EVSE IEC Event PowerOff
