INFO    2026-07-22 23:35:39,449 - iso15118.evcc.evcc_settings (48): EVCC environment settings:
INFO    2026-07-22 23:35:39,450 - iso15118.evcc.evcc_settings (50): PKI_PATH                      : /venv/lib/python3.10/site-packages/iso15118/shared/pki/
INFO    2026-07-22 23:35:39,451 - iso15118.evcc.evcc_settings (50): MESSAGE_LOG_JSON              : True
INFO    2026-07-22 23:35:39,451 - iso15118.evcc.evcc_settings (50): MESSAGE_LOG_EXI               : False
INFO    2026-07-22 23:35:39,451 - iso15118.evcc.evcc_settings (50): ENABLE_TLS_1_3                : False
INFO    2026-07-22 23:35:39,452 - iso15118.evcc.evcc_settings (52): NETWORK_INTERFACE             : eth0
INFO    2026-07-22 23:35:39,452 - iso15118.evcc.evcc_settings (52): LOG_LEVEL                     : INFO
INFO    2026-07-22 23:35:39,453 - iso15118.evcc.evcc_settings (52): EVCC_CONFIG_PATH              : /venv/lib/python3.10/site-packages/iso15118/shared/examples/evcc/iso15118_20/evcc_config_ac.json
INFO    2026-07-22 23:35:39,474 - iso15118.evcc.evcc_config (120): EVCC Settings
INFO    2026-07-22 23:35:39,474 - iso15118.evcc.evcc_config (123): supported_energy_services     : [<ServiceV20.AC: 1>]
INFO    2026-07-22 23:35:39,475 - iso15118.evcc.evcc_config (123): is_cert_install_needed        : False
INFO    2026-07-22 23:35:39,475 - iso15118.evcc.evcc_config (123): use_tls                       : False
INFO    2026-07-22 23:35:39,475 - iso15118.evcc.evcc_config (123): sdp_retry_cycles              : 1
INFO    2026-07-22 23:35:39,475 - iso15118.evcc.evcc_config (123): max_contract_certs            : 3
INFO    2026-07-22 23:35:39,475 - iso15118.evcc.evcc_config (123): enforce_tls                   : False
INFO    2026-07-22 23:35:39,476 - iso15118.evcc.evcc_config (123): supported_protocols           : [<Protocol.ISO_15118_20_AC: (<Namespace.ISO_V20_AC: 'urn:iso:std:iso:15118:-20:AC'>, <enum 'ISOV20PayloadTypes'>)>]
INFO    2026-07-22 23:35:39,476 - iso15118.evcc.evcc_config (123): energy_transfer_mode          : AC_three_phase_core
INFO    2026-07-22 23:35:39,476 - iso15118.evcc.evcc_config (123): max_supporting_points         : 1024
INFO    2026-07-22 23:35:39,476 - iso15118.evcc.evcc_config (123): charge_loop_cycle             : 10
INFO    2026-07-22 23:35:39,476 - iso15118.evcc.evcc_config (123): charge_loop_delay_time        : 0
INFO    2026-07-22 23:35:42,147 - iso15118.shared.exi_codec (177): EXI Codec version: 1.55
INFO    2026-07-22 23:35:42,148 - iso15118.evcc (30): Starting 15118 version: 0.31.2
INFO    2026-07-22 23:35:42,148 - iso15118.evcc.comm_session_handler (313): Communication session handler started
INFO    2026-07-22 23:35:42,150 - iso15118.evcc.comm_session_handler (398): Remaining SDP requests: 50
INFO    2026-07-22 23:35:42,251 - iso15118.evcc.comm_session_handler (335): Sending SDPRequest: [Security: NO_TLS, Protocol: TCP]
INFO    2026-07-22 23:35:42,270 - iso15118.evcc.transport.udp_client (105): Received datagram from UDP server at address ('fe80::215:5dff:fe46:863f', 15118, 0, 2)
INFO    2026-07-22 23:35:42,270 - iso15118.evcc.comm_session_handler (485): SDPResponse received: [ IP address: fe80::215:5dff:fe46:863f, Port: 55000 , Security: NO_TLS , Transport: TCP ]
INFO    2026-07-22 23:35:42,270 - iso15118.evcc.comm_session_handler (416): Starting TCP client, trying to connect to fe80::215:5dff:fe46:863f at port 55000 ...
INFO    2026-07-22 23:35:42,274 - iso15118.evcc.comm_session_handler (423): TCP client connected
INFO    2026-07-22 23:35:42,292 - iso15118.shared.comm_session (344): Starting a new communication session
INFO    2026-07-22 23:35:42,293 - iso15118.shared.states (139): Entered state SupportedAppProtocol
INFO    2026-07-22 23:35:42,293 - iso15118.shared.exi_codec (248): Message to encode (ns=urn:iso:15118:2:2010:AppProtocol): {"supportedAppProtocolReq": {"AppProtocol": [{"ProtocolNamespace": "urn:iso:std:iso:15118:-20:AC", "VersionNumberMajor": 1, "VersionNumberMinor": 0, "SchemaID": 1, "Priority": 1}]}}
INFO    2026-07-22 23:35:42,379 - iso15118.shared.comm_session (431): Sent supportedAppProtocolReq
INFO    2026-07-22 23:35:42,598 - iso15118.shared.exi_codec (302): Decoded message (ns=urn:iso:15118:2:2010:AppProtocol): {"supportedAppProtocolRes":{"ResponseCode":"OK_SuccessfulNegotiation","SchemaID":1}}
INFO    2026-07-22 23:35:42,598 - iso15118.shared.comm_session (235): supportedAppProtocolRes received
INFO    2026-07-22 23:35:42,599 - iso15118.evcc.states.sap_states (159): Chosen protocol: ISO_15118_20_AC
INFO    2026-07-22 23:35:42,600 - iso15118.shared.exi_codec (248): Message to encode (ns=urn:iso:std:iso:15118:-20:CommonMessages): {"SessionSetupReq": {"Header": {"SessionID": "0000000000000000", "TimeStamp": 1784763342}, "EVCCID": "WMIV1234567890ABCDEX"}}
INFO    2026-07-22 23:35:42,927 - iso15118.shared.comm_session (431): Sent SessionSetupReq
INFO    2026-07-22 23:35:42,928 - iso15118.shared.states (139): Entered state SessionSetup
INFO    2026-07-22 23:35:43,128 - iso15118.shared.exi_codec (302): Decoded message (ns=urn:iso:std:iso:15118:-20:CommonMessages): {"SessionSetupRes":{"Header":{"SessionID":"7DCC4B91F81705EB","TimeStamp":1784763342},"ResponseCode":"OK_NewSessionEstablished","EVSEID":"DE*ABC*E1"}}
INFO    2026-07-22 23:35:43,129 - iso15118.shared.comm_session (235): SessionSetupRes received
INFO    2026-07-22 23:35:43,130 - iso15118.shared.exi_codec (248): Message to encode (ns=urn:iso:std:iso:15118:-20:CommonMessages): {"AuthorizationSetupReq": {"Header": {"SessionID": "7DCC4B91F81705EB", "TimeStamp": 1784763343}}}
INFO    2026-07-22 23:35:43,274 - iso15118.shared.comm_session (431): Sent AuthorizationSetupReq
INFO    2026-07-22 23:35:43,274 - iso15118.shared.states (139): Entered state AuthorizationSetup
INFO    2026-07-22 23:35:43,429 - iso15118.shared.exi_codec (302): Decoded message (ns=urn:iso:std:iso:15118:-20:CommonMessages): {"AuthorizationSetupRes":{"Header":{"SessionID":"7DCC4B91F81705EB","TimeStamp":1784763343},"ResponseCode":"OK","AuthorizationServices":["PnC","EIM"],"CertificateInstallationService":true,"PnC_ASResAuthorizationMode":{"GenChallenge":"KnXi+CgMG2ZwtVIWjDDN/A=="}}}
INFO    2026-07-22 23:35:43,429 - iso15118.shared.comm_session (235): AuthorizationSetupRes received
INFO    2026-07-22 23:35:43,435 - iso15118.shared.exi_codec (248): Message to encode (ns=urn:iso:std:iso:15118:-20:CommonMessages): {"PnC_AReqAuthorizationMode": {"Id": "id1", "GenChallenge": "KnXi+CgMG2ZwtVIWjDDN/A==", "ContractCertificateChain": {"Certificate": "MIICZDCCAgmgAwIBAgICMEQwCgYIKoZIzj0EAwIwVjEiMCAGA1UEAwwZUEtJLUV4dF9DUlRfTU9fU1VCMl9WQUxJRDEPMA0GA1UECgwGU3dpdGNoMQswCQYDVQQGEwJVSzESMBAGCgmSJomT8ixkARkWAk1PMB4XDTI2MDcyMTExNTMyMVoXDTI4MDcyMDExNTMyMVowTDEYMBYGA1UEAwwPVUtTV0kxMjM0NTY3OTFBMQ8wDQYDVQQKDAZTd2l0Y2gxCzAJBgNVBAYTAlVLMRIwEAYKCZImiZPyLGQBGRYCTU8wWTATBgcqhkjOPQIBBggqhkjOPQMBBwNCAASPcMR9PWoRGsJUtanwWG35is1JNazQouYmCqlvsiEKQDyLpSCTLAIwK0AJji7FDgbpHrOM+82YCirJywcZzauHo4HQMIHNMAwGA1UdEwEB/wQCMAAwDgYDVR0PAQH/BAQDAgPoMB0GA1UdDgQWBBQWT/G4zhwa/+ySeGEklHCy7y6GETBtBggrBgEFBQcBAQRhMF8wJAYIKwYBBQUHMAGGGGh0dHBzOi8vd3d3LmV4YW1wbGUuY29tLzA3BggrBgEFBQcwAoYraHR0cHM6Ly93d3cuZXhhbXBsZS5jb20vSW50ZXJtZWRpYXRlLUNBLmNlcjAfBgNVHSMEGDAWgBQE5KGTQteje6QejZgDDp+H+9PmajAKBggqhkjOPQQDAgNJADBGAiEAhnFc5UjTZQCbuZkmR7eHnJ03PMj+1B3F/ULTFnjHLI8CIQDFYbLbXqyvIRGSjDQVjoUmhpqvGg4exZyIgKf1iWnHaw==", "SubCertificates": {"Certificate": ["MIICcjCCAhmgAwIBAgICMEMwCgYIKoZIzj0EAwIwVjEiMCAGA1UEAwwZUEtJLUV4dF9DUlRfTU9fU1VCMV9WQUxJRDEPMA0GA1UECgwGU3dpdGNoMQswCQYDVQQGEwJVSzESMBAGCgmSJomT8ixkARkWAk1PMB4XDTI2MDcyMTExNTMyMVoXDTMwMDcyMDExNTMyMVowVjEiMCAGA1UEAwwZUEtJLUV4dF9DUlRfTU9fU1VCMl9WQUxJRDEPMA0GA1UECgwGU3dpdGNoMQswCQYDVQQGEwJVSzESMBAGCgmSJomT8ixkARkWAk1PMFkwEwYHKoZIzj0CAQYIKoZIzj0DAQcDQgAEHMR8BBuQ69sa5oonNzNyTMppyKA9JFnOKHlrSuleKsZoVFdRCpJlHFoUOmnxJ3wayr4tchFB3xB7jJjAckLZ46OB1jCB0zASBgNVHRMBAf8ECDAGAQH/AgEAMA4GA1UdDwEB/wQEAwIBxjAdBgNVHQ4EFgQUBOShk0LXo3ukHo2YAw6fh/vT5mowbQYIKwYBBQUHAQEEYTBfMCQGCCsGAQUFBzABhhhodHRwczovL3d3dy5leGFtcGxlLmNvbS8wNwYIKwYBBQUHMAKGK2h0dHBzOi8vd3d3LmV4YW1wbGUuY29tL0ludGVybWVkaWF0ZS1DQS5jZXIwHwYDVR0jBBgwFoAUIw4IOPzFFjrrThyNVhSk0fKtd+wwCgYIKoZIzj0EAwIDRwAwRAIgGCNE4tWgUqjzAxTow3Uf8HPoKnCT39oeZYFMGvM/LYYCIFAMF8lW7Xe8R54cYllDRUze2yNv30kI2CQ/LpZDgbcu", "MIICYzCCAgigAwIBAgICMEIwCgYIKoZIzj0EAwIwRTERMA8GA1UEAwwITU9Sb290Q0ExDzANBgNVBAoMBlN3aXRjaDELMAkGA1UEBhMCVUsxEjAQBgoJkiaJk/IsZAEZFgJNTzAeFw0yNjA3MjExMTUzMjFaFw0zMDA3MjAxMTUzMjFaMFYxIjAgBgNVBAMMGVBLSS1FeHRfQ1JUX01PX1NVQjFfVkFMSUQxDzANBgNVBAoMBlN3aXRjaDELMAkGA1UEBhMCVUsxEjAQBgoJkiaJk/IsZAEZFgJNTzBZMBMGByqGSM49AgEGCCqGSM49AwEHA0IABGX87iNhAe+7mzWkCS6yc3b4huU3NXoz1MH0PTcXKp2n5XPV+6+5/45AbhKSveAATuZUdQH6kGIOkRwA/KZ7u6yjgdYwgdMwEgYDVR0TAQH/BAgwBgEB/wIBATAOBgNVHQ8BAf8EBAMCAQYwHQYDVR0OBBYEFCMOCDj8xRY6604cjVYUpNHyrXfsMG0GCCsGAQUFBwEBBGEwXzAkBggrBgEFBQcwAYYYaHR0cHM6Ly93d3cuZXhhbXBsZS5jb20vMDcGCCsGAQUFBzAChitodHRwczovL3d3dy5leGFtcGxlLmNvbS9JbnRlcm1lZGlhdGUtQ0EuY2VyMB8GA1UdIwQYMBaAFJH0C7gAn6XBuT1ZPL8zNvr+zNl3MAoGCCqGSM49BAMCA0kAMEYCIQCGRcfkuKcJGq1zVhMJOMsJ1kWOiiHjQbMhQjobw8WqVwIhAOJ+7n6dWbsoc/v353G8L9R22c/+Y6t8BoYbGe5zimk4"]}}}}
INFO    2026-07-22 23:35:43,652 - iso15118.shared.exi_codec (248): Message to encode (ns=http://www.w3.org/2000/09/xmldsig#): {"SignedInfo": {"CanonicalizationMethod": {"Algorithm": "http://www.w3.org/TR/canonical-exi/"}, "SignatureMethod": {"Algorithm": "http://www.w3.org/2001/04/xmldsig-more#ecdsa-sha256"}, "Reference": [{"Transforms": {"Transform": [{"Algorithm": "http://www.w3.org/TR/canonical-exi/"}]}, "DigestMethod": {"Algorithm": "http://www.w3.org/2001/04/xmlenc#sha256"}, "DigestValue": "ts6HXA1SWMioDvTrtBLxe68jHB9vLrMxHIe3MN1eFjU=", "URI": "#id1"}]}}
INFO    2026-07-22 23:35:43,812 - iso15118.shared.exi_codec (248): Message to encode (ns=urn:iso:std:iso:15118:-20:CommonMessages): {"AuthorizationReq": {"Header": {"SessionID": "7DCC4B91F81705EB", "TimeStamp": 1784763343, "Signature": {"SignedInfo": {"CanonicalizationMethod": {"Algorithm": "http://www.w3.org/TR/canonical-exi/"}, "SignatureMethod": {"Algorithm": "http://www.w3.org/2001/04/xmldsig-more#ecdsa-sha256"}, "Reference": [{"Transforms": {"Transform": [{"Algorithm": "http://www.w3.org/TR/canonical-exi/"}]}, "DigestMethod": {"Algorithm": "http://www.w3.org/2001/04/xmlenc#sha256"}, "DigestValue": "ts6HXA1SWMioDvTrtBLxe68jHB9vLrMxHIe3MN1eFjU=", "URI": "#id1"}]}, "SignatureValue": {"value": "F0X+tqXUwQPoDqgHKJHTg0ORNGk3Ux/B/MPBPst8cjh2Uq8JQ8dY3+zaa6fzb2SteXWPbYhfZTzxEyL2JTJ54A=="}}}, "SelectedAuthorizationService": "PnC", "PnC_AReqAuthorizationMode": {"Id": "id1", "GenChallenge": "KnXi+CgMG2ZwtVIWjDDN/A==", "ContractCertificateChain": {"Certificate": "MIICZDCCAgmgAwIBAgICMEQwCgYIKoZIzj0EAwIwVjEiMCAGA1UEAwwZUEtJLUV4dF9DUlRfTU9fU1VCMl9WQUxJRDEPMA0GA1UECgwGU3dpdGNoMQswCQYDVQQGEwJVSzESMBAGCgmSJomT8ixkARkWAk1PMB4XDTI2MDcyMTExNTMyMVoXDTI4MDcyMDExNTMyMVowTDEYMBYGA1UEAwwPVUtTV0kxMjM0NTY3OTFBMQ8wDQYDVQQKDAZTd2l0Y2gxCzAJBgNVBAYTAlVLMRIwEAYKCZImiZPyLGQBGRYCTU8wWTATBgcqhkjOPQIBBggqhkjOPQMBBwNCAASPcMR9PWoRGsJUtanwWG35is1JNazQouYmCqlvsiEKQDyLpSCTLAIwK0AJji7FDgbpHrOM+82YCirJywcZzauHo4HQMIHNMAwGA1UdEwEB/wQCMAAwDgYDVR0PAQH/BAQDAgPoMB0GA1UdDgQWBBQWT/G4zhwa/+ySeGEklHCy7y6GETBtBggrBgEFBQcBAQRhMF8wJAYIKwYBBQUHMAGGGGh0dHBzOi8vd3d3LmV4YW1wbGUuY29tLzA3BggrBgEFBQcwAoYraHR0cHM6Ly93d3cuZXhhbXBsZS5jb20vSW50ZXJtZWRpYXRlLUNBLmNlcjAfBgNVHSMEGDAWgBQE5KGTQteje6QejZgDDp+H+9PmajAKBggqhkjOPQQDAgNJADBGAiEAhnFc5UjTZQCbuZkmR7eHnJ03PMj+1B3F/ULTFnjHLI8CIQDFYbLbXqyvIRGSjDQVjoUmhpqvGg4exZyIgKf1iWnHaw==", "SubCertificates": {"Certificate": ["MIICcjCCAhmgAwIBAgICMEMwCgYIKoZIzj0EAwIwVjEiMCAGA1UEAwwZUEtJLUV4dF9DUlRfTU9fU1VCMV9WQUxJRDEPMA0GA1UECgwGU3dpdGNoMQswCQYDVQQGEwJVSzESMBAGCgmSJomT8ixkARkWAk1PMB4XDTI2MDcyMTExNTMyMVoXDTMwMDcyMDExNTMyMVowVjEiMCAGA1UEAwwZUEtJLUV4dF9DUlRfTU9fU1VCMl9WQUxJRDEPMA0GA1UECgwGU3dpdGNoMQswCQYDVQQGEwJVSzESMBAGCgmSJomT8ixkARkWAk1PMFkwEwYHKoZIzj0CAQYIKoZIzj0DAQcDQgAEHMR8BBuQ69sa5oonNzNyTMppyKA9JFnOKHlrSuleKsZoVFdRCpJlHFoUOmnxJ3wayr4tchFB3xB7jJjAckLZ46OB1jCB0zASBgNVHRMBAf8ECDAGAQH/AgEAMA4GA1UdDwEB/wQEAwIBxjAdBgNVHQ4EFgQUBOShk0LXo3ukHo2YAw6fh/vT5mowbQYIKwYBBQUHAQEEYTBfMCQGCCsGAQUFBzABhhhodHRwczovL3d3dy5leGFtcGxlLmNvbS8wNwYIKwYBBQUHMAKGK2h0dHBzOi8vd3d3LmV4YW1wbGUuY29tL0ludGVybWVkaWF0ZS1DQS5jZXIwHwYDVR0jBBgwFoAUIw4IOPzFFjrrThyNVhSk0fKtd+wwCgYIKoZIzj0EAwIDRwAwRAIgGCNE4tWgUqjzAxTow3Uf8HPoKnCT39oeZYFMGvM/LYYCIFAMF8lW7Xe8R54cYllDRUze2yNv30kI2CQ/LpZDgbcu", "MIICYzCCAgigAwIBAgICMEIwCgYIKoZIzj0EAwIwRTERMA8GA1UEAwwITU9Sb290Q0ExDzANBgNVBAoMBlN3aXRjaDELMAkGA1UEBhMCVUsxEjAQBgoJkiaJk/IsZAEZFgJNTzAeFw0yNjA3MjExMTUzMjFaFw0zMDA3MjAxMTUzMjFaMFYxIjAgBgNVBAMMGVBLSS1FeHRfQ1JUX01PX1NVQjFfVkFMSUQxDzANBgNVBAoMBlN3aXRjaDELMAkGA1UEBhMCVUsxEjAQBgoJkiaJk/IsZAEZFgJNTzBZMBMGByqGSM49AgEGCCqGSM49AwEHA0IABGX87iNhAe+7mzWkCS6yc3b4huU3NXoz1MH0PTcXKp2n5XPV+6+5/45AbhKSveAATuZUdQH6kGIOkRwA/KZ7u6yjgdYwgdMwEgYDVR0TAQH/BAgwBgEB/wIBATAOBgNVHQ8BAf8EBAMCAQYwHQYDVR0OBBYEFCMOCDj8xRY6604cjVYUpNHyrXfsMG0GCCsGAQUFBwEBBGEwXzAkBggrBgEFBQcwAYYYaHR0cHM6Ly93d3cuZXhhbXBsZS5jb20vMDcGCCsGAQUFBzAChitodHRwczovL3d3dy5leGFtcGxlLmNvbS9JbnRlcm1lZGlhdGUtQ0EuY2VyMB8GA1UdIwQYMBaAFJH0C7gAn6XBuT1ZPL8zNvr+zNl3MAoGCCqGSM49BAMCA0kAMEYCIQCGRcfkuKcJGq1zVhMJOMsJ1kWOiiHjQbMhQjobw8WqVwIhAOJ+7n6dWbsoc/v353G8L9R22c/+Y6t8BoYbGe5zimk4"]}}}}}
INFO    2026-07-22 23:35:43,953 - iso15118.shared.comm_session (431): Sent AuthorizationReq
INFO    2026-07-22 23:35:43,954 - iso15118.shared.states (139): Entered state Authorization
INFO    2026-07-22 23:35:44,245 - iso15118.shared.exi_codec (302): Decoded message (ns=urn:iso:std:iso:15118:-20:CommonMessages): {"AuthorizationRes":{"Header":{"SessionID":"7DCC4B91F81705EB","TimeStamp":1784763344},"ResponseCode":"OK","EVSEProcessing":"Finished"}}
INFO    2026-07-22 23:35:44,246 - iso15118.shared.comm_session (235): AuthorizationRes received
INFO    2026-07-22 23:35:44,246 - iso15118.shared.exi_codec (248): Message to encode (ns=urn:iso:std:iso:15118:-20:CommonMessages): {"ServiceDiscoveryReq": {"Header": {"SessionID": "7DCC4B91F81705EB", "TimeStamp": 1784763344}}}
INFO    2026-07-22 23:35:44,313 - iso15118.shared.comm_session (431): Sent ServiceDiscoveryReq
INFO    2026-07-22 23:35:44,313 - iso15118.shared.states (139): Entered state ServiceDiscovery
INFO    2026-07-22 23:35:44,382 - iso15118.shared.exi_codec (302): Decoded message (ns=urn:iso:std:iso:15118:-20:CommonMessages): {"ServiceDiscoveryRes":{"Header":{"SessionID":"7DCC4B91F81705EB","TimeStamp":1784763344},"ResponseCode":"OK","ServiceRenegotiationSupported":true,"EnergyTransferServiceList":{"Service":[{"ServiceID":1,"FreeService":true},{"ServiceID":5,"FreeService":true}]}}}
INFO    2026-07-22 23:35:44,382 - iso15118.shared.comm_session (235): ServiceDiscoveryRes received
INFO    2026-07-22 23:35:44,383 - iso15118.shared.exi_codec (248): Message to encode (ns=urn:iso:std:iso:15118:-20:CommonMessages): {"ServiceDetailReq": {"Header": {"SessionID": "7DCC4B91F81705EB", "TimeStamp": 1784763344}, "ServiceID": 1}}
INFO    2026-07-22 23:35:44,440 - iso15118.shared.comm_session (431): Sent ServiceDetailReq
INFO    2026-07-22 23:35:44,440 - iso15118.shared.states (139): Entered state ServiceDetail
INFO    2026-07-22 23:35:44,526 - iso15118.shared.exi_codec (302): Decoded message (ns=urn:iso:std:iso:15118:-20:CommonMessages): {"ServiceDetailRes":{"Header":{"SessionID":"7DCC4B91F81705EB","TimeStamp":1784763344},"ResponseCode":"OK","ServiceID":1,"ServiceParameterList":{"ParameterSet":[{"ParameterSetID":1,"Parameter":[{"Name":"Connector","intValue":1},{"Name":"ControlMode","intValue":1},{"Name":"MobilityNeedsMode","intValue":1},{"Name":"Pricing","intValue":0}]},{"ParameterSetID":2,"Parameter":[{"Name":"Connector","intValue":1},{"Name":"ControlMode","intValue":2},{"Name":"MobilityNeedsMode","intValue":1},{"Name":"Pricing","intValue":0}]}]}}}
INFO    2026-07-22 23:35:44,527 - iso15118.shared.comm_session (235): ServiceDetailRes received
INFO    2026-07-22 23:35:44,527 - iso15118.evcc.states.iso15118_20_states (664): Selected Control Mode: 1
INFO    2026-07-22 23:35:44,528 - iso15118.shared.exi_codec (248): Message to encode (ns=urn:iso:std:iso:15118:-20:CommonMessages): {"ServiceSelectionReq": {"Header": {"SessionID": "7DCC4B91F81705EB", "TimeStamp": 1784763344}, "SelectedEnergyTransferService": {"ServiceID": 1, "ParameterSetID": 1}}}
INFO    2026-07-22 23:35:44,635 - iso15118.shared.comm_session (431): Sent ServiceSelectionReq
INFO    2026-07-22 23:35:44,635 - iso15118.shared.states (139): Entered state ServiceSelection
INFO    2026-07-22 23:35:44,750 - iso15118.shared.exi_codec (302): Decoded message (ns=urn:iso:std:iso:15118:-20:CommonMessages): {"ServiceSelectionRes":{"Header":{"SessionID":"7DCC4B91F81705EB","TimeStamp":1784763344},"ResponseCode":"OK"}}
INFO    2026-07-22 23:35:44,751 - iso15118.shared.comm_session (235): ServiceSelectionRes received
INFO    2026-07-22 23:35:44,752 - iso15118.shared.exi_codec (248): Message to encode (ns=urn:iso:std:iso:15118:-20:AC): {"AC_ChargeParameterDiscoveryReq": {"Header": {"SessionID": "7DCC4B91F81705EB", "TimeStamp": 1784763344}, "AC_CPDReqEnergyTransferMode": {"EVMaximumChargePower": {"Exponent": 3, "Value": 11}, "EVMinimumChargePower": {"Exponent": 0, "Value": 100}}}}
INFO    2026-07-22 23:35:44,867 - iso15118.shared.comm_session (431): Sent AC_ChargeParameterDiscoveryReq
INFO    2026-07-22 23:35:44,867 - iso15118.shared.states (139): Entered state ACChargeParameterDiscovery
INFO    2026-07-22 23:35:44,919 - iso15118.shared.exi_codec (302): Decoded message (ns=urn:iso:std:iso:15118:-20:AC): {"AC_ChargeParameterDiscoveryRes":{"Header":{"SessionID":"7DCC4B91F81705EB","TimeStamp":1784763344},"ResponseCode":"OK","AC_CPDResEnergyTransferMode":{"EVSEMaximumChargePower":{"Exponent":1,"Value":2200},"EVSEMinimumChargePower":{"Exponent":0,"Value":0},"EVSENominalFrequency":{"Exponent":0,"Value":50}}}}
INFO    2026-07-22 23:35:44,920 - iso15118.shared.comm_session (235): AC_ChargeParameterDiscoveryRes received
INFO    2026-07-22 23:35:44,921 - iso15118.shared.exi_codec (248): Message to encode (ns=urn:iso:std:iso:15118:-20:CommonMessages): {"ScheduleExchangeReq": {"Header": {"SessionID": "7DCC4B91F81705EB", "TimeStamp": 1784763344}, "MaximumSupportingPoints": 1024, "Scheduled_SEReqControlMode": {"DepartureTime": 7200, "EVTargetEnergyRequest": {"Exponent": 3, "Value": 10}, "EVMaximumEnergyRequest": {"Exponent": 3, "Value": 20}, "EVMinimumEnergyRequest": {"Exponent": -2, "Value": 5}, "EVEnergyOffer": {"EVPowerSchedule": {"TimeAnchor": 0, "EVPowerScheduleEntries": {"EVPowerScheduleEntry": [{"Duration": 3600, "Power": {"Exponent": 3, "Value": -10}}]}}, "EVAbsolutePriceSchedule": {"TimeAnchor": 0, "Currency": "EUR", "PriceAlgorithm": "urn:iso:std:iso:15118:-20:PriceAlgorithm:1-Power", "EVPriceRuleStacks": {"EVPriceRuleStack": [{"Duration": 0, "EVPriceRule": [{"EnergyFee": {"Exponent": 0, "Value": 0}, "PowerRangeStart": {"Exponent": 0, "Value": 0}}]}]}}}}}}
INFO    2026-07-22 23:35:44,984 - iso15118.shared.comm_session (431): Sent ScheduleExchangeReq
INFO    2026-07-22 23:35:44,985 - iso15118.shared.states (139): Entered state ScheduleExchange
INFO    2026-07-22 23:35:45,103 - iso15118.shared.exi_codec (302): Decoded message (ns=urn:iso:std:iso:15118:-20:CommonMessages): {"ScheduleExchangeRes":{"Header":{"SessionID":"7DCC4B91F81705EB","TimeStamp":1784763344,"Signature":{"SignedInfo":{"CanonicalizationMethod":{"Algorithm":"http://www.w3.org/TR/canonical-exi/"},"SignatureMethod":{"Algorithm":"http://www.w3.org/2001/04/xmldsig-more#ecdsa-sha512"},"Reference":[{"URI":"#absolutePriceSchedule1","Transforms":{"Transform":[{"Algorithm":"http://www.w3.org/TR/canonical-exi/"}]},"DigestMethod":{"Algorithm":"http://www.w3.org/2001/04/xmlenc#sha512"},"DigestValue":"xles6l11v+Fk2QjN3EdO1VBR1kfaIIVje0orrt43/eN3NwDWAk+i2sIR6nuqaJC8zAeoTvWTc1qW79lmzY78Vg=="}]},"SignatureValue":{"value":"AOxxMR1q5T3NAAUBRhD+OEzeh4ZqrqEIkC0lv8gAnJ4zHDj+i0cAmsOAWaVVcugevjNCCqwgeGThiziZdMgVLPfJAOX38PzlvphspZPvTR20jCZ15fnnmmYD3W6OKETXSB8V7iFNVs6N561JxecamPNGzhsfQYWLHhgecpnSDXFyiQ34"}}},"ResponseCode":"OK","EVSEProcessing":"Finished","GoToPause":false,"Scheduled_SEResControlMode":{"ScheduleTuple":[{"ScheduleTupleID":1,"ChargingSchedule":{"PowerSchedule":{"TimeAnchor":0,"PowerScheduleEntries":{"PowerScheduleEntry":[{"Duration":3600,"Power":{"Exponent":0,"Value":100}}]}},"AbsolutePriceSchedule":{"Id":"absolutePriceSchedule1","TimeAnchor":0,"PriceScheduleID":1,"PriceScheduleDescription":"off-peak first","Currency":"EUR","Language":"en","PriceAlgorithm":"urn:iso:std:iso:15118:-20:PriceAlgorithm:1-Power","PriceRuleStacks":{"PriceRuleStack":[{"Duration":1800,"PriceRule":[{"EnergyFee":{"Exponent":-2,"Value":25},"PowerRangeStart":{"Exponent":3,"Value":0}},{"EnergyFee":{"Exponent":-2,"Value":35},"PowerRangeStart":{"Exponent":3,"Value":11}}]},{"Duration":1800,"PriceRule":[{"EnergyFee":{"Exponent":-2,"Value":30},"PowerRangeStart":{"Exponent":3,"Value":0}},{"EnergyFee":{"Exponent":-2,"Value":45},"PowerRangeStart":{"Exponent":3,"Value":11}}]}]}}}}]}}}
INFO    2026-07-22 23:35:45,105 - iso15118.shared.comm_session (235): ScheduleExchangeRes received
INFO    2026-07-22 23:35:45,106 - iso15118.shared.exi_codec (248): Message to encode (ns=urn:iso:std:iso:15118:-20:CommonMessages): {"PowerDeliveryReq": {"Header": {"SessionID": "7DCC4B91F81705EB", "TimeStamp": 1784763345}, "EVProcessing": "Finished", "ChargeProgress": "Start", "EVPowerProfile": {"TimeAnchor": 0, "EVPowerProfileEntries": {"EVPowerProfileEntry": [{"Duration": 3600, "Power": {"Exponent": 0, "Value": 100}}]}, "Scheduled_EVPPTControlMode": {"SelectedScheduleTupleID": 1, "PowerToleranceAcceptance": "PowerToleranceConfirmed"}}}}
INFO    2026-07-22 23:35:45,168 - iso15118.shared.comm_session (431): Sent PowerDeliveryReq
INFO    2026-07-22 23:35:45,168 - iso15118.shared.states (139): Entered state PowerDelivery
INFO    2026-07-22 23:35:45,233 - iso15118.shared.exi_codec (302): Decoded message (ns=urn:iso:std:iso:15118:-20:CommonMessages): {"PowerDeliveryRes":{"Header":{"SessionID":"7DCC4B91F81705EB","TimeStamp":1784763345},"ResponseCode":"OK"}}
INFO    2026-07-22 23:35:45,234 - iso15118.shared.comm_session (235): PowerDeliveryRes received
INFO    2026-07-22 23:35:45,235 - iso15118.shared.exi_codec (248): Message to encode (ns=urn:iso:std:iso:15118:-20:AC): {"AC_ChargeLoopReq": {"Header": {"SessionID": "7DCC4B91F81705EB", "TimeStamp": 1784763345}, "DisplayParameters": {"PresentSOC": 10, "ChargingComplete": false}, "MeterInfoRequested": false, "Scheduled_AC_CLReqControlMode": {"EVPresentActivePower": {"Exponent": 3, "Value": 200}}}}
INFO    2026-07-22 23:35:45,285 - iso15118.shared.comm_session (431): Sent AC_ChargeLoopReq
INFO    2026-07-22 23:35:45,286 - iso15118.shared.states (139): Entered state ACChargeLoop
INFO    2026-07-22 23:35:45,341 - iso15118.shared.exi_codec (302): Decoded message (ns=urn:iso:std:iso:15118:-20:AC): {"AC_ChargeLoopRes":{"Header":{"SessionID":"7DCC4B91F81705EB","TimeStamp":1784763345},"ResponseCode":"OK","Scheduled_AC_CLResControlMode":{}}}
INFO    2026-07-22 23:35:45,341 - iso15118.shared.comm_session (235): AC_ChargeLoopRes received
INFO    2026-07-22 23:35:45,342 - iso15118.evcc.states.iso15118_20_states (1294): Next ChargeLoop Req in 0 seconds
INFO    2026-07-22 23:35:45,343 - iso15118.shared.exi_codec (248): Message to encode (ns=urn:iso:std:iso:15118:-20:AC): {"AC_ChargeLoopReq": {"Header": {"SessionID": "7DCC4B91F81705EB", "TimeStamp": 1784763345}, "DisplayParameters": {"PresentSOC": 20, "ChargingComplete": false}, "MeterInfoRequested": false, "Scheduled_AC_CLReqControlMode": {"EVPresentActivePower": {"Exponent": 3, "Value": 200}}}}
INFO    2026-07-22 23:35:45,385 - iso15118.shared.comm_session (431): Sent AC_ChargeLoopReq
INFO    2026-07-22 23:35:45,385 - iso15118.shared.states (139): Entered state ACChargeLoop
INFO    2026-07-22 23:35:45,419 - iso15118.shared.exi_codec (302): Decoded message (ns=urn:iso:std:iso:15118:-20:AC): {"AC_ChargeLoopRes":{"Header":{"SessionID":"7DCC4B91F81705EB","TimeStamp":1784763345},"ResponseCode":"OK","Scheduled_AC_CLResControlMode":{}}}
INFO    2026-07-22 23:35:45,420 - iso15118.shared.comm_session (235): AC_ChargeLoopRes received
INFO    2026-07-22 23:35:45,420 - iso15118.evcc.states.iso15118_20_states (1294): Next ChargeLoop Req in 0 seconds
INFO    2026-07-22 23:35:45,421 - iso15118.shared.exi_codec (248): Message to encode (ns=urn:iso:std:iso:15118:-20:AC): {"AC_ChargeLoopReq": {"Header": {"SessionID": "7DCC4B91F81705EB", "TimeStamp": 1784763345}, "DisplayParameters": {"PresentSOC": 30, "ChargingComplete": false}, "MeterInfoRequested": false, "Scheduled_AC_CLReqControlMode": {"EVPresentActivePower": {"Exponent": 3, "Value": 200}}}}
INFO    2026-07-22 23:35:45,458 - iso15118.shared.comm_session (431): Sent AC_ChargeLoopReq
INFO    2026-07-22 23:35:45,458 - iso15118.shared.states (139): Entered state ACChargeLoop
INFO    2026-07-22 23:35:45,499 - iso15118.shared.exi_codec (302): Decoded message (ns=urn:iso:std:iso:15118:-20:AC): {"AC_ChargeLoopRes":{"Header":{"SessionID":"7DCC4B91F81705EB","TimeStamp":1784763345},"ResponseCode":"OK","Scheduled_AC_CLResControlMode":{}}}
INFO    2026-07-22 23:35:45,500 - iso15118.shared.comm_session (235): AC_ChargeLoopRes received
INFO    2026-07-22 23:35:45,501 - iso15118.evcc.states.iso15118_20_states (1294): Next ChargeLoop Req in 0 seconds
INFO    2026-07-22 23:35:45,502 - iso15118.shared.exi_codec (248): Message to encode (ns=urn:iso:std:iso:15118:-20:AC): {"AC_ChargeLoopReq": {"Header": {"SessionID": "7DCC4B91F81705EB", "TimeStamp": 1784763345}, "DisplayParameters": {"PresentSOC": 40, "ChargingComplete": false}, "MeterInfoRequested": false, "Scheduled_AC_CLReqControlMode": {"EVPresentActivePower": {"Exponent": 3, "Value": 200}}}}
INFO    2026-07-22 23:35:45,538 - iso15118.shared.comm_session (431): Sent AC_ChargeLoopReq
INFO    2026-07-22 23:35:45,539 - iso15118.shared.states (139): Entered state ACChargeLoop
INFO    2026-07-22 23:35:45,588 - iso15118.shared.exi_codec (302): Decoded message (ns=urn:iso:std:iso:15118:-20:AC): {"AC_ChargeLoopRes":{"Header":{"SessionID":"7DCC4B91F81705EB","TimeStamp":1784763345},"ResponseCode":"OK","Scheduled_AC_CLResControlMode":{}}}
INFO    2026-07-22 23:35:45,589 - iso15118.shared.comm_session (235): AC_ChargeLoopRes received
INFO    2026-07-22 23:35:45,589 - iso15118.evcc.states.iso15118_20_states (1294): Next ChargeLoop Req in 0 seconds
INFO    2026-07-22 23:35:45,590 - iso15118.shared.exi_codec (248): Message to encode (ns=urn:iso:std:iso:15118:-20:AC): {"AC_ChargeLoopReq": {"Header": {"SessionID": "7DCC4B91F81705EB", "TimeStamp": 1784763345}, "DisplayParameters": {"PresentSOC": 50, "ChargingComplete": false}, "MeterInfoRequested": false, "Scheduled_AC_CLReqControlMode": {"EVPresentActivePower": {"Exponent": 3, "Value": 200}}}}
INFO    2026-07-22 23:35:45,629 - iso15118.shared.comm_session (431): Sent AC_ChargeLoopReq
INFO    2026-07-22 23:35:45,630 - iso15118.shared.states (139): Entered state ACChargeLoop
INFO    2026-07-22 23:35:45,667 - iso15118.shared.exi_codec (302): Decoded message (ns=urn:iso:std:iso:15118:-20:AC): {"AC_ChargeLoopRes":{"Header":{"SessionID":"7DCC4B91F81705EB","TimeStamp":1784763345},"ResponseCode":"OK","Scheduled_AC_CLResControlMode":{}}}
INFO    2026-07-22 23:35:45,668 - iso15118.shared.comm_session (235): AC_ChargeLoopRes received
INFO    2026-07-22 23:35:45,668 - iso15118.evcc.states.iso15118_20_states (1294): Next ChargeLoop Req in 0 seconds
INFO    2026-07-22 23:35:45,668 - iso15118.shared.exi_codec (248): Message to encode (ns=urn:iso:std:iso:15118:-20:AC): {"AC_ChargeLoopReq": {"Header": {"SessionID": "7DCC4B91F81705EB", "TimeStamp": 1784763345}, "DisplayParameters": {"PresentSOC": 60, "ChargingComplete": false}, "MeterInfoRequested": false, "Scheduled_AC_CLReqControlMode": {"EVPresentActivePower": {"Exponent": 3, "Value": 200}}}}
INFO    2026-07-22 23:35:45,694 - iso15118.shared.comm_session (431): Sent AC_ChargeLoopReq
INFO    2026-07-22 23:35:45,694 - iso15118.shared.states (139): Entered state ACChargeLoop
INFO    2026-07-22 23:35:45,724 - iso15118.shared.exi_codec (302): Decoded message (ns=urn:iso:std:iso:15118:-20:AC): {"AC_ChargeLoopRes":{"Header":{"SessionID":"7DCC4B91F81705EB","TimeStamp":1784763345},"ResponseCode":"OK","Scheduled_AC_CLResControlMode":{}}}
INFO    2026-07-22 23:35:45,725 - iso15118.shared.comm_session (235): AC_ChargeLoopRes received
INFO    2026-07-22 23:35:45,725 - iso15118.evcc.states.iso15118_20_states (1294): Next ChargeLoop Req in 0 seconds
INFO    2026-07-22 23:35:45,726 - iso15118.shared.exi_codec (248): Message to encode (ns=urn:iso:std:iso:15118:-20:AC): {"AC_ChargeLoopReq": {"Header": {"SessionID": "7DCC4B91F81705EB", "TimeStamp": 1784763345}, "DisplayParameters": {"PresentSOC": 70, "ChargingComplete": false}, "MeterInfoRequested": false, "Scheduled_AC_CLReqControlMode": {"EVPresentActivePower": {"Exponent": 3, "Value": 200}}}}
INFO    2026-07-22 23:35:45,753 - iso15118.shared.comm_session (431): Sent AC_ChargeLoopReq
INFO    2026-07-22 23:35:45,753 - iso15118.shared.states (139): Entered state ACChargeLoop
INFO    2026-07-22 23:35:45,781 - iso15118.shared.exi_codec (302): Decoded message (ns=urn:iso:std:iso:15118:-20:AC): {"AC_ChargeLoopRes":{"Header":{"SessionID":"7DCC4B91F81705EB","TimeStamp":1784763345},"ResponseCode":"OK","Scheduled_AC_CLResControlMode":{}}}
INFO    2026-07-22 23:35:45,781 - iso15118.shared.comm_session (235): AC_ChargeLoopRes received
INFO    2026-07-22 23:35:45,782 - iso15118.evcc.states.iso15118_20_states (1294): Next ChargeLoop Req in 0 seconds
INFO    2026-07-22 23:35:45,782 - iso15118.shared.exi_codec (248): Message to encode (ns=urn:iso:std:iso:15118:-20:AC): {"AC_ChargeLoopReq": {"Header": {"SessionID": "7DCC4B91F81705EB", "TimeStamp": 1784763345}, "DisplayParameters": {"PresentSOC": 80, "ChargingComplete": false}, "MeterInfoRequested": false, "Scheduled_AC_CLReqControlMode": {"EVPresentActivePower": {"Exponent": 3, "Value": 200}}}}
INFO    2026-07-22 23:35:45,808 - iso15118.shared.comm_session (431): Sent AC_ChargeLoopReq
INFO    2026-07-22 23:35:45,808 - iso15118.shared.states (139): Entered state ACChargeLoop
INFO    2026-07-22 23:35:45,833 - iso15118.shared.exi_codec (302): Decoded message (ns=urn:iso:std:iso:15118:-20:AC): {"AC_ChargeLoopRes":{"Header":{"SessionID":"7DCC4B91F81705EB","TimeStamp":1784763345},"ResponseCode":"OK","Scheduled_AC_CLResControlMode":{}}}
INFO    2026-07-22 23:35:45,834 - iso15118.shared.comm_session (235): AC_ChargeLoopRes received
INFO    2026-07-22 23:35:45,834 - iso15118.evcc.states.iso15118_20_states (1294): Next ChargeLoop Req in 0 seconds
INFO    2026-07-22 23:35:45,834 - iso15118.shared.exi_codec (248): Message to encode (ns=urn:iso:std:iso:15118:-20:AC): {"AC_ChargeLoopReq": {"Header": {"SessionID": "7DCC4B91F81705EB", "TimeStamp": 1784763345}, "DisplayParameters": {"PresentSOC": 90, "ChargingComplete": false}, "MeterInfoRequested": false, "Scheduled_AC_CLReqControlMode": {"EVPresentActivePower": {"Exponent": 3, "Value": 200}}}}
INFO    2026-07-22 23:35:45,854 - iso15118.shared.comm_session (431): Sent AC_ChargeLoopReq
INFO    2026-07-22 23:35:45,854 - iso15118.shared.states (139): Entered state ACChargeLoop
INFO    2026-07-22 23:35:45,875 - iso15118.shared.exi_codec (302): Decoded message (ns=urn:iso:std:iso:15118:-20:AC): {"AC_ChargeLoopRes":{"Header":{"SessionID":"7DCC4B91F81705EB","TimeStamp":1784763345},"ResponseCode":"OK","Scheduled_AC_CLResControlMode":{}}}
INFO    2026-07-22 23:35:45,875 - iso15118.shared.comm_session (235): AC_ChargeLoopRes received
INFO    2026-07-22 23:35:45,875 - iso15118.evcc.states.iso15118_20_states (1294): Next ChargeLoop Req in 0 seconds
INFO    2026-07-22 23:35:45,876 - iso15118.shared.exi_codec (248): Message to encode (ns=urn:iso:std:iso:15118:-20:AC): {"AC_ChargeLoopReq": {"Header": {"SessionID": "7DCC4B91F81705EB", "TimeStamp": 1784763345}, "DisplayParameters": {"PresentSOC": 100, "ChargingComplete": true}, "MeterInfoRequested": false, "Scheduled_AC_CLReqControlMode": {"EVPresentActivePower": {"Exponent": 3, "Value": 200}}}}
INFO    2026-07-22 23:35:45,897 - iso15118.shared.comm_session (431): Sent AC_ChargeLoopReq
INFO    2026-07-22 23:35:45,897 - iso15118.shared.states (139): Entered state ACChargeLoop
INFO    2026-07-22 23:35:45,921 - iso15118.shared.exi_codec (302): Decoded message (ns=urn:iso:std:iso:15118:-20:AC): {"AC_ChargeLoopRes":{"Header":{"SessionID":"7DCC4B91F81705EB","TimeStamp":1784763345},"ResponseCode":"OK","Scheduled_AC_CLResControlMode":{}}}
INFO    2026-07-22 23:35:45,921 - iso15118.shared.comm_session (235): AC_ChargeLoopRes received
INFO    2026-07-22 23:35:45,922 - iso15118.shared.exi_codec (248): Message to encode (ns=urn:iso:std:iso:15118:-20:CommonMessages): {"PowerDeliveryReq": {"Header": {"SessionID": "7DCC4B91F81705EB", "TimeStamp": 1784763345}, "EVProcessing": "Finished", "ChargeProgress": "Stop"}}
INFO    2026-07-22 23:35:45,955 - iso15118.shared.comm_session (431): Sent PowerDeliveryReq
INFO    2026-07-22 23:35:45,956 - iso15118.shared.states (139): Entered state PowerDelivery
INFO    2026-07-22 23:35:46,013 - iso15118.shared.exi_codec (302): Decoded message (ns=urn:iso:std:iso:15118:-20:CommonMessages): {"PowerDeliveryRes":{"Header":{"SessionID":"7DCC4B91F81705EB","TimeStamp":1784763345},"ResponseCode":"OK"}}
INFO    2026-07-22 23:35:46,013 - iso15118.shared.comm_session (235): PowerDeliveryRes received
INFO    2026-07-22 23:35:46,014 - iso15118.shared.exi_codec (248): Message to encode (ns=urn:iso:std:iso:15118:-20:CommonMessages): {"SessionStopReq": {"Header": {"SessionID": "7DCC4B91F81705EB", "TimeStamp": 1784763346}, "ChargingSession": "Terminate"}}
INFO    2026-07-22 23:35:46,059 - iso15118.shared.comm_session (431): Sent SessionStopReq
INFO    2026-07-22 23:35:46,059 - iso15118.shared.states (139): Entered state SessionStop
INFO    2026-07-22 23:35:46,101 - iso15118.shared.exi_codec (302): Decoded message (ns=urn:iso:std:iso:15118:-20:CommonMessages): {"SessionStopRes":{"Header":{"SessionID":"7DCC4B91F81705EB","TimeStamp":1784763346},"ResponseCode":"OK"}}
INFO    2026-07-22 23:35:46,102 - iso15118.shared.comm_session (235): SessionStopRes received
INFO    2026-07-22 23:35:46,102 - iso15118.shared.comm_session (395): The data link will terminate in 2 seconds and the TCP connection will close in 5 seconds. 
INFO    2026-07-22 23:35:46,103 - iso15118.shared.comm_session (399): Reason: Communication session terminated
INFO    2026-07-22 23:35:48,106 - iso15118.shared.comm_session (410): terminated the data link
INFO    2026-07-22 23:35:51,107 - iso15118.shared.comm_session (417): TCP connection closed to peer with address ('fe80::215:5dff:fe46:863f', 55000, 0, 2)
