2026-08-11 01:24:20.479154 [INFO] manager          ::   ________      __                _   
2026-08-11 01:24:20.479351 [INFO] manager          ::  |  ____\ \    / /               | |
2026-08-11 01:24:20.479361 [INFO] manager          ::  | |__   \ \  / /__ _ __ ___  ___| |_
2026-08-11 01:24:20.479367 [INFO] manager          ::  |  __|   \ \/ / _ \ '__/ _ \/ __| __|
2026-08-11 01:24:20.479373 [INFO] manager          ::  | |____   \  /  __/ | |  __/\__ \ |_
2026-08-11 01:24:20.479379 [INFO] manager          ::  |______|   \/ \___|_|  \___||___/\__|
2026-08-11 01:24:20.479384 [INFO] manager          :: 
2026-08-11 01:24:20.479390 [INFO] manager          :: everest-framework 0.25.0-dev 2026.02.1
2026-08-11 01:24:20.479396 [INFO] manager          :: everest-core 2026.02.1-dev 2026.02.1
2026-08-11 01:24:20.479403 [INFO] manager          :: 
2026-08-11 01:24:20.479410 [INFO] manager          :: Using MQTT broker localhost:1883
2026-08-11 01:24:20.504304 [INFO] manager          :: Boot mode is set to YamlFile, loading module configs from YAML file
2026-08-11 01:24:20.504364 [INFO] manager          :: Loading config file at: /home/ahzf/everest/configs-ours/config-dc2-ours.yaml
2026-08-11 01:24:20.646646 [INFO] manager          :: Config loading completed in 167ms
2026-08-11 01:24:20.648681 [INFO] manager          :: Starting 19 modules
2026-08-11 01:24:22.976672 [INFO] energy_manager:  :: Module energy_manager initialized [2286ms]
2026-08-11 01:24:22.978950 [INFO] error_history:E  :: Using database at "/tmp/error_history.db"
2026-08-11 01:24:22.979083 [INFO] error_history:E  :: Checking database
2026-08-11 01:24:22.979986 [INFO] auth:Auth        :: Module auth initialized [2294ms]
2026-08-11 01:24:22.980576 [INFO] error_history:E  :: Module error_history initialized [2287ms]
2026-08-11 01:24:22.995352 [INFO] api_sink:Energy  :: Module api_sink initialized [2315ms]
2026-08-11 01:24:22.998211 [INFO] api:API          :: Module api initialized [2321ms]
2026-08-11 01:24:23.003986 [INFO] evse_manager:Ev  :: Module evse_manager initialized [2293ms]
2026-08-11 01:24:23.007115 [INFO] imd:IMDSimulato  :: Module imd initialized [2293ms]
2026-08-11 01:24:23.007959 [INFO] grid_connection  :: Module grid_connection_point initialized [2297ms]
2026-08-11 01:24:23.011266 [INFO] ev_api:EvAPI     :: Module ev_api initialized [2315ms]
2026-08-11 01:24:23.012476 [INFO] ev_manager:EvMa  :: Module ev_manager initialized [2313ms]
2026-08-11 01:24:23.024310 [INFO] slac:SlacSimula  :: Module slac initialized [2293ms]
2026-08-11 01:24:23.026460 [INFO] ovm:OVMSimulato  :: Can control the over voltage measurement values over the topic: everest_api/ovm/cmd/set_over_voltage_measurement_V via MQTT
2026-08-11 01:24:23.026731 [INFO] ovm:OVMSimulato  :: Module ovm initialized [2300ms]
2026-08-11 01:24:23.026871 [INFO] iso15118_charge  :: Module iso15118_charger initialized [2299ms]
2026-08-11 01:24:23.040437 [INFO] powersupply_dc:  :: Module powersupply_dc initialized [2312ms]
2026-08-11 01:24:23.041317 [INFO] evse_security:E  :: Module evse_security initialized [2329ms]
2026-08-11 01:24:23.043968 [INFO] token_provider:  :: Module token_provider initialized [2304ms]
2026-08-11 01:24:23.044883 [INFO] yeti_driver:Yet  :: Module yeti_driver initialized [2300ms]
2026-08-11 01:24:23.050313 [INFO] token_validator  :: Module token_validator initialized [2305ms]
2026-08-11 01:24:23.565624 [INFO] iso15118_car     :: Module iso15118_car initialized [2271ms]
2026-08-11 01:24:23.613842 [INFO] manager          :: Clearing retained topics published by manager during startup
2026-08-11 01:24:23.615129 [INFO] manager          :: 🚙🚙🚙 All modules are initialized. EVerest up and running [3151ms] 🚙🚙🚙
2026-08-11 01:24:23.617121 [INFO] iso15118_charge  :: TCP server on eth0 is listening on port [fe80::215:5dff:fe6b:3d4%2]:61341
2026-08-11 01:24:23.617248 [INFO] iso15118_charge  :: TLS server on eth0 is listening on port [fe80::215:5dff:fe6b:3d4%2]:64109
2026-08-11 01:24:23.662036 [INFO] evse_security:E  :: Requesting leaf certificate info: V2G
2026-08-11 01:24:23.666791 [INFO] evse_security:E  :: Found valid leaf: ["/home/ahzf/everest/dist/etc/everest/certs/client/cso/CPO_CERT_CHAIN.pem"]
2026-08-11 01:24:23.667012 [INFO] evse_security:E  :: Found valid leaf: ["/home/ahzf/everest/dist/etc/everest/certs/client/cso/SECC_LEAF.pem"]
2026-08-11 01:24:23.709405 [WARN] iso15118_charge void {anonymous}::log_handler(openssl::log_level_t, const std::string&) :: <n> certificates != <n> OCSP responses
2026-08-11 01:24:23.722153 [INFO] iso15118_charge  :: SDP socket setup succeeded
2026-08-11 01:24:23.810594 [WARN] auth:Auth       void module::ReservationHandler::load_reservations() :: Can not load reservations because no storage was configured.
2026-08-11 01:24:23.938108 [INFO] iso15118_charge  :: Ignoring bidirectional SupportedEnergyTransferMode
2026-08-11 01:24:24.157759 [INFO] evse_manager:Ev  :: Ignoring BSP Event, BSP is not enabled yet.
2026-08-11 01:24:24.158931 [INFO] ovm:OVMSimulato  :: Over voltage monitoring: stopped.
2026-08-11 01:24:24.342994 [INFO] iso15118_charge  :: Ignoring bidirectional SupportedEnergyTransferMode
2026-08-11 01:24:24.649974 [INFO] ev_manager:EvMa  :: Finished simulation.
2026-08-11 01:24:24.669995 [INFO] evse_manager:Ev  :: Cleaning up any other transaction on start up
2026-08-11 01:24:24.806914 [INFO] evse_manager:Ev  :: 🌀🌀🌀 Ready to start charging 🌀🌀🌀
2026-08-11 01:24:30.491331 [INFO] iso15118_charge  :: Incoming connection on eth0 from [a00:84b4:0:0:fe80::]:33972
2026-08-11 01:24:30.491573 [INFO] iso15118_charge  :: Started new TCP connection thread
2026-08-11 01:24:30.491621 [INFO] iso15118_charge  :: Handling SupportedAppProtocolReq
2026-08-11 01:24:30.491964 [INFO] iso15118_charge  :: Protocol negotiation was successful. Selected protocol is ISO15118
2026-08-11 01:24:30.492382 [INFO] iso15118_charge  :: SessionSetupReq.EVCCID: AB:CD:EF:01:02:03
2026-08-11 01:24:30.492417 [INFO] iso15118_charge  :: No session_id found or not equal to the id from the preceding v2g session. Generating random session id.
2026-08-11 01:24:30.492425 [INFO] iso15118_charge  :: Created new session with id 0x8c04a714dff52c76
2026-08-11 01:24:30.591101 [WARN] iso15118_charge void dlog_func(dloglevel_t, const char*, int, const char*, const char*, ...) :: PnC is not allowed without TLS-communication. Correcting value to '1' (ExternalPayment)
2026-08-11 01:24:31.575135 [INFO] evse_manager:Ev  :: SYS  Session logging started.
2026-08-11 01:24:31.575345 [INFO] evse_manager:Ev  :: EVSE IEC Session Started: EVConnected
2026-08-11 01:24:31.576449 [INFO] auth:Auth        :: Plug In event for evse#1, starting auth
2026-08-11 01:24:31.576510 [INFO] token_provider:  :: Publishing new dummy token: {
    "authorization_type": "RFID",
    "id_token": {
        "type": "ISO14443",
        "value": "[redacted] hash: CE55F71752B68164"
    },
    "parent_id_token": {
        "type": "ISO14443",
        "value": "[redacted] hash: CE55F71752B68164"
    }
}
2026-08-11 01:24:31.577413 [INFO] auth:Auth        :: Received new token: {
    "authorization_type": "RFID",
    "id_token": {
        "type": "ISO14443",
        "value": "[redacted] hash: CE55F71752B68164"
    },
    "parent_id_token": {
        "type": "ISO14443",
        "value": "[redacted] hash: CE55F71752B68164"
    }
}
2026-08-11 01:24:31.578730 [INFO] token_validator  :: Got validation request for token: [redacted] hash: CE55F71752B68164
2026-08-11 01:24:31.828928 [INFO] token_validator  :: Returning validation status: Accepted
2026-08-11 01:24:31.830175 [INFO] auth:Auth        :: Providing authorization to evse#1
2026-08-11 01:24:32.076343 [INFO] evse_manager:Ev  :: EVSE IEC Set PWM On (5.0%) took 0 ms
2026-08-11 01:24:32.222091 [INFO] evse_manager:Ev  :: EVSE IEC EIM Authorization received
2026-08-11 01:24:32.266298 [INFO] auth:Auth        :: Result for token: [redacted] hash: CE55F71752B68164: USED_TO_START_TRANSACTION
2026-08-11 01:24:32.310702 [INFO] evse_manager:Ev  :: EVSE IEC Transaction Started (0 kWh)
2026-08-11 01:24:32.311110 [INFO] evse_manager:Ev  :: EVSE IEC DC mode. We are in 5percent mode so we can continue without further action.
2026-08-11 01:24:32.311254 [INFO] evse_manager:Ev  :: EVSE IEC Charger state: Wait for Auth->PrepareCharging
2026-08-11 01:24:33.689417 [ERRO] iso15118_charge void dlog_func(dloglevel_t, const char*, int, const char*, const char*, ...) :: Timeout waiting for next request or peer closed connection
2026-08-11 01:24:33.689485 [INFO] iso15118_charge  :: v2g_handle_connection exited with -1
2026-08-11 01:24:33.689493 [INFO] iso15118_charge  :: Closing TCP connection
