2026-08-11 01:24:53.998422 [INFO] manager          ::   ________      __                _   
2026-08-11 01:24:53.998640 [INFO] manager          ::  |  ____\ \    / /               | |
2026-08-11 01:24:53.998658 [INFO] manager          ::  | |__   \ \  / /__ _ __ ___  ___| |_
2026-08-11 01:24:53.998668 [INFO] manager          ::  |  __|   \ \/ / _ \ '__/ _ \/ __| __|
2026-08-11 01:24:53.998677 [INFO] manager          ::  | |____   \  /  __/ | |  __/\__ \ |_
2026-08-11 01:24:53.998686 [INFO] manager          ::  |______|   \/ \___|_|  \___||___/\__|
2026-08-11 01:24:53.998694 [INFO] manager          :: 
2026-08-11 01:24:53.998703 [INFO] manager          :: everest-framework 0.25.0-dev 2026.02.1
2026-08-11 01:24:53.998712 [INFO] manager          :: everest-core 2026.02.1-dev 2026.02.1
2026-08-11 01:24:53.998722 [INFO] manager          :: 
2026-08-11 01:24:53.998731 [INFO] manager          :: Using MQTT broker localhost:1883
2026-08-11 01:24:54.023314 [INFO] manager          :: Boot mode is set to YamlFile, loading module configs from YAML file
2026-08-11 01:24:54.023368 [INFO] manager          :: Loading config file at: /home/ahzf/everest/configs-ours/config-dc2-ours.yaml
2026-08-11 01:24:54.151317 [INFO] manager          :: Config loading completed in 152ms
2026-08-11 01:24:54.153397 [INFO] manager          :: Starting 19 modules
2026-08-11 01:24:56.482164 [INFO] error_history:E  :: Using database at "/tmp/error_history.db"
2026-08-11 01:24:56.482355 [INFO] error_history:E  :: Checking database
2026-08-11 01:24:56.483244 [INFO] error_history:E  :: Module error_history initialized [2303ms]
2026-08-11 01:24:56.484939 [INFO] api_sink:Energy  :: Module api_sink initialized [2306ms]
2026-08-11 01:24:56.485999 [INFO] auth:Auth        :: Module auth initialized [2307ms]
2026-08-11 01:24:56.487347 [INFO] api:API          :: Module api initialized [2308ms]
2026-08-11 01:24:56.497343 [INFO] evse_manager:Ev  :: Module evse_manager initialized [2308ms]
2026-08-11 01:24:56.498107 [INFO] token_validator  :: Module token_validator initialized [2293ms]
2026-08-11 01:24:56.504900 [INFO] iso15118_charge  :: Module iso15118_charger initialized [2309ms]
2026-08-11 01:24:56.520064 [INFO] ev_api:EvAPI     :: Module ev_api initialized [2336ms]
2026-08-11 01:24:56.521674 [INFO] imd:IMDSimulato  :: Module imd initialized [2332ms]
2026-08-11 01:24:56.522636 [INFO] grid_connection  :: Module grid_connection_point initialized [2334ms]2026-08-11 01:24:56.522640 [INFO] energy_manager:  :: Module energy_manager initialized [2340ms]
2026-08-11 01:24:56.523150 [INFO] powersupply_dc:  :: Module powersupply_dc initialized [2327ms]
2026-08-11 01:24:56.523293 [INFO] slac:SlacSimula  :: Module slac initialized [2326ms]
2026-08-11 01:24:56.523675 [INFO] evse_security:E  :: Module evse_security initialized [2335ms]
2026-08-11 01:24:56.523982 [INFO] ev_manager:EvMa  :: Module ev_manager initialized [2339ms]
2026-08-11 01:24:56.524823 [INFO] token_provider:  :: Module token_provider initialized [2323ms]
2026-08-11 01:24:56.526136 [INFO] ovm:OVMSimulato  :: Can control the over voltage measurement values over the topic: everest_api/ovm/cmd/set_over_voltage_measurement_V via MQTT
2026-08-11 01:24:56.526420 [INFO] ovm:OVMSimulato  :: Module ovm initialized [2331ms]
2026-08-11 01:24:56.564903 [INFO] yeti_driver:Yet  :: Module yeti_driver initialized [2363ms]
2026-08-11 01:24:56.874394 [INFO] iso15118_car     :: Module iso15118_car initialized [2301ms]
2026-08-11 01:24:56.875129 [INFO] manager          :: Clearing retained topics published by manager during startup
2026-08-11 01:24:56.876542 [INFO] manager          :: 🚙🚙🚙 All modules are initialized. EVerest up and running [2889ms] 🚙🚙🚙
2026-08-11 01:24:56.878084 [INFO] iso15118_charge  :: TCP server on eth0 is listening on port [fe80::215:5dff:fe6b:3d4%2]:61341
2026-08-11 01:24:56.878172 [INFO] iso15118_charge  :: TLS server on eth0 is listening on port [fe80::215:5dff:fe6b:3d4%2]:64109
2026-08-11 01:24:56.926094 [INFO] evse_security:E  :: Requesting leaf certificate info: V2G
2026-08-11 01:24:56.929774 [INFO] evse_security:E  :: Found valid leaf: ["/home/ahzf/everest/dist/etc/everest/certs/client/cso/CPO_CERT_CHAIN.pem"]
2026-08-11 01:24:56.930017 [INFO] evse_security:E  :: Found valid leaf: ["/home/ahzf/everest/dist/etc/everest/certs/client/cso/SECC_LEAF.pem"]
2026-08-11 01:24:56.974104 [WARN] iso15118_charge void {anonymous}::log_handler(openssl::log_level_t, const std::string&) :: <n> certificates != <n> OCSP responses
2026-08-11 01:24:56.984905 [INFO] iso15118_charge  :: SDP socket setup succeeded
2026-08-11 01:24:57.018008 [WARN] ev_manager:EvMa void module::main::car_simulatorImpl::handle_modify_charging_session(std::string&) :: Simulation disabled, cannot execute charging simulation.
2026-08-11 01:24:57.074860 [WARN] auth:Auth       void module::ReservationHandler::load_reservations() :: Can not load reservations because no storage was configured.
2026-08-11 01:24:57.162172 [INFO] iso15118_charge  :: Ignoring bidirectional SupportedEnergyTransferMode
2026-08-11 01:24:57.385732 [INFO] evse_manager:Ev  :: Ignoring BSP Event, BSP is not enabled yet.
2026-08-11 01:24:57.386051 [INFO] ovm:OVMSimulato  :: Over voltage monitoring: stopped.
2026-08-11 01:24:57.522903 [INFO] iso15118_charge  :: Ignoring bidirectional SupportedEnergyTransferMode
2026-08-11 01:24:58.122005 [INFO] evse_manager:Ev  :: Cleaning up any other transaction on start up
2026-08-11 01:24:58.255036 [INFO] evse_manager:Ev  :: 🌀🌀🌀 Ready to start charging 🌀🌀🌀
2026-08-11 01:25:03.033922 [INFO] iso15118_charge  :: Incoming connection on eth0 from [a00:d50a:0:0:fe80::]:54538
2026-08-11 01:25:03.034376 [INFO] iso15118_charge  :: Started new TCP connection thread
2026-08-11 01:25:03.034442 [INFO] iso15118_charge  :: Handling SupportedAppProtocolReq
2026-08-11 01:25:03.034897 [INFO] iso15118_charge  :: Protocol negotiation was successful. Selected protocol is ISO15118
2026-08-11 01:25:03.035404 [INFO] iso15118_charge  :: SessionSetupReq.EVCCID: AB:CD:EF:01:02:03
2026-08-11 01:25:03.035446 [INFO] iso15118_charge  :: No session_id found or not equal to the id from the preceding v2g session. Generating random session id.
2026-08-11 01:25:03.035454 [INFO] iso15118_charge  :: Created new session with id 0x5dd71c31f4f98cec
2026-08-11 01:25:03.134220 [WARN] iso15118_charge void dlog_func(dloglevel_t, const char*, int, const char*, const char*, ...) :: PnC is not allowed without TLS-communication. Correcting value to '1' (ExternalPayment)
2026-08-11 01:25:03.755324 [INFO] evse_manager:Ev  :: SYS  Session logging started.
2026-08-11 01:25:03.755468 [INFO] evse_manager:Ev  :: EVSE IEC Session Started: EVConnected
2026-08-11 01:25:03.756582 [INFO] auth:Auth        :: Plug In event for evse#1, starting auth
2026-08-11 01:25:03.756612 [INFO] token_provider:  :: Publishing new dummy token: {
    "authorization_type": "RFID",
    "id_token": {
        "type": "ISO14443",
        "value": "[redacted] hash: CE55F71752B68164"
    },
    "parent_id_token": {
        "type": "ISO14443",
        "value": "[redacted] hash: CE55F71752B68164"
    }
}
2026-08-11 01:25:03.757556 [INFO] auth:Auth        :: Received new token: {
    "authorization_type": "RFID",
    "id_token": {
        "type": "ISO14443",
        "value": "[redacted] hash: CE55F71752B68164"
    },
    "parent_id_token": {
        "type": "ISO14443",
        "value": "[redacted] hash: CE55F71752B68164"
    }
}
2026-08-11 01:25:03.802086 [INFO] token_validator  :: Got validation request for token: [redacted] hash: CE55F71752B68164
2026-08-11 01:25:04.052346 [INFO] token_validator  :: Returning validation status: Accepted
2026-08-11 01:25:04.053684 [INFO] auth:Auth        :: Providing authorization to evse#1
2026-08-11 01:25:04.256373 [INFO] evse_manager:Ev  :: EVSE IEC Set PWM On (5.0%) took 0 ms
2026-08-11 01:25:04.402131 [INFO] evse_manager:Ev  :: EVSE IEC EIM Authorization received
2026-08-11 01:25:04.403351 [INFO] auth:Auth        :: Result for token: [redacted] hash: CE55F71752B68164: USED_TO_START_TRANSACTION
2026-08-11 01:25:04.446742 [INFO] evse_manager:Ev  :: EVSE IEC Transaction Started (0 kWh)
2026-08-11 01:25:04.447138 [INFO] evse_manager:Ev  :: EVSE IEC DC mode. We are in 5percent mode so we can continue without further action.
2026-08-11 01:25:04.447324 [INFO] evse_manager:Ev  :: EVSE IEC Charger state: Wait for Auth->PrepareCharging
2026-08-11 01:25:05.965750 [INFO] evse_manager:Ev  :: EVSE ISO D-LINK_READY (true)
2026-08-11 01:25:05.965740 [INFO] evse_manager:Ev  :: EVSE ISO SLAC MATCHED
2026-08-11 01:25:06.233450 [ERRO] iso15118_charge void dlog_func(dloglevel_t, const char*, int, const char*, const char*, ...) :: Timeout waiting for next request or peer closed connection
2026-08-11 01:25:06.233528 [INFO] iso15118_charge  :: v2g_handle_connection exited with -1
2026-08-11 01:25:06.233570 [INFO] iso15118_charge  :: Closing TCP connection
