[2026-08-06 22:45:35,781] INFO (physical_interface): 61851 state set to B.
[2026-08-06 22:45:35,782] INFO (start_ev): Starting EV.
[2026-08-06 22:45:35,783] INFO (physical_interface): Current duty cycle is 100.
[2026-08-06 22:45:35,783] INFO (start_ev): Duty cycle is different from 5%.
[2026-08-06 22:45:35,783] INFO (physical_interface): Duty cycle set to 5.
[2026-08-06 22:45:35,783] INFO (physical_interface): Current duty cycle is 5.
[2026-08-06 22:45:35,789] INFO (udp_client): Starting UDP client.
[2026-08-06 22:45:35,789] INFO (udp_client): Attempting to connect to ('ff02::1', 15118, 0, 0).
[2026-08-06 22:45:35,790] INFO (udp_client): Sent SECC discovery request. 0
[2026-08-06 22:45:35,790] INFO (udp_client): Received response from ('fe80::42:acff:fe1e:2', 15118, 0, 22).
[2026-08-06 22:45:35,790] INFO (message_handling): Message is valid.
[2026-08-06 22:45:35,790] INFO (udp_client): TCP server is reachable at (fe80::42:acff:fe1e:2, 15118).
[2026-08-06 22:45:35,790] INFO (udp_client): Closing connection.
[2026-08-06 22:45:35,790] INFO (tcp_client): Starting TCP client.
[2026-08-06 22:45:35,861] INFO (tcp_client): Connection made with ('fe80::42:acff:fe1e:2', 15118, 0, 22). Starting new communication session.
[2026-08-06 22:45:35,862] INFO (tcp_client): 
 TLS Session established: TLS Version: TLSv1.3
 Cipher suite: TLS_AES_256_GCM_SHA384
[2026-08-06 22:45:35,863] INFO (message_handling): Supported App Protocol message to be encoded
[2026-08-06 22:45:35,863] INFO (message_handling): Message is valid against Schema XSD
[2026-08-06 22:45:35,871] INFO (tcp_client): Sent SupportedAppProtocolReq.
[2026-08-06 22:45:35,921] INFO (tcp_client): Received response from ('fe80::42:acff:fe1e:2', 15118, 0, 22).
[2026-08-06 22:45:35,922] INFO (message_handling): Message is valid.
[2026-08-06 22:45:35,922] INFO (tcp_client): Payload type: 32769
[2026-08-06 22:45:35,922] DEBUG (tcp_client): Received EXI msg to be decoded: 8040 0040 (tcp_client.py:118)
[2026-08-06 22:45:35,922] INFO (message_handling): Supported App Protocol message to be decoded
[2026-08-06 22:45:35,971] INFO (tcp_client): Message successfully decoded <?xml version="1.0" encoding="UTF-8"?><s0:supportedAppProtocolRes xmlns:s0="urn:iso:15118:2:2010:AppProtocol" xmlns:xsi="http://www.w3.org/2001/XMLSchema-instance" xmlns:xsd="http://www.w3.org/2001/XMLSchema"><ResponseCode>OK_SuccessfulNegotiation</ResponseCode><SchemaID>1</SchemaID></s0:supportedAppProtocolRes>
[2026-08-06 22:45:35,986] INFO (tcp_client): Received SupportedAppProtocolRes.
[2026-08-06 22:45:35,986] INFO (wait_for_supported_app_protocol_response): Successful negotiation.
[2026-08-06 22:45:36,011] DEBUG (tcp_client): XML message to be sent: <?xml version="1.0" encoding="UTF-8"?>
<ns0:SessionSetupReq xmlns:ns0="urn:iso:std:iso:15118:-20:CommonMessages">
  <ns1:Header xmlns:ns1="urn:iso:std:iso:15118:-20:CommonTypes">
    <ns1:SessionID>3030303030303030</ns1:SessionID>
    <ns1:TimeStamp>1786056335</ns1:TimeStamp>
  </ns1:Header>
  <ns0:EVCCID>EDFVFR123456789ZZZZ8</ns0:EVCCID>
</ns0:SessionSetupReq>
 (tcp_client.py:162)
[2026-08-06 22:45:36,039] INFO (message_handling): Common message to be encoded
[2026-08-06 22:45:36,039] INFO (message_handling): Message is valid against Schema XSD
[2026-08-06 22:45:36,041] DEBUG (tcp_client): Encoded EXI message: 808C04181818181818181808F9DD4D30620B22A 2232B23291899199A1A9B1B9C1CAD2D2D2D1C00 (tcp_client.py:174)
[2026-08-06 22:45:36,042] INFO (tcp_client): Sent SessionSetupReq.
[2026-08-06 22:45:36,055] INFO (tcp_client): Received response from ('fe80::42:acff:fe1e:2', 15118, 0, 22).
[2026-08-06 22:45:36,055] INFO (message_handling): Message is valid.
[2026-08-06 22:45:36,055] INFO (tcp_client): Payload type: 32770
[2026-08-06 22:45:36,055] DEBUG (tcp_client): Received EXI msg to be decoded: 80900454F613AE1E4EB22F8909DD4 D30620402D1114A905090CA914C40 (tcp_client.py:118)
[2026-08-06 22:45:36,055] INFO (message_handling): Common message to be decoded
[2026-08-06 22:45:36,057] INFO (tcp_client): Message successfully decoded <?xml version="1.0" encoding="UTF-8"?><s1:SessionSetupRes xmlns:s1="urn:iso:std:iso:15118:-20:CommonMessages" xmlns:xsi="http://www.w3.org/2001/XMLSchema-instance" xmlns:xsd="http://www.w3.org/2001/XMLSchema" xmlns:s0="http://www.w3.org/2000/09/xmldsig#" xmlns:s2="urn:iso:std:iso:15118:-20:CommonTypes"><s2:Header><s2:SessionID>A9EC275C3C9D645F</s2:SessionID><s2:TimeStamp>1786056336</s2:TimeStamp></s2:Header><s2:ResponseCode>OK_NewSessionEstablished</s2:ResponseCode><s1:EVSEID>DE*ABC*E1</s1:EVSEID></s1:SessionSetupRes>
[2026-08-06 22:45:36,057] INFO (tcp_client): Received SessionSetupRes.
[2026-08-06 22:45:36,058] INFO (wait_for_session_setup_response): Negotiated session id is: b"\xa9\xec'\\<\x9dd_".
[2026-08-06 22:45:36,058] DEBUG (tcp_client): XML message to be sent: <?xml version="1.0" encoding="UTF-8"?>
<ns0:AuthorizationSetupReq xmlns:ns0="urn:iso:std:iso:15118:-20:CommonMessages">
  <ns1:Header xmlns:ns1="urn:iso:std:iso:15118:-20:CommonTypes">
    <ns1:SessionID>A9EC275C3C9D645F</ns1:SessionID>
    <ns1:TimeStamp>1786056336</ns1:TimeStamp>
  </ns1:Header>
</ns0:AuthorizationSetupReq>
 (tcp_client.py:162)
[2026-08-06 22:45:36,058] INFO (message_handling): Common message to be encoded
[2026-08-06 22:45:36,058] INFO (message_handling): Message is valid against Schema XSD
[2026-08-06 22:45:36,059] DEBUG (tcp_client): Encoded EXI message: 80080454F613AE1E4 EB22F8909DD4D3062 (tcp_client.py:174)
[2026-08-06 22:45:36,059] INFO (tcp_client): Sent AuthorizationSetupReq.
[2026-08-06 22:45:36,061] INFO (tcp_client): Received response from ('fe80::42:acff:fe1e:2', 15118, 0, 22).
[2026-08-06 22:45:36,062] INFO (message_handling): Message is valid.
[2026-08-06 22:45:36,062] INFO (tcp_client): Payload type: 32770
[2026-08-06 22:45:36,062] DEBUG (tcp_client): Received EXI msg to be decoded: 800C0454F613AE1E4EB2 2F8909DD4D3062000400 (tcp_client.py:118)
[2026-08-06 22:45:36,062] INFO (message_handling): Common message to be decoded
[2026-08-06 22:45:36,062] INFO (tcp_client): Message successfully decoded <?xml version="1.0" encoding="UTF-8"?><s1:AuthorizationSetupRes xmlns:s1="urn:iso:std:iso:15118:-20:CommonMessages" xmlns:xsi="http://www.w3.org/2001/XMLSchema-instance" xmlns:xsd="http://www.w3.org/2001/XMLSchema" xmlns:s0="http://www.w3.org/2000/09/xmldsig#" xmlns:s2="urn:iso:std:iso:15118:-20:CommonTypes"><s2:Header><s2:SessionID>A9EC275C3C9D645F</s2:SessionID><s2:TimeStamp>1786056336</s2:TimeStamp></s2:Header><s2:ResponseCode>OK</s2:ResponseCode><s1:AuthorizationServices>EIM</s1:AuthorizationServices><s1:CertificateInstallationService>false</s1:CertificateInstallationService><s1:EIM_ASResAuthorizationMode/></s1:AuthorizationSetupRes>
[2026-08-06 22:45:36,063] INFO (tcp_client): Received AuthorizationSetupRes.
[2026-08-06 22:45:36,064] DEBUG (tcp_client): XML message to be sent: <?xml version="1.0" encoding="UTF-8"?>
<ns0:AuthorizationReq xmlns:ns0="urn:iso:std:iso:15118:-20:CommonMessages">
  <ns1:Header xmlns:ns1="urn:iso:std:iso:15118:-20:CommonTypes">
    <ns1:SessionID>A9EC275C3C9D645F</ns1:SessionID>
    <ns1:TimeStamp>1786056336</ns1:TimeStamp>
  </ns1:Header>
  <ns0:SelectedAuthorizationService>EIM</ns0:SelectedAuthorizationService>
  <ns0:EIM_AReqAuthorizationMode/>
</ns0:AuthorizationReq>
 (tcp_client.py:162)
[2026-08-06 22:45:36,064] INFO (message_handling): Common message to be encoded
[2026-08-06 22:45:36,064] INFO (message_handling): Message is valid against Schema XSD
[2026-08-06 22:45:36,065] DEBUG (tcp_client): Encoded EXI message: 80000454F613AE1E4E B22F8909DD4D306200 (tcp_client.py:174)
[2026-08-06 22:45:36,065] INFO (tcp_client): Sent AuthorizationReq.
[2026-08-06 22:45:36,067] INFO (tcp_client): Received response from ('fe80::42:acff:fe1e:2', 15118, 0, 22).
[2026-08-06 22:45:36,067] INFO (message_handling): Message is valid.
[2026-08-06 22:45:36,067] INFO (tcp_client): Payload type: 32770
[2026-08-06 22:45:36,067] DEBUG (tcp_client): Received EXI msg to be decoded: 80040454F613AE1E4EB 22F8909DD4D30620000 (tcp_client.py:118)
[2026-08-06 22:45:36,067] INFO (message_handling): Common message to be decoded
[2026-08-06 22:45:36,068] INFO (tcp_client): Message successfully decoded <?xml version="1.0" encoding="UTF-8"?><s1:AuthorizationRes xmlns:s1="urn:iso:std:iso:15118:-20:CommonMessages" xmlns:xsi="http://www.w3.org/2001/XMLSchema-instance" xmlns:xsd="http://www.w3.org/2001/XMLSchema" xmlns:s0="http://www.w3.org/2000/09/xmldsig#" xmlns:s2="urn:iso:std:iso:15118:-20:CommonTypes"><s2:Header><s2:SessionID>A9EC275C3C9D645F</s2:SessionID><s2:TimeStamp>1786056336</s2:TimeStamp></s2:Header><s2:ResponseCode>OK</s2:ResponseCode><s1:EVSEProcessing>Finished</s1:EVSEProcessing></s1:AuthorizationRes>
[2026-08-06 22:45:36,068] INFO (tcp_client): Received AuthorizationRes.
[2026-08-06 22:45:36,069] DEBUG (tcp_client): XML message to be sent: <?xml version="1.0" encoding="UTF-8"?>
<ns0:ServiceDiscoveryReq xmlns:ns0="urn:iso:std:iso:15118:-20:CommonMessages">
  <ns1:Header xmlns:ns1="urn:iso:std:iso:15118:-20:CommonTypes">
    <ns1:SessionID>A9EC275C3C9D645F</ns1:SessionID>
    <ns1:TimeStamp>1786056336</ns1:TimeStamp>
  </ns1:Header>
  <ns0:SupportedServiceIDs>
    <ns0:ServiceID>2</ns0:ServiceID>
    <ns0:ServiceID>6</ns0:ServiceID>
  </ns0:SupportedServiceIDs>
</ns0:ServiceDiscoveryReq>
 (tcp_client.py:162)
[2026-08-06 22:45:36,069] INFO (message_handling): Common message to be encoded
[2026-08-06 22:45:36,069] INFO (message_handling): Message is valid against Schema XSD
[2026-08-06 22:45:36,070] DEBUG (tcp_client): Encoded EXI message: 807C0454F613AE1E4EB22 F8909DD4D306200400C40 (tcp_client.py:174)
[2026-08-06 22:45:36,070] INFO (tcp_client): Sent ServiceDiscoveryReq.
[2026-08-06 22:45:36,074] INFO (tcp_client): Received response from ('fe80::42:acff:fe1e:2', 15118, 0, 22).
[2026-08-06 22:45:36,074] INFO (message_handling): Message is valid.
[2026-08-06 22:45:36,074] INFO (tcp_client): Payload type: 32770
[2026-08-06 22:45:36,074] DEBUG (tcp_client): Received EXI msg to be decoded: 80800454F613AE1E4EB22F89 09DD4D306200200210018450 (tcp_client.py:118)
[2026-08-06 22:45:36,074] INFO (message_handling): Common message to be decoded
[2026-08-06 22:45:36,075] INFO (tcp_client): Message successfully decoded <?xml version="1.0" encoding="UTF-8"?><s1:ServiceDiscoveryRes xmlns:s1="urn:iso:std:iso:15118:-20:CommonMessages" xmlns:xsi="http://www.w3.org/2001/XMLSchema-instance" xmlns:xsd="http://www.w3.org/2001/XMLSchema" xmlns:s0="http://www.w3.org/2000/09/xmldsig#" xmlns:s2="urn:iso:std:iso:15118:-20:CommonTypes"><s2:Header><s2:SessionID>A9EC275C3C9D645F</s2:SessionID><s2:TimeStamp>1786056336</s2:TimeStamp></s2:Header><s2:ResponseCode>OK</s2:ResponseCode><s1:ServiceRenegotiationSupported>true</s1:ServiceRenegotiationSupported><s1:EnergyTransferServiceList><s1:Service><s1:ServiceID>2</s1:ServiceID><s1:FreeService>true</s1:FreeService></s1:Service><s1:Service><s1:ServiceID>6</s1:ServiceID><s1:FreeService>true</s1:FreeService></s1:Service></s1:EnergyTransferServiceList></s1:ServiceDiscoveryRes>
[2026-08-06 22:45:36,077] INFO (tcp_client): Received ServiceDiscoveryRes.
[2026-08-06 22:45:36,077] DEBUG (tcp_client): XML message to be sent: <?xml version="1.0" encoding="UTF-8"?>
<ns0:ServiceDetailReq xmlns:ns0="urn:iso:std:iso:15118:-20:CommonMessages">
  <ns1:Header xmlns:ns1="urn:iso:std:iso:15118:-20:CommonTypes">
    <ns1:SessionID>A9EC275C3C9D645F</ns1:SessionID>
    <ns1:TimeStamp>1786056336</ns1:TimeStamp>
  </ns1:Header>
  <ns0:ServiceID>6</ns0:ServiceID>
</ns0:ServiceDetailReq>
 (tcp_client.py:162)
[2026-08-06 22:45:36,077] INFO (message_handling): Common message to be encoded
[2026-08-06 22:45:36,077] INFO (message_handling): Message is valid against Schema XSD
[2026-08-06 22:45:36,079] DEBUG (tcp_client): Encoded EXI message: 80740454F613AE1E4EB 22F8909DD4D30620300 (tcp_client.py:174)
[2026-08-06 22:45:36,079] INFO (tcp_client): Sent ServiceDetailReq.
[2026-08-06 22:45:36,081] INFO (tcp_client): Received response from ('fe80::42:acff:fe1e:2', 15118, 0, 22).
[2026-08-06 22:45:36,082] INFO (message_handling): Message is valid.
[2026-08-06 22:45:36,082] INFO (tcp_client): Payload type: 32770
[2026-08-06 22:45:36,082] DEBUG (tcp_client): Received EXI msg to be decoded: 80780454F613AE1E4EB22F8909DD4D30620001800402D0DBDB9B9958DD1BDC980200D436F6E74726F6C4D6F6465601004D35BD89A5B1A5D1E539959591CD35BD9195802009 50726963696E67600080080B436F6E6E6563746F7260080350DBDB9D1C9BDB135BD91958020134D6F62696C6974794E656564734D6F6465600802541C9A58DA5B99D800280 (tcp_client.py:118)
[2026-08-06 22:45:36,082] INFO (message_handling): Common message to be decoded
[2026-08-06 22:45:36,083] INFO (tcp_client): Message successfully decoded <?xml version="1.0" encoding="UTF-8"?><s1:ServiceDetailRes xmlns:s1="urn:iso:std:iso:15118:-20:CommonMessages" xmlns:xsi="http://www.w3.org/2001/XMLSchema-instance" xmlns:xsd="http://www.w3.org/2001/XMLSchema" xmlns:s0="http://www.w3.org/2000/09/xmldsig#" xmlns:s2="urn:iso:std:iso:15118:-20:CommonTypes"><s2:Header><s2:SessionID>A9EC275C3C9D645F</s2:SessionID><s2:TimeStamp>1786056336</s2:TimeStamp></s2:Header><s2:ResponseCode>OK</s2:ResponseCode><s1:ServiceID>6</s1:ServiceID><s1:ServiceParameterList><s1:ParameterSet><s1:ParameterSetID>2</s1:ParameterSetID><s1:Parameter s1:Name="Connector"><s1:intValue>1</s1:intValue></s1:Parameter><s1:Parameter s1:Name="ControlMode"><s1:intValue>2</s1:intValue></s1:Parameter><s1:Parameter s1:Name="MobilityNeedsMode"><s1:intValue>1</s1:intValue></s1:Parameter><s1:Parameter s1:Name="Pricing"><s1:intValue>0</s1:intValue></s1:Parameter></s1:ParameterSet><s1:ParameterSet><s1:ParameterSetID>1</s1:ParameterSetID><s1:Parameter s1:Name="Connector"><s1:intValue>1</s1:intValue></s1:Parameter><s1:Parameter s1:Name="ControlMode"><s1:intValue>1</s1:intValue></s1:Parameter><s1:Parameter s1:Name="MobilityNeedsMode"><s1:intValue>1</s1:intValue></s1:Parameter><s1:Parameter s1:Name="Pricing"><s1:intValue>0</s1:intValue></s1:Parameter></s1:ParameterSet></s1:ServiceParameterList></s1:ServiceDetailRes>
[2026-08-06 22:45:36,084] INFO (tcp_client): Received ServiceDetailRes.
[2026-08-06 22:45:36,085] DEBUG (tcp_client): XML message to be sent: <?xml version="1.0" encoding="UTF-8"?>
<ns0:ServiceSelectionReq xmlns:ns0="urn:iso:std:iso:15118:-20:CommonMessages">
  <ns1:Header xmlns:ns1="urn:iso:std:iso:15118:-20:CommonTypes">
    <ns1:SessionID>A9EC275C3C9D645F</ns1:SessionID>
    <ns1:TimeStamp>1786056336</ns1:TimeStamp>
  </ns1:Header>
  <ns0:SelectedEnergyTransferService>
    <ns0:ServiceID>6</ns0:ServiceID>
    <ns0:ParameterSetID>1</ns0:ParameterSetID>
  </ns0:SelectedEnergyTransferService>
</ns0:ServiceSelectionReq>
 (tcp_client.py:162)
[2026-08-06 22:45:36,085] INFO (message_handling): Common message to be encoded
[2026-08-06 22:45:36,085] INFO (message_handling): Message is valid against Schema XSD
[2026-08-06 22:45:36,087] DEBUG (tcp_client): Encoded EXI message: 80840454F613AE1E4EB22 F8909DD4D306201800880 (tcp_client.py:174)
[2026-08-06 22:45:36,087] INFO (tcp_client): Sent ServiceSelectionReq.
[2026-08-06 22:45:36,088] INFO (tcp_client): Received response from ('fe80::42:acff:fe1e:2', 15118, 0, 22).
[2026-08-06 22:45:36,088] INFO (message_handling): Message is valid.
[2026-08-06 22:45:36,088] INFO (tcp_client): Payload type: 32770
[2026-08-06 22:45:36,088] DEBUG (tcp_client): Received EXI msg to be decoded: 80880454F613AE1E4EB 22F8909DD4D30620000 (tcp_client.py:118)
[2026-08-06 22:45:36,088] INFO (message_handling): Common message to be decoded
[2026-08-06 22:45:36,089] INFO (tcp_client): Message successfully decoded <?xml version="1.0" encoding="UTF-8"?><s1:ServiceSelectionRes xmlns:s1="urn:iso:std:iso:15118:-20:CommonMessages" xmlns:xsi="http://www.w3.org/2001/XMLSchema-instance" xmlns:xsd="http://www.w3.org/2001/XMLSchema" xmlns:s0="http://www.w3.org/2000/09/xmldsig#" xmlns:s2="urn:iso:std:iso:15118:-20:CommonTypes"><s2:Header><s2:SessionID>A9EC275C3C9D645F</s2:SessionID><s2:TimeStamp>1786056336</s2:TimeStamp></s2:Header><s2:ResponseCode>OK</s2:ResponseCode></s1:ServiceSelectionRes>
[2026-08-06 22:45:36,090] INFO (tcp_client): Received ServiceSelectionRes.
[2026-08-06 22:45:36,092] DEBUG (tcp_client): XML message to be sent: <?xml version="1.0" encoding="UTF-8"?>
<ns0:DC_ChargeParameterDiscoveryReq xmlns:ns0="urn:iso:std:iso:15118:-20:DC">
  <ns1:Header xmlns:ns1="urn:iso:std:iso:15118:-20:CommonTypes">
    <ns1:SessionID>A9EC275C3C9D645F</ns1:SessionID>
    <ns1:TimeStamp>1786056336</ns1:TimeStamp>
  </ns1:Header>
  <ns0:BPT_DC_CPDReqEnergyTransferMode>
    <ns0:EVMaximumChargePower>
      <ns1:Exponent xmlns:ns1="urn:iso:std:iso:15118:-20:CommonTypes">1</ns1:Exponent>
      <ns1:Value xmlns:ns1="urn:iso:std:iso:15118:-20:CommonTypes">4900</ns1:Value>
    </ns0:EVMaximumChargePower>
    <ns0:EVMinimumChargePower>
      <ns1:Exponent xmlns:ns1="urn:iso:std:iso:15118:-20:CommonTypes">0</ns1:Exponent>
      <ns1:Value xmlns:ns1="urn:iso:std:iso:15118:-20:CommonTypes">245</ns1:Value>
    </ns0:EVMinimumChargePower>
    <ns0:EVMaximumChargeCurrent>
      <ns1:Exponent xmlns:ns1="urn:iso:std:iso:15118:-20:CommonTypes">-2</ns1:Exponent>
      <ns1:Value xmlns:ns1="urn:iso:std:iso:15118:-20:CommonTypes">15806</ns1:Value>
    </ns0:EVMaximumChargeCurrent>
    <ns0:EVMinimumChargeCurrent>
      <ns1:Exponent xmlns:ns1="urn:iso:std:iso:15118:-20:CommonTypes">-3</ns1:Exponent>
      <ns1:Value xmlns:ns1="urn:iso:std:iso:15118:-20:CommonTypes">681</ns1:Value>
    </ns0:EVMinimumChargeCurrent>
    <ns0:EVMaximumVoltage>
      <ns1:Exponent xmlns:ns1="urn:iso:std:iso:15118:-20:CommonTypes">0</ns1:Exponent>
      <ns1:Value xmlns:ns1="urn:iso:std:iso:15118:-20:CommonTypes">360</ns1:Value>
    </ns0:EVMaximumVoltage>
    <ns0:EVMinimumVoltage>
      <ns1:Exponent xmlns:ns1="urn:iso:std:iso:15118:-20:CommonTypes">0</ns1:Exponent>
      <ns1:Value xmlns:ns1="urn:iso:std:iso:15118:-20:CommonTypes">310</ns1:Value>
    </ns0:EVMinimumVoltage>
    <ns0:TargetSOC>80</ns0:TargetSOC>
    <ns0:EVMaximumDischargePower>
      <ns1:Exponent xmlns:ns1="urn:iso:std:iso:15118:-20:CommonTypes">-3</ns1:Exponent>
      <ns1:Value xmlns:ns1="urn:iso:std:iso:15118:-20:CommonTypes">0</ns1:Value>
    </ns0:EVMaximumDischargePower>
    <ns0:EVMinimumDischargePower>
      <ns1:Exponent xmlns:ns1="urn:iso:std:iso:15118:-20:CommonTypes">-3</ns1:Exponent>
      <ns1:Value xmlns:ns1="urn:iso:std:iso:15118:-20:CommonTypes">0</ns1:Value>
    </ns0:EVMinimumDischargePower>
    <ns0:EVMaximumDischargeCurrent>
      <ns1:Exponent xmlns:ns1="urn:iso:std:iso:15118:-20:CommonTypes">-3</ns1:Exponent>
      <ns1:Value xmlns:ns1="urn:iso:std:iso:15118:-20:CommonTypes">0</ns1:Value>
    </ns0:EVMaximumDischargeCurrent>
    <ns0:EVMinimumDischargeCurrent>
      <ns1:Exponent xmlns:ns1="urn:iso:std:iso:15118:-20:CommonTypes">-3</ns1:Exponent>
      <ns1:Value xmlns:ns1="urn:iso:std:iso:15118:-20:CommonTypes">0</ns1:Value>
    </ns0:EVMinimumDischargeCurrent>
  </ns0:BPT_DC_CPDReqEnergyTransferMode>
</ns0:DC_ChargeParameterDiscoveryReq>
 (tcp_client.py:162)
[2026-08-06 22:45:36,092] INFO (message_handling): DC message to be encoded
[2026-08-06 22:45:36,092] INFO (message_handling): Message is valid against Schema XSD
[2026-08-06 22:45:36,096] DEBUG (tcp_client): Encoded EXI message: 803C0454F613AE1E4EB22F8909DD4D30620810A42604007A8081F82F 9EC0FA1520A0800E80204005B0102803E80001F40000FA00007D0000 (tcp_client.py:174)
[2026-08-06 22:45:36,096] INFO (tcp_client): Sent DcChargeParameterDiscoveryReq.
[2026-08-06 22:45:36,100] INFO (tcp_client): Received response from ('fe80::42:acff:fe1e:2', 15118, 0, 22).
[2026-08-06 22:45:36,100] INFO (message_handling): Message is valid.
[2026-08-06 22:45:36,100] INFO (tcp_client): Payload type: 32772
[2026-08-06 22:45:36,101] DEBUG (tcp_client): Received EXI msg to be decoded: 80400454F613AE1E4EB22F8909DD4D3062000408441382000001001 900208000004007A0182000C8481088270400000200320041000000 (tcp_client.py:118)
[2026-08-06 22:45:36,101] INFO (message_handling): DC message to be decoded
[2026-08-06 22:45:36,102] INFO (tcp_client): Message successfully decoded <?xml version="1.0" encoding="UTF-8"?><s2:DC_ChargeParameterDiscoveryRes xmlns:s2="urn:iso:std:iso:15118:-20:DC" xmlns:xsi="http://www.w3.org/2001/XMLSchema-instance" xmlns:xsd="http://www.w3.org/2001/XMLSchema" xmlns:s0="http://www.w3.org/2000/09/xmldsig#" xmlns:s1="urn:iso:std:iso:15118:-20:CommonTypes"><s1:Header><s1:SessionID>A9EC275C3C9D645F</s1:SessionID><s1:TimeStamp>1786056336</s1:TimeStamp></s1:Header><s1:ResponseCode>OK</s1:ResponseCode><s2:BPT_DC_CPDResEnergyTransferMode><s2:EVSEMaximumChargePower><s1:Exponent>1</s1:Exponent><s1:Value>5000</s1:Value></s2:EVSEMaximumChargePower><s2:EVSEMinimumChargePower><s1:Exponent>0</s1:Exponent><s1:Value>0</s1:Value></s2:EVSEMinimumChargePower><s2:EVSEMaximumChargeCurrent><s1:Exponent>0</s1:Exponent><s1:Value>200</s1:Value></s2:EVSEMaximumChargeCurrent><s2:EVSEMinimumChargeCurrent><s1:Exponent>0</s1:Exponent><s1:Value>0</s1:Value></s2:EVSEMinimumChargeCurrent><s2:EVSEMaximumVoltage><s1:Exponent>0</s1:Exponent><s1:Value>500</s1:Value></s2:EVSEMaximumVoltage><s2:EVSEMinimumVoltage><s1:Exponent>0</s1:Exponent><s1:Value>50</s1:Value></s2:EVSEMinimumVoltage><s2:EVSEMaximumDischargePower><s1:Exponent>1</s1:Exponent><s1:Value>5000</s1:Value></s2:EVSEMaximumDischargePower><s2:EVSEMinimumDischargePower><s1:Exponent>0</s1:Exponent><s1:Value>0</s1:Value></s2:EVSEMinimumDischargePower><s2:EVSEMaximumDischargeCurrent><s1:Exponent>0</s1:Exponent><s1:Value>200</s1:Value></s2:EVSEMaximumDischargeCurrent><s2:EVSEMinimumDischargeCurrent><s1:Exponent>0</s1:Exponent><s1:Value>0</s1:Value></s2:EVSEMinimumDischargeCurrent></s2:BPT_DC_CPDResEnergyTransferMode></s2:DC_ChargeParameterDiscoveryRes>
[2026-08-06 22:45:36,103] INFO (tcp_client): Received DcChargeParameterDiscoveryRes.
[2026-08-06 22:45:36,105] DEBUG (tcp_client): XML message to be sent: <?xml version="1.0" encoding="UTF-8"?>
<ns0:ScheduleExchangeReq xmlns:ns0="urn:iso:std:iso:15118:-20:CommonMessages">
  <ns1:Header xmlns:ns1="urn:iso:std:iso:15118:-20:CommonTypes">
    <ns1:SessionID>A9EC275C3C9D645F</ns1:SessionID>
    <ns1:TimeStamp>1786056336</ns1:TimeStamp>
  </ns1:Header>
  <ns0:MaximumSupportingPoints>1024</ns0:MaximumSupportingPoints>
  <ns0:Dynamic_SEReqControlMode>
    <ns0:DepartureTime>0</ns0:DepartureTime>
    <ns0:MinimumSOC>0</ns0:MinimumSOC>
    <ns0:TargetSOC>80</ns0:TargetSOC>
    <ns0:EVTargetEnergyRequest>
      <ns1:Exponent xmlns:ns1="urn:iso:std:iso:15118:-20:CommonTypes">1</ns1:Exponent>
      <ns1:Value xmlns:ns1="urn:iso:std:iso:15118:-20:CommonTypes">5360</ns1:Value>
    </ns0:EVTargetEnergyRequest>
    <ns0:EVMaximumEnergyRequest>
      <ns1:Exponent xmlns:ns1="urn:iso:std:iso:15118:-20:CommonTypes">1</ns1:Exponent>
      <ns1:Value xmlns:ns1="urn:iso:std:iso:15118:-20:CommonTypes">6700</ns1:Value>
    </ns0:EVMaximumEnergyRequest>
    <ns0:EVMinimumEnergyRequest>
      <ns1:Exponent xmlns:ns1="urn:iso:std:iso:15118:-20:CommonTypes">-3</ns1:Exponent>
      <ns1:Value xmlns:ns1="urn:iso:std:iso:15118:-20:CommonTypes">0</ns1:Value>
    </ns0:EVMinimumEnergyRequest>
  </ns0:Dynamic_SEReqControlMode>
</ns0:ScheduleExchangeReq>
 (tcp_client.py:162)
[2026-08-06 22:45:36,105] INFO (message_handling): Common message to be encoded
[2026-08-06 22:45:36,105] INFO (message_handling): Message is valid against Schema XSD
[2026-08-06 22:45:36,106] DEBUG (tcp_client): Encoded EXI message: 806C0454F613AE1E4EB22F8909DD4D30627 E80000001402043C0A41021586807D00020 (tcp_client.py:174)
[2026-08-06 22:45:36,107] INFO (tcp_client): Sent ScheduleExchangeReq.
[2026-08-06 22:45:36,109] INFO (tcp_client): Received response from ('fe80::42:acff:fe1e:2', 15118, 0, 22).
[2026-08-06 22:45:36,109] INFO (message_handling): Message is valid.
[2026-08-06 22:45:36,109] INFO (tcp_client): Payload type: 32770
[2026-08-06 22:45:36,110] DEBUG (tcp_client): Received EXI msg to be decoded: 80700454F613AE1E4EB22F 8909DD4D30620000000040 (tcp_client.py:118)
[2026-08-06 22:45:36,110] INFO (message_handling): Common message to be decoded
[2026-08-06 22:45:36,110] INFO (tcp_client): Message successfully decoded <?xml version="1.0" encoding="UTF-8"?><s1:ScheduleExchangeRes xmlns:s1="urn:iso:std:iso:15118:-20:CommonMessages" xmlns:xsi="http://www.w3.org/2001/XMLSchema-instance" xmlns:xsd="http://www.w3.org/2001/XMLSchema" xmlns:s0="http://www.w3.org/2000/09/xmldsig#" xmlns:s2="urn:iso:std:iso:15118:-20:CommonTypes"><s2:Header><s2:SessionID>A9EC275C3C9D645F</s2:SessionID><s2:TimeStamp>1786056336</s2:TimeStamp></s2:Header><s2:ResponseCode>OK</s2:ResponseCode><s1:EVSEProcessing>Finished</s1:EVSEProcessing><s1:GoToPause>false</s1:GoToPause><s1:Dynamic_SEResControlMode><s1:DepartureTime>0</s1:DepartureTime></s1:Dynamic_SEResControlMode></s1:ScheduleExchangeRes>
[2026-08-06 22:45:36,111] INFO (tcp_client): Received ScheduleExchangeRes.
[2026-08-06 22:45:36,112] DEBUG (tcp_client): XML message to be sent: <?xml version="1.0" encoding="UTF-8"?>
<ns0:DC_CableCheckReq xmlns:ns0="urn:iso:std:iso:15118:-20:DC">
  <ns1:Header xmlns:ns1="urn:iso:std:iso:15118:-20:CommonTypes">
    <ns1:SessionID>A9EC275C3C9D645F</ns1:SessionID>
    <ns1:TimeStamp>1786056336</ns1:TimeStamp>
  </ns1:Header>
</ns0:DC_CableCheckReq>
 (tcp_client.py:162)
[2026-08-06 22:45:36,112] INFO (message_handling): DC message to be encoded
[2026-08-06 22:45:36,112] INFO (message_handling): Message is valid against Schema XSD
[2026-08-06 22:45:36,113] DEBUG (tcp_client): Encoded EXI message: 802C0454F613AE1E4 EB22F8909DD4D3062 (tcp_client.py:174)
[2026-08-06 22:45:36,113] INFO (tcp_client): Sent DcCableCheckReq.
[2026-08-06 22:45:36,113] INFO (physical_interface): Current duty cycle is 5.
[2026-08-06 22:45:36,113] INFO (physical_interface): 61851 state set to C.
[2026-08-06 22:45:36,114] INFO (tcp_client): Received response from ('fe80::42:acff:fe1e:2', 15118, 0, 22).
[2026-08-06 22:45:36,114] INFO (message_handling): Message is valid.
[2026-08-06 22:45:36,114] INFO (tcp_client): Payload type: 32772
[2026-08-06 22:45:36,114] DEBUG (tcp_client): Received EXI msg to be decoded: 80300454F613AE1E4EB 22F8909DD4D30620000 (tcp_client.py:118)
[2026-08-06 22:45:36,114] INFO (message_handling): DC message to be decoded
[2026-08-06 22:45:36,114] INFO (tcp_client): Message successfully decoded <?xml version="1.0" encoding="UTF-8"?><s2:DC_CableCheckRes xmlns:s2="urn:iso:std:iso:15118:-20:DC" xmlns:xsi="http://www.w3.org/2001/XMLSchema-instance" xmlns:xsd="http://www.w3.org/2001/XMLSchema" xmlns:s0="http://www.w3.org/2000/09/xmldsig#" xmlns:s1="urn:iso:std:iso:15118:-20:CommonTypes"><s1:Header><s1:SessionID>A9EC275C3C9D645F</s1:SessionID><s1:TimeStamp>1786056336</s1:TimeStamp></s1:Header><s1:ResponseCode>OK</s1:ResponseCode><s2:EVSEProcessing>Finished</s2:EVSEProcessing></s2:DC_CableCheckRes>
[2026-08-06 22:45:36,115] INFO (tcp_client): Received DcCableCheckRes.
[2026-08-06 22:45:36,115] DEBUG (tcp_client): XML message to be sent: <?xml version="1.0" encoding="UTF-8"?>
<ns0:DC_PreChargeReq xmlns:ns0="urn:iso:std:iso:15118:-20:DC">
  <ns1:Header xmlns:ns1="urn:iso:std:iso:15118:-20:CommonTypes">
    <ns1:SessionID>A9EC275C3C9D645F</ns1:SessionID>
    <ns1:TimeStamp>1786056336</ns1:TimeStamp>
  </ns1:Header>
  <ns0:EVProcessing>Ongoing</ns0:EVProcessing>
  <ns0:EVPresentVoltage>
    <ns1:Exponent xmlns:ns1="urn:iso:std:iso:15118:-20:CommonTypes">0</ns1:Exponent>
    <ns1:Value xmlns:ns1="urn:iso:std:iso:15118:-20:CommonTypes">0</ns1:Value>
  </ns0:EVPresentVoltage>
  <ns0:EVTargetVoltage>
    <ns1:Exponent xmlns:ns1="urn:iso:std:iso:15118:-20:CommonTypes">0</ns1:Exponent>
    <ns1:Value xmlns:ns1="urn:iso:std:iso:15118:-20:CommonTypes">330</ns1:Value>
  </ns0:EVTargetVoltage>
</ns0:DC_PreChargeReq>
 (tcp_client.py:162)
[2026-08-06 22:45:36,116] INFO (message_handling): DC message to be encoded
[2026-08-06 22:45:36,116] INFO (message_handling): Message is valid against Schema XSD
[2026-08-06 22:45:36,117] DEBUG (tcp_client): Encoded EXI message: 80440454F613AE1E4EB22F890 9DD4D306221000000800CA020 (tcp_client.py:174)
[2026-08-06 22:45:36,117] INFO (tcp_client): Sent DcPreChargeReq.
[2026-08-06 22:45:36,118] INFO (tcp_client): Received response from ('fe80::42:acff:fe1e:2', 15118, 0, 22).
[2026-08-06 22:45:36,118] INFO (message_handling): Message is valid.
[2026-08-06 22:45:36,118] INFO (tcp_client): Payload type: 32772
[2026-08-06 22:45:36,118] DEBUG (tcp_client): Received EXI msg to be decoded: 80480454F613AE1E4EB22F8 909DD4D30620010010C0600 (tcp_client.py:118)
[2026-08-06 22:45:36,118] INFO (message_handling): DC message to be decoded
[2026-08-06 22:45:36,119] INFO (tcp_client): Message successfully decoded <?xml version="1.0" encoding="UTF-8"?><s2:DC_PreChargeRes xmlns:s2="urn:iso:std:iso:15118:-20:DC" xmlns:xsi="http://www.w3.org/2001/XMLSchema-instance" xmlns:xsd="http://www.w3.org/2001/XMLSchema" xmlns:s0="http://www.w3.org/2000/09/xmldsig#" xmlns:s1="urn:iso:std:iso:15118:-20:CommonTypes"><s1:Header><s1:SessionID>A9EC275C3C9D645F</s1:SessionID><s1:TimeStamp>1786056336</s1:TimeStamp></s1:Header><s1:ResponseCode>OK</s1:ResponseCode><s2:EVSEPresentVoltage><s1:Exponent>0</s1:Exponent><s1:Value>390</s1:Value></s2:EVSEPresentVoltage></s2:DC_PreChargeRes>
[2026-08-06 22:45:36,119] INFO (tcp_client): Received DcPreChargeRes.
[2026-08-06 22:45:36,120] DEBUG (tcp_client): XML message to be sent: <?xml version="1.0" encoding="UTF-8"?>
<ns0:DC_PreChargeReq xmlns:ns0="urn:iso:std:iso:15118:-20:DC">
  <ns1:Header xmlns:ns1="urn:iso:std:iso:15118:-20:CommonTypes">
    <ns1:SessionID>A9EC275C3C9D645F</ns1:SessionID>
    <ns1:TimeStamp>1786056336</ns1:TimeStamp>
  </ns1:Header>
  <ns0:EVProcessing>Ongoing</ns0:EVProcessing>
  <ns0:EVPresentVoltage>
    <ns1:Exponent xmlns:ns1="urn:iso:std:iso:15118:-20:CommonTypes">0</ns1:Exponent>
    <ns1:Value xmlns:ns1="urn:iso:std:iso:15118:-20:CommonTypes">390</ns1:Value>
  </ns0:EVPresentVoltage>
  <ns0:EVTargetVoltage>
    <ns1:Exponent xmlns:ns1="urn:iso:std:iso:15118:-20:CommonTypes">0</ns1:Exponent>
    <ns1:Value xmlns:ns1="urn:iso:std:iso:15118:-20:CommonTypes">390</ns1:Value>
  </ns0:EVTargetVoltage>
</ns0:DC_PreChargeReq>
 (tcp_client.py:162)
[2026-08-06 22:45:36,120] INFO (message_handling): DC message to be encoded
[2026-08-06 22:45:36,120] INFO (message_handling): Message is valid against Schema XSD
[2026-08-06 22:45:36,121] DEBUG (tcp_client): Encoded EXI message: 80440454F613AE1E4EB22F8909 DD4D3062210010C06080086030 (tcp_client.py:174)
[2026-08-06 22:45:36,121] INFO (tcp_client): Sent DcPreChargeReq.
[2026-08-06 22:45:36,122] INFO (tcp_client): Received response from ('fe80::42:acff:fe1e:2', 15118, 0, 22).
[2026-08-06 22:45:36,122] INFO (message_handling): Message is valid.
[2026-08-06 22:45:36,122] INFO (tcp_client): Payload type: 32772
[2026-08-06 22:45:36,122] DEBUG (tcp_client): Received EXI msg to be decoded: 80480454F613AE1E4EB22F8 909DD4D30620010010C0600 (tcp_client.py:118)
[2026-08-06 22:45:36,122] INFO (message_handling): DC message to be decoded
[2026-08-06 22:45:36,123] INFO (tcp_client): Message successfully decoded <?xml version="1.0" encoding="UTF-8"?><s2:DC_PreChargeRes xmlns:s2="urn:iso:std:iso:15118:-20:DC" xmlns:xsi="http://www.w3.org/2001/XMLSchema-instance" xmlns:xsd="http://www.w3.org/2001/XMLSchema" xmlns:s0="http://www.w3.org/2000/09/xmldsig#" xmlns:s1="urn:iso:std:iso:15118:-20:CommonTypes"><s1:Header><s1:SessionID>A9EC275C3C9D645F</s1:SessionID><s1:TimeStamp>1786056336</s1:TimeStamp></s1:Header><s1:ResponseCode>OK</s1:ResponseCode><s2:EVSEPresentVoltage><s1:Exponent>0</s1:Exponent><s1:Value>390</s1:Value></s2:EVSEPresentVoltage></s2:DC_PreChargeRes>
[2026-08-06 22:45:36,123] INFO (tcp_client): Received DcPreChargeRes.
[2026-08-06 22:45:36,124] DEBUG (tcp_client): XML message to be sent: <?xml version="1.0" encoding="UTF-8"?>
<ns0:DC_PreChargeReq xmlns:ns0="urn:iso:std:iso:15118:-20:DC">
  <ns1:Header xmlns:ns1="urn:iso:std:iso:15118:-20:CommonTypes">
    <ns1:SessionID>A9EC275C3C9D645F</ns1:SessionID>
    <ns1:TimeStamp>1786056336</ns1:TimeStamp>
  </ns1:Header>
  <ns0:EVProcessing>Finished</ns0:EVProcessing>
  <ns0:EVPresentVoltage>
    <ns1:Exponent xmlns:ns1="urn:iso:std:iso:15118:-20:CommonTypes">0</ns1:Exponent>
    <ns1:Value xmlns:ns1="urn:iso:std:iso:15118:-20:CommonTypes">390</ns1:Value>
  </ns0:EVPresentVoltage>
  <ns0:EVTargetVoltage>
    <ns1:Exponent xmlns:ns1="urn:iso:std:iso:15118:-20:CommonTypes">0</ns1:Exponent>
    <ns1:Value xmlns:ns1="urn:iso:std:iso:15118:-20:CommonTypes">390</ns1:Value>
  </ns0:EVTargetVoltage>
</ns0:DC_PreChargeReq>
 (tcp_client.py:162)
[2026-08-06 22:45:36,124] INFO (message_handling): DC message to be encoded
[2026-08-06 22:45:36,124] INFO (message_handling): Message is valid against Schema XSD
[2026-08-06 22:45:36,125] DEBUG (tcp_client): Encoded EXI message: 80440454F613AE1E4EB22F8909 DD4D3062010010C06080086030 (tcp_client.py:174)
[2026-08-06 22:45:36,125] INFO (tcp_client): Sent DcPreChargeReq.
[2026-08-06 22:45:36,126] INFO (tcp_client): Received response from ('fe80::42:acff:fe1e:2', 15118, 0, 22).
[2026-08-06 22:45:36,126] INFO (message_handling): Message is valid.
[2026-08-06 22:45:36,126] INFO (tcp_client): Payload type: 32772
[2026-08-06 22:45:36,126] DEBUG (tcp_client): Received EXI msg to be decoded: 80480454F613AE1E4EB22F8 909DD4D30620010010C0600 (tcp_client.py:118)
[2026-08-06 22:45:36,126] INFO (message_handling): DC message to be decoded
[2026-08-06 22:45:36,126] INFO (tcp_client): Message successfully decoded <?xml version="1.0" encoding="UTF-8"?><s2:DC_PreChargeRes xmlns:s2="urn:iso:std:iso:15118:-20:DC" xmlns:xsi="http://www.w3.org/2001/XMLSchema-instance" xmlns:xsd="http://www.w3.org/2001/XMLSchema" xmlns:s0="http://www.w3.org/2000/09/xmldsig#" xmlns:s1="urn:iso:std:iso:15118:-20:CommonTypes"><s1:Header><s1:SessionID>A9EC275C3C9D645F</s1:SessionID><s1:TimeStamp>1786056336</s1:TimeStamp></s1:Header><s1:ResponseCode>OK</s1:ResponseCode><s2:EVSEPresentVoltage><s1:Exponent>0</s1:Exponent><s1:Value>390</s1:Value></s2:EVSEPresentVoltage></s2:DC_PreChargeRes>
[2026-08-06 22:45:36,127] INFO (tcp_client): Received DcPreChargeRes.
[2026-08-06 22:45:36,127] DEBUG (tcp_client): XML message to be sent: <?xml version="1.0" encoding="UTF-8"?>
<ns0:PowerDeliveryReq xmlns:ns0="urn:iso:std:iso:15118:-20:CommonMessages">
  <ns1:Header xmlns:ns1="urn:iso:std:iso:15118:-20:CommonTypes">
    <ns1:SessionID>A9EC275C3C9D645F</ns1:SessionID>
    <ns1:TimeStamp>1786056336</ns1:TimeStamp>
  </ns1:Header>
  <ns0:EVProcessing>Finished</ns0:EVProcessing>
  <ns0:ChargeProgress>Start</ns0:ChargeProgress>
</ns0:PowerDeliveryReq>
 (tcp_client.py:162)
[2026-08-06 22:45:36,127] INFO (message_handling): Common message to be encoded
[2026-08-06 22:45:36,127] INFO (message_handling): Message is valid against Schema XSD
[2026-08-06 22:45:36,128] DEBUG (tcp_client): Encoded EXI message: 80540454F613AE1E4EB 22F8909DD4D30620040 (tcp_client.py:174)
[2026-08-06 22:45:36,129] INFO (tcp_client): Sent PowerDeliveryReq.
[2026-08-06 22:45:36,130] INFO (tcp_client): Received response from ('fe80::42:acff:fe1e:2', 15118, 0, 22).
[2026-08-06 22:45:36,130] INFO (message_handling): Message is valid.
[2026-08-06 22:45:36,130] INFO (tcp_client): Payload type: 32770
[2026-08-06 22:45:36,130] DEBUG (tcp_client): Received EXI msg to be decoded: 80580454F613AE1E4EB 22F8909DD4D30620040 (tcp_client.py:118)
[2026-08-06 22:45:36,130] INFO (message_handling): Common message to be decoded
[2026-08-06 22:45:36,131] INFO (tcp_client): Message successfully decoded <?xml version="1.0" encoding="UTF-8"?><s1:PowerDeliveryRes xmlns:s1="urn:iso:std:iso:15118:-20:CommonMessages" xmlns:xsi="http://www.w3.org/2001/XMLSchema-instance" xmlns:xsd="http://www.w3.org/2001/XMLSchema" xmlns:s0="http://www.w3.org/2000/09/xmldsig#" xmlns:s2="urn:iso:std:iso:15118:-20:CommonTypes"><s2:Header><s2:SessionID>A9EC275C3C9D645F</s2:SessionID><s2:TimeStamp>1786056336</s2:TimeStamp></s2:Header><s2:ResponseCode>OK</s2:ResponseCode></s1:PowerDeliveryRes>
[2026-08-06 22:45:36,131] INFO (tcp_client): Received PowerDeliveryRes.
[2026-08-06 22:45:36,134] DEBUG (tcp_client): XML message to be sent: <?xml version="1.0" encoding="UTF-8"?>
<ns0:DC_ChargeLoopReq xmlns:ns0="urn:iso:std:iso:15118:-20:DC">
  <ns1:Header xmlns:ns1="urn:iso:std:iso:15118:-20:CommonTypes">
    <ns1:SessionID>A9EC275C3C9D645F</ns1:SessionID>
    <ns1:TimeStamp>1786056336</ns1:TimeStamp>
  </ns1:Header>
  <ns1:DisplayParameters xmlns:ns1="urn:iso:std:iso:15118:-20:CommonTypes">
    <ns1:PresentSOC>0</ns1:PresentSOC>
    <ns1:MinimumSOC>0</ns1:MinimumSOC>
    <ns1:TargetSOC>80</ns1:TargetSOC>
    <ns1:MaximumSOC>100</ns1:MaximumSOC>
    <ns1:ChargingComplete>false</ns1:ChargingComplete>
    <ns1:BatteryEnergyCapacity>
      <ns1:Exponent>3</ns1:Exponent>
      <ns1:Value>67</ns1:Value>
    </ns1:BatteryEnergyCapacity>
  </ns1:DisplayParameters>
  <ns1:MeterInfoRequested xmlns:ns1="urn:iso:std:iso:15118:-20:CommonTypes">false</ns1:MeterInfoRequested>
  <ns0:EVPresentVoltage>
    <ns1:Exponent xmlns:ns1="urn:iso:std:iso:15118:-20:CommonTypes">0</ns1:Exponent>
    <ns1:Value xmlns:ns1="urn:iso:std:iso:15118:-20:CommonTypes">390</ns1:Value>
  </ns0:EVPresentVoltage>
  <ns0:BPT_Dynamic_DC_CLReqControlMode>
    <ns1:DepartureTime xmlns:ns1="urn:iso:std:iso:15118:-20:CommonTypes">0</ns1:DepartureTime>
    <ns1:EVTargetEnergyRequest xmlns:ns1="urn:iso:std:iso:15118:-20:CommonTypes">
      <ns1:Exponent>1</ns1:Exponent>
      <ns1:Value>5360</ns1:Value>
    </ns1:EVTargetEnergyRequest>
    <ns1:EVMaximumEnergyRequest xmlns:ns1="urn:iso:std:iso:15118:-20:CommonTypes">
      <ns1:Exponent>1</ns1:Exponent>
      <ns1:Value>6700</ns1:Value>
    </ns1:EVMaximumEnergyRequest>
    <ns1:EVMinimumEnergyRequest xmlns:ns1="urn:iso:std:iso:15118:-20:CommonTypes">
      <ns1:Exponent>-3</ns1:Exponent>
      <ns1:Value>0</ns1:Value>
    </ns1:EVMinimumEnergyRequest>
    <ns0:EVMaximumChargePower>
      <ns1:Exponent xmlns:ns1="urn:iso:std:iso:15118:-20:CommonTypes">1</ns1:Exponent>
      <ns1:Value xmlns:ns1="urn:iso:std:iso:15118:-20:CommonTypes">4900</ns1:Value>
    </ns0:EVMaximumChargePower>
    <ns0:EVMinimumChargePower>
      <ns1:Exponent xmlns:ns1="urn:iso:std:iso:15118:-20:CommonTypes">0</ns1:Exponent>
      <ns1:Value xmlns:ns1="urn:iso:std:iso:15118:-20:CommonTypes">245</ns1:Value>
    </ns0:EVMinimumChargePower>
    <ns0:EVMaximumChargeCurrent>
      <ns1:Exponent xmlns:ns1="urn:iso:std:iso:15118:-20:CommonTypes">-2</ns1:Exponent>
      <ns1:Value xmlns:ns1="urn:iso:std:iso:15118:-20:CommonTypes">15806</ns1:Value>
    </ns0:EVMaximumChargeCurrent>
    <ns0:EVMaximumVoltage>
      <ns1:Exponent xmlns:ns1="urn:iso:std:iso:15118:-20:CommonTypes">0</ns1:Exponent>
      <ns1:Value xmlns:ns1="urn:iso:std:iso:15118:-20:CommonTypes">360</ns1:Value>
    </ns0:EVMaximumVoltage>
    <ns0:EVMinimumVoltage>
      <ns1:Exponent xmlns:ns1="urn:iso:std:iso:15118:-20:CommonTypes">0</ns1:Exponent>
      <ns1:Value xmlns:ns1="urn:iso:std:iso:15118:-20:CommonTypes">310</ns1:Value>
    </ns0:EVMinimumVoltage>
    <ns0:EVMaximumDischargePower>
      <ns1:Exponent xmlns:ns1="urn:iso:std:iso:15118:-20:CommonTypes">-3</ns1:Exponent>
      <ns1:Value xmlns:ns1="urn:iso:std:iso:15118:-20:CommonTypes">0</ns1:Value>
    </ns0:EVMaximumDischargePower>
    <ns0:EVMinimumDischargePower>
      <ns1:Exponent xmlns:ns1="urn:iso:std:iso:15118:-20:CommonTypes">-3</ns1:Exponent>
      <ns1:Value xmlns:ns1="urn:iso:std:iso:15118:-20:CommonTypes">0</ns1:Value>
    </ns0:EVMinimumDischargePower>
    <ns0:EVMaximumDischargeCurrent>
      <ns1:Exponent xmlns:ns1="urn:iso:std:iso:15118:-20:CommonTypes">-3</ns1:Exponent>
      <ns1:Value xmlns:ns1="urn:iso:std:iso:15118:-20:CommonTypes">0</ns1:Value>
    </ns0:EVMaximumDischargeCurrent>
  </ns0:BPT_Dynamic_DC_CLReqControlMode>
</ns0:DC_ChargeLoopReq>
 (tcp_client.py:162)
[2026-08-06 22:45:36,134] INFO (message_handling): DC message to be encoded
[2026-08-06 22:45:36,134] INFO (message_handling): Message is valid against Schema XSD
[2026-08-06 22:45:36,136] DEBUG (tcp_client): Encoded EXI message: 80340454F613AE1E4EB22F8909DD4D306200000000A006430106086202002180C00002043C0A4 1021586807D0000408521302003D4040FC17CF60800E80204005B0101F40000FA00007D000200 (tcp_client.py:174)
[2026-08-06 22:45:36,136] INFO (tcp_client): Sent DcChargeLoopReq.
[2026-08-06 22:45:36,142] INFO (tcp_client): Received response from ('fe80::42:acff:fe1e:2', 15118, 0, 22).
[2026-08-06 22:45:36,142] INFO (message_handling): Message is valid.
[2026-08-06 22:45:36,142] INFO (tcp_client): Payload type: 32772
[2026-08-06 22:45:36,142] DEBUG (tcp_client): Received EXI msg to be decoded: 80380454F613AE1E4EB22F8909DD4D30620064003C02002400C0001081 088270400000200320041001E806081088270400000200320041000640 (tcp_client.py:118)
[2026-08-06 22:45:36,142] INFO (message_handling): DC message to be decoded
[2026-08-06 22:45:36,143] INFO (tcp_client): Message successfully decoded <?xml version="1.0" encoding="UTF-8"?><s2:DC_ChargeLoopRes xmlns:s2="urn:iso:std:iso:15118:-20:DC" xmlns:xsi="http://www.w3.org/2001/XMLSchema-instance" xmlns:xsd="http://www.w3.org/2001/XMLSchema" xmlns:s0="http://www.w3.org/2000/09/xmldsig#" xmlns:s1="urn:iso:std:iso:15118:-20:CommonTypes"><s1:Header><s1:SessionID>A9EC275C3C9D645F</s1:SessionID><s1:TimeStamp>1786056336</s1:TimeStamp></s1:Header><s1:ResponseCode>OK</s1:ResponseCode><s2:EVSEPresentCurrent><s1:Exponent>0</s1:Exponent><s1:Value>120</s1:Value></s2:EVSEPresentCurrent><s2:EVSEPresentVoltage><s1:Exponent>0</s1:Exponent><s1:Value>400</s1:Value></s2:EVSEPresentVoltage><s2:EVSEPowerLimitAchieved>false</s2:EVSEPowerLimitAchieved><s2:EVSECurrentLimitAchieved>false</s2:EVSECurrentLimitAchieved><s2:EVSEVoltageLimitAchieved>false</s2:EVSEVoltageLimitAchieved><s2:BPT_Dynamic_DC_CLResControlMode><s2:EVSEMaximumChargePower><s1:Exponent>1</s1:Exponent><s1:Value>5000</s1:Value></s2:EVSEMaximumChargePower><s2:EVSEMinimumChargePower><s1:Exponent>0</s1:Exponent><s1:Value>0</s1:Value></s2:EVSEMinimumChargePower><s2:EVSEMaximumChargeCurrent><s1:Exponent>0</s1:Exponent><s1:Value>200</s1:Value></s2:EVSEMaximumChargeCurrent><s2:EVSEMaximumVoltage><s1:Exponent>0</s1:Exponent><s1:Value>500</s1:Value></s2:EVSEMaximumVoltage><s2:EVSEMaximumDischargePower><s1:Exponent>1</s1:Exponent><s1:Value>5000</s1:Value></s2:EVSEMaximumDischargePower><s2:EVSEMinimumDischargePower><s1:Exponent>0</s1:Exponent><s1:Value>0</s1:Value></s2:EVSEMinimumDischargePower><s2:EVSEMaximumDischargeCurrent><s1:Exponent>0</s1:Exponent><s1:Value>200</s1:Value></s2:EVSEMaximumDischargeCurrent><s2:EVSEMinimumVoltage><s1:Exponent>0</s1:Exponent><s1:Value>50</s1:Value></s2:EVSEMinimumVoltage></s2:BPT_Dynamic_DC_CLResControlMode></s2:DC_ChargeLoopRes>
[2026-08-06 22:45:36,145] INFO (tcp_client): Received DcChargeLoopRes.
application protocol failed to receive SSL data
protocol: <asyncio.sslproto.SSLProtocol object at 0x773702504250>
transport: <_SelectorSocketTransport fd=23 read=polling write=<idle, bufsize=0>>
Traceback (most recent call last):
  File "/usr/local/lib/python3.8/asyncio/sslproto.py", line 546, in data_received
    self._app_protocol.data_received(chunk)
  File "/app/evcc/../evcc/tcp_client.py", line 83, in data_received
    self.process_incoming_message(packet)
  File "/app/evcc/../evcc/tcp_client.py", line 134, in process_incoming_message
    reaction = self.get_current_state().process_payload(xml_object)
  File "/app/evcc/../evcc/states/wait_for_dc_charge_loop_response.py", line 44, in process_payload
    self.controller.data_model.get_bpt_dynamic_dc_clreq_control_mode()
  File "/app/evcc/../evcc/ev_dummy_controller.py", line 277, in get_bpt_dynamic_dc_clreq_control_mode
    request.evtarget_energy_request = float_to_dc_rational(self.get_target_energy())
  File "/app/evcc/../evcc/ev_dummy_controller.py", line 187, in get_target_energy
    return self.target_soc * rational_to_float(self.battery_capacity)/100 - self.current_energy
TypeError: unsupported operand type(s) for *: 'NoneType' and 'int'
[2026-08-06 22:45:36,146] ERROR (tcp_client): unsupported operand type(s) for *: 'NoneType' and 'int'. (tcp_client.py:96)
