# Frames as recorded, per direction. Ordering within a direction is real;
# the two directions are not interleaved, because the recording has no timestamps.

## EV -> station: 573 byte(s), 15 frame(s)
[0] SupportedAppProtocolReq payloadType=0x8001 bytes=45
    01fe8001000000258000f3ab9371d34b9b79d39ba321d34b9b79d189a98989c1d1699181d22218010000040040
[1] SessionSetupReq payloadType=0x8002 bytes=47
    01fe800200000027808c04181818181818181808f9dd4d30620b22a2232b23291899199a1a9b1b9c1cad2d2d2d1c00
[2] AuthorizationSetupReq payloadType=0x8002 bytes=25
    01fe80020000001180080454f613ae1e4eb22f8909dd4d3062
[3] AuthorizationReq payloadType=0x8002 bytes=26
    01fe80020000001280000454f613ae1e4eb22f8909dd4d306200
[4] ServiceDiscoveryReq payloadType=0x8002 bytes=29
    01fe800200000015807c0454f613ae1e4eb22f8909dd4d306200400c40
[5] ServiceDetailReq payloadType=0x8002 bytes=27
    01fe80020000001380740454f613ae1e4eb22f8909dd4d30620300
[6] ServiceSelectionReq payloadType=0x8002 bytes=29
    01fe80020000001580840454f613ae1e4eb22f8909dd4d306201800880
[7] DC_ChargeParameterDiscoveryReq payloadType=0x8004 bytes=64
    01fe800400000038803c0454f613ae1e4eb22f8909dd4d30620810a42604007a8081f82f9ec0fa1520a0800e80204005b0102803e80001f40000fa00007d0000
[8] ScheduleExchangeReq payloadType=0x8002 bytes=43
    01fe800200000023806c0454f613ae1e4eb22f8909dd4d30627e80000001402043c0a41021586807d00020
[9] DC_CableCheckReq payloadType=0x8004 bytes=25
    01fe800400000011802c0454f613ae1e4eb22f8909dd4d3062
[10] DC_PreChargeReq payloadType=0x8004 bytes=33
    01fe80040000001980440454f613ae1e4eb22f8909dd4d306221000000800ca020
[11] DC_PreChargeReq payloadType=0x8004 bytes=34
    01fe80040000001a80440454f613ae1e4eb22f8909dd4d3062210010c06080086030
[12] DC_PreChargeReq payloadType=0x8004 bytes=34
    01fe80040000001a80440454f613ae1e4eb22f8909dd4d3062010010c06080086030
[13] PowerDeliveryReq payloadType=0x8002 bytes=27
    01fe80020000001380540454f613ae1e4eb22f8909dd4d30620040
[14] DC_ChargeLoopReq payloadType=0x8004 bytes=85
    01fe80040000004d80340454f613ae1e4eb22f8909dd4d306200000000a006430106086202002180c00002043c0a41021586807d0000408521302003d4040fc17cf60800e80204005b0101f40000fa00007d000200

## station -> EV: 615 byte(s), 15 frame(s)
[0] SupportedAppProtocolRes (OK_SuccessfulNegotiation) payloadType=0x8001 bytes=12
    01fe80010000000480400040
[1] SessionSetupRes (OK_NewSessionEstablished) payloadType=0x8002 bytes=37
    01fe80020000001d80900454f613ae1e4eb22f8909dd4d30620402d1114a905090ca914c40
[2] AuthorizationSetupRes (OK) payloadType=0x8002 bytes=28
    01fe800200000014800c0454f613ae1e4eb22f8909dd4d3062000400
[3] AuthorizationRes (OK) payloadType=0x8002 bytes=27
    01fe80020000001380040454f613ae1e4eb22f8909dd4d30620000
[4] ServiceDiscoveryRes (OK) payloadType=0x8002 bytes=32
    01fe80020000001880800454f613ae1e4eb22f8909dd4d306200200210018450
[5] ServiceDetailRes (OK) payloadType=0x8002 bytes=146
    01fe80020000008a80780454f613ae1e4eb22f8909dd4d30620001800402d0dbdb9b9958dd1bdc980200d436f6e74726f6c4d6f6465601004d35bd89a5b1a5d1e539959591cd35bd919580200950726963696e67600080080b436f6e6e6563746f7260080350dbdb9d1c9bdb135bd91958020134d6f62696c6974794e656564734d6f6465600802541c9a58da5b99d800280
[6] ServiceSelectionRes (OK) payloadType=0x8002 bytes=27
    01fe80020000001380880454f613ae1e4eb22f8909dd4d30620000
[7] DC_ChargeParameterDiscoveryRes (OK) payloadType=0x8004 bytes=63
    01fe80040000003780400454f613ae1e4eb22f8909dd4d3062000408441382000001001900208000004007a0182000c8481088270400000200320041000000
[8] ScheduleExchangeRes (OK) payloadType=0x8002 bytes=30
    01fe80020000001680700454f613ae1e4eb22f8909dd4d30620000000040
[9] DC_CableCheckRes (OK) payloadType=0x8004 bytes=27
    01fe80040000001380300454f613ae1e4eb22f8909dd4d30620000
[10] DC_PreChargeRes (OK) payloadType=0x8004 bytes=31
    01fe80040000001780480454f613ae1e4eb22f8909dd4d30620010010c0600
[11] DC_PreChargeRes (OK) payloadType=0x8004 bytes=31
    01fe80040000001780480454f613ae1e4eb22f8909dd4d30620010010c0600
[12] DC_PreChargeRes (OK) payloadType=0x8004 bytes=31
    01fe80040000001780480454f613ae1e4eb22f8909dd4d30620010010c0600
[13] PowerDeliveryRes (OK) payloadType=0x8002 bytes=27
    01fe80020000001380580454f613ae1e4eb22f8909dd4d30620040
[14] DC_ChargeLoopRes (OK) payloadType=0x8004 bytes=66
    01fe80040000003a80380454f613ae1e4eb22f8909dd4d30620064003c02002400c0001081088270400000200320041001e806081088270400000200320041000640
