2026-08-08 14:06:06.686440 [INFO] iso15118_charge  :: Handshake complete!
2026-08-08 14:06:06.686516 [INFO] iso15118_charge  :: Verify certificate result is okay
2026-08-08 14:06:06.722650 [INFO] evse_manager:Ev  ::                                     CAR ISO V2G SupportedAppProtocolReq
2026-08-08 14:06:06.765800 [INFO] iso15118_charge  :: Received session setup with evccid: EVCC01
2026-08-08 14:06:06.766131 [INFO] iso15118_charge  :: New session created with session_id: 0x62, 0xA9, 0x8E, 0x15, 0x03, 0x94, 0x9A, 0x9F
2026-08-08 14:06:06.774561 [INFO] evse_manager:Ev  :: EVSE ISO V2G SupportedAppProtocolRes
2026-08-08 14:06:06.774809 [INFO] evse_manager:Ev  ::                                     CAR ISO V2G SessionSetupReq
2026-08-08 14:06:06.858426 [INFO] evse_manager:Ev  :: EVSE ISO V2G SessionSetupRes
2026-08-08 14:06:06.858638 [INFO] evse_manager:Ev  ::                                     CAR ISO V2G AuthorizationSetupReq
2026-08-08 14:06:06.902526 [INFO] evse_manager:Ev  :: EVSE ISO V2G AuthorizationSetupRes
2026-08-08 14:06:06.905544 [INFO] evse_manager:Ev  ::                                     CAR ISO V2G AuthorizationReq
2026-08-08 14:06:07.002657 [INFO] evse_manager:Ev  :: EVSE ISO V2G AuthorizationRes
2026-08-08 14:06:07.003544 [INFO] evse_manager:Ev  ::                                     CAR ISO V2G ServiceDiscoveryReq
2026-08-08 14:06:07.102884 [INFO] evse_manager:Ev  :: EVSE ISO V2G ServiceDiscoveryRes
2026-08-08 14:06:07.106089 [INFO] evse_manager:Ev  ::                                     CAR ISO V2G ServiceDetailReq
2026-08-08 14:06:07.222615 [INFO] evse_manager:Ev  :: EVSE ISO V2G ServiceDetailRes
2026-08-08 14:06:07.222933 [INFO] evse_manager:Ev  ::                                     CAR ISO V2G ServiceSelectionReq
2026-08-08 14:06:07.310417 [INFO] evse_manager:Ev  :: EVSE ISO V2G ServiceSelectionRes
2026-08-08 14:06:07.310647 [INFO] evse_manager:Ev  ::                                     CAR ISO V2G DcChargeParameterDiscoveryReq
2026-08-08 14:06:07.403223 [INFO] evse_manager:Ev  :: EVSE ISO V2G DcChargeParameterDiscoveryRes
2026-08-08 14:06:07.406147 [INFO] evse_manager:Ev  ::                                     CAR ISO V2G ScheduleExchangeReq
2026-08-08 14:06:07.510560 [INFO] evse_manager:Ev  :: EVSE ISO V2G ScheduleExchangeRes
2026-08-08 14:06:07.510791 [INFO] evse_manager:Ev  ::                                     CAR ISO V2G DcCableCheckReq
2026-08-08 14:06:07.603153 [INFO] evse_manager:Ev  :: EVSE ISO V2G DcCableCheckRes
2026-08-08 14:06:07.655599 [INFO] evse_manager:Ev  ::                                     CAR ISO V2G DcCableCheckReq
2026-08-08 14:06:07.766745 [INFO] evse_manager:Ev  :: EVSE ISO V2G DcCableCheckRes
2026-08-08 14:06:07.767315 [INFO] evse_manager:Ev  ::                                     CAR ISO V2G DcCableCheckReq
2026-08-08 14:06:07.803103 [INFO] evse_manager:Ev  :: EVSE ISO V2G DcCableCheckRes
2026-08-08 14:06:07.858460 [INFO] evse_manager:Ev  ::                                     CAR ISO V2G DcCableCheckReq
2026-08-08 14:06:07.903448 [INFO] evse_manager:Ev  :: EVSE ISO V2G DcCableCheckRes
2026-08-08 14:06:07.956247 [INFO] evse_manager:Ev  ::                                     CAR ISO V2G DcCableCheckReq
2026-08-08 14:06:08.003489 [INFO] evse_manager:Ev  :: EVSE ISO V2G DcCableCheckRes
2026-08-08 14:06:08.056479 [INFO] evse_manager:Ev  ::                                     CAR ISO V2G DcCableCheckReq
2026-08-08 14:06:08.103575 [INFO] evse_manager:Ev  :: EVSE ISO V2G DcCableCheckRes
2026-08-08 14:06:08.156660 [INFO] evse_manager:Ev  ::                                     CAR ISO V2G DcCableCheckReq
2026-08-08 14:06:08.226673 [INFO] evse_manager:Ev  :: EVSE ISO V2G DcCableCheckRes
2026-08-08 14:06:08.278571 [INFO] evse_manager:Ev  ::                                     CAR ISO V2G DcCableCheckReq
2026-08-08 14:06:08.322551 [INFO] evse_manager:Ev  :: EVSE ISO V2G DcCableCheckRes
2026-08-08 14:06:08.356809 [INFO] evse_manager:Ev  ::                                     CAR ISO V2G DcCableCheckReq
2026-08-08 14:06:08.403786 [INFO] evse_manager:Ev  :: EVSE ISO V2G DcCableCheckRes
2026-08-08 14:06:08.456734 [INFO] evse_manager:Ev  ::                                     CAR ISO V2G DcCableCheckReq
2026-08-08 14:06:08.503793 [INFO] evse_manager:Ev  :: EVSE ISO V2G DcCableCheckRes
2026-08-08 14:06:08.562537 [INFO] evse_manager:Ev  ::                                     CAR ISO V2G DcCableCheckReq
2026-08-08 14:06:08.606567 [INFO] evse_manager:Ev  :: EVSE ISO V2G DcCableCheckRes
2026-08-08 14:06:08.656785 [INFO] evse_manager:Ev  ::                                     CAR ISO V2G DcCableCheckReq
2026-08-08 14:06:08.726555 [INFO] evse_manager:Ev  :: EVSE ISO V2G DcCableCheckRes
2026-08-08 14:06:08.782555 [INFO] evse_manager:Ev  ::                                     CAR ISO V2G DcCableCheckReq
2026-08-08 14:06:08.817849 [INFO] evse_manager:Ev  :: EVSE ISO V2G DcCableCheckRes
2026-08-08 14:06:08.855140 [INFO] evse_manager:Ev  ::                                     CAR ISO V2G DcCableCheckReq
2026-08-08 14:06:08.904186 [INFO] evse_manager:Ev  :: EVSE ISO V2G DcCableCheckRes
2026-08-08 14:06:08.957080 [INFO] evse_manager:Ev  ::                                     CAR ISO V2G DcCableCheckReq
2026-08-08 14:06:09.004435 [INFO] evse_manager:Ev  :: EVSE ISO V2G DcCableCheckRes
2026-08-08 14:06:09.055277 [INFO] evse_manager:Ev  ::                                     CAR ISO V2G DcCableCheckReq
2026-08-08 14:06:09.104513 [INFO] evse_manager:Ev  :: EVSE ISO V2G DcCableCheckRes
2026-08-08 14:06:09.155187 [INFO] evse_manager:Ev  ::                                     CAR ISO V2G DcCableCheckReq
2026-08-08 14:06:09.226530 [INFO] evse_manager:Ev  :: EVSE ISO V2G DcCableCheckRes
2026-08-08 14:06:09.282546 [INFO] evse_manager:Ev  ::                                     CAR ISO V2G DcCableCheckReq
2026-08-08 14:06:09.326536 [INFO] evse_manager:Ev  :: EVSE ISO V2G DcCableCheckRes
2026-08-08 14:06:09.355814 [INFO] evse_manager:Ev  ::                                     CAR ISO V2G DcCableCheckReq
2026-08-08 14:06:09.404835 [INFO] evse_manager:Ev  :: EVSE ISO V2G DcCableCheckRes
2026-08-08 14:06:09.455524 [INFO] evse_manager:Ev  ::                                     CAR ISO V2G DcCableCheckReq
2026-08-08 14:06:09.504809 [INFO] evse_manager:Ev  :: EVSE ISO V2G DcCableCheckRes
2026-08-08 14:06:09.555503 [INFO] evse_manager:Ev  ::                                     CAR ISO V2G DcCableCheckReq
2026-08-08 14:06:09.605044 [INFO] evse_manager:Ev  :: EVSE ISO V2G DcCableCheckRes
2026-08-08 14:06:09.658469 [INFO] evse_manager:Ev  ::                                     CAR ISO V2G DcCableCheckReq
2026-08-08 14:06:09.726623 [INFO] evse_manager:Ev  :: EVSE ISO V2G DcCableCheckRes
2026-08-08 14:06:09.786539 [INFO] evse_manager:Ev  ::                                     CAR ISO V2G DcCableCheckReq
2026-08-08 14:06:09.818532 [INFO] evse_manager:Ev  :: EVSE ISO V2G DcCableCheckRes
2026-08-08 14:06:09.855866 [INFO] evse_manager:Ev  ::                                     CAR ISO V2G DcCableCheckReq
2026-08-08 14:06:09.905357 [INFO] evse_manager:Ev  :: EVSE ISO V2G DcCableCheckRes
2026-08-08 14:06:09.956110 [INFO] evse_manager:Ev  ::                                     CAR ISO V2G DcCableCheckReq
2026-08-08 14:06:10.005378 [INFO] evse_manager:Ev  :: EVSE ISO V2G DcCableCheckRes
2026-08-08 14:06:10.055956 [INFO] evse_manager:Ev  ::                                     CAR ISO V2G DcCableCheckReq
2026-08-08 14:06:10.105581 [INFO] evse_manager:Ev  :: EVSE ISO V2G DcCableCheckRes
2026-08-08 14:06:10.156159 [INFO] evse_manager:Ev  ::                                     CAR ISO V2G DcCableCheckReq
2026-08-08 14:06:10.226519 [INFO] evse_manager:Ev  :: EVSE ISO V2G DcCableCheckRes
2026-08-08 14:06:10.286540 [INFO] evse_manager:Ev  ::                                     CAR ISO V2G DcCableCheckReq
2026-08-08 14:06:10.330507 [INFO] evse_manager:Ev  :: EVSE ISO V2G DcCableCheckRes
2026-08-08 14:06:10.356186 [INFO] evse_manager:Ev  ::                                     CAR ISO V2G DcCableCheckReq
2026-08-08 14:06:10.405778 [INFO] evse_manager:Ev  :: EVSE ISO V2G DcCableCheckRes
2026-08-08 14:06:10.456605 [INFO] evse_manager:Ev  ::                                     CAR ISO V2G DcCableCheckReq
2026-08-08 14:06:10.505723 [INFO] evse_manager:Ev  :: EVSE ISO V2G DcCableCheckRes
2026-08-08 14:06:10.556585 [INFO] evse_manager:Ev  ::                                     CAR ISO V2G DcCableCheckReq
2026-08-08 14:06:10.606086 [INFO] evse_manager:Ev  :: EVSE ISO V2G DcCableCheckRes
2026-08-08 14:06:10.656625 [INFO] evse_manager:Ev  ::                                     CAR ISO V2G DcCableCheckReq
2026-08-08 14:06:10.710633 [INFO] evse_manager:Ev  :: EVSE ISO V2G DcCableCheckRes
2026-08-08 14:06:10.802544 [INFO] evse_manager:Ev  ::                                     CAR ISO V2G DcCableCheckReq
2026-08-08 14:06:10.806154 [INFO] evse_manager:Ev  :: EVSE ISO V2G DcCableCheckRes
2026-08-08 14:06:10.862478 [INFO] evse_manager:Ev  ::                                     CAR ISO V2G DcCableCheckReq
2026-08-08 14:06:10.906341 [INFO] evse_manager:Ev  :: EVSE ISO V2G DcCableCheckRes
2026-08-08 14:06:10.956852 [INFO] evse_manager:Ev  ::                                     CAR ISO V2G DcCableCheckReq
2026-08-08 14:06:11.006362 [INFO] evse_manager:Ev  :: EVSE ISO V2G DcCableCheckRes
2026-08-08 14:06:11.056924 [INFO] evse_manager:Ev  ::                                     CAR ISO V2G DcCableCheckReq
2026-08-08 14:06:11.106592 [INFO] evse_manager:Ev  :: EVSE ISO V2G DcCableCheckRes
2026-08-08 14:06:11.157064 [INFO] evse_manager:Ev  ::                                     CAR ISO V2G DcCableCheckReq
2026-08-08 14:06:11.226618 [INFO] evse_manager:Ev  :: EVSE ISO V2G DcCableCheckRes
2026-08-08 14:06:11.270646 [INFO] evse_manager:Ev  ::                                     CAR ISO V2G DcCableCheckReq
2026-08-08 14:06:11.358603 [INFO] evse_manager:Ev  :: EVSE ISO V2G DcCableCheckRes
2026-08-08 14:06:11.359428 [INFO] evse_manager:Ev  ::                                     CAR ISO V2G DcCableCheckReq
2026-08-08 14:06:11.407043 [INFO] evse_manager:Ev  :: EVSE ISO V2G DcCableCheckRes
2026-08-08 14:06:11.460083 [INFO] evse_manager:Ev  ::                                     CAR ISO V2G DcCableCheckReq
2026-08-08 14:06:11.506963 [INFO] evse_manager:Ev  :: EVSE ISO V2G DcCableCheckRes
2026-08-08 14:06:11.559775 [INFO] evse_manager:Ev  ::                                     CAR ISO V2G DcCableCheckReq
2026-08-08 14:06:11.607279 [INFO] evse_manager:Ev  :: EVSE ISO V2G DcCableCheckRes
2026-08-08 14:06:11.659794 [INFO] evse_manager:Ev  ::                                     CAR ISO V2G DcCableCheckReq
2026-08-08 14:06:11.726542 [INFO] evse_manager:Ev  :: EVSE ISO V2G DcCableCheckRes
2026-08-08 14:06:11.771134 [INFO] evse_manager:Ev  ::                                     CAR ISO V2G DcCableCheckReq
2026-08-08 14:06:11.814443 [INFO] evse_manager:Ev  :: EVSE ISO V2G DcCableCheckRes
2026-08-08 14:06:11.815314 [INFO] evse_manager:Ev  ::                                     CAR ISO V2G DcPreChargeReq
2026-08-08 14:06:11.910395 [INFO] evse_manager:Ev  :: EVSE ISO V2G DcPreChargeRes
2026-08-08 14:06:11.910608 [INFO] evse_manager:Ev  ::                                     CAR ISO V2G PowerDeliveryReq
2026-08-08 14:06:12.007405 [INFO] evse_manager:Ev  :: EVSE ISO V2G PowerDeliveryRes
2026-08-08 14:06:12.010235 [INFO] evse_manager:Ev  ::                                     CAR ISO V2G DcChargeLoopReq
2026-08-08 14:06:12.142597 [INFO] evse_manager:Ev  :: EVSE ISO V2G DcChargeLoopRes
2026-08-08 14:06:12.160153 [INFO] evse_manager:Ev  ::                                     CAR ISO V2G DcChargeLoopReq
2026-08-08 14:06:12.214536 [INFO] evse_manager:Ev  :: EVSE ISO V2G DcChargeLoopRes
2026-08-08 14:06:12.263018 [INFO] evse_manager:Ev  ::                                     CAR ISO V2G DcChargeLoopReq
2026-08-08 14:06:12.354630 [INFO] evse_manager:Ev  :: EVSE ISO V2G DcChargeLoopRes
2026-08-08 14:06:12.360980 [INFO] evse_manager:Ev  ::                                     CAR ISO V2G PowerDeliveryReq
2026-08-08 14:06:12.446597 [INFO] evse_manager:Ev  :: EVSE ISO V2G PowerDeliveryRes
2026-08-08 14:06:12.446826 [INFO] evse_manager:Ev  ::                                     CAR ISO V2G DcWeldingDetectionReq
2026-08-08 14:06:12.507984 [INFO] evse_manager:Ev  :: EVSE ISO V2G DcWeldingDetectionRes
2026-08-08 14:06:12.509134 [INFO] evse_manager:Ev  ::                                     CAR ISO V2G SessionStopReq
2026-08-08 14:06:12.608240 [INFO] evse_manager:Ev  :: EVSE ISO V2G SessionStopRes
2026-08-08 14:06:28.398351 [INFO] iso15118_charge  :: Handshake complete!
2026-08-08 14:06:28.398406 [INFO] iso15118_charge  :: Verify certificate result is okay
2026-08-08 14:06:28.414825 [INFO] evse_manager:Ev  ::                                     CAR ISO V2G SupportedAppProtocolReq
2026-08-08 14:06:28.458692 [INFO] evse_manager:Ev  :: EVSE ISO V2G SupportedAppProtocolRes
2026-08-08 14:06:28.477666 [INFO] iso15118_charge  :: Received session setup with evccid: EVCC01
2026-08-08 14:06:28.478002 [INFO] iso15118_charge  :: Old session resumed with session_id: 0x62, 0xA9, 0x8E, 0x15, 0x03, 0x94, 0x9A, 0x9F
2026-08-08 14:06:28.478361 [INFO] evse_manager:Ev  ::                                     CAR ISO V2G SessionSetupReq
2026-08-08 14:06:28.523047 [INFO] evse_manager:Ev  :: EVSE ISO V2G SessionSetupRes
2026-08-08 14:06:28.582560 [INFO] evse_manager:Ev  ::                                     CAR ISO V2G DcChargeParameterDiscoveryReq
2026-08-08 14:06:28.662717 [INFO] evse_manager:Ev  :: EVSE ISO V2G DcChargeParameterDiscoveryRes
2026-08-08 14:06:28.662953 [INFO] evse_manager:Ev  ::                                     CAR ISO V2G ScheduleExchangeReq
2026-08-08 14:06:28.726581 [INFO] evse_manager:Ev  :: EVSE ISO V2G ScheduleExchangeRes
2026-08-08 14:06:28.726911 [INFO] evse_manager:Ev  ::                                     CAR ISO V2G DcCableCheckReq
2026-08-08 14:06:28.832499 [INFO] evse_manager:Ev  :: EVSE ISO V2G DcCableCheckRes
2026-08-08 14:06:28.878524 [INFO] evse_manager:Ev  ::                                     CAR ISO V2G DcCableCheckReq
2026-08-08 14:06:28.915853 [INFO] evse_manager:Ev  :: EVSE ISO V2G DcCableCheckRes
2026-08-08 14:06:28.970699 [INFO] evse_manager:Ev  ::                                     CAR ISO V2G DcCableCheckReq
2026-08-08 14:06:29.015842 [INFO] evse_manager:Ev  :: EVSE ISO V2G DcCableCheckRes
2026-08-08 14:06:29.069039 [INFO] evse_manager:Ev  ::                                     CAR ISO V2G DcCableCheckReq
2026-08-08 14:06:29.115982 [INFO] evse_manager:Ev  :: EVSE ISO V2G DcCableCheckRes
2026-08-08 14:06:29.168822 [INFO] evse_manager:Ev  ::                                     CAR ISO V2G DcCableCheckReq
2026-08-08 14:06:29.246707 [INFO] evse_manager:Ev  :: EVSE ISO V2G DcCableCheckRes
2026-08-08 14:06:29.302550 [INFO] evse_manager:Ev  ::                                     CAR ISO V2G DcCableCheckReq
2026-08-08 14:06:29.316105 [INFO] evse_manager:Ev  :: EVSE ISO V2G DcCableCheckRes
2026-08-08 14:06:29.378490 [INFO] evse_manager:Ev  ::                                     CAR ISO V2G DcCableCheckReq
2026-08-08 14:06:29.416196 [INFO] evse_manager:Ev  :: EVSE ISO V2G DcCableCheckRes
2026-08-08 14:06:29.469159 [INFO] evse_manager:Ev  ::                                     CAR ISO V2G DcCableCheckReq
2026-08-08 14:06:29.516333 [INFO] evse_manager:Ev  :: EVSE ISO V2G DcCableCheckRes
2026-08-08 14:06:29.569271 [INFO] evse_manager:Ev  ::                                     CAR ISO V2G DcCableCheckReq
2026-08-08 14:06:29.616515 [INFO] evse_manager:Ev  :: EVSE ISO V2G DcCableCheckRes
2026-08-08 14:06:29.667362 [INFO] evse_manager:Ev  ::                                     CAR ISO V2G DcCableCheckReq
2026-08-08 14:06:29.746672 [INFO] evse_manager:Ev  :: EVSE ISO V2G DcCableCheckRes
2026-08-08 14:06:29.790731 [INFO] evse_manager:Ev  ::                                     CAR ISO V2G DcCableCheckReq
2026-08-08 14:06:29.882568 [INFO] evse_manager:Ev  :: EVSE ISO V2G DcCableCheckRes
2026-08-08 14:06:29.882786 [INFO] evse_manager:Ev  ::                                     CAR ISO V2G DcCableCheckReq
2026-08-08 14:06:29.926534 [INFO] evse_manager:Ev  :: EVSE ISO V2G DcCableCheckRes
2026-08-08 14:06:29.967850 [INFO] evse_manager:Ev  ::                                     CAR ISO V2G DcCableCheckReq
2026-08-08 14:06:30.016981 [INFO] evse_manager:Ev  :: EVSE ISO V2G DcCableCheckRes
2026-08-08 14:06:30.067849 [INFO] evse_manager:Ev  ::                                     CAR ISO V2G DcCableCheckReq
2026-08-08 14:06:30.117072 [INFO] evse_manager:Ev  :: EVSE ISO V2G DcCableCheckRes
2026-08-08 14:06:30.168105 [INFO] evse_manager:Ev  ::                                     CAR ISO V2G DcCableCheckReq
2026-08-08 14:06:30.246599 [INFO] evse_manager:Ev  :: EVSE ISO V2G DcCableCheckRes
2026-08-08 14:06:30.306601 [INFO] evse_manager:Ev  ::                                     CAR ISO V2G DcCableCheckReq
2026-08-08 14:06:30.317094 [INFO] evse_manager:Ev  :: EVSE ISO V2G DcCableCheckRes
2026-08-08 14:06:30.382507 [INFO] evse_manager:Ev  ::                                     CAR ISO V2G DcCableCheckReq
2026-08-08 14:06:30.417218 [INFO] evse_manager:Ev  :: EVSE ISO V2G DcCableCheckRes
2026-08-08 14:06:30.468154 [INFO] evse_manager:Ev  ::                                     CAR ISO V2G DcCableCheckReq
2026-08-08 14:06:30.517425 [INFO] evse_manager:Ev  :: EVSE ISO V2G DcCableCheckRes
2026-08-08 14:06:30.568142 [INFO] evse_manager:Ev  ::                                     CAR ISO V2G DcCableCheckReq
2026-08-08 14:06:30.617596 [INFO] evse_manager:Ev  :: EVSE ISO V2G DcCableCheckRes
2026-08-08 14:06:30.668692 [INFO] evse_manager:Ev  ::                                     CAR ISO V2G DcCableCheckReq
2026-08-08 14:06:30.746591 [INFO] evse_manager:Ev  :: EVSE ISO V2G DcCableCheckRes
2026-08-08 14:06:30.802517 [INFO] evse_manager:Ev  ::                                     CAR ISO V2G DcCableCheckReq
2026-08-08 14:06:30.817670 [INFO] evse_manager:Ev  :: EVSE ISO V2G DcCableCheckRes
2026-08-08 14:06:30.874607 [INFO] evse_manager:Ev  ::                                     CAR ISO V2G DcCableCheckReq
2026-08-08 14:06:30.918482 [INFO] evse_manager:Ev  :: EVSE ISO V2G DcCableCheckRes
2026-08-08 14:06:30.970578 [INFO] evse_manager:Ev  ::                                     CAR ISO V2G DcCableCheckReq
2026-08-08 14:06:31.017648 [INFO] evse_manager:Ev  :: EVSE ISO V2G DcCableCheckRes
2026-08-08 14:06:31.068467 [INFO] evse_manager:Ev  ::                                     CAR ISO V2G DcCableCheckReq
2026-08-08 14:06:31.117815 [INFO] evse_manager:Ev  :: EVSE ISO V2G DcCableCheckRes
2026-08-08 14:06:31.168717 [INFO] evse_manager:Ev  ::                                     CAR ISO V2G DcCableCheckReq
2026-08-08 14:06:31.246762 [INFO] evse_manager:Ev  :: EVSE ISO V2G DcCableCheckRes
2026-08-08 14:06:31.302643 [INFO] evse_manager:Ev  ::                                     CAR ISO V2G DcCableCheckReq
2026-08-08 14:06:31.318129 [INFO] evse_manager:Ev  :: EVSE ISO V2G DcCableCheckRes
2026-08-08 14:06:31.386522 [INFO] evse_manager:Ev  ::                                     CAR ISO V2G DcCableCheckReq
2026-08-08 14:06:31.418141 [INFO] evse_manager:Ev  :: EVSE ISO V2G DcCableCheckRes
2026-08-08 14:06:31.468564 [INFO] evse_manager:Ev  ::                                     CAR ISO V2G DcCableCheckReq
2026-08-08 14:06:31.518221 [INFO] evse_manager:Ev  :: EVSE ISO V2G DcCableCheckRes
2026-08-08 14:06:31.568952 [INFO] evse_manager:Ev  ::                                     CAR ISO V2G DcCableCheckReq
2026-08-08 14:06:31.618479 [INFO] evse_manager:Ev  :: EVSE ISO V2G DcCableCheckRes
2026-08-08 14:06:31.669188 [INFO] evse_manager:Ev  ::                                     CAR ISO V2G DcCableCheckReq
2026-08-08 14:06:31.750765 [INFO] evse_manager:Ev  :: EVSE ISO V2G DcCableCheckRes
2026-08-08 14:06:31.794708 [INFO] evse_manager:Ev  ::                                     CAR ISO V2G DcCableCheckReq
2026-08-08 14:06:31.818776 [INFO] evse_manager:Ev  :: EVSE ISO V2G DcCableCheckRes
2026-08-08 14:06:31.878711 [INFO] evse_manager:Ev  ::                                     CAR ISO V2G DcCableCheckReq
2026-08-08 14:06:31.926750 [INFO] evse_manager:Ev  :: EVSE ISO V2G DcCableCheckRes
2026-08-08 14:06:31.967807 [INFO] evse_manager:Ev  ::                                     CAR ISO V2G DcCableCheckReq
2026-08-08 14:06:32.026603 [INFO] evse_manager:Ev  :: EVSE ISO V2G DcCableCheckRes
2026-08-08 14:06:32.071901 [INFO] evse_manager:Ev  ::                                     CAR ISO V2G DcCableCheckReq
2026-08-08 14:06:32.119051 [INFO] evse_manager:Ev  :: EVSE ISO V2G DcCableCheckRes
2026-08-08 14:06:32.172364 [INFO] evse_manager:Ev  ::                                     CAR ISO V2G DcCableCheckReq
2026-08-08 14:06:32.246741 [INFO] evse_manager:Ev  :: EVSE ISO V2G DcCableCheckRes
2026-08-08 14:06:32.298704 [INFO] evse_manager:Ev  ::                                     CAR ISO V2G DcCableCheckReq
2026-08-08 14:06:32.342646 [INFO] evse_manager:Ev  :: EVSE ISO V2G DcCableCheckRes
2026-08-08 14:06:32.386602 [INFO] evse_manager:Ev  ::                                     CAR ISO V2G DcCableCheckReq
2026-08-08 14:06:32.430639 [INFO] evse_manager:Ev  :: EVSE ISO V2G DcCableCheckRes
2026-08-08 14:06:32.472035 [INFO] evse_manager:Ev  ::                                     CAR ISO V2G DcCableCheckReq
2026-08-08 14:06:32.519349 [INFO] evse_manager:Ev  :: EVSE ISO V2G DcCableCheckRes
2026-08-08 14:06:32.572201 [INFO] evse_manager:Ev  ::                                     CAR ISO V2G DcCableCheckReq
2026-08-08 14:06:32.619355 [INFO] evse_manager:Ev  :: EVSE ISO V2G DcCableCheckRes
2026-08-08 14:06:32.672245 [INFO] evse_manager:Ev  ::                                     CAR ISO V2G DcCableCheckReq
2026-08-08 14:06:32.746707 [INFO] evse_manager:Ev  :: EVSE ISO V2G DcCableCheckRes
2026-08-08 14:06:32.806724 [INFO] evse_manager:Ev  ::                                     CAR ISO V2G DcCableCheckReq
2026-08-08 14:06:32.819554 [INFO] evse_manager:Ev  :: EVSE ISO V2G DcCableCheckRes
2026-08-08 14:06:32.820094 [INFO] evse_manager:Ev  ::                                     CAR ISO V2G DcPreChargeReq
2026-08-08 14:06:32.926582 [INFO] evse_manager:Ev  :: EVSE ISO V2G DcPreChargeRes
2026-08-08 14:06:32.926941 [INFO] evse_manager:Ev  ::                                     CAR ISO V2G PowerDeliveryReq
2026-08-08 14:06:33.019930 [INFO] evse_manager:Ev  :: EVSE ISO V2G PowerDeliveryRes
2026-08-08 14:06:33.023487 [INFO] evse_manager:Ev  ::                                     CAR ISO V2G DcChargeLoopReq
2026-08-08 14:06:33.140253 [INFO] evse_manager:Ev  :: EVSE ISO V2G DcChargeLoopRes
2026-08-08 14:06:33.182583 [INFO] evse_manager:Ev  ::                                     CAR ISO V2G DcChargeLoopReq
2026-08-08 14:06:33.274657 [INFO] evse_manager:Ev  :: EVSE ISO V2G DcChargeLoopRes
2026-08-08 14:06:33.274836 [INFO] evse_manager:Ev  ::                                     CAR ISO V2G DcChargeLoopReq
2026-08-08 14:06:33.322821 [INFO] evse_manager:Ev  :: EVSE ISO V2G DcChargeLoopRes
2026-08-08 14:06:33.410652 [INFO] evse_manager:Ev  ::                                     CAR ISO V2G PowerDeliveryReq
2026-08-08 14:06:33.458617 [INFO] evse_manager:Ev  :: EVSE ISO V2G PowerDeliveryRes
2026-08-08 14:06:33.458898 [INFO] evse_manager:Ev  ::                                     CAR ISO V2G DcWeldingDetectionReq
2026-08-08 14:06:33.520341 [INFO] evse_manager:Ev  :: EVSE ISO V2G DcWeldingDetectionRes
2026-08-08 14:06:33.521446 [INFO] evse_manager:Ev  ::                                     CAR ISO V2G SessionStopReq
2026-08-08 14:06:33.620442 [INFO] evse_manager:Ev  :: EVSE ISO V2G SessionStopRes
