2026-08-10 22:56:13.966412 [INFO] manager          ::   ________      __                _   
2026-08-10 22:56:13.966581 [INFO] manager          ::  |  ____\ \    / /               | |
2026-08-10 22:56:13.966590 [INFO] manager          ::  | |__   \ \  / /__ _ __ ___  ___| |_
2026-08-10 22:56:13.966596 [INFO] manager          ::  |  __|   \ \/ / _ \ '__/ _ \/ __| __|
2026-08-10 22:56:13.966601 [INFO] manager          ::  | |____   \  /  __/ | |  __/\__ \ |_
2026-08-10 22:56:13.966606 [INFO] manager          ::  |______|   \/ \___|_|  \___||___/\__|
2026-08-10 22:56:13.966612 [INFO] manager          :: 
2026-08-10 22:56:13.966617 [INFO] manager          :: everest-framework 0.25.0-dev 2026.02.1
2026-08-10 22:56:13.966623 [INFO] manager          :: everest-core 2026.02.1-dev 2026.02.1
2026-08-10 22:56:13.966629 [INFO] manager          :: 
2026-08-10 22:56:13.966635 [INFO] manager          :: Using MQTT broker localhost:1883
2026-08-10 22:56:13.993245 [INFO] manager          :: Boot mode is set to YamlFile, loading module configs from YAML file
2026-08-10 22:56:13.993301 [INFO] manager          :: Loading config file at: /home/ahzf/everest/configs-ours/config-reneg-reverse-ours.yaml
2026-08-10 22:56:14.120798 [INFO] manager          :: Config loading completed in 154ms
2026-08-10 22:56:14.122836 [INFO] manager          :: Starting 18 modules
2026-08-10 22:56:16.370426 [INFO] energy_manager:  :: Module energy_manager initialized [2220ms]
2026-08-10 22:56:16.370939 [INFO] grid_connection  :: Module grid_connection_point initialized [2214ms]
2026-08-10 22:56:16.372475 [INFO] error_history:E  :: Using database at "/tmp/error_history.db"
2026-08-10 22:56:16.372605 [INFO] error_history:E  :: Checking database
2026-08-10 22:56:16.373438 [INFO] imd:IMDSimulato  :: Module imd initialized [2216ms]
2026-08-10 22:56:16.373939 [INFO] error_history:E  :: Module error_history initialized [2223ms]
2026-08-10 22:56:16.373936 [INFO] api_sink:Energy  :: Module api_sink initialized [2228ms]
2026-08-10 22:56:16.377643 [INFO] ev_manager:EvMa  :: Module ev_manager initialized [2224ms]
2026-08-10 22:56:16.378529 [INFO] iso15118_charge  :: Module iso15118_charger initialized [2216ms]
2026-08-10 22:56:16.378572 [INFO] auth:Auth        :: Module auth initialized [2229ms]
2026-08-10 22:56:16.378817 [INFO] powersupply_dc:  :: Module powersupply_dc initialized [2216ms]
2026-08-10 22:56:16.383797 [INFO] evse_security:E  :: Module evse_security initialized [2225ms]
2026-08-10 22:56:16.383957 [INFO] api:API          :: Module api initialized [2237ms]
2026-08-10 22:56:16.384224 [INFO] yeti_driver:Yet  :: Module yeti_driver initialized [2216ms]
2026-08-10 22:56:16.384861 [INFO] token_validator  :: Module token_validator initialized [2216ms]
2026-08-10 22:56:16.385188 [INFO] token_provider:  :: Module token_provider initialized [2219ms]
2026-08-10 22:56:16.389666 [INFO] evse_manager:Ev  :: Module evse_manager initialized [2233ms]
2026-08-10 22:56:16.415655 [INFO] ev_api:EvAPI     :: Module ev_api initialized [2262ms]2026-08-10 22:56:16.415659 [INFO] slac:SlacSimula  :: Module slac initialized [2251ms]
2026-08-10 22:56:16.777238 [INFO] iso15118_car     :: Module iso15118_car initialized [2213ms]
2026-08-10 22:56:16.777966 [INFO] manager          :: Clearing retained topics published by manager during startup
2026-08-10 22:56:16.779286 [INFO] manager          :: 🚙🚙🚙 All modules are initialized. EVerest up and running [2818ms] 🚙🚙🚙
2026-08-10 22:56:16.926989 [WARN] auth:Auth       void module::ReservationHandler::load_reservations() :: Can not load reservations because no storage was configured.
2026-08-10 22:56:17.325834 [INFO] evse_manager:Ev  :: Ignoring BSP Event, BSP is not enabled yet.
2026-08-10 22:56:17.382490 [INFO] evse_security:E  :: Requesting leaf certificate info: V2G
2026-08-10 22:56:17.386645 [INFO] evse_security:E  :: Found valid leaf: ["/home/ahzf/everest/dist/etc/everest/certs/client/cso/CPO_CERT_CHAIN.pem"]
2026-08-10 22:56:17.386713 [INFO] evse_security:E  :: Not requiring all valid leafs, returning
2026-08-10 22:56:17.474284 [INFO] evse_security:E  :: Requesting certificate file: [V2G] file:"/home/ahzf/everest/dist/etc/everest/certs/ca/v2g/V2G_ROOT_CA.pem"
2026-08-10 22:56:17.521931 [INFO] evse_security:E  :: Requesting certificate file: [MO] file:"/home/ahzf/everest/dist/etc/everest/certs/ca/mo/MO_ROOT_CA.pem"
2026-08-10 22:56:17.561884 [INFO] iso15118_charge  :: Using ethernet interface: lo
2026-08-10 22:56:17.561977 [INFO] iso15118_charge  :: Starting SDP server with address: ::
2026-08-10 22:56:17.973740 [INFO] evse_manager:Ev  :: Cleaning up any other transaction on start up
2026-08-10 22:56:18.106862 [INFO] evse_manager:Ev  :: 🌀🌀🌀 Ready to start charging 🌀🌀🌀
2026-08-10 22:56:21.191449 [INFO] evse_manager:Ev  :: SYS  Session logging started.
2026-08-10 22:56:21.191602 [INFO] evse_manager:Ev  :: EVSE IEC Session Started: EVConnected
2026-08-10 22:56:21.192734 [INFO] auth:Auth        :: Plug In event for evse#1, starting auth
2026-08-10 22:56:21.192811 [INFO] token_provider:  :: Publishing new dummy token: {
    "authorization_type": "RFID",
    "id_token": {
        "type": "ISO14443",
        "value": "[redacted] hash: CE55F71752B68164"
    },
    "parent_id_token": {
        "type": "ISO14443",
        "value": "[redacted] hash: CE55F71752B68164"
    }
}
2026-08-10 22:56:21.193738 [INFO] auth:Auth        :: Received new token: {
    "authorization_type": "RFID",
    "id_token": {
        "type": "ISO14443",
        "value": "[redacted] hash: CE55F71752B68164"
    },
    "parent_id_token": {
        "type": "ISO14443",
        "value": "[redacted] hash: CE55F71752B68164"
    }
}
2026-08-10 22:56:21.194993 [INFO] token_validator  :: Got validation request for token: [redacted] hash: CE55F71752B68164
2026-08-10 22:56:21.445244 [INFO] token_validator  :: Returning validation status: Accepted
2026-08-10 22:56:21.446409 [INFO] auth:Auth        :: Providing authorization to evse#1
2026-08-10 22:56:21.692476 [INFO] evse_manager:Ev  :: EVSE IEC Set PWM On (5.0%) took 0 ms
2026-08-10 22:56:21.838041 [INFO] evse_manager:Ev  :: EVSE IEC EIM Authorization received
2026-08-10 22:56:21.838957 [INFO] auth:Auth        :: Result for token: [redacted] hash: CE55F71752B68164: USED_TO_START_TRANSACTION
2026-08-10 22:56:21.882643 [INFO] evse_manager:Ev  :: EVSE IEC Transaction Started (0 kWh)
2026-08-10 22:56:21.883120 [INFO] evse_manager:Ev  :: EVSE IEC DC mode. We are in 5percent mode so we can continue without further action.
2026-08-10 22:56:21.883270 [INFO] evse_manager:Ev  :: EVSE IEC Charger state: Wait for Auth->PrepareCharging
2026-08-10 22:56:23.357725 [INFO] evse_manager:Ev  :: EVSE ISO SLAC MATCHED
2026-08-10 22:56:23.357759 [INFO] evse_manager:Ev  :: EVSE ISO D-LINK_READY (true)
2026-08-10 22:56:23.569692 [WARN] iso15118_car    pybind11_init_everestpy(pybind11::module_&)::<lambda(const std::string&)> :: The port 15118 does not match the mandatory UDP server port 15118.
2026-08-10 22:56:29.087847 [INFO] evse_manager:Ev  ::                                     CAR IEC Event CarRequestedPower
2026-08-10 22:56:40.201083 [ERRO] iso15118_car    pybind11_init_everestpy(pybind11::module_&)::<lambda(const std::string&)> :: EVCC tried to initiate a V2GCommunicationSession, but maximum number of SDP retry cycles (1) is now reached. Shutting down high-level communication. Unplug and plug in the cable again if you want to start anew.
Traceback (most recent call last):
  File "/home/ahzf/everest/dist/libexec/everest/modules/PyEvJosev/../../3rd_party/josev/iso15118/evcc/comm_session_handler.py", line 584, in get_from_rcv_queue
    await self.restart_sdp(True)
  File "/home/ahzf/everest/dist/libexec/everest/modules/PyEvJosev/../../3rd_party/josev/iso15118/evcc/comm_session_handler.py", line 401, in restart_sdp
    raise SDPFailedError(
    ...<3 lines>...
    )
iso15118.shared.exceptions.SDPFailedError: EVCC tried to initiate a V2GCommunicationSession, but maximum number of SDP retry cycles (1) is now reached. Shutting down high-level communication. Unplug and plug in the cable again if you want to start anew.
