2026-08-10 17:48:06.579135 [INFO] manager          ::   ________      __                _   
2026-08-10 17:48:06.579345 [INFO] manager          ::  |  ____\ \    / /               | |
2026-08-10 17:48:06.579354 [INFO] manager          ::  | |__   \ \  / /__ _ __ ___  ___| |_
2026-08-10 17:48:06.579360 [INFO] manager          ::  |  __|   \ \/ / _ \ '__/ _ \/ __| __|
2026-08-10 17:48:06.579366 [INFO] manager          ::  | |____   \  /  __/ | |  __/\__ \ |_
2026-08-10 17:48:06.579372 [INFO] manager          ::  |______|   \/ \___|_|  \___||___/\__|
2026-08-10 17:48:06.579377 [INFO] manager          :: 
2026-08-10 17:48:06.579383 [INFO] manager          :: everest-framework 0.25.0-dev 2026.02.1
2026-08-10 17:48:06.579389 [INFO] manager          :: everest-core 2026.02.1-dev 2026.02.1
2026-08-10 17:48:06.579395 [INFO] manager          :: 
2026-08-10 17:48:06.579401 [INFO] manager          :: Using MQTT broker localhost:1883
2026-08-10 17:48:06.600757 [INFO] manager          :: Boot mode is set to YamlFile, loading module configs from YAML file
2026-08-10 17:48:06.600817 [INFO] manager          :: Loading config file at: /home/ahzf/everest/configs-ours/config-d20-ours.yaml
2026-08-10 17:48:06.730600 [INFO] manager          :: Config loading completed in 151ms
2026-08-10 17:48:06.733002 [INFO] manager          :: Starting 18 modules
2026-08-10 17:48:08.979102 [INFO] energy_manager:  :: Module energy_manager initialized [2218ms]
2026-08-10 17:48:08.982244 [INFO] api_sink:Energy  :: Module api_sink initialized [2224ms]
2026-08-10 17:48:08.983394 [INFO] auth:Auth        :: Module auth initialized [2223ms]
2026-08-10 17:48:08.983993 [INFO] api:API          :: Module api initialized [2226ms]
2026-08-10 17:48:08.992123 [INFO] token_provider:  :: Module token_provider initialized [2214ms]
2026-08-10 17:48:08.992956 [INFO] yeti_driver:Yet  :: Module yeti_driver initialized [2214ms]
2026-08-10 17:48:09.024168 [INFO] imd:IMDSimulato  :: Module imd initialized [2254ms]
2026-08-10 17:48:09.025772 [INFO] ev_api:EvAPI     :: Module ev_api initialized [2262ms]2026-08-10 17:48:09.025826 [INFO] powersupply_dc:  :: Module powersupply_dc initialized [2251ms]

2026-08-10 17:48:09.026417 [INFO] error_history:E  :: Using database at "/tmp/error_history.db"
2026-08-10 17:48:09.026610 [INFO] error_history:E  :: Checking database
2026-08-10 17:48:09.026939 [INFO] grid_connection  :: Module grid_connection_point initialized [2257ms]
2026-08-10 17:48:09.027871 [INFO] error_history:E  :: Module error_history initialized [2265ms]
2026-08-10 17:48:09.028617 [INFO] slac:SlacSimula  :: Module slac initialized [2254ms]
2026-08-10 17:48:09.029281 [INFO] ev_manager:EvMa  :: Module ev_manager initialized [2263ms]
2026-08-10 17:48:09.029536 [INFO] evse_security:E  :: Module evse_security initialized [2259ms]
2026-08-10 17:48:09.030438 [INFO] iso15118_charge  :: Module iso15118_charger initialized [2255ms]
2026-08-10 17:48:09.042304 [INFO] evse_manager:Ev  :: Module evse_manager initialized [2273ms]
2026-08-10 17:48:09.071225 [INFO] token_validator  :: Module token_validator initialized [2293ms]
2026-08-10 17:48:09.386836 [INFO] iso15118_car     :: Module iso15118_car initialized [2214ms]
2026-08-10 17:48:09.387624 [INFO] manager          :: Clearing retained topics published by manager during startup
2026-08-10 17:48:09.389345 [INFO] manager          :: 🚙🚙🚙 All modules are initialized. EVerest up and running [2815ms] 🚙🚙🚙
2026-08-10 17:48:09.535103 [WARN] auth:Auth       void module::ReservationHandler::load_reservations() :: Can not load reservations because no storage was configured.
2026-08-10 17:48:09.901760 [INFO] evse_manager:Ev  :: Ignoring BSP Event, BSP is not enabled yet.
2026-08-10 17:48:10.034324 [INFO] evse_security:E  :: Requesting leaf certificate info: V2G
2026-08-10 17:48:10.038382 [INFO] evse_security:E  :: Found valid leaf: ["/home/ahzf/everest/dist/etc/everest/certs/client/cso/CPO_CERT_CHAIN.pem"]
2026-08-10 17:48:10.038494 [INFO] evse_security:E  :: Not requiring all valid leafs, returning
2026-08-10 17:48:10.126590 [INFO] evse_security:E  :: Requesting certificate file: [V2G] file:"/home/ahzf/everest/dist/etc/everest/certs/ca/v2g/V2G_ROOT_CA.pem"
2026-08-10 17:48:10.175173 [INFO] evse_security:E  :: Requesting certificate file: [MO] file:"/home/ahzf/everest/dist/etc/everest/certs/ca/mo/MO_ROOT_CA.pem"
2026-08-10 17:48:10.218618 [INFO] iso15118_charge  :: Using ethernet interface: eth0
2026-08-10 17:48:10.218845 [INFO] iso15118_charge  :: Starting SDP server with address: ::
2026-08-10 17:48:10.622139 [INFO] evse_manager:Ev  :: Cleaning up any other transaction on start up
2026-08-10 17:48:10.755124 [INFO] evse_manager:Ev  :: 🌀🌀🌀 Ready to start charging 🌀🌀🌀
2026-08-10 17:48:13.595796 [INFO] iso15118_charge  :: Got SDP request from fe80::215:5dff:fe6b:3d4%eth0
2026-08-10 17:48:13.596425 [INFO] iso15118_charge  :: Created logfile at: /home/ahzf/everest/./260810_15-48-13.yaml
2026-08-10 17:48:34.147293 [INFO] iso15118_charge  :: Incoming connection from [fe80::215:5dff:fe6b:3d4%eth0]:41074
