2026-08-10 17:51:16.654571 [INFO] manager          ::   ________      __                _   
2026-08-10 17:51:16.654801 [INFO] manager          ::  |  ____\ \    / /               | |
2026-08-10 17:51:16.654816 [INFO] manager          ::  | |__   \ \  / /__ _ __ ___  ___| |_
2026-08-10 17:51:16.654824 [INFO] manager          ::  |  __|   \ \/ / _ \ '__/ _ \/ __| __|
2026-08-10 17:51:16.654830 [INFO] manager          ::  | |____   \  /  __/ | |  __/\__ \ |_
2026-08-10 17:51:16.654836 [INFO] manager          ::  |______|   \/ \___|_|  \___||___/\__|
2026-08-10 17:51:16.654841 [INFO] manager          :: 
2026-08-10 17:51:16.654847 [INFO] manager          :: everest-framework 0.25.0-dev 2026.02.1
2026-08-10 17:51:16.654853 [INFO] manager          :: everest-core 2026.02.1-dev 2026.02.1
2026-08-10 17:51:16.654865 [INFO] manager          :: 
2026-08-10 17:51:16.654873 [INFO] manager          :: Using MQTT broker localhost:1883
2026-08-10 17:51:16.678408 [INFO] manager          :: Boot mode is set to YamlFile, loading module configs from YAML file
2026-08-10 17:51:16.678463 [INFO] manager          :: Loading config file at: /home/ahzf/everest/configs-ours/config-d20-ours.yaml
2026-08-10 17:51:16.804832 [INFO] manager          :: Config loading completed in 149ms
2026-08-10 17:51:16.807282 [INFO] manager          :: Starting 18 modules
2026-08-10 17:51:19.035106 [INFO] api_sink:Energy  :: Module api_sink initialized [2202ms]
2026-08-10 17:51:19.080697 [INFO] energy_manager:  :: Module energy_manager initialized [2246ms]
2026-08-10 17:51:19.081077 [INFO] ev_api:EvAPI     :: Module ev_api initialized [2242ms]
2026-08-10 17:51:19.081296 [INFO] powersupply_dc:  :: Module powersupply_dc initialized [2231ms]
2026-08-10 17:51:19.081701 [INFO] grid_connection  :: Module grid_connection_point initialized [2237ms]
2026-08-10 17:51:19.082119 [INFO] evse_security:E  :: Module evse_security initialized [2237ms]
2026-08-10 17:51:19.084174 [INFO] token_validator  :: Module token_validator initialized [2227ms]
2026-08-10 17:51:19.084415 [INFO] iso15118_charge  :: Module iso15118_charger initialized [2234ms]
2026-08-10 17:51:19.084735 [INFO] api:API          :: Module api initialized [2252ms]
2026-08-10 17:51:19.085202 [INFO] slac:SlacSimula  :: Module slac initialized [2235ms]
2026-08-10 17:51:19.086639 [INFO] token_provider:  :: Module token_provider initialized [2231ms]
2026-08-10 17:51:19.089783 [INFO] yeti_driver:Yet  :: Module yeti_driver initialized [2235ms]
2026-08-10 17:51:19.091890 [INFO] imd:IMDSimulato  :: Module imd initialized [2247ms]
2026-08-10 17:51:19.092348 [INFO] ev_manager:EvMa  :: Module ev_manager initialized [2253ms]
2026-08-10 17:51:19.093360 [INFO] error_history:E  :: Using database at "/tmp/error_history.db"
2026-08-10 17:51:19.093487 [INFO] error_history:E  :: Checking database
2026-08-10 17:51:19.094299 [INFO] error_history:E  :: Module error_history initialized [2260ms]
2026-08-10 17:51:19.095739 [INFO] auth:Auth        :: Module auth initialized [2261ms]
2026-08-10 17:51:19.096811 [INFO] evse_manager:Ev  :: Module evse_manager initialized [2252ms]
2026-08-10 17:51:19.460973 [INFO] iso15118_car     :: Module iso15118_car initialized [2212ms]
2026-08-10 17:51:19.461830 [INFO] manager          :: Clearing retained topics published by manager during startup
2026-08-10 17:51:19.463608 [INFO] manager          :: 🚙🚙🚙 All modules are initialized. EVerest up and running [2815ms] 🚙🚙🚙
2026-08-10 17:51:19.611229 [WARN] auth:Auth       void module::ReservationHandler::load_reservations() :: Can not load reservations because no storage was configured.
2026-08-10 17:51:19.977915 [INFO] evse_manager:Ev  :: Ignoring BSP Event, BSP is not enabled yet.
2026-08-10 17:51:20.066332 [INFO] evse_security:E  :: Requesting leaf certificate info: V2G
2026-08-10 17:51:20.070981 [INFO] evse_security:E  :: Found valid leaf: ["/home/ahzf/everest/dist/etc/everest/certs/client/cso/CPO_CERT_CHAIN.pem"]
2026-08-10 17:51:20.071110 [INFO] evse_security:E  :: Not requiring all valid leafs, returning
2026-08-10 17:51:20.114056 [INFO] evse_security:E  :: Requesting certificate file: [V2G] file:"/home/ahzf/everest/dist/etc/everest/certs/ca/v2g/V2G_ROOT_CA.pem"
2026-08-10 17:51:20.157992 [INFO] evse_security:E  :: Requesting certificate file: [MO] file:"/home/ahzf/everest/dist/etc/everest/certs/ca/mo/MO_ROOT_CA.pem"
2026-08-10 17:51:20.202059 [INFO] iso15118_charge  :: Using ethernet interface: eth0
2026-08-10 17:51:20.202143 [INFO] iso15118_charge  :: Starting SDP server with address: ::
2026-08-10 17:51:20.673883 [INFO] evse_manager:Ev  :: Cleaning up any other transaction on start up
2026-08-10 17:51:20.807122 [INFO] evse_manager:Ev  :: 🌀🌀🌀 Ready to start charging 🌀🌀🌀
2026-08-10 17:51:24.021920 [INFO] ev_manager:EvMa  :: Finished simulation.
2026-08-10 17:51:30.739677 [INFO] evse_manager:Ev  :: SYS  Session logging started.
2026-08-10 17:51:30.739836 [INFO] evse_manager:Ev  :: EVSE IEC Session Started: EVConnected
2026-08-10 17:51:30.740985 [INFO] auth:Auth        :: Plug In event for evse#1, starting auth
2026-08-10 17:51:30.741127 [INFO] token_provider:  :: Publishing new dummy token: {
    "authorization_type": "RFID",
    "id_token": {
        "type": "ISO14443",
        "value": "[redacted] hash: CE55F71752B68164"
    },
    "parent_id_token": {
        "type": "ISO14443",
        "value": "[redacted] hash: CE55F71752B68164"
    }
}
2026-08-10 17:51:30.742221 [INFO] auth:Auth        :: Received new token: {
    "authorization_type": "RFID",
    "id_token": {
        "type": "ISO14443",
        "value": "[redacted] hash: CE55F71752B68164"
    },
    "parent_id_token": {
        "type": "ISO14443",
        "value": "[redacted] hash: CE55F71752B68164"
    }
}
2026-08-10 17:51:30.743620 [INFO] token_validator  :: Got validation request for token: [redacted] hash: CE55F71752B68164
2026-08-10 17:51:30.993856 [INFO] token_validator  :: Returning validation status: Accepted
2026-08-10 17:51:30.995042 [INFO] auth:Auth        :: Providing authorization to evse#1
2026-08-10 17:51:31.240672 [INFO] evse_manager:Ev  :: EVSE IEC Set PWM On (5.0%) took 0 ms
2026-08-10 17:51:31.386159 [INFO] evse_manager:Ev  :: EVSE IEC EIM Authorization received
2026-08-10 17:51:31.387339 [INFO] auth:Auth        :: Result for token: [redacted] hash: CE55F71752B68164: USED_TO_START_TRANSACTION
2026-08-10 17:51:31.434638 [INFO] evse_manager:Ev  :: EVSE IEC Transaction Started (0 kWh)
2026-08-10 17:51:31.435042 [INFO] evse_manager:Ev  :: EVSE IEC DC mode. We are in 5percent mode so we can continue without further action.
2026-08-10 17:51:31.435106 [INFO] evse_manager:Ev  :: EVSE IEC Charger state: Wait for Auth->PrepareCharging
2026-08-10 17:51:32.761892 [INFO] evse_manager:Ev  :: EVSE ISO D-LINK_READY (true)
2026-08-10 17:51:32.761892 [INFO] evse_manager:Ev  :: EVSE ISO SLAC MATCHED
2026-08-10 17:51:33.529764 [INFO] evse_manager:Ev  ::                                     CAR IEC Event CarRequestedPower
2026-08-10 17:51:33.692989 [INFO] iso15118_charge  :: Got SDP request from fe80::215:5dff:fe6b:3d4%eth0
2026-08-10 17:51:33.693426 [INFO] iso15118_charge  :: Created logfile at: /home/ahzf/everest/./260810_15-51-33.yaml
2026-08-10 17:51:56.037423 [INFO] iso15118_charge  :: Incoming connection from [fe80::215:5dff:fe6b:3d4%eth0]:49890
2026-08-10 17:51:56.047172 [INFO] evse_manager:Ev  ::                                     CAR ISO V2G SupportedAppProtocolReq
2026-08-10 17:51:56.057236 [INFO] iso15118_charge  :: Received session setup with evccid: EVCC01
2026-08-10 17:51:56.057615 [INFO] iso15118_charge  :: New session created with session_id: 0xA0, 0xF3, 0xF5, 0xD2, 0x91, 0xE4, 0x15, 0xDF
2026-08-10 17:51:56.090013 [INFO] evse_manager:Ev  :: EVSE ISO V2G SupportedAppProtocolRes
2026-08-10 17:51:56.090326 [INFO] evse_manager:Ev  ::                                     CAR ISO V2G SessionSetupReq
2026-08-10 17:51:56.154546 [INFO] iso15118_charge  :: Timestamp: 1786377116
2026-08-10 17:51:56.177799 [INFO] evse_manager:Ev  :: EVSE ISO V2G SessionSetupRes
2026-08-10 17:51:56.178015 [INFO] evse_manager:Ev  ::                                     CAR ISO V2G AuthorizationSetupReq
2026-08-10 17:51:56.293818 [INFO] evse_manager:Ev  :: EVSE ISO V2G AuthorizationSetupRes
2026-08-10 17:51:56.294097 [INFO] evse_manager:Ev  ::                                     CAR ISO V2G AuthorizationReq
2026-08-10 17:51:56.347803 [INFO] evse_manager:Ev  :: EVSE ISO V2G AuthorizationRes
2026-08-10 17:51:56.348615 [INFO] evse_manager:Ev  ::                                     CAR ISO V2G ServiceDiscoveryReq
2026-08-10 17:51:56.447883 [INFO] evse_manager:Ev  :: EVSE ISO V2G ServiceDiscoveryRes
