2026-08-10 17:47:35.463662 [INFO] manager          ::   ________      __                _   
2026-08-10 17:47:35.463901 [INFO] manager          ::  |  ____\ \    / /               | |
2026-08-10 17:47:35.463920 [INFO] manager          ::  | |__   \ \  / /__ _ __ ___  ___| |_
2026-08-10 17:47:35.463929 [INFO] manager          ::  |  __|   \ \/ / _ \ '__/ _ \/ __| __|
2026-08-10 17:47:35.463940 [INFO] manager          ::  | |____   \  /  __/ | |  __/\__ \ |_
2026-08-10 17:47:35.463949 [INFO] manager          ::  |______|   \/ \___|_|  \___||___/\__|
2026-08-10 17:47:35.463960 [INFO] manager          :: 
2026-08-10 17:47:35.463969 [INFO] manager          :: everest-framework 0.25.0-dev 2026.02.1
2026-08-10 17:47:35.463978 [INFO] manager          :: everest-core 2026.02.1-dev 2026.02.1
2026-08-10 17:47:35.463988 [INFO] manager          :: 
2026-08-10 17:47:35.463997 [INFO] manager          :: Using MQTT broker localhost:1883
2026-08-10 17:47:35.487401 [INFO] manager          :: Boot mode is set to YamlFile, loading module configs from YAML file
2026-08-10 17:47:35.487471 [INFO] manager          :: Loading config file at: /home/ahzf/everest/configs-ours/config-d20-ours.yaml
2026-08-10 17:47:35.629525 [INFO] manager          :: Config loading completed in 165ms
2026-08-10 17:47:35.632113 [INFO] manager          :: Starting 18 modules
2026-08-10 17:47:37.884917 [INFO] imd:IMDSimulato  :: Module imd initialized [2213ms]2026-08-10 17:47:37.884871 [INFO] energy_manager:  :: Module energy_manager initialized [2224ms]

2026-08-10 17:47:37.885104 [INFO] ev_api:EvAPI     :: Module ev_api initialized [2219ms]
2026-08-10 17:47:37.887167 [INFO] grid_connection  :: Module grid_connection_point initialized [2217ms]
2026-08-10 17:47:37.887512 [INFO] ev_manager:EvMa  :: Module ev_manager initialized [2222ms]
2026-08-10 17:47:37.887973 [INFO] evse_security:E  :: Module evse_security initialized [2218ms]
2026-08-10 17:47:37.888820 [INFO] error_history:E  :: Using database at "/tmp/error_history.db"
2026-08-10 17:47:37.888956 [INFO] error_history:E  :: Checking database
2026-08-10 17:47:37.889946 [INFO] error_history:E  :: Module error_history initialized [2228ms]
2026-08-10 17:47:37.889766 [INFO] api_sink:Energy  :: Module api_sink initialized [2228ms]
2026-08-10 17:47:37.890385 [INFO] api:API          :: Module api initialized [2232ms]
2026-08-10 17:47:37.906671 [INFO] token_validator  :: Module token_validator initialized [2222ms]
2026-08-10 17:47:37.907673 [INFO] powersupply_dc:  :: Module powersupply_dc initialized [2227ms]
2026-08-10 17:47:37.908894 [INFO] slac:SlacSimula  :: Module slac initialized [2231ms]
2026-08-10 17:47:37.909651 [INFO] token_provider:  :: Module token_provider initialized [2226ms]
2026-08-10 17:47:37.911127 [INFO] iso15118_charge  :: Module iso15118_charger initialized [2233ms]
2026-08-10 17:47:37.911376 [INFO] yeti_driver:Yet  :: Module yeti_driver initialized [2228ms]
2026-08-10 17:47:37.936458 [INFO] auth:Auth        :: Module auth initialized [2276ms]
2026-08-10 17:47:37.948484 [INFO] evse_manager:Ev  :: Module evse_manager initialized [2278ms]
2026-08-10 17:47:38.314732 [INFO] iso15118_car     :: Module iso15118_car initialized [2222ms]
2026-08-10 17:47:38.361916 [INFO] manager          :: Clearing retained topics published by manager during startup
2026-08-10 17:47:38.363388 [INFO] manager          :: 🚙🚙🚙 All modules are initialized. EVerest up and running [2906ms] 🚙🚙🚙
2026-08-10 17:47:38.511318 [WARN] auth:Auth       void module::ReservationHandler::load_reservations() :: Can not load reservations because no storage was configured.
2026-08-10 17:47:38.873802 [INFO] evse_manager:Ev  :: Ignoring BSP Event, BSP is not enabled yet.
2026-08-10 17:47:38.966830 [INFO] evse_security:E  :: Requesting leaf certificate info: V2G
2026-08-10 17:47:38.970132 [INFO] evse_security:E  :: Found valid leaf: ["/home/ahzf/everest/dist/etc/everest/certs/client/cso/CPO_CERT_CHAIN.pem"]
2026-08-10 17:47:38.970211 [INFO] evse_security:E  :: Not requiring all valid leafs, returning
2026-08-10 17:47:39.014184 [INFO] evse_security:E  :: Requesting certificate file: [V2G] file:"/home/ahzf/everest/dist/etc/everest/certs/ca/v2g/V2G_ROOT_CA.pem"
2026-08-10 17:47:39.058056 [INFO] evse_security:E  :: Requesting certificate file: [MO] file:"/home/ahzf/everest/dist/etc/everest/certs/ca/mo/MO_ROOT_CA.pem"
2026-08-10 17:47:39.098162 [INFO] iso15118_charge  :: Using ethernet interface: eth0
2026-08-10 17:47:39.098242 [INFO] iso15118_charge  :: Starting SDP server with address: ::
2026-08-10 17:47:39.561795 [INFO] evse_manager:Ev  :: Cleaning up any other transaction on start up
2026-08-10 17:47:39.694669 [INFO] evse_manager:Ev  :: 🌀🌀🌀 Ready to start charging 🌀🌀🌀
2026-08-10 17:47:42.474315 [INFO] iso15118_charge  :: Got SDP request from fe80::215:5dff:fe6b:3d4%eth0
2026-08-10 17:47:42.474666 [INFO] iso15118_charge  :: Created logfile at: /home/ahzf/everest/./260810_15-47-42.yaml
2026-08-10 17:48:02.298347 [INFO] iso15118_charge  :: Incoming connection from [fe80::215:5dff:fe6b:3d4%eth0]:57048
