# Frames as recorded, per direction. Ordering within a direction is real;
# the two directions are not interleaved, because the recording has no timestamps.

## EV -> station: 1627 byte(s), 58 frame(s)
[0] SupportedAppProtocolReq payloadType=0x8001 bytes=45
    01fe8001000000258000f3ab9371d34b9b79d39ba321d34b9b79d189a98989c1d1699181d22218010000040040
[1] SessionSetupReq payloadType=0x8002 bytes=33
    01fe800200000019808c0400000000000000000efcacfd30620422ab21a1981880
[2] AuthorizationSetupReq payloadType=0x8002 bytes=25
    01fe8002000000118008045a3bf09ebe3f96f68efcacfd3062
[3] AuthorizationReq payloadType=0x8002 bytes=26
    01fe8002000000128000045a3bf09ebe3f96f68efcacfd306200
[4] ServiceDiscoveryReq payloadType=0x8002 bytes=26
    01fe800200000012807c045a3bf09ebe3f96f68efcacfd306280
[5] ServiceDetailReq payloadType=0x8002 bytes=27
    01fe8002000000138074045a3bf09ebe3f96f68efcacfd30620480
[6] ServiceSelectionReq payloadType=0x8002 bytes=29
    01fe8002000000158084045a3bf09ebe3f96f68efcacfd306202400880
[7] DC_ChargeParameterDiscoveryReq payloadType=0x8004 bytes=64
    01fe800400000038803c045a3bf09ebe3f96f68efcacfd30620830a61d04000002002e05c1000000800e20904004b008280418530e82000001001702e0800000
[8] ScheduleExchangeReq payloadType=0x8002 bytes=28
    01fe800200000014806c045a3bf09ebe3f96f68f0cacfd3062000680
[9] DC_CableCheckReq payloadType=0x8004 bytes=25
    01fe800400000011802c045a3bf09ebe3f96f68f0cacfd3062
[10] DC_CableCheckReq payloadType=0x8004 bytes=25
    01fe800400000011802c045a3bf09ebe3f96f68f0cacfd3062
[11] DC_CableCheckReq payloadType=0x8004 bytes=25
    01fe800400000011802c045a3bf09ebe3f96f68f0cacfd3062
[12] DC_CableCheckReq payloadType=0x8004 bytes=25
    01fe800400000011802c045a3bf09ebe3f96f68f0cacfd3062
[13] DC_CableCheckReq payloadType=0x8004 bytes=25
    01fe800400000011802c045a3bf09ebe3f96f68f0cacfd3062
[14] DC_CableCheckReq payloadType=0x8004 bytes=25
    01fe800400000011802c045a3bf09ebe3f96f68f0cacfd3062
[15] DC_CableCheckReq payloadType=0x8004 bytes=25
    01fe800400000011802c045a3bf09ebe3f96f68f0cacfd3062
[16] DC_CableCheckReq payloadType=0x8004 bytes=25
    01fe800400000011802c045a3bf09ebe3f96f68f0cacfd3062
[17] DC_CableCheckReq payloadType=0x8004 bytes=25
    01fe800400000011802c045a3bf09ebe3f96f68f1cacfd3062
[18] DC_CableCheckReq payloadType=0x8004 bytes=25
    01fe800400000011802c045a3bf09ebe3f96f68f1cacfd3062
[19] DC_CableCheckReq payloadType=0x8004 bytes=25
    01fe800400000011802c045a3bf09ebe3f96f68f1cacfd3062
[20] DC_CableCheckReq payloadType=0x8004 bytes=25
    01fe800400000011802c045a3bf09ebe3f96f68f1cacfd3062
[21] DC_CableCheckReq payloadType=0x8004 bytes=25
    01fe800400000011802c045a3bf09ebe3f96f68f1cacfd3062
[22] DC_CableCheckReq payloadType=0x8004 bytes=25
    01fe800400000011802c045a3bf09ebe3f96f68f1cacfd3062
[23] DC_CableCheckReq payloadType=0x8004 bytes=25
    01fe800400000011802c045a3bf09ebe3f96f68f1cacfd3062
[24] DC_CableCheckReq payloadType=0x8004 bytes=25
    01fe800400000011802c045a3bf09ebe3f96f68f1cacfd3062
[25] DC_CableCheckReq payloadType=0x8004 bytes=25
    01fe800400000011802c045a3bf09ebe3f96f68f1cacfd3062
[26] DC_CableCheckReq payloadType=0x8004 bytes=25
    01fe800400000011802c045a3bf09ebe3f96f68f1cacfd3062
[27] DC_CableCheckReq payloadType=0x8004 bytes=25
    01fe800400000011802c045a3bf09ebe3f96f68f2cacfd3062
[28] DC_CableCheckReq payloadType=0x8004 bytes=25
    01fe800400000011802c045a3bf09ebe3f96f68f2cacfd3062
[29] DC_CableCheckReq payloadType=0x8004 bytes=25
    01fe800400000011802c045a3bf09ebe3f96f68f2cacfd3062
[30] DC_CableCheckReq payloadType=0x8004 bytes=25
    01fe800400000011802c045a3bf09ebe3f96f68f2cacfd3062
[31] DC_CableCheckReq payloadType=0x8004 bytes=25
    01fe800400000011802c045a3bf09ebe3f96f68f2cacfd3062
[32] DC_CableCheckReq payloadType=0x8004 bytes=25
    01fe800400000011802c045a3bf09ebe3f96f68f2cacfd3062
[33] DC_CableCheckReq payloadType=0x8004 bytes=25
    01fe800400000011802c045a3bf09ebe3f96f68f2cacfd3062
[34] DC_CableCheckReq payloadType=0x8004 bytes=25
    01fe800400000011802c045a3bf09ebe3f96f68f2cacfd3062
[35] DC_CableCheckReq payloadType=0x8004 bytes=25
    01fe800400000011802c045a3bf09ebe3f96f68f2cacfd3062
[36] DC_CableCheckReq payloadType=0x8004 bytes=25
    01fe800400000011802c045a3bf09ebe3f96f68f2cacfd3062
[37] DC_CableCheckReq payloadType=0x8004 bytes=25
    01fe800400000011802c045a3bf09ebe3f96f68f3cacfd3062
[38] DC_CableCheckReq payloadType=0x8004 bytes=25
    01fe800400000011802c045a3bf09ebe3f96f68f3cacfd3062
[39] DC_CableCheckReq payloadType=0x8004 bytes=25
    01fe800400000011802c045a3bf09ebe3f96f68f3cacfd3062
[40] DC_CableCheckReq payloadType=0x8004 bytes=25
    01fe800400000011802c045a3bf09ebe3f96f68f3cacfd3062
[41] DC_CableCheckReq payloadType=0x8004 bytes=25
    01fe800400000011802c045a3bf09ebe3f96f68f3cacfd3062
[42] DC_CableCheckReq payloadType=0x8004 bytes=25
    01fe800400000011802c045a3bf09ebe3f96f68f3cacfd3062
[43] DC_CableCheckReq payloadType=0x8004 bytes=25
    01fe800400000011802c045a3bf09ebe3f96f68f3cacfd3062
[44] DC_CableCheckReq payloadType=0x8004 bytes=25
    01fe800400000011802c045a3bf09ebe3f96f68f3cacfd3062
[45] DC_CableCheckReq payloadType=0x8004 bytes=25
    01fe800400000011802c045a3bf09ebe3f96f68f3cacfd3062
[46] DC_CableCheckReq payloadType=0x8004 bytes=25
    01fe800400000011802c045a3bf09ebe3f96f68f3cacfd3062
[47] DC_CableCheckReq payloadType=0x8004 bytes=25
    01fe800400000011802c045a3bf09ebe3f96f68f4cacfd3062
[48] DC_CableCheckReq payloadType=0x8004 bytes=25
    01fe800400000011802c045a3bf09ebe3f96f68f4cacfd3062
[49] DC_CableCheckReq payloadType=0x8004 bytes=25
    01fe800400000011802c045a3bf09ebe3f96f68f4cacfd3062
[50] DC_PreChargeReq payloadType=0x8004 bytes=33
    01fe8004000000198044045a3bf09ebe3f96f68f4cacfd30620100000080090030
[51] PowerDeliveryReq payloadType=0x8002 bytes=37
    01fe80020000001d8054045a3bf09ebe3f96f68f4cacfd306200000100420480e041805124
[52] DC_ChargeLoopReq payloadType=0x8004 bytes=50
    01fe80040000002a8034045a3bf09ebe3f96f68f4cacfd3062810012006164003c02002400c520c2987408000002002e05c0
[53] DC_ChargeLoopReq payloadType=0x8004 bytes=50
    01fe80040000002a8034045a3bf09ebe3f96f68f4cacfd3062810012006164003c02002400c520c2987408000002002e05c0
[54] DC_ChargeLoopReq payloadType=0x8004 bytes=50
    01fe80040000002a8034045a3bf09ebe3f96f68f4cacfd3062810012006164003c02002400c520c2987408000002002e05c0
[55] PowerDeliveryReq payloadType=0x8002 bytes=27
    01fe8002000000138054045a3bf09ebe3f96f68f4cacfd30620140
[56] DC_WeldingDetectionReq payloadType=0x8004 bytes=26
    01fe800400000012804c045a3bf09ebe3f96f68f4cacfd306200
[57] SessionStopReq payloadType=0x8002 bytes=26
    01fe8002000000128094045a3bf09ebe3f96f68f4cacfd306228

## station -> EV: 1934 byte(s), 58 frame(s)
[0] SupportedAppProtocolRes (OK_SuccessfulNegotiation) payloadType=0x8001 bytes=12
    01fe80010000000480400040
[1] SessionSetupRes (OK_NewSessionEstablished) payloadType=0x8002 bytes=43
    01fe8002000000238090045a3bf09ebe3f96f68efcacfd3062040451114a9413960a914c4c8ccd0d4a8c40
[2] AuthorizationSetupRes (OK) payloadType=0x8002 bytes=28
    01fe800200000014800c045a3bf09ebe3f96f68efcacfd3062000400
[3] AuthorizationRes (OK) payloadType=0x8002 bytes=27
    01fe8002000000138004045a3bf09ebe3f96f68efcacfd30620000
[4] ServiceDiscoveryRes (OK) payloadType=0x8002 bytes=32
    01fe8002000000188080045a3bf09ebe3f96f68efcacfd306200000800024050
[5] ServiceDetailRes (OK) payloadType=0x8002 bytes=205
    01fe8002000000c58078045a3bf09ebe3f96f68efcacfd30620002400002d0dbdb9b9958dd1bdc980200d436f6e74726f6c4d6f6465601004d35bd89a5b1a5d1e539959591cd35bd919580200950726963696e6760000310941510da185b9b995b180200f47656e657261746f724d6f6465600880080b436f6e6e6563746f7260080350dbdb9d1c9bdb135bd91958020134d6f62696c6974794e656564734d6f6465600802541c9a58da5b99d80000c4250544368616e6e656c600803d1d95b995c985d1bdc935bd9195802280
[6] ServiceSelectionRes (OK) payloadType=0x8002 bytes=27
    01fe8002000000138088045a3bf09ebe3f96f68efcacfd30620000
[7] DC_ChargeParameterDiscoveryRes (OK) payloadType=0x8004 bytes=68
    01fe80040000003c8040045a3bf09ebe3f96f68efcacfd30620004106e0581fc3403c0fe1a01e07d0e80703f8542301fc3403c4820dc0b03f8680781fc3403c0fa1d00e0
[8] ScheduleExchangeRes (OK) payloadType=0x8002 bytes=44
    01fe8002000000248070045a3bf09ebe3f96f68f0cacfd306200040041e1959fa60c84051828408500892940
[9] DC_CableCheckRes (OK) payloadType=0x8004 bytes=27
    01fe8004000000138030045a3bf09ebe3f96f68f0cacfd30620010
[10] DC_CableCheckRes (OK) payloadType=0x8004 bytes=27
    01fe8004000000138030045a3bf09ebe3f96f68f0cacfd30620010
[11] DC_CableCheckRes (OK) payloadType=0x8004 bytes=27
    01fe8004000000138030045a3bf09ebe3f96f68f0cacfd30620010
[12] DC_CableCheckRes (OK) payloadType=0x8004 bytes=27
    01fe8004000000138030045a3bf09ebe3f96f68f0cacfd30620010
[13] DC_CableCheckRes (OK) payloadType=0x8004 bytes=27
    01fe8004000000138030045a3bf09ebe3f96f68f0cacfd30620010
[14] DC_CableCheckRes (OK) payloadType=0x8004 bytes=27
    01fe8004000000138030045a3bf09ebe3f96f68f0cacfd30620010
[15] DC_CableCheckRes (OK) payloadType=0x8004 bytes=27
    01fe8004000000138030045a3bf09ebe3f96f68f0cacfd30620010
[16] DC_CableCheckRes (OK) payloadType=0x8004 bytes=27
    01fe8004000000138030045a3bf09ebe3f96f68f0cacfd30620010
[17] DC_CableCheckRes (OK) payloadType=0x8004 bytes=27
    01fe8004000000138030045a3bf09ebe3f96f68f1cacfd30620010
[18] DC_CableCheckRes (OK) payloadType=0x8004 bytes=27
    01fe8004000000138030045a3bf09ebe3f96f68f1cacfd30620010
[19] DC_CableCheckRes (OK) payloadType=0x8004 bytes=27
    01fe8004000000138030045a3bf09ebe3f96f68f1cacfd30620010
[20] DC_CableCheckRes (OK) payloadType=0x8004 bytes=27
    01fe8004000000138030045a3bf09ebe3f96f68f1cacfd30620010
[21] DC_CableCheckRes (OK) payloadType=0x8004 bytes=27
    01fe8004000000138030045a3bf09ebe3f96f68f1cacfd30620010
[22] DC_CableCheckRes (OK) payloadType=0x8004 bytes=27
    01fe8004000000138030045a3bf09ebe3f96f68f1cacfd30620010
[23] DC_CableCheckRes (OK) payloadType=0x8004 bytes=27
    01fe8004000000138030045a3bf09ebe3f96f68f1cacfd30620010
[24] DC_CableCheckRes (OK) payloadType=0x8004 bytes=27
    01fe8004000000138030045a3bf09ebe3f96f68f1cacfd30620010
[25] DC_CableCheckRes (OK) payloadType=0x8004 bytes=27
    01fe8004000000138030045a3bf09ebe3f96f68f1cacfd30620010
[26] DC_CableCheckRes (OK) payloadType=0x8004 bytes=27
    01fe8004000000138030045a3bf09ebe3f96f68f1cacfd30620010
[27] DC_CableCheckRes (OK) payloadType=0x8004 bytes=27
    01fe8004000000138030045a3bf09ebe3f96f68f2cacfd30620010
[28] DC_CableCheckRes (OK) payloadType=0x8004 bytes=27
    01fe8004000000138030045a3bf09ebe3f96f68f2cacfd30620010
[29] DC_CableCheckRes (OK) payloadType=0x8004 bytes=27
    01fe8004000000138030045a3bf09ebe3f96f68f2cacfd30620010
[30] DC_CableCheckRes (OK) payloadType=0x8004 bytes=27
    01fe8004000000138030045a3bf09ebe3f96f68f2cacfd30620010
[31] DC_CableCheckRes (OK) payloadType=0x8004 bytes=27
    01fe8004000000138030045a3bf09ebe3f96f68f2cacfd30620010
[32] DC_CableCheckRes (OK) payloadType=0x8004 bytes=27
    01fe8004000000138030045a3bf09ebe3f96f68f2cacfd30620010
[33] DC_CableCheckRes (OK) payloadType=0x8004 bytes=27
    01fe8004000000138030045a3bf09ebe3f96f68f2cacfd30620010
[34] DC_CableCheckRes (OK) payloadType=0x8004 bytes=27
    01fe8004000000138030045a3bf09ebe3f96f68f2cacfd30620010
[35] DC_CableCheckRes (OK) payloadType=0x8004 bytes=27
    01fe8004000000138030045a3bf09ebe3f96f68f2cacfd30620010
[36] DC_CableCheckRes (OK) payloadType=0x8004 bytes=27
    01fe8004000000138030045a3bf09ebe3f96f68f2cacfd30620010
[37] DC_CableCheckRes (OK) payloadType=0x8004 bytes=27
    01fe8004000000138030045a3bf09ebe3f96f68f3cacfd30620010
[38] DC_CableCheckRes (OK) payloadType=0x8004 bytes=27
    01fe8004000000138030045a3bf09ebe3f96f68f3cacfd30620010
[39] DC_CableCheckRes (OK) payloadType=0x8004 bytes=27
    01fe8004000000138030045a3bf09ebe3f96f68f3cacfd30620010
[40] DC_CableCheckRes (OK) payloadType=0x8004 bytes=27
    01fe8004000000138030045a3bf09ebe3f96f68f3cacfd30620010
[41] DC_CableCheckRes (OK) payloadType=0x8004 bytes=27
    01fe8004000000138030045a3bf09ebe3f96f68f3cacfd30620010
[42] DC_CableCheckRes (OK) payloadType=0x8004 bytes=27
    01fe8004000000138030045a3bf09ebe3f96f68f3cacfd30620010
[43] DC_CableCheckRes (OK) payloadType=0x8004 bytes=27
    01fe8004000000138030045a3bf09ebe3f96f68f3cacfd30620010
[44] DC_CableCheckRes (OK) payloadType=0x8004 bytes=27
    01fe8004000000138030045a3bf09ebe3f96f68f3cacfd30620010
[45] DC_CableCheckRes (OK) payloadType=0x8004 bytes=27
    01fe8004000000138030045a3bf09ebe3f96f68f3cacfd30620010
[46] DC_CableCheckRes (OK) payloadType=0x8004 bytes=27
    01fe8004000000138030045a3bf09ebe3f96f68f3cacfd30620010
[47] DC_CableCheckRes (OK) payloadType=0x8004 bytes=27
    01fe8004000000138030045a3bf09ebe3f96f68f4cacfd30620010
[48] DC_CableCheckRes (OK) payloadType=0x8004 bytes=27
    01fe8004000000138030045a3bf09ebe3f96f68f4cacfd30620010
[49] DC_CableCheckRes (OK) payloadType=0x8004 bytes=27
    01fe8004000000138030045a3bf09ebe3f96f68f4cacfd30620000
[50] DC_PreChargeRes (OK) payloadType=0x8004 bytes=30
    01fe8004000000168048045a3bf09ebe3f96f68f4cacfd30620010000000
[51] PowerDeliveryRes (OK) payloadType=0x8002 bytes=27
    01fe8002000000138058045a3bf09ebe3f96f68f4cacfd30620040
[52] DC_ChargeLoopRes (OK) payloadType=0x8004 bytes=66
    01fe80040000003a8038045a3bf09ebe3f96f68f4cacfd3062006400000200000000204085008803f86807807f0d00f00fe1508c01fc3403c03f8680788fe1a01e00
[53] DC_ChargeLoopRes (OK) payloadType=0x8004 bytes=66
    01fe80040000003a8038045a3bf09ebe3f96f68f4cacfd3062006400000200000000204085008803f86807807e0902b00fe1508c01fc3403c03f8680788fe1a01e00
[54] DC_ChargeLoopRes (OK) payloadType=0x8004 bytes=68
    01fe80040000003c8038045a3bf09ebe3f96f68f4cacfd30620063e8448f01fc2807c000204085008803f86807807e0902b00fe1508c01fc3403c03f8680788fe1a01e00
[55] PowerDeliveryRes (OK) payloadType=0x8002 bytes=27
    01fe8002000000138058045a3bf09ebe3f96f68f4cacfd30620040
[56] DC_WeldingDetectionRes (OK) payloadType=0x8004 bytes=30
    01fe8004000000168050045a3bf09ebe3f96f68f4cacfd30620010000000
[57] SessionStopRes (OK) payloadType=0x8002 bytes=27
    01fe8002000000138098045a3bf09ebe3f96f68f4cacfd30620000
