# Frames as recorded, per direction. Ordering within a direction is real;
# the two directions are not interleaved, because the recording has no timestamps.

## EV -> station: 1701 byte(s), 61 frame(s)
[0] SupportedAppProtocolReq payloadType=0x8001 bytes=45
    01fe8001000000258000f3ab9371d34b9b79d39ba321d34b9b79d189a98989c1d1699181d22218010000040040
[1] SessionSetupReq payloadType=0x8002 bytes=33
    01fe800200000019808c040000000000000000084c9cfd30620422ab21a1981880
[2] AuthorizationSetupReq payloadType=0x8002 bytes=25
    01fe8002000000118008046ee14a9f71aba9d5884c9cfd3062
[3] AuthorizationReq payloadType=0x8002 bytes=26
    01fe8002000000128000046ee14a9f71aba9d5885c9cfd306200
[4] ServiceDiscoveryReq payloadType=0x8002 bytes=26
    01fe800200000012807c046ee14a9f71aba9d5885c9cfd306280
[5] ServiceDetailReq payloadType=0x8002 bytes=27
    01fe8002000000138074046ee14a9f71aba9d5885c9cfd30620480
[6] ServiceSelectionReq payloadType=0x8002 bytes=29
    01fe8002000000158084046ee14a9f71aba9d5885c9cfd306202400880
[7] DC_ChargeParameterDiscoveryReq payloadType=0x8004 bytes=63
    01fe800400000037803c046ee14a9f71aba9d5885c9cfd3062081088270400000200320041000000800f403040019028040844138200000100190020800000
[8] ScheduleExchangeReq payloadType=0x8002 bytes=28
    01fe800200000014806c046ee14a9f71aba9d5885c9cfd3062000680
[9] DC_CableCheckReq payloadType=0x8004 bytes=25
    01fe800400000011802c046ee14a9f71aba9d5885c9cfd3062
[10] DC_CableCheckReq payloadType=0x8004 bytes=25
    01fe800400000011802c046ee14a9f71aba9d5885c9cfd3062
[11] DC_CableCheckReq payloadType=0x8004 bytes=25
    01fe800400000011802c046ee14a9f71aba9d5885c9cfd3062
[12] DC_CableCheckReq payloadType=0x8004 bytes=25
    01fe800400000011802c046ee14a9f71aba9d5885c9cfd3062
[13] DC_CableCheckReq payloadType=0x8004 bytes=25
    01fe800400000011802c046ee14a9f71aba9d5886c9cfd3062
[14] DC_CableCheckReq payloadType=0x8004 bytes=25
    01fe800400000011802c046ee14a9f71aba9d5886c9cfd3062
[15] DC_CableCheckReq payloadType=0x8004 bytes=25
    01fe800400000011802c046ee14a9f71aba9d5886c9cfd3062
[16] DC_CableCheckReq payloadType=0x8004 bytes=25
    01fe800400000011802c046ee14a9f71aba9d5886c9cfd3062
[17] DC_CableCheckReq payloadType=0x8004 bytes=25
    01fe800400000011802c046ee14a9f71aba9d5886c9cfd3062
[18] DC_CableCheckReq payloadType=0x8004 bytes=25
    01fe800400000011802c046ee14a9f71aba9d5886c9cfd3062
[19] DC_CableCheckReq payloadType=0x8004 bytes=25
    01fe800400000011802c046ee14a9f71aba9d5886c9cfd3062
[20] DC_CableCheckReq payloadType=0x8004 bytes=25
    01fe800400000011802c046ee14a9f71aba9d5886c9cfd3062
[21] DC_CableCheckReq payloadType=0x8004 bytes=25
    01fe800400000011802c046ee14a9f71aba9d5886c9cfd3062
[22] DC_CableCheckReq payloadType=0x8004 bytes=25
    01fe800400000011802c046ee14a9f71aba9d5886c9cfd3062
[23] DC_CableCheckReq payloadType=0x8004 bytes=25
    01fe800400000011802c046ee14a9f71aba9d5887c9cfd3062
[24] DC_CableCheckReq payloadType=0x8004 bytes=25
    01fe800400000011802c046ee14a9f71aba9d5887c9cfd3062
[25] DC_CableCheckReq payloadType=0x8004 bytes=25
    01fe800400000011802c046ee14a9f71aba9d5887c9cfd3062
[26] DC_CableCheckReq payloadType=0x8004 bytes=25
    01fe800400000011802c046ee14a9f71aba9d5887c9cfd3062
[27] DC_CableCheckReq payloadType=0x8004 bytes=25
    01fe800400000011802c046ee14a9f71aba9d5887c9cfd3062
[28] DC_CableCheckReq payloadType=0x8004 bytes=25
    01fe800400000011802c046ee14a9f71aba9d5887c9cfd3062
[29] DC_CableCheckReq payloadType=0x8004 bytes=25
    01fe800400000011802c046ee14a9f71aba9d5887c9cfd3062
[30] DC_CableCheckReq payloadType=0x8004 bytes=25
    01fe800400000011802c046ee14a9f71aba9d5887c9cfd3062
[31] DC_CableCheckReq payloadType=0x8004 bytes=25
    01fe800400000011802c046ee14a9f71aba9d5887c9cfd3062
[32] DC_CableCheckReq payloadType=0x8004 bytes=25
    01fe800400000011802c046ee14a9f71aba9d5887c9cfd3062
[33] DC_CableCheckReq payloadType=0x8004 bytes=25
    01fe800400000011802c046ee14a9f71aba9d5888c9cfd3062
[34] DC_CableCheckReq payloadType=0x8004 bytes=25
    01fe800400000011802c046ee14a9f71aba9d5888c9cfd3062
[35] DC_CableCheckReq payloadType=0x8004 bytes=25
    01fe800400000011802c046ee14a9f71aba9d5888c9cfd3062
[36] DC_CableCheckReq payloadType=0x8004 bytes=25
    01fe800400000011802c046ee14a9f71aba9d5888c9cfd3062
[37] DC_CableCheckReq payloadType=0x8004 bytes=25
    01fe800400000011802c046ee14a9f71aba9d5888c9cfd3062
[38] DC_CableCheckReq payloadType=0x8004 bytes=25
    01fe800400000011802c046ee14a9f71aba9d5888c9cfd3062
[39] DC_CableCheckReq payloadType=0x8004 bytes=25
    01fe800400000011802c046ee14a9f71aba9d5888c9cfd3062
[40] DC_CableCheckReq payloadType=0x8004 bytes=25
    01fe800400000011802c046ee14a9f71aba9d5888c9cfd3062
[41] DC_CableCheckReq payloadType=0x8004 bytes=25
    01fe800400000011802c046ee14a9f71aba9d5888c9cfd3062
[42] DC_CableCheckReq payloadType=0x8004 bytes=25
    01fe800400000011802c046ee14a9f71aba9d5888c9cfd3062
[43] DC_CableCheckReq payloadType=0x8004 bytes=25
    01fe800400000011802c046ee14a9f71aba9d5889c9cfd3062
[44] DC_CableCheckReq payloadType=0x8004 bytes=25
    01fe800400000011802c046ee14a9f71aba9d5889c9cfd3062
[45] DC_CableCheckReq payloadType=0x8004 bytes=25
    01fe800400000011802c046ee14a9f71aba9d5889c9cfd3062
[46] DC_CableCheckReq payloadType=0x8004 bytes=25
    01fe800400000011802c046ee14a9f71aba9d5889c9cfd3062
[47] DC_CableCheckReq payloadType=0x8004 bytes=25
    01fe800400000011802c046ee14a9f71aba9d5889c9cfd3062
[48] DC_CableCheckReq payloadType=0x8004 bytes=25
    01fe800400000011802c046ee14a9f71aba9d5889c9cfd3062
[49] DC_CableCheckReq payloadType=0x8004 bytes=25
    01fe800400000011802c046ee14a9f71aba9d5889c9cfd3062
[50] DC_CableCheckReq payloadType=0x8004 bytes=25
    01fe800400000011802c046ee14a9f71aba9d5889c9cfd3062
[51] DC_CableCheckReq payloadType=0x8004 bytes=25
    01fe800400000011802c046ee14a9f71aba9d5889c9cfd3062
[52] DC_CableCheckReq payloadType=0x8004 bytes=25
    01fe800400000011802c046ee14a9f71aba9d5889c9cfd3062
[53] DC_PreChargeReq payloadType=0x8004 bytes=33
    01fe8004000000198044046ee14a9f71aba9d588ac9cfd30620100000080090030
[54] PowerDeliveryReq payloadType=0x8002 bytes=37
    01fe80020000001d8054046ee14a9f71aba9d588ac9cfd306200000100420480e041805124
[55] DC_ChargeLoopReq payloadType=0x8004 bytes=50
    01fe80040000002a8034046ee14a9f71aba9d588ac9cfd3062810012006164003c02002400c52042209c0800000200320040
[56] DC_ChargeLoopReq payloadType=0x8004 bytes=50
    01fe80040000002a8034046ee14a9f71aba9d588ac9cfd3062810012006164003c02002400c52042209c0800000200320040
[57] DC_ChargeLoopReq payloadType=0x8004 bytes=50
    01fe80040000002a8034046ee14a9f71aba9d588ac9cfd3062810012006164003c02002400c52042209c0800000200320040
[58] PowerDeliveryReq payloadType=0x8002 bytes=27
    01fe8002000000138054046ee14a9f71aba9d588ac9cfd30620140
[59] DC_WeldingDetectionReq payloadType=0x8004 bytes=26
    01fe800400000012804c046ee14a9f71aba9d588ac9cfd306200
[60] SessionStopReq payloadType=0x8002 bytes=26
    01fe8002000000128094046ee14a9f71aba9d588ac9cfd306228

## station -> EV: 2015 byte(s), 61 frame(s)
[0] SupportedAppProtocolRes (OK_SuccessfulNegotiation) payloadType=0x8001 bytes=12
    01fe80010000000480400040
[1] SessionSetupRes (OK_NewSessionEstablished) payloadType=0x8002 bytes=43
    01fe8002000000238090046ee14a9f71aba9d5884c9cfd3062040451114a9413960a914c4c8ccd0d4a8c40
[2] AuthorizationSetupRes (OK) payloadType=0x8002 bytes=28
    01fe800200000014800c046ee14a9f71aba9d5884c9cfd3062000400
[3] AuthorizationRes (OK) payloadType=0x8002 bytes=27
    01fe8002000000138004046ee14a9f71aba9d5885c9cfd30620000
[4] ServiceDiscoveryRes (OK) payloadType=0x8002 bytes=32
    01fe8002000000188080046ee14a9f71aba9d5885c9cfd306200000800024050
[5] ServiceDetailRes (OK) payloadType=0x8002 bytes=205
    01fe8002000000c58078046ee14a9f71aba9d5885c9cfd30620002400002d0dbdb9b9958dd1bdc980200d436f6e74726f6c4d6f6465601004d35bd89a5b1a5d1e539959591cd35bd919580200950726963696e6760000310941510da185b9b995b180200f47656e657261746f724d6f6465600880080b436f6e6e6563746f7260080350dbdb9d1c9bdb135bd91958020134d6f62696c6974794e656564734d6f6465600802541c9a58da5b99d80000c4250544368616e6e656c600803d1d95b995c985d1bdc935bd9195802280
[6] ServiceSelectionRes (OK) payloadType=0x8002 bytes=27
    01fe8002000000138088046ee14a9f71aba9d5885c9cfd30620000
[7] DC_ChargeParameterDiscoveryRes (OK) payloadType=0x8004 bytes=68
    01fe80040000003c8040046ee14a9f71aba9d5885c9cfd30620004106e0581fc3403c0fe1a01e07d0e80703f8542301fc3403c4820dc0b03f8680781fc3403c0fa1d00e0
[8] ScheduleExchangeRes (OK) payloadType=0x8002 bytes=44
    01fe8002000000248070046ee14a9f71aba9d5885c9cfd3062000400410b939fa60c84051828408500892940
[9] DC_CableCheckRes (OK) payloadType=0x8004 bytes=27
    01fe8004000000138030046ee14a9f71aba9d5885c9cfd30620010
[10] DC_CableCheckRes (OK) payloadType=0x8004 bytes=27
    01fe8004000000138030046ee14a9f71aba9d5885c9cfd30620010
[11] DC_CableCheckRes (OK) payloadType=0x8004 bytes=27
    01fe8004000000138030046ee14a9f71aba9d5885c9cfd30620010
[12] DC_CableCheckRes (OK) payloadType=0x8004 bytes=27
    01fe8004000000138030046ee14a9f71aba9d5885c9cfd30620010
[13] DC_CableCheckRes (OK) payloadType=0x8004 bytes=27
    01fe8004000000138030046ee14a9f71aba9d5886c9cfd30620010
[14] DC_CableCheckRes (OK) payloadType=0x8004 bytes=27
    01fe8004000000138030046ee14a9f71aba9d5886c9cfd30620010
[15] DC_CableCheckRes (OK) payloadType=0x8004 bytes=27
    01fe8004000000138030046ee14a9f71aba9d5886c9cfd30620010
[16] DC_CableCheckRes (OK) payloadType=0x8004 bytes=27
    01fe8004000000138030046ee14a9f71aba9d5886c9cfd30620010
[17] DC_CableCheckRes (OK) payloadType=0x8004 bytes=27
    01fe8004000000138030046ee14a9f71aba9d5886c9cfd30620010
[18] DC_CableCheckRes (OK) payloadType=0x8004 bytes=27
    01fe8004000000138030046ee14a9f71aba9d5886c9cfd30620010
[19] DC_CableCheckRes (OK) payloadType=0x8004 bytes=27
    01fe8004000000138030046ee14a9f71aba9d5886c9cfd30620010
[20] DC_CableCheckRes (OK) payloadType=0x8004 bytes=27
    01fe8004000000138030046ee14a9f71aba9d5886c9cfd30620010
[21] DC_CableCheckRes (OK) payloadType=0x8004 bytes=27
    01fe8004000000138030046ee14a9f71aba9d5886c9cfd30620010
[22] DC_CableCheckRes (OK) payloadType=0x8004 bytes=27
    01fe8004000000138030046ee14a9f71aba9d5886c9cfd30620010
[23] DC_CableCheckRes (OK) payloadType=0x8004 bytes=27
    01fe8004000000138030046ee14a9f71aba9d5887c9cfd30620010
[24] DC_CableCheckRes (OK) payloadType=0x8004 bytes=27
    01fe8004000000138030046ee14a9f71aba9d5887c9cfd30620010
[25] DC_CableCheckRes (OK) payloadType=0x8004 bytes=27
    01fe8004000000138030046ee14a9f71aba9d5887c9cfd30620010
[26] DC_CableCheckRes (OK) payloadType=0x8004 bytes=27
    01fe8004000000138030046ee14a9f71aba9d5887c9cfd30620010
[27] DC_CableCheckRes (OK) payloadType=0x8004 bytes=27
    01fe8004000000138030046ee14a9f71aba9d5887c9cfd30620010
[28] DC_CableCheckRes (OK) payloadType=0x8004 bytes=27
    01fe8004000000138030046ee14a9f71aba9d5887c9cfd30620010
[29] DC_CableCheckRes (OK) payloadType=0x8004 bytes=27
    01fe8004000000138030046ee14a9f71aba9d5887c9cfd30620010
[30] DC_CableCheckRes (OK) payloadType=0x8004 bytes=27
    01fe8004000000138030046ee14a9f71aba9d5887c9cfd30620010
[31] DC_CableCheckRes (OK) payloadType=0x8004 bytes=27
    01fe8004000000138030046ee14a9f71aba9d5887c9cfd30620010
[32] DC_CableCheckRes (OK) payloadType=0x8004 bytes=27
    01fe8004000000138030046ee14a9f71aba9d5887c9cfd30620010
[33] DC_CableCheckRes (OK) payloadType=0x8004 bytes=27
    01fe8004000000138030046ee14a9f71aba9d5888c9cfd30620010
[34] DC_CableCheckRes (OK) payloadType=0x8004 bytes=27
    01fe8004000000138030046ee14a9f71aba9d5888c9cfd30620010
[35] DC_CableCheckRes (OK) payloadType=0x8004 bytes=27
    01fe8004000000138030046ee14a9f71aba9d5888c9cfd30620010
[36] DC_CableCheckRes (OK) payloadType=0x8004 bytes=27
    01fe8004000000138030046ee14a9f71aba9d5888c9cfd30620010
[37] DC_CableCheckRes (OK) payloadType=0x8004 bytes=27
    01fe8004000000138030046ee14a9f71aba9d5888c9cfd30620010
[38] DC_CableCheckRes (OK) payloadType=0x8004 bytes=27
    01fe8004000000138030046ee14a9f71aba9d5888c9cfd30620010
[39] DC_CableCheckRes (OK) payloadType=0x8004 bytes=27
    01fe8004000000138030046ee14a9f71aba9d5888c9cfd30620010
[40] DC_CableCheckRes (OK) payloadType=0x8004 bytes=27
    01fe8004000000138030046ee14a9f71aba9d5888c9cfd30620010
[41] DC_CableCheckRes (OK) payloadType=0x8004 bytes=27
    01fe8004000000138030046ee14a9f71aba9d5888c9cfd30620010
[42] DC_CableCheckRes (OK) payloadType=0x8004 bytes=27
    01fe8004000000138030046ee14a9f71aba9d5888c9cfd30620010
[43] DC_CableCheckRes (OK) payloadType=0x8004 bytes=27
    01fe8004000000138030046ee14a9f71aba9d5889c9cfd30620010
[44] DC_CableCheckRes (OK) payloadType=0x8004 bytes=27
    01fe8004000000138030046ee14a9f71aba9d5889c9cfd30620010
[45] DC_CableCheckRes (OK) payloadType=0x8004 bytes=27
    01fe8004000000138030046ee14a9f71aba9d5889c9cfd30620010
[46] DC_CableCheckRes (OK) payloadType=0x8004 bytes=27
    01fe8004000000138030046ee14a9f71aba9d5889c9cfd30620010
[47] DC_CableCheckRes (OK) payloadType=0x8004 bytes=27
    01fe8004000000138030046ee14a9f71aba9d5889c9cfd30620010
[48] DC_CableCheckRes (OK) payloadType=0x8004 bytes=27
    01fe8004000000138030046ee14a9f71aba9d5889c9cfd30620010
[49] DC_CableCheckRes (OK) payloadType=0x8004 bytes=27
    01fe8004000000138030046ee14a9f71aba9d5889c9cfd30620010
[50] DC_CableCheckRes (OK) payloadType=0x8004 bytes=27
    01fe8004000000138030046ee14a9f71aba9d5889c9cfd30620010
[51] DC_CableCheckRes (OK) payloadType=0x8004 bytes=27
    01fe8004000000138030046ee14a9f71aba9d5889c9cfd30620010
[52] DC_CableCheckRes (OK) payloadType=0x8004 bytes=27
    01fe8004000000138030046ee14a9f71aba9d5889c9cfd30620000
[53] DC_PreChargeRes (OK) payloadType=0x8004 bytes=30
    01fe8004000000168048046ee14a9f71aba9d588ac9cfd30620010000000
[54] PowerDeliveryRes (OK) payloadType=0x8002 bytes=27
    01fe8002000000138058046ee14a9f71aba9d588ac9cfd30620040
[55] DC_ChargeLoopRes (OK) payloadType=0x8004 bytes=66
    01fe80040000003a8038046ee14a9f71aba9d588ac9cfd3062006400000200000000204085008803f86807807f0d00f00fe1508c01fc3403c03f8680788fe1a01e00
[56] DC_ChargeLoopRes (OK) payloadType=0x8004 bytes=66
    01fe80040000003a8038046ee14a9f71aba9d588ac9cfd3062006400000200000000204085008803f86807807f0d00f00fe1508c01fc3403c03f8680788fe1a01e00
[57] DC_ChargeLoopRes (OK) payloadType=0x8004 bytes=68
    01fe80040000003c8038046ee14a9f71aba9d588ac9cfd30620063f8580481fc2807c000204085008803f86807807f0d00f00fe1508c01fc3403c03f8680788fe1a01e00
[58] PowerDeliveryRes (OK) payloadType=0x8002 bytes=27
    01fe8002000000138058046ee14a9f71aba9d588ac9cfd30620040
[59] DC_WeldingDetectionRes (OK) payloadType=0x8004 bytes=30
    01fe8004000000168050046ee14a9f71aba9d588ac9cfd30620010000000
[60] SessionStopRes (OK) payloadType=0x8002 bytes=27
    01fe8002000000138098046ee14a9f71aba9d588ac9cfd30620000
