2026-08-06 03:32:33.387521 [INFO] manager          ::   ________      __                _   
2026-08-06 03:32:33.387751 [INFO] manager          ::  |  ____\ \    / /               | |
2026-08-06 03:32:33.387768 [INFO] manager          ::  | |__   \ \  / /__ _ __ ___  ___| |_
2026-08-06 03:32:33.387774 [INFO] manager          ::  |  __|   \ \/ / _ \ '__/ _ \/ __| __|
2026-08-06 03:32:33.387780 [INFO] manager          ::  | |____   \  /  __/ | |  __/\__ \ |_
2026-08-06 03:32:33.387786 [INFO] manager          ::  |______|   \/ \___|_|  \___||___/\__|
2026-08-06 03:32:33.387792 [INFO] manager          :: 
2026-08-06 03:32:33.387799 [INFO] manager          :: everest-framework 0.25.0-dev 2026.02.1
2026-08-06 03:32:33.387805 [INFO] manager          :: everest-core 2026.02.1-dev 2026.02.1
2026-08-06 03:32:33.387812 [INFO] manager          :: 
2026-08-06 03:32:33.387819 [INFO] manager          :: Using MQTT broker localhost:1883
2026-08-06 03:32:33.410500 [INFO] manager          :: Boot mode is set to YamlFile, loading module configs from YAML file
2026-08-06 03:32:33.410553 [INFO] manager          :: Loading config file at: /home/ahzf/everest/configs-ours/config-mcs-ours.yaml
2026-08-06 03:32:33.538623 [INFO] manager          :: Config loading completed in 150ms
2026-08-06 03:32:33.542544 [INFO] manager          :: Starting 18 modules
2026-08-06 03:32:35.761875 [INFO] api:API          :: Module api initialized [2192ms]
2026-08-06 03:32:35.781402 [INFO] energy_manager:  :: Module energy_manager initialized [2198ms]
2026-08-06 03:32:35.782008 [INFO] api_sink:Energy  :: Module api_sink initialized [2209ms]
2026-08-06 03:32:35.783832 [INFO] error_history:E  :: Using database at "/tmp/error_history.db"
2026-08-06 03:32:35.784029 [INFO] error_history:E  :: Checking database
2026-08-06 03:32:35.785648 [INFO] error_history:E  :: Module error_history initialized [2199ms]
2026-08-06 03:32:35.785663 [INFO] auth:Auth        :: Module auth initialized [2206ms]
2026-08-06 03:32:35.790174 [INFO] imd:IMDSimulato  :: Module imd initialized [2178ms]
2026-08-06 03:32:35.809494 [INFO] ev_api:EvAPI     :: Module ev_api initialized [2219ms]
2026-08-06 03:32:35.810876 [INFO] ev_manager:EvMa  :: Module ev_manager initialized [2216ms]
2026-08-06 03:32:35.827279 [INFO] grid_connection  :: Module grid_connection_point initialized [2218ms]
2026-08-06 03:32:35.827871 [INFO] evse_security:E  :: Module evse_security initialized [2217ms]
2026-08-06 03:32:35.835074 [INFO] powersupply_dc:  :: Module powersupply_dc initialized [2201ms]
2026-08-06 03:32:35.835561 [INFO] slac:SlacSimula  :: Module slac initialized [2199ms]
2026-08-06 03:32:35.836307 [INFO] token_provider:  :: Module token_provider initialized [2191ms]
2026-08-06 03:32:35.837210 [INFO] evse_manager:Ev  :: Module evse_manager initialized [2228ms]
2026-08-06 03:32:35.837771 [INFO] iso15118_charge  :: Module iso15118_charger initialized [2204ms]
2026-08-06 03:32:35.842145 [INFO] token_validator  :: Module token_validator initialized [2196ms]
2026-08-06 03:32:35.868130 [INFO] yeti_driver:Yet  :: Module yeti_driver initialized [2218ms]
2026-08-06 03:32:36.357433 [INFO] iso15118_car     :: Module iso15118_car initialized [2192ms]
2026-08-06 03:32:36.358089 [INFO] manager          :: Clearing retained topics published by manager during startup
2026-08-06 03:32:36.359186 [INFO] manager          :: 🚙🚙🚙 All modules are initialized. EVerest up and running [2988ms] 🚙🚙🚙
2026-08-06 03:32:36.525700 [WARN] auth:Auth       void module::ReservationHandler::load_reservations() :: Can not load reservations because no storage was configured.
2026-08-06 03:32:36.881496 [INFO] evse_manager:Ev  :: Ignoring BSP Event, BSP is not enabled yet.
2026-08-06 03:32:37.005787 [INFO] evse_security:E  :: Requesting leaf certificate info: V2G
2026-08-06 03:32:37.009813 [INFO] evse_security:E  :: Found valid leaf: ["/home/ahzf/everest/dist/etc/everest/certs/client/cso/CPO_CERT_CHAIN.pem"]
2026-08-06 03:32:37.009878 [INFO] evse_security:E  :: Not requiring all valid leafs, returning
2026-08-06 03:32:37.053776 [INFO] evse_security:E  :: Requesting certificate file: [V2G] file:"/home/ahzf/everest/dist/etc/everest/certs/ca/v2g/V2G_ROOT_CA.pem"
2026-08-06 03:32:37.101788 [INFO] evse_security:E  :: Requesting certificate file: [MO] file:"/home/ahzf/everest/dist/etc/everest/certs/ca/mo/MO_ROOT_CA.pem"
2026-08-06 03:32:37.137807 [INFO] iso15118_charge  :: Using ethernet interface: eth0
2026-08-06 03:32:37.137942 [INFO] iso15118_charge  :: Starting SDP server with address: ::
2026-08-06 03:32:37.425597 [INFO] evse_manager:Ev  :: Cleaning up any other transaction on start up
2026-08-06 03:32:37.514587 [INFO] evse_manager:Ev  :: 🌀🌀🌀 Ready to start charging 🌀🌀🌀
2026-08-06 03:33:14.709498 [INFO] ev_manager:EvMa  :: Finished simulation.
2026-08-06 03:33:21.475886 [INFO] evse_manager:Ev  :: SYS  Session logging started.
2026-08-06 03:33:21.476110 [INFO] evse_manager:Ev  :: EVSE IEC Session Started: EVConnected
2026-08-06 03:33:21.477386 [INFO] auth:Auth        :: Plug In event for evse#1, starting auth
2026-08-06 03:33:21.477368 [INFO] token_provider:  :: Publishing new dummy token: {
    "authorization_type": "RFID",
    "id_token": {
        "type": "ISO14443",
        "value": "[redacted] hash: CE55F71752B68164"
    },
    "parent_id_token": {
        "type": "ISO14443",
        "value": "[redacted] hash: CE55F71752B68164"
    }
}
2026-08-06 03:33:21.478554 [INFO] auth:Auth        :: Received new token: {
    "authorization_type": "RFID",
    "id_token": {
        "type": "ISO14443",
        "value": "[redacted] hash: CE55F71752B68164"
    },
    "parent_id_token": {
        "type": "ISO14443",
        "value": "[redacted] hash: CE55F71752B68164"
    }
}
2026-08-06 03:33:21.521917 [INFO] token_validator  :: Got validation request for token: [redacted] hash: CE55F71752B68164
2026-08-06 03:33:21.772283 [INFO] token_validator  :: Returning validation status: Accepted
2026-08-06 03:33:21.773731 [INFO] auth:Auth        :: Providing authorization to evse#1
2026-08-06 03:33:21.977113 [INFO] evse_manager:Ev  :: EVSE IEC Set PWM On (5.0%) took 0 ms
2026-08-06 03:33:22.102064 [INFO] auth:Auth        :: Result for token: [redacted] hash: CE55F71752B68164: USED_TO_START_TRANSACTION
2026-08-06 03:33:22.125643 [INFO] evse_manager:Ev  :: EVSE IEC EIM Authorization received
2026-08-06 03:33:22.169598 [INFO] evse_manager:Ev  :: EVSE IEC Transaction Started (0 kWh)
2026-08-06 03:33:22.170249 [INFO] evse_manager:Ev  :: EVSE IEC DC mode. We are in 5percent mode so we can continue without further action.
2026-08-06 03:33:22.170376 [INFO] evse_manager:Ev  :: EVSE IEC Charger state: Wait for Auth->PrepareCharging
2026-08-06 03:33:23.441552 [INFO] evse_manager:Ev  :: EVSE ISO SLAC MATCHED
2026-08-06 03:33:23.441552 [INFO] evse_manager:Ev  :: EVSE ISO D-LINK_READY (true)
2026-08-06 03:33:24.097518 [INFO] evse_manager:Ev  ::                                     CAR IEC Event CarRequestedPower
2026-08-06 03:33:38.613591 [INFO] iso15118_charge  :: Got SDP request from fe80::215:5dff:feca:a645%eth0
2026-08-06 03:33:38.614482 [INFO] iso15118_charge  :: Created logfile at: /home/ahzf/everest/dist/./260806_01-33-38.yaml
2026-08-06 03:33:56.835892 [INFO] iso15118_charge  :: Incoming connection from [fe80::215:5dff:feca:a645%eth0]:57986
2026-08-06 03:33:56.841821 [INFO] evse_manager:Ev  ::                                     CAR ISO V2G SupportedAppProtocolReq
2026-08-06 03:33:56.852701 [INFO] iso15118_charge  :: Received session setup with evccid: EVCC01
2026-08-06 03:33:56.853161 [INFO] iso15118_charge  :: New session created with session_id: 0xDD, 0xC2, 0x95, 0x3E, 0xE3, 0x57, 0x53, 0xAB
2026-08-06 03:33:56.885816 [INFO] evse_manager:Ev  :: EVSE ISO V2G SupportedAppProtocolRes
2026-08-06 03:33:56.886251 [INFO] evse_manager:Ev  ::                                     CAR ISO V2G SessionSetupReq
2026-08-06 03:33:56.949939 [INFO] iso15118_charge  :: Timestamp: 1785980036
2026-08-06 03:33:56.957551 [INFO] evse_manager:Ev  :: EVSE ISO V2G SessionSetupRes
2026-08-06 03:33:56.958090 [INFO] evse_manager:Ev  ::                                     CAR ISO V2G AuthorizationSetupReq
2026-08-06 03:33:57.042314 [INFO] evse_manager:Ev  :: EVSE ISO V2G AuthorizationSetupRes
2026-08-06 03:33:57.121577 [INFO] evse_manager:Ev  ::                                     CAR ISO V2G AuthorizationReq
2026-08-06 03:33:57.142428 [INFO] evse_manager:Ev  :: EVSE ISO V2G AuthorizationRes
2026-08-06 03:33:57.143721 [INFO] evse_manager:Ev  ::                                     CAR ISO V2G ServiceDiscoveryReq
2026-08-06 03:33:57.245411 [INFO] iso15118_charge  :: Requested info about ServiceID: 9
2026-08-06 03:33:57.277493 [INFO] evse_manager:Ev  :: EVSE ISO V2G ServiceDiscoveryRes
2026-08-06 03:33:57.277834 [INFO] evse_manager:Ev  ::                                     CAR ISO V2G ServiceDetailReq
2026-08-06 03:33:57.342612 [INFO] evse_manager:Ev  :: EVSE ISO V2G ServiceDetailRes
2026-08-06 03:33:57.345783 [INFO] iso15118_charge  :: Selected MCS_BPT service parameters: control mode: Scheduled, mobility needs mode: ProvidedByEvcc
2026-08-06 03:33:57.346332 [INFO] evse_manager:Ev  ::                                     CAR ISO V2G ServiceSelectionReq
2026-08-06 03:33:57.389748 [INFO] evse_manager:Ev  ::                                     CAR ISO EV selected service: MCS_BPT
2026-08-06 03:33:57.446848 [INFO] iso15118_charge  :: Max charge current 200.000000A
2026-08-06 03:33:57.446911 [INFO] iso15118_charge  :: Max discharge current 200.000000A
2026-08-06 03:33:57.461644 [INFO] evse_manager:Ev  :: EVSE ISO V2G ServiceSelectionRes
2026-08-06 03:33:57.461709 [INFO] evse_manager:Ev  :: Received EV maximum limits: {
    "dc_ev_maximum_current_limit": 200.0,
    "dc_ev_maximum_power_limit": 50000.0,
    "dc_ev_maximum_voltage_limit": 500.0
}
2026-08-06 03:33:57.461917 [INFO] evse_manager:Ev  ::                                     CAR ISO V2G DcChargeParameterDiscoveryReq
2026-08-06 03:33:57.549606 [INFO] evse_manager:Ev  :: EVSE ISO V2G DcChargeParameterDiscoveryRes
2026-08-06 03:33:57.549842 [INFO] evse_manager:Ev  ::                                     CAR ISO V2G ScheduleExchangeReq
2026-08-06 03:33:57.642857 [INFO] evse_manager:Ev  :: EVSE ISO V2G ScheduleExchangeRes
2026-08-06 03:33:57.647647 [INFO] evse_manager:Ev  ::                                     CAR ISO V2G DcCableCheckReq
2026-08-06 03:33:57.647908 [INFO] evse_manager:Ev  :: EVSE ISO Start cable check...
2026-08-06 03:33:57.648021 [INFO] evse_manager:Ev  ::                                     CAR ISO DC HLC Close contactor (in CableCheck)
2026-08-06 03:33:57.777512 [INFO] evse_manager:Ev  :: EVSE ISO V2G DcCableCheckRes
2026-08-06 03:33:57.809760 [INFO] evse_manager:Ev  ::                                     CAR ISO V2G DcCableCheckReq
2026-08-06 03:33:57.842971 [INFO] evse_manager:Ev  :: EVSE ISO V2G DcCableCheckRes
2026-08-06 03:33:57.903253 [INFO] evse_manager:Ev  ::                                     CAR ISO V2G DcCableCheckReq
2026-08-06 03:33:57.961491 [INFO] evse_manager:Ev  :: EVSE ISO V2G DcCableCheckRes
2026-08-06 03:33:58.005677 [INFO] evse_manager:Ev  ::                                     CAR ISO V2G DcCableCheckReq
2026-08-06 03:33:58.005677 [INFO] evse_manager:Ev  :: EVSE IEC Event PowerOn
2026-08-06 03:33:58.049576 [INFO] evse_manager:Ev  :: EVSE ISO V2G DcCableCheckRes
2026-08-06 03:33:58.078644 [INFO] evse_manager:Ev  :: EV reports 500 V as maximum voltage
2026-08-06 03:33:58.078833 [INFO] evse_manager:Ev  :: EVSE IEC DC power supply set: 500.00V/2.00A, requested was 500.00V/2.00A.
2026-08-06 03:33:58.080941 [INFO] evse_manager:Ev  :: CableCheck: Using 500 V
2026-08-06 03:33:58.081061 [INFO] evse_manager:Ev  :: EVSE IEC DC power supply: switch ON called, ChargingPhase: CableCheck
2026-08-06 03:33:58.121564 [INFO] powersupply_dc:  :: Set mode: Export ChargingPhase: CableCheck
2026-08-06 03:33:58.129422 [INFO] evse_manager:Ev  ::                                     CAR ISO V2G DcCableCheckReq
2026-08-06 03:33:58.143486 [INFO] evse_manager:Ev  :: EVSE ISO V2G DcCableCheckRes
2026-08-06 03:33:58.198724 [INFO] evse_manager:Ev  ::                                     CAR ISO V2G DcCableCheckReq
2026-08-06 03:33:58.281563 [INFO] evse_manager:Ev  :: EVSE ISO V2G DcCableCheckRes
2026-08-06 03:33:58.298030 [INFO] evse_manager:Ev  ::                                     CAR ISO V2G DcCableCheckReq
2026-08-06 03:33:58.343592 [INFO] evse_manager:Ev  :: EVSE ISO V2G DcCableCheckRes
2026-08-06 03:33:58.394715 [INFO] evse_manager:Ev  ::                                     CAR ISO V2G DcCableCheckReq
2026-08-06 03:33:58.465658 [INFO] evse_manager:Ev  :: EVSE ISO V2G DcCableCheckRes
2026-08-06 03:33:58.509460 [INFO] evse_manager:Ev  :: CableCheck: IMD self test started.
2026-08-06 03:33:58.553406 [INFO] evse_manager:Ev  ::                                     CAR ISO V2G DcCableCheckReq
2026-08-06 03:33:58.553828 [INFO] evse_manager:Ev  :: EVSE ISO V2G DcCableCheckRes
2026-08-06 03:33:58.559131 [INFO] evse_manager:Ev  :: EVSE ISO Change HLC Limits: 22080W/200A, target_voltage 0, actual_voltage 500, bpt_active false
2026-08-06 03:33:58.601541 [INFO] evse_manager:Ev  ::                                     CAR ISO V2G DcCableCheckReq
2026-08-06 03:33:58.645492 [INFO] evse_manager:Ev  :: EVSE ISO V2G DcCableCheckRes
2026-08-06 03:33:58.697867 [INFO] evse_manager:Ev  ::                                     CAR ISO V2G DcCableCheckReq
2026-08-06 03:33:58.781485 [INFO] evse_manager:Ev  :: EVSE ISO V2G DcCableCheckRes
2026-08-06 03:33:58.798049 [INFO] evse_manager:Ev  ::                                     CAR ISO V2G DcCableCheckReq
2026-08-06 03:33:58.843814 [INFO] evse_manager:Ev  :: EVSE ISO V2G DcCableCheckRes
2026-08-06 03:33:58.897931 [INFO] evse_manager:Ev  ::                                     CAR ISO V2G DcCableCheckReq
2026-08-06 03:33:58.961663 [INFO] evse_manager:Ev  :: EVSE ISO V2G DcCableCheckRes
2026-08-06 03:33:59.029508 [INFO] evse_manager:Ev  ::                                     CAR ISO V2G DcCableCheckReq
2026-08-06 03:33:59.043876 [INFO] evse_manager:Ev  :: EVSE ISO V2G DcCableCheckRes
2026-08-06 03:33:59.125558 [INFO] evse_manager:Ev  ::                                     CAR ISO V2G DcCableCheckReq
2026-08-06 03:33:59.143997 [INFO] evse_manager:Ev  :: EVSE ISO V2G DcCableCheckRes
2026-08-06 03:33:59.198289 [INFO] evse_manager:Ev  ::                                     CAR ISO V2G DcCableCheckReq
2026-08-06 03:33:59.289448 [INFO] evse_manager:Ev  :: EVSE ISO V2G DcCableCheckRes
2026-08-06 03:33:59.289672 [INFO] evse_manager:Ev  ::                                     CAR ISO V2G DcCableCheckReq
2026-08-06 03:33:59.344154 [INFO] evse_manager:Ev  :: EVSE ISO V2G DcCableCheckRes
2026-08-06 03:33:59.398016 [INFO] evse_manager:Ev  ::                                     CAR ISO V2G DcCableCheckReq
2026-08-06 03:33:59.461521 [INFO] evse_manager:Ev  :: EVSE ISO V2G DcCableCheckRes
2026-08-06 03:33:59.533563 [INFO] evse_manager:Ev  ::                                     CAR ISO V2G DcCableCheckReq
2026-08-06 03:33:59.544239 [INFO] evse_manager:Ev  :: EVSE ISO V2G DcCableCheckRes
2026-08-06 03:33:59.598354 [INFO] evse_manager:Ev  ::                                     CAR ISO V2G DcCableCheckReq
2026-08-06 03:33:59.644254 [INFO] evse_manager:Ev  :: EVSE ISO V2G DcCableCheckRes
2026-08-06 03:33:59.697580 [INFO] evse_manager:Ev  ::                                     CAR ISO V2G DcCableCheckReq
2026-08-06 03:33:59.744147 [INFO] evse_manager:Ev  :: EVSE ISO V2G DcCableCheckRes
2026-08-06 03:33:59.797914 [INFO] evse_manager:Ev  ::                                     CAR ISO V2G DcCableCheckReq
2026-08-06 03:33:59.844479 [INFO] evse_manager:Ev  :: EVSE ISO V2G DcCableCheckRes
2026-08-06 03:33:59.891221 [INFO] evse_manager:Ev  ::                                     CAR ISO V2G DcCableCheckReq
2026-08-06 03:33:59.965585 [INFO] evse_manager:Ev  :: EVSE ISO V2G DcCableCheckRes
2026-08-06 03:34:00.009586 [INFO] evse_manager:Ev  ::                                     CAR ISO V2G DcCableCheckReq
2026-08-06 03:34:00.044677 [INFO] evse_manager:Ev  :: EVSE ISO V2G DcCableCheckRes
2026-08-06 03:34:00.125476 [INFO] evse_manager:Ev  ::                                     CAR ISO V2G DcCableCheckReq
2026-08-06 03:34:00.144557 [INFO] evse_manager:Ev  :: EVSE ISO V2G DcCableCheckRes
2026-08-06 03:34:00.201512 [INFO] evse_manager:Ev  ::                                     CAR ISO V2G DcCableCheckReq
2026-08-06 03:34:00.244778 [INFO] evse_manager:Ev  :: EVSE ISO V2G DcCableCheckRes
2026-08-06 03:34:00.310114 [INFO] evse_manager:Ev  ::                                     CAR ISO V2G DcCableCheckReq
2026-08-06 03:34:00.344686 [INFO] evse_manager:Ev  :: EVSE ISO V2G DcCableCheckRes
2026-08-06 03:34:00.404741 [INFO] evse_manager:Ev  ::                                     CAR ISO V2G DcCableCheckReq
2026-08-06 03:34:00.461532 [INFO] evse_manager:Ev  :: EVSE ISO V2G DcCableCheckRes
2026-08-06 03:34:00.505587 [INFO] evse_manager:Ev  ::                                     CAR ISO V2G DcCableCheckReq
2026-08-06 03:34:00.545071 [INFO] evse_manager:Ev  :: EVSE ISO V2G DcCableCheckRes
2026-08-06 03:34:00.605804 [INFO] evse_manager:Ev  ::                                     CAR ISO V2G DcCableCheckReq
2026-08-06 03:34:00.645042 [INFO] evse_manager:Ev  :: EVSE ISO V2G DcCableCheckRes
2026-08-06 03:34:00.701099 [INFO] evse_manager:Ev  ::                                     CAR ISO V2G DcCableCheckReq
2026-08-06 03:34:00.753495 [INFO] evse_manager:Ev  :: EVSE ISO V2G DcCableCheckRes
2026-08-06 03:34:00.810607 [INFO] evse_manager:Ev  ::                                     CAR ISO V2G DcCableCheckReq
2026-08-06 03:34:00.845132 [INFO] evse_manager:Ev  :: EVSE ISO V2G DcCableCheckRes
2026-08-06 03:34:00.904282 [INFO] evse_manager:Ev  ::                                     CAR ISO V2G DcCableCheckReq
2026-08-06 03:34:00.961495 [INFO] evse_manager:Ev  :: EVSE ISO V2G DcCableCheckRes
2026-08-06 03:34:01.033476 [INFO] evse_manager:Ev  ::                                     CAR ISO V2G DcCableCheckReq
2026-08-06 03:34:01.045347 [INFO] evse_manager:Ev  :: EVSE ISO V2G DcCableCheckRes
2026-08-06 03:34:01.129439 [INFO] evse_manager:Ev  ::                                     CAR ISO V2G DcCableCheckReq
2026-08-06 03:34:01.145401 [INFO] evse_manager:Ev  :: EVSE ISO V2G DcCableCheckRes
2026-08-06 03:34:01.200798 [INFO] evse_manager:Ev  ::                                     CAR ISO V2G DcCableCheckReq
2026-08-06 03:34:01.245526 [INFO] evse_manager:Ev  :: EVSE ISO V2G DcCableCheckRes
2026-08-06 03:34:01.311247 [INFO] evse_manager:Ev  ::                                     CAR ISO V2G DcCableCheckReq
2026-08-06 03:34:01.345544 [INFO] evse_manager:Ev  :: EVSE ISO V2G DcCableCheckRes
2026-08-06 03:34:01.406775 [INFO] evse_manager:Ev  ::                                     CAR ISO V2G DcCableCheckReq
2026-08-06 03:34:01.465547 [INFO] evse_manager:Ev  :: EVSE ISO V2G DcCableCheckRes
2026-08-06 03:34:01.479880 [INFO] evse_manager:Ev  :: EVSE IEC Isolation monitor self test result: true
2026-08-06 03:34:01.525526 [INFO] imd:IMDSimulato  :: Started simulated isolation monitoring with 1000 ms interval2026-08-06 03:34:01.525577 [INFO] evse_manager:Ev  ::                                     CAR ISO V2G DcCableCheckReq

2026-08-06 03:34:01.526230 [INFO] evse_manager:Ev  :: CableCheck: Waiting for 1 isolation measurement sample(s)
2026-08-06 03:34:01.569593 [INFO] evse_manager:Ev  :: EVSE ISO V2G DcCableCheckRes
2026-08-06 03:34:01.569706 [INFO] evse_manager:Ev  :: EVSE IEC Isolation measurement Ok R_F 900000.
2026-08-06 03:34:01.613451 [INFO] evse_manager:Ev  ::                                     CAR ISO V2G DcCableCheckReq
2026-08-06 03:34:01.645935 [INFO] evse_manager:Ev  :: EVSE ISO V2G DcCableCheckRes
2026-08-06 03:34:01.646230 [INFO] evse_manager:Ev  :: EVSE IEC DC power supply OFF
2026-08-06 03:34:01.647017 [INFO] powersupply_dc:  :: Set mode: Off ChargingPhase: CableCheck
2026-08-06 03:34:01.702368 [INFO] evse_manager:Ev  ::                                     CAR ISO V2G DcCableCheckReq
2026-08-06 03:34:01.745915 [INFO] evse_manager:Ev  :: EVSE ISO V2G DcCableCheckRes
2026-08-06 03:34:01.796739 [INFO] evse_manager:Ev  ::                                     CAR ISO V2G DcCableCheckReq
2026-08-06 03:34:01.889585 [INFO] evse_manager:Ev  :: EVSE ISO V2G DcCableCheckRes
2026-08-06 03:34:01.906653 [INFO] evse_manager:Ev  ::                                     CAR ISO V2G DcCableCheckReq
2026-08-06 03:34:01.921329 [INFO] evse_manager:Ev  :: CableCheck done, output is below 60V
2026-08-06 03:34:01.965518 [INFO] evse_manager:Ev  :: EVSE ISO V2G DcCableCheckRes
2026-08-06 03:34:02.037593 [INFO] evse_manager:Ev  ::                                     CAR ISO V2G DcCableCheckReq
2026-08-06 03:34:02.046008 [INFO] evse_manager:Ev  :: EVSE ISO V2G DcCableCheckRes
2026-08-06 03:34:02.047098 [INFO] evse_manager:Ev  ::                                     CAR ISO V2G DcPreChargeReq
2026-08-06 03:34:02.125606 [INFO] evse_manager:Ev  :: EVSE IEC DC power supply set: 400.00V/1.00A, requested was 400.00V/0.00A.
2026-08-06 03:34:02.169533 [INFO] evse_manager:Ev  :: EVSE IEC DC power supply: switch ON called, ChargingPhase: PreCharge
2026-08-06 03:34:02.169622 [INFO] evse_manager:Ev  :: EVSE ISO V2G DcPreChargeRes
2026-08-06 03:34:02.169933 [INFO] evse_manager:Ev  ::                                     CAR ISO V2G PowerDeliveryReq
2026-08-06 03:34:02.170627 [INFO] powersupply_dc:  :: Set mode: Export ChargingPhase: PreCharge
2026-08-06 03:34:02.261455 [INFO] evse_manager:Ev  :: EVSE IEC DC power supply: switch ON in export mode
2026-08-06 03:34:02.261475 [INFO] evse_manager:Ev  :: EVSE IEC DC power supply set: 400.00V/120.00A, requested was 400.00V/120.00A.
2026-08-06 03:34:02.261458 [INFO] evse_manager:Ev  :: EVSE ISO V2G PowerDeliveryRes
2026-08-06 03:34:02.261874 [INFO] evse_manager:Ev  ::                                     CAR ISO V2G DcChargeLoopReq
2026-08-06 03:34:02.262779 [INFO] powersupply_dc:  :: Set mode: Export ChargingPhase: Charging
2026-08-06 03:34:02.305747 [INFO] evse_manager:Ev  :: EVSE IEC DC power supply set: 400.00V/1.00A, requested was 400.00V/0.00A.
2026-08-06 03:34:02.353537 [INFO] evse_manager:Ev  :: VoltagePlausibilityMonitor, start monitoring
2026-08-06 03:34:02.353561 [INFO] evse_manager:Ev  :: EVSE ISO V2G DcChargeLoopRes
2026-08-06 03:34:02.405184 [INFO] evse_manager:Ev  ::                                     CAR ISO V2G DcChargeLoopReq
2026-08-06 03:34:02.405286 [INFO] evse_manager:Ev  :: EVSE IEC DC power supply set: 400.00V/120.00A, requested was 400.00V/120.00A.
2026-08-06 03:34:02.412266 [INFO] evse_manager:Ev  :: EVSE IEC Charger state: PrepareCharging->Charging
2026-08-06 03:34:02.413146 [INFO] evse_manager:Ev  :: Timing statistics (Plugin to CurrentDemand)
2026-08-06 03:34:02.413170 [INFO] evse_manager:Ev  :: -------------------------------------------
2026-08-06 03:34:02.413177 [INFO] evse_manager:Ev  :: ConnSetup | HLC_PWM_5%_ON: 639 ms | D-LINK_READY: 1461 ms | Auth EIM Done: 33555 ms | Total: 36262 ms
2026-08-06 03:34:02.413184 [INFO] evse_manager:Ev  :: CableCheck | <60V: 0 ms | Relay On: 430 ms | EVInfo: 0 ms | VRampUp: 339 ms | Self test: 3062 ms | Measure: 89 ms | VRampDown: 351 ms | Total: 4342 ms
2026-08-06 03:34:02.413189 [INFO] evse_manager:Ev  :: PrepareCharging | Charging started: 422 ms | Total: 422 ms
2026-08-06 03:34:02.413195 [INFO] evse_manager:Ev  :: Total duration all phases: 41027 ms
2026-08-06 03:34:02.457718 [INFO] evse_manager:Ev  :: EVSE ISO V2G DcChargeLoopRes
2026-08-06 03:34:02.505582 [INFO] evse_manager:Ev  ::                                     CAR ISO V2G DcChargeLoopReq
2026-08-06 03:34:02.541019 [INFO] evse_manager:Ev  :: EVSE IEC Isolation measurement Ok R_F 900000.
2026-08-06 03:34:02.585616 [INFO] evse_manager:Ev  :: EVSE ISO V2G DcChargeLoopRes
2026-08-06 03:34:02.629443 [INFO] evse_manager:Ev  :: VoltagePlausibilityMonitor, stop monitoring
2026-08-06 03:34:02.629549 [INFO] evse_manager:Ev  :: EVSE IEC DC power supply OFF
2026-08-06 03:34:02.629550 [INFO] evse_manager:Ev  ::                                     CAR ISO V2G PowerDeliveryReq
2026-08-06 03:34:02.629550 [INFO] evse_manager:Ev  :: EVSE IEC DC power supply OFF
2026-08-06 03:34:02.630385 [INFO] powersupply_dc:  :: Set mode: Off ChargingPhase: Charging
2026-08-06 03:34:02.630677 [INFO] powersupply_dc:  :: Set mode: Off ChargingPhase: Charging
2026-08-06 03:34:02.673691 [INFO] evse_manager:Ev  :: EVSE ISO V2G PowerDeliveryRes
2026-08-06 03:34:02.673927 [INFO] evse_manager:Ev  ::                                     CAR ISO V2G DcWeldingDetectionReq
2026-08-06 03:34:02.674497 [INFO] imd:IMDSimulato  :: Stopped simulated isolation monitoring
2026-08-06 03:34:02.746636 [INFO] evse_manager:Ev  :: EVSE ISO V2G DcWeldingDetectionRes
2026-08-06 03:34:02.748223 [INFO] evse_manager:Ev  ::                                     CAR ISO V2G SessionStopReq
2026-08-06 03:34:02.846639 [INFO] evse_manager:Ev  :: EVSE ISO V2G SessionStopRes
2026-08-06 03:34:02.850156 [INFO] evse_manager:Ev  :: EVSE ISO Change HLC Limits: 22080W/55.2A, target_voltage 400, actual_voltage 400, bpt_active false
2026-08-06 03:34:02.938630 [INFO] evse_manager:Ev  :: EVSE IEC DC power supply set: 400.00V/120.00A, requested was 400.00V/120.00A.
2026-08-06 03:34:04.010740 [INFO] evse_manager:Ev  :: EVSE ISO Change HLC Limits: 22080W/55.2A, target_voltage 400, actual_voltage 0, bpt_active false
2026-08-06 03:34:07.846050 [INFO] iso15118_charge  :: Closing TCP connection
2026-08-06 03:34:09.120828 [INFO] evse_manager:Ev  :: EVSE IEC DC power supply set: 400.00V/55.20A, requested was 400.00V/55.20A.
2026-08-06 03:34:09.165546 [INFO] evse_manager:Ev  :: EVSE IEC DC power supply: switch ON called, ChargingPhase: Other
2026-08-06 03:34:09.166610 [INFO] powersupply_dc:  :: Set mode: Export ChargingPhase: Other
2026-08-06 03:34:09.209491 [WARN] evse_manager:Ev void module::EvseManager::process_dc_ev_target_voltage_current(const types::iso15118::DcEvseMaximumLimits&) :: EV ignores new EVSE max limits. Setting target current to new EVSE max limits
2026-08-06 03:34:09.846475 [INFO] iso15118_charge  :: TCP connection closed gracefully
2026-08-06 03:34:09.846558 [INFO] iso15118_charge  :: Connection is closed
2026-08-06 03:34:09.847392 [INFO] evse_manager:Ev  :: EVSE ISO D-LINK_TERMINATE.req
2026-08-06 03:34:09.847530 [INFO] evse_manager:Ev  :: EVSE IEC Set PWM Off
2026-08-06 03:34:09.937616 [INFO] evse_manager:Ev  :: EVSE ISO SLAC UNMATCHED
2026-08-06 03:34:09.937609 [INFO] evse_manager:Ev  :: EVSE ISO D-LINK_READY (false)
2026-08-06 03:34:10.433890 [INFO] evse_manager:Ev  :: EVSE ISO Change HLC Limits: 22080W/55.2A, target_voltage 400, actual_voltage 400, bpt_active false
2026-08-06 03:34:15.616942 [INFO] evse_manager:Ev  :: EVSE IEC DC power supply set: 400.00V/55.20A, requested was 400.00V/55.20A.
2026-08-06 03:34:15.661348 [WARN] evse_manager:Ev void module::EvseManager::process_dc_ev_target_voltage_current(const types::iso15118::DcEvseMaximumLimits&) :: EV ignores new EVSE max limits. Setting target current to new EVSE max limits
2026-08-06 03:34:15.891114 [WARN] evse_manager:Ev std::queue<module::CPEvent> module::IECStateMachine::state_machine(std::optional<module::RawCPState>) :: Timeout of 6 seconds reached, EV did not go back to state B after PWM was switched off. Powering off under load.
2026-08-06 03:34:16.095212 [INFO] evse_manager:Ev  :: EVSE IEC Event PowerOff
2026-08-06 03:34:20.700597 [WARN] evse_manager:Ev void module::EvseManager::process_dc_ev_target_voltage_current(const types::iso15118::DcEvseMaximumLimits&) :: EV ignores new EVSE max limits. Setting target current to new EVSE max limits
2026-08-06 03:37:08.725455 [INFO] ev_manager:EvMa  :: Finished simulation.
2026-08-06 03:37:09.005566 [INFO] evse_manager:Ev  ::                                     CAR IEC Event CarUnplugged
2026-08-06 03:37:09.005753 [INFO] evse_manager:Ev  :: EVSE IEC Stop in Charging: [EV unplugged]
2026-08-06 03:37:09.005844 [INFO] evse_manager:Ev  :: EVSE IEC Charger state: Charging->StoppingCharging
2026-08-06 03:37:09.093449 [INFO] evse_manager:Ev  :: EVSE IEC Charger state: StoppingCharging->Finished
2026-08-06 03:37:09.137967 [INFO] evse_manager:Ev  :: EVSE IEC Transaction Finished: EVDisconnected (1.108572265625 kWh)
2026-08-06 03:37:09.138326 [INFO] evse_manager:Ev  :: EVSE IEC DC power supply OFF
2026-08-06 03:37:09.187153 [INFO] powersupply_dc:  :: Set mode: Off ChargingPhase: Other
2026-08-06 03:37:09.281885 [INFO] evse_manager:Ev  :: EVSE IEC Session Finished
2026-08-06 03:37:09.282111 [INFO] evse_manager:Ev  :: SYS  Session logging stopped.
2026-08-06 03:37:09.369756 [INFO] evse_manager:Ev  :: All errors cleared
2026-08-06 03:37:09.369903 [INFO] evse_manager:Ev  :: All errors cleared
2026-08-06 03:37:15.326155 [INFO] evse_manager:Ev  :: SYS  Session logging started.
2026-08-06 03:37:15.326307 [INFO] evse_manager:Ev  :: EVSE IEC Session Started: EVConnected
2026-08-06 03:37:15.327321 [INFO] auth:Auth        :: Plug In event for evse#1, starting auth
2026-08-06 03:37:15.327366 [INFO] token_provider:  :: Publishing new dummy token: {
    "authorization_type": "RFID",
    "id_token": {
        "type": "ISO14443",
        "value": "[redacted] hash: CE55F71752B68164"
    },
    "parent_id_token": {
        "type": "ISO14443",
        "value": "[redacted] hash: CE55F71752B68164"
    }
}
2026-08-06 03:37:15.328179 [INFO] auth:Auth        :: Received new token: {
    "authorization_type": "RFID",
    "id_token": {
        "type": "ISO14443",
        "value": "[redacted] hash: CE55F71752B68164"
    },
    "parent_id_token": {
        "type": "ISO14443",
        "value": "[redacted] hash: CE55F71752B68164"
    }
}
2026-08-06 03:37:15.329163 [INFO] token_validator  :: Got validation request for token: [redacted] hash: CE55F71752B68164
2026-08-06 03:37:15.579333 [INFO] token_validator  :: Returning validation status: Accepted
2026-08-06 03:37:15.580677 [INFO] auth:Auth        :: Providing authorization to evse#1
2026-08-06 03:37:15.827072 [INFO] evse_manager:Ev  :: EVSE IEC Set PWM On (5.0%) took 0 ms
2026-08-06 03:37:15.961921 [INFO] auth:Auth        :: Result for token: [redacted] hash: CE55F71752B68164: USED_TO_START_TRANSACTION
2026-08-06 03:37:15.969726 [INFO] evse_manager:Ev  :: EVSE IEC EIM Authorization received
2026-08-06 03:37:16.017545 [INFO] evse_manager:Ev  :: EVSE IEC Transaction Started (1.111638916015625 kWh)
2026-08-06 03:37:16.017960 [INFO] evse_manager:Ev  :: EVSE IEC DC mode. We are in 5percent mode so we can continue without further action.
2026-08-06 03:37:16.018124 [INFO] evse_manager:Ev  :: EVSE IEC Charger state: Wait for Auth->PrepareCharging
2026-08-06 03:37:17.517592 [INFO] evse_manager:Ev  :: EVSE ISO D-LINK_READY (true)
2026-08-06 03:37:17.517592 [INFO] evse_manager:Ev  :: EVSE ISO SLAC MATCHED
2026-08-06 03:37:17.918828 [INFO] evse_manager:Ev  ::                                     CAR IEC Event CarRequestedPower
2026-08-06 03:37:32.509786 [INFO] iso15118_charge  :: Got SDP request from fe80::215:5dff:feca:a645%eth0
2026-08-06 03:37:51.353435 [INFO] iso15118_charge  :: Incoming connection from [fe80::215:5dff:feca:a645%eth0]:46784
2026-08-06 03:37:51.361373 [INFO] evse_manager:Ev  ::                                     CAR ISO V2G SupportedAppProtocolReq
2026-08-06 03:37:51.361588 [INFO] evse_manager:Ev  :: EVSE ISO V2G SupportedAppProtocolRes
2026-08-06 03:37:51.369804 [INFO] iso15118_charge  :: Received session setup with evccid: EVCC01
2026-08-06 03:37:51.370115 [INFO] iso15118_charge  :: New session created with session_id: 0xB4, 0x77, 0xE1, 0x3D, 0x7C, 0x7F, 0x2D, 0xED
2026-08-06 03:37:51.413651 [INFO] evse_manager:Ev  ::                                     CAR ISO V2G SessionSetupReq
2026-08-06 03:37:51.459061 [INFO] evse_manager:Ev  :: EVSE ISO V2G SessionSetupRes
2026-08-06 03:37:51.467073 [INFO] iso15118_charge  :: Timestamp: 1785980271
2026-08-06 03:37:51.468009 [INFO] evse_manager:Ev  ::                                     CAR ISO V2G AuthorizationSetupReq
2026-08-06 03:37:51.559149 [INFO] evse_manager:Ev  :: EVSE ISO V2G AuthorizationSetupRes
2026-08-06 03:37:51.562933 [INFO] evse_manager:Ev  ::                                     CAR ISO V2G AuthorizationReq
2026-08-06 03:37:51.659162 [INFO] evse_manager:Ev  :: EVSE ISO V2G AuthorizationRes
2026-08-06 03:37:51.660645 [INFO] evse_manager:Ev  ::                                     CAR ISO V2G ServiceDiscoveryReq
2026-08-06 03:37:51.759389 [INFO] evse_manager:Ev  :: EVSE ISO V2G ServiceDiscoveryRes
2026-08-06 03:37:51.761989 [INFO] iso15118_charge  :: Requested info about ServiceID: 9
2026-08-06 03:37:51.762413 [INFO] evse_manager:Ev  ::                                     CAR ISO V2G ServiceDetailReq
2026-08-06 03:37:51.862516 [INFO] iso15118_charge  :: Selected MCS_BPT service parameters: control mode: Scheduled, mobility needs mode: ProvidedByEvcc
2026-08-06 03:37:51.865465 [INFO] evse_manager:Ev  :: EVSE ISO V2G ServiceDetailRes
2026-08-06 03:37:51.865573 [INFO] evse_manager:Ev  ::                                     CAR ISO EV selected service: MCS_BPT
2026-08-06 03:37:51.865815 [INFO] evse_manager:Ev  ::                                     CAR ISO V2G ServiceSelectionReq
2026-08-06 03:37:51.959376 [INFO] evse_manager:Ev  :: EVSE ISO V2G ServiceSelectionRes
2026-08-06 03:37:51.963496 [INFO] iso15118_charge  :: Max charge current 3000.000000A
2026-08-06 03:37:51.963540 [INFO] iso15118_charge  :: Max discharge current 3000.000000A
2026-08-06 03:37:51.963926 [INFO] evse_manager:Ev  ::                                     CAR ISO V2G DcChargeParameterDiscoveryReq
2026-08-06 03:37:51.964246 [INFO] evse_manager:Ev  :: Received EV maximum limits: {
    "dc_ev_maximum_current_limit": 3000.0,
    "dc_ev_maximum_power_limit": 3750000.0,
    "dc_ev_maximum_voltage_limit": 1250.0
}
2026-08-06 03:37:52.059560 [INFO] evse_manager:Ev  :: EVSE ISO V2G DcChargeParameterDiscoveryRes
2026-08-06 03:37:52.063841 [INFO] evse_manager:Ev  ::                                     CAR ISO V2G ScheduleExchangeReq
2026-08-06 03:37:52.181532 [INFO] evse_manager:Ev  :: EVSE ISO V2G ScheduleExchangeRes
2026-08-06 03:37:52.181656 [INFO] evse_manager:Ev  :: EVSE ISO Start cable check...
2026-08-06 03:37:52.181775 [INFO] evse_manager:Ev  ::                                     CAR ISO V2G DcCableCheckReq
2026-08-06 03:37:52.181940 [INFO] evse_manager:Ev  ::                                     CAR ISO DC HLC Close contactor (in CableCheck)
2026-08-06 03:37:52.259391 [INFO] evse_manager:Ev  :: EVSE ISO V2G DcCableCheckRes
2026-08-06 03:37:52.314359 [INFO] evse_manager:Ev  ::                                     CAR ISO V2G DcCableCheckReq
2026-08-06 03:37:52.322975 [INFO] evse_manager:Ev  :: EVSE IEC Event PowerOn
2026-08-06 03:37:52.365532 [INFO] evse_manager:Ev  :: EVSE ISO V2G DcCableCheckRes
2026-08-06 03:37:52.382295 [INFO] evse_manager:Ev  :: EV reports 1250 V as maximum voltage
2026-08-06 03:37:52.382477 [INFO] evse_manager:Ev  :: EVSE IEC DC power supply set: 900.00V/2.00A, requested was 900.00V/2.00A.
2026-08-06 03:37:52.425404 [INFO] evse_manager:Ev  :: CableCheck: Using 900 V
2026-08-06 03:37:52.425489 [INFO] evse_manager:Ev  ::                                     CAR ISO V2G DcCableCheckReq
2026-08-06 03:37:52.425517 [INFO] evse_manager:Ev  :: EVSE IEC DC power supply: switch ON called, ChargingPhase: CableCheck
2026-08-06 03:37:52.426589 [INFO] powersupply_dc:  :: Set mode: Export ChargingPhase: CableCheck
2026-08-06 03:37:52.473575 [INFO] evse_manager:Ev  :: EVSE ISO V2G DcCableCheckRes
2026-08-06 03:37:52.510938 [INFO] evse_manager:Ev  ::                                     CAR ISO V2G DcCableCheckReq
2026-08-06 03:37:52.559823 [INFO] evse_manager:Ev  :: EVSE ISO V2G DcCableCheckRes
2026-08-06 03:37:52.611058 [INFO] evse_manager:Ev  ::                                     CAR ISO V2G DcCableCheckReq
2026-08-06 03:37:52.659789 [INFO] evse_manager:Ev  :: EVSE ISO V2G DcCableCheckRes
2026-08-06 03:37:52.709462 [INFO] evse_manager:Ev  :: CableCheck: IMD self test started.
2026-08-06 03:37:52.753494 [INFO] evse_manager:Ev  ::                                     CAR ISO V2G DcCableCheckReq
2026-08-06 03:37:52.797460 [INFO] evse_manager:Ev  :: EVSE ISO V2G DcCableCheckRes
2026-08-06 03:37:52.810950 [INFO] evse_manager:Ev  ::                                     CAR ISO V2G DcCableCheckReq
2026-08-06 03:37:52.873444 [INFO] evse_manager:Ev  :: EVSE ISO V2G DcCableCheckRes
2026-08-06 03:37:52.917576 [INFO] evse_manager:Ev  ::                                     CAR ISO V2G DcCableCheckReq
2026-08-06 03:37:52.960192 [INFO] evse_manager:Ev  :: EVSE ISO V2G DcCableCheckRes
2026-08-06 03:37:53.011002 [INFO] evse_manager:Ev  ::                                     CAR ISO V2G DcCableCheckReq
2026-08-06 03:37:53.060122 [INFO] evse_manager:Ev  :: EVSE ISO V2G DcCableCheckRes
2026-08-06 03:37:53.110887 [INFO] evse_manager:Ev  ::                                     CAR ISO V2G DcCableCheckReq
2026-08-06 03:37:53.160163 [INFO] evse_manager:Ev  :: EVSE ISO V2G DcCableCheckRes
2026-08-06 03:37:53.206467 [INFO] evse_manager:Ev  :: EVSE ISO Change HLC Limits: 22080W/200A, target_voltage 0, actual_voltage 900, bpt_active false
2026-08-06 03:37:53.249534 [INFO] evse_manager:Ev  ::                                     CAR ISO V2G DcCableCheckReq
2026-08-06 03:37:53.301603 [INFO] evse_manager:Ev  :: EVSE ISO V2G DcCableCheckRes
2026-08-06 03:37:53.313991 [INFO] evse_manager:Ev  ::                                     CAR ISO V2G DcCableCheckReq
2026-08-06 03:37:53.373486 [INFO] evse_manager:Ev  :: EVSE ISO V2G DcCableCheckRes
2026-08-06 03:37:53.410894 [INFO] evse_manager:Ev  ::                                     CAR ISO V2G DcCableCheckReq
2026-08-06 03:37:53.460531 [INFO] evse_manager:Ev  :: EVSE ISO V2G DcCableCheckRes
2026-08-06 03:37:53.511265 [INFO] evse_manager:Ev  ::                                     CAR ISO V2G DcCableCheckReq
2026-08-06 03:37:53.560370 [INFO] evse_manager:Ev  :: EVSE ISO V2G DcCableCheckRes
2026-08-06 03:37:53.610867 [INFO] evse_manager:Ev  ::                                     CAR ISO V2G DcCableCheckReq
2026-08-06 03:37:53.660426 [INFO] evse_manager:Ev  :: EVSE ISO V2G DcCableCheckRes
2026-08-06 03:37:53.749554 [INFO] evse_manager:Ev  ::                                     CAR ISO V2G DcCableCheckReq
2026-08-06 03:37:53.793498 [INFO] evse_manager:Ev  :: EVSE ISO V2G DcCableCheckRes
2026-08-06 03:37:53.819824 [INFO] evse_manager:Ev  ::                                     CAR ISO V2G DcCableCheckReq
2026-08-06 03:37:53.877449 [INFO] evse_manager:Ev  :: EVSE ISO V2G DcCableCheckRes
2026-08-06 03:37:53.913061 [INFO] evse_manager:Ev  ::                                     CAR ISO V2G DcCableCheckReq
2026-08-06 03:37:53.960678 [INFO] evse_manager:Ev  :: EVSE ISO V2G DcCableCheckRes
2026-08-06 03:37:54.017779 [INFO] evse_manager:Ev  ::                                     CAR ISO V2G DcCableCheckReq
2026-08-06 03:37:54.060695 [INFO] evse_manager:Ev  :: EVSE ISO V2G DcCableCheckRes
2026-08-06 03:37:54.113179 [INFO] evse_manager:Ev  ::                                     CAR ISO V2G DcCableCheckReq
2026-08-06 03:37:54.160994 [INFO] evse_manager:Ev  :: EVSE ISO V2G DcCableCheckRes
2026-08-06 03:37:54.249563 [INFO] evse_manager:Ev  ::                                     CAR ISO V2G DcCableCheckReq
2026-08-06 03:37:54.260807 [INFO] evse_manager:Ev  :: EVSE ISO V2G DcCableCheckRes
2026-08-06 03:37:54.310849 [INFO] evse_manager:Ev  ::                                     CAR ISO V2G DcCableCheckReq
2026-08-06 03:37:54.365532 [INFO] evse_manager:Ev  :: EVSE ISO V2G DcCableCheckRes
2026-08-06 03:37:54.412514 [INFO] evse_manager:Ev  ::                                     CAR ISO V2G DcCableCheckReq
2026-08-06 03:37:54.461023 [INFO] evse_manager:Ev  :: EVSE ISO V2G DcCableCheckRes
2026-08-06 03:37:54.517627 [INFO] evse_manager:Ev  ::                                     CAR ISO V2G DcCableCheckReq
2026-08-06 03:37:54.561017 [INFO] evse_manager:Ev  :: EVSE ISO V2G DcCableCheckRes
2026-08-06 03:37:54.613264 [INFO] evse_manager:Ev  ::                                     CAR ISO V2G DcCableCheckReq
2026-08-06 03:37:54.661030 [INFO] evse_manager:Ev  :: EVSE ISO V2G DcCableCheckRes
2026-08-06 03:37:54.749486 [INFO] evse_manager:Ev  ::                                     CAR ISO V2G DcCableCheckReq
2026-08-06 03:37:54.793484 [INFO] evse_manager:Ev  :: EVSE ISO V2G DcCableCheckRes
2026-08-06 03:37:54.819819 [INFO] evse_manager:Ev  ::                                     CAR ISO V2G DcCableCheckReq
2026-08-06 03:37:54.877398 [INFO] evse_manager:Ev  :: EVSE ISO V2G DcCableCheckRes
2026-08-06 03:37:54.919921 [INFO] evse_manager:Ev  ::                                     CAR ISO V2G DcCableCheckReq
2026-08-06 03:37:54.961380 [INFO] evse_manager:Ev  :: EVSE ISO V2G DcCableCheckRes
2026-08-06 03:37:55.012944 [INFO] evse_manager:Ev  ::                                     CAR ISO V2G DcCableCheckReq
2026-08-06 03:37:55.061414 [INFO] evse_manager:Ev  :: EVSE ISO V2G DcCableCheckRes
2026-08-06 03:37:55.117666 [INFO] evse_manager:Ev  ::                                     CAR ISO V2G DcCableCheckReq
2026-08-06 03:37:55.161432 [INFO] evse_manager:Ev  :: EVSE ISO V2G DcCableCheckRes
2026-08-06 03:37:55.249519 [INFO] evse_manager:Ev  ::                                     CAR ISO V2G DcCableCheckReq
2026-08-06 03:37:55.261517 [INFO] evse_manager:Ev  :: EVSE ISO V2G DcCableCheckRes
2026-08-06 03:37:55.319896 [INFO] evse_manager:Ev  ::                                     CAR ISO V2G DcCableCheckReq
2026-08-06 03:37:55.381569 [INFO] evse_manager:Ev  :: EVSE ISO V2G DcCableCheckRes
2026-08-06 03:37:55.429499 [INFO] evse_manager:Ev  ::                                     CAR ISO V2G DcCableCheckReq
2026-08-06 03:37:55.461710 [INFO] evse_manager:Ev  :: EVSE ISO V2G DcCableCheckRes
2026-08-06 03:37:55.518147 [INFO] evse_manager:Ev  ::                                     CAR ISO V2G DcCableCheckReq
2026-08-06 03:37:55.561752 [INFO] evse_manager:Ev  :: EVSE ISO V2G DcCableCheckRes
2026-08-06 03:37:55.617847 [INFO] evse_manager:Ev  ::                                     CAR ISO V2G DcCableCheckReq
2026-08-06 03:37:55.661623 [INFO] evse_manager:Ev  :: EVSE ISO V2G DcCableCheckRes
2026-08-06 03:37:55.705400 [INFO] evse_manager:Ev  :: EVSE IEC Isolation monitor self test result: true
2026-08-06 03:37:55.713296 [INFO] imd:IMDSimulato  :: Started simulated isolation monitoring with 1000 ms interval
2026-08-06 03:37:55.749648 [INFO] evse_manager:Ev  :: CableCheck: Waiting for 1 isolation measurement sample(s)
2026-08-06 03:37:55.749723 [INFO] evse_manager:Ev  ::                                     CAR ISO V2G DcCableCheckReq
2026-08-06 03:37:55.749835 [INFO] evse_manager:Ev  :: EVSE IEC Isolation measurement Ok R_F 900000.
2026-08-06 03:37:55.793501 [INFO] evse_manager:Ev  :: EVSE ISO V2G DcCableCheckRes
2026-08-06 03:37:55.793618 [INFO] evse_manager:Ev  :: EVSE IEC DC power supply OFF
2026-08-06 03:37:55.794510 [INFO] powersupply_dc:  :: Set mode: Off ChargingPhase: CableCheck
2026-08-06 03:37:55.837496 [INFO] evse_manager:Ev  ::                                     CAR ISO V2G DcCableCheckReq
2026-08-06 03:37:55.881500 [INFO] evse_manager:Ev  :: EVSE ISO V2G DcCableCheckRes
2026-08-06 03:37:55.913588 [INFO] evse_manager:Ev  ::                                     CAR ISO V2G DcCableCheckReq
2026-08-06 03:37:55.962007 [INFO] evse_manager:Ev  :: EVSE ISO V2G DcCableCheckRes
2026-08-06 03:37:56.013340 [INFO] evse_manager:Ev  ::                                     CAR ISO V2G DcCableCheckReq
2026-08-06 03:37:56.062038 [INFO] evse_manager:Ev  :: EVSE ISO V2G DcCableCheckRes
2026-08-06 03:37:56.117754 [INFO] evse_manager:Ev  ::                                     CAR ISO V2G DcCableCheckReq
2026-08-06 03:37:56.162164 [INFO] evse_manager:Ev  :: EVSE ISO V2G DcCableCheckRes
2026-08-06 03:37:56.164084 [INFO] evse_manager:Ev  :: CableCheck done, output is below 60V
2026-08-06 03:37:56.267351 [INFO] evse_manager:Ev  ::                                     CAR ISO V2G DcCableCheckReq
2026-08-06 03:37:56.267545 [INFO] evse_manager:Ev  :: EVSE ISO V2G DcCableCheckRes
2026-08-06 03:37:56.309694 [INFO] evse_manager:Ev  ::                                     CAR ISO V2G DcPreChargeReq
2026-08-06 03:37:56.385535 [INFO] evse_manager:Ev  :: EVSE ISO V2G DcPreChargeRes
2026-08-06 03:37:56.385535 [INFO] evse_manager:Ev  :: EVSE IEC DC power supply set: 400.00V/1.00A, requested was 400.00V/0.00A.
2026-08-06 03:37:56.385787 [INFO] evse_manager:Ev  ::                                     CAR ISO V2G PowerDeliveryReq
2026-08-06 03:37:56.429451 [INFO] evse_manager:Ev  :: EVSE IEC DC power supply: switch ON called, ChargingPhase: PreCharge
2026-08-06 03:37:56.430294 [INFO] powersupply_dc:  :: Set mode: Export ChargingPhase: PreCharge
2026-08-06 03:37:56.473748 [INFO] evse_manager:Ev  :: EVSE ISO V2G PowerDeliveryRes
2026-08-06 03:37:56.473771 [INFO] evse_manager:Ev  :: EVSE IEC DC power supply: switch ON in export mode
2026-08-06 03:37:56.473984 [INFO] evse_manager:Ev  ::                                     CAR ISO V2G DcChargeLoopReq
2026-08-06 03:37:56.474431 [INFO] evse_manager:Ev  :: EVSE ISO Change HLC Limits: 22080W/55.2A, target_voltage 400, actual_voltage 0, bpt_active false
2026-08-06 03:37:56.477330 [INFO] powersupply_dc:  :: Set mode: Export ChargingPhase: Charging
2026-08-06 03:37:56.521444 [INFO] evse_manager:Ev  :: EVSE IEC DC power supply set: 400.00V/1.00A, requested was 400.00V/0.00A.
2026-08-06 03:37:56.521444 [INFO] evse_manager:Ev  :: EVSE IEC DC power supply set: 400.00V/1.18A, requested was 400.00V/1.18A.
2026-08-06 03:37:56.565417 [INFO] evse_manager:Ev  :: VoltagePlausibilityMonitor, start monitoring
2026-08-06 03:37:56.565488 [INFO] evse_manager:Ev  :: EVSE ISO V2G DcChargeLoopRes
2026-08-06 03:37:56.609475 [INFO] evse_manager:Ev  :: EVSE IEC DC power supply set: 400.00V/3.35A, requested was 400.00V/3.35A.
2026-08-06 03:37:56.629132 [INFO] evse_manager:Ev  :: EVSE IEC Charger state: PrepareCharging->Charging
2026-08-06 03:37:56.629848 [INFO] evse_manager:Ev  ::                                     CAR ISO V2G DcChargeLoopReq
2026-08-06 03:37:56.630269 [INFO] evse_manager:Ev  :: Timing statistics (Plugin to CurrentDemand)
2026-08-06 03:37:56.630288 [INFO] evse_manager:Ev  :: -------------------------------------------
2026-08-06 03:37:56.630295 [INFO] evse_manager:Ev  :: ConnSetup | HLC_PWM_5%_ON: 639 ms | D-LINK_READY: 1691 ms | Auth EIM Done: 33948 ms | Total: 36951 ms
2026-08-06 03:37:56.630301 [INFO] evse_manager:Ev  :: CableCheck | <60V: 0 ms | Relay On: 200 ms | EVInfo: 0 ms | VRampUp: 278 ms | Self test: 3044 ms | Measure: 44 ms | VRampDown: 414 ms | Total: 4067 ms
2026-08-06 03:37:56.630307 [INFO] evse_manager:Ev  :: PrepareCharging | Charging started: 380 ms | Total: 380 ms
2026-08-06 03:37:56.630313 [INFO] evse_manager:Ev  :: Total duration all phases: 41399 ms
2026-08-06 03:37:56.630411 [INFO] evse_manager:Ev  :: EVSE IEC DC power supply set: 400.00V/3.85A, requested was 400.00V/3.85A.
2026-08-06 03:37:56.673479 [WARN] evse_manager:Ev void module::EvseManager::process_dc_ev_target_voltage_current(const types::iso15118::DcEvseMaximumLimits&) :: EV ignores new EVSE max limits. Setting target current to new EVSE max limits
2026-08-06 03:37:56.673533 [INFO] evse_manager:Ev  :: EVSE ISO V2G DcChargeLoopRes
2026-08-06 03:37:56.717496 [INFO] evse_manager:Ev  ::                                     CAR ISO V2G DcChargeLoopReq
2026-08-06 03:37:56.717572 [INFO] evse_manager:Ev  :: EVSE IEC DC power supply set: 400.00V/6.02A, requested was 400.00V/6.02A.
2026-08-06 03:37:56.761379 [WARN] evse_manager:Ev void module::EvseManager::process_dc_ev_target_voltage_current(const types::iso15118::DcEvseMaximumLimits&) :: EV ignores new EVSE max limits. Setting target current to new EVSE max limits
2026-08-06 03:37:56.761461 [INFO] evse_manager:Ev  :: EVSE IEC Isolation measurement Ok R_F 900000.
2026-08-06 03:37:56.762194 [INFO] evse_manager:Ev  :: EVSE ISO V2G DcChargeLoopRes
2026-08-06 03:37:56.885544 [INFO] evse_manager:Ev  :: VoltagePlausibilityMonitor, stop monitoring
2026-08-06 03:37:56.885598 [INFO] evse_manager:Ev  ::                                     CAR ISO V2G PowerDeliveryReq
2026-08-06 03:37:56.885682 [INFO] evse_manager:Ev  :: EVSE IEC DC power supply OFF
2026-08-06 03:37:56.885672 [INFO] evse_manager:Ev  :: EVSE IEC DC power supply OFF
2026-08-06 03:37:56.886867 [INFO] powersupply_dc:  :: Set mode: Off ChargingPhase: Charging
2026-08-06 03:37:56.887211 [INFO] powersupply_dc:  :: Set mode: Off ChargingPhase: Charging
2026-08-06 03:37:56.933558 [INFO] evse_manager:Ev  :: EVSE ISO V2G PowerDeliveryRes
2026-08-06 03:37:56.933821 [INFO] evse_manager:Ev  ::                                     CAR ISO V2G DcWeldingDetectionReq
2026-08-06 03:37:56.934515 [INFO] imd:IMDSimulato  :: Stopped simulated isolation monitoring
2026-08-06 03:37:56.977507 [INFO] evse_manager:Ev  :: EVSE ISO V2G DcWeldingDetectionRes
2026-08-06 03:37:56.977734 [INFO] evse_manager:Ev  ::                                     CAR ISO V2G SessionStopReq
2026-08-06 03:37:57.062750 [INFO] evse_manager:Ev  :: EVSE ISO V2G SessionStopRes
2026-08-06 03:38:01.836630 [INFO] evse_manager:Ev  :: EVSE IEC DC power supply set: 400.00V/55.20A, requested was 400.00V/55.20A.
2026-08-06 03:38:01.885578 [INFO] evse_manager:Ev  :: EVSE IEC DC power supply: switch ON called, ChargingPhase: Other
2026-08-06 03:38:01.886644 [INFO] powersupply_dc:  :: Set mode: Export ChargingPhase: Other
2026-08-06 03:38:01.929437 [WARN] evse_manager:Ev void module::EvseManager::process_dc_ev_target_voltage_current(const types::iso15118::DcEvseMaximumLimits&) :: EV ignores new EVSE max limits. Setting target current to new EVSE max limits
2026-08-06 03:38:02.062273 [INFO] iso15118_charge  :: Closing TCP connection
2026-08-06 03:38:02.962383 [INFO] evse_manager:Ev  :: EVSE ISO Change HLC Limits: 22080W/55.2A, target_voltage 400, actual_voltage 400, bpt_active false
2026-08-06 03:38:04.062581 [INFO] iso15118_charge  :: TCP connection closed gracefully
2026-08-06 03:38:04.062650 [INFO] iso15118_charge  :: Connection is closed
2026-08-06 03:38:04.101510 [INFO] evse_manager:Ev  :: EVSE ISO D-LINK_TERMINATE.req
2026-08-06 03:38:04.101697 [INFO] evse_manager:Ev  :: EVSE IEC Set PWM Off
2026-08-06 03:38:04.193505 [INFO] evse_manager:Ev  :: EVSE ISO D-LINK_READY (false)
2026-08-06 03:38:04.193510 [INFO] evse_manager:Ev  :: EVSE ISO SLAC UNMATCHED
2026-08-06 03:38:08.054415 [INFO] evse_manager:Ev  :: EVSE IEC DC power supply set: 400.00V/55.20A, requested was 400.00V/55.20A.
2026-08-06 03:38:08.097453 [WARN] evse_manager:Ev void module::EvseManager::process_dc_ev_target_voltage_current(const types::iso15118::DcEvseMaximumLimits&) :: EV ignores new EVSE max limits. Setting target current to new EVSE max limits
2026-08-06 03:38:10.150812 [WARN] evse_manager:Ev std::queue<module::CPEvent> module::IECStateMachine::state_machine(std::optional<module::RawCPState>) :: Timeout of 6 seconds reached, EV did not go back to state B after PWM was switched off. Powering off under load.
2026-08-06 03:38:10.193594 [INFO] evse_manager:Ev  :: EVSE IEC Event PowerOff
2026-08-06 03:38:13.097601 [WARN] evse_manager:Ev void module::EvseManager::process_dc_ev_target_voltage_current(const types::iso15118::DcEvseMaximumLimits&) :: EV ignores new EVSE max limits. Setting target current to new EVSE max limits
