INFO    2026-07-22 14:43:44,029 - iso15118.evcc.evcc_settings (48): EVCC environment settings:
INFO    2026-07-22 14:43:44,030 - iso15118.evcc.evcc_settings (50): PKI_PATH                      : /venv/lib/python3.10/site-packages/iso15118/shared/pki/
INFO    2026-07-22 14:43:44,030 - iso15118.evcc.evcc_settings (50): MESSAGE_LOG_JSON              : True
INFO    2026-07-22 14:43:44,030 - iso15118.evcc.evcc_settings (50): MESSAGE_LOG_EXI               : False
INFO    2026-07-22 14:43:44,030 - iso15118.evcc.evcc_settings (50): ENABLE_TLS_1_3                : False
INFO    2026-07-22 14:43:44,030 - iso15118.evcc.evcc_settings (52): NETWORK_INTERFACE             : eth0
INFO    2026-07-22 14:43:44,030 - iso15118.evcc.evcc_settings (52): LOG_LEVEL                     : INFO
INFO    2026-07-22 14:43:44,030 - iso15118.evcc.evcc_settings (52): EVCC_CONFIG_PATH              : /venv/lib/python3.10/site-packages/iso15118/shared/examples/evcc/iso15118_20/evcc_config_dc_bpt.json
INFO    2026-07-22 14:43:44,039 - iso15118.evcc.evcc_config (120): EVCC Settings
INFO    2026-07-22 14:43:44,040 - iso15118.evcc.evcc_config (123): supported_energy_services     : [<ServiceV20.DC_BPT: 6>]
INFO    2026-07-22 14:43:44,040 - iso15118.evcc.evcc_config (123): is_cert_install_needed        : False
INFO    2026-07-22 14:43:44,040 - iso15118.evcc.evcc_config (123): use_tls                       : False
INFO    2026-07-22 14:43:44,040 - iso15118.evcc.evcc_config (123): sdp_retry_cycles              : 1
INFO    2026-07-22 14:43:44,040 - iso15118.evcc.evcc_config (123): max_contract_certs            : 3
INFO    2026-07-22 14:43:44,040 - iso15118.evcc.evcc_config (123): enforce_tls                   : False
INFO    2026-07-22 14:43:44,040 - iso15118.evcc.evcc_config (123): supported_protocols           : [<Protocol.ISO_15118_20_DC: (<Namespace.ISO_V20_DC: 'urn:iso:std:iso:15118:-20:DC'>, <enum 'ISOV20PayloadTypes'>)>]
INFO    2026-07-22 14:43:44,040 - iso15118.evcc.evcc_config (123): energy_transfer_mode          : AC_three_phase_core
INFO    2026-07-22 14:43:44,040 - iso15118.evcc.evcc_config (123): max_supporting_points         : 1024
INFO    2026-07-22 14:43:44,040 - iso15118.evcc.evcc_config (123): charge_loop_cycle             : 10
INFO    2026-07-22 14:43:44,040 - iso15118.evcc.evcc_config (123): charge_loop_delay_time        : 0
INFO    2026-07-22 14:43:45,331 - iso15118.shared.exi_codec (177): EXI Codec version: 1.55
INFO    2026-07-22 14:43:45,331 - iso15118.evcc (30): Starting 15118 version: 0.31.2
INFO    2026-07-22 14:43:45,331 - iso15118.evcc.comm_session_handler (313): Communication session handler started
INFO    2026-07-22 14:43:45,333 - iso15118.evcc.comm_session_handler (398): Remaining SDP requests: 50
INFO    2026-07-22 14:43:45,434 - iso15118.evcc.comm_session_handler (335): Sending SDPRequest: [Security: NO_TLS, Protocol: TCP]
INFO    2026-07-22 14:43:45,447 - iso15118.evcc.transport.udp_client (105): Received datagram from UDP server at address ('fe80::215:5dff:fe46:863f', 15118, 0, 2)
INFO    2026-07-22 14:43:45,447 - iso15118.evcc.comm_session_handler (485): SDPResponse received: [ IP address: fe80::215:5dff:fe46:863f, Port: 55000 , Security: NO_TLS , Transport: TCP ]
INFO    2026-07-22 14:43:45,448 - iso15118.evcc.comm_session_handler (416): Starting TCP client, trying to connect to fe80::215:5dff:fe46:863f at port 55000 ...
INFO    2026-07-22 14:43:45,451 - iso15118.evcc.comm_session_handler (423): TCP client connected
INFO    2026-07-22 14:43:45,458 - iso15118.shared.comm_session (344): Starting a new communication session
INFO    2026-07-22 14:43:45,458 - iso15118.shared.states (139): Entered state SupportedAppProtocol
INFO    2026-07-22 14:43:45,458 - iso15118.shared.exi_codec (248): Message to encode (ns=urn:iso:15118:2:2010:AppProtocol): {"supportedAppProtocolReq": {"AppProtocol": [{"ProtocolNamespace": "urn:iso:std:iso:15118:-20:DC", "VersionNumberMajor": 1, "VersionNumberMinor": 0, "SchemaID": 1, "Priority": 1}]}}
INFO    2026-07-22 14:43:45,509 - iso15118.shared.comm_session (431): Sent supportedAppProtocolReq
INFO    2026-07-22 14:43:45,585 - iso15118.shared.exi_codec (302): Decoded message (ns=urn:iso:15118:2:2010:AppProtocol): {"supportedAppProtocolRes":{"ResponseCode":"OK_SuccessfulNegotiation","SchemaID":1}}
INFO    2026-07-22 14:43:45,585 - iso15118.shared.comm_session (235): supportedAppProtocolRes received
INFO    2026-07-22 14:43:45,586 - iso15118.evcc.states.sap_states (159): Chosen protocol: ISO_15118_20_DC
INFO    2026-07-22 14:43:45,586 - iso15118.shared.exi_codec (248): Message to encode (ns=urn:iso:std:iso:15118:-20:CommonMessages): {"SessionSetupReq": {"Header": {"SessionID": "0000000000000000", "TimeStamp": 1784731425}, "EVCCID": "WMIV1234567890ABCDEX"}}
INFO    2026-07-22 14:43:45,775 - iso15118.shared.comm_session (431): Sent SessionSetupReq
INFO    2026-07-22 14:43:45,775 - iso15118.shared.states (139): Entered state SessionSetup
INFO    2026-07-22 14:43:45,922 - iso15118.shared.exi_codec (302): Decoded message (ns=urn:iso:std:iso:15118:-20:CommonMessages): {"SessionSetupRes":{"Header":{"SessionID":"F63FEDC4628E6B64","TimeStamp":1784731425},"ResponseCode":"OK_NewSessionEstablished","EVSEID":"DE*ABC*E1"}}
INFO    2026-07-22 14:43:45,923 - iso15118.shared.comm_session (235): SessionSetupRes received
INFO    2026-07-22 14:43:45,923 - iso15118.shared.exi_codec (248): Message to encode (ns=urn:iso:std:iso:15118:-20:CommonMessages): {"AuthorizationSetupReq": {"Header": {"SessionID": "F63FEDC4628E6B64", "TimeStamp": 1784731425}}}
INFO    2026-07-22 14:43:45,997 - iso15118.shared.comm_session (431): Sent AuthorizationSetupReq
INFO    2026-07-22 14:43:45,997 - iso15118.shared.states (139): Entered state AuthorizationSetup
INFO    2026-07-22 14:43:46,074 - iso15118.shared.exi_codec (302): Decoded message (ns=urn:iso:std:iso:15118:-20:CommonMessages): {"AuthorizationSetupRes":{"Header":{"SessionID":"F63FEDC4628E6B64","TimeStamp":1784731425},"ResponseCode":"OK","AuthorizationServices":["PnC","EIM"],"CertificateInstallationService":false,"PnC_ASResAuthorizationMode":{"GenChallenge":"2I64H/gvHpnLRmFPDQE61Q=="}}}
INFO    2026-07-22 14:43:46,075 - iso15118.shared.comm_session (235): AuthorizationSetupRes received
INFO    2026-07-22 14:43:46,076 - iso15118.shared.exi_codec (248): Message to encode (ns=urn:iso:std:iso:15118:-20:CommonMessages): {"PnC_AReqAuthorizationMode": {"Id": "id1", "GenChallenge": "2I64H/gvHpnLRmFPDQE61Q==", "ContractCertificateChain": {"Certificate": "MIICZDCCAgmgAwIBAgICMEQwCgYIKoZIzj0EAwIwVjEiMCAGA1UEAwwZUEtJLUV4dF9DUlRfTU9fU1VCMl9WQUxJRDEPMA0GA1UECgwGU3dpdGNoMQswCQYDVQQGEwJVSzESMBAGCgmSJomT8ixkARkWAk1PMB4XDTI2MDcyMTExNTMyMVoXDTI4MDcyMDExNTMyMVowTDEYMBYGA1UEAwwPVUtTV0kxMjM0NTY3OTFBMQ8wDQYDVQQKDAZTd2l0Y2gxCzAJBgNVBAYTAlVLMRIwEAYKCZImiZPyLGQBGRYCTU8wWTATBgcqhkjOPQIBBggqhkjOPQMBBwNCAASPcMR9PWoRGsJUtanwWG35is1JNazQouYmCqlvsiEKQDyLpSCTLAIwK0AJji7FDgbpHrOM+82YCirJywcZzauHo4HQMIHNMAwGA1UdEwEB/wQCMAAwDgYDVR0PAQH/BAQDAgPoMB0GA1UdDgQWBBQWT/G4zhwa/+ySeGEklHCy7y6GETBtBggrBgEFBQcBAQRhMF8wJAYIKwYBBQUHMAGGGGh0dHBzOi8vd3d3LmV4YW1wbGUuY29tLzA3BggrBgEFBQcwAoYraHR0cHM6Ly93d3cuZXhhbXBsZS5jb20vSW50ZXJtZWRpYXRlLUNBLmNlcjAfBgNVHSMEGDAWgBQE5KGTQteje6QejZgDDp+H+9PmajAKBggqhkjOPQQDAgNJADBGAiEAhnFc5UjTZQCbuZkmR7eHnJ03PMj+1B3F/ULTFnjHLI8CIQDFYbLbXqyvIRGSjDQVjoUmhpqvGg4exZyIgKf1iWnHaw==", "SubCertificates": {"Certificate": ["MIICcjCCAhmgAwIBAgICMEMwCgYIKoZIzj0EAwIwVjEiMCAGA1UEAwwZUEtJLUV4dF9DUlRfTU9fU1VCMV9WQUxJRDEPMA0GA1UECgwGU3dpdGNoMQswCQYDVQQGEwJVSzESMBAGCgmSJomT8ixkARkWAk1PMB4XDTI2MDcyMTExNTMyMVoXDTMwMDcyMDExNTMyMVowVjEiMCAGA1UEAwwZUEtJLUV4dF9DUlRfTU9fU1VCMl9WQUxJRDEPMA0GA1UECgwGU3dpdGNoMQswCQYDVQQGEwJVSzESMBAGCgmSJomT8ixkARkWAk1PMFkwEwYHKoZIzj0CAQYIKoZIzj0DAQcDQgAEHMR8BBuQ69sa5oonNzNyTMppyKA9JFnOKHlrSuleKsZoVFdRCpJlHFoUOmnxJ3wayr4tchFB3xB7jJjAckLZ46OB1jCB0zASBgNVHRMBAf8ECDAGAQH/AgEAMA4GA1UdDwEB/wQEAwIBxjAdBgNVHQ4EFgQUBOShk0LXo3ukHo2YAw6fh/vT5mowbQYIKwYBBQUHAQEEYTBfMCQGCCsGAQUFBzABhhhodHRwczovL3d3dy5leGFtcGxlLmNvbS8wNwYIKwYBBQUHMAKGK2h0dHBzOi8vd3d3LmV4YW1wbGUuY29tL0ludGVybWVkaWF0ZS1DQS5jZXIwHwYDVR0jBBgwFoAUIw4IOPzFFjrrThyNVhSk0fKtd+wwCgYIKoZIzj0EAwIDRwAwRAIgGCNE4tWgUqjzAxTow3Uf8HPoKnCT39oeZYFMGvM/LYYCIFAMF8lW7Xe8R54cYllDRUze2yNv30kI2CQ/LpZDgbcu", "MIICYzCCAgigAwIBAgICMEIwCgYIKoZIzj0EAwIwRTERMA8GA1UEAwwITU9Sb290Q0ExDzANBgNVBAoMBlN3aXRjaDELMAkGA1UEBhMCVUsxEjAQBgoJkiaJk/IsZAEZFgJNTzAeFw0yNjA3MjExMTUzMjFaFw0zMDA3MjAxMTUzMjFaMFYxIjAgBgNVBAMMGVBLSS1FeHRfQ1JUX01PX1NVQjFfVkFMSUQxDzANBgNVBAoMBlN3aXRjaDELMAkGA1UEBhMCVUsxEjAQBgoJkiaJk/IsZAEZFgJNTzBZMBMGByqGSM49AgEGCCqGSM49AwEHA0IABGX87iNhAe+7mzWkCS6yc3b4huU3NXoz1MH0PTcXKp2n5XPV+6+5/45AbhKSveAATuZUdQH6kGIOkRwA/KZ7u6yjgdYwgdMwEgYDVR0TAQH/BAgwBgEB/wIBATAOBgNVHQ8BAf8EBAMCAQYwHQYDVR0OBBYEFCMOCDj8xRY6604cjVYUpNHyrXfsMG0GCCsGAQUFBwEBBGEwXzAkBggrBgEFBQcwAYYYaHR0cHM6Ly93d3cuZXhhbXBsZS5jb20vMDcGCCsGAQUFBzAChitodHRwczovL3d3dy5leGFtcGxlLmNvbS9JbnRlcm1lZGlhdGUtQ0EuY2VyMB8GA1UdIwQYMBaAFJH0C7gAn6XBuT1ZPL8zNvr+zNl3MAoGCCqGSM49BAMCA0kAMEYCIQCGRcfkuKcJGq1zVhMJOMsJ1kWOiiHjQbMhQjobw8WqVwIhAOJ+7n6dWbsoc/v353G8L9R22c/+Y6t8BoYbGe5zimk4"]}}}}
INFO    2026-07-22 14:43:46,180 - iso15118.shared.exi_codec (248): Message to encode (ns=http://www.w3.org/2000/09/xmldsig#): {"SignedInfo": {"CanonicalizationMethod": {"Algorithm": "http://www.w3.org/TR/canonical-exi/"}, "SignatureMethod": {"Algorithm": "http://www.w3.org/2001/04/xmldsig-more#ecdsa-sha256"}, "Reference": [{"Transforms": {"Transform": [{"Algorithm": "http://www.w3.org/TR/canonical-exi/"}]}, "DigestMethod": {"Algorithm": "http://www.w3.org/2001/04/xmlenc#sha256"}, "DigestValue": "SOBJQadYmaTi2VIPw8HiZUNKrQHhoxXPgH/7iSMkyrQ=", "URI": "#id1"}]}}
INFO    2026-07-22 14:43:46,281 - iso15118.shared.exi_codec (248): Message to encode (ns=urn:iso:std:iso:15118:-20:CommonMessages): {"AuthorizationReq": {"Header": {"SessionID": "F63FEDC4628E6B64", "TimeStamp": 1784731426, "Signature": {"SignedInfo": {"CanonicalizationMethod": {"Algorithm": "http://www.w3.org/TR/canonical-exi/"}, "SignatureMethod": {"Algorithm": "http://www.w3.org/2001/04/xmldsig-more#ecdsa-sha256"}, "Reference": [{"Transforms": {"Transform": [{"Algorithm": "http://www.w3.org/TR/canonical-exi/"}]}, "DigestMethod": {"Algorithm": "http://www.w3.org/2001/04/xmlenc#sha256"}, "DigestValue": "SOBJQadYmaTi2VIPw8HiZUNKrQHhoxXPgH/7iSMkyrQ=", "URI": "#id1"}]}, "SignatureValue": {"value": "dfI/WHV0i9i3+hS9zGtIH1xgCne0CkvzOXVWCfvU93cGPXktYXE5IgDKgGYjQpzVpj5ByGh8KlXF6yWevk1a0w=="}}}, "SelectedAuthorizationService": "PnC", "PnC_AReqAuthorizationMode": {"Id": "id1", "GenChallenge": "2I64H/gvHpnLRmFPDQE61Q==", "ContractCertificateChain": {"Certificate": "MIICZDCCAgmgAwIBAgICMEQwCgYIKoZIzj0EAwIwVjEiMCAGA1UEAwwZUEtJLUV4dF9DUlRfTU9fU1VCMl9WQUxJRDEPMA0GA1UECgwGU3dpdGNoMQswCQYDVQQGEwJVSzESMBAGCgmSJomT8ixkARkWAk1PMB4XDTI2MDcyMTExNTMyMVoXDTI4MDcyMDExNTMyMVowTDEYMBYGA1UEAwwPVUtTV0kxMjM0NTY3OTFBMQ8wDQYDVQQKDAZTd2l0Y2gxCzAJBgNVBAYTAlVLMRIwEAYKCZImiZPyLGQBGRYCTU8wWTATBgcqhkjOPQIBBggqhkjOPQMBBwNCAASPcMR9PWoRGsJUtanwWG35is1JNazQouYmCqlvsiEKQDyLpSCTLAIwK0AJji7FDgbpHrOM+82YCirJywcZzauHo4HQMIHNMAwGA1UdEwEB/wQCMAAwDgYDVR0PAQH/BAQDAgPoMB0GA1UdDgQWBBQWT/G4zhwa/+ySeGEklHCy7y6GETBtBggrBgEFBQcBAQRhMF8wJAYIKwYBBQUHMAGGGGh0dHBzOi8vd3d3LmV4YW1wbGUuY29tLzA3BggrBgEFBQcwAoYraHR0cHM6Ly93d3cuZXhhbXBsZS5jb20vSW50ZXJtZWRpYXRlLUNBLmNlcjAfBgNVHSMEGDAWgBQE5KGTQteje6QejZgDDp+H+9PmajAKBggqhkjOPQQDAgNJADBGAiEAhnFc5UjTZQCbuZkmR7eHnJ03PMj+1B3F/ULTFnjHLI8CIQDFYbLbXqyvIRGSjDQVjoUmhpqvGg4exZyIgKf1iWnHaw==", "SubCertificates": {"Certificate": ["MIICcjCCAhmgAwIBAgICMEMwCgYIKoZIzj0EAwIwVjEiMCAGA1UEAwwZUEtJLUV4dF9DUlRfTU9fU1VCMV9WQUxJRDEPMA0GA1UECgwGU3dpdGNoMQswCQYDVQQGEwJVSzESMBAGCgmSJomT8ixkARkWAk1PMB4XDTI2MDcyMTExNTMyMVoXDTMwMDcyMDExNTMyMVowVjEiMCAGA1UEAwwZUEtJLUV4dF9DUlRfTU9fU1VCMl9WQUxJRDEPMA0GA1UECgwGU3dpdGNoMQswCQYDVQQGEwJVSzESMBAGCgmSJomT8ixkARkWAk1PMFkwEwYHKoZIzj0CAQYIKoZIzj0DAQcDQgAEHMR8BBuQ69sa5oonNzNyTMppyKA9JFnOKHlrSuleKsZoVFdRCpJlHFoUOmnxJ3wayr4tchFB3xB7jJjAckLZ46OB1jCB0zASBgNVHRMBAf8ECDAGAQH/AgEAMA4GA1UdDwEB/wQEAwIBxjAdBgNVHQ4EFgQUBOShk0LXo3ukHo2YAw6fh/vT5mowbQYIKwYBBQUHAQEEYTBfMCQGCCsGAQUFBzABhhhodHRwczovL3d3dy5leGFtcGxlLmNvbS8wNwYIKwYBBQUHMAKGK2h0dHBzOi8vd3d3LmV4YW1wbGUuY29tL0ludGVybWVkaWF0ZS1DQS5jZXIwHwYDVR0jBBgwFoAUIw4IOPzFFjrrThyNVhSk0fKtd+wwCgYIKoZIzj0EAwIDRwAwRAIgGCNE4tWgUqjzAxTow3Uf8HPoKnCT39oeZYFMGvM/LYYCIFAMF8lW7Xe8R54cYllDRUze2yNv30kI2CQ/LpZDgbcu", "MIICYzCCAgigAwIBAgICMEIwCgYIKoZIzj0EAwIwRTERMA8GA1UEAwwITU9Sb290Q0ExDzANBgNVBAoMBlN3aXRjaDELMAkGA1UEBhMCVUsxEjAQBgoJkiaJk/IsZAEZFgJNTzAeFw0yNjA3MjExMTUzMjFaFw0zMDA3MjAxMTUzMjFaMFYxIjAgBgNVBAMMGVBLSS1FeHRfQ1JUX01PX1NVQjFfVkFMSUQxDzANBgNVBAoMBlN3aXRjaDELMAkGA1UEBhMCVUsxEjAQBgoJkiaJk/IsZAEZFgJNTzBZMBMGByqGSM49AgEGCCqGSM49AwEHA0IABGX87iNhAe+7mzWkCS6yc3b4huU3NXoz1MH0PTcXKp2n5XPV+6+5/45AbhKSveAATuZUdQH6kGIOkRwA/KZ7u6yjgdYwgdMwEgYDVR0TAQH/BAgwBgEB/wIBATAOBgNVHQ8BAf8EBAMCAQYwHQYDVR0OBBYEFCMOCDj8xRY6604cjVYUpNHyrXfsMG0GCCsGAQUFBwEBBGEwXzAkBggrBgEFBQcwAYYYaHR0cHM6Ly93d3cuZXhhbXBsZS5jb20vMDcGCCsGAQUFBzAChitodHRwczovL3d3dy5leGFtcGxlLmNvbS9JbnRlcm1lZGlhdGUtQ0EuY2VyMB8GA1UdIwQYMBaAFJH0C7gAn6XBuT1ZPL8zNvr+zNl3MAoGCCqGSM49BAMCA0kAMEYCIQCGRcfkuKcJGq1zVhMJOMsJ1kWOiiHjQbMhQjobw8WqVwIhAOJ+7n6dWbsoc/v353G8L9R22c/+Y6t8BoYbGe5zimk4"]}}}}}
INFO    2026-07-22 14:43:46,382 - iso15118.shared.comm_session (431): Sent AuthorizationReq
INFO    2026-07-22 14:43:46,382 - iso15118.shared.states (139): Entered state Authorization
INFO    2026-07-22 14:43:46,479 - iso15118.shared.exi_codec (302): Decoded message (ns=urn:iso:std:iso:15118:-20:CommonMessages): {"AuthorizationRes":{"Header":{"SessionID":"F63FEDC4628E6B64","TimeStamp":1784731426},"ResponseCode":"OK","EVSEProcessing":"Finished"}}
INFO    2026-07-22 14:43:46,480 - iso15118.shared.comm_session (235): AuthorizationRes received
INFO    2026-07-22 14:43:46,480 - iso15118.shared.exi_codec (248): Message to encode (ns=urn:iso:std:iso:15118:-20:CommonMessages): {"ServiceDiscoveryReq": {"Header": {"SessionID": "F63FEDC4628E6B64", "TimeStamp": 1784731426}}}
INFO    2026-07-22 14:43:46,524 - iso15118.shared.comm_session (431): Sent ServiceDiscoveryReq
INFO    2026-07-22 14:43:46,524 - iso15118.shared.states (139): Entered state ServiceDiscovery
INFO    2026-07-22 14:43:46,575 - iso15118.shared.exi_codec (302): Decoded message (ns=urn:iso:std:iso:15118:-20:CommonMessages): {"ServiceDiscoveryRes":{"Header":{"SessionID":"F63FEDC4628E6B64","TimeStamp":1784731426},"ResponseCode":"OK","ServiceRenegotiationSupported":false,"EnergyTransferServiceList":{"Service":[{"ServiceID":2,"FreeService":true},{"ServiceID":6,"FreeService":true}]}}}
INFO    2026-07-22 14:43:46,575 - iso15118.shared.comm_session (235): ServiceDiscoveryRes received
INFO    2026-07-22 14:43:46,576 - iso15118.shared.exi_codec (248): Message to encode (ns=urn:iso:std:iso:15118:-20:CommonMessages): {"ServiceDetailReq": {"Header": {"SessionID": "F63FEDC4628E6B64", "TimeStamp": 1784731426}, "ServiceID": 6}}
INFO    2026-07-22 14:43:46,619 - iso15118.shared.comm_session (431): Sent ServiceDetailReq
INFO    2026-07-22 14:43:46,619 - iso15118.shared.states (139): Entered state ServiceDetail
INFO    2026-07-22 14:43:46,680 - iso15118.shared.exi_codec (302): Decoded message (ns=urn:iso:std:iso:15118:-20:CommonMessages): {"ServiceDetailRes":{"Header":{"SessionID":"F63FEDC4628E6B64","TimeStamp":1784731426},"ResponseCode":"OK","ServiceID":6,"ServiceParameterList":{"ParameterSet":[{"ParameterSetID":2,"Parameter":[{"Name":"Connector","intValue":1},{"Name":"ControlMode","intValue":2},{"Name":"MobilityNeedsMode","intValue":1},{"Name":"Pricing","intValue":0}]},{"ParameterSetID":1,"Parameter":[{"Name":"Connector","intValue":1},{"Name":"ControlMode","intValue":1},{"Name":"MobilityNeedsMode","intValue":1},{"Name":"Pricing","intValue":0}]}]}}}
INFO    2026-07-22 14:43:46,681 - iso15118.shared.comm_session (235): ServiceDetailRes received
INFO    2026-07-22 14:43:46,681 - iso15118.evcc.states.iso15118_20_states (664): Selected Control Mode: 2
INFO    2026-07-22 14:43:46,681 - iso15118.shared.exi_codec (248): Message to encode (ns=urn:iso:std:iso:15118:-20:CommonMessages): {"ServiceSelectionReq": {"Header": {"SessionID": "F63FEDC4628E6B64", "TimeStamp": 1784731426}, "SelectedEnergyTransferService": {"ServiceID": 6, "ParameterSetID": 2}}}
INFO    2026-07-22 14:43:46,731 - iso15118.shared.comm_session (431): Sent ServiceSelectionReq
INFO    2026-07-22 14:43:46,732 - iso15118.shared.states (139): Entered state ServiceSelection
INFO    2026-07-22 14:43:46,777 - iso15118.shared.exi_codec (302): Decoded message (ns=urn:iso:std:iso:15118:-20:CommonMessages): {"ServiceSelectionRes":{"Header":{"SessionID":"F63FEDC4628E6B64","TimeStamp":1784731426},"ResponseCode":"OK"}}
INFO    2026-07-22 14:43:46,777 - iso15118.shared.comm_session (235): ServiceSelectionRes received
INFO    2026-07-22 14:43:46,778 - iso15118.shared.exi_codec (248): Message to encode (ns=urn:iso:std:iso:15118:-20:DC): {"DC_ChargeParameterDiscoveryReq": {"Header": {"SessionID": "F63FEDC4628E6B64", "TimeStamp": 1784731426}, "BPT_DC_CPDReqEnergyTransferMode": {"EVMaximumChargePower": {"Exponent": 3, "Value": 300}, "EVMinimumChargePower": {"Exponent": 0, "Value": 100}, "EVMaximumChargeCurrent": {"Exponent": 0, "Value": 300}, "EVMinimumChargeCurrent": {"Exponent": 0, "Value": 10}, "EVMaximumVoltage": {"Exponent": 0, "Value": 1000}, "EVMinimumVoltage": {"Exponent": 0, "Value": 10}, "EVMaximumDischargePower": {"Exponent": 3, "Value": 11}, "EVMinimumDischargePower": {"Exponent": 3, "Value": 1}, "EVMaximumDischargeCurrent": {"Exponent": 0, "Value": 11}, "EVMinimumDischargeCurrent": {"Exponent": 0, "Value": 0}}}}
INFO    2026-07-22 14:43:46,846 - iso15118.shared.comm_session (431): Sent DC_ChargeParameterDiscoveryReq
INFO    2026-07-22 14:43:46,846 - iso15118.shared.states (139): Entered state DCChargeParameterDiscovery
INFO    2026-07-22 14:43:46,893 - iso15118.shared.exi_codec (302): Decoded message (ns=urn:iso:std:iso:15118:-20:DC): {"DC_ChargeParameterDiscoveryRes":{"Header":{"SessionID":"F63FEDC4628E6B64","TimeStamp":1784731426},"ResponseCode":"OK","BPT_DC_CPDResEnergyTransferMode":{"EVSEMaximumChargePower":{"Exponent":1,"Value":5000},"EVSEMinimumChargePower":{"Exponent":0,"Value":0},"EVSEMaximumChargeCurrent":{"Exponent":0,"Value":200},"EVSEMinimumChargeCurrent":{"Exponent":0,"Value":0},"EVSEMaximumVoltage":{"Exponent":0,"Value":500},"EVSEMinimumVoltage":{"Exponent":0,"Value":50},"EVSEMaximumDischargePower":{"Exponent":1,"Value":5000},"EVSEMinimumDischargePower":{"Exponent":0,"Value":0},"EVSEMaximumDischargeCurrent":{"Exponent":0,"Value":200},"EVSEMinimumDischargeCurrent":{"Exponent":0,"Value":0}}}}
INFO    2026-07-22 14:43:46,893 - iso15118.shared.comm_session (235): DC_ChargeParameterDiscoveryRes received
INFO    2026-07-22 14:43:46,894 - iso15118.shared.exi_codec (248): Message to encode (ns=urn:iso:std:iso:15118:-20:CommonMessages): {"ScheduleExchangeReq": {"Header": {"SessionID": "F63FEDC4628E6B64", "TimeStamp": 1784731426}, "MaximumSupportingPoints": 1024, "Dynamic_SEReqControlMode": {"DepartureTime": 7200, "MinimumSOC": 30, "TargetSOC": 80, "EVTargetEnergyRequest": {"Exponent": 3, "Value": 40}, "EVMaximumEnergyRequest": {"Exponent": 1, "Value": 6000}, "EVMinimumEnergyRequest": {"Exponent": 0, "Value": -20000}, "EVMaximumV2XEnergyRequest": {"Exponent": 0, "Value": 5000}, "EVMinimumV2XEnergyRequest": {"Exponent": 0, "Value": 0}}}}
INFO    2026-07-22 14:43:46,932 - iso15118.shared.comm_session (431): Sent ScheduleExchangeReq
INFO    2026-07-22 14:43:46,932 - iso15118.shared.states (139): Entered state ScheduleExchange
INFO    2026-07-22 14:43:46,986 - iso15118.shared.exi_codec (302): Decoded message (ns=urn:iso:std:iso:15118:-20:CommonMessages): {"ScheduleExchangeRes":{"Header":{"SessionID":"F63FEDC4628E6B64","TimeStamp":1784731426},"ResponseCode":"OK","EVSEProcessing":"Finished","GoToPause":false,"Dynamic_SEResControlMode":{"DepartureTime":7200}}}
INFO    2026-07-22 14:43:46,987 - iso15118.shared.comm_session (235): ScheduleExchangeRes received
INFO    2026-07-22 14:43:46,988 - iso15118.shared.exi_codec (248): Message to encode (ns=urn:iso:std:iso:15118:-20:DC): {"DC_CableCheckReq": {"Header": {"SessionID": "F63FEDC4628E6B64", "TimeStamp": 1784731426}}}
INFO    2026-07-22 14:43:47,017 - iso15118.shared.comm_session (431): Sent DC_CableCheckReq
INFO    2026-07-22 14:43:47,017 - iso15118.shared.states (139): Entered state DCCableCheck
INFO    2026-07-22 14:43:47,048 - iso15118.shared.exi_codec (302): Decoded message (ns=urn:iso:std:iso:15118:-20:DC): {"DC_CableCheckRes":{"Header":{"SessionID":"F63FEDC4628E6B64","TimeStamp":1784731427},"ResponseCode":"OK","EVSEProcessing":"Finished"}}
INFO    2026-07-22 14:43:47,048 - iso15118.shared.comm_session (235): DC_CableCheckRes received
INFO    2026-07-22 14:43:47,049 - iso15118.shared.exi_codec (248): Message to encode (ns=urn:iso:std:iso:15118:-20:DC): {"DC_PreChargeReq": {"Header": {"SessionID": "F63FEDC4628E6B64", "TimeStamp": 1784731427}, "EVProcessing": "Ongoing", "EVPresentVoltage": {"Exponent": 3, "Value": 20}, "EVTargetVoltage": {"Exponent": 3, "Value": 20}}}
INFO    2026-07-22 14:43:47,080 - iso15118.shared.comm_session (431): Sent DC_PreChargeReq
INFO    2026-07-22 14:43:47,080 - iso15118.shared.states (139): Entered state DCPreCharge
INFO    2026-07-22 14:43:47,122 - iso15118.shared.exi_codec (302): Decoded message (ns=urn:iso:std:iso:15118:-20:DC): {"DC_PreChargeRes":{"Header":{"SessionID":"F63FEDC4628E6B64","TimeStamp":1784731427},"ResponseCode":"OK","EVSEPresentVoltage":{"Exponent":0,"Value":390}}}
INFO    2026-07-22 14:43:47,123 - iso15118.shared.comm_session (235): DC_PreChargeRes received
INFO    2026-07-22 14:43:47,123 - iso15118.shared.exi_codec (248): Message to encode (ns=urn:iso:std:iso:15118:-20:DC): {"DC_PreChargeReq": {"Header": {"SessionID": "F63FEDC4628E6B64", "TimeStamp": 1784731427}, "EVProcessing": "Ongoing", "EVPresentVoltage": {"Exponent": 3, "Value": 20}, "EVTargetVoltage": {"Exponent": 3, "Value": 20}}}
INFO    2026-07-22 14:43:47,158 - iso15118.shared.comm_session (431): Sent DC_PreChargeReq
INFO    2026-07-22 14:43:47,200 - iso15118.shared.exi_codec (302): Decoded message (ns=urn:iso:std:iso:15118:-20:DC): {"DC_PreChargeRes":{"Header":{"SessionID":"F63FEDC4628E6B64","TimeStamp":1784731427},"ResponseCode":"OK","EVSEPresentVoltage":{"Exponent":0,"Value":390}}}
INFO    2026-07-22 14:43:47,201 - iso15118.shared.comm_session (235): DC_PreChargeRes received
INFO    2026-07-22 14:43:47,201 - iso15118.shared.exi_codec (248): Message to encode (ns=urn:iso:std:iso:15118:-20:DC): {"DC_PreChargeReq": {"Header": {"SessionID": "F63FEDC4628E6B64", "TimeStamp": 1784731427}, "EVProcessing": "Ongoing", "EVPresentVoltage": {"Exponent": 3, "Value": 20}, "EVTargetVoltage": {"Exponent": 3, "Value": 20}}}
INFO    2026-07-22 14:43:47,237 - iso15118.shared.comm_session (431): Sent DC_PreChargeReq
INFO    2026-07-22 14:43:47,268 - iso15118.shared.exi_codec (302): Decoded message (ns=urn:iso:std:iso:15118:-20:DC): {"DC_PreChargeRes":{"Header":{"SessionID":"F63FEDC4628E6B64","TimeStamp":1784731427},"ResponseCode":"OK","EVSEPresentVoltage":{"Exponent":0,"Value":390}}}
INFO    2026-07-22 14:43:47,268 - iso15118.shared.comm_session (235): DC_PreChargeRes received
INFO    2026-07-22 14:43:47,268 - iso15118.evcc.controller.simulator (574): Precharge complete.
INFO    2026-07-22 14:43:47,269 - iso15118.shared.exi_codec (248): Message to encode (ns=urn:iso:std:iso:15118:-20:DC): {"DC_PreChargeReq": {"Header": {"SessionID": "F63FEDC4628E6B64", "TimeStamp": 1784731427}, "EVProcessing": "Finished", "EVPresentVoltage": {"Exponent": 3, "Value": 20}, "EVTargetVoltage": {"Exponent": 3, "Value": 20}}}
INFO    2026-07-22 14:43:47,299 - iso15118.shared.comm_session (431): Sent DC_PreChargeReq
INFO    2026-07-22 14:43:47,323 - iso15118.shared.exi_codec (302): Decoded message (ns=urn:iso:std:iso:15118:-20:DC): {"DC_PreChargeRes":{"Header":{"SessionID":"F63FEDC4628E6B64","TimeStamp":1784731427},"ResponseCode":"OK","EVSEPresentVoltage":{"Exponent":0,"Value":390}}}
INFO    2026-07-22 14:43:47,324 - iso15118.shared.comm_session (235): DC_PreChargeRes received
INFO    2026-07-22 14:43:47,324 - iso15118.evcc.controller.simulator (574): Precharge complete.
INFO    2026-07-22 14:43:47,325 - iso15118.shared.exi_codec (248): Message to encode (ns=urn:iso:std:iso:15118:-20:CommonMessages): {"PowerDeliveryReq": {"Header": {"SessionID": "F63FEDC4628E6B64", "TimeStamp": 1784731427}, "EVProcessing": "Finished", "ChargeProgress": "Start", "EVPowerProfile": {"TimeAnchor": 0, "EVPowerProfileEntries": {"EVPowerProfileEntry": [{"Duration": 3600, "Power": {"Exponent": 0, "Value": 11000}}]}, "Dynamic_EVPPTControlMode": {}}, "BPT_ChannelSelection": "Charge"}}
INFO    2026-07-22 14:43:47,371 - iso15118.shared.comm_session (431): Sent PowerDeliveryReq
INFO    2026-07-22 14:43:47,371 - iso15118.shared.states (139): Entered state PowerDelivery
INFO    2026-07-22 14:43:47,405 - iso15118.shared.exi_codec (302): Decoded message (ns=urn:iso:std:iso:15118:-20:CommonMessages): {"PowerDeliveryRes":{"Header":{"SessionID":"F63FEDC4628E6B64","TimeStamp":1784731427},"ResponseCode":"OK"}}
INFO    2026-07-22 14:43:47,405 - iso15118.shared.comm_session (235): PowerDeliveryRes received
INFO    2026-07-22 14:43:47,407 - iso15118.shared.exi_codec (248): Message to encode (ns=urn:iso:std:iso:15118:-20:DC): {"DC_ChargeLoopReq": {"Header": {"SessionID": "F63FEDC4628E6B64", "TimeStamp": 1784731427}, "DisplayParameters": {"PresentSOC": 10, "ChargingComplete": false}, "MeterInfoRequested": false, "EVPresentVoltage": {"Exponent": 3, "Value": 20}, "BPT_Dynamic_DC_CLReqControlMode": {"EVTargetEnergyRequest": {"Exponent": 1, "Value": 20}, "EVMaximumEnergyRequest": {"Exponent": 1, "Value": 20}, "EVMinimumEnergyRequest": {"Exponent": 0, "Value": 20}, "EVMaximumChargePower": {"Exponent": 2, "Value": 40}, "EVMinimumChargePower": {"Exponent": 1, "Value": 40}, "EVMaximumChargeCurrent": {"Exponent": 0, "Value": 40}, "EVMaximumVoltage": {"Exponent": 1, "Value": 40}, "EVMinimumVoltage": {"Exponent": 0, "Value": 40}, "EVMaximumDischargePower": {"Exponent": 3, "Value": 300}, "EVMinimumDischargePower": {"Exponent": 3, "Value": 300}, "EVMaximumDischargeCurrent": {"Exponent": 3, "Value": 300}}}}
INFO    2026-07-22 14:43:47,434 - iso15118.shared.comm_session (431): Sent DC_ChargeLoopReq
INFO    2026-07-22 14:43:47,435 - iso15118.shared.states (139): Entered state DCChargeLoop
INFO    2026-07-22 14:43:47,473 - iso15118.shared.exi_codec (302): Decoded message (ns=urn:iso:std:iso:15118:-20:DC): {"DC_ChargeLoopRes":{"Header":{"SessionID":"F63FEDC4628E6B64","TimeStamp":1784731427},"ResponseCode":"OK","EVSEPresentCurrent":{"Exponent":0,"Value":120},"EVSEPresentVoltage":{"Exponent":0,"Value":400},"EVSEPowerLimitAchieved":false,"EVSECurrentLimitAchieved":false,"EVSEVoltageLimitAchieved":false,"BPT_Dynamic_DC_CLResControlMode":{"EVSEMaximumChargePower":{"Exponent":1,"Value":5000},"EVSEMinimumChargePower":{"Exponent":0,"Value":0},"EVSEMaximumChargeCurrent":{"Exponent":0,"Value":200},"EVSEMaximumVoltage":{"Exponent":0,"Value":500},"EVSEMaximumDischargePower":{"Exponent":1,"Value":5000},"EVSEMinimumDischargePower":{"Exponent":0,"Value":0},"EVSEMaximumDischargeCurrent":{"Exponent":0,"Value":200},"EVSEMinimumVoltage":{"Exponent":0,"Value":50}}}}
INFO    2026-07-22 14:43:47,473 - iso15118.shared.comm_session (235): DC_ChargeLoopRes received
INFO    2026-07-22 14:43:47,473 - iso15118.evcc.states.iso15118_20_states (1677): Next ChargeLoop Req in 0 seconds
INFO    2026-07-22 14:43:47,474 - iso15118.shared.exi_codec (248): Message to encode (ns=urn:iso:std:iso:15118:-20:DC): {"DC_ChargeLoopReq": {"Header": {"SessionID": "F63FEDC4628E6B64", "TimeStamp": 1784731427}, "DisplayParameters": {"PresentSOC": 20, "ChargingComplete": false}, "MeterInfoRequested": false, "EVPresentVoltage": {"Exponent": 3, "Value": 20}, "BPT_Dynamic_DC_CLReqControlMode": {"EVTargetEnergyRequest": {"Exponent": 1, "Value": 20}, "EVMaximumEnergyRequest": {"Exponent": 1, "Value": 20}, "EVMinimumEnergyRequest": {"Exponent": 0, "Value": 20}, "EVMaximumChargePower": {"Exponent": 2, "Value": 40}, "EVMinimumChargePower": {"Exponent": 1, "Value": 40}, "EVMaximumChargeCurrent": {"Exponent": 0, "Value": 40}, "EVMaximumVoltage": {"Exponent": 1, "Value": 40}, "EVMinimumVoltage": {"Exponent": 0, "Value": 40}, "EVMaximumDischargePower": {"Exponent": 3, "Value": 300}, "EVMinimumDischargePower": {"Exponent": 3, "Value": 300}, "EVMaximumDischargeCurrent": {"Exponent": 3, "Value": 300}}}}
INFO    2026-07-22 14:43:47,504 - iso15118.shared.comm_session (431): Sent DC_ChargeLoopReq
INFO    2026-07-22 14:43:47,530 - iso15118.shared.exi_codec (302): Decoded message (ns=urn:iso:std:iso:15118:-20:DC): {"DC_ChargeLoopRes":{"Header":{"SessionID":"F63FEDC4628E6B64","TimeStamp":1784731427},"ResponseCode":"OK","EVSEPresentCurrent":{"Exponent":0,"Value":120},"EVSEPresentVoltage":{"Exponent":0,"Value":400},"EVSEPowerLimitAchieved":false,"EVSECurrentLimitAchieved":false,"EVSEVoltageLimitAchieved":false,"BPT_Dynamic_DC_CLResControlMode":{"EVSEMaximumChargePower":{"Exponent":1,"Value":5000},"EVSEMinimumChargePower":{"Exponent":0,"Value":0},"EVSEMaximumChargeCurrent":{"Exponent":0,"Value":200},"EVSEMaximumVoltage":{"Exponent":0,"Value":500},"EVSEMaximumDischargePower":{"Exponent":1,"Value":5000},"EVSEMinimumDischargePower":{"Exponent":0,"Value":0},"EVSEMaximumDischargeCurrent":{"Exponent":0,"Value":200},"EVSEMinimumVoltage":{"Exponent":0,"Value":50}}}}
INFO    2026-07-22 14:43:47,531 - iso15118.shared.comm_session (235): DC_ChargeLoopRes received
INFO    2026-07-22 14:43:47,531 - iso15118.evcc.states.iso15118_20_states (1677): Next ChargeLoop Req in 0 seconds
INFO    2026-07-22 14:43:47,532 - iso15118.shared.exi_codec (248): Message to encode (ns=urn:iso:std:iso:15118:-20:DC): {"DC_ChargeLoopReq": {"Header": {"SessionID": "F63FEDC4628E6B64", "TimeStamp": 1784731427}, "DisplayParameters": {"PresentSOC": 30, "ChargingComplete": false}, "MeterInfoRequested": false, "EVPresentVoltage": {"Exponent": 3, "Value": 20}, "BPT_Dynamic_DC_CLReqControlMode": {"EVTargetEnergyRequest": {"Exponent": 1, "Value": 20}, "EVMaximumEnergyRequest": {"Exponent": 1, "Value": 20}, "EVMinimumEnergyRequest": {"Exponent": 0, "Value": 20}, "EVMaximumChargePower": {"Exponent": 2, "Value": 40}, "EVMinimumChargePower": {"Exponent": 1, "Value": 40}, "EVMaximumChargeCurrent": {"Exponent": 0, "Value": 40}, "EVMaximumVoltage": {"Exponent": 1, "Value": 40}, "EVMinimumVoltage": {"Exponent": 0, "Value": 40}, "EVMaximumDischargePower": {"Exponent": 3, "Value": 300}, "EVMinimumDischargePower": {"Exponent": 3, "Value": 300}, "EVMaximumDischargeCurrent": {"Exponent": 3, "Value": 300}}}}
INFO    2026-07-22 14:43:47,577 - iso15118.shared.comm_session (431): Sent DC_ChargeLoopReq
INFO    2026-07-22 14:43:47,610 - iso15118.shared.exi_codec (302): Decoded message (ns=urn:iso:std:iso:15118:-20:DC): {"DC_ChargeLoopRes":{"Header":{"SessionID":"F63FEDC4628E6B64","TimeStamp":1784731427},"ResponseCode":"OK","EVSEPresentCurrent":{"Exponent":0,"Value":120},"EVSEPresentVoltage":{"Exponent":0,"Value":400},"EVSEPowerLimitAchieved":false,"EVSECurrentLimitAchieved":false,"EVSEVoltageLimitAchieved":false,"BPT_Dynamic_DC_CLResControlMode":{"EVSEMaximumChargePower":{"Exponent":1,"Value":5000},"EVSEMinimumChargePower":{"Exponent":0,"Value":0},"EVSEMaximumChargeCurrent":{"Exponent":0,"Value":200},"EVSEMaximumVoltage":{"Exponent":0,"Value":500},"EVSEMaximumDischargePower":{"Exponent":1,"Value":5000},"EVSEMinimumDischargePower":{"Exponent":0,"Value":0},"EVSEMaximumDischargeCurrent":{"Exponent":0,"Value":200},"EVSEMinimumVoltage":{"Exponent":0,"Value":50}}}}
INFO    2026-07-22 14:43:47,611 - iso15118.shared.comm_session (235): DC_ChargeLoopRes received
INFO    2026-07-22 14:43:47,611 - iso15118.evcc.states.iso15118_20_states (1677): Next ChargeLoop Req in 0 seconds
INFO    2026-07-22 14:43:47,612 - iso15118.shared.exi_codec (248): Message to encode (ns=urn:iso:std:iso:15118:-20:DC): {"DC_ChargeLoopReq": {"Header": {"SessionID": "F63FEDC4628E6B64", "TimeStamp": 1784731427}, "DisplayParameters": {"PresentSOC": 40, "ChargingComplete": false}, "MeterInfoRequested": false, "EVPresentVoltage": {"Exponent": 3, "Value": 20}, "BPT_Dynamic_DC_CLReqControlMode": {"EVTargetEnergyRequest": {"Exponent": 1, "Value": 20}, "EVMaximumEnergyRequest": {"Exponent": 1, "Value": 20}, "EVMinimumEnergyRequest": {"Exponent": 0, "Value": 20}, "EVMaximumChargePower": {"Exponent": 2, "Value": 40}, "EVMinimumChargePower": {"Exponent": 1, "Value": 40}, "EVMaximumChargeCurrent": {"Exponent": 0, "Value": 40}, "EVMaximumVoltage": {"Exponent": 1, "Value": 40}, "EVMinimumVoltage": {"Exponent": 0, "Value": 40}, "EVMaximumDischargePower": {"Exponent": 3, "Value": 300}, "EVMinimumDischargePower": {"Exponent": 3, "Value": 300}, "EVMaximumDischargeCurrent": {"Exponent": 3, "Value": 300}}}}
INFO    2026-07-22 14:43:47,641 - iso15118.shared.comm_session (431): Sent DC_ChargeLoopReq
INFO    2026-07-22 14:43:47,671 - iso15118.shared.exi_codec (302): Decoded message (ns=urn:iso:std:iso:15118:-20:DC): {"DC_ChargeLoopRes":{"Header":{"SessionID":"F63FEDC4628E6B64","TimeStamp":1784731427},"ResponseCode":"OK","EVSEPresentCurrent":{"Exponent":0,"Value":120},"EVSEPresentVoltage":{"Exponent":0,"Value":400},"EVSEPowerLimitAchieved":false,"EVSECurrentLimitAchieved":false,"EVSEVoltageLimitAchieved":false,"BPT_Dynamic_DC_CLResControlMode":{"EVSEMaximumChargePower":{"Exponent":1,"Value":5000},"EVSEMinimumChargePower":{"Exponent":0,"Value":0},"EVSEMaximumChargeCurrent":{"Exponent":0,"Value":200},"EVSEMaximumVoltage":{"Exponent":0,"Value":500},"EVSEMaximumDischargePower":{"Exponent":1,"Value":5000},"EVSEMinimumDischargePower":{"Exponent":0,"Value":0},"EVSEMaximumDischargeCurrent":{"Exponent":0,"Value":200},"EVSEMinimumVoltage":{"Exponent":0,"Value":50}}}}
INFO    2026-07-22 14:43:47,672 - iso15118.shared.comm_session (235): DC_ChargeLoopRes received
INFO    2026-07-22 14:43:47,672 - iso15118.evcc.states.iso15118_20_states (1677): Next ChargeLoop Req in 0 seconds
INFO    2026-07-22 14:43:47,673 - iso15118.shared.exi_codec (248): Message to encode (ns=urn:iso:std:iso:15118:-20:DC): {"DC_ChargeLoopReq": {"Header": {"SessionID": "F63FEDC4628E6B64", "TimeStamp": 1784731427}, "DisplayParameters": {"PresentSOC": 50, "ChargingComplete": false}, "MeterInfoRequested": false, "EVPresentVoltage": {"Exponent": 3, "Value": 20}, "BPT_Dynamic_DC_CLReqControlMode": {"EVTargetEnergyRequest": {"Exponent": 1, "Value": 20}, "EVMaximumEnergyRequest": {"Exponent": 1, "Value": 20}, "EVMinimumEnergyRequest": {"Exponent": 0, "Value": 20}, "EVMaximumChargePower": {"Exponent": 2, "Value": 40}, "EVMinimumChargePower": {"Exponent": 1, "Value": 40}, "EVMaximumChargeCurrent": {"Exponent": 0, "Value": 40}, "EVMaximumVoltage": {"Exponent": 1, "Value": 40}, "EVMinimumVoltage": {"Exponent": 0, "Value": 40}, "EVMaximumDischargePower": {"Exponent": 3, "Value": 300}, "EVMinimumDischargePower": {"Exponent": 3, "Value": 300}, "EVMaximumDischargeCurrent": {"Exponent": 3, "Value": 300}}}}
INFO    2026-07-22 14:43:47,709 - iso15118.shared.comm_session (431): Sent DC_ChargeLoopReq
INFO    2026-07-22 14:43:47,740 - iso15118.shared.exi_codec (302): Decoded message (ns=urn:iso:std:iso:15118:-20:DC): {"DC_ChargeLoopRes":{"Header":{"SessionID":"F63FEDC4628E6B64","TimeStamp":1784731427},"ResponseCode":"OK","EVSEPresentCurrent":{"Exponent":0,"Value":120},"EVSEPresentVoltage":{"Exponent":0,"Value":400},"EVSEPowerLimitAchieved":false,"EVSECurrentLimitAchieved":false,"EVSEVoltageLimitAchieved":false,"BPT_Dynamic_DC_CLResControlMode":{"EVSEMaximumChargePower":{"Exponent":1,"Value":5000},"EVSEMinimumChargePower":{"Exponent":0,"Value":0},"EVSEMaximumChargeCurrent":{"Exponent":0,"Value":200},"EVSEMaximumVoltage":{"Exponent":0,"Value":500},"EVSEMaximumDischargePower":{"Exponent":1,"Value":5000},"EVSEMinimumDischargePower":{"Exponent":0,"Value":0},"EVSEMaximumDischargeCurrent":{"Exponent":0,"Value":200},"EVSEMinimumVoltage":{"Exponent":0,"Value":50}}}}
INFO    2026-07-22 14:43:47,740 - iso15118.shared.comm_session (235): DC_ChargeLoopRes received
INFO    2026-07-22 14:43:47,741 - iso15118.evcc.states.iso15118_20_states (1677): Next ChargeLoop Req in 0 seconds
INFO    2026-07-22 14:43:47,742 - iso15118.shared.exi_codec (248): Message to encode (ns=urn:iso:std:iso:15118:-20:DC): {"DC_ChargeLoopReq": {"Header": {"SessionID": "F63FEDC4628E6B64", "TimeStamp": 1784731427}, "DisplayParameters": {"PresentSOC": 60, "ChargingComplete": false}, "MeterInfoRequested": false, "EVPresentVoltage": {"Exponent": 3, "Value": 20}, "BPT_Dynamic_DC_CLReqControlMode": {"EVTargetEnergyRequest": {"Exponent": 1, "Value": 20}, "EVMaximumEnergyRequest": {"Exponent": 1, "Value": 20}, "EVMinimumEnergyRequest": {"Exponent": 0, "Value": 20}, "EVMaximumChargePower": {"Exponent": 2, "Value": 40}, "EVMinimumChargePower": {"Exponent": 1, "Value": 40}, "EVMaximumChargeCurrent": {"Exponent": 0, "Value": 40}, "EVMaximumVoltage": {"Exponent": 1, "Value": 40}, "EVMinimumVoltage": {"Exponent": 0, "Value": 40}, "EVMaximumDischargePower": {"Exponent": 3, "Value": 300}, "EVMinimumDischargePower": {"Exponent": 3, "Value": 300}, "EVMaximumDischargeCurrent": {"Exponent": 3, "Value": 300}}}}
INFO    2026-07-22 14:43:47,777 - iso15118.shared.comm_session (431): Sent DC_ChargeLoopReq
INFO    2026-07-22 14:43:47,815 - iso15118.shared.exi_codec (302): Decoded message (ns=urn:iso:std:iso:15118:-20:DC): {"DC_ChargeLoopRes":{"Header":{"SessionID":"F63FEDC4628E6B64","TimeStamp":1784731427},"ResponseCode":"OK","EVSEPresentCurrent":{"Exponent":0,"Value":120},"EVSEPresentVoltage":{"Exponent":0,"Value":400},"EVSEPowerLimitAchieved":false,"EVSECurrentLimitAchieved":false,"EVSEVoltageLimitAchieved":false,"BPT_Dynamic_DC_CLResControlMode":{"EVSEMaximumChargePower":{"Exponent":1,"Value":5000},"EVSEMinimumChargePower":{"Exponent":0,"Value":0},"EVSEMaximumChargeCurrent":{"Exponent":0,"Value":200},"EVSEMaximumVoltage":{"Exponent":0,"Value":500},"EVSEMaximumDischargePower":{"Exponent":1,"Value":5000},"EVSEMinimumDischargePower":{"Exponent":0,"Value":0},"EVSEMaximumDischargeCurrent":{"Exponent":0,"Value":200},"EVSEMinimumVoltage":{"Exponent":0,"Value":50}}}}
INFO    2026-07-22 14:43:47,816 - iso15118.shared.comm_session (235): DC_ChargeLoopRes received
INFO    2026-07-22 14:43:47,816 - iso15118.evcc.states.iso15118_20_states (1677): Next ChargeLoop Req in 0 seconds
INFO    2026-07-22 14:43:47,817 - iso15118.shared.exi_codec (248): Message to encode (ns=urn:iso:std:iso:15118:-20:DC): {"DC_ChargeLoopReq": {"Header": {"SessionID": "F63FEDC4628E6B64", "TimeStamp": 1784731427}, "DisplayParameters": {"PresentSOC": 70, "ChargingComplete": false}, "MeterInfoRequested": false, "EVPresentVoltage": {"Exponent": 3, "Value": 20}, "BPT_Dynamic_DC_CLReqControlMode": {"EVTargetEnergyRequest": {"Exponent": 1, "Value": 20}, "EVMaximumEnergyRequest": {"Exponent": 1, "Value": 20}, "EVMinimumEnergyRequest": {"Exponent": 0, "Value": 20}, "EVMaximumChargePower": {"Exponent": 2, "Value": 40}, "EVMinimumChargePower": {"Exponent": 1, "Value": 40}, "EVMaximumChargeCurrent": {"Exponent": 0, "Value": 40}, "EVMaximumVoltage": {"Exponent": 1, "Value": 40}, "EVMinimumVoltage": {"Exponent": 0, "Value": 40}, "EVMaximumDischargePower": {"Exponent": 3, "Value": 300}, "EVMinimumDischargePower": {"Exponent": 3, "Value": 300}, "EVMaximumDischargeCurrent": {"Exponent": 3, "Value": 300}}}}
INFO    2026-07-22 14:43:47,851 - iso15118.shared.comm_session (431): Sent DC_ChargeLoopReq
INFO    2026-07-22 14:43:47,882 - iso15118.shared.exi_codec (302): Decoded message (ns=urn:iso:std:iso:15118:-20:DC): {"DC_ChargeLoopRes":{"Header":{"SessionID":"F63FEDC4628E6B64","TimeStamp":1784731427},"ResponseCode":"OK","EVSEPresentCurrent":{"Exponent":0,"Value":120},"EVSEPresentVoltage":{"Exponent":0,"Value":400},"EVSEPowerLimitAchieved":false,"EVSECurrentLimitAchieved":false,"EVSEVoltageLimitAchieved":false,"BPT_Dynamic_DC_CLResControlMode":{"EVSEMaximumChargePower":{"Exponent":1,"Value":5000},"EVSEMinimumChargePower":{"Exponent":0,"Value":0},"EVSEMaximumChargeCurrent":{"Exponent":0,"Value":200},"EVSEMaximumVoltage":{"Exponent":0,"Value":500},"EVSEMaximumDischargePower":{"Exponent":1,"Value":5000},"EVSEMinimumDischargePower":{"Exponent":0,"Value":0},"EVSEMaximumDischargeCurrent":{"Exponent":0,"Value":200},"EVSEMinimumVoltage":{"Exponent":0,"Value":50}}}}
INFO    2026-07-22 14:43:47,882 - iso15118.shared.comm_session (235): DC_ChargeLoopRes received
INFO    2026-07-22 14:43:47,883 - iso15118.evcc.states.iso15118_20_states (1677): Next ChargeLoop Req in 0 seconds
INFO    2026-07-22 14:43:47,883 - iso15118.shared.exi_codec (248): Message to encode (ns=urn:iso:std:iso:15118:-20:DC): {"DC_ChargeLoopReq": {"Header": {"SessionID": "F63FEDC4628E6B64", "TimeStamp": 1784731427}, "DisplayParameters": {"PresentSOC": 80, "ChargingComplete": false}, "MeterInfoRequested": false, "EVPresentVoltage": {"Exponent": 3, "Value": 20}, "BPT_Dynamic_DC_CLReqControlMode": {"EVTargetEnergyRequest": {"Exponent": 1, "Value": 20}, "EVMaximumEnergyRequest": {"Exponent": 1, "Value": 20}, "EVMinimumEnergyRequest": {"Exponent": 0, "Value": 20}, "EVMaximumChargePower": {"Exponent": 2, "Value": 40}, "EVMinimumChargePower": {"Exponent": 1, "Value": 40}, "EVMaximumChargeCurrent": {"Exponent": 0, "Value": 40}, "EVMaximumVoltage": {"Exponent": 1, "Value": 40}, "EVMinimumVoltage": {"Exponent": 0, "Value": 40}, "EVMaximumDischargePower": {"Exponent": 3, "Value": 300}, "EVMinimumDischargePower": {"Exponent": 3, "Value": 300}, "EVMaximumDischargeCurrent": {"Exponent": 3, "Value": 300}}}}
INFO    2026-07-22 14:43:47,908 - iso15118.shared.comm_session (431): Sent DC_ChargeLoopReq
INFO    2026-07-22 14:43:47,933 - iso15118.shared.exi_codec (302): Decoded message (ns=urn:iso:std:iso:15118:-20:DC): {"DC_ChargeLoopRes":{"Header":{"SessionID":"F63FEDC4628E6B64","TimeStamp":1784731427},"ResponseCode":"OK","EVSEPresentCurrent":{"Exponent":0,"Value":120},"EVSEPresentVoltage":{"Exponent":0,"Value":400},"EVSEPowerLimitAchieved":false,"EVSECurrentLimitAchieved":false,"EVSEVoltageLimitAchieved":false,"BPT_Dynamic_DC_CLResControlMode":{"EVSEMaximumChargePower":{"Exponent":1,"Value":5000},"EVSEMinimumChargePower":{"Exponent":0,"Value":0},"EVSEMaximumChargeCurrent":{"Exponent":0,"Value":200},"EVSEMaximumVoltage":{"Exponent":0,"Value":500},"EVSEMaximumDischargePower":{"Exponent":1,"Value":5000},"EVSEMinimumDischargePower":{"Exponent":0,"Value":0},"EVSEMaximumDischargeCurrent":{"Exponent":0,"Value":200},"EVSEMinimumVoltage":{"Exponent":0,"Value":50}}}}
INFO    2026-07-22 14:43:47,934 - iso15118.shared.comm_session (235): DC_ChargeLoopRes received
INFO    2026-07-22 14:43:47,934 - iso15118.evcc.states.iso15118_20_states (1677): Next ChargeLoop Req in 0 seconds
INFO    2026-07-22 14:43:47,935 - iso15118.shared.exi_codec (248): Message to encode (ns=urn:iso:std:iso:15118:-20:DC): {"DC_ChargeLoopReq": {"Header": {"SessionID": "F63FEDC4628E6B64", "TimeStamp": 1784731427}, "DisplayParameters": {"PresentSOC": 90, "ChargingComplete": false}, "MeterInfoRequested": false, "EVPresentVoltage": {"Exponent": 3, "Value": 20}, "BPT_Dynamic_DC_CLReqControlMode": {"EVTargetEnergyRequest": {"Exponent": 1, "Value": 20}, "EVMaximumEnergyRequest": {"Exponent": 1, "Value": 20}, "EVMinimumEnergyRequest": {"Exponent": 0, "Value": 20}, "EVMaximumChargePower": {"Exponent": 2, "Value": 40}, "EVMinimumChargePower": {"Exponent": 1, "Value": 40}, "EVMaximumChargeCurrent": {"Exponent": 0, "Value": 40}, "EVMaximumVoltage": {"Exponent": 1, "Value": 40}, "EVMinimumVoltage": {"Exponent": 0, "Value": 40}, "EVMaximumDischargePower": {"Exponent": 3, "Value": 300}, "EVMinimumDischargePower": {"Exponent": 3, "Value": 300}, "EVMaximumDischargeCurrent": {"Exponent": 3, "Value": 300}}}}
INFO    2026-07-22 14:43:47,959 - iso15118.shared.comm_session (431): Sent DC_ChargeLoopReq
INFO    2026-07-22 14:43:47,985 - iso15118.shared.exi_codec (302): Decoded message (ns=urn:iso:std:iso:15118:-20:DC): {"DC_ChargeLoopRes":{"Header":{"SessionID":"F63FEDC4628E6B64","TimeStamp":1784731427},"ResponseCode":"OK","EVSEPresentCurrent":{"Exponent":0,"Value":120},"EVSEPresentVoltage":{"Exponent":0,"Value":400},"EVSEPowerLimitAchieved":false,"EVSECurrentLimitAchieved":false,"EVSEVoltageLimitAchieved":false,"BPT_Dynamic_DC_CLResControlMode":{"EVSEMaximumChargePower":{"Exponent":1,"Value":5000},"EVSEMinimumChargePower":{"Exponent":0,"Value":0},"EVSEMaximumChargeCurrent":{"Exponent":0,"Value":200},"EVSEMaximumVoltage":{"Exponent":0,"Value":500},"EVSEMaximumDischargePower":{"Exponent":1,"Value":5000},"EVSEMinimumDischargePower":{"Exponent":0,"Value":0},"EVSEMaximumDischargeCurrent":{"Exponent":0,"Value":200},"EVSEMinimumVoltage":{"Exponent":0,"Value":50}}}}
INFO    2026-07-22 14:43:47,985 - iso15118.shared.comm_session (235): DC_ChargeLoopRes received
INFO    2026-07-22 14:43:47,985 - iso15118.evcc.states.iso15118_20_states (1677): Next ChargeLoop Req in 0 seconds
INFO    2026-07-22 14:43:47,986 - iso15118.shared.exi_codec (248): Message to encode (ns=urn:iso:std:iso:15118:-20:DC): {"DC_ChargeLoopReq": {"Header": {"SessionID": "F63FEDC4628E6B64", "TimeStamp": 1784731427}, "DisplayParameters": {"PresentSOC": 100, "ChargingComplete": true}, "MeterInfoRequested": false, "EVPresentVoltage": {"Exponent": 3, "Value": 20}, "BPT_Dynamic_DC_CLReqControlMode": {"EVTargetEnergyRequest": {"Exponent": 1, "Value": 20}, "EVMaximumEnergyRequest": {"Exponent": 1, "Value": 20}, "EVMinimumEnergyRequest": {"Exponent": 0, "Value": 20}, "EVMaximumChargePower": {"Exponent": 2, "Value": 40}, "EVMinimumChargePower": {"Exponent": 1, "Value": 40}, "EVMaximumChargeCurrent": {"Exponent": 0, "Value": 40}, "EVMaximumVoltage": {"Exponent": 1, "Value": 40}, "EVMinimumVoltage": {"Exponent": 0, "Value": 40}, "EVMaximumDischargePower": {"Exponent": 3, "Value": 300}, "EVMinimumDischargePower": {"Exponent": 3, "Value": 300}, "EVMaximumDischargeCurrent": {"Exponent": 3, "Value": 300}}}}
INFO    2026-07-22 14:43:48,014 - iso15118.shared.comm_session (431): Sent DC_ChargeLoopReq
INFO    2026-07-22 14:43:48,053 - iso15118.shared.exi_codec (302): Decoded message (ns=urn:iso:std:iso:15118:-20:DC): {"DC_ChargeLoopRes":{"Header":{"SessionID":"F63FEDC4628E6B64","TimeStamp":1784731428},"ResponseCode":"OK","EVSEPresentCurrent":{"Exponent":0,"Value":120},"EVSEPresentVoltage":{"Exponent":0,"Value":400},"EVSEPowerLimitAchieved":false,"EVSECurrentLimitAchieved":false,"EVSEVoltageLimitAchieved":false,"BPT_Dynamic_DC_CLResControlMode":{"EVSEMaximumChargePower":{"Exponent":1,"Value":5000},"EVSEMinimumChargePower":{"Exponent":0,"Value":0},"EVSEMaximumChargeCurrent":{"Exponent":0,"Value":200},"EVSEMaximumVoltage":{"Exponent":0,"Value":500},"EVSEMaximumDischargePower":{"Exponent":1,"Value":5000},"EVSEMinimumDischargePower":{"Exponent":0,"Value":0},"EVSEMaximumDischargeCurrent":{"Exponent":0,"Value":200},"EVSEMinimumVoltage":{"Exponent":0,"Value":50}}}}
INFO    2026-07-22 14:43:48,054 - iso15118.shared.comm_session (235): DC_ChargeLoopRes received
INFO    2026-07-22 14:43:48,055 - iso15118.shared.exi_codec (248): Message to encode (ns=urn:iso:std:iso:15118:-20:CommonMessages): {"PowerDeliveryReq": {"Header": {"SessionID": "F63FEDC4628E6B64", "TimeStamp": 1784731428}, "EVProcessing": "Finished", "ChargeProgress": "Stop"}}
INFO    2026-07-22 14:43:48,083 - iso15118.shared.comm_session (431): Sent PowerDeliveryReq
INFO    2026-07-22 14:43:48,084 - iso15118.shared.states (139): Entered state PowerDelivery
INFO    2026-07-22 14:43:48,120 - iso15118.shared.exi_codec (302): Decoded message (ns=urn:iso:std:iso:15118:-20:CommonMessages): {"PowerDeliveryRes":{"Header":{"SessionID":"F63FEDC4628E6B64","TimeStamp":1784731428},"ResponseCode":"OK"}}
INFO    2026-07-22 14:43:48,120 - iso15118.shared.comm_session (235): PowerDeliveryRes received
INFO    2026-07-22 14:43:48,121 - iso15118.shared.exi_codec (248): Message to encode (ns=urn:iso:std:iso:15118:-20:DC): {"DC_WeldingDetectionReq": {"Header": {"SessionID": "F63FEDC4628E6B64", "TimeStamp": 1784731428}, "EVProcessing": "Ongoing"}}
INFO    2026-07-22 14:43:48,148 - iso15118.shared.comm_session (431): Sent DC_WeldingDetectionReq
INFO    2026-07-22 14:43:48,148 - iso15118.shared.states (139): Entered state DCWeldingDetection
INFO    2026-07-22 14:43:48,178 - iso15118.shared.exi_codec (302): Decoded message (ns=urn:iso:std:iso:15118:-20:DC): {"DC_WeldingDetectionRes":{"Header":{"SessionID":"F63FEDC4628E6B64","TimeStamp":1784731428},"ResponseCode":"OK","EVSEPresentVoltage":{"Exponent":0,"Value":5}}}
INFO    2026-07-22 14:43:48,178 - iso15118.shared.comm_session (235): DC_WeldingDetectionRes received
INFO    2026-07-22 14:43:48,178 - iso15118.shared.exi_codec (248): Message to encode (ns=urn:iso:std:iso:15118:-20:DC): {"DC_WeldingDetectionReq": {"Header": {"SessionID": "F63FEDC4628E6B64", "TimeStamp": 1784731428}, "EVProcessing": "Ongoing"}}
INFO    2026-07-22 14:43:48,198 - iso15118.shared.comm_session (431): Sent DC_WeldingDetectionReq
INFO    2026-07-22 14:43:48,225 - iso15118.shared.exi_codec (302): Decoded message (ns=urn:iso:std:iso:15118:-20:DC): {"DC_WeldingDetectionRes":{"Header":{"SessionID":"F63FEDC4628E6B64","TimeStamp":1784731428},"ResponseCode":"OK","EVSEPresentVoltage":{"Exponent":0,"Value":5}}}
INFO    2026-07-22 14:43:48,226 - iso15118.shared.comm_session (235): DC_WeldingDetectionRes received
INFO    2026-07-22 14:43:48,226 - iso15118.shared.exi_codec (248): Message to encode (ns=urn:iso:std:iso:15118:-20:DC): {"DC_WeldingDetectionReq": {"Header": {"SessionID": "F63FEDC4628E6B64", "TimeStamp": 1784731428}, "EVProcessing": "Ongoing"}}
INFO    2026-07-22 14:43:48,247 - iso15118.shared.comm_session (431): Sent DC_WeldingDetectionReq
INFO    2026-07-22 14:43:48,272 - iso15118.shared.exi_codec (302): Decoded message (ns=urn:iso:std:iso:15118:-20:DC): {"DC_WeldingDetectionRes":{"Header":{"SessionID":"F63FEDC4628E6B64","TimeStamp":1784731428},"ResponseCode":"OK","EVSEPresentVoltage":{"Exponent":0,"Value":5}}}
INFO    2026-07-22 14:43:48,273 - iso15118.shared.comm_session (235): DC_WeldingDetectionRes received
INFO    2026-07-22 14:43:48,273 - iso15118.shared.exi_codec (248): Message to encode (ns=urn:iso:std:iso:15118:-20:DC): {"DC_WeldingDetectionReq": {"Header": {"SessionID": "F63FEDC4628E6B64", "TimeStamp": 1784731428}, "EVProcessing": "Ongoing"}}
INFO    2026-07-22 14:43:48,296 - iso15118.shared.comm_session (431): Sent DC_WeldingDetectionReq
INFO    2026-07-22 14:43:48,327 - iso15118.shared.exi_codec (302): Decoded message (ns=urn:iso:std:iso:15118:-20:DC): {"DC_WeldingDetectionRes":{"Header":{"SessionID":"F63FEDC4628E6B64","TimeStamp":1784731428},"ResponseCode":"OK","EVSEPresentVoltage":{"Exponent":0,"Value":5}}}
INFO    2026-07-22 14:43:48,327 - iso15118.shared.comm_session (235): DC_WeldingDetectionRes received
INFO    2026-07-22 14:43:48,327 - iso15118.shared.exi_codec (248): Message to encode (ns=urn:iso:std:iso:15118:-20:DC): {"DC_WeldingDetectionReq": {"Header": {"SessionID": "F63FEDC4628E6B64", "TimeStamp": 1784731428}, "EVProcessing": "Finished"}}
INFO    2026-07-22 14:43:48,357 - iso15118.shared.comm_session (431): Sent DC_WeldingDetectionReq
INFO    2026-07-22 14:43:48,384 - iso15118.shared.exi_codec (302): Decoded message (ns=urn:iso:std:iso:15118:-20:DC): {"DC_WeldingDetectionRes":{"Header":{"SessionID":"F63FEDC4628E6B64","TimeStamp":1784731428},"ResponseCode":"OK","EVSEPresentVoltage":{"Exponent":0,"Value":5}}}
INFO    2026-07-22 14:43:48,385 - iso15118.shared.comm_session (235): DC_WeldingDetectionRes received
INFO    2026-07-22 14:43:48,386 - iso15118.shared.exi_codec (248): Message to encode (ns=urn:iso:std:iso:15118:-20:CommonMessages): {"SessionStopReq": {"Header": {"SessionID": "F63FEDC4628E6B64", "TimeStamp": 1784731428}, "ChargingSession": "Terminate"}}
INFO    2026-07-22 14:43:48,425 - iso15118.shared.comm_session (431): Sent SessionStopReq
INFO    2026-07-22 14:43:48,425 - iso15118.shared.states (139): Entered state SessionStop
INFO    2026-07-22 14:43:48,461 - iso15118.shared.exi_codec (302): Decoded message (ns=urn:iso:std:iso:15118:-20:CommonMessages): {"SessionStopRes":{"Header":{"SessionID":"F63FEDC4628E6B64","TimeStamp":1784731428},"ResponseCode":"OK"}}
INFO    2026-07-22 14:43:48,461 - iso15118.shared.comm_session (235): SessionStopRes received
INFO    2026-07-22 14:43:48,461 - iso15118.shared.comm_session (395): The data link will terminate in 2 seconds and the TCP connection will close in 5 seconds. 
INFO    2026-07-22 14:43:48,461 - iso15118.shared.comm_session (399): Reason: Communication session terminated
INFO    2026-07-22 14:43:50,462 - iso15118.shared.comm_session (410): terminated the data link
INFO    2026-07-22 14:43:53,466 - iso15118.shared.comm_session (417): TCP connection closed to peer with address ('fe80::215:5dff:fe46:863f', 55000, 0, 2)
