INFO    2026-07-22 14:43:10,945 - iso15118.evcc.evcc_settings (48): EVCC environment settings:
INFO    2026-07-22 14:43:10,946 - iso15118.evcc.evcc_settings (50): PKI_PATH                      : /venv/lib/python3.10/site-packages/iso15118/shared/pki/
INFO    2026-07-22 14:43:10,946 - iso15118.evcc.evcc_settings (50): MESSAGE_LOG_JSON              : True
INFO    2026-07-22 14:43:10,946 - iso15118.evcc.evcc_settings (50): MESSAGE_LOG_EXI               : False
INFO    2026-07-22 14:43:10,946 - iso15118.evcc.evcc_settings (50): ENABLE_TLS_1_3                : False
INFO    2026-07-22 14:43:10,946 - iso15118.evcc.evcc_settings (52): NETWORK_INTERFACE             : eth0
INFO    2026-07-22 14:43:10,946 - iso15118.evcc.evcc_settings (52): LOG_LEVEL                     : INFO
INFO    2026-07-22 14:43:10,946 - iso15118.evcc.evcc_settings (52): EVCC_CONFIG_PATH              : /venv/lib/python3.10/site-packages/iso15118/shared/examples/evcc/iso15118_20/evcc_config_dc.json
INFO    2026-07-22 14:43:10,961 - iso15118.evcc.evcc_config (120): EVCC Settings
INFO    2026-07-22 14:43:10,961 - iso15118.evcc.evcc_config (123): supported_energy_services     : [<ServiceV20.DC: 2>]
INFO    2026-07-22 14:43:10,961 - iso15118.evcc.evcc_config (123): is_cert_install_needed        : False
INFO    2026-07-22 14:43:10,961 - iso15118.evcc.evcc_config (123): use_tls                       : False
INFO    2026-07-22 14:43:10,961 - iso15118.evcc.evcc_config (123): sdp_retry_cycles              : 1
INFO    2026-07-22 14:43:10,961 - iso15118.evcc.evcc_config (123): max_contract_certs            : 3
INFO    2026-07-22 14:43:10,961 - iso15118.evcc.evcc_config (123): enforce_tls                   : False
INFO    2026-07-22 14:43:10,961 - iso15118.evcc.evcc_config (123): supported_protocols           : [<Protocol.ISO_15118_20_DC: (<Namespace.ISO_V20_DC: 'urn:iso:std:iso:15118:-20:DC'>, <enum 'ISOV20PayloadTypes'>)>]
INFO    2026-07-22 14:43:10,961 - iso15118.evcc.evcc_config (123): energy_transfer_mode          : AC_three_phase_core
INFO    2026-07-22 14:43:10,961 - iso15118.evcc.evcc_config (123): max_supporting_points         : 1024
INFO    2026-07-22 14:43:10,961 - iso15118.evcc.evcc_config (123): charge_loop_cycle             : 10
INFO    2026-07-22 14:43:10,961 - iso15118.evcc.evcc_config (123): charge_loop_delay_time        : 0
INFO    2026-07-22 14:43:12,744 - iso15118.shared.exi_codec (177): EXI Codec version: 1.55
INFO    2026-07-22 14:43:12,745 - iso15118.evcc (30): Starting 15118 version: 0.31.2
INFO    2026-07-22 14:43:12,745 - iso15118.evcc.comm_session_handler (313): Communication session handler started
INFO    2026-07-22 14:43:12,746 - iso15118.evcc.comm_session_handler (398): Remaining SDP requests: 50
INFO    2026-07-22 14:43:12,847 - iso15118.evcc.comm_session_handler (335): Sending SDPRequest: [Security: NO_TLS, Protocol: TCP]
INFO    2026-07-22 14:43:12,915 - iso15118.evcc.transport.udp_client (105): Received datagram from UDP server at address ('fe80::215:5dff:fe46:863f', 15118, 0, 2)
INFO    2026-07-22 14:43:12,916 - iso15118.evcc.comm_session_handler (485): SDPResponse received: [ IP address: fe80::215:5dff:fe46:863f, Port: 55000 , Security: NO_TLS , Transport: TCP ]
INFO    2026-07-22 14:43:12,916 - iso15118.evcc.comm_session_handler (416): Starting TCP client, trying to connect to fe80::215:5dff:fe46:863f at port 55000 ...
INFO    2026-07-22 14:43:12,922 - iso15118.evcc.comm_session_handler (423): TCP client connected
INFO    2026-07-22 14:43:12,941 - iso15118.shared.comm_session (344): Starting a new communication session
INFO    2026-07-22 14:43:12,941 - iso15118.shared.states (139): Entered state SupportedAppProtocol
INFO    2026-07-22 14:43:12,942 - iso15118.shared.exi_codec (248): Message to encode (ns=urn:iso:15118:2:2010:AppProtocol): {"supportedAppProtocolReq": {"AppProtocol": [{"ProtocolNamespace": "urn:iso:std:iso:15118:-20:DC", "VersionNumberMajor": 1, "VersionNumberMinor": 0, "SchemaID": 1, "Priority": 1}]}}
INFO    2026-07-22 14:43:13,009 - iso15118.shared.comm_session (431): Sent supportedAppProtocolReq
INFO    2026-07-22 14:43:13,187 - iso15118.shared.exi_codec (302): Decoded message (ns=urn:iso:15118:2:2010:AppProtocol): {"supportedAppProtocolRes":{"ResponseCode":"OK_SuccessfulNegotiation","SchemaID":1}}
INFO    2026-07-22 14:43:13,188 - iso15118.shared.comm_session (235): supportedAppProtocolRes received
INFO    2026-07-22 14:43:13,189 - iso15118.evcc.states.sap_states (159): Chosen protocol: ISO_15118_20_DC
INFO    2026-07-22 14:43:13,189 - iso15118.shared.exi_codec (248): Message to encode (ns=urn:iso:std:iso:15118:-20:CommonMessages): {"SessionSetupReq": {"Header": {"SessionID": "0000000000000000", "TimeStamp": 1784731393}, "EVCCID": "WMIV1234567890ABCDEX"}}
INFO    2026-07-22 14:43:13,392 - iso15118.shared.comm_session (431): Sent SessionSetupReq
INFO    2026-07-22 14:43:13,393 - iso15118.shared.states (139): Entered state SessionSetup
INFO    2026-07-22 14:43:14,070 - iso15118.shared.exi_codec (302): Decoded message (ns=urn:iso:std:iso:15118:-20:CommonMessages): {"SessionSetupRes":{"Header":{"SessionID":"11D1C8468C9CB67C","TimeStamp":1784731393},"ResponseCode":"OK_NewSessionEstablished","EVSEID":"DE*ABC*E1"}}
INFO    2026-07-22 14:43:14,070 - iso15118.shared.comm_session (235): SessionSetupRes received
INFO    2026-07-22 14:43:14,071 - iso15118.shared.exi_codec (248): Message to encode (ns=urn:iso:std:iso:15118:-20:CommonMessages): {"AuthorizationSetupReq": {"Header": {"SessionID": "11D1C8468C9CB67C", "TimeStamp": 1784731394}}}
INFO    2026-07-22 14:43:14,142 - iso15118.shared.comm_session (431): Sent AuthorizationSetupReq
INFO    2026-07-22 14:43:14,142 - iso15118.shared.states (139): Entered state AuthorizationSetup
INFO    2026-07-22 14:43:14,223 - iso15118.shared.exi_codec (302): Decoded message (ns=urn:iso:std:iso:15118:-20:CommonMessages): {"AuthorizationSetupRes":{"Header":{"SessionID":"11D1C8468C9CB67C","TimeStamp":1784731394},"ResponseCode":"OK","AuthorizationServices":["PnC","EIM"],"CertificateInstallationService":false,"PnC_ASResAuthorizationMode":{"GenChallenge":"/cM+2irteu5HHVSY+eHEew=="}}}
INFO    2026-07-22 14:43:14,224 - iso15118.shared.comm_session (235): AuthorizationSetupRes received
INFO    2026-07-22 14:43:14,227 - iso15118.shared.exi_codec (248): Message to encode (ns=urn:iso:std:iso:15118:-20:CommonMessages): {"PnC_AReqAuthorizationMode": {"Id": "id1", "GenChallenge": "/cM+2irteu5HHVSY+eHEew==", "ContractCertificateChain": {"Certificate": "MIICZDCCAgmgAwIBAgICMEQwCgYIKoZIzj0EAwIwVjEiMCAGA1UEAwwZUEtJLUV4dF9DUlRfTU9fU1VCMl9WQUxJRDEPMA0GA1UECgwGU3dpdGNoMQswCQYDVQQGEwJVSzESMBAGCgmSJomT8ixkARkWAk1PMB4XDTI2MDcyMTExNTMyMVoXDTI4MDcyMDExNTMyMVowTDEYMBYGA1UEAwwPVUtTV0kxMjM0NTY3OTFBMQ8wDQYDVQQKDAZTd2l0Y2gxCzAJBgNVBAYTAlVLMRIwEAYKCZImiZPyLGQBGRYCTU8wWTATBgcqhkjOPQIBBggqhkjOPQMBBwNCAASPcMR9PWoRGsJUtanwWG35is1JNazQouYmCqlvsiEKQDyLpSCTLAIwK0AJji7FDgbpHrOM+82YCirJywcZzauHo4HQMIHNMAwGA1UdEwEB/wQCMAAwDgYDVR0PAQH/BAQDAgPoMB0GA1UdDgQWBBQWT/G4zhwa/+ySeGEklHCy7y6GETBtBggrBgEFBQcBAQRhMF8wJAYIKwYBBQUHMAGGGGh0dHBzOi8vd3d3LmV4YW1wbGUuY29tLzA3BggrBgEFBQcwAoYraHR0cHM6Ly93d3cuZXhhbXBsZS5jb20vSW50ZXJtZWRpYXRlLUNBLmNlcjAfBgNVHSMEGDAWgBQE5KGTQteje6QejZgDDp+H+9PmajAKBggqhkjOPQQDAgNJADBGAiEAhnFc5UjTZQCbuZkmR7eHnJ03PMj+1B3F/ULTFnjHLI8CIQDFYbLbXqyvIRGSjDQVjoUmhpqvGg4exZyIgKf1iWnHaw==", "SubCertificates": {"Certificate": ["MIICcjCCAhmgAwIBAgICMEMwCgYIKoZIzj0EAwIwVjEiMCAGA1UEAwwZUEtJLUV4dF9DUlRfTU9fU1VCMV9WQUxJRDEPMA0GA1UECgwGU3dpdGNoMQswCQYDVQQGEwJVSzESMBAGCgmSJomT8ixkARkWAk1PMB4XDTI2MDcyMTExNTMyMVoXDTMwMDcyMDExNTMyMVowVjEiMCAGA1UEAwwZUEtJLUV4dF9DUlRfTU9fU1VCMl9WQUxJRDEPMA0GA1UECgwGU3dpdGNoMQswCQYDVQQGEwJVSzESMBAGCgmSJomT8ixkARkWAk1PMFkwEwYHKoZIzj0CAQYIKoZIzj0DAQcDQgAEHMR8BBuQ69sa5oonNzNyTMppyKA9JFnOKHlrSuleKsZoVFdRCpJlHFoUOmnxJ3wayr4tchFB3xB7jJjAckLZ46OB1jCB0zASBgNVHRMBAf8ECDAGAQH/AgEAMA4GA1UdDwEB/wQEAwIBxjAdBgNVHQ4EFgQUBOShk0LXo3ukHo2YAw6fh/vT5mowbQYIKwYBBQUHAQEEYTBfMCQGCCsGAQUFBzABhhhodHRwczovL3d3dy5leGFtcGxlLmNvbS8wNwYIKwYBBQUHMAKGK2h0dHBzOi8vd3d3LmV4YW1wbGUuY29tL0ludGVybWVkaWF0ZS1DQS5jZXIwHwYDVR0jBBgwFoAUIw4IOPzFFjrrThyNVhSk0fKtd+wwCgYIKoZIzj0EAwIDRwAwRAIgGCNE4tWgUqjzAxTow3Uf8HPoKnCT39oeZYFMGvM/LYYCIFAMF8lW7Xe8R54cYllDRUze2yNv30kI2CQ/LpZDgbcu", "MIICYzCCAgigAwIBAgICMEIwCgYIKoZIzj0EAwIwRTERMA8GA1UEAwwITU9Sb290Q0ExDzANBgNVBAoMBlN3aXRjaDELMAkGA1UEBhMCVUsxEjAQBgoJkiaJk/IsZAEZFgJNTzAeFw0yNjA3MjExMTUzMjFaFw0zMDA3MjAxMTUzMjFaMFYxIjAgBgNVBAMMGVBLSS1FeHRfQ1JUX01PX1NVQjFfVkFMSUQxDzANBgNVBAoMBlN3aXRjaDELMAkGA1UEBhMCVUsxEjAQBgoJkiaJk/IsZAEZFgJNTzBZMBMGByqGSM49AgEGCCqGSM49AwEHA0IABGX87iNhAe+7mzWkCS6yc3b4huU3NXoz1MH0PTcXKp2n5XPV+6+5/45AbhKSveAATuZUdQH6kGIOkRwA/KZ7u6yjgdYwgdMwEgYDVR0TAQH/BAgwBgEB/wIBATAOBgNVHQ8BAf8EBAMCAQYwHQYDVR0OBBYEFCMOCDj8xRY6604cjVYUpNHyrXfsMG0GCCsGAQUFBwEBBGEwXzAkBggrBgEFBQcwAYYYaHR0cHM6Ly93d3cuZXhhbXBsZS5jb20vMDcGCCsGAQUFBzAChitodHRwczovL3d3dy5leGFtcGxlLmNvbS9JbnRlcm1lZGlhdGUtQ0EuY2VyMB8GA1UdIwQYMBaAFJH0C7gAn6XBuT1ZPL8zNvr+zNl3MAoGCCqGSM49BAMCA0kAMEYCIQCGRcfkuKcJGq1zVhMJOMsJ1kWOiiHjQbMhQjobw8WqVwIhAOJ+7n6dWbsoc/v353G8L9R22c/+Y6t8BoYbGe5zimk4"]}}}}
INFO    2026-07-22 14:43:14,326 - iso15118.shared.exi_codec (248): Message to encode (ns=http://www.w3.org/2000/09/xmldsig#): {"SignedInfo": {"CanonicalizationMethod": {"Algorithm": "http://www.w3.org/TR/canonical-exi/"}, "SignatureMethod": {"Algorithm": "http://www.w3.org/2001/04/xmldsig-more#ecdsa-sha256"}, "Reference": [{"Transforms": {"Transform": [{"Algorithm": "http://www.w3.org/TR/canonical-exi/"}]}, "DigestMethod": {"Algorithm": "http://www.w3.org/2001/04/xmlenc#sha256"}, "DigestValue": "qvwe6MI/qin760bnQzct16iWpW3SEOmbrqb7BbxzLyI=", "URI": "#id1"}]}}
INFO    2026-07-22 14:43:14,451 - iso15118.shared.exi_codec (248): Message to encode (ns=urn:iso:std:iso:15118:-20:CommonMessages): {"AuthorizationReq": {"Header": {"SessionID": "11D1C8468C9CB67C", "TimeStamp": 1784731394, "Signature": {"SignedInfo": {"CanonicalizationMethod": {"Algorithm": "http://www.w3.org/TR/canonical-exi/"}, "SignatureMethod": {"Algorithm": "http://www.w3.org/2001/04/xmldsig-more#ecdsa-sha256"}, "Reference": [{"Transforms": {"Transform": [{"Algorithm": "http://www.w3.org/TR/canonical-exi/"}]}, "DigestMethod": {"Algorithm": "http://www.w3.org/2001/04/xmlenc#sha256"}, "DigestValue": "qvwe6MI/qin760bnQzct16iWpW3SEOmbrqb7BbxzLyI=", "URI": "#id1"}]}, "SignatureValue": {"value": "WILAYQaiOdFPj733q+UiiXHKOlA01KbwYWrrzzZF7UlAQE2sRhP3FTiiY1Kfk/EjPHCbffpkSsvA2s1Nd5u+wg=="}}}, "SelectedAuthorizationService": "PnC", "PnC_AReqAuthorizationMode": {"Id": "id1", "GenChallenge": "/cM+2irteu5HHVSY+eHEew==", "ContractCertificateChain": {"Certificate": "MIICZDCCAgmgAwIBAgICMEQwCgYIKoZIzj0EAwIwVjEiMCAGA1UEAwwZUEtJLUV4dF9DUlRfTU9fU1VCMl9WQUxJRDEPMA0GA1UECgwGU3dpdGNoMQswCQYDVQQGEwJVSzESMBAGCgmSJomT8ixkARkWAk1PMB4XDTI2MDcyMTExNTMyMVoXDTI4MDcyMDExNTMyMVowTDEYMBYGA1UEAwwPVUtTV0kxMjM0NTY3OTFBMQ8wDQYDVQQKDAZTd2l0Y2gxCzAJBgNVBAYTAlVLMRIwEAYKCZImiZPyLGQBGRYCTU8wWTATBgcqhkjOPQIBBggqhkjOPQMBBwNCAASPcMR9PWoRGsJUtanwWG35is1JNazQouYmCqlvsiEKQDyLpSCTLAIwK0AJji7FDgbpHrOM+82YCirJywcZzauHo4HQMIHNMAwGA1UdEwEB/wQCMAAwDgYDVR0PAQH/BAQDAgPoMB0GA1UdDgQWBBQWT/G4zhwa/+ySeGEklHCy7y6GETBtBggrBgEFBQcBAQRhMF8wJAYIKwYBBQUHMAGGGGh0dHBzOi8vd3d3LmV4YW1wbGUuY29tLzA3BggrBgEFBQcwAoYraHR0cHM6Ly93d3cuZXhhbXBsZS5jb20vSW50ZXJtZWRpYXRlLUNBLmNlcjAfBgNVHSMEGDAWgBQE5KGTQteje6QejZgDDp+H+9PmajAKBggqhkjOPQQDAgNJADBGAiEAhnFc5UjTZQCbuZkmR7eHnJ03PMj+1B3F/ULTFnjHLI8CIQDFYbLbXqyvIRGSjDQVjoUmhpqvGg4exZyIgKf1iWnHaw==", "SubCertificates": {"Certificate": ["MIICcjCCAhmgAwIBAgICMEMwCgYIKoZIzj0EAwIwVjEiMCAGA1UEAwwZUEtJLUV4dF9DUlRfTU9fU1VCMV9WQUxJRDEPMA0GA1UECgwGU3dpdGNoMQswCQYDVQQGEwJVSzESMBAGCgmSJomT8ixkARkWAk1PMB4XDTI2MDcyMTExNTMyMVoXDTMwMDcyMDExNTMyMVowVjEiMCAGA1UEAwwZUEtJLUV4dF9DUlRfTU9fU1VCMl9WQUxJRDEPMA0GA1UECgwGU3dpdGNoMQswCQYDVQQGEwJVSzESMBAGCgmSJomT8ixkARkWAk1PMFkwEwYHKoZIzj0CAQYIKoZIzj0DAQcDQgAEHMR8BBuQ69sa5oonNzNyTMppyKA9JFnOKHlrSuleKsZoVFdRCpJlHFoUOmnxJ3wayr4tchFB3xB7jJjAckLZ46OB1jCB0zASBgNVHRMBAf8ECDAGAQH/AgEAMA4GA1UdDwEB/wQEAwIBxjAdBgNVHQ4EFgQUBOShk0LXo3ukHo2YAw6fh/vT5mowbQYIKwYBBQUHAQEEYTBfMCQGCCsGAQUFBzABhhhodHRwczovL3d3dy5leGFtcGxlLmNvbS8wNwYIKwYBBQUHMAKGK2h0dHBzOi8vd3d3LmV4YW1wbGUuY29tL0ludGVybWVkaWF0ZS1DQS5jZXIwHwYDVR0jBBgwFoAUIw4IOPzFFjrrThyNVhSk0fKtd+wwCgYIKoZIzj0EAwIDRwAwRAIgGCNE4tWgUqjzAxTow3Uf8HPoKnCT39oeZYFMGvM/LYYCIFAMF8lW7Xe8R54cYllDRUze2yNv30kI2CQ/LpZDgbcu", "MIICYzCCAgigAwIBAgICMEIwCgYIKoZIzj0EAwIwRTERMA8GA1UEAwwITU9Sb290Q0ExDzANBgNVBAoMBlN3aXRjaDELMAkGA1UEBhMCVUsxEjAQBgoJkiaJk/IsZAEZFgJNTzAeFw0yNjA3MjExMTUzMjFaFw0zMDA3MjAxMTUzMjFaMFYxIjAgBgNVBAMMGVBLSS1FeHRfQ1JUX01PX1NVQjFfVkFMSUQxDzANBgNVBAoMBlN3aXRjaDELMAkGA1UEBhMCVUsxEjAQBgoJkiaJk/IsZAEZFgJNTzBZMBMGByqGSM49AgEGCCqGSM49AwEHA0IABGX87iNhAe+7mzWkCS6yc3b4huU3NXoz1MH0PTcXKp2n5XPV+6+5/45AbhKSveAATuZUdQH6kGIOkRwA/KZ7u6yjgdYwgdMwEgYDVR0TAQH/BAgwBgEB/wIBATAOBgNVHQ8BAf8EBAMCAQYwHQYDVR0OBBYEFCMOCDj8xRY6604cjVYUpNHyrXfsMG0GCCsGAQUFBwEBBGEwXzAkBggrBgEFBQcwAYYYaHR0cHM6Ly93d3cuZXhhbXBsZS5jb20vMDcGCCsGAQUFBzAChitodHRwczovL3d3dy5leGFtcGxlLmNvbS9JbnRlcm1lZGlhdGUtQ0EuY2VyMB8GA1UdIwQYMBaAFJH0C7gAn6XBuT1ZPL8zNvr+zNl3MAoGCCqGSM49BAMCA0kAMEYCIQCGRcfkuKcJGq1zVhMJOMsJ1kWOiiHjQbMhQjobw8WqVwIhAOJ+7n6dWbsoc/v353G8L9R22c/+Y6t8BoYbGe5zimk4"]}}}}}
INFO    2026-07-22 14:43:14,518 - iso15118.shared.comm_session (431): Sent AuthorizationReq
INFO    2026-07-22 14:43:14,519 - iso15118.shared.states (139): Entered state Authorization
INFO    2026-07-22 14:43:14,666 - iso15118.shared.exi_codec (302): Decoded message (ns=urn:iso:std:iso:15118:-20:CommonMessages): {"AuthorizationRes":{"Header":{"SessionID":"11D1C8468C9CB67C","TimeStamp":1784731394},"ResponseCode":"OK","EVSEProcessing":"Finished"}}
INFO    2026-07-22 14:43:14,667 - iso15118.shared.comm_session (235): AuthorizationRes received
INFO    2026-07-22 14:43:14,667 - iso15118.shared.exi_codec (248): Message to encode (ns=urn:iso:std:iso:15118:-20:CommonMessages): {"ServiceDiscoveryReq": {"Header": {"SessionID": "11D1C8468C9CB67C", "TimeStamp": 1784731394}}}
INFO    2026-07-22 14:43:14,703 - iso15118.shared.comm_session (431): Sent ServiceDiscoveryReq
INFO    2026-07-22 14:43:14,703 - iso15118.shared.states (139): Entered state ServiceDiscovery
INFO    2026-07-22 14:43:14,745 - iso15118.shared.exi_codec (302): Decoded message (ns=urn:iso:std:iso:15118:-20:CommonMessages): {"ServiceDiscoveryRes":{"Header":{"SessionID":"11D1C8468C9CB67C","TimeStamp":1784731394},"ResponseCode":"OK","ServiceRenegotiationSupported":false,"EnergyTransferServiceList":{"Service":[{"ServiceID":2,"FreeService":true},{"ServiceID":6,"FreeService":true}]}}}
INFO    2026-07-22 14:43:14,745 - iso15118.shared.comm_session (235): ServiceDiscoveryRes received
INFO    2026-07-22 14:43:14,746 - iso15118.shared.exi_codec (248): Message to encode (ns=urn:iso:std:iso:15118:-20:CommonMessages): {"ServiceDetailReq": {"Header": {"SessionID": "11D1C8468C9CB67C", "TimeStamp": 1784731394}, "ServiceID": 2}}
INFO    2026-07-22 14:43:14,780 - iso15118.shared.comm_session (431): Sent ServiceDetailReq
INFO    2026-07-22 14:43:14,780 - iso15118.shared.states (139): Entered state ServiceDetail
INFO    2026-07-22 14:43:14,821 - iso15118.shared.exi_codec (302): Decoded message (ns=urn:iso:std:iso:15118:-20:CommonMessages): {"ServiceDetailRes":{"Header":{"SessionID":"11D1C8468C9CB67C","TimeStamp":1784731394},"ResponseCode":"OK","ServiceID":2,"ServiceParameterList":{"ParameterSet":[{"ParameterSetID":2,"Parameter":[{"Name":"Connector","intValue":1},{"Name":"ControlMode","intValue":2},{"Name":"MobilityNeedsMode","intValue":1},{"Name":"Pricing","intValue":0}]},{"ParameterSetID":1,"Parameter":[{"Name":"Connector","intValue":1},{"Name":"ControlMode","intValue":1},{"Name":"MobilityNeedsMode","intValue":1},{"Name":"Pricing","intValue":0}]}]}}}
INFO    2026-07-22 14:43:14,822 - iso15118.shared.comm_session (235): ServiceDetailRes received
INFO    2026-07-22 14:43:14,822 - iso15118.evcc.states.iso15118_20_states (664): Selected Control Mode: 2
INFO    2026-07-22 14:43:14,823 - iso15118.shared.exi_codec (248): Message to encode (ns=urn:iso:std:iso:15118:-20:CommonMessages): {"ServiceSelectionReq": {"Header": {"SessionID": "11D1C8468C9CB67C", "TimeStamp": 1784731394}, "SelectedEnergyTransferService": {"ServiceID": 2, "ParameterSetID": 2}}}
INFO    2026-07-22 14:43:14,862 - iso15118.shared.comm_session (431): Sent ServiceSelectionReq
INFO    2026-07-22 14:43:14,862 - iso15118.shared.states (139): Entered state ServiceSelection
INFO    2026-07-22 14:43:14,900 - iso15118.shared.exi_codec (302): Decoded message (ns=urn:iso:std:iso:15118:-20:CommonMessages): {"ServiceSelectionRes":{"Header":{"SessionID":"11D1C8468C9CB67C","TimeStamp":1784731394},"ResponseCode":"OK"}}
INFO    2026-07-22 14:43:14,900 - iso15118.shared.comm_session (235): ServiceSelectionRes received
INFO    2026-07-22 14:43:14,900 - iso15118.shared.exi_codec (248): Message to encode (ns=urn:iso:std:iso:15118:-20:DC): {"DC_ChargeParameterDiscoveryReq": {"Header": {"SessionID": "11D1C8468C9CB67C", "TimeStamp": 1784731394}, "DC_CPDReqEnergyTransferMode": {"EVMaximumChargePower": {"Exponent": 3, "Value": 300}, "EVMinimumChargePower": {"Exponent": 0, "Value": 100}, "EVMaximumChargeCurrent": {"Exponent": 0, "Value": 300}, "EVMinimumChargeCurrent": {"Exponent": 0, "Value": 10}, "EVMaximumVoltage": {"Exponent": 0, "Value": 1000}, "EVMinimumVoltage": {"Exponent": 0, "Value": 10}}}}
INFO    2026-07-22 14:43:14,960 - iso15118.shared.comm_session (431): Sent DC_ChargeParameterDiscoveryReq
INFO    2026-07-22 14:43:14,960 - iso15118.shared.states (139): Entered state DCChargeParameterDiscovery
INFO    2026-07-22 14:43:14,990 - iso15118.shared.exi_codec (302): Decoded message (ns=urn:iso:std:iso:15118:-20:DC): {"DC_ChargeParameterDiscoveryRes":{"Header":{"SessionID":"11D1C8468C9CB67C","TimeStamp":1784731394},"ResponseCode":"OK","DC_CPDResEnergyTransferMode":{"EVSEMaximumChargePower":{"Exponent":1,"Value":5000},"EVSEMinimumChargePower":{"Exponent":0,"Value":0},"EVSEMaximumChargeCurrent":{"Exponent":0,"Value":200},"EVSEMinimumChargeCurrent":{"Exponent":0,"Value":0},"EVSEMaximumVoltage":{"Exponent":0,"Value":500},"EVSEMinimumVoltage":{"Exponent":0,"Value":50}}}}
INFO    2026-07-22 14:43:14,991 - iso15118.shared.comm_session (235): DC_ChargeParameterDiscoveryRes received
INFO    2026-07-22 14:43:14,992 - iso15118.shared.exi_codec (248): Message to encode (ns=urn:iso:std:iso:15118:-20:CommonMessages): {"ScheduleExchangeReq": {"Header": {"SessionID": "11D1C8468C9CB67C", "TimeStamp": 1784731394}, "MaximumSupportingPoints": 1024, "Dynamic_SEReqControlMode": {"DepartureTime": 7200, "MinimumSOC": 30, "TargetSOC": 80, "EVTargetEnergyRequest": {"Exponent": 3, "Value": 40}, "EVMaximumEnergyRequest": {"Exponent": 1, "Value": 6000}, "EVMinimumEnergyRequest": {"Exponent": 0, "Value": -20000}, "EVMaximumV2XEnergyRequest": {"Exponent": 0, "Value": 5000}, "EVMinimumV2XEnergyRequest": {"Exponent": 0, "Value": 0}}}}
INFO    2026-07-22 14:43:15,027 - iso15118.shared.comm_session (431): Sent ScheduleExchangeReq
INFO    2026-07-22 14:43:15,027 - iso15118.shared.states (139): Entered state ScheduleExchange
INFO    2026-07-22 14:43:15,065 - iso15118.shared.exi_codec (302): Decoded message (ns=urn:iso:std:iso:15118:-20:CommonMessages): {"ScheduleExchangeRes":{"Header":{"SessionID":"11D1C8468C9CB67C","TimeStamp":1784731395},"ResponseCode":"OK","EVSEProcessing":"Finished","GoToPause":false,"Dynamic_SEResControlMode":{"DepartureTime":7200}}}
INFO    2026-07-22 14:43:15,065 - iso15118.shared.comm_session (235): ScheduleExchangeRes received
INFO    2026-07-22 14:43:15,065 - iso15118.shared.exi_codec (248): Message to encode (ns=urn:iso:std:iso:15118:-20:DC): {"DC_CableCheckReq": {"Header": {"SessionID": "11D1C8468C9CB67C", "TimeStamp": 1784731395}}}
INFO    2026-07-22 14:43:15,087 - iso15118.shared.comm_session (431): Sent DC_CableCheckReq
INFO    2026-07-22 14:43:15,087 - iso15118.shared.states (139): Entered state DCCableCheck
INFO    2026-07-22 14:43:15,112 - iso15118.shared.exi_codec (302): Decoded message (ns=urn:iso:std:iso:15118:-20:DC): {"DC_CableCheckRes":{"Header":{"SessionID":"11D1C8468C9CB67C","TimeStamp":1784731395},"ResponseCode":"OK","EVSEProcessing":"Finished"}}
INFO    2026-07-22 14:43:15,112 - iso15118.shared.comm_session (235): DC_CableCheckRes received
INFO    2026-07-22 14:43:15,112 - iso15118.shared.exi_codec (248): Message to encode (ns=urn:iso:std:iso:15118:-20:DC): {"DC_PreChargeReq": {"Header": {"SessionID": "11D1C8468C9CB67C", "TimeStamp": 1784731395}, "EVProcessing": "Ongoing", "EVPresentVoltage": {"Exponent": 3, "Value": 20}, "EVTargetVoltage": {"Exponent": 3, "Value": 20}}}
INFO    2026-07-22 14:43:15,133 - iso15118.shared.comm_session (431): Sent DC_PreChargeReq
INFO    2026-07-22 14:43:15,133 - iso15118.shared.states (139): Entered state DCPreCharge
INFO    2026-07-22 14:43:15,155 - iso15118.shared.exi_codec (302): Decoded message (ns=urn:iso:std:iso:15118:-20:DC): {"DC_PreChargeRes":{"Header":{"SessionID":"11D1C8468C9CB67C","TimeStamp":1784731395},"ResponseCode":"OK","EVSEPresentVoltage":{"Exponent":0,"Value":390}}}
INFO    2026-07-22 14:43:15,155 - iso15118.shared.comm_session (235): DC_PreChargeRes received
INFO    2026-07-22 14:43:15,156 - iso15118.shared.exi_codec (248): Message to encode (ns=urn:iso:std:iso:15118:-20:DC): {"DC_PreChargeReq": {"Header": {"SessionID": "11D1C8468C9CB67C", "TimeStamp": 1784731395}, "EVProcessing": "Ongoing", "EVPresentVoltage": {"Exponent": 3, "Value": 20}, "EVTargetVoltage": {"Exponent": 3, "Value": 20}}}
INFO    2026-07-22 14:43:15,181 - iso15118.shared.comm_session (431): Sent DC_PreChargeReq
INFO    2026-07-22 14:43:15,208 - iso15118.shared.exi_codec (302): Decoded message (ns=urn:iso:std:iso:15118:-20:DC): {"DC_PreChargeRes":{"Header":{"SessionID":"11D1C8468C9CB67C","TimeStamp":1784731395},"ResponseCode":"OK","EVSEPresentVoltage":{"Exponent":0,"Value":390}}}
INFO    2026-07-22 14:43:15,209 - iso15118.shared.comm_session (235): DC_PreChargeRes received
INFO    2026-07-22 14:43:15,209 - iso15118.shared.exi_codec (248): Message to encode (ns=urn:iso:std:iso:15118:-20:DC): {"DC_PreChargeReq": {"Header": {"SessionID": "11D1C8468C9CB67C", "TimeStamp": 1784731395}, "EVProcessing": "Ongoing", "EVPresentVoltage": {"Exponent": 3, "Value": 20}, "EVTargetVoltage": {"Exponent": 3, "Value": 20}}}
INFO    2026-07-22 14:43:15,233 - iso15118.shared.comm_session (431): Sent DC_PreChargeReq
INFO    2026-07-22 14:43:15,257 - iso15118.shared.exi_codec (302): Decoded message (ns=urn:iso:std:iso:15118:-20:DC): {"DC_PreChargeRes":{"Header":{"SessionID":"11D1C8468C9CB67C","TimeStamp":1784731395},"ResponseCode":"OK","EVSEPresentVoltage":{"Exponent":0,"Value":390}}}
INFO    2026-07-22 14:43:15,258 - iso15118.shared.comm_session (235): DC_PreChargeRes received
INFO    2026-07-22 14:43:15,258 - iso15118.evcc.controller.simulator (574): Precharge complete.
INFO    2026-07-22 14:43:15,259 - iso15118.shared.exi_codec (248): Message to encode (ns=urn:iso:std:iso:15118:-20:DC): {"DC_PreChargeReq": {"Header": {"SessionID": "11D1C8468C9CB67C", "TimeStamp": 1784731395}, "EVProcessing": "Finished", "EVPresentVoltage": {"Exponent": 3, "Value": 20}, "EVTargetVoltage": {"Exponent": 3, "Value": 20}}}
INFO    2026-07-22 14:43:15,283 - iso15118.shared.comm_session (431): Sent DC_PreChargeReq
INFO    2026-07-22 14:43:15,305 - iso15118.shared.exi_codec (302): Decoded message (ns=urn:iso:std:iso:15118:-20:DC): {"DC_PreChargeRes":{"Header":{"SessionID":"11D1C8468C9CB67C","TimeStamp":1784731395},"ResponseCode":"OK","EVSEPresentVoltage":{"Exponent":0,"Value":390}}}
INFO    2026-07-22 14:43:15,306 - iso15118.shared.comm_session (235): DC_PreChargeRes received
INFO    2026-07-22 14:43:15,306 - iso15118.evcc.controller.simulator (574): Precharge complete.
INFO    2026-07-22 14:43:15,307 - iso15118.shared.exi_codec (248): Message to encode (ns=urn:iso:std:iso:15118:-20:CommonMessages): {"PowerDeliveryReq": {"Header": {"SessionID": "11D1C8468C9CB67C", "TimeStamp": 1784731395}, "EVProcessing": "Ongoing", "ChargeProgress": "Start"}}
INFO    2026-07-22 14:43:15,353 - iso15118.shared.comm_session (431): Sent PowerDeliveryReq
INFO    2026-07-22 14:43:15,353 - iso15118.shared.states (139): Entered state PowerDelivery
INFO    2026-07-22 14:43:15,390 - iso15118.shared.exi_codec (302): Decoded message (ns=urn:iso:std:iso:15118:-20:CommonMessages): {"PowerDeliveryRes":{"Header":{"SessionID":"11D1C8468C9CB67C","TimeStamp":1784731395},"ResponseCode":"OK"}}
INFO    2026-07-22 14:43:15,391 - iso15118.shared.comm_session (235): PowerDeliveryRes received
INFO    2026-07-22 14:43:15,391 - iso15118.shared.exi_codec (248): Message to encode (ns=urn:iso:std:iso:15118:-20:CommonMessages): {"PowerDeliveryReq": {"Header": {"SessionID": "11D1C8468C9CB67C", "TimeStamp": 1784731395}, "EVProcessing": "Finished", "ChargeProgress": "Start", "EVPowerProfile": {"TimeAnchor": 0, "EVPowerProfileEntries": {"EVPowerProfileEntry": [{"Duration": 3600, "Power": {"Exponent": 0, "Value": 11000}}]}, "Dynamic_EVPPTControlMode": {}}}}
INFO    2026-07-22 14:43:15,435 - iso15118.shared.comm_session (431): Sent PowerDeliveryReq
INFO    2026-07-22 14:43:15,435 - iso15118.shared.states (139): Entered state PowerDelivery
INFO    2026-07-22 14:43:15,474 - iso15118.shared.exi_codec (302): Decoded message (ns=urn:iso:std:iso:15118:-20:CommonMessages): {"PowerDeliveryRes":{"Header":{"SessionID":"11D1C8468C9CB67C","TimeStamp":1784731395},"ResponseCode":"OK"}}
INFO    2026-07-22 14:43:15,475 - iso15118.shared.comm_session (235): PowerDeliveryRes received
INFO    2026-07-22 14:43:15,476 - iso15118.shared.exi_codec (248): Message to encode (ns=urn:iso:std:iso:15118:-20:DC): {"DC_ChargeLoopReq": {"Header": {"SessionID": "11D1C8468C9CB67C", "TimeStamp": 1784731395}, "DisplayParameters": {"PresentSOC": 10, "ChargingComplete": false}, "MeterInfoRequested": false, "EVPresentVoltage": {"Exponent": 3, "Value": 20}, "Dynamic_DC_CLReqControlMode": {"EVTargetEnergyRequest": {"Exponent": 1, "Value": 20}, "EVMaximumEnergyRequest": {"Exponent": 1, "Value": 20}, "EVMinimumEnergyRequest": {"Exponent": 0, "Value": 20}, "EVMaximumChargePower": {"Exponent": 2, "Value": 40}, "EVMinimumChargePower": {"Exponent": 1, "Value": 40}, "EVMaximumChargeCurrent": {"Exponent": 0, "Value": 40}, "EVMaximumVoltage": {"Exponent": 1, "Value": 40}, "EVMinimumVoltage": {"Exponent": 0, "Value": 40}}}}
INFO    2026-07-22 14:43:15,505 - iso15118.shared.comm_session (431): Sent DC_ChargeLoopReq
INFO    2026-07-22 14:43:15,505 - iso15118.shared.states (139): Entered state DCChargeLoop
INFO    2026-07-22 14:43:15,538 - iso15118.shared.exi_codec (302): Decoded message (ns=urn:iso:std:iso:15118:-20:DC): {"DC_ChargeLoopRes":{"Header":{"SessionID":"11D1C8468C9CB67C","TimeStamp":1784731395},"ResponseCode":"OK","EVSEPresentCurrent":{"Exponent":0,"Value":120},"EVSEPresentVoltage":{"Exponent":0,"Value":400},"EVSEPowerLimitAchieved":false,"EVSECurrentLimitAchieved":false,"EVSEVoltageLimitAchieved":false,"Dynamic_DC_CLResControlMode":{"EVSEMaximumChargePower":{"Exponent":1,"Value":5000},"EVSEMinimumChargePower":{"Exponent":0,"Value":0},"EVSEMaximumChargeCurrent":{"Exponent":0,"Value":200},"EVSEMaximumVoltage":{"Exponent":0,"Value":500}}}}
INFO    2026-07-22 14:43:15,538 - iso15118.shared.comm_session (235): DC_ChargeLoopRes received
INFO    2026-07-22 14:43:15,539 - iso15118.evcc.states.iso15118_20_states (1677): Next ChargeLoop Req in 0 seconds
INFO    2026-07-22 14:43:15,540 - iso15118.shared.exi_codec (248): Message to encode (ns=urn:iso:std:iso:15118:-20:DC): {"DC_ChargeLoopReq": {"Header": {"SessionID": "11D1C8468C9CB67C", "TimeStamp": 1784731395}, "DisplayParameters": {"PresentSOC": 20, "ChargingComplete": false}, "MeterInfoRequested": false, "EVPresentVoltage": {"Exponent": 3, "Value": 20}, "Dynamic_DC_CLReqControlMode": {"EVTargetEnergyRequest": {"Exponent": 1, "Value": 20}, "EVMaximumEnergyRequest": {"Exponent": 1, "Value": 20}, "EVMinimumEnergyRequest": {"Exponent": 0, "Value": 20}, "EVMaximumChargePower": {"Exponent": 2, "Value": 40}, "EVMinimumChargePower": {"Exponent": 1, "Value": 40}, "EVMaximumChargeCurrent": {"Exponent": 0, "Value": 40}, "EVMaximumVoltage": {"Exponent": 1, "Value": 40}, "EVMinimumVoltage": {"Exponent": 0, "Value": 40}}}}
INFO    2026-07-22 14:43:15,566 - iso15118.shared.comm_session (431): Sent DC_ChargeLoopReq
INFO    2026-07-22 14:43:15,605 - iso15118.shared.exi_codec (302): Decoded message (ns=urn:iso:std:iso:15118:-20:DC): {"DC_ChargeLoopRes":{"Header":{"SessionID":"11D1C8468C9CB67C","TimeStamp":1784731395},"ResponseCode":"OK","EVSEPresentCurrent":{"Exponent":0,"Value":120},"EVSEPresentVoltage":{"Exponent":0,"Value":400},"EVSEPowerLimitAchieved":false,"EVSECurrentLimitAchieved":false,"EVSEVoltageLimitAchieved":false,"Dynamic_DC_CLResControlMode":{"EVSEMaximumChargePower":{"Exponent":1,"Value":5000},"EVSEMinimumChargePower":{"Exponent":0,"Value":0},"EVSEMaximumChargeCurrent":{"Exponent":0,"Value":200},"EVSEMaximumVoltage":{"Exponent":0,"Value":500}}}}
INFO    2026-07-22 14:43:15,605 - iso15118.shared.comm_session (235): DC_ChargeLoopRes received
INFO    2026-07-22 14:43:15,606 - iso15118.evcc.states.iso15118_20_states (1677): Next ChargeLoop Req in 0 seconds
INFO    2026-07-22 14:43:15,607 - iso15118.shared.exi_codec (248): Message to encode (ns=urn:iso:std:iso:15118:-20:DC): {"DC_ChargeLoopReq": {"Header": {"SessionID": "11D1C8468C9CB67C", "TimeStamp": 1784731395}, "DisplayParameters": {"PresentSOC": 30, "ChargingComplete": false}, "MeterInfoRequested": false, "EVPresentVoltage": {"Exponent": 3, "Value": 20}, "Dynamic_DC_CLReqControlMode": {"EVTargetEnergyRequest": {"Exponent": 1, "Value": 20}, "EVMaximumEnergyRequest": {"Exponent": 1, "Value": 20}, "EVMinimumEnergyRequest": {"Exponent": 0, "Value": 20}, "EVMaximumChargePower": {"Exponent": 2, "Value": 40}, "EVMinimumChargePower": {"Exponent": 1, "Value": 40}, "EVMaximumChargeCurrent": {"Exponent": 0, "Value": 40}, "EVMaximumVoltage": {"Exponent": 1, "Value": 40}, "EVMinimumVoltage": {"Exponent": 0, "Value": 40}}}}
INFO    2026-07-22 14:43:15,647 - iso15118.shared.comm_session (431): Sent DC_ChargeLoopReq
INFO    2026-07-22 14:43:15,677 - iso15118.shared.exi_codec (302): Decoded message (ns=urn:iso:std:iso:15118:-20:DC): {"DC_ChargeLoopRes":{"Header":{"SessionID":"11D1C8468C9CB67C","TimeStamp":1784731395},"ResponseCode":"OK","EVSEPresentCurrent":{"Exponent":0,"Value":120},"EVSEPresentVoltage":{"Exponent":0,"Value":400},"EVSEPowerLimitAchieved":false,"EVSECurrentLimitAchieved":false,"EVSEVoltageLimitAchieved":false,"Dynamic_DC_CLResControlMode":{"EVSEMaximumChargePower":{"Exponent":1,"Value":5000},"EVSEMinimumChargePower":{"Exponent":0,"Value":0},"EVSEMaximumChargeCurrent":{"Exponent":0,"Value":200},"EVSEMaximumVoltage":{"Exponent":0,"Value":500}}}}
INFO    2026-07-22 14:43:15,677 - iso15118.shared.comm_session (235): DC_ChargeLoopRes received
INFO    2026-07-22 14:43:15,678 - iso15118.evcc.states.iso15118_20_states (1677): Next ChargeLoop Req in 0 seconds
INFO    2026-07-22 14:43:15,678 - iso15118.shared.exi_codec (248): Message to encode (ns=urn:iso:std:iso:15118:-20:DC): {"DC_ChargeLoopReq": {"Header": {"SessionID": "11D1C8468C9CB67C", "TimeStamp": 1784731395}, "DisplayParameters": {"PresentSOC": 40, "ChargingComplete": false}, "MeterInfoRequested": false, "EVPresentVoltage": {"Exponent": 3, "Value": 20}, "Dynamic_DC_CLReqControlMode": {"EVTargetEnergyRequest": {"Exponent": 1, "Value": 20}, "EVMaximumEnergyRequest": {"Exponent": 1, "Value": 20}, "EVMinimumEnergyRequest": {"Exponent": 0, "Value": 20}, "EVMaximumChargePower": {"Exponent": 2, "Value": 40}, "EVMinimumChargePower": {"Exponent": 1, "Value": 40}, "EVMaximumChargeCurrent": {"Exponent": 0, "Value": 40}, "EVMaximumVoltage": {"Exponent": 1, "Value": 40}, "EVMinimumVoltage": {"Exponent": 0, "Value": 40}}}}
INFO    2026-07-22 14:43:15,702 - iso15118.shared.comm_session (431): Sent DC_ChargeLoopReq
INFO    2026-07-22 14:43:15,734 - iso15118.shared.exi_codec (302): Decoded message (ns=urn:iso:std:iso:15118:-20:DC): {"DC_ChargeLoopRes":{"Header":{"SessionID":"11D1C8468C9CB67C","TimeStamp":1784731395},"ResponseCode":"OK","EVSEPresentCurrent":{"Exponent":0,"Value":120},"EVSEPresentVoltage":{"Exponent":0,"Value":400},"EVSEPowerLimitAchieved":false,"EVSECurrentLimitAchieved":false,"EVSEVoltageLimitAchieved":false,"Dynamic_DC_CLResControlMode":{"EVSEMaximumChargePower":{"Exponent":1,"Value":5000},"EVSEMinimumChargePower":{"Exponent":0,"Value":0},"EVSEMaximumChargeCurrent":{"Exponent":0,"Value":200},"EVSEMaximumVoltage":{"Exponent":0,"Value":500}}}}
INFO    2026-07-22 14:43:15,734 - iso15118.shared.comm_session (235): DC_ChargeLoopRes received
INFO    2026-07-22 14:43:15,734 - iso15118.evcc.states.iso15118_20_states (1677): Next ChargeLoop Req in 0 seconds
INFO    2026-07-22 14:43:15,735 - iso15118.shared.exi_codec (248): Message to encode (ns=urn:iso:std:iso:15118:-20:DC): {"DC_ChargeLoopReq": {"Header": {"SessionID": "11D1C8468C9CB67C", "TimeStamp": 1784731395}, "DisplayParameters": {"PresentSOC": 50, "ChargingComplete": false}, "MeterInfoRequested": false, "EVPresentVoltage": {"Exponent": 3, "Value": 20}, "Dynamic_DC_CLReqControlMode": {"EVTargetEnergyRequest": {"Exponent": 1, "Value": 20}, "EVMaximumEnergyRequest": {"Exponent": 1, "Value": 20}, "EVMinimumEnergyRequest": {"Exponent": 0, "Value": 20}, "EVMaximumChargePower": {"Exponent": 2, "Value": 40}, "EVMinimumChargePower": {"Exponent": 1, "Value": 40}, "EVMaximumChargeCurrent": {"Exponent": 0, "Value": 40}, "EVMaximumVoltage": {"Exponent": 1, "Value": 40}, "EVMinimumVoltage": {"Exponent": 0, "Value": 40}}}}
INFO    2026-07-22 14:43:15,761 - iso15118.shared.comm_session (431): Sent DC_ChargeLoopReq
INFO    2026-07-22 14:43:15,785 - iso15118.shared.exi_codec (302): Decoded message (ns=urn:iso:std:iso:15118:-20:DC): {"DC_ChargeLoopRes":{"Header":{"SessionID":"11D1C8468C9CB67C","TimeStamp":1784731395},"ResponseCode":"OK","EVSEPresentCurrent":{"Exponent":0,"Value":120},"EVSEPresentVoltage":{"Exponent":0,"Value":400},"EVSEPowerLimitAchieved":false,"EVSECurrentLimitAchieved":false,"EVSEVoltageLimitAchieved":false,"Dynamic_DC_CLResControlMode":{"EVSEMaximumChargePower":{"Exponent":1,"Value":5000},"EVSEMinimumChargePower":{"Exponent":0,"Value":0},"EVSEMaximumChargeCurrent":{"Exponent":0,"Value":200},"EVSEMaximumVoltage":{"Exponent":0,"Value":500}}}}
INFO    2026-07-22 14:43:15,786 - iso15118.shared.comm_session (235): DC_ChargeLoopRes received
INFO    2026-07-22 14:43:15,786 - iso15118.evcc.states.iso15118_20_states (1677): Next ChargeLoop Req in 0 seconds
INFO    2026-07-22 14:43:15,786 - iso15118.shared.exi_codec (248): Message to encode (ns=urn:iso:std:iso:15118:-20:DC): {"DC_ChargeLoopReq": {"Header": {"SessionID": "11D1C8468C9CB67C", "TimeStamp": 1784731395}, "DisplayParameters": {"PresentSOC": 60, "ChargingComplete": false}, "MeterInfoRequested": false, "EVPresentVoltage": {"Exponent": 3, "Value": 20}, "Dynamic_DC_CLReqControlMode": {"EVTargetEnergyRequest": {"Exponent": 1, "Value": 20}, "EVMaximumEnergyRequest": {"Exponent": 1, "Value": 20}, "EVMinimumEnergyRequest": {"Exponent": 0, "Value": 20}, "EVMaximumChargePower": {"Exponent": 2, "Value": 40}, "EVMinimumChargePower": {"Exponent": 1, "Value": 40}, "EVMaximumChargeCurrent": {"Exponent": 0, "Value": 40}, "EVMaximumVoltage": {"Exponent": 1, "Value": 40}, "EVMinimumVoltage": {"Exponent": 0, "Value": 40}}}}
INFO    2026-07-22 14:43:15,810 - iso15118.shared.comm_session (431): Sent DC_ChargeLoopReq
INFO    2026-07-22 14:43:15,838 - iso15118.shared.exi_codec (302): Decoded message (ns=urn:iso:std:iso:15118:-20:DC): {"DC_ChargeLoopRes":{"Header":{"SessionID":"11D1C8468C9CB67C","TimeStamp":1784731395},"ResponseCode":"OK","EVSEPresentCurrent":{"Exponent":0,"Value":120},"EVSEPresentVoltage":{"Exponent":0,"Value":400},"EVSEPowerLimitAchieved":false,"EVSECurrentLimitAchieved":false,"EVSEVoltageLimitAchieved":false,"Dynamic_DC_CLResControlMode":{"EVSEMaximumChargePower":{"Exponent":1,"Value":5000},"EVSEMinimumChargePower":{"Exponent":0,"Value":0},"EVSEMaximumChargeCurrent":{"Exponent":0,"Value":200},"EVSEMaximumVoltage":{"Exponent":0,"Value":500}}}}
INFO    2026-07-22 14:43:15,838 - iso15118.shared.comm_session (235): DC_ChargeLoopRes received
INFO    2026-07-22 14:43:15,839 - iso15118.evcc.states.iso15118_20_states (1677): Next ChargeLoop Req in 0 seconds
INFO    2026-07-22 14:43:15,840 - iso15118.shared.exi_codec (248): Message to encode (ns=urn:iso:std:iso:15118:-20:DC): {"DC_ChargeLoopReq": {"Header": {"SessionID": "11D1C8468C9CB67C", "TimeStamp": 1784731395}, "DisplayParameters": {"PresentSOC": 70, "ChargingComplete": false}, "MeterInfoRequested": false, "EVPresentVoltage": {"Exponent": 3, "Value": 20}, "Dynamic_DC_CLReqControlMode": {"EVTargetEnergyRequest": {"Exponent": 1, "Value": 20}, "EVMaximumEnergyRequest": {"Exponent": 1, "Value": 20}, "EVMinimumEnergyRequest": {"Exponent": 0, "Value": 20}, "EVMaximumChargePower": {"Exponent": 2, "Value": 40}, "EVMinimumChargePower": {"Exponent": 1, "Value": 40}, "EVMaximumChargeCurrent": {"Exponent": 0, "Value": 40}, "EVMaximumVoltage": {"Exponent": 1, "Value": 40}, "EVMinimumVoltage": {"Exponent": 0, "Value": 40}}}}
INFO    2026-07-22 14:43:15,861 - iso15118.shared.comm_session (431): Sent DC_ChargeLoopReq
INFO    2026-07-22 14:43:15,888 - iso15118.shared.exi_codec (302): Decoded message (ns=urn:iso:std:iso:15118:-20:DC): {"DC_ChargeLoopRes":{"Header":{"SessionID":"11D1C8468C9CB67C","TimeStamp":1784731395},"ResponseCode":"OK","EVSEPresentCurrent":{"Exponent":0,"Value":120},"EVSEPresentVoltage":{"Exponent":0,"Value":400},"EVSEPowerLimitAchieved":false,"EVSECurrentLimitAchieved":false,"EVSEVoltageLimitAchieved":false,"Dynamic_DC_CLResControlMode":{"EVSEMaximumChargePower":{"Exponent":1,"Value":5000},"EVSEMinimumChargePower":{"Exponent":0,"Value":0},"EVSEMaximumChargeCurrent":{"Exponent":0,"Value":200},"EVSEMaximumVoltage":{"Exponent":0,"Value":500}}}}
INFO    2026-07-22 14:43:15,889 - iso15118.shared.comm_session (235): DC_ChargeLoopRes received
INFO    2026-07-22 14:43:15,889 - iso15118.evcc.states.iso15118_20_states (1677): Next ChargeLoop Req in 0 seconds
INFO    2026-07-22 14:43:15,890 - iso15118.shared.exi_codec (248): Message to encode (ns=urn:iso:std:iso:15118:-20:DC): {"DC_ChargeLoopReq": {"Header": {"SessionID": "11D1C8468C9CB67C", "TimeStamp": 1784731395}, "DisplayParameters": {"PresentSOC": 80, "ChargingComplete": false}, "MeterInfoRequested": false, "EVPresentVoltage": {"Exponent": 3, "Value": 20}, "Dynamic_DC_CLReqControlMode": {"EVTargetEnergyRequest": {"Exponent": 1, "Value": 20}, "EVMaximumEnergyRequest": {"Exponent": 1, "Value": 20}, "EVMinimumEnergyRequest": {"Exponent": 0, "Value": 20}, "EVMaximumChargePower": {"Exponent": 2, "Value": 40}, "EVMinimumChargePower": {"Exponent": 1, "Value": 40}, "EVMaximumChargeCurrent": {"Exponent": 0, "Value": 40}, "EVMaximumVoltage": {"Exponent": 1, "Value": 40}, "EVMinimumVoltage": {"Exponent": 0, "Value": 40}}}}
INFO    2026-07-22 14:43:15,912 - iso15118.shared.comm_session (431): Sent DC_ChargeLoopReq
INFO    2026-07-22 14:43:15,939 - iso15118.shared.exi_codec (302): Decoded message (ns=urn:iso:std:iso:15118:-20:DC): {"DC_ChargeLoopRes":{"Header":{"SessionID":"11D1C8468C9CB67C","TimeStamp":1784731395},"ResponseCode":"OK","EVSEPresentCurrent":{"Exponent":0,"Value":120},"EVSEPresentVoltage":{"Exponent":0,"Value":400},"EVSEPowerLimitAchieved":false,"EVSECurrentLimitAchieved":false,"EVSEVoltageLimitAchieved":false,"Dynamic_DC_CLResControlMode":{"EVSEMaximumChargePower":{"Exponent":1,"Value":5000},"EVSEMinimumChargePower":{"Exponent":0,"Value":0},"EVSEMaximumChargeCurrent":{"Exponent":0,"Value":200},"EVSEMaximumVoltage":{"Exponent":0,"Value":500}}}}
INFO    2026-07-22 14:43:15,940 - iso15118.shared.comm_session (235): DC_ChargeLoopRes received
INFO    2026-07-22 14:43:15,940 - iso15118.evcc.states.iso15118_20_states (1677): Next ChargeLoop Req in 0 seconds
INFO    2026-07-22 14:43:15,941 - iso15118.shared.exi_codec (248): Message to encode (ns=urn:iso:std:iso:15118:-20:DC): {"DC_ChargeLoopReq": {"Header": {"SessionID": "11D1C8468C9CB67C", "TimeStamp": 1784731395}, "DisplayParameters": {"PresentSOC": 90, "ChargingComplete": false}, "MeterInfoRequested": false, "EVPresentVoltage": {"Exponent": 3, "Value": 20}, "Dynamic_DC_CLReqControlMode": {"EVTargetEnergyRequest": {"Exponent": 1, "Value": 20}, "EVMaximumEnergyRequest": {"Exponent": 1, "Value": 20}, "EVMinimumEnergyRequest": {"Exponent": 0, "Value": 20}, "EVMaximumChargePower": {"Exponent": 2, "Value": 40}, "EVMinimumChargePower": {"Exponent": 1, "Value": 40}, "EVMaximumChargeCurrent": {"Exponent": 0, "Value": 40}, "EVMaximumVoltage": {"Exponent": 1, "Value": 40}, "EVMinimumVoltage": {"Exponent": 0, "Value": 40}}}}
INFO    2026-07-22 14:43:15,971 - iso15118.shared.comm_session (431): Sent DC_ChargeLoopReq
INFO    2026-07-22 14:43:16,013 - iso15118.shared.exi_codec (302): Decoded message (ns=urn:iso:std:iso:15118:-20:DC): {"DC_ChargeLoopRes":{"Header":{"SessionID":"11D1C8468C9CB67C","TimeStamp":1784731395},"ResponseCode":"OK","EVSEPresentCurrent":{"Exponent":0,"Value":120},"EVSEPresentVoltage":{"Exponent":0,"Value":400},"EVSEPowerLimitAchieved":false,"EVSECurrentLimitAchieved":false,"EVSEVoltageLimitAchieved":false,"Dynamic_DC_CLResControlMode":{"EVSEMaximumChargePower":{"Exponent":1,"Value":5000},"EVSEMinimumChargePower":{"Exponent":0,"Value":0},"EVSEMaximumChargeCurrent":{"Exponent":0,"Value":200},"EVSEMaximumVoltage":{"Exponent":0,"Value":500}}}}
INFO    2026-07-22 14:43:16,014 - iso15118.shared.comm_session (235): DC_ChargeLoopRes received
INFO    2026-07-22 14:43:16,014 - iso15118.evcc.states.iso15118_20_states (1677): Next ChargeLoop Req in 0 seconds
INFO    2026-07-22 14:43:16,015 - iso15118.shared.exi_codec (248): Message to encode (ns=urn:iso:std:iso:15118:-20:DC): {"DC_ChargeLoopReq": {"Header": {"SessionID": "11D1C8468C9CB67C", "TimeStamp": 1784731396}, "DisplayParameters": {"PresentSOC": 100, "ChargingComplete": true}, "MeterInfoRequested": false, "EVPresentVoltage": {"Exponent": 3, "Value": 20}, "Dynamic_DC_CLReqControlMode": {"EVTargetEnergyRequest": {"Exponent": 1, "Value": 20}, "EVMaximumEnergyRequest": {"Exponent": 1, "Value": 20}, "EVMinimumEnergyRequest": {"Exponent": 0, "Value": 20}, "EVMaximumChargePower": {"Exponent": 2, "Value": 40}, "EVMinimumChargePower": {"Exponent": 1, "Value": 40}, "EVMaximumChargeCurrent": {"Exponent": 0, "Value": 40}, "EVMaximumVoltage": {"Exponent": 1, "Value": 40}, "EVMinimumVoltage": {"Exponent": 0, "Value": 40}}}}
INFO    2026-07-22 14:43:16,051 - iso15118.shared.comm_session (431): Sent DC_ChargeLoopReq
INFO    2026-07-22 14:43:16,093 - iso15118.shared.exi_codec (302): Decoded message (ns=urn:iso:std:iso:15118:-20:DC): {"DC_ChargeLoopRes":{"Header":{"SessionID":"11D1C8468C9CB67C","TimeStamp":1784731396},"ResponseCode":"OK","EVSEPresentCurrent":{"Exponent":0,"Value":120},"EVSEPresentVoltage":{"Exponent":0,"Value":400},"EVSEPowerLimitAchieved":false,"EVSECurrentLimitAchieved":false,"EVSEVoltageLimitAchieved":false,"Dynamic_DC_CLResControlMode":{"EVSEMaximumChargePower":{"Exponent":1,"Value":5000},"EVSEMinimumChargePower":{"Exponent":0,"Value":0},"EVSEMaximumChargeCurrent":{"Exponent":0,"Value":200},"EVSEMaximumVoltage":{"Exponent":0,"Value":500}}}}
INFO    2026-07-22 14:43:16,093 - iso15118.shared.comm_session (235): DC_ChargeLoopRes received
INFO    2026-07-22 14:43:16,094 - iso15118.shared.exi_codec (248): Message to encode (ns=urn:iso:std:iso:15118:-20:CommonMessages): {"PowerDeliveryReq": {"Header": {"SessionID": "11D1C8468C9CB67C", "TimeStamp": 1784731396}, "EVProcessing": "Finished", "ChargeProgress": "Stop"}}
INFO    2026-07-22 14:43:16,134 - iso15118.shared.comm_session (431): Sent PowerDeliveryReq
INFO    2026-07-22 14:43:16,134 - iso15118.shared.states (139): Entered state PowerDelivery
INFO    2026-07-22 14:43:16,176 - iso15118.shared.exi_codec (302): Decoded message (ns=urn:iso:std:iso:15118:-20:CommonMessages): {"PowerDeliveryRes":{"Header":{"SessionID":"11D1C8468C9CB67C","TimeStamp":1784731396},"ResponseCode":"OK"}}
INFO    2026-07-22 14:43:16,176 - iso15118.shared.comm_session (235): PowerDeliveryRes received
INFO    2026-07-22 14:43:16,176 - iso15118.shared.exi_codec (248): Message to encode (ns=urn:iso:std:iso:15118:-20:DC): {"DC_WeldingDetectionReq": {"Header": {"SessionID": "11D1C8468C9CB67C", "TimeStamp": 1784731396}, "EVProcessing": "Ongoing"}}
INFO    2026-07-22 14:43:16,204 - iso15118.shared.comm_session (431): Sent DC_WeldingDetectionReq
INFO    2026-07-22 14:43:16,205 - iso15118.shared.states (139): Entered state DCWeldingDetection
INFO    2026-07-22 14:43:16,226 - iso15118.shared.exi_codec (302): Decoded message (ns=urn:iso:std:iso:15118:-20:DC): {"DC_WeldingDetectionRes":{"Header":{"SessionID":"11D1C8468C9CB67C","TimeStamp":1784731396},"ResponseCode":"OK","EVSEPresentVoltage":{"Exponent":0,"Value":5}}}
INFO    2026-07-22 14:43:16,226 - iso15118.shared.comm_session (235): DC_WeldingDetectionRes received
INFO    2026-07-22 14:43:16,226 - iso15118.shared.exi_codec (248): Message to encode (ns=urn:iso:std:iso:15118:-20:DC): {"DC_WeldingDetectionReq": {"Header": {"SessionID": "11D1C8468C9CB67C", "TimeStamp": 1784731396}, "EVProcessing": "Ongoing"}}
INFO    2026-07-22 14:43:16,242 - iso15118.shared.comm_session (431): Sent DC_WeldingDetectionReq
INFO    2026-07-22 14:43:16,259 - iso15118.shared.exi_codec (302): Decoded message (ns=urn:iso:std:iso:15118:-20:DC): {"DC_WeldingDetectionRes":{"Header":{"SessionID":"11D1C8468C9CB67C","TimeStamp":1784731396},"ResponseCode":"OK","EVSEPresentVoltage":{"Exponent":0,"Value":5}}}
INFO    2026-07-22 14:43:16,259 - iso15118.shared.comm_session (235): DC_WeldingDetectionRes received
INFO    2026-07-22 14:43:16,259 - iso15118.shared.exi_codec (248): Message to encode (ns=urn:iso:std:iso:15118:-20:DC): {"DC_WeldingDetectionReq": {"Header": {"SessionID": "11D1C8468C9CB67C", "TimeStamp": 1784731396}, "EVProcessing": "Ongoing"}}
INFO    2026-07-22 14:43:16,283 - iso15118.shared.comm_session (431): Sent DC_WeldingDetectionReq
INFO    2026-07-22 14:43:16,301 - iso15118.shared.exi_codec (302): Decoded message (ns=urn:iso:std:iso:15118:-20:DC): {"DC_WeldingDetectionRes":{"Header":{"SessionID":"11D1C8468C9CB67C","TimeStamp":1784731396},"ResponseCode":"OK","EVSEPresentVoltage":{"Exponent":0,"Value":5}}}
INFO    2026-07-22 14:43:16,301 - iso15118.shared.comm_session (235): DC_WeldingDetectionRes received
INFO    2026-07-22 14:43:16,301 - iso15118.shared.exi_codec (248): Message to encode (ns=urn:iso:std:iso:15118:-20:DC): {"DC_WeldingDetectionReq": {"Header": {"SessionID": "11D1C8468C9CB67C", "TimeStamp": 1784731396}, "EVProcessing": "Ongoing"}}
INFO    2026-07-22 14:43:16,317 - iso15118.shared.comm_session (431): Sent DC_WeldingDetectionReq
INFO    2026-07-22 14:43:16,335 - iso15118.shared.exi_codec (302): Decoded message (ns=urn:iso:std:iso:15118:-20:DC): {"DC_WeldingDetectionRes":{"Header":{"SessionID":"11D1C8468C9CB67C","TimeStamp":1784731396},"ResponseCode":"OK","EVSEPresentVoltage":{"Exponent":0,"Value":5}}}
INFO    2026-07-22 14:43:16,335 - iso15118.shared.comm_session (235): DC_WeldingDetectionRes received
INFO    2026-07-22 14:43:16,335 - iso15118.shared.exi_codec (248): Message to encode (ns=urn:iso:std:iso:15118:-20:DC): {"DC_WeldingDetectionReq": {"Header": {"SessionID": "11D1C8468C9CB67C", "TimeStamp": 1784731396}, "EVProcessing": "Finished"}}
INFO    2026-07-22 14:43:16,359 - iso15118.shared.comm_session (431): Sent DC_WeldingDetectionReq
INFO    2026-07-22 14:43:16,379 - iso15118.shared.exi_codec (302): Decoded message (ns=urn:iso:std:iso:15118:-20:DC): {"DC_WeldingDetectionRes":{"Header":{"SessionID":"11D1C8468C9CB67C","TimeStamp":1784731396},"ResponseCode":"OK","EVSEPresentVoltage":{"Exponent":0,"Value":5}}}
INFO    2026-07-22 14:43:16,379 - iso15118.shared.comm_session (235): DC_WeldingDetectionRes received
INFO    2026-07-22 14:43:16,380 - iso15118.shared.exi_codec (248): Message to encode (ns=urn:iso:std:iso:15118:-20:CommonMessages): {"SessionStopReq": {"Header": {"SessionID": "11D1C8468C9CB67C", "TimeStamp": 1784731396}, "ChargingSession": "Terminate"}}
INFO    2026-07-22 14:43:16,415 - iso15118.shared.comm_session (431): Sent SessionStopReq
INFO    2026-07-22 14:43:16,415 - iso15118.shared.states (139): Entered state SessionStop
INFO    2026-07-22 14:43:16,446 - iso15118.shared.exi_codec (302): Decoded message (ns=urn:iso:std:iso:15118:-20:CommonMessages): {"SessionStopRes":{"Header":{"SessionID":"11D1C8468C9CB67C","TimeStamp":1784731396},"ResponseCode":"OK"}}
INFO    2026-07-22 14:43:16,447 - iso15118.shared.comm_session (235): SessionStopRes received
INFO    2026-07-22 14:43:16,447 - iso15118.shared.comm_session (395): The data link will terminate in 2 seconds and the TCP connection will close in 5 seconds. 
INFO    2026-07-22 14:43:16,447 - iso15118.shared.comm_session (399): Reason: Communication session terminated
INFO    2026-07-22 14:43:18,450 - iso15118.shared.comm_session (410): terminated the data link
INFO    2026-07-22 14:43:21,452 - iso15118.shared.comm_session (417): TCP connection closed to peer with address ('fe80::215:5dff:fe46:863f', 55000, 0, 2)
