INFO    2026-07-22 14:44:12,054 - iso15118.evcc.evcc_settings (48): EVCC environment settings:
INFO    2026-07-22 14:44:12,055 - iso15118.evcc.evcc_settings (50): PKI_PATH                      : /venv/lib/python3.10/site-packages/iso15118/shared/pki/
INFO    2026-07-22 14:44:12,055 - iso15118.evcc.evcc_settings (50): MESSAGE_LOG_JSON              : True
INFO    2026-07-22 14:44:12,055 - iso15118.evcc.evcc_settings (50): MESSAGE_LOG_EXI               : False
INFO    2026-07-22 14:44:12,055 - iso15118.evcc.evcc_settings (50): ENABLE_TLS_1_3                : False
INFO    2026-07-22 14:44:12,055 - iso15118.evcc.evcc_settings (52): NETWORK_INTERFACE             : eth0
INFO    2026-07-22 14:44:12,055 - iso15118.evcc.evcc_settings (52): LOG_LEVEL                     : INFO
INFO    2026-07-22 14:44:12,055 - iso15118.evcc.evcc_settings (52): EVCC_CONFIG_PATH              : /venv/lib/python3.10/site-packages/iso15118/shared/examples/evcc/iso15118_20/evcc_config_ac_bpt.json
INFO    2026-07-22 14:44:12,065 - iso15118.evcc.evcc_config (120): EVCC Settings
INFO    2026-07-22 14:44:12,065 - iso15118.evcc.evcc_config (123): supported_energy_services     : [<ServiceV20.AC_BPT: 5>]
INFO    2026-07-22 14:44:12,065 - iso15118.evcc.evcc_config (123): is_cert_install_needed        : False
INFO    2026-07-22 14:44:12,065 - iso15118.evcc.evcc_config (123): use_tls                       : False
INFO    2026-07-22 14:44:12,065 - iso15118.evcc.evcc_config (123): sdp_retry_cycles              : 1
INFO    2026-07-22 14:44:12,065 - iso15118.evcc.evcc_config (123): max_contract_certs            : 3
INFO    2026-07-22 14:44:12,065 - iso15118.evcc.evcc_config (123): enforce_tls                   : False
INFO    2026-07-22 14:44:12,065 - iso15118.evcc.evcc_config (123): supported_protocols           : [<Protocol.ISO_15118_20_AC: (<Namespace.ISO_V20_AC: 'urn:iso:std:iso:15118:-20:AC'>, <enum 'ISOV20PayloadTypes'>)>]
INFO    2026-07-22 14:44:12,065 - iso15118.evcc.evcc_config (123): energy_transfer_mode          : AC_three_phase_core
INFO    2026-07-22 14:44:12,065 - iso15118.evcc.evcc_config (123): max_supporting_points         : 1024
INFO    2026-07-22 14:44:12,065 - iso15118.evcc.evcc_config (123): charge_loop_cycle             : 10
INFO    2026-07-22 14:44:12,065 - iso15118.evcc.evcc_config (123): charge_loop_delay_time        : 0
INFO    2026-07-22 14:44:13,389 - iso15118.shared.exi_codec (177): EXI Codec version: 1.55
INFO    2026-07-22 14:44:13,389 - iso15118.evcc (30): Starting 15118 version: 0.31.2
INFO    2026-07-22 14:44:13,389 - iso15118.evcc.comm_session_handler (313): Communication session handler started
INFO    2026-07-22 14:44:13,390 - iso15118.evcc.comm_session_handler (398): Remaining SDP requests: 50
INFO    2026-07-22 14:44:13,490 - iso15118.evcc.comm_session_handler (335): Sending SDPRequest: [Security: NO_TLS, Protocol: TCP]
INFO    2026-07-22 14:44:13,505 - iso15118.evcc.transport.udp_client (105): Received datagram from UDP server at address ('fe80::215:5dff:fe46:863f', 15118, 0, 2)
INFO    2026-07-22 14:44:13,505 - iso15118.evcc.comm_session_handler (485): SDPResponse received: [ IP address: fe80::215:5dff:fe46:863f, Port: 55000 , Security: NO_TLS , Transport: TCP ]
INFO    2026-07-22 14:44:13,505 - iso15118.evcc.comm_session_handler (416): Starting TCP client, trying to connect to fe80::215:5dff:fe46:863f at port 55000 ...
INFO    2026-07-22 14:44:13,508 - iso15118.evcc.comm_session_handler (423): TCP client connected
INFO    2026-07-22 14:44:13,515 - iso15118.shared.comm_session (344): Starting a new communication session
INFO    2026-07-22 14:44:13,515 - iso15118.shared.states (139): Entered state SupportedAppProtocol
INFO    2026-07-22 14:44:13,516 - iso15118.shared.exi_codec (248): Message to encode (ns=urn:iso:15118:2:2010:AppProtocol): {"supportedAppProtocolReq": {"AppProtocol": [{"ProtocolNamespace": "urn:iso:std:iso:15118:-20:AC", "VersionNumberMajor": 1, "VersionNumberMinor": 0, "SchemaID": 1, "Priority": 1}]}}
INFO    2026-07-22 14:44:13,577 - iso15118.shared.comm_session (431): Sent supportedAppProtocolReq
INFO    2026-07-22 14:44:13,666 - iso15118.shared.exi_codec (302): Decoded message (ns=urn:iso:15118:2:2010:AppProtocol): {"supportedAppProtocolRes":{"ResponseCode":"OK_SuccessfulNegotiation","SchemaID":1}}
INFO    2026-07-22 14:44:13,667 - iso15118.shared.comm_session (235): supportedAppProtocolRes received
INFO    2026-07-22 14:44:13,668 - iso15118.evcc.states.sap_states (159): Chosen protocol: ISO_15118_20_AC
INFO    2026-07-22 14:44:13,668 - iso15118.shared.exi_codec (248): Message to encode (ns=urn:iso:std:iso:15118:-20:CommonMessages): {"SessionSetupReq": {"Header": {"SessionID": "0000000000000000", "TimeStamp": 1784731453}, "EVCCID": "WMIV1234567890ABCDEX"}}
INFO    2026-07-22 14:44:13,881 - iso15118.shared.comm_session (431): Sent SessionSetupReq
INFO    2026-07-22 14:44:13,882 - iso15118.shared.states (139): Entered state SessionSetup
INFO    2026-07-22 14:44:14,032 - iso15118.shared.exi_codec (302): Decoded message (ns=urn:iso:std:iso:15118:-20:CommonMessages): {"SessionSetupRes":{"Header":{"SessionID":"4F7E9151D5992846","TimeStamp":1784731453},"ResponseCode":"OK_NewSessionEstablished","EVSEID":"DE*ABC*E1"}}
INFO    2026-07-22 14:44:14,033 - iso15118.shared.comm_session (235): SessionSetupRes received
INFO    2026-07-22 14:44:14,034 - iso15118.shared.exi_codec (248): Message to encode (ns=urn:iso:std:iso:15118:-20:CommonMessages): {"AuthorizationSetupReq": {"Header": {"SessionID": "4F7E9151D5992846", "TimeStamp": 1784731454}}}
INFO    2026-07-22 14:44:14,114 - iso15118.shared.comm_session (431): Sent AuthorizationSetupReq
INFO    2026-07-22 14:44:14,114 - iso15118.shared.states (139): Entered state AuthorizationSetup
INFO    2026-07-22 14:44:14,207 - iso15118.shared.exi_codec (302): Decoded message (ns=urn:iso:std:iso:15118:-20:CommonMessages): {"AuthorizationSetupRes":{"Header":{"SessionID":"4F7E9151D5992846","TimeStamp":1784731454},"ResponseCode":"OK","AuthorizationServices":["PnC","EIM"],"CertificateInstallationService":false,"PnC_ASResAuthorizationMode":{"GenChallenge":"Da4S7ZAAI3O/3faWYvoQgg=="}}}
INFO    2026-07-22 14:44:14,208 - iso15118.shared.comm_session (235): AuthorizationSetupRes received
INFO    2026-07-22 14:44:14,209 - iso15118.shared.exi_codec (248): Message to encode (ns=urn:iso:std:iso:15118:-20:CommonMessages): {"PnC_AReqAuthorizationMode": {"Id": "id1", "GenChallenge": "Da4S7ZAAI3O/3faWYvoQgg==", "ContractCertificateChain": {"Certificate": "MIICZDCCAgmgAwIBAgICMEQwCgYIKoZIzj0EAwIwVjEiMCAGA1UEAwwZUEtJLUV4dF9DUlRfTU9fU1VCMl9WQUxJRDEPMA0GA1UECgwGU3dpdGNoMQswCQYDVQQGEwJVSzESMBAGCgmSJomT8ixkARkWAk1PMB4XDTI2MDcyMTExNTMyMVoXDTI4MDcyMDExNTMyMVowTDEYMBYGA1UEAwwPVUtTV0kxMjM0NTY3OTFBMQ8wDQYDVQQKDAZTd2l0Y2gxCzAJBgNVBAYTAlVLMRIwEAYKCZImiZPyLGQBGRYCTU8wWTATBgcqhkjOPQIBBggqhkjOPQMBBwNCAASPcMR9PWoRGsJUtanwWG35is1JNazQouYmCqlvsiEKQDyLpSCTLAIwK0AJji7FDgbpHrOM+82YCirJywcZzauHo4HQMIHNMAwGA1UdEwEB/wQCMAAwDgYDVR0PAQH/BAQDAgPoMB0GA1UdDgQWBBQWT/G4zhwa/+ySeGEklHCy7y6GETBtBggrBgEFBQcBAQRhMF8wJAYIKwYBBQUHMAGGGGh0dHBzOi8vd3d3LmV4YW1wbGUuY29tLzA3BggrBgEFBQcwAoYraHR0cHM6Ly93d3cuZXhhbXBsZS5jb20vSW50ZXJtZWRpYXRlLUNBLmNlcjAfBgNVHSMEGDAWgBQE5KGTQteje6QejZgDDp+H+9PmajAKBggqhkjOPQQDAgNJADBGAiEAhnFc5UjTZQCbuZkmR7eHnJ03PMj+1B3F/ULTFnjHLI8CIQDFYbLbXqyvIRGSjDQVjoUmhpqvGg4exZyIgKf1iWnHaw==", "SubCertificates": {"Certificate": ["MIICcjCCAhmgAwIBAgICMEMwCgYIKoZIzj0EAwIwVjEiMCAGA1UEAwwZUEtJLUV4dF9DUlRfTU9fU1VCMV9WQUxJRDEPMA0GA1UECgwGU3dpdGNoMQswCQYDVQQGEwJVSzESMBAGCgmSJomT8ixkARkWAk1PMB4XDTI2MDcyMTExNTMyMVoXDTMwMDcyMDExNTMyMVowVjEiMCAGA1UEAwwZUEtJLUV4dF9DUlRfTU9fU1VCMl9WQUxJRDEPMA0GA1UECgwGU3dpdGNoMQswCQYDVQQGEwJVSzESMBAGCgmSJomT8ixkARkWAk1PMFkwEwYHKoZIzj0CAQYIKoZIzj0DAQcDQgAEHMR8BBuQ69sa5oonNzNyTMppyKA9JFnOKHlrSuleKsZoVFdRCpJlHFoUOmnxJ3wayr4tchFB3xB7jJjAckLZ46OB1jCB0zASBgNVHRMBAf8ECDAGAQH/AgEAMA4GA1UdDwEB/wQEAwIBxjAdBgNVHQ4EFgQUBOShk0LXo3ukHo2YAw6fh/vT5mowbQYIKwYBBQUHAQEEYTBfMCQGCCsGAQUFBzABhhhodHRwczovL3d3dy5leGFtcGxlLmNvbS8wNwYIKwYBBQUHMAKGK2h0dHBzOi8vd3d3LmV4YW1wbGUuY29tL0ludGVybWVkaWF0ZS1DQS5jZXIwHwYDVR0jBBgwFoAUIw4IOPzFFjrrThyNVhSk0fKtd+wwCgYIKoZIzj0EAwIDRwAwRAIgGCNE4tWgUqjzAxTow3Uf8HPoKnCT39oeZYFMGvM/LYYCIFAMF8lW7Xe8R54cYllDRUze2yNv30kI2CQ/LpZDgbcu", "MIICYzCCAgigAwIBAgICMEIwCgYIKoZIzj0EAwIwRTERMA8GA1UEAwwITU9Sb290Q0ExDzANBgNVBAoMBlN3aXRjaDELMAkGA1UEBhMCVUsxEjAQBgoJkiaJk/IsZAEZFgJNTzAeFw0yNjA3MjExMTUzMjFaFw0zMDA3MjAxMTUzMjFaMFYxIjAgBgNVBAMMGVBLSS1FeHRfQ1JUX01PX1NVQjFfVkFMSUQxDzANBgNVBAoMBlN3aXRjaDELMAkGA1UEBhMCVUsxEjAQBgoJkiaJk/IsZAEZFgJNTzBZMBMGByqGSM49AgEGCCqGSM49AwEHA0IABGX87iNhAe+7mzWkCS6yc3b4huU3NXoz1MH0PTcXKp2n5XPV+6+5/45AbhKSveAATuZUdQH6kGIOkRwA/KZ7u6yjgdYwgdMwEgYDVR0TAQH/BAgwBgEB/wIBATAOBgNVHQ8BAf8EBAMCAQYwHQYDVR0OBBYEFCMOCDj8xRY6604cjVYUpNHyrXfsMG0GCCsGAQUFBwEBBGEwXzAkBggrBgEFBQcwAYYYaHR0cHM6Ly93d3cuZXhhbXBsZS5jb20vMDcGCCsGAQUFBzAChitodHRwczovL3d3dy5leGFtcGxlLmNvbS9JbnRlcm1lZGlhdGUtQ0EuY2VyMB8GA1UdIwQYMBaAFJH0C7gAn6XBuT1ZPL8zNvr+zNl3MAoGCCqGSM49BAMCA0kAMEYCIQCGRcfkuKcJGq1zVhMJOMsJ1kWOiiHjQbMhQjobw8WqVwIhAOJ+7n6dWbsoc/v353G8L9R22c/+Y6t8BoYbGe5zimk4"]}}}}
INFO    2026-07-22 14:44:14,292 - iso15118.shared.exi_codec (248): Message to encode (ns=http://www.w3.org/2000/09/xmldsig#): {"SignedInfo": {"CanonicalizationMethod": {"Algorithm": "http://www.w3.org/TR/canonical-exi/"}, "SignatureMethod": {"Algorithm": "http://www.w3.org/2001/04/xmldsig-more#ecdsa-sha256"}, "Reference": [{"Transforms": {"Transform": [{"Algorithm": "http://www.w3.org/TR/canonical-exi/"}]}, "DigestMethod": {"Algorithm": "http://www.w3.org/2001/04/xmlenc#sha256"}, "DigestValue": "6fuaagBx+jXSB44ZpEUDfPOVaXnP1hdrJgWuMG902wI=", "URI": "#id1"}]}}
INFO    2026-07-22 14:44:14,383 - iso15118.shared.exi_codec (248): Message to encode (ns=urn:iso:std:iso:15118:-20:CommonMessages): {"AuthorizationReq": {"Header": {"SessionID": "4F7E9151D5992846", "TimeStamp": 1784731454, "Signature": {"SignedInfo": {"CanonicalizationMethod": {"Algorithm": "http://www.w3.org/TR/canonical-exi/"}, "SignatureMethod": {"Algorithm": "http://www.w3.org/2001/04/xmldsig-more#ecdsa-sha256"}, "Reference": [{"Transforms": {"Transform": [{"Algorithm": "http://www.w3.org/TR/canonical-exi/"}]}, "DigestMethod": {"Algorithm": "http://www.w3.org/2001/04/xmlenc#sha256"}, "DigestValue": "6fuaagBx+jXSB44ZpEUDfPOVaXnP1hdrJgWuMG902wI=", "URI": "#id1"}]}, "SignatureValue": {"value": "9xZCr8wAR1fhXnLxcy9BQhJgMw/2Bt7Nw/6Dfa4i9CpTYPh3vJXVdcNTwn25TD8b2T9aZybobjLJq0LnD+TtRQ=="}}}, "SelectedAuthorizationService": "PnC", "PnC_AReqAuthorizationMode": {"Id": "id1", "GenChallenge": "Da4S7ZAAI3O/3faWYvoQgg==", "ContractCertificateChain": {"Certificate": "MIICZDCCAgmgAwIBAgICMEQwCgYIKoZIzj0EAwIwVjEiMCAGA1UEAwwZUEtJLUV4dF9DUlRfTU9fU1VCMl9WQUxJRDEPMA0GA1UECgwGU3dpdGNoMQswCQYDVQQGEwJVSzESMBAGCgmSJomT8ixkARkWAk1PMB4XDTI2MDcyMTExNTMyMVoXDTI4MDcyMDExNTMyMVowTDEYMBYGA1UEAwwPVUtTV0kxMjM0NTY3OTFBMQ8wDQYDVQQKDAZTd2l0Y2gxCzAJBgNVBAYTAlVLMRIwEAYKCZImiZPyLGQBGRYCTU8wWTATBgcqhkjOPQIBBggqhkjOPQMBBwNCAASPcMR9PWoRGsJUtanwWG35is1JNazQouYmCqlvsiEKQDyLpSCTLAIwK0AJji7FDgbpHrOM+82YCirJywcZzauHo4HQMIHNMAwGA1UdEwEB/wQCMAAwDgYDVR0PAQH/BAQDAgPoMB0GA1UdDgQWBBQWT/G4zhwa/+ySeGEklHCy7y6GETBtBggrBgEFBQcBAQRhMF8wJAYIKwYBBQUHMAGGGGh0dHBzOi8vd3d3LmV4YW1wbGUuY29tLzA3BggrBgEFBQcwAoYraHR0cHM6Ly93d3cuZXhhbXBsZS5jb20vSW50ZXJtZWRpYXRlLUNBLmNlcjAfBgNVHSMEGDAWgBQE5KGTQteje6QejZgDDp+H+9PmajAKBggqhkjOPQQDAgNJADBGAiEAhnFc5UjTZQCbuZkmR7eHnJ03PMj+1B3F/ULTFnjHLI8CIQDFYbLbXqyvIRGSjDQVjoUmhpqvGg4exZyIgKf1iWnHaw==", "SubCertificates": {"Certificate": ["MIICcjCCAhmgAwIBAgICMEMwCgYIKoZIzj0EAwIwVjEiMCAGA1UEAwwZUEtJLUV4dF9DUlRfTU9fU1VCMV9WQUxJRDEPMA0GA1UECgwGU3dpdGNoMQswCQYDVQQGEwJVSzESMBAGCgmSJomT8ixkARkWAk1PMB4XDTI2MDcyMTExNTMyMVoXDTMwMDcyMDExNTMyMVowVjEiMCAGA1UEAwwZUEtJLUV4dF9DUlRfTU9fU1VCMl9WQUxJRDEPMA0GA1UECgwGU3dpdGNoMQswCQYDVQQGEwJVSzESMBAGCgmSJomT8ixkARkWAk1PMFkwEwYHKoZIzj0CAQYIKoZIzj0DAQcDQgAEHMR8BBuQ69sa5oonNzNyTMppyKA9JFnOKHlrSuleKsZoVFdRCpJlHFoUOmnxJ3wayr4tchFB3xB7jJjAckLZ46OB1jCB0zASBgNVHRMBAf8ECDAGAQH/AgEAMA4GA1UdDwEB/wQEAwIBxjAdBgNVHQ4EFgQUBOShk0LXo3ukHo2YAw6fh/vT5mowbQYIKwYBBQUHAQEEYTBfMCQGCCsGAQUFBzABhhhodHRwczovL3d3dy5leGFtcGxlLmNvbS8wNwYIKwYBBQUHMAKGK2h0dHBzOi8vd3d3LmV4YW1wbGUuY29tL0ludGVybWVkaWF0ZS1DQS5jZXIwHwYDVR0jBBgwFoAUIw4IOPzFFjrrThyNVhSk0fKtd+wwCgYIKoZIzj0EAwIDRwAwRAIgGCNE4tWgUqjzAxTow3Uf8HPoKnCT39oeZYFMGvM/LYYCIFAMF8lW7Xe8R54cYllDRUze2yNv30kI2CQ/LpZDgbcu", "MIICYzCCAgigAwIBAgICMEIwCgYIKoZIzj0EAwIwRTERMA8GA1UEAwwITU9Sb290Q0ExDzANBgNVBAoMBlN3aXRjaDELMAkGA1UEBhMCVUsxEjAQBgoJkiaJk/IsZAEZFgJNTzAeFw0yNjA3MjExMTUzMjFaFw0zMDA3MjAxMTUzMjFaMFYxIjAgBgNVBAMMGVBLSS1FeHRfQ1JUX01PX1NVQjFfVkFMSUQxDzANBgNVBAoMBlN3aXRjaDELMAkGA1UEBhMCVUsxEjAQBgoJkiaJk/IsZAEZFgJNTzBZMBMGByqGSM49AgEGCCqGSM49AwEHA0IABGX87iNhAe+7mzWkCS6yc3b4huU3NXoz1MH0PTcXKp2n5XPV+6+5/45AbhKSveAATuZUdQH6kGIOkRwA/KZ7u6yjgdYwgdMwEgYDVR0TAQH/BAgwBgEB/wIBATAOBgNVHQ8BAf8EBAMCAQYwHQYDVR0OBBYEFCMOCDj8xRY6604cjVYUpNHyrXfsMG0GCCsGAQUFBwEBBGEwXzAkBggrBgEFBQcwAYYYaHR0cHM6Ly93d3cuZXhhbXBsZS5jb20vMDcGCCsGAQUFBzAChitodHRwczovL3d3dy5leGFtcGxlLmNvbS9JbnRlcm1lZGlhdGUtQ0EuY2VyMB8GA1UdIwQYMBaAFJH0C7gAn6XBuT1ZPL8zNvr+zNl3MAoGCCqGSM49BAMCA0kAMEYCIQCGRcfkuKcJGq1zVhMJOMsJ1kWOiiHjQbMhQjobw8WqVwIhAOJ+7n6dWbsoc/v353G8L9R22c/+Y6t8BoYbGe5zimk4"]}}}}}
INFO    2026-07-22 14:44:14,454 - iso15118.shared.comm_session (431): Sent AuthorizationReq
INFO    2026-07-22 14:44:14,454 - iso15118.shared.states (139): Entered state Authorization
INFO    2026-07-22 14:44:14,547 - iso15118.shared.exi_codec (302): Decoded message (ns=urn:iso:std:iso:15118:-20:CommonMessages): {"AuthorizationRes":{"Header":{"SessionID":"4F7E9151D5992846","TimeStamp":1784731454},"ResponseCode":"OK","EVSEProcessing":"Finished"}}
INFO    2026-07-22 14:44:14,547 - iso15118.shared.comm_session (235): AuthorizationRes received
INFO    2026-07-22 14:44:14,548 - iso15118.shared.exi_codec (248): Message to encode (ns=urn:iso:std:iso:15118:-20:CommonMessages): {"ServiceDiscoveryReq": {"Header": {"SessionID": "4F7E9151D5992846", "TimeStamp": 1784731454}}}
INFO    2026-07-22 14:44:14,589 - iso15118.shared.comm_session (431): Sent ServiceDiscoveryReq
INFO    2026-07-22 14:44:14,589 - iso15118.shared.states (139): Entered state ServiceDiscovery
INFO    2026-07-22 14:44:14,637 - iso15118.shared.exi_codec (302): Decoded message (ns=urn:iso:std:iso:15118:-20:CommonMessages): {"ServiceDiscoveryRes":{"Header":{"SessionID":"4F7E9151D5992846","TimeStamp":1784731454},"ResponseCode":"OK","ServiceRenegotiationSupported":false,"EnergyTransferServiceList":{"Service":[{"ServiceID":1,"FreeService":true},{"ServiceID":5,"FreeService":true}]}}}
INFO    2026-07-22 14:44:14,637 - iso15118.shared.comm_session (235): ServiceDiscoveryRes received
INFO    2026-07-22 14:44:14,638 - iso15118.shared.exi_codec (248): Message to encode (ns=urn:iso:std:iso:15118:-20:CommonMessages): {"ServiceDetailReq": {"Header": {"SessionID": "4F7E9151D5992846", "TimeStamp": 1784731454}, "ServiceID": 5}}
INFO    2026-07-22 14:44:14,677 - iso15118.shared.comm_session (431): Sent ServiceDetailReq
INFO    2026-07-22 14:44:14,677 - iso15118.shared.states (139): Entered state ServiceDetail
INFO    2026-07-22 14:44:14,729 - iso15118.shared.exi_codec (302): Decoded message (ns=urn:iso:std:iso:15118:-20:CommonMessages): {"ServiceDetailRes":{"Header":{"SessionID":"4F7E9151D5992846","TimeStamp":1784731454},"ResponseCode":"OK","ServiceID":5,"ServiceParameterList":{"ParameterSet":[{"ParameterSetID":2,"Parameter":[{"Name":"Connector","intValue":1},{"Name":"ControlMode","intValue":2},{"Name":"MobilityNeedsMode","intValue":1},{"Name":"Pricing","intValue":0}]},{"ParameterSetID":1,"Parameter":[{"Name":"Connector","intValue":1},{"Name":"ControlMode","intValue":1},{"Name":"MobilityNeedsMode","intValue":1},{"Name":"Pricing","intValue":0}]}]}}}
INFO    2026-07-22 14:44:14,730 - iso15118.shared.comm_session (235): ServiceDetailRes received
INFO    2026-07-22 14:44:14,730 - iso15118.evcc.states.iso15118_20_states (664): Selected Control Mode: 2
INFO    2026-07-22 14:44:14,731 - iso15118.shared.exi_codec (248): Message to encode (ns=urn:iso:std:iso:15118:-20:CommonMessages): {"ServiceSelectionReq": {"Header": {"SessionID": "4F7E9151D5992846", "TimeStamp": 1784731454}, "SelectedEnergyTransferService": {"ServiceID": 5, "ParameterSetID": 2}}}
INFO    2026-07-22 14:44:14,773 - iso15118.shared.comm_session (431): Sent ServiceSelectionReq
INFO    2026-07-22 14:44:14,773 - iso15118.shared.states (139): Entered state ServiceSelection
INFO    2026-07-22 14:44:14,815 - iso15118.shared.exi_codec (302): Decoded message (ns=urn:iso:std:iso:15118:-20:CommonMessages): {"ServiceSelectionRes":{"Header":{"SessionID":"4F7E9151D5992846","TimeStamp":1784731454},"ResponseCode":"OK"}}
INFO    2026-07-22 14:44:14,815 - iso15118.shared.comm_session (235): ServiceSelectionRes received
INFO    2026-07-22 14:44:14,816 - iso15118.shared.exi_codec (248): Message to encode (ns=urn:iso:std:iso:15118:-20:AC): {"AC_ChargeParameterDiscoveryReq": {"Header": {"SessionID": "4F7E9151D5992846", "TimeStamp": 1784731454}, "BPT_AC_CPDReqEnergyTransferMode": {"EVMaximumChargePower": {"Exponent": 3, "Value": 11}, "EVMinimumChargePower": {"Exponent": 0, "Value": 100}, "EVMaximumDischargePower": {"Exponent": 3, "Value": 11}, "EVMinimumDischargePower": {"Exponent": 0, "Value": 100}}}}
INFO    2026-07-22 14:44:14,872 - iso15118.shared.comm_session (431): Sent AC_ChargeParameterDiscoveryReq
INFO    2026-07-22 14:44:14,873 - iso15118.shared.states (139): Entered state ACChargeParameterDiscovery
INFO    2026-07-22 14:44:14,909 - iso15118.shared.exi_codec (302): Decoded message (ns=urn:iso:std:iso:15118:-20:AC): {"AC_ChargeParameterDiscoveryRes":{"Header":{"SessionID":"4F7E9151D5992846","TimeStamp":1784731454},"ResponseCode":"OK","BPT_AC_CPDResEnergyTransferMode":{"EVSEMaximumChargePower":{"Exponent":1,"Value":2200},"EVSEMinimumChargePower":{"Exponent":0,"Value":0},"EVSENominalFrequency":{"Exponent":0,"Value":50},"EVSEMaximumDischargePower":{"Exponent":1,"Value":2200},"EVSEMinimumDischargePower":{"Exponent":0,"Value":0}}}}
INFO    2026-07-22 14:44:14,909 - iso15118.shared.comm_session (235): AC_ChargeParameterDiscoveryRes received
INFO    2026-07-22 14:44:14,909 - iso15118.shared.exi_codec (248): Message to encode (ns=urn:iso:std:iso:15118:-20:CommonMessages): {"ScheduleExchangeReq": {"Header": {"SessionID": "4F7E9151D5992846", "TimeStamp": 1784731454}, "MaximumSupportingPoints": 1024, "Dynamic_SEReqControlMode": {"DepartureTime": 7200, "MinimumSOC": 30, "TargetSOC": 80, "EVTargetEnergyRequest": {"Exponent": 3, "Value": 40}, "EVMaximumEnergyRequest": {"Exponent": 1, "Value": 6000}, "EVMinimumEnergyRequest": {"Exponent": 0, "Value": -20000}, "EVMaximumV2XEnergyRequest": {"Exponent": 0, "Value": 5000}, "EVMinimumV2XEnergyRequest": {"Exponent": 0, "Value": 0}}}}
INFO    2026-07-22 14:44:14,950 - iso15118.shared.comm_session (431): Sent ScheduleExchangeReq
INFO    2026-07-22 14:44:14,951 - iso15118.shared.states (139): Entered state ScheduleExchange
INFO    2026-07-22 14:44:14,994 - iso15118.shared.exi_codec (302): Decoded message (ns=urn:iso:std:iso:15118:-20:CommonMessages): {"ScheduleExchangeRes":{"Header":{"SessionID":"4F7E9151D5992846","TimeStamp":1784731454},"ResponseCode":"OK","EVSEProcessing":"Finished","GoToPause":false,"Dynamic_SEResControlMode":{"DepartureTime":7200}}}
INFO    2026-07-22 14:44:14,995 - iso15118.shared.comm_session (235): ScheduleExchangeRes received
INFO    2026-07-22 14:44:14,996 - iso15118.shared.exi_codec (248): Message to encode (ns=urn:iso:std:iso:15118:-20:CommonMessages): {"PowerDeliveryReq": {"Header": {"SessionID": "4F7E9151D5992846", "TimeStamp": 1784731454}, "EVProcessing": "Finished", "ChargeProgress": "Start", "EVPowerProfile": {"TimeAnchor": 0, "EVPowerProfileEntries": {"EVPowerProfileEntry": [{"Duration": 3600, "Power": {"Exponent": 0, "Value": 11000}}]}, "Dynamic_EVPPTControlMode": {}}, "BPT_ChannelSelection": "Charge"}}
INFO    2026-07-22 14:44:15,048 - iso15118.shared.comm_session (431): Sent PowerDeliveryReq
INFO    2026-07-22 14:44:15,048 - iso15118.shared.states (139): Entered state PowerDelivery
INFO    2026-07-22 14:44:15,090 - iso15118.shared.exi_codec (302): Decoded message (ns=urn:iso:std:iso:15118:-20:CommonMessages): {"PowerDeliveryRes":{"Header":{"SessionID":"4F7E9151D5992846","TimeStamp":1784731455},"ResponseCode":"OK"}}
INFO    2026-07-22 14:44:15,090 - iso15118.shared.comm_session (235): PowerDeliveryRes received
INFO    2026-07-22 14:44:15,091 - iso15118.shared.exi_codec (248): Message to encode (ns=urn:iso:std:iso:15118:-20:AC): {"AC_ChargeLoopReq": {"Header": {"SessionID": "4F7E9151D5992846", "TimeStamp": 1784731455}, "DisplayParameters": {"PresentSOC": 10, "ChargingComplete": false}, "MeterInfoRequested": false, "BPT_Dynamic_AC_CLReqControlMode": {"DepartureTime": 2000, "EVTargetEnergyRequest": {"Exponent": 3, "Value": 40}, "EVMaximumEnergyRequest": {"Exponent": 3, "Value": 60}, "EVMinimumEnergyRequest": {"Exponent": 3, "Value": -20}, "EVMaximumChargePower": {"Exponent": 3, "Value": 300}, "EVMinimumChargePower": {"Exponent": 0, "Value": 100}, "EVPresentActivePower": {"Exponent": 3, "Value": 200}, "EVPresentReactivePower": {"Exponent": 3, "Value": 20}, "EVMaximumDischargePower": {"Exponent": 3, "Value": 11}, "EVMinimumDischargePower": {"Exponent": -3, "Value": 1}}}}
INFO    2026-07-22 14:44:15,129 - iso15118.shared.comm_session (431): Sent AC_ChargeLoopReq
INFO    2026-07-22 14:44:15,129 - iso15118.shared.states (139): Entered state ACChargeLoop
INFO    2026-07-22 14:44:15,165 - iso15118.shared.exi_codec (302): Decoded message (ns=urn:iso:std:iso:15118:-20:AC): {"AC_ChargeLoopRes":{"Header":{"SessionID":"4F7E9151D5992846","TimeStamp":1784731455},"ResponseCode":"OK","BPT_Dynamic_AC_CLResControlMode":{"EVSETargetActivePower":{"Exponent":1,"Value":2200}}}}
INFO    2026-07-22 14:44:15,166 - iso15118.shared.comm_session (235): AC_ChargeLoopRes received
INFO    2026-07-22 14:44:15,166 - iso15118.evcc.states.iso15118_20_states (1294): Next ChargeLoop Req in 0 seconds
INFO    2026-07-22 14:44:15,167 - iso15118.shared.exi_codec (248): Message to encode (ns=urn:iso:std:iso:15118:-20:AC): {"AC_ChargeLoopReq": {"Header": {"SessionID": "4F7E9151D5992846", "TimeStamp": 1784731455}, "DisplayParameters": {"PresentSOC": 20, "ChargingComplete": false}, "MeterInfoRequested": false, "BPT_Dynamic_AC_CLReqControlMode": {"DepartureTime": 2000, "EVTargetEnergyRequest": {"Exponent": 3, "Value": 40}, "EVMaximumEnergyRequest": {"Exponent": 3, "Value": 60}, "EVMinimumEnergyRequest": {"Exponent": 3, "Value": -20}, "EVMaximumChargePower": {"Exponent": 3, "Value": 300}, "EVMinimumChargePower": {"Exponent": 0, "Value": 100}, "EVPresentActivePower": {"Exponent": 3, "Value": 200}, "EVPresentReactivePower": {"Exponent": 3, "Value": 20}, "EVMaximumDischargePower": {"Exponent": 3, "Value": 11}, "EVMinimumDischargePower": {"Exponent": -3, "Value": 1}}}}
INFO    2026-07-22 14:44:15,193 - iso15118.shared.comm_session (431): Sent AC_ChargeLoopReq
INFO    2026-07-22 14:44:15,193 - iso15118.shared.states (139): Entered state ACChargeLoop
INFO    2026-07-22 14:44:15,218 - iso15118.shared.exi_codec (302): Decoded message (ns=urn:iso:std:iso:15118:-20:AC): {"AC_ChargeLoopRes":{"Header":{"SessionID":"4F7E9151D5992846","TimeStamp":1784731455},"ResponseCode":"OK","BPT_Dynamic_AC_CLResControlMode":{"EVSETargetActivePower":{"Exponent":1,"Value":2200}}}}
INFO    2026-07-22 14:44:15,219 - iso15118.shared.comm_session (235): AC_ChargeLoopRes received
INFO    2026-07-22 14:44:15,219 - iso15118.evcc.states.iso15118_20_states (1294): Next ChargeLoop Req in 0 seconds
INFO    2026-07-22 14:44:15,220 - iso15118.shared.exi_codec (248): Message to encode (ns=urn:iso:std:iso:15118:-20:AC): {"AC_ChargeLoopReq": {"Header": {"SessionID": "4F7E9151D5992846", "TimeStamp": 1784731455}, "DisplayParameters": {"PresentSOC": 30, "ChargingComplete": false}, "MeterInfoRequested": false, "BPT_Dynamic_AC_CLReqControlMode": {"DepartureTime": 2000, "EVTargetEnergyRequest": {"Exponent": 3, "Value": 40}, "EVMaximumEnergyRequest": {"Exponent": 3, "Value": 60}, "EVMinimumEnergyRequest": {"Exponent": 3, "Value": -20}, "EVMaximumChargePower": {"Exponent": 3, "Value": 300}, "EVMinimumChargePower": {"Exponent": 0, "Value": 100}, "EVPresentActivePower": {"Exponent": 3, "Value": 200}, "EVPresentReactivePower": {"Exponent": 3, "Value": 20}, "EVMaximumDischargePower": {"Exponent": 3, "Value": 11}, "EVMinimumDischargePower": {"Exponent": -3, "Value": 1}}}}
INFO    2026-07-22 14:44:15,245 - iso15118.shared.comm_session (431): Sent AC_ChargeLoopReq
INFO    2026-07-22 14:44:15,245 - iso15118.shared.states (139): Entered state ACChargeLoop
INFO    2026-07-22 14:44:15,274 - iso15118.shared.exi_codec (302): Decoded message (ns=urn:iso:std:iso:15118:-20:AC): {"AC_ChargeLoopRes":{"Header":{"SessionID":"4F7E9151D5992846","TimeStamp":1784731455},"ResponseCode":"OK","BPT_Dynamic_AC_CLResControlMode":{"EVSETargetActivePower":{"Exponent":1,"Value":2200}}}}
INFO    2026-07-22 14:44:15,275 - iso15118.shared.comm_session (235): AC_ChargeLoopRes received
INFO    2026-07-22 14:44:15,275 - iso15118.evcc.states.iso15118_20_states (1294): Next ChargeLoop Req in 0 seconds
INFO    2026-07-22 14:44:15,276 - iso15118.shared.exi_codec (248): Message to encode (ns=urn:iso:std:iso:15118:-20:AC): {"AC_ChargeLoopReq": {"Header": {"SessionID": "4F7E9151D5992846", "TimeStamp": 1784731455}, "DisplayParameters": {"PresentSOC": 40, "ChargingComplete": false}, "MeterInfoRequested": false, "BPT_Dynamic_AC_CLReqControlMode": {"DepartureTime": 2000, "EVTargetEnergyRequest": {"Exponent": 3, "Value": 40}, "EVMaximumEnergyRequest": {"Exponent": 3, "Value": 60}, "EVMinimumEnergyRequest": {"Exponent": 3, "Value": -20}, "EVMaximumChargePower": {"Exponent": 3, "Value": 300}, "EVMinimumChargePower": {"Exponent": 0, "Value": 100}, "EVPresentActivePower": {"Exponent": 3, "Value": 200}, "EVPresentReactivePower": {"Exponent": 3, "Value": 20}, "EVMaximumDischargePower": {"Exponent": 3, "Value": 11}, "EVMinimumDischargePower": {"Exponent": -3, "Value": 1}}}}
INFO    2026-07-22 14:44:15,311 - iso15118.shared.comm_session (431): Sent AC_ChargeLoopReq
INFO    2026-07-22 14:44:15,312 - iso15118.shared.states (139): Entered state ACChargeLoop
INFO    2026-07-22 14:44:15,343 - iso15118.shared.exi_codec (302): Decoded message (ns=urn:iso:std:iso:15118:-20:AC): {"AC_ChargeLoopRes":{"Header":{"SessionID":"4F7E9151D5992846","TimeStamp":1784731455},"ResponseCode":"OK","BPT_Dynamic_AC_CLResControlMode":{"EVSETargetActivePower":{"Exponent":1,"Value":2200}}}}
INFO    2026-07-22 14:44:15,344 - iso15118.shared.comm_session (235): AC_ChargeLoopRes received
INFO    2026-07-22 14:44:15,344 - iso15118.evcc.states.iso15118_20_states (1294): Next ChargeLoop Req in 0 seconds
INFO    2026-07-22 14:44:15,345 - iso15118.shared.exi_codec (248): Message to encode (ns=urn:iso:std:iso:15118:-20:AC): {"AC_ChargeLoopReq": {"Header": {"SessionID": "4F7E9151D5992846", "TimeStamp": 1784731455}, "DisplayParameters": {"PresentSOC": 50, "ChargingComplete": false}, "MeterInfoRequested": false, "BPT_Dynamic_AC_CLReqControlMode": {"DepartureTime": 2000, "EVTargetEnergyRequest": {"Exponent": 3, "Value": 40}, "EVMaximumEnergyRequest": {"Exponent": 3, "Value": 60}, "EVMinimumEnergyRequest": {"Exponent": 3, "Value": -20}, "EVMaximumChargePower": {"Exponent": 3, "Value": 300}, "EVMinimumChargePower": {"Exponent": 0, "Value": 100}, "EVPresentActivePower": {"Exponent": 3, "Value": 200}, "EVPresentReactivePower": {"Exponent": 3, "Value": 20}, "EVMaximumDischargePower": {"Exponent": 3, "Value": 11}, "EVMinimumDischargePower": {"Exponent": -3, "Value": 1}}}}
INFO    2026-07-22 14:44:15,388 - iso15118.shared.comm_session (431): Sent AC_ChargeLoopReq
INFO    2026-07-22 14:44:15,388 - iso15118.shared.states (139): Entered state ACChargeLoop
INFO    2026-07-22 14:44:15,411 - iso15118.shared.exi_codec (302): Decoded message (ns=urn:iso:std:iso:15118:-20:AC): {"AC_ChargeLoopRes":{"Header":{"SessionID":"4F7E9151D5992846","TimeStamp":1784731455},"ResponseCode":"OK","BPT_Dynamic_AC_CLResControlMode":{"EVSETargetActivePower":{"Exponent":1,"Value":2200}}}}
INFO    2026-07-22 14:44:15,412 - iso15118.shared.comm_session (235): AC_ChargeLoopRes received
INFO    2026-07-22 14:44:15,412 - iso15118.evcc.states.iso15118_20_states (1294): Next ChargeLoop Req in 0 seconds
INFO    2026-07-22 14:44:15,413 - iso15118.shared.exi_codec (248): Message to encode (ns=urn:iso:std:iso:15118:-20:AC): {"AC_ChargeLoopReq": {"Header": {"SessionID": "4F7E9151D5992846", "TimeStamp": 1784731455}, "DisplayParameters": {"PresentSOC": 60, "ChargingComplete": false}, "MeterInfoRequested": false, "BPT_Dynamic_AC_CLReqControlMode": {"DepartureTime": 2000, "EVTargetEnergyRequest": {"Exponent": 3, "Value": 40}, "EVMaximumEnergyRequest": {"Exponent": 3, "Value": 60}, "EVMinimumEnergyRequest": {"Exponent": 3, "Value": -20}, "EVMaximumChargePower": {"Exponent": 3, "Value": 300}, "EVMinimumChargePower": {"Exponent": 0, "Value": 100}, "EVPresentActivePower": {"Exponent": 3, "Value": 200}, "EVPresentReactivePower": {"Exponent": 3, "Value": 20}, "EVMaximumDischargePower": {"Exponent": 3, "Value": 11}, "EVMinimumDischargePower": {"Exponent": -3, "Value": 1}}}}
INFO    2026-07-22 14:44:15,442 - iso15118.shared.comm_session (431): Sent AC_ChargeLoopReq
INFO    2026-07-22 14:44:15,443 - iso15118.shared.states (139): Entered state ACChargeLoop
INFO    2026-07-22 14:44:15,463 - iso15118.shared.exi_codec (302): Decoded message (ns=urn:iso:std:iso:15118:-20:AC): {"AC_ChargeLoopRes":{"Header":{"SessionID":"4F7E9151D5992846","TimeStamp":1784731455},"ResponseCode":"OK","BPT_Dynamic_AC_CLResControlMode":{"EVSETargetActivePower":{"Exponent":1,"Value":2200}}}}
INFO    2026-07-22 14:44:15,464 - iso15118.shared.comm_session (235): AC_ChargeLoopRes received
INFO    2026-07-22 14:44:15,464 - iso15118.evcc.states.iso15118_20_states (1294): Next ChargeLoop Req in 0 seconds
INFO    2026-07-22 14:44:15,465 - iso15118.shared.exi_codec (248): Message to encode (ns=urn:iso:std:iso:15118:-20:AC): {"AC_ChargeLoopReq": {"Header": {"SessionID": "4F7E9151D5992846", "TimeStamp": 1784731455}, "DisplayParameters": {"PresentSOC": 70, "ChargingComplete": false}, "MeterInfoRequested": false, "BPT_Dynamic_AC_CLReqControlMode": {"DepartureTime": 2000, "EVTargetEnergyRequest": {"Exponent": 3, "Value": 40}, "EVMaximumEnergyRequest": {"Exponent": 3, "Value": 60}, "EVMinimumEnergyRequest": {"Exponent": 3, "Value": -20}, "EVMaximumChargePower": {"Exponent": 3, "Value": 300}, "EVMinimumChargePower": {"Exponent": 0, "Value": 100}, "EVPresentActivePower": {"Exponent": 3, "Value": 200}, "EVPresentReactivePower": {"Exponent": 3, "Value": 20}, "EVMaximumDischargePower": {"Exponent": 3, "Value": 11}, "EVMinimumDischargePower": {"Exponent": -3, "Value": 1}}}}
INFO    2026-07-22 14:44:15,490 - iso15118.shared.comm_session (431): Sent AC_ChargeLoopReq
INFO    2026-07-22 14:44:15,490 - iso15118.shared.states (139): Entered state ACChargeLoop
INFO    2026-07-22 14:44:15,514 - iso15118.shared.exi_codec (302): Decoded message (ns=urn:iso:std:iso:15118:-20:AC): {"AC_ChargeLoopRes":{"Header":{"SessionID":"4F7E9151D5992846","TimeStamp":1784731455},"ResponseCode":"OK","BPT_Dynamic_AC_CLResControlMode":{"EVSETargetActivePower":{"Exponent":1,"Value":2200}}}}
INFO    2026-07-22 14:44:15,514 - iso15118.shared.comm_session (235): AC_ChargeLoopRes received
INFO    2026-07-22 14:44:15,515 - iso15118.evcc.states.iso15118_20_states (1294): Next ChargeLoop Req in 0 seconds
INFO    2026-07-22 14:44:15,515 - iso15118.shared.exi_codec (248): Message to encode (ns=urn:iso:std:iso:15118:-20:AC): {"AC_ChargeLoopReq": {"Header": {"SessionID": "4F7E9151D5992846", "TimeStamp": 1784731455}, "DisplayParameters": {"PresentSOC": 80, "ChargingComplete": false}, "MeterInfoRequested": false, "BPT_Dynamic_AC_CLReqControlMode": {"DepartureTime": 2000, "EVTargetEnergyRequest": {"Exponent": 3, "Value": 40}, "EVMaximumEnergyRequest": {"Exponent": 3, "Value": 60}, "EVMinimumEnergyRequest": {"Exponent": 3, "Value": -20}, "EVMaximumChargePower": {"Exponent": 3, "Value": 300}, "EVMinimumChargePower": {"Exponent": 0, "Value": 100}, "EVPresentActivePower": {"Exponent": 3, "Value": 200}, "EVPresentReactivePower": {"Exponent": 3, "Value": 20}, "EVMaximumDischargePower": {"Exponent": 3, "Value": 11}, "EVMinimumDischargePower": {"Exponent": -3, "Value": 1}}}}
INFO    2026-07-22 14:44:15,544 - iso15118.shared.comm_session (431): Sent AC_ChargeLoopReq
INFO    2026-07-22 14:44:15,545 - iso15118.shared.states (139): Entered state ACChargeLoop
INFO    2026-07-22 14:44:15,589 - iso15118.shared.exi_codec (302): Decoded message (ns=urn:iso:std:iso:15118:-20:AC): {"AC_ChargeLoopRes":{"Header":{"SessionID":"4F7E9151D5992846","TimeStamp":1784731455},"ResponseCode":"OK","BPT_Dynamic_AC_CLResControlMode":{"EVSETargetActivePower":{"Exponent":1,"Value":2200}}}}
INFO    2026-07-22 14:44:15,590 - iso15118.shared.comm_session (235): AC_ChargeLoopRes received
INFO    2026-07-22 14:44:15,590 - iso15118.evcc.states.iso15118_20_states (1294): Next ChargeLoop Req in 0 seconds
INFO    2026-07-22 14:44:15,591 - iso15118.shared.exi_codec (248): Message to encode (ns=urn:iso:std:iso:15118:-20:AC): {"AC_ChargeLoopReq": {"Header": {"SessionID": "4F7E9151D5992846", "TimeStamp": 1784731455}, "DisplayParameters": {"PresentSOC": 90, "ChargingComplete": false}, "MeterInfoRequested": false, "BPT_Dynamic_AC_CLReqControlMode": {"DepartureTime": 2000, "EVTargetEnergyRequest": {"Exponent": 3, "Value": 40}, "EVMaximumEnergyRequest": {"Exponent": 3, "Value": 60}, "EVMinimumEnergyRequest": {"Exponent": 3, "Value": -20}, "EVMaximumChargePower": {"Exponent": 3, "Value": 300}, "EVMinimumChargePower": {"Exponent": 0, "Value": 100}, "EVPresentActivePower": {"Exponent": 3, "Value": 200}, "EVPresentReactivePower": {"Exponent": 3, "Value": 20}, "EVMaximumDischargePower": {"Exponent": 3, "Value": 11}, "EVMinimumDischargePower": {"Exponent": -3, "Value": 1}}}}
INFO    2026-07-22 14:44:15,610 - iso15118.shared.comm_session (431): Sent AC_ChargeLoopReq
INFO    2026-07-22 14:44:15,610 - iso15118.shared.states (139): Entered state ACChargeLoop
INFO    2026-07-22 14:44:15,628 - iso15118.shared.exi_codec (302): Decoded message (ns=urn:iso:std:iso:15118:-20:AC): {"AC_ChargeLoopRes":{"Header":{"SessionID":"4F7E9151D5992846","TimeStamp":1784731455},"ResponseCode":"OK","BPT_Dynamic_AC_CLResControlMode":{"EVSETargetActivePower":{"Exponent":1,"Value":2200}}}}
INFO    2026-07-22 14:44:15,628 - iso15118.shared.comm_session (235): AC_ChargeLoopRes received
INFO    2026-07-22 14:44:15,628 - iso15118.evcc.states.iso15118_20_states (1294): Next ChargeLoop Req in 0 seconds
INFO    2026-07-22 14:44:15,629 - iso15118.shared.exi_codec (248): Message to encode (ns=urn:iso:std:iso:15118:-20:AC): {"AC_ChargeLoopReq": {"Header": {"SessionID": "4F7E9151D5992846", "TimeStamp": 1784731455}, "DisplayParameters": {"PresentSOC": 100, "ChargingComplete": true}, "MeterInfoRequested": false, "BPT_Dynamic_AC_CLReqControlMode": {"DepartureTime": 2000, "EVTargetEnergyRequest": {"Exponent": 3, "Value": 40}, "EVMaximumEnergyRequest": {"Exponent": 3, "Value": 60}, "EVMinimumEnergyRequest": {"Exponent": 3, "Value": -20}, "EVMaximumChargePower": {"Exponent": 3, "Value": 300}, "EVMinimumChargePower": {"Exponent": 0, "Value": 100}, "EVPresentActivePower": {"Exponent": 3, "Value": 200}, "EVPresentReactivePower": {"Exponent": 3, "Value": 20}, "EVMaximumDischargePower": {"Exponent": 3, "Value": 11}, "EVMinimumDischargePower": {"Exponent": -3, "Value": 1}}}}
INFO    2026-07-22 14:44:15,648 - iso15118.shared.comm_session (431): Sent AC_ChargeLoopReq
INFO    2026-07-22 14:44:15,649 - iso15118.shared.states (139): Entered state ACChargeLoop
INFO    2026-07-22 14:44:15,674 - iso15118.shared.exi_codec (302): Decoded message (ns=urn:iso:std:iso:15118:-20:AC): {"AC_ChargeLoopRes":{"Header":{"SessionID":"4F7E9151D5992846","TimeStamp":1784731455},"ResponseCode":"OK","BPT_Dynamic_AC_CLResControlMode":{"EVSETargetActivePower":{"Exponent":1,"Value":2200}}}}
INFO    2026-07-22 14:44:15,675 - iso15118.shared.comm_session (235): AC_ChargeLoopRes received
INFO    2026-07-22 14:44:15,675 - iso15118.shared.exi_codec (248): Message to encode (ns=urn:iso:std:iso:15118:-20:CommonMessages): {"PowerDeliveryReq": {"Header": {"SessionID": "4F7E9151D5992846", "TimeStamp": 1784731455}, "EVProcessing": "Finished", "ChargeProgress": "Stop"}}
INFO    2026-07-22 14:44:15,706 - iso15118.shared.comm_session (431): Sent PowerDeliveryReq
INFO    2026-07-22 14:44:15,706 - iso15118.shared.states (139): Entered state PowerDelivery
INFO    2026-07-22 14:44:15,745 - iso15118.shared.exi_codec (302): Decoded message (ns=urn:iso:std:iso:15118:-20:CommonMessages): {"PowerDeliveryRes":{"Header":{"SessionID":"4F7E9151D5992846","TimeStamp":1784731455},"ResponseCode":"OK"}}
INFO    2026-07-22 14:44:15,746 - iso15118.shared.comm_session (235): PowerDeliveryRes received
INFO    2026-07-22 14:44:15,747 - iso15118.shared.exi_codec (248): Message to encode (ns=urn:iso:std:iso:15118:-20:CommonMessages): {"SessionStopReq": {"Header": {"SessionID": "4F7E9151D5992846", "TimeStamp": 1784731455}, "ChargingSession": "Terminate"}}
INFO    2026-07-22 14:44:15,792 - iso15118.shared.comm_session (431): Sent SessionStopReq
INFO    2026-07-22 14:44:15,792 - iso15118.shared.states (139): Entered state SessionStop
INFO    2026-07-22 14:44:15,837 - iso15118.shared.exi_codec (302): Decoded message (ns=urn:iso:std:iso:15118:-20:CommonMessages): {"SessionStopRes":{"Header":{"SessionID":"4F7E9151D5992846","TimeStamp":1784731455},"ResponseCode":"OK"}}
INFO    2026-07-22 14:44:15,837 - iso15118.shared.comm_session (235): SessionStopRes received
INFO    2026-07-22 14:44:15,837 - iso15118.shared.comm_session (395): The data link will terminate in 2 seconds and the TCP connection will close in 5 seconds. 
INFO    2026-07-22 14:44:15,837 - iso15118.shared.comm_session (399): Reason: Communication session terminated
INFO    2026-07-22 14:44:17,840 - iso15118.shared.comm_session (410): terminated the data link
INFO    2026-07-22 14:44:20,845 - iso15118.shared.comm_session (417): TCP connection closed to peer with address ('fe80::215:5dff:fe46:863f', 55000, 0, 2)
