# Frames as recorded, per direction. Ordering within a direction is real;
# the two directions are not interleaved, because the recording has no timestamps.

## EV -> station: 933 byte(s), 36 frame(s)
[0] SupportedAppProtocolReq payloadType=0x8001 bytes=44
    01fe8001000000248000ebab9371d34b9b79d189a98989c1d191d191818999d26b9b3a232b30020000040040
[1] SessionSetupReq payloadType=0x8001 bytes=29
    01fe800100000015809802000000000000000011d01aaf37bc04080c00
[2] ServiceDiscoveryReq payloadType=0x8001 bytes=21
    01fe80010000000d8098022c5abdfbffcffb8fd1b8
[3] PaymentServiceSelectionReq payloadType=0x8001 bytes=24
    01fe8001000000108098022c5abdfbffcffb8fd132001280
[4] AuthorizationReq payloadType=0x8001 bytes=21
    01fe80010000000d8098022c5abdfbffcffb8fd008
[5] AuthorizationReq payloadType=0x8001 bytes=21
    01fe80010000000d8098022c5abdfbffcffb8fd008
[6] ChargeParameterDiscoveryReq payloadType=0x8001 bytes=37
    01fe80010000001d8098022c5abdfbffcffb8fd094ca400640618640088c40f40313205000
[7] CableCheckReq payloadType=0x8001 bytes=24
    01fe8001000000108098022c5abdfbffcffb8fd031001900
[8] CableCheckReq payloadType=0x8001 bytes=24
    01fe8001000000108098022c5abdfbffcffb8fd031001900
[9] CableCheckReq payloadType=0x8001 bytes=24
    01fe8001000000108098022c5abdfbffcffb8fd031001900
[10] CableCheckReq payloadType=0x8001 bytes=24
    01fe8001000000108098022c5abdfbffcffb8fd031001900
[11] CableCheckReq payloadType=0x8001 bytes=24
    01fe8001000000108098022c5abdfbffcffb8fd031001900
[12] CableCheckReq payloadType=0x8001 bytes=24
    01fe8001000000108098022c5abdfbffcffb8fd031001900
[13] CableCheckReq payloadType=0x8001 bytes=24
    01fe8001000000108098022c5abdfbffcffb8fd031001900
[14] CableCheckReq payloadType=0x8001 bytes=24
    01fe8001000000108098022c5abdfbffcffb8fd031001900
[15] CableCheckReq payloadType=0x8001 bytes=24
    01fe8001000000108098022c5abdfbffcffb8fd031001900
[16] CableCheckReq payloadType=0x8001 bytes=24
    01fe8001000000108098022c5abdfbffcffb8fd031001900
[17] CableCheckReq payloadType=0x8001 bytes=24
    01fe8001000000108098022c5abdfbffcffb8fd031001900
[18] CableCheckReq payloadType=0x8001 bytes=24
    01fe8001000000108098022c5abdfbffcffb8fd031001900
[19] CableCheckReq payloadType=0x8001 bytes=24
    01fe8001000000108098022c5abdfbffcffb8fd031001900
[20] CableCheckReq payloadType=0x8001 bytes=24
    01fe8001000000108098022c5abdfbffcffb8fd031001900
[21] CableCheckReq payloadType=0x8001 bytes=24
    01fe8001000000108098022c5abdfbffcffb8fd031001900
[22] CableCheckReq payloadType=0x8001 bytes=24
    01fe8001000000108098022c5abdfbffcffb8fd031001900
[23] CableCheckReq payloadType=0x8001 bytes=24
    01fe8001000000108098022c5abdfbffcffb8fd031001900
[24] CableCheckReq payloadType=0x8001 bytes=24
    01fe8001000000108098022c5abdfbffcffb8fd031001900
[25] CableCheckReq payloadType=0x8001 bytes=24
    01fe8001000000108098022c5abdfbffcffb8fd031001900
[26] CableCheckReq payloadType=0x8001 bytes=24
    01fe8001000000108098022c5abdfbffcffb8fd031001900
[27] CableCheckReq payloadType=0x8001 bytes=24
    01fe8001000000108098022c5abdfbffcffb8fd031001900
[28] PreChargeReq payloadType=0x8001 bytes=32
    01fe8001000000188098022c5abdfbffcffb8fd1710019018812006061801000
[29] PowerDeliveryReq payloadType=0x8001 bytes=31
    01fe8001000000178098022c5abdfbffcffb8fd150000000018a18158022c0
[30] CurrentDemandReq payloadType=0x8001 bytes=33
    01fe8001000000198098022c5abdfbffcffb8fd0d1001901860f0410c409003000
[31] CurrentDemandReq payloadType=0x8001 bytes=33
    01fe8001000000198098022c5abdfbffcffb8fd0d1001901860f0410c409003000
[32] CurrentDemandReq payloadType=0x8001 bytes=33
    01fe8001000000198098022c5abdfbffcffb8fd0d1001901860f0410c409003000
[33] PowerDeliveryReq payloadType=0x8001 bytes=24
    01fe8001000000108098022c5abdfbffcffb8fd151000600
[34] WeldingDetectionReq payloadType=0x8001 bytes=24
    01fe8001000000108098022c5abdfbffcffb8fd211001900
[35] SessionStopReq payloadType=0x8001 bytes=22
    01fe80010000000e8098022c5abdfbffcffb8fd1f000

## station -> EV: 1177 byte(s), 36 frame(s)
[0] SupportedAppProtocolRes (OK_SuccessfulNegotiation) payloadType=0x8001 bytes=12
    01fe80010000000480400040
[1] SessionSetupRes (OK_NewSessionEstablished) payloadType=0x8001 bytes=39
    01fe80010000001f8098022c5abdfbffcffb8fd1e020451114a9413960a914c4c8ccd0d4a8c480
[2] ServiceDiscoveryRes (OK) payloadType=0x8001 bytes=44
    01fe8001000000248098022c5abdfbffcffb8fd1c0010000482032001006a1b2b93a34b334b1b0ba3288a200
[3] PaymentServiceSelectionRes (OK) payloadType=0x8001 bytes=22
    01fe80010000000e8098022c5abdfbffcffb8fd14000
[4] AuthorizationRes (OK) payloadType=0x8001 bytes=23
    01fe80010000000f8098022c5abdfbffcffb8fd0100200
[5] AuthorizationRes (OK) payloadType=0x8001 bytes=23
    01fe80010000000f8098022c5abdfbffcffb8fd0100000
[6] ChargeParameterDiscoveryRes (OK) payloadType=0x8001 bytes=74
    01fe8001000000428098022c5abdfbffcffb8fd0a000000000002028c140c50c0ac010aa000000080861413802062860560081081508c04180501081a01e020c050083014018c1209c00
[7] CableCheckRes (OK) payloadType=0x8001 bytes=27
    01fe8001000000138098022c5abdfbffcffb8fd040000000004100
[8] CableCheckRes (OK) payloadType=0x8001 bytes=27
    01fe8001000000138098022c5abdfbffcffb8fd040000000004100
[9] CableCheckRes (OK) payloadType=0x8001 bytes=27
    01fe8001000000138098022c5abdfbffcffb8fd040000000004100
[10] CableCheckRes (OK) payloadType=0x8001 bytes=27
    01fe8001000000138098022c5abdfbffcffb8fd040000000004100
[11] CableCheckRes (OK) payloadType=0x8001 bytes=27
    01fe8001000000138098022c5abdfbffcffb8fd040000000004100
[12] CableCheckRes (OK) payloadType=0x8001 bytes=27
    01fe8001000000138098022c5abdfbffcffb8fd040000000004100
[13] CableCheckRes (OK) payloadType=0x8001 bytes=27
    01fe8001000000138098022c5abdfbffcffb8fd040000000004100
[14] CableCheckRes (OK) payloadType=0x8001 bytes=27
    01fe8001000000138098022c5abdfbffcffb8fd040000000004100
[15] CableCheckRes (OK) payloadType=0x8001 bytes=27
    01fe8001000000138098022c5abdfbffcffb8fd040000000004100
[16] CableCheckRes (OK) payloadType=0x8001 bytes=27
    01fe8001000000138098022c5abdfbffcffb8fd040000000004100
[17] CableCheckRes (OK) payloadType=0x8001 bytes=27
    01fe8001000000138098022c5abdfbffcffb8fd040000000004100
[18] CableCheckRes (OK) payloadType=0x8001 bytes=27
    01fe8001000000138098022c5abdfbffcffb8fd040000000004100
[19] CableCheckRes (OK) payloadType=0x8001 bytes=27
    01fe8001000000138098022c5abdfbffcffb8fd040000000004100
[20] CableCheckRes (OK) payloadType=0x8001 bytes=27
    01fe8001000000138098022c5abdfbffcffb8fd040000000004100
[21] CableCheckRes (OK) payloadType=0x8001 bytes=27
    01fe8001000000138098022c5abdfbffcffb8fd040000000004100
[22] CableCheckRes (OK) payloadType=0x8001 bytes=27
    01fe8001000000138098022c5abdfbffcffb8fd040000000004100
[23] CableCheckRes (OK) payloadType=0x8001 bytes=27
    01fe8001000000138098022c5abdfbffcffb8fd040000000004100
[24] CableCheckRes (OK) payloadType=0x8001 bytes=27
    01fe8001000000138098022c5abdfbffcffb8fd040000000004100
[25] CableCheckRes (OK) payloadType=0x8001 bytes=27
    01fe8001000000138098022c5abdfbffcffb8fd040000000004100
[26] CableCheckRes (OK) payloadType=0x8001 bytes=27
    01fe8001000000138098022c5abdfbffcffb8fd040000000204100
[27] CableCheckRes (OK) payloadType=0x8001 bytes=27
    01fe8001000000138098022c5abdfbffcffb8fd040000000204000
[28] PreChargeRes (OK) payloadType=0x8001 bytes=31
    01fe8001000000178098022c5abdfbffcffb8fd18000000020408408827000
[29] PowerDeliveryRes (OK) payloadType=0x8001 bytes=26
    01fe8001000000128098022c5abdfbffcffb8fd1600400001020
[30] CurrentDemandRes (OK) payloadType=0x8001 bytes=85
    01fe80010000004d8098022c5abdfbffcffb8fd0e000000020408408827020c05000202102a1180218504e0080c50c0ac0101144452a504e582a4531323334352a3100000f44435f504f5745524d455445520001a0
[31] CurrentDemandRes (OK) payloadType=0x8001 bytes=68
    01fe80010000003c8098022c5abdfbffcffb8fd0e000000020408408827020c05000202102a1180218504e0080c50c0ac0101144452a504e582a4531323334352a310008
[32] CurrentDemandRes (OK) payloadType=0x8001 bytes=84
    01fe80010000004c8098022c5abdfbffcffb8fd0e00000002040840a01f020c05020202102a1180218601100c50c0ac0101144452a504e582a4531323334352a3100000f44435f504f5745524d455445520001a0
[33] PowerDeliveryRes (OK) payloadType=0x8001 bytes=26
    01fe8001000000128098022c5abdfbffcffb8fd1600400001020
[34] WeldingDetectionRes (OK) payloadType=0x8001 bytes=31
    01fe8001000000178098022c5abdfbffcffb8fd2200000002000840a01f000
[35] SessionStopRes (OK) payloadType=0x8001 bytes=22
    01fe80010000000e8098022c5abdfbffcffb8fd20000
