# Frames as recorded, per direction. Ordering within a direction is real;
# the two directions are not interleaved, because the recording has no timestamps.

## EV -> station: 2757 byte(s), 102 frame(s)
[0] SupportedAppProtocolReq payloadType=0x8001 bytes=45
    01fe8001000000258000f3ab9371d34b9b79d39ba321d34b9b79d189a98989c1d1699181d22218010000040040
[1] SessionSetupReq payloadType=0x8002 bytes=33
    01fe800200000019808c0400000000000000000e9b9bfd30620422ab21a1981880
[2] AuthorizationSetupReq payloadType=0x8002 bytes=25
    01fe8002000000118008042c76ff867637e6648e9b9bfd3062
[3] AuthorizationReq payloadType=0x8002 bytes=26
    01fe8002000000128000042c76ff867637e6648e9b9bfd306200
[4] AuthorizationReq payloadType=0x8002 bytes=26
    01fe8002000000128000042c76ff867637e6648e9b9bfd306200
[5] AuthorizationReq payloadType=0x8002 bytes=26
    01fe8002000000128000042c76ff867637e6648e9b9bfd306200
[6] AuthorizationReq payloadType=0x8002 bytes=26
    01fe8002000000128000042c76ff867637e6648eab9bfd306200
[7] ServiceDiscoveryReq payloadType=0x8002 bytes=26
    01fe800200000012807c042c76ff867637e6648eab9bfd306280
[8] ServiceDetailReq payloadType=0x8002 bytes=27
    01fe8002000000138074042c76ff867637e6648eab9bfd30620100
[9] ServiceSelectionReq payloadType=0x8002 bytes=29
    01fe8002000000158084042c76ff867637e6648eab9bfd306200800080
[10] DC_ChargeParameterDiscoveryReq payloadType=0x8004 bytes=49
    01fe800400000029803c042c76ff867637e6648eab9bfd3062881088270400000200320041000000800f40304001902800
[11] ScheduleExchangeReq payloadType=0x8002 bytes=42
    01fe800200000022806c042c76ff867637e6648eab9bfd30620000901c03c14020c07810607808300a20
[12] DC_CableCheckReq payloadType=0x8004 bytes=25
    01fe800400000011802c042c76ff867637e6648eab9bfd3062
[13] DC_CableCheckReq payloadType=0x8004 bytes=25
    01fe800400000011802c042c76ff867637e6648eab9bfd3062
[14] DC_CableCheckReq payloadType=0x8004 bytes=25
    01fe800400000011802c042c76ff867637e6648eab9bfd3062
[15] DC_CableCheckReq payloadType=0x8004 bytes=25
    01fe800400000011802c042c76ff867637e6648eab9bfd3062
[16] DC_CableCheckReq payloadType=0x8004 bytes=25
    01fe800400000011802c042c76ff867637e6648eab9bfd3062
[17] DC_CableCheckReq payloadType=0x8004 bytes=25
    01fe800400000011802c042c76ff867637e6648eab9bfd3062
[18] DC_CableCheckReq payloadType=0x8004 bytes=25
    01fe800400000011802c042c76ff867637e6648eab9bfd3062
[19] DC_CableCheckReq payloadType=0x8004 bytes=25
    01fe800400000011802c042c76ff867637e6648eab9bfd3062
[20] DC_CableCheckReq payloadType=0x8004 bytes=25
    01fe800400000011802c042c76ff867637e6648eab9bfd3062
[21] DC_CableCheckReq payloadType=0x8004 bytes=25
    01fe800400000011802c042c76ff867637e6648eab9bfd3062
[22] DC_CableCheckReq payloadType=0x8004 bytes=25
    01fe800400000011802c042c76ff867637e6648eab9bfd3062
[23] DC_CableCheckReq payloadType=0x8004 bytes=25
    01fe800400000011802c042c76ff867637e6648eab9bfd3062
[24] DC_CableCheckReq payloadType=0x8004 bytes=25
    01fe800400000011802c042c76ff867637e6648eab9bfd3062
[25] DC_CableCheckReq payloadType=0x8004 bytes=25
    01fe800400000011802c042c76ff867637e6648eab9bfd3062
[26] DC_CableCheckReq payloadType=0x8004 bytes=25
    01fe800400000011802c042c76ff867637e6648eab9bfd3062
[27] DC_CableCheckReq payloadType=0x8004 bytes=25
    01fe800400000011802c042c76ff867637e6648eab9bfd3062
[28] DC_CableCheckReq payloadType=0x8004 bytes=25
    01fe800400000011802c042c76ff867637e6648eab9bfd3062
[29] DC_CableCheckReq payloadType=0x8004 bytes=25
    01fe800400000011802c042c76ff867637e6648eab9bfd3062
[30] DC_CableCheckReq payloadType=0x8004 bytes=25
    01fe800400000011802c042c76ff867637e6648ebb9bfd3062
[31] DC_CableCheckReq payloadType=0x8004 bytes=25
    01fe800400000011802c042c76ff867637e6648ebb9bfd3062
[32] DC_CableCheckReq payloadType=0x8004 bytes=25
    01fe800400000011802c042c76ff867637e6648ebb9bfd3062
[33] DC_CableCheckReq payloadType=0x8004 bytes=25
    01fe800400000011802c042c76ff867637e6648ebb9bfd3062
[34] DC_CableCheckReq payloadType=0x8004 bytes=25
    01fe800400000011802c042c76ff867637e6648ebb9bfd3062
[35] DC_CableCheckReq payloadType=0x8004 bytes=25
    01fe800400000011802c042c76ff867637e6648ebb9bfd3062
[36] DC_CableCheckReq payloadType=0x8004 bytes=25
    01fe800400000011802c042c76ff867637e6648ebb9bfd3062
[37] DC_CableCheckReq payloadType=0x8004 bytes=25
    01fe800400000011802c042c76ff867637e6648ebb9bfd3062
[38] DC_CableCheckReq payloadType=0x8004 bytes=25
    01fe800400000011802c042c76ff867637e6648ebb9bfd3062
[39] DC_CableCheckReq payloadType=0x8004 bytes=25
    01fe800400000011802c042c76ff867637e6648ebb9bfd3062
[40] DC_CableCheckReq payloadType=0x8004 bytes=25
    01fe800400000011802c042c76ff867637e6648ebb9bfd3062
[41] DC_CableCheckReq payloadType=0x8004 bytes=25
    01fe800400000011802c042c76ff867637e6648ebb9bfd3062
[42] DC_CableCheckReq payloadType=0x8004 bytes=25
    01fe800400000011802c042c76ff867637e6648ebb9bfd3062
[43] DC_CableCheckReq payloadType=0x8004 bytes=25
    01fe800400000011802c042c76ff867637e6648ebb9bfd3062
[44] DC_CableCheckReq payloadType=0x8004 bytes=25
    01fe800400000011802c042c76ff867637e6648ebb9bfd3062
[45] DC_CableCheckReq payloadType=0x8004 bytes=25
    01fe800400000011802c042c76ff867637e6648ebb9bfd3062
[46] DC_CableCheckReq payloadType=0x8004 bytes=25
    01fe800400000011802c042c76ff867637e6648ebb9bfd3062
[47] DC_CableCheckReq payloadType=0x8004 bytes=25
    01fe800400000011802c042c76ff867637e6648ebb9bfd3062
[48] DC_CableCheckReq payloadType=0x8004 bytes=25
    01fe800400000011802c042c76ff867637e6648ecb9bfd3062
[49] DC_CableCheckReq payloadType=0x8004 bytes=25
    01fe800400000011802c042c76ff867637e6648ecb9bfd3062
[50] DC_CableCheckReq payloadType=0x8004 bytes=25
    01fe800400000011802c042c76ff867637e6648ecb9bfd3062
[51] DC_CableCheckReq payloadType=0x8004 bytes=25
    01fe800400000011802c042c76ff867637e6648ecb9bfd3062
[52] DC_CableCheckReq payloadType=0x8004 bytes=25
    01fe800400000011802c042c76ff867637e6648ecb9bfd3062
[53] DC_CableCheckReq payloadType=0x8004 bytes=25
    01fe800400000011802c042c76ff867637e6648ecb9bfd3062
[54] DC_CableCheckReq payloadType=0x8004 bytes=25
    01fe800400000011802c042c76ff867637e6648ecb9bfd3062
[55] DC_CableCheckReq payloadType=0x8004 bytes=25
    01fe800400000011802c042c76ff867637e6648ecb9bfd3062
[56] DC_CableCheckReq payloadType=0x8004 bytes=25
    01fe800400000011802c042c76ff867637e6648ecb9bfd3062
[57] DC_CableCheckReq payloadType=0x8004 bytes=25
    01fe800400000011802c042c76ff867637e6648ecb9bfd3062
[58] DC_CableCheckReq payloadType=0x8004 bytes=25
    01fe800400000011802c042c76ff867637e6648ecb9bfd3062
[59] DC_CableCheckReq payloadType=0x8004 bytes=25
    01fe800400000011802c042c76ff867637e6648ecb9bfd3062
[60] DC_CableCheckReq payloadType=0x8004 bytes=25
    01fe800400000011802c042c76ff867637e6648ecb9bfd3062
[61] DC_CableCheckReq payloadType=0x8004 bytes=25
    01fe800400000011802c042c76ff867637e6648ecb9bfd3062
[62] DC_CableCheckReq payloadType=0x8004 bytes=25
    01fe800400000011802c042c76ff867637e6648ecb9bfd3062
[63] DC_CableCheckReq payloadType=0x8004 bytes=25
    01fe800400000011802c042c76ff867637e6648ecb9bfd3062
[64] DC_CableCheckReq payloadType=0x8004 bytes=25
    01fe800400000011802c042c76ff867637e6648ecb9bfd3062
[65] DC_CableCheckReq payloadType=0x8004 bytes=25
    01fe800400000011802c042c76ff867637e6648ecb9bfd3062
[66] DC_CableCheckReq payloadType=0x8004 bytes=25
    01fe800400000011802c042c76ff867637e6648edb9bfd3062
[67] DC_CableCheckReq payloadType=0x8004 bytes=25
    01fe800400000011802c042c76ff867637e6648edb9bfd3062
[68] DC_CableCheckReq payloadType=0x8004 bytes=25
    01fe800400000011802c042c76ff867637e6648edb9bfd3062
[69] DC_CableCheckReq payloadType=0x8004 bytes=25
    01fe800400000011802c042c76ff867637e6648edb9bfd3062
[70] DC_CableCheckReq payloadType=0x8004 bytes=25
    01fe800400000011802c042c76ff867637e6648edb9bfd3062
[71] DC_CableCheckReq payloadType=0x8004 bytes=25
    01fe800400000011802c042c76ff867637e6648edb9bfd3062
[72] DC_CableCheckReq payloadType=0x8004 bytes=25
    01fe800400000011802c042c76ff867637e6648edb9bfd3062
[73] DC_CableCheckReq payloadType=0x8004 bytes=25
    01fe800400000011802c042c76ff867637e6648edb9bfd3062
[74] DC_CableCheckReq payloadType=0x8004 bytes=25
    01fe800400000011802c042c76ff867637e6648edb9bfd3062
[75] DC_CableCheckReq payloadType=0x8004 bytes=25
    01fe800400000011802c042c76ff867637e6648edb9bfd3062
[76] DC_CableCheckReq payloadType=0x8004 bytes=25
    01fe800400000011802c042c76ff867637e6648edb9bfd3062
[77] DC_CableCheckReq payloadType=0x8004 bytes=25
    01fe800400000011802c042c76ff867637e6648edb9bfd3062
[78] DC_CableCheckReq payloadType=0x8004 bytes=25
    01fe800400000011802c042c76ff867637e6648edb9bfd3062
[79] DC_CableCheckReq payloadType=0x8004 bytes=25
    01fe800400000011802c042c76ff867637e6648edb9bfd3062
[80] DC_CableCheckReq payloadType=0x8004 bytes=25
    01fe800400000011802c042c76ff867637e6648edb9bfd3062
[81] DC_CableCheckReq payloadType=0x8004 bytes=25
    01fe800400000011802c042c76ff867637e6648edb9bfd3062
[82] DC_CableCheckReq payloadType=0x8004 bytes=25
    01fe800400000011802c042c76ff867637e6648edb9bfd3062
[83] DC_CableCheckReq payloadType=0x8004 bytes=25
    01fe800400000011802c042c76ff867637e6648edb9bfd3062
[84] DC_CableCheckReq payloadType=0x8004 bytes=25
    01fe800400000011802c042c76ff867637e6648eeb9bfd3062
[85] DC_CableCheckReq payloadType=0x8004 bytes=25
    01fe800400000011802c042c76ff867637e6648eeb9bfd3062
[86] DC_CableCheckReq payloadType=0x8004 bytes=25
    01fe800400000011802c042c76ff867637e6648eeb9bfd3062
[87] DC_CableCheckReq payloadType=0x8004 bytes=25
    01fe800400000011802c042c76ff867637e6648eeb9bfd3062
[88] DC_CableCheckReq payloadType=0x8004 bytes=25
    01fe800400000011802c042c76ff867637e6648eeb9bfd3062
[89] DC_CableCheckReq payloadType=0x8004 bytes=25
    01fe800400000011802c042c76ff867637e6648eeb9bfd3062
[90] DC_CableCheckReq payloadType=0x8004 bytes=25
    01fe800400000011802c042c76ff867637e6648eeb9bfd3062
[91] DC_CableCheckReq payloadType=0x8004 bytes=25
    01fe800400000011802c042c76ff867637e6648eeb9bfd3062
[92] DC_CableCheckReq payloadType=0x8004 bytes=25
    01fe800400000011802c042c76ff867637e6648eeb9bfd3062
[93] DC_CableCheckReq payloadType=0x8004 bytes=25
    01fe800400000011802c042c76ff867637e6648eeb9bfd3062
[94] DC_PreChargeReq payloadType=0x8004 bytes=33
    01fe8004000000198044042c76ff867637e6648eeb9bfd30620100000080090030
[95] PowerDeliveryReq payloadType=0x8002 bytes=35
    01fe80020000001b8054042c76ff867637e6648eeb9bfd30620000000480e041805124
[96] DC_ChargeLoopReq payloadType=0x8004 bytes=60
    01fe8004000000348034042c76ff867637e6648eeb9bfd306281001200631203810603c08303c041805020c0c810600208007d04007a018200320040
[97] DC_ChargeLoopReq payloadType=0x8004 bytes=60
    01fe8004000000348034042c76ff867637e6648eeb9bfd306281001200631203810603c08303c041805020c0c810600208007d04007a018200320040
[98] DC_ChargeLoopReq payloadType=0x8004 bytes=60
    01fe8004000000348034042c76ff867637e6648eeb9bfd306281001200631203810603c08303c041805020c0c810600208007d04007a018200320040
[99] PowerDeliveryReq payloadType=0x8002 bytes=27
    01fe8002000000138054042c76ff867637e6648eeb9bfd30620140
[100] DC_WeldingDetectionReq payloadType=0x8004 bytes=26
    01fe800400000012804c042c76ff867637e6648eeb9bfd306200
[101] SessionStopReq payloadType=0x8002 bytes=26
    01fe8002000000128094042c76ff867637e6648eeb9bfd306228

## station -> EV: 2987 byte(s), 102 frame(s)
[0] SupportedAppProtocolRes (OK_SuccessfulNegotiation) payloadType=0x8001 bytes=12
    01fe80010000000480400040
[1] SessionSetupRes (OK_NewSessionEstablished) payloadType=0x8002 bytes=43
    01fe8002000000238090042c76ff867637e6648e9b9bfd3062040451114a9413960a914c4c8ccd0d4a8c40
[2] AuthorizationSetupRes (OK) payloadType=0x8002 bytes=28
    01fe800200000014800c042c76ff867637e6648e9b9bfd3062000400
[3] AuthorizationRes (OK) payloadType=0x8002 bytes=27
    01fe8002000000138004042c76ff867637e6648e9b9bfd30620010
[4] AuthorizationRes (OK) payloadType=0x8002 bytes=27
    01fe8002000000138004042c76ff867637e6648e9b9bfd30620010
[5] AuthorizationRes (OK) payloadType=0x8002 bytes=27
    01fe8002000000138004042c76ff867637e6648e9b9bfd30620010
[6] AuthorizationRes (OK) payloadType=0x8002 bytes=27
    01fe8002000000138004042c76ff867637e6648eab9bfd30620000
[7] ServiceDiscoveryRes (OK) payloadType=0x8002 bytes=32
    01fe8002000000188080042c76ff867637e6648eab9bfd306200000200018050
[8] ServiceDetailRes (OK) payloadType=0x8002 bytes=146
    01fe80020000008a8078042c76ff867637e6648eab9bfd30620000800002d0dbdb9b9958dd1bdc980400d436f6e74726f6c4d6f6465601004d35bd89a5b1a5d1e539959591cd35bd919580200950726963696e67600080080b436f6e6e6563746f7260100350dbdb9d1c9bdb135bd91958020134d6f62696c6974794e656564734d6f6465600802541c9a58da5b99d800280
[9] ServiceSelectionRes (OK) payloadType=0x8002 bytes=27
    01fe8002000000138088042c76ff867637e6648eab9bfd30620000
[10] DC_ChargeParameterDiscoveryRes (OK) payloadType=0x8004 bytes=52
    01fe80040000002c8040042c76ff867637e6648eab9bfd30620044106e0581fc3403c0fe1a01e07d0e80703f8542301fc3403c40
[11] ScheduleExchangeRes (OK) payloadType=0x8002 bytes=28
    01fe8002000000148070042c76ff867637e6648eab9bfd3062000340
[12] DC_CableCheckRes (OK) payloadType=0x8004 bytes=27
    01fe8004000000138030042c76ff867637e6648eab9bfd30620010
[13] DC_CableCheckRes (OK) payloadType=0x8004 bytes=27
    01fe8004000000138030042c76ff867637e6648eab9bfd30620010
[14] DC_CableCheckRes (OK) payloadType=0x8004 bytes=27
    01fe8004000000138030042c76ff867637e6648eab9bfd30620010
[15] DC_CableCheckRes (OK) payloadType=0x8004 bytes=27
    01fe8004000000138030042c76ff867637e6648eab9bfd30620010
[16] DC_CableCheckRes (OK) payloadType=0x8004 bytes=27
    01fe8004000000138030042c76ff867637e6648eab9bfd30620010
[17] DC_CableCheckRes (OK) payloadType=0x8004 bytes=27
    01fe8004000000138030042c76ff867637e6648eab9bfd30620010
[18] DC_CableCheckRes (OK) payloadType=0x8004 bytes=27
    01fe8004000000138030042c76ff867637e6648eab9bfd30620010
[19] DC_CableCheckRes (OK) payloadType=0x8004 bytes=27
    01fe8004000000138030042c76ff867637e6648eab9bfd30620010
[20] DC_CableCheckRes (OK) payloadType=0x8004 bytes=27
    01fe8004000000138030042c76ff867637e6648eab9bfd30620010
[21] DC_CableCheckRes (OK) payloadType=0x8004 bytes=27
    01fe8004000000138030042c76ff867637e6648eab9bfd30620010
[22] DC_CableCheckRes (OK) payloadType=0x8004 bytes=27
    01fe8004000000138030042c76ff867637e6648eab9bfd30620010
[23] DC_CableCheckRes (OK) payloadType=0x8004 bytes=27
    01fe8004000000138030042c76ff867637e6648eab9bfd30620010
[24] DC_CableCheckRes (OK) payloadType=0x8004 bytes=27
    01fe8004000000138030042c76ff867637e6648eab9bfd30620010
[25] DC_CableCheckRes (OK) payloadType=0x8004 bytes=27
    01fe8004000000138030042c76ff867637e6648eab9bfd30620010
[26] DC_CableCheckRes (OK) payloadType=0x8004 bytes=27
    01fe8004000000138030042c76ff867637e6648eab9bfd30620010
[27] DC_CableCheckRes (OK) payloadType=0x8004 bytes=27
    01fe8004000000138030042c76ff867637e6648eab9bfd30620010
[28] DC_CableCheckRes (OK) payloadType=0x8004 bytes=27
    01fe8004000000138030042c76ff867637e6648eab9bfd30620010
[29] DC_CableCheckRes (OK) payloadType=0x8004 bytes=27
    01fe8004000000138030042c76ff867637e6648ebb9bfd30620010
[30] DC_CableCheckRes (OK) payloadType=0x8004 bytes=27
    01fe8004000000138030042c76ff867637e6648ebb9bfd30620010
[31] DC_CableCheckRes (OK) payloadType=0x8004 bytes=27
    01fe8004000000138030042c76ff867637e6648ebb9bfd30620010
[32] DC_CableCheckRes (OK) payloadType=0x8004 bytes=27
    01fe8004000000138030042c76ff867637e6648ebb9bfd30620010
[33] DC_CableCheckRes (OK) payloadType=0x8004 bytes=27
    01fe8004000000138030042c76ff867637e6648ebb9bfd30620010
[34] DC_CableCheckRes (OK) payloadType=0x8004 bytes=27
    01fe8004000000138030042c76ff867637e6648ebb9bfd30620010
[35] DC_CableCheckRes (OK) payloadType=0x8004 bytes=27
    01fe8004000000138030042c76ff867637e6648ebb9bfd30620010
[36] DC_CableCheckRes (OK) payloadType=0x8004 bytes=27
    01fe8004000000138030042c76ff867637e6648ebb9bfd30620010
[37] DC_CableCheckRes (OK) payloadType=0x8004 bytes=27
    01fe8004000000138030042c76ff867637e6648ebb9bfd30620010
[38] DC_CableCheckRes (OK) payloadType=0x8004 bytes=27
    01fe8004000000138030042c76ff867637e6648ebb9bfd30620010
[39] DC_CableCheckRes (OK) payloadType=0x8004 bytes=27
    01fe8004000000138030042c76ff867637e6648ebb9bfd30620010
[40] DC_CableCheckRes (OK) payloadType=0x8004 bytes=27
    01fe8004000000138030042c76ff867637e6648ebb9bfd30620010
[41] DC_CableCheckRes (OK) payloadType=0x8004 bytes=27
    01fe8004000000138030042c76ff867637e6648ebb9bfd30620010
[42] DC_CableCheckRes (OK) payloadType=0x8004 bytes=27
    01fe8004000000138030042c76ff867637e6648ebb9bfd30620010
[43] DC_CableCheckRes (OK) payloadType=0x8004 bytes=27
    01fe8004000000138030042c76ff867637e6648ebb9bfd30620010
[44] DC_CableCheckRes (OK) payloadType=0x8004 bytes=27
    01fe8004000000138030042c76ff867637e6648ebb9bfd30620010
[45] DC_CableCheckRes (OK) payloadType=0x8004 bytes=27
    01fe8004000000138030042c76ff867637e6648ebb9bfd30620010
[46] DC_CableCheckRes (OK) payloadType=0x8004 bytes=27
    01fe8004000000138030042c76ff867637e6648ebb9bfd30620010
[47] DC_CableCheckRes (OK) payloadType=0x8004 bytes=27
    01fe8004000000138030042c76ff867637e6648ecb9bfd30620010
[48] DC_CableCheckRes (OK) payloadType=0x8004 bytes=27
    01fe8004000000138030042c76ff867637e6648ecb9bfd30620010
[49] DC_CableCheckRes (OK) payloadType=0x8004 bytes=27
    01fe8004000000138030042c76ff867637e6648ecb9bfd30620010
[50] DC_CableCheckRes (OK) payloadType=0x8004 bytes=27
    01fe8004000000138030042c76ff867637e6648ecb9bfd30620010
[51] DC_CableCheckRes (OK) payloadType=0x8004 bytes=27
    01fe8004000000138030042c76ff867637e6648ecb9bfd30620010
[52] DC_CableCheckRes (OK) payloadType=0x8004 bytes=27
    01fe8004000000138030042c76ff867637e6648ecb9bfd30620010
[53] DC_CableCheckRes (OK) payloadType=0x8004 bytes=27
    01fe8004000000138030042c76ff867637e6648ecb9bfd30620010
[54] DC_CableCheckRes (OK) payloadType=0x8004 bytes=27
    01fe8004000000138030042c76ff867637e6648ecb9bfd30620010
[55] DC_CableCheckRes (OK) payloadType=0x8004 bytes=27
    01fe8004000000138030042c76ff867637e6648ecb9bfd30620010
[56] DC_CableCheckRes (OK) payloadType=0x8004 bytes=27
    01fe8004000000138030042c76ff867637e6648ecb9bfd30620010
[57] DC_CableCheckRes (OK) payloadType=0x8004 bytes=27
    01fe8004000000138030042c76ff867637e6648ecb9bfd30620010
[58] DC_CableCheckRes (OK) payloadType=0x8004 bytes=27
    01fe8004000000138030042c76ff867637e6648ecb9bfd30620010
[59] DC_CableCheckRes (OK) payloadType=0x8004 bytes=27
    01fe8004000000138030042c76ff867637e6648ecb9bfd30620010
[60] DC_CableCheckRes (OK) payloadType=0x8004 bytes=27
    01fe8004000000138030042c76ff867637e6648ecb9bfd30620010
[61] DC_CableCheckRes (OK) payloadType=0x8004 bytes=27
    01fe8004000000138030042c76ff867637e6648ecb9bfd30620010
[62] DC_CableCheckRes (OK) payloadType=0x8004 bytes=27
    01fe8004000000138030042c76ff867637e6648ecb9bfd30620010
[63] DC_CableCheckRes (OK) payloadType=0x8004 bytes=27
    01fe8004000000138030042c76ff867637e6648ecb9bfd30620010
[64] DC_CableCheckRes (OK) payloadType=0x8004 bytes=27
    01fe8004000000138030042c76ff867637e6648ecb9bfd30620010
[65] DC_CableCheckRes (OK) payloadType=0x8004 bytes=27
    01fe8004000000138030042c76ff867637e6648edb9bfd30620010
[66] DC_CableCheckRes (OK) payloadType=0x8004 bytes=27
    01fe8004000000138030042c76ff867637e6648edb9bfd30620010
[67] DC_CableCheckRes (OK) payloadType=0x8004 bytes=27
    01fe8004000000138030042c76ff867637e6648edb9bfd30620010
[68] DC_CableCheckRes (OK) payloadType=0x8004 bytes=27
    01fe8004000000138030042c76ff867637e6648edb9bfd30620010
[69] DC_CableCheckRes (OK) payloadType=0x8004 bytes=27
    01fe8004000000138030042c76ff867637e6648edb9bfd30620010
[70] DC_CableCheckRes (OK) payloadType=0x8004 bytes=27
    01fe8004000000138030042c76ff867637e6648edb9bfd30620010
[71] DC_CableCheckRes (OK) payloadType=0x8004 bytes=27
    01fe8004000000138030042c76ff867637e6648edb9bfd30620010
[72] DC_CableCheckRes (OK) payloadType=0x8004 bytes=27
    01fe8004000000138030042c76ff867637e6648edb9bfd30620010
[73] DC_CableCheckRes (OK) payloadType=0x8004 bytes=27
    01fe8004000000138030042c76ff867637e6648edb9bfd30620010
[74] DC_CableCheckRes (OK) payloadType=0x8004 bytes=27
    01fe8004000000138030042c76ff867637e6648edb9bfd30620010
[75] DC_CableCheckRes (OK) payloadType=0x8004 bytes=27
    01fe8004000000138030042c76ff867637e6648edb9bfd30620010
[76] DC_CableCheckRes (OK) payloadType=0x8004 bytes=27
    01fe8004000000138030042c76ff867637e6648edb9bfd30620010
[77] DC_CableCheckRes (OK) payloadType=0x8004 bytes=27
    01fe8004000000138030042c76ff867637e6648edb9bfd30620010
[78] DC_CableCheckRes (OK) payloadType=0x8004 bytes=27
    01fe8004000000138030042c76ff867637e6648edb9bfd30620010
[79] DC_CableCheckRes (OK) payloadType=0x8004 bytes=27
    01fe8004000000138030042c76ff867637e6648edb9bfd30620010
[80] DC_CableCheckRes (OK) payloadType=0x8004 bytes=27
    01fe8004000000138030042c76ff867637e6648edb9bfd30620010
[81] DC_CableCheckRes (OK) payloadType=0x8004 bytes=27
    01fe8004000000138030042c76ff867637e6648edb9bfd30620010
[82] DC_CableCheckRes (OK) payloadType=0x8004 bytes=27
    01fe8004000000138030042c76ff867637e6648edb9bfd30620010
[83] DC_CableCheckRes (OK) payloadType=0x8004 bytes=27
    01fe8004000000138030042c76ff867637e6648edb9bfd30620010
[84] DC_CableCheckRes (OK) payloadType=0x8004 bytes=27
    01fe8004000000138030042c76ff867637e6648eeb9bfd30620010
[85] DC_CableCheckRes (OK) payloadType=0x8004 bytes=27
    01fe8004000000138030042c76ff867637e6648eeb9bfd30620010
[86] DC_CableCheckRes (OK) payloadType=0x8004 bytes=27
    01fe8004000000138030042c76ff867637e6648eeb9bfd30620010
[87] DC_CableCheckRes (OK) payloadType=0x8004 bytes=27
    01fe8004000000138030042c76ff867637e6648eeb9bfd30620010
[88] DC_CableCheckRes (OK) payloadType=0x8004 bytes=27
    01fe8004000000138030042c76ff867637e6648eeb9bfd30620010
[89] DC_CableCheckRes (OK) payloadType=0x8004 bytes=27
    01fe8004000000138030042c76ff867637e6648eeb9bfd30620010
[90] DC_CableCheckRes (OK) payloadType=0x8004 bytes=27
    01fe8004000000138030042c76ff867637e6648eeb9bfd30620010
[91] DC_CableCheckRes (OK) payloadType=0x8004 bytes=27
    01fe8004000000138030042c76ff867637e6648eeb9bfd30620010
[92] DC_CableCheckRes (OK) payloadType=0x8004 bytes=27
    01fe8004000000138030042c76ff867637e6648eeb9bfd30620010
[93] DC_CableCheckRes (OK) payloadType=0x8004 bytes=27
    01fe8004000000138030042c76ff867637e6648eeb9bfd30620000
[94] DC_PreChargeRes (OK) payloadType=0x8004 bytes=30
    01fe8004000000168048042c76ff867637e6648eeb9bfd30620010000000
[95] PowerDeliveryRes (OK) payloadType=0x8002 bytes=27
    01fe8002000000138058042c76ff867637e6648eeb9bfd30620040
[96] DC_ChargeLoopRes (OK) payloadType=0x8004 bytes=52
    01fe80040000002c8038042c76ff867637e6648eeb9bfd306200640000020000000070810a01103f8680781fc3403c0fe1508c00
[97] DC_ChargeLoopRes (OK) payloadType=0x8004 bytes=52
    01fe80040000002c8038042c76ff867637e6648eeb9bfd306200640000020000000070810a01103f8680781fc3403c0fe1508c00
[98] DC_ChargeLoopRes (OK) payloadType=0x8004 bytes=52
    01fe80040000002c8038042c76ff867637e6648eeb9bfd306200640000020000000070810a01103f8680781fc3403c0fe1508c00
[99] PowerDeliveryRes (OK) payloadType=0x8002 bytes=27
    01fe8002000000138058042c76ff867637e6648eeb9bfd30620040
[100] DC_WeldingDetectionRes (OK) payloadType=0x8004 bytes=30
    01fe8004000000168050042c76ff867637e6648eeb9bfd30620010000000
[101] SessionStopRes (OK) payloadType=0x8002 bytes=27
    01fe8002000000138098042c76ff867637e6648eeb9bfd30620000
