INFO    2026-08-15 02:08:03,960 - iso15118.evcc.evcc_settings (48): EVCC environment settings:
INFO    2026-08-15 02:08:03,960 - iso15118.evcc.evcc_settings (50): PKI_PATH                      : /venv/lib/python3.10/site-packages/iso15118/shared/pki/
INFO    2026-08-15 02:08:03,960 - iso15118.evcc.evcc_settings (50): MESSAGE_LOG_JSON              : True
INFO    2026-08-15 02:08:03,960 - iso15118.evcc.evcc_settings (50): MESSAGE_LOG_EXI               : False
INFO    2026-08-15 02:08:03,960 - iso15118.evcc.evcc_settings (50): ENABLE_TLS_1_3                : True
INFO    2026-08-15 02:08:03,961 - iso15118.evcc.evcc_settings (52): NETWORK_INTERFACE             : eth0
INFO    2026-08-15 02:08:03,961 - iso15118.evcc.evcc_settings (52): LOG_LEVEL                     : INFO
INFO    2026-08-15 02:08:03,961 - iso15118.evcc.evcc_settings (52): EVCC_CONFIG_PATH              : /tmp/evcc_config_dc_tls.json
INFO    2026-08-15 02:08:03,965 - iso15118.evcc.evcc_config (120): EVCC Settings
INFO    2026-08-15 02:08:03,965 - iso15118.evcc.evcc_config (123): supported_energy_services     : [<ServiceV20.DC: 2>]
INFO    2026-08-15 02:08:03,965 - iso15118.evcc.evcc_config (123): is_cert_install_needed        : False
INFO    2026-08-15 02:08:03,965 - iso15118.evcc.evcc_config (123): use_tls                       : True
INFO    2026-08-15 02:08:03,965 - iso15118.evcc.evcc_config (123): sdp_retry_cycles              : 1
INFO    2026-08-15 02:08:03,965 - iso15118.evcc.evcc_config (123): max_contract_certs            : 3
INFO    2026-08-15 02:08:03,965 - iso15118.evcc.evcc_config (123): enforce_tls                   : False
INFO    2026-08-15 02:08:03,965 - iso15118.evcc.evcc_config (123): supported_protocols           : [<Protocol.ISO_15118_20_DC: (<Namespace.ISO_V20_DC: 'urn:iso:std:iso:15118:-20:DC'>, <enum 'ISOV20PayloadTypes'>)>]
INFO    2026-08-15 02:08:03,965 - iso15118.evcc.evcc_config (123): energy_transfer_mode          : AC_three_phase_core
INFO    2026-08-15 02:08:03,965 - iso15118.evcc.evcc_config (123): max_supporting_points         : 1024
INFO    2026-08-15 02:08:03,965 - iso15118.evcc.evcc_config (123): charge_loop_cycle             : 10
INFO    2026-08-15 02:08:03,965 - iso15118.evcc.evcc_config (123): charge_loop_delay_time        : 0
INFO    2026-08-15 02:08:04,951 - iso15118.shared.exi_codec (177): EXI Codec version: 1.55
INFO    2026-08-15 02:08:04,951 - iso15118.evcc (30): Starting 15118 version: 0.31.2
INFO    2026-08-15 02:08:04,951 - iso15118.evcc.comm_session_handler (313): Communication session handler started
INFO    2026-08-15 02:08:04,952 - iso15118.evcc.comm_session_handler (398): Remaining SDP requests: 50
INFO    2026-08-15 02:08:05,052 - iso15118.evcc.comm_session_handler (335): Sending SDPRequest: [Security: TLS, Protocol: TCP]
INFO    2026-08-15 02:08:05,057 - iso15118.evcc.transport.udp_client (105): Received datagram from UDP server at address ('fe80::215:5dff:fedf:2f0c', 15118, 0, 2)
INFO    2026-08-15 02:08:05,057 - iso15118.evcc.comm_session_handler (485): SDPResponse received: [ IP address: fe80::215:5dff:fedf:2f0c, Port: 55000 , Security: TLS , Transport: TCP ]
INFO    2026-08-15 02:08:05,057 - iso15118.evcc.comm_session_handler (416): Starting TLS client, trying to connect to fe80::215:5dff:fedf:2f0c at port 55000 ...
INFO    2026-08-15 02:08:05,135 - iso15118.evcc.comm_session_handler (423): TCP client connected
INFO    2026-08-15 02:08:05,139 - iso15118.shared.comm_session (344): Starting a new communication session
INFO    2026-08-15 02:08:05,139 - iso15118.shared.states (139): Entered state SupportedAppProtocol
INFO    2026-08-15 02:08:05,139 - iso15118.shared.exi_codec (248): Message to encode (ns=urn:iso:15118:2:2010:AppProtocol): {"supportedAppProtocolReq": {"AppProtocol": [{"ProtocolNamespace": "urn:iso:std:iso:15118:-20:DC", "VersionNumberMajor": 1, "VersionNumberMinor": 0, "SchemaID": 1, "Priority": 1}]}}
INFO    2026-08-15 02:08:05,180 - iso15118.shared.comm_session (431): Sent supportedAppProtocolReq
INFO    2026-08-15 02:08:05,245 - iso15118.shared.exi_codec (302): Decoded message (ns=urn:iso:15118:2:2010:AppProtocol): {"supportedAppProtocolRes":{"ResponseCode":"OK_SuccessfulNegotiation","SchemaID":1}}
INFO    2026-08-15 02:08:05,245 - iso15118.shared.comm_session (235): supportedAppProtocolRes received
INFO    2026-08-15 02:08:05,245 - iso15118.evcc.states.sap_states (159): Chosen protocol: ISO_15118_20_DC
INFO    2026-08-15 02:08:05,245 - iso15118.shared.exi_codec (248): Message to encode (ns=urn:iso:std:iso:15118:-20:CommonMessages): {"SessionSetupReq": {"Header": {"SessionID": "0000000000000000", "TimeStamp": 1786759685}, "EVCCID": "WMIV1234567890ABCDEX"}}
INFO    2026-08-15 02:08:05,388 - iso15118.shared.comm_session (431): Sent SessionSetupReq
INFO    2026-08-15 02:08:05,388 - iso15118.shared.states (139): Entered state SessionSetup
INFO    2026-08-15 02:08:05,458 - iso15118.shared.exi_codec (302): Decoded message (ns=urn:iso:std:iso:15118:-20:CommonMessages): {"SessionSetupRes":{"Header":{"SessionID":"70A1CD67133C9450","TimeStamp":1786759685},"ResponseCode":"OK_NewSessionEstablished","EVSEID":"DE*ABC*E1"}}
INFO    2026-08-15 02:08:05,458 - iso15118.shared.comm_session (235): SessionSetupRes received
INFO    2026-08-15 02:08:05,459 - iso15118.shared.exi_codec (248): Message to encode (ns=urn:iso:std:iso:15118:-20:CommonMessages): {"AuthorizationSetupReq": {"Header": {"SessionID": "70A1CD67133C9450", "TimeStamp": 1786759685}}}
INFO    2026-08-15 02:08:05,505 - iso15118.shared.comm_session (431): Sent AuthorizationSetupReq
INFO    2026-08-15 02:08:05,505 - iso15118.shared.states (139): Entered state AuthorizationSetup
INFO    2026-08-15 02:08:05,553 - iso15118.shared.exi_codec (302): Decoded message (ns=urn:iso:std:iso:15118:-20:CommonMessages): {"AuthorizationSetupRes":{"Header":{"SessionID":"70A1CD67133C9450","TimeStamp":1786759685},"ResponseCode":"OK","AuthorizationServices":["PnC","EIM"],"CertificateInstallationService":true,"PnC_ASResAuthorizationMode":{"GenChallenge":"H0FTvh9sTiT7iYi089sjag=="}}}
INFO    2026-08-15 02:08:05,553 - iso15118.shared.comm_session (235): AuthorizationSetupRes received
INFO    2026-08-15 02:08:05,554 - iso15118.shared.exi_codec (248): Message to encode (ns=urn:iso:std:iso:15118:-20:CommonMessages): {"PnC_AReqAuthorizationMode": {"Id": "id1", "GenChallenge": "H0FTvh9sTiT7iYi089sjag==", "ContractCertificateChain": {"Certificate": "MIICYjCCAgmgAwIBAgICMEQwCgYIKoZIzj0EAwIwVjEiMCAGA1UEAwwZUEtJLUV4dF9DUlRfTU9fU1VCMl9WQUxJRDEPMA0GA1UECgwGU3dpdGNoMQswCQYDVQQGEwJVSzESMBAGCgmSJomT8ixkARkWAk1PMB4XDTI2MDgxNTAyMDMxNVoXDTI4MDgxNDAyMDMxNVowTDEYMBYGA1UEAwwPVUtTV0kxMjM0NTY3OTFBMQ8wDQYDVQQKDAZTd2l0Y2gxCzAJBgNVBAYTAlVLMRIwEAYKCZImiZPyLGQBGRYCTU8wWTATBgcqhkjOPQIBBggqhkjOPQMBBwNCAARJCI6G904LN7hbUen7z0Dlqd6NDq1ckbDJ5OPgJmRiF8+zRYZNgMKTIbLdcETXw3pfagcmAUD/JoI7M5D7N0mdo4HQMIHNMAwGA1UdEwEB/wQCMAAwDgYDVR0PAQH/BAQDAgPoMB0GA1UdDgQWBBRE+h4t56/3kWOUUtzVNEtNXxQd8DBtBggrBgEFBQcBAQRhMF8wJAYIKwYBBQUHMAGGGGh0dHBzOi8vd3d3LmV4YW1wbGUuY29tLzA3BggrBgEFBQcwAoYraHR0cHM6Ly93d3cuZXhhbXBsZS5jb20vSW50ZXJtZWRpYXRlLUNBLmNlcjAfBgNVHSMEGDAWgBTY+xFw6nlfEMKp+iUVzmOlJVon5jAKBggqhkjOPQQDAgNHADBEAiBMM5M5h8bfsR4xK0miyyXfZWm1cG8LXTYzSZ2ceJu2pgIgWBKuIUJ0fsNx11gNbC6pxA18oLVxx1bESSejiUy/h3k=", "SubCertificates": {"Certificate": ["MIICcjCCAhmgAwIBAgICMEMwCgYIKoZIzj0EAwIwVjEiMCAGA1UEAwwZUEtJLUV4dF9DUlRfTU9fU1VCMV9WQUxJRDEPMA0GA1UECgwGU3dpdGNoMQswCQYDVQQGEwJVSzESMBAGCgmSJomT8ixkARkWAk1PMB4XDTI2MDgxNTAyMDMxNVoXDTMwMDgxNDAyMDMxNVowVjEiMCAGA1UEAwwZUEtJLUV4dF9DUlRfTU9fU1VCMl9WQUxJRDEPMA0GA1UECgwGU3dpdGNoMQswCQYDVQQGEwJVSzESMBAGCgmSJomT8ixkARkWAk1PMFkwEwYHKoZIzj0CAQYIKoZIzj0DAQcDQgAE1zD0xkjQ2PWX1wAmAQmIgzwkZ12e7GCYzk4p9hYhQc17cdVJd/4wZ1UCgJ3S0JxXePy7tRhvOuUgKTT2+2tq5KOB1jCB0zASBgNVHRMBAf8ECDAGAQH/AgEAMA4GA1UdDwEB/wQEAwIBxjAdBgNVHQ4EFgQU2PsRcOp5XxDCqfolFc5jpSVaJ+YwbQYIKwYBBQUHAQEEYTBfMCQGCCsGAQUFBzABhhhodHRwczovL3d3dy5leGFtcGxlLmNvbS8wNwYIKwYBBQUHMAKGK2h0dHBzOi8vd3d3LmV4YW1wbGUuY29tL0ludGVybWVkaWF0ZS1DQS5jZXIwHwYDVR0jBBgwFoAU5kvWX0endwnWuISFWcm46g+KpD0wCgYIKoZIzj0EAwIDRwAwRAIgA/F3adpfLAoYi7QA/rvGsIt1aR/70WjJl30sz+cuMZgCIGZ3zjbWACK4xw72gIhoCx3Ff3XGnMAOD7LFIThL9Q0C", "MIICYjCCAgigAwIBAgICMEIwCgYIKoZIzj0EAwIwRTERMA8GA1UEAwwITU9Sb290Q0ExDzANBgNVBAoMBlN3aXRjaDELMAkGA1UEBhMCVUsxEjAQBgoJkiaJk/IsZAEZFgJNTzAeFw0yNjA4MTUwMjAzMTVaFw0zMDA4MTQwMjAzMTVaMFYxIjAgBgNVBAMMGVBLSS1FeHRfQ1JUX01PX1NVQjFfVkFMSUQxDzANBgNVBAoMBlN3aXRjaDELMAkGA1UEBhMCVUsxEjAQBgoJkiaJk/IsZAEZFgJNTzBZMBMGByqGSM49AgEGCCqGSM49AwEHA0IABAnS7e4CLRBPp8eOGzVPe5c+YvUhmg+B8BQvY3Rq0zSuV0RlCAaK5peF6loyeApig4HkEbwfK4XJ2HncUx2VCmCjgdYwgdMwEgYDVR0TAQH/BAgwBgEB/wIBATAOBgNVHQ8BAf8EBAMCAQYwHQYDVR0OBBYEFOZL1l9Hp3cJ1riEhVnJuOoPiqQ9MG0GCCsGAQUFBwEBBGEwXzAkBggrBgEFBQcwAYYYaHR0cHM6Ly93d3cuZXhhbXBsZS5jb20vMDcGCCsGAQUFBzAChitodHRwczovL3d3dy5leGFtcGxlLmNvbS9JbnRlcm1lZGlhdGUtQ0EuY2VyMB8GA1UdIwQYMBaAFOa6edTdpn46XspbLN+OxVt8htiSMAoGCCqGSM49BAMCA0gAMEUCIBa5CAo7xr/BERcuURVSfxd5+0GAfWYRa+rLxFnYEYhNAiEA8Au9b1UJ5vDcDo61js7CCu+RfK8edY8iVxrsg103YYg="]}}}}
INFO    2026-08-15 02:08:05,608 - iso15118.shared.exi_codec (248): Message to encode (ns=http://www.w3.org/2000/09/xmldsig#): {"SignedInfo": {"CanonicalizationMethod": {"Algorithm": "http://www.w3.org/TR/canonical-exi/"}, "SignatureMethod": {"Algorithm": "http://www.w3.org/2001/04/xmldsig-more#ecdsa-sha256"}, "Reference": [{"Transforms": {"Transform": [{"Algorithm": "http://www.w3.org/TR/canonical-exi/"}]}, "DigestMethod": {"Algorithm": "http://www.w3.org/2001/04/xmlenc#sha256"}, "DigestValue": "FsMZD3bIotij59rMKs/FxiZBN93NPEyXVodFB/tn0iA=", "URI": "#id1"}]}}
INFO    2026-08-15 02:08:05,674 - iso15118.shared.exi_codec (248): Message to encode (ns=urn:iso:std:iso:15118:-20:CommonMessages): {"AuthorizationReq": {"Header": {"SessionID": "70A1CD67133C9450", "TimeStamp": 1786759685, "Signature": {"SignedInfo": {"CanonicalizationMethod": {"Algorithm": "http://www.w3.org/TR/canonical-exi/"}, "SignatureMethod": {"Algorithm": "http://www.w3.org/2001/04/xmldsig-more#ecdsa-sha256"}, "Reference": [{"Transforms": {"Transform": [{"Algorithm": "http://www.w3.org/TR/canonical-exi/"}]}, "DigestMethod": {"Algorithm": "http://www.w3.org/2001/04/xmlenc#sha256"}, "DigestValue": "FsMZD3bIotij59rMKs/FxiZBN93NPEyXVodFB/tn0iA=", "URI": "#id1"}]}, "SignatureValue": {"value": "BCifVrlofFzZsavxN7VKnWbmjxOyTEHEU1G43JHTR2qjDxszjLyhQksGFSbjgRVao/EPNs2EeTq3pfkQ1c3Jow=="}}}, "SelectedAuthorizationService": "PnC", "PnC_AReqAuthorizationMode": {"Id": "id1", "GenChallenge": "H0FTvh9sTiT7iYi089sjag==", "ContractCertificateChain": {"Certificate": "MIICYjCCAgmgAwIBAgICMEQwCgYIKoZIzj0EAwIwVjEiMCAGA1UEAwwZUEtJLUV4dF9DUlRfTU9fU1VCMl9WQUxJRDEPMA0GA1UECgwGU3dpdGNoMQswCQYDVQQGEwJVSzESMBAGCgmSJomT8ixkARkWAk1PMB4XDTI2MDgxNTAyMDMxNVoXDTI4MDgxNDAyMDMxNVowTDEYMBYGA1UEAwwPVUtTV0kxMjM0NTY3OTFBMQ8wDQYDVQQKDAZTd2l0Y2gxCzAJBgNVBAYTAlVLMRIwEAYKCZImiZPyLGQBGRYCTU8wWTATBgcqhkjOPQIBBggqhkjOPQMBBwNCAARJCI6G904LN7hbUen7z0Dlqd6NDq1ckbDJ5OPgJmRiF8+zRYZNgMKTIbLdcETXw3pfagcmAUD/JoI7M5D7N0mdo4HQMIHNMAwGA1UdEwEB/wQCMAAwDgYDVR0PAQH/BAQDAgPoMB0GA1UdDgQWBBRE+h4t56/3kWOUUtzVNEtNXxQd8DBtBggrBgEFBQcBAQRhMF8wJAYIKwYBBQUHMAGGGGh0dHBzOi8vd3d3LmV4YW1wbGUuY29tLzA3BggrBgEFBQcwAoYraHR0cHM6Ly93d3cuZXhhbXBsZS5jb20vSW50ZXJtZWRpYXRlLUNBLmNlcjAfBgNVHSMEGDAWgBTY+xFw6nlfEMKp+iUVzmOlJVon5jAKBggqhkjOPQQDAgNHADBEAiBMM5M5h8bfsR4xK0miyyXfZWm1cG8LXTYzSZ2ceJu2pgIgWBKuIUJ0fsNx11gNbC6pxA18oLVxx1bESSejiUy/h3k=", "SubCertificates": {"Certificate": ["MIICcjCCAhmgAwIBAgICMEMwCgYIKoZIzj0EAwIwVjEiMCAGA1UEAwwZUEtJLUV4dF9DUlRfTU9fU1VCMV9WQUxJRDEPMA0GA1UECgwGU3dpdGNoMQswCQYDVQQGEwJVSzESMBAGCgmSJomT8ixkARkWAk1PMB4XDTI2MDgxNTAyMDMxNVoXDTMwMDgxNDAyMDMxNVowVjEiMCAGA1UEAwwZUEtJLUV4dF9DUlRfTU9fU1VCMl9WQUxJRDEPMA0GA1UECgwGU3dpdGNoMQswCQYDVQQGEwJVSzESMBAGCgmSJomT8ixkARkWAk1PMFkwEwYHKoZIzj0CAQYIKoZIzj0DAQcDQgAE1zD0xkjQ2PWX1wAmAQmIgzwkZ12e7GCYzk4p9hYhQc17cdVJd/4wZ1UCgJ3S0JxXePy7tRhvOuUgKTT2+2tq5KOB1jCB0zASBgNVHRMBAf8ECDAGAQH/AgEAMA4GA1UdDwEB/wQEAwIBxjAdBgNVHQ4EFgQU2PsRcOp5XxDCqfolFc5jpSVaJ+YwbQYIKwYBBQUHAQEEYTBfMCQGCCsGAQUFBzABhhhodHRwczovL3d3dy5leGFtcGxlLmNvbS8wNwYIKwYBBQUHMAKGK2h0dHBzOi8vd3d3LmV4YW1wbGUuY29tL0ludGVybWVkaWF0ZS1DQS5jZXIwHwYDVR0jBBgwFoAU5kvWX0endwnWuISFWcm46g+KpD0wCgYIKoZIzj0EAwIDRwAwRAIgA/F3adpfLAoYi7QA/rvGsIt1aR/70WjJl30sz+cuMZgCIGZ3zjbWACK4xw72gIhoCx3Ff3XGnMAOD7LFIThL9Q0C", "MIICYjCCAgigAwIBAgICMEIwCgYIKoZIzj0EAwIwRTERMA8GA1UEAwwITU9Sb290Q0ExDzANBgNVBAoMBlN3aXRjaDELMAkGA1UEBhMCVUsxEjAQBgoJkiaJk/IsZAEZFgJNTzAeFw0yNjA4MTUwMjAzMTVaFw0zMDA4MTQwMjAzMTVaMFYxIjAgBgNVBAMMGVBLSS1FeHRfQ1JUX01PX1NVQjFfVkFMSUQxDzANBgNVBAoMBlN3aXRjaDELMAkGA1UEBhMCVUsxEjAQBgoJkiaJk/IsZAEZFgJNTzBZMBMGByqGSM49AgEGCCqGSM49AwEHA0IABAnS7e4CLRBPp8eOGzVPe5c+YvUhmg+B8BQvY3Rq0zSuV0RlCAaK5peF6loyeApig4HkEbwfK4XJ2HncUx2VCmCjgdYwgdMwEgYDVR0TAQH/BAgwBgEB/wIBATAOBgNVHQ8BAf8EBAMCAQYwHQYDVR0OBBYEFOZL1l9Hp3cJ1riEhVnJuOoPiqQ9MG0GCCsGAQUFBwEBBGEwXzAkBggrBgEFBQcwAYYYaHR0cHM6Ly93d3cuZXhhbXBsZS5jb20vMDcGCCsGAQUFBzAChitodHRwczovL3d3dy5leGFtcGxlLmNvbS9JbnRlcm1lZGlhdGUtQ0EuY2VyMB8GA1UdIwQYMBaAFOa6edTdpn46XspbLN+OxVt8htiSMAoGCCqGSM49BAMCA0gAMEUCIBa5CAo7xr/BERcuURVSfxd5+0GAfWYRa+rLxFnYEYhNAiEA8Au9b1UJ5vDcDo61js7CCu+RfK8edY8iVxrsg103YYg="]}}}}}
INFO    2026-08-15 02:08:05,739 - iso15118.shared.comm_session (431): Sent AuthorizationReq
INFO    2026-08-15 02:08:05,739 - iso15118.shared.states (139): Entered state Authorization
INFO    2026-08-15 02:08:05,800 - iso15118.shared.exi_codec (302): Decoded message (ns=urn:iso:std:iso:15118:-20:CommonMessages): {"AuthorizationRes":{"Header":{"SessionID":"70A1CD67133C9450","TimeStamp":1786759685},"ResponseCode":"OK","EVSEProcessing":"Finished"}}
INFO    2026-08-15 02:08:05,800 - iso15118.shared.comm_session (235): AuthorizationRes received
INFO    2026-08-15 02:08:05,801 - iso15118.shared.exi_codec (248): Message to encode (ns=urn:iso:std:iso:15118:-20:CommonMessages): {"ServiceDiscoveryReq": {"Header": {"SessionID": "70A1CD67133C9450", "TimeStamp": 1786759685}}}
INFO    2026-08-15 02:08:05,843 - iso15118.shared.comm_session (431): Sent ServiceDiscoveryReq
INFO    2026-08-15 02:08:05,844 - iso15118.shared.states (139): Entered state ServiceDiscovery
INFO    2026-08-15 02:08:05,891 - iso15118.shared.exi_codec (302): Decoded message (ns=urn:iso:std:iso:15118:-20:CommonMessages): {"ServiceDiscoveryRes":{"Header":{"SessionID":"70A1CD67133C9450","TimeStamp":1786759685},"ResponseCode":"OK","ServiceRenegotiationSupported":true,"EnergyTransferServiceList":{"Service":[{"ServiceID":2,"FreeService":true},{"ServiceID":6,"FreeService":true}]}}}
INFO    2026-08-15 02:08:05,891 - iso15118.shared.comm_session (235): ServiceDiscoveryRes received
INFO    2026-08-15 02:08:05,892 - iso15118.shared.exi_codec (248): Message to encode (ns=urn:iso:std:iso:15118:-20:CommonMessages): {"ServiceDetailReq": {"Header": {"SessionID": "70A1CD67133C9450", "TimeStamp": 1786759685}, "ServiceID": 2}}
INFO    2026-08-15 02:08:05,923 - iso15118.shared.comm_session (431): Sent ServiceDetailReq
INFO    2026-08-15 02:08:05,923 - iso15118.shared.states (139): Entered state ServiceDetail
INFO    2026-08-15 02:08:05,969 - iso15118.shared.exi_codec (302): Decoded message (ns=urn:iso:std:iso:15118:-20:CommonMessages): {"ServiceDetailRes":{"Header":{"SessionID":"70A1CD67133C9450","TimeStamp":1786759685},"ResponseCode":"OK","ServiceID":2,"ServiceParameterList":{"ParameterSet":[{"ParameterSetID":1,"Parameter":[{"Name":"Connector","intValue":1},{"Name":"ControlMode","intValue":1},{"Name":"MobilityNeedsMode","intValue":1},{"Name":"Pricing","intValue":0}]},{"ParameterSetID":2,"Parameter":[{"Name":"Connector","intValue":1},{"Name":"ControlMode","intValue":2},{"Name":"MobilityNeedsMode","intValue":1},{"Name":"Pricing","intValue":0}]}]}}}
INFO    2026-08-15 02:08:05,970 - iso15118.shared.comm_session (235): ServiceDetailRes received
INFO    2026-08-15 02:08:05,970 - iso15118.evcc.states.iso15118_20_states (664): Selected Control Mode: 1
INFO    2026-08-15 02:08:05,970 - iso15118.shared.exi_codec (248): Message to encode (ns=urn:iso:std:iso:15118:-20:CommonMessages): {"ServiceSelectionReq": {"Header": {"SessionID": "70A1CD67133C9450", "TimeStamp": 1786759685}, "SelectedEnergyTransferService": {"ServiceID": 2, "ParameterSetID": 1}}}
INFO    2026-08-15 02:08:06,005 - iso15118.shared.comm_session (431): Sent ServiceSelectionReq
INFO    2026-08-15 02:08:06,005 - iso15118.shared.states (139): Entered state ServiceSelection
INFO    2026-08-15 02:08:06,037 - iso15118.shared.exi_codec (302): Decoded message (ns=urn:iso:std:iso:15118:-20:CommonMessages): {"ServiceSelectionRes":{"Header":{"SessionID":"70A1CD67133C9450","TimeStamp":1786759686},"ResponseCode":"OK"}}
INFO    2026-08-15 02:08:06,037 - iso15118.shared.comm_session (235): ServiceSelectionRes received
INFO    2026-08-15 02:08:06,038 - iso15118.shared.exi_codec (248): Message to encode (ns=urn:iso:std:iso:15118:-20:DC): {"DC_ChargeParameterDiscoveryReq": {"Header": {"SessionID": "70A1CD67133C9450", "TimeStamp": 1786759686}, "DC_CPDReqEnergyTransferMode": {"EVMaximumChargePower": {"Exponent": 3, "Value": 300}, "EVMinimumChargePower": {"Exponent": 0, "Value": 100}, "EVMaximumChargeCurrent": {"Exponent": 0, "Value": 300}, "EVMinimumChargeCurrent": {"Exponent": 0, "Value": 10}, "EVMaximumVoltage": {"Exponent": 0, "Value": 1000}, "EVMinimumVoltage": {"Exponent": 0, "Value": 10}}}}
INFO    2026-08-15 02:08:06,083 - iso15118.shared.comm_session (431): Sent DC_ChargeParameterDiscoveryReq
INFO    2026-08-15 02:08:06,083 - iso15118.shared.states (139): Entered state DCChargeParameterDiscovery
INFO    2026-08-15 02:08:06,110 - iso15118.shared.exi_codec (302): Decoded message (ns=urn:iso:std:iso:15118:-20:DC): {"DC_ChargeParameterDiscoveryRes":{"Header":{"SessionID":"70A1CD67133C9450","TimeStamp":1786759686},"ResponseCode":"OK","DC_CPDResEnergyTransferMode":{"EVSEMaximumChargePower":{"Exponent":1,"Value":5000},"EVSEMinimumChargePower":{"Exponent":0,"Value":0},"EVSEMaximumChargeCurrent":{"Exponent":0,"Value":200},"EVSEMinimumChargeCurrent":{"Exponent":0,"Value":0},"EVSEMaximumVoltage":{"Exponent":0,"Value":500},"EVSEMinimumVoltage":{"Exponent":0,"Value":50}}}}
INFO    2026-08-15 02:08:06,110 - iso15118.shared.comm_session (235): DC_ChargeParameterDiscoveryRes received
INFO    2026-08-15 02:08:06,111 - iso15118.shared.exi_codec (248): Message to encode (ns=urn:iso:std:iso:15118:-20:CommonMessages): {"ScheduleExchangeReq": {"Header": {"SessionID": "70A1CD67133C9450", "TimeStamp": 1786759686}, "MaximumSupportingPoints": 1024, "Scheduled_SEReqControlMode": {"DepartureTime": 7200, "EVTargetEnergyRequest": {"Exponent": 3, "Value": 10}, "EVMaximumEnergyRequest": {"Exponent": 3, "Value": 20}, "EVMinimumEnergyRequest": {"Exponent": -2, "Value": 5}, "EVEnergyOffer": {"EVPowerSchedule": {"TimeAnchor": 0, "EVPowerScheduleEntries": {"EVPowerScheduleEntry": [{"Duration": 3600, "Power": {"Exponent": 3, "Value": -10}}]}}, "EVAbsolutePriceSchedule": {"TimeAnchor": 0, "Currency": "EUR", "PriceAlgorithm": "urn:iso:std:iso:15118:-20:PriceAlgorithm:1-Power", "EVPriceRuleStacks": {"EVPriceRuleStack": [{"Duration": 0, "EVPriceRule": [{"EnergyFee": {"Exponent": 0, "Value": 0}, "PowerRangeStart": {"Exponent": 0, "Value": 0}}]}]}}}}}}
INFO    2026-08-15 02:08:06,147 - iso15118.shared.comm_session (431): Sent ScheduleExchangeReq
INFO    2026-08-15 02:08:06,148 - iso15118.shared.states (139): Entered state ScheduleExchange
INFO    2026-08-15 02:08:06,200 - iso15118.shared.exi_codec (302): Decoded message (ns=urn:iso:std:iso:15118:-20:CommonMessages): {"ScheduleExchangeRes":{"Header":{"SessionID":"70A1CD67133C9450","TimeStamp":1786759686},"ResponseCode":"OK","EVSEProcessing":"Finished","GoToPause":false,"Scheduled_SEResControlMode":{"ScheduleTuple":[{"ScheduleTupleID":1,"ChargingSchedule":{"PowerSchedule":{"TimeAnchor":0,"PowerScheduleEntries":{"PowerScheduleEntry":[{"Duration":3600,"Power":{"Exponent":0,"Value":100}}]}},"PriceLevelSchedule":{"TimeAnchor":0,"PriceScheduleID":1,"NumberOfPriceLevels":1,"PriceLevelScheduleEntries":{"PriceLevelScheduleEntry":[{"Duration":3600,"PriceLevel":0}]}}}}]}}}
INFO    2026-08-15 02:08:06,201 - iso15118.shared.comm_session (235): ScheduleExchangeRes received
INFO    2026-08-15 02:08:06,201 - iso15118.shared.exi_codec (248): Message to encode (ns=urn:iso:std:iso:15118:-20:DC): {"DC_CableCheckReq": {"Header": {"SessionID": "70A1CD67133C9450", "TimeStamp": 1786759686}}}
INFO    2026-08-15 02:08:06,218 - iso15118.shared.comm_session (431): Sent DC_CableCheckReq
INFO    2026-08-15 02:08:06,219 - iso15118.shared.states (139): Entered state DCCableCheck
INFO    2026-08-15 02:08:06,238 - iso15118.shared.exi_codec (302): Decoded message (ns=urn:iso:std:iso:15118:-20:DC): {"DC_CableCheckRes":{"Header":{"SessionID":"70A1CD67133C9450","TimeStamp":1786759686},"ResponseCode":"OK","EVSEProcessing":"Finished"}}
INFO    2026-08-15 02:08:06,238 - iso15118.shared.comm_session (235): DC_CableCheckRes received
INFO    2026-08-15 02:08:06,239 - iso15118.shared.exi_codec (248): Message to encode (ns=urn:iso:std:iso:15118:-20:DC): {"DC_PreChargeReq": {"Header": {"SessionID": "70A1CD67133C9450", "TimeStamp": 1786759686}, "EVProcessing": "Ongoing", "EVPresentVoltage": {"Exponent": 3, "Value": 20}, "EVTargetVoltage": {"Exponent": 3, "Value": 20}}}
INFO    2026-08-15 02:08:06,257 - iso15118.shared.comm_session (431): Sent DC_PreChargeReq
INFO    2026-08-15 02:08:06,257 - iso15118.shared.states (139): Entered state DCPreCharge
INFO    2026-08-15 02:08:06,281 - iso15118.shared.exi_codec (302): Decoded message (ns=urn:iso:std:iso:15118:-20:DC): {"DC_PreChargeRes":{"Header":{"SessionID":"70A1CD67133C9450","TimeStamp":1786759686},"ResponseCode":"OK","EVSEPresentVoltage":{"Exponent":0,"Value":390}}}
INFO    2026-08-15 02:08:06,282 - iso15118.shared.comm_session (235): DC_PreChargeRes received
INFO    2026-08-15 02:08:06,282 - iso15118.shared.exi_codec (248): Message to encode (ns=urn:iso:std:iso:15118:-20:DC): {"DC_PreChargeReq": {"Header": {"SessionID": "70A1CD67133C9450", "TimeStamp": 1786759686}, "EVProcessing": "Ongoing", "EVPresentVoltage": {"Exponent": 3, "Value": 20}, "EVTargetVoltage": {"Exponent": 3, "Value": 20}}}
INFO    2026-08-15 02:08:06,306 - iso15118.shared.comm_session (431): Sent DC_PreChargeReq
INFO    2026-08-15 02:08:06,326 - iso15118.shared.exi_codec (302): Decoded message (ns=urn:iso:std:iso:15118:-20:DC): {"DC_PreChargeRes":{"Header":{"SessionID":"70A1CD67133C9450","TimeStamp":1786759686},"ResponseCode":"OK","EVSEPresentVoltage":{"Exponent":0,"Value":390}}}
INFO    2026-08-15 02:08:06,326 - iso15118.shared.comm_session (235): DC_PreChargeRes received
INFO    2026-08-15 02:08:06,327 - iso15118.shared.exi_codec (248): Message to encode (ns=urn:iso:std:iso:15118:-20:DC): {"DC_PreChargeReq": {"Header": {"SessionID": "70A1CD67133C9450", "TimeStamp": 1786759686}, "EVProcessing": "Ongoing", "EVPresentVoltage": {"Exponent": 3, "Value": 20}, "EVTargetVoltage": {"Exponent": 3, "Value": 20}}}
INFO    2026-08-15 02:08:06,351 - iso15118.shared.comm_session (431): Sent DC_PreChargeReq
INFO    2026-08-15 02:08:06,375 - iso15118.shared.exi_codec (302): Decoded message (ns=urn:iso:std:iso:15118:-20:DC): {"DC_PreChargeRes":{"Header":{"SessionID":"70A1CD67133C9450","TimeStamp":1786759686},"ResponseCode":"OK","EVSEPresentVoltage":{"Exponent":0,"Value":390}}}
INFO    2026-08-15 02:08:06,375 - iso15118.shared.comm_session (235): DC_PreChargeRes received
INFO    2026-08-15 02:08:06,375 - iso15118.evcc.controller.simulator (574): Precharge complete.
INFO    2026-08-15 02:08:06,376 - iso15118.shared.exi_codec (248): Message to encode (ns=urn:iso:std:iso:15118:-20:DC): {"DC_PreChargeReq": {"Header": {"SessionID": "70A1CD67133C9450", "TimeStamp": 1786759686}, "EVProcessing": "Finished", "EVPresentVoltage": {"Exponent": 3, "Value": 20}, "EVTargetVoltage": {"Exponent": 3, "Value": 20}}}
INFO    2026-08-15 02:08:06,401 - iso15118.shared.comm_session (431): Sent DC_PreChargeReq
INFO    2026-08-15 02:08:06,424 - iso15118.shared.exi_codec (302): Decoded message (ns=urn:iso:std:iso:15118:-20:DC): {"DC_PreChargeRes":{"Header":{"SessionID":"70A1CD67133C9450","TimeStamp":1786759686},"ResponseCode":"OK","EVSEPresentVoltage":{"Exponent":0,"Value":390}}}
INFO    2026-08-15 02:08:06,424 - iso15118.shared.comm_session (235): DC_PreChargeRes received
INFO    2026-08-15 02:08:06,424 - iso15118.evcc.controller.simulator (574): Precharge complete.
INFO    2026-08-15 02:08:06,425 - iso15118.shared.exi_codec (248): Message to encode (ns=urn:iso:std:iso:15118:-20:CommonMessages): {"PowerDeliveryReq": {"Header": {"SessionID": "70A1CD67133C9450", "TimeStamp": 1786759686}, "EVProcessing": "Ongoing", "ChargeProgress": "Start"}}
INFO    2026-08-15 02:08:06,458 - iso15118.shared.comm_session (431): Sent PowerDeliveryReq
INFO    2026-08-15 02:08:06,458 - iso15118.shared.states (139): Entered state PowerDelivery
INFO    2026-08-15 02:08:06,494 - iso15118.shared.exi_codec (302): Decoded message (ns=urn:iso:std:iso:15118:-20:CommonMessages): {"PowerDeliveryRes":{"Header":{"SessionID":"70A1CD67133C9450","TimeStamp":1786759686},"ResponseCode":"OK"}}
INFO    2026-08-15 02:08:06,495 - iso15118.shared.comm_session (235): PowerDeliveryRes received
INFO    2026-08-15 02:08:06,495 - iso15118.shared.exi_codec (248): Message to encode (ns=urn:iso:std:iso:15118:-20:CommonMessages): {"PowerDeliveryReq": {"Header": {"SessionID": "70A1CD67133C9450", "TimeStamp": 1786759686}, "EVProcessing": "Finished", "ChargeProgress": "Start", "EVPowerProfile": {"TimeAnchor": 0, "EVPowerProfileEntries": {"EVPowerProfileEntry": [{"Duration": 3600, "Power": {"Exponent": 0, "Value": 100}}]}, "Scheduled_EVPPTControlMode": {"SelectedScheduleTupleID": 1, "PowerToleranceAcceptance": "PowerToleranceConfirmed"}}}}
INFO    2026-08-15 02:08:06,531 - iso15118.shared.comm_session (431): Sent PowerDeliveryReq
INFO    2026-08-15 02:08:06,532 - iso15118.shared.states (139): Entered state PowerDelivery
INFO    2026-08-15 02:08:06,567 - iso15118.shared.exi_codec (302): Decoded message (ns=urn:iso:std:iso:15118:-20:CommonMessages): {"PowerDeliveryRes":{"Header":{"SessionID":"70A1CD67133C9450","TimeStamp":1786759686},"ResponseCode":"OK"}}
INFO    2026-08-15 02:08:06,567 - iso15118.shared.comm_session (235): PowerDeliveryRes received
INFO    2026-08-15 02:08:06,568 - iso15118.shared.exi_codec (248): Message to encode (ns=urn:iso:std:iso:15118:-20:DC): {"DC_ChargeLoopReq": {"Header": {"SessionID": "70A1CD67133C9450", "TimeStamp": 1786759686}, "DisplayParameters": {"PresentSOC": 10, "ChargingComplete": false}, "MeterInfoRequested": false, "EVPresentVoltage": {"Exponent": 3, "Value": 20}, "Scheduled_DC_CLReqControlMode": {"EVTargetCurrent": {"Exponent": 1, "Value": 20}, "EVTargetVoltage": {"Exponent": 1, "Value": 20}}}}
INFO    2026-08-15 02:08:06,590 - iso15118.shared.comm_session (431): Sent DC_ChargeLoopReq
INFO    2026-08-15 02:08:06,590 - iso15118.shared.states (139): Entered state DCChargeLoop
INFO    2026-08-15 02:08:06,627 - iso15118.shared.exi_codec (302): Decoded message (ns=urn:iso:std:iso:15118:-20:DC): {"DC_ChargeLoopRes":{"Header":{"SessionID":"70A1CD67133C9450","TimeStamp":1786759686},"ResponseCode":"OK","EVSEPresentCurrent":{"Exponent":0,"Value":200},"EVSEPresentVoltage":{"Exponent":0,"Value":400},"EVSEPowerLimitAchieved":false,"EVSECurrentLimitAchieved":false,"EVSEVoltageLimitAchieved":false,"Scheduled_DC_CLResControlMode":{}}}
INFO    2026-08-15 02:08:06,628 - iso15118.shared.comm_session (235): DC_ChargeLoopRes received
INFO    2026-08-15 02:08:06,628 - iso15118.evcc.states.iso15118_20_states (1677): Next ChargeLoop Req in 0 seconds
INFO    2026-08-15 02:08:06,628 - iso15118.shared.exi_codec (248): Message to encode (ns=urn:iso:std:iso:15118:-20:DC): {"DC_ChargeLoopReq": {"Header": {"SessionID": "70A1CD67133C9450", "TimeStamp": 1786759686}, "DisplayParameters": {"PresentSOC": 20, "ChargingComplete": false}, "MeterInfoRequested": false, "EVPresentVoltage": {"Exponent": 3, "Value": 20}, "Scheduled_DC_CLReqControlMode": {"EVTargetCurrent": {"Exponent": 1, "Value": 20}, "EVTargetVoltage": {"Exponent": 1, "Value": 20}}}}
INFO    2026-08-15 02:08:06,645 - iso15118.shared.comm_session (431): Sent DC_ChargeLoopReq
INFO    2026-08-15 02:08:06,671 - iso15118.shared.exi_codec (302): Decoded message (ns=urn:iso:std:iso:15118:-20:DC): {"DC_ChargeLoopRes":{"Header":{"SessionID":"70A1CD67133C9450","TimeStamp":1786759686},"ResponseCode":"OK","EVSEPresentCurrent":{"Exponent":0,"Value":200},"EVSEPresentVoltage":{"Exponent":0,"Value":400},"EVSEPowerLimitAchieved":false,"EVSECurrentLimitAchieved":false,"EVSEVoltageLimitAchieved":false,"Scheduled_DC_CLResControlMode":{}}}
INFO    2026-08-15 02:08:06,672 - iso15118.shared.comm_session (235): DC_ChargeLoopRes received
INFO    2026-08-15 02:08:06,672 - iso15118.evcc.states.iso15118_20_states (1677): Next ChargeLoop Req in 0 seconds
INFO    2026-08-15 02:08:06,672 - iso15118.shared.exi_codec (248): Message to encode (ns=urn:iso:std:iso:15118:-20:DC): {"DC_ChargeLoopReq": {"Header": {"SessionID": "70A1CD67133C9450", "TimeStamp": 1786759686}, "DisplayParameters": {"PresentSOC": 30, "ChargingComplete": false}, "MeterInfoRequested": false, "EVPresentVoltage": {"Exponent": 3, "Value": 20}, "Scheduled_DC_CLReqControlMode": {"EVTargetCurrent": {"Exponent": 1, "Value": 20}, "EVTargetVoltage": {"Exponent": 1, "Value": 20}}}}
INFO    2026-08-15 02:08:06,702 - iso15118.shared.comm_session (431): Sent DC_ChargeLoopReq
INFO    2026-08-15 02:08:06,730 - iso15118.shared.exi_codec (302): Decoded message (ns=urn:iso:std:iso:15118:-20:DC): {"DC_ChargeLoopRes":{"Header":{"SessionID":"70A1CD67133C9450","TimeStamp":1786759686},"ResponseCode":"OK","EVSEPresentCurrent":{"Exponent":0,"Value":200},"EVSEPresentVoltage":{"Exponent":0,"Value":400},"EVSEPowerLimitAchieved":false,"EVSECurrentLimitAchieved":false,"EVSEVoltageLimitAchieved":false,"Scheduled_DC_CLResControlMode":{}}}
INFO    2026-08-15 02:08:06,730 - iso15118.shared.comm_session (235): DC_ChargeLoopRes received
INFO    2026-08-15 02:08:06,730 - iso15118.evcc.states.iso15118_20_states (1677): Next ChargeLoop Req in 0 seconds
INFO    2026-08-15 02:08:06,731 - iso15118.shared.exi_codec (248): Message to encode (ns=urn:iso:std:iso:15118:-20:DC): {"DC_ChargeLoopReq": {"Header": {"SessionID": "70A1CD67133C9450", "TimeStamp": 1786759686}, "DisplayParameters": {"PresentSOC": 40, "ChargingComplete": false}, "MeterInfoRequested": false, "EVPresentVoltage": {"Exponent": 3, "Value": 20}, "Scheduled_DC_CLReqControlMode": {"EVTargetCurrent": {"Exponent": 1, "Value": 20}, "EVTargetVoltage": {"Exponent": 1, "Value": 20}}}}
INFO    2026-08-15 02:08:06,751 - iso15118.shared.comm_session (431): Sent DC_ChargeLoopReq
INFO    2026-08-15 02:08:06,777 - iso15118.shared.exi_codec (302): Decoded message (ns=urn:iso:std:iso:15118:-20:DC): {"DC_ChargeLoopRes":{"Header":{"SessionID":"70A1CD67133C9450","TimeStamp":1786759686},"ResponseCode":"OK","EVSEPresentCurrent":{"Exponent":0,"Value":200},"EVSEPresentVoltage":{"Exponent":0,"Value":400},"EVSEPowerLimitAchieved":false,"EVSECurrentLimitAchieved":false,"EVSEVoltageLimitAchieved":false,"Scheduled_DC_CLResControlMode":{}}}
INFO    2026-08-15 02:08:06,777 - iso15118.shared.comm_session (235): DC_ChargeLoopRes received
INFO    2026-08-15 02:08:06,777 - iso15118.evcc.states.iso15118_20_states (1677): Next ChargeLoop Req in 0 seconds
INFO    2026-08-15 02:08:06,778 - iso15118.shared.exi_codec (248): Message to encode (ns=urn:iso:std:iso:15118:-20:DC): {"DC_ChargeLoopReq": {"Header": {"SessionID": "70A1CD67133C9450", "TimeStamp": 1786759686}, "DisplayParameters": {"PresentSOC": 50, "ChargingComplete": false}, "MeterInfoRequested": false, "EVPresentVoltage": {"Exponent": 3, "Value": 20}, "Scheduled_DC_CLReqControlMode": {"EVTargetCurrent": {"Exponent": 1, "Value": 20}, "EVTargetVoltage": {"Exponent": 1, "Value": 20}}}}
INFO    2026-08-15 02:08:06,806 - iso15118.shared.comm_session (431): Sent DC_ChargeLoopReq
INFO    2026-08-15 02:08:06,825 - iso15118.shared.exi_codec (302): Decoded message (ns=urn:iso:std:iso:15118:-20:DC): {"DC_ChargeLoopRes":{"Header":{"SessionID":"70A1CD67133C9450","TimeStamp":1786759686},"ResponseCode":"OK","EVSEPresentCurrent":{"Exponent":0,"Value":200},"EVSEPresentVoltage":{"Exponent":0,"Value":400},"EVSEPowerLimitAchieved":false,"EVSECurrentLimitAchieved":false,"EVSEVoltageLimitAchieved":false,"Scheduled_DC_CLResControlMode":{}}}
INFO    2026-08-15 02:08:06,825 - iso15118.shared.comm_session (235): DC_ChargeLoopRes received
INFO    2026-08-15 02:08:06,826 - iso15118.evcc.states.iso15118_20_states (1677): Next ChargeLoop Req in 0 seconds
INFO    2026-08-15 02:08:06,826 - iso15118.shared.exi_codec (248): Message to encode (ns=urn:iso:std:iso:15118:-20:DC): {"DC_ChargeLoopReq": {"Header": {"SessionID": "70A1CD67133C9450", "TimeStamp": 1786759686}, "DisplayParameters": {"PresentSOC": 60, "ChargingComplete": false}, "MeterInfoRequested": false, "EVPresentVoltage": {"Exponent": 3, "Value": 20}, "Scheduled_DC_CLReqControlMode": {"EVTargetCurrent": {"Exponent": 1, "Value": 20}, "EVTargetVoltage": {"Exponent": 1, "Value": 20}}}}
INFO    2026-08-15 02:08:06,843 - iso15118.shared.comm_session (431): Sent DC_ChargeLoopReq
INFO    2026-08-15 02:08:06,864 - iso15118.shared.exi_codec (302): Decoded message (ns=urn:iso:std:iso:15118:-20:DC): {"DC_ChargeLoopRes":{"Header":{"SessionID":"70A1CD67133C9450","TimeStamp":1786759686},"ResponseCode":"OK","EVSEPresentCurrent":{"Exponent":0,"Value":200},"EVSEPresentVoltage":{"Exponent":0,"Value":400},"EVSEPowerLimitAchieved":false,"EVSECurrentLimitAchieved":false,"EVSEVoltageLimitAchieved":false,"Scheduled_DC_CLResControlMode":{}}}
INFO    2026-08-15 02:08:06,865 - iso15118.shared.comm_session (235): DC_ChargeLoopRes received
INFO    2026-08-15 02:08:06,865 - iso15118.evcc.states.iso15118_20_states (1677): Next ChargeLoop Req in 0 seconds
INFO    2026-08-15 02:08:06,865 - iso15118.shared.exi_codec (248): Message to encode (ns=urn:iso:std:iso:15118:-20:DC): {"DC_ChargeLoopReq": {"Header": {"SessionID": "70A1CD67133C9450", "TimeStamp": 1786759686}, "DisplayParameters": {"PresentSOC": 70, "ChargingComplete": false}, "MeterInfoRequested": false, "EVPresentVoltage": {"Exponent": 3, "Value": 20}, "Scheduled_DC_CLReqControlMode": {"EVTargetCurrent": {"Exponent": 1, "Value": 20}, "EVTargetVoltage": {"Exponent": 1, "Value": 20}}}}
INFO    2026-08-15 02:08:06,881 - iso15118.shared.comm_session (431): Sent DC_ChargeLoopReq
INFO    2026-08-15 02:08:06,901 - iso15118.shared.exi_codec (302): Decoded message (ns=urn:iso:std:iso:15118:-20:DC): {"DC_ChargeLoopRes":{"Header":{"SessionID":"70A1CD67133C9450","TimeStamp":1786759686},"ResponseCode":"OK","EVSEPresentCurrent":{"Exponent":0,"Value":200},"EVSEPresentVoltage":{"Exponent":0,"Value":400},"EVSEPowerLimitAchieved":false,"EVSECurrentLimitAchieved":false,"EVSEVoltageLimitAchieved":false,"Scheduled_DC_CLResControlMode":{}}}
INFO    2026-08-15 02:08:06,901 - iso15118.shared.comm_session (235): DC_ChargeLoopRes received
INFO    2026-08-15 02:08:06,901 - iso15118.evcc.states.iso15118_20_states (1677): Next ChargeLoop Req in 0 seconds
INFO    2026-08-15 02:08:06,901 - iso15118.shared.exi_codec (248): Message to encode (ns=urn:iso:std:iso:15118:-20:DC): {"DC_ChargeLoopReq": {"Header": {"SessionID": "70A1CD67133C9450", "TimeStamp": 1786759686}, "DisplayParameters": {"PresentSOC": 80, "ChargingComplete": false}, "MeterInfoRequested": false, "EVPresentVoltage": {"Exponent": 3, "Value": 20}, "Scheduled_DC_CLReqControlMode": {"EVTargetCurrent": {"Exponent": 1, "Value": 20}, "EVTargetVoltage": {"Exponent": 1, "Value": 20}}}}
INFO    2026-08-15 02:08:06,918 - iso15118.shared.comm_session (431): Sent DC_ChargeLoopReq
INFO    2026-08-15 02:08:06,936 - iso15118.shared.exi_codec (302): Decoded message (ns=urn:iso:std:iso:15118:-20:DC): {"DC_ChargeLoopRes":{"Header":{"SessionID":"70A1CD67133C9450","TimeStamp":1786759686},"ResponseCode":"OK","EVSEPresentCurrent":{"Exponent":0,"Value":200},"EVSEPresentVoltage":{"Exponent":0,"Value":400},"EVSEPowerLimitAchieved":false,"EVSECurrentLimitAchieved":false,"EVSEVoltageLimitAchieved":false,"Scheduled_DC_CLResControlMode":{}}}
INFO    2026-08-15 02:08:06,937 - iso15118.shared.comm_session (235): DC_ChargeLoopRes received
INFO    2026-08-15 02:08:06,937 - iso15118.evcc.states.iso15118_20_states (1677): Next ChargeLoop Req in 0 seconds
INFO    2026-08-15 02:08:06,937 - iso15118.shared.exi_codec (248): Message to encode (ns=urn:iso:std:iso:15118:-20:DC): {"DC_ChargeLoopReq": {"Header": {"SessionID": "70A1CD67133C9450", "TimeStamp": 1786759686}, "DisplayParameters": {"PresentSOC": 90, "ChargingComplete": false}, "MeterInfoRequested": false, "EVPresentVoltage": {"Exponent": 3, "Value": 20}, "Scheduled_DC_CLReqControlMode": {"EVTargetCurrent": {"Exponent": 1, "Value": 20}, "EVTargetVoltage": {"Exponent": 1, "Value": 20}}}}
INFO    2026-08-15 02:08:06,956 - iso15118.shared.comm_session (431): Sent DC_ChargeLoopReq
INFO    2026-08-15 02:08:06,979 - iso15118.shared.exi_codec (302): Decoded message (ns=urn:iso:std:iso:15118:-20:DC): {"DC_ChargeLoopRes":{"Header":{"SessionID":"70A1CD67133C9450","TimeStamp":1786759686},"ResponseCode":"OK","EVSEPresentCurrent":{"Exponent":0,"Value":200},"EVSEPresentVoltage":{"Exponent":0,"Value":400},"EVSEPowerLimitAchieved":false,"EVSECurrentLimitAchieved":false,"EVSEVoltageLimitAchieved":false,"Scheduled_DC_CLResControlMode":{}}}
INFO    2026-08-15 02:08:06,980 - iso15118.shared.comm_session (235): DC_ChargeLoopRes received
INFO    2026-08-15 02:08:06,980 - iso15118.evcc.states.iso15118_20_states (1677): Next ChargeLoop Req in 0 seconds
INFO    2026-08-15 02:08:06,980 - iso15118.shared.exi_codec (248): Message to encode (ns=urn:iso:std:iso:15118:-20:DC): {"DC_ChargeLoopReq": {"Header": {"SessionID": "70A1CD67133C9450", "TimeStamp": 1786759686}, "DisplayParameters": {"PresentSOC": 100, "ChargingComplete": true}, "MeterInfoRequested": false, "EVPresentVoltage": {"Exponent": 3, "Value": 20}, "Scheduled_DC_CLReqControlMode": {"EVTargetCurrent": {"Exponent": 1, "Value": 20}, "EVTargetVoltage": {"Exponent": 1, "Value": 20}}}}
INFO    2026-08-15 02:08:06,998 - iso15118.shared.comm_session (431): Sent DC_ChargeLoopReq
INFO    2026-08-15 02:08:07,020 - iso15118.shared.exi_codec (302): Decoded message (ns=urn:iso:std:iso:15118:-20:DC): {"DC_ChargeLoopRes":{"Header":{"SessionID":"70A1CD67133C9450","TimeStamp":1786759686},"ResponseCode":"OK","EVSEPresentCurrent":{"Exponent":0,"Value":200},"EVSEPresentVoltage":{"Exponent":0,"Value":400},"EVSEPowerLimitAchieved":false,"EVSECurrentLimitAchieved":false,"EVSEVoltageLimitAchieved":false,"Scheduled_DC_CLResControlMode":{}}}
INFO    2026-08-15 02:08:07,020 - iso15118.shared.comm_session (235): DC_ChargeLoopRes received
INFO    2026-08-15 02:08:07,020 - iso15118.shared.exi_codec (248): Message to encode (ns=urn:iso:std:iso:15118:-20:CommonMessages): {"PowerDeliveryReq": {"Header": {"SessionID": "70A1CD67133C9450", "TimeStamp": 1786759687}, "EVProcessing": "Finished", "ChargeProgress": "Stop"}}
INFO    2026-08-15 02:08:07,047 - iso15118.shared.comm_session (431): Sent PowerDeliveryReq
INFO    2026-08-15 02:08:07,047 - iso15118.shared.states (139): Entered state PowerDelivery
INFO    2026-08-15 02:08:07,085 - iso15118.shared.exi_codec (302): Decoded message (ns=urn:iso:std:iso:15118:-20:CommonMessages): {"PowerDeliveryRes":{"Header":{"SessionID":"70A1CD67133C9450","TimeStamp":1786759687},"ResponseCode":"OK"}}
INFO    2026-08-15 02:08:07,086 - iso15118.shared.comm_session (235): PowerDeliveryRes received
INFO    2026-08-15 02:08:07,086 - iso15118.shared.exi_codec (248): Message to encode (ns=urn:iso:std:iso:15118:-20:DC): {"DC_WeldingDetectionReq": {"Header": {"SessionID": "70A1CD67133C9450", "TimeStamp": 1786759687}, "EVProcessing": "Ongoing"}}
INFO    2026-08-15 02:08:07,104 - iso15118.shared.comm_session (431): Sent DC_WeldingDetectionReq
INFO    2026-08-15 02:08:07,104 - iso15118.shared.states (139): Entered state DCWeldingDetection
INFO    2026-08-15 02:08:07,129 - iso15118.shared.exi_codec (302): Decoded message (ns=urn:iso:std:iso:15118:-20:DC): {"DC_WeldingDetectionRes":{"Header":{"SessionID":"70A1CD67133C9450","TimeStamp":1786759687},"ResponseCode":"OK","EVSEPresentVoltage":{"Exponent":0,"Value":5}}}
INFO    2026-08-15 02:08:07,129 - iso15118.shared.comm_session (235): DC_WeldingDetectionRes received
INFO    2026-08-15 02:08:07,129 - iso15118.shared.exi_codec (248): Message to encode (ns=urn:iso:std:iso:15118:-20:DC): {"DC_WeldingDetectionReq": {"Header": {"SessionID": "70A1CD67133C9450", "TimeStamp": 1786759687}, "EVProcessing": "Ongoing"}}
INFO    2026-08-15 02:08:07,145 - iso15118.shared.comm_session (431): Sent DC_WeldingDetectionReq
INFO    2026-08-15 02:08:07,159 - iso15118.shared.exi_codec (302): Decoded message (ns=urn:iso:std:iso:15118:-20:DC): {"DC_WeldingDetectionRes":{"Header":{"SessionID":"70A1CD67133C9450","TimeStamp":1786759687},"ResponseCode":"OK","EVSEPresentVoltage":{"Exponent":0,"Value":5}}}
INFO    2026-08-15 02:08:07,159 - iso15118.shared.comm_session (235): DC_WeldingDetectionRes received
INFO    2026-08-15 02:08:07,160 - iso15118.shared.exi_codec (248): Message to encode (ns=urn:iso:std:iso:15118:-20:DC): {"DC_WeldingDetectionReq": {"Header": {"SessionID": "70A1CD67133C9450", "TimeStamp": 1786759687}, "EVProcessing": "Ongoing"}}
INFO    2026-08-15 02:08:07,174 - iso15118.shared.comm_session (431): Sent DC_WeldingDetectionReq
INFO    2026-08-15 02:08:07,189 - iso15118.shared.exi_codec (302): Decoded message (ns=urn:iso:std:iso:15118:-20:DC): {"DC_WeldingDetectionRes":{"Header":{"SessionID":"70A1CD67133C9450","TimeStamp":1786759687},"ResponseCode":"OK","EVSEPresentVoltage":{"Exponent":0,"Value":5}}}
INFO    2026-08-15 02:08:07,189 - iso15118.shared.comm_session (235): DC_WeldingDetectionRes received
INFO    2026-08-15 02:08:07,189 - iso15118.shared.exi_codec (248): Message to encode (ns=urn:iso:std:iso:15118:-20:DC): {"DC_WeldingDetectionReq": {"Header": {"SessionID": "70A1CD67133C9450", "TimeStamp": 1786759687}, "EVProcessing": "Ongoing"}}
INFO    2026-08-15 02:08:07,203 - iso15118.shared.comm_session (431): Sent DC_WeldingDetectionReq
INFO    2026-08-15 02:08:07,218 - iso15118.shared.exi_codec (302): Decoded message (ns=urn:iso:std:iso:15118:-20:DC): {"DC_WeldingDetectionRes":{"Header":{"SessionID":"70A1CD67133C9450","TimeStamp":1786759687},"ResponseCode":"OK","EVSEPresentVoltage":{"Exponent":0,"Value":5}}}
INFO    2026-08-15 02:08:07,218 - iso15118.shared.comm_session (235): DC_WeldingDetectionRes received
INFO    2026-08-15 02:08:07,218 - iso15118.shared.exi_codec (248): Message to encode (ns=urn:iso:std:iso:15118:-20:DC): {"DC_WeldingDetectionReq": {"Header": {"SessionID": "70A1CD67133C9450", "TimeStamp": 1786759687}, "EVProcessing": "Finished"}}
INFO    2026-08-15 02:08:07,236 - iso15118.shared.comm_session (431): Sent DC_WeldingDetectionReq
INFO    2026-08-15 02:08:07,252 - iso15118.shared.exi_codec (302): Decoded message (ns=urn:iso:std:iso:15118:-20:DC): {"DC_WeldingDetectionRes":{"Header":{"SessionID":"70A1CD67133C9450","TimeStamp":1786759687},"ResponseCode":"OK","EVSEPresentVoltage":{"Exponent":0,"Value":5}}}
INFO    2026-08-15 02:08:07,253 - iso15118.shared.comm_session (235): DC_WeldingDetectionRes received
INFO    2026-08-15 02:08:07,253 - iso15118.shared.exi_codec (248): Message to encode (ns=urn:iso:std:iso:15118:-20:CommonMessages): {"SessionStopReq": {"Header": {"SessionID": "70A1CD67133C9450", "TimeStamp": 1786759687}, "ChargingSession": "Terminate"}}
INFO    2026-08-15 02:08:07,273 - iso15118.shared.comm_session (431): Sent SessionStopReq
INFO    2026-08-15 02:08:07,273 - iso15118.shared.states (139): Entered state SessionStop
INFO    2026-08-15 02:08:07,296 - iso15118.shared.exi_codec (302): Decoded message (ns=urn:iso:std:iso:15118:-20:CommonMessages): {"SessionStopRes":{"Header":{"SessionID":"70A1CD67133C9450","TimeStamp":1786759687},"ResponseCode":"OK"}}
INFO    2026-08-15 02:08:07,296 - iso15118.shared.comm_session (235): SessionStopRes received
INFO    2026-08-15 02:08:07,297 - iso15118.shared.comm_session (395): The data link will terminate in 2 seconds and the TCP connection will close in 5 seconds. 
INFO    2026-08-15 02:08:07,297 - iso15118.shared.comm_session (399): Reason: Communication session terminated
INFO    2026-08-15 02:08:09,299 - iso15118.shared.comm_session (410): terminated the data link
INFO    2026-08-15 02:08:12,302 - iso15118.shared.comm_session (417): TCP connection closed to peer with address ('fe80::215:5dff:fedf:2f0c', 55000, 0, 2)
