2026-08-11 00:08:39.370708 [INFO] manager          ::   ________      __                _   
2026-08-11 00:08:39.370896 [INFO] manager          ::  |  ____\ \    / /               | |
2026-08-11 00:08:39.370906 [INFO] manager          ::  | |__   \ \  / /__ _ __ ___  ___| |_
2026-08-11 00:08:39.370912 [INFO] manager          ::  |  __|   \ \/ / _ \ '__/ _ \/ __| __|
2026-08-11 00:08:39.370918 [INFO] manager          ::  | |____   \  /  __/ | |  __/\__ \ |_
2026-08-11 00:08:39.370929 [INFO] manager          ::  |______|   \/ \___|_|  \___||___/\__|
2026-08-11 00:08:39.370936 [INFO] manager          :: 
2026-08-11 00:08:39.370942 [INFO] manager          :: everest-framework 0.25.0-dev 2026.02.1
2026-08-11 00:08:39.370948 [INFO] manager          :: everest-core 2026.02.1-dev 2026.02.1
2026-08-11 00:08:39.370955 [INFO] manager          :: 
2026-08-11 00:08:39.370961 [INFO] manager          :: Using MQTT broker localhost:1883
2026-08-11 00:08:39.391868 [INFO] manager          :: Boot mode is set to YamlFile, loading module configs from YAML file
2026-08-11 00:08:39.391935 [INFO] manager          :: Loading config file at: /home/ahzf/everest/configs-ours/config-dc2-ours.yaml
2026-08-11 00:08:39.524988 [INFO] manager          :: Config loading completed in 154ms
2026-08-11 00:08:39.526954 [INFO] manager          :: Starting 19 modules
2026-08-11 00:08:41.826090 [INFO] api_sink:Energy  :: Module api_sink initialized [2274ms]
2026-08-11 00:08:41.869806 [INFO] error_history:E  :: Using database at "/tmp/error_history.db"
2026-08-11 00:08:41.869992 [INFO] error_history:E  :: Checking database
2026-08-11 00:08:41.870815 [INFO] error_history:E  :: Module error_history initialized [2312ms]
2026-08-11 00:08:41.870807 [INFO] ev_manager:EvMa  :: Module ev_manager initialized [2308ms]
2026-08-11 00:08:41.871028 [INFO] energy_manager:  :: Module energy_manager initialized [2316ms]
2026-08-11 00:08:41.871153 [INFO] grid_connection  :: Module grid_connection_point initialized [2307ms]
2026-08-11 00:08:41.871792 [INFO] token_provider:  :: Module token_provider initialized [2295ms]
2026-08-11 00:08:41.871950 [INFO] api:API          :: Module api initialized [2320ms]
2026-08-11 00:08:41.872401 [INFO] auth:Auth        :: Module auth initialized [2316ms]
2026-08-11 00:08:41.873687 [INFO] yeti_driver:Yet  :: Module yeti_driver initialized [2297ms]
2026-08-11 00:08:41.882229 [INFO] token_validator  :: Module token_validator initialized [2303ms]
2026-08-11 00:08:41.884100 [INFO] ev_api:EvAPI     :: Module ev_api initialized [2327ms]
2026-08-11 00:08:41.886590 [INFO] slac:SlacSimula  :: Module slac initialized [2314ms]
2026-08-11 00:08:41.886831 [INFO] iso15118_charge  :: Module iso15118_charger initialized [2314ms]
2026-08-11 00:08:41.892221 [INFO] powersupply_dc:  :: Module powersupply_dc initialized [2321ms]
2026-08-11 00:08:41.892585 [INFO] evse_security:E  :: Module evse_security initialized [2329ms]
2026-08-11 00:08:41.892728 [INFO] imd:IMDSimulato  :: Module imd initialized [2326ms]
2026-08-11 00:08:41.895633 [INFO] ovm:OVMSimulato  :: Can control the over voltage measurement values over the topic: everest_api/ovm/cmd/set_over_voltage_measurement_V via MQTT
2026-08-11 00:08:41.895975 [INFO] ovm:OVMSimulato  :: Module ovm initialized [2326ms]
2026-08-11 00:08:41.912021 [INFO] evse_manager:Ev  :: Module evse_manager initialized [2348ms]
2026-08-11 00:08:42.257589 [INFO] iso15118_car     :: Module iso15118_car initialized [2284ms]
2026-08-11 00:08:42.305968 [INFO] manager          :: Clearing retained topics published by manager during startup
2026-08-11 00:08:42.307334 [INFO] manager          :: 🚙🚙🚙 All modules are initialized. EVerest up and running [2946ms] 🚙🚙🚙
2026-08-11 00:08:42.309789 [INFO] iso15118_charge  :: TCP server on eth0 is listening on port [fe80::215:5dff:fe6b:3d4%2]:61341
2026-08-11 00:08:42.309879 [INFO] iso15118_charge  :: TLS server on eth0 is listening on port [fe80::215:5dff:fe6b:3d4%2]:64109
2026-08-11 00:08:42.358385 [INFO] evse_security:E  :: Requesting leaf certificate info: V2G
2026-08-11 00:08:42.363234 [INFO] evse_security:E  :: Found valid leaf: ["/home/ahzf/everest/dist/etc/everest/certs/client/cso/CPO_CERT_CHAIN.pem"]
2026-08-11 00:08:42.363591 [INFO] evse_security:E  :: Found valid leaf: ["/home/ahzf/everest/dist/etc/everest/certs/client/cso/SECC_LEAF.pem"]
2026-08-11 00:08:42.401836 [WARN] ev_manager:EvMa void module::main::car_simulatorImpl::handle_modify_charging_session(std::string&) :: Simulation disabled, cannot execute charging simulation.
2026-08-11 00:08:42.408975 [WARN] iso15118_charge void {anonymous}::log_handler(openssl::log_level_t, const std::string&) :: <n> certificates != <n> OCSP responses
2026-08-11 00:08:42.420209 [INFO] iso15118_charge  :: SDP socket setup succeeded
2026-08-11 00:08:42.458528 [WARN] auth:Auth       void module::ReservationHandler::load_reservations() :: Can not load reservations because no storage was configured.
2026-08-11 00:08:42.594289 [INFO] iso15118_charge  :: Ignoring bidirectional SupportedEnergyTransferMode
2026-08-11 00:08:42.817786 [INFO] evse_manager:Ev  :: Ignoring BSP Event, BSP is not enabled yet.
2026-08-11 00:08:42.818211 [INFO] ovm:OVMSimulato  :: Over voltage monitoring: stopped.
2026-08-11 00:08:42.954772 [INFO] iso15118_charge  :: Ignoring bidirectional SupportedEnergyTransferMode
2026-08-11 00:08:43.505840 [INFO] evse_manager:Ev  :: Cleaning up any other transaction on start up
2026-08-11 00:08:43.686632 [INFO] evse_manager:Ev  :: 🌀🌀🌀 Ready to start charging 🌀🌀🌀
2026-08-11 00:08:48.409077 [INFO] iso15118_charge  :: Incoming connection on eth0 from [a00:c520:0:0:fe80::]:50464
2026-08-11 00:08:48.409445 [INFO] iso15118_charge  :: Started new TCP connection thread
2026-08-11 00:08:48.409497 [INFO] iso15118_charge  :: Handling SupportedAppProtocolReq
2026-08-11 00:08:48.409845 [INFO] iso15118_charge  :: Protocol negotiation was successful. Selected protocol is ISO15118
2026-08-11 00:08:48.410301 [INFO] iso15118_charge  :: SessionSetupReq.EVCCID: AB:CD:EF:01:02:03
2026-08-11 00:08:48.410336 [INFO] iso15118_charge  :: No session_id found or not equal to the id from the preceding v2g session. Generating random session id.
2026-08-11 00:08:48.410344 [INFO] iso15118_charge  :: Created new session with id 0xa4999d9eb41e8fb6
2026-08-11 00:08:48.509836 [INFO] iso15118_charge  :: Selected energy transfer mode: DC_extended
2026-08-11 00:08:48.509897 [ERRO] iso15118_charge void dlog_func(dloglevel_t, const char*, int, const char*, const char*, ...) :: Failed response code detected for message "Charge Parameter Discovery", error: Sequence Error
2026-08-11 00:08:48.553913 [INFO] evse_manager:Ev  :: Received EV maximum limits: {
    "dc_ev_maximum_current_limit": 200.0,
    "dc_ev_maximum_voltage_limit": 500.0
}
2026-08-11 00:08:48.607476 [INFO] iso15118_charge  :: Closing TCP connection
2026-08-11 00:08:49.518661 [INFO] evse_manager:Ev  :: SYS  Session logging started.
2026-08-11 00:08:49.518805 [INFO] evse_manager:Ev  :: EVSE IEC Session Started: EVConnected
2026-08-11 00:08:49.520008 [INFO] auth:Auth        :: Plug In event for evse#1, starting auth
2026-08-11 00:08:49.519943 [INFO] token_provider:  :: Publishing new dummy token: {
    "authorization_type": "RFID",
    "id_token": {
        "type": "ISO14443",
        "value": "[redacted] hash: CE55F71752B68164"
    },
    "parent_id_token": {
        "type": "ISO14443",
        "value": "[redacted] hash: CE55F71752B68164"
    }
}
2026-08-11 00:08:49.521031 [INFO] auth:Auth        :: Received new token: {
    "authorization_type": "RFID",
    "id_token": {
        "type": "ISO14443",
        "value": "[redacted] hash: CE55F71752B68164"
    },
    "parent_id_token": {
        "type": "ISO14443",
        "value": "[redacted] hash: CE55F71752B68164"
    }
}
2026-08-11 00:08:49.522483 [INFO] token_validator  :: Got validation request for token: [redacted] hash: CE55F71752B68164
2026-08-11 00:08:49.772708 [INFO] token_validator  :: Returning validation status: Accepted
2026-08-11 00:08:49.773961 [INFO] auth:Auth        :: Providing authorization to evse#1
2026-08-11 00:08:50.019878 [INFO] evse_manager:Ev  :: EVSE IEC Set PWM On (5.0%) took 0 ms
2026-08-11 00:08:50.122102 [INFO] evse_manager:Ev  :: EVSE IEC EIM Authorization received
2026-08-11 00:08:50.123306 [INFO] auth:Auth        :: Result for token: [redacted] hash: CE55F71752B68164: USED_TO_START_TRANSACTION
2026-08-11 00:08:50.170765 [INFO] evse_manager:Ev  :: EVSE IEC Transaction Started (0 kWh)
2026-08-11 00:08:50.171178 [INFO] evse_manager:Ev  :: EVSE IEC DC mode. We are in 5percent mode so we can continue without further action.
2026-08-11 00:08:50.171241 [INFO] evse_manager:Ev  :: EVSE IEC Charger state: Wait for Auth->PrepareCharging
2026-08-11 00:08:50.607889 [INFO] iso15118_charge  :: TCP connection closed gracefully
2026-08-11 00:08:50.608843 [INFO] evse_manager:Ev  :: EVSE ISO D-LINK_ERROR.req
