2026-08-11 00:08:23.091540 [INFO] manager          ::   ________      __                _   
2026-08-11 00:08:23.091730 [INFO] manager          ::  |  ____\ \    / /               | |
2026-08-11 00:08:23.091739 [INFO] manager          ::  | |__   \ \  / /__ _ __ ___  ___| |_
2026-08-11 00:08:23.091745 [INFO] manager          ::  |  __|   \ \/ / _ \ '__/ _ \/ __| __|
2026-08-11 00:08:23.091751 [INFO] manager          ::  | |____   \  /  __/ | |  __/\__ \ |_
2026-08-11 00:08:23.091757 [INFO] manager          ::  |______|   \/ \___|_|  \___||___/\__|
2026-08-11 00:08:23.091763 [INFO] manager          :: 
2026-08-11 00:08:23.091768 [INFO] manager          :: everest-framework 0.25.0-dev 2026.02.1
2026-08-11 00:08:23.091774 [INFO] manager          :: everest-core 2026.02.1-dev 2026.02.1
2026-08-11 00:08:23.091781 [INFO] manager          :: 
2026-08-11 00:08:23.091788 [INFO] manager          :: Using MQTT broker localhost:1883
2026-08-11 00:08:23.115759 [INFO] manager          :: Boot mode is set to YamlFile, loading module configs from YAML file
2026-08-11 00:08:23.115816 [INFO] manager          :: Loading config file at: /home/ahzf/everest/configs-ours/config-dc2-ours.yaml
2026-08-11 00:08:23.261694 [INFO] manager          :: Config loading completed in 169ms
2026-08-11 00:08:23.265398 [INFO] manager          :: Starting 19 modules
2026-08-11 00:08:25.599332 [INFO] api:API          :: Module api initialized [2302ms]
2026-08-11 00:08:25.599502 [INFO] api_sink:Energy  :: Module api_sink initialized [2298ms]
2026-08-11 00:08:25.622742 [INFO] energy_manager:  :: Module energy_manager initialized [2309ms]
2026-08-11 00:08:25.626470 [INFO] auth:Auth        :: Module auth initialized [2313ms]
2026-08-11 00:08:25.687519 [INFO] ev_api:EvAPI     :: Module ev_api initialized [2369ms]
2026-08-11 00:08:25.690591 [INFO] error_history:E  :: Using database at "/tmp/error_history.db"
2026-08-11 00:08:25.690791 [INFO] error_history:E  :: Checking database
2026-08-11 00:08:25.692294 [INFO] error_history:E  :: Module error_history initialized [2377ms]
2026-08-11 00:08:25.708482 [INFO] grid_connection  :: Module grid_connection_point initialized [2372ms]
2026-08-11 00:08:25.737252 [INFO] ev_manager:EvMa  :: Module ev_manager initialized [2414ms]
2026-08-11 00:08:25.757425 [INFO] evse_security:E  :: Module evse_security initialized [2419ms]
2026-08-11 00:08:25.769140 [INFO] evse_manager:Ev  :: Module evse_manager initialized [2430ms]
2026-08-11 00:08:25.832345 [INFO] imd:IMDSimulato  :: Module imd initialized [2493ms]
2026-08-11 00:08:25.834679 [INFO] ovm:OVMSimulato  :: Can control the over voltage measurement values over the topic: everest_api/ovm/cmd/set_over_voltage_measurement_V via MQTT
2026-08-11 00:08:25.835006 [INFO] ovm:OVMSimulato  :: Module ovm initialized [2480ms]
2026-08-11 00:08:25.842856 [INFO] powersupply_dc:  :: Module powersupply_dc initialized [2485ms]
2026-08-11 00:08:25.846131 [INFO] iso15118_charge  :: Module iso15118_charger initialized [2489ms]
2026-08-11 00:08:25.908055 [INFO] slac:SlacSimula  :: Module slac initialized [2547ms]
2026-08-11 00:08:25.910339 [INFO] token_provider:  :: Module token_provider initialized [2541ms]
2026-08-11 00:08:25.965871 [INFO] token_validator  :: Module token_validator initialized [2591ms]
2026-08-11 00:08:25.968453 [INFO] yeti_driver:Yet  :: Module yeti_driver initialized [2593ms]
2026-08-11 00:08:26.213876 [INFO] iso15118_car     :: Module iso15118_car initialized [2304ms]
2026-08-11 00:08:26.214569 [INFO] manager          :: Clearing retained topics published by manager during startup
2026-08-11 00:08:26.216203 [INFO] manager          :: 🚙🚙🚙 All modules are initialized. EVerest up and running [3140ms] 🚙🚙🚙
2026-08-11 00:08:26.217918 [INFO] iso15118_charge  :: TCP server on eth0 is listening on port [fe80::215:5dff:fe6b:3d4%2]:61341
2026-08-11 00:08:26.217976 [INFO] iso15118_charge  :: TLS server on eth0 is listening on port [fe80::215:5dff:fe6b:3d4%2]:64109
2026-08-11 00:08:26.262235 [INFO] evse_security:E  :: Requesting leaf certificate info: V2G
2026-08-11 00:08:26.266728 [INFO] evse_security:E  :: Found valid leaf: ["/home/ahzf/everest/dist/etc/everest/certs/client/cso/CPO_CERT_CHAIN.pem"]
2026-08-11 00:08:26.266923 [INFO] evse_security:E  :: Found valid leaf: ["/home/ahzf/everest/dist/etc/everest/certs/client/cso/SECC_LEAF.pem"]
2026-08-11 00:08:26.313704 [WARN] iso15118_charge void {anonymous}::log_handler(openssl::log_level_t, const std::string&) :: <n> certificates != <n> OCSP responses
2026-08-11 00:08:26.326309 [INFO] iso15118_charge  :: SDP socket setup succeeded
2026-08-11 00:08:26.402765 [WARN] auth:Auth       void module::ReservationHandler::load_reservations() :: Can not load reservations because no storage was configured.
2026-08-11 00:08:26.446965 [INFO] iso15118_charge  :: Ignoring bidirectional SupportedEnergyTransferMode
2026-08-11 00:08:26.670029 [INFO] ovm:OVMSimulato  :: Over voltage monitoring: stopped.
2026-08-11 00:08:26.765870 [INFO] evse_manager:Ev  :: Ignoring BSP Event, BSP is not enabled yet.
2026-08-11 00:08:26.810825 [INFO] iso15118_charge  :: Ignoring bidirectional SupportedEnergyTransferMode
2026-08-11 00:08:27.369745 [INFO] ev_manager:EvMa  :: Finished simulation.
2026-08-11 00:08:27.433871 [INFO] evse_manager:Ev  :: Cleaning up any other transaction on start up
2026-08-11 00:08:27.570973 [INFO] evse_manager:Ev  :: 🌀🌀🌀 Ready to start charging 🌀🌀🌀
2026-08-11 00:08:33.103986 [INFO] iso15118_charge  :: Incoming connection on eth0 from [a00:8d8c:0:0:fe80::]:36236
2026-08-11 00:08:33.104511 [INFO] iso15118_charge  :: Started new TCP connection thread
2026-08-11 00:08:33.104690 [INFO] iso15118_charge  :: Handling SupportedAppProtocolReq
2026-08-11 00:08:33.105076 [INFO] iso15118_charge  :: Protocol negotiation was successful. Selected protocol is ISO15118
2026-08-11 00:08:33.105820 [INFO] iso15118_charge  :: SessionSetupReq.EVCCID: AB:CD:EF:01:02:03
2026-08-11 00:08:33.105898 [INFO] iso15118_charge  :: No session_id found or not equal to the id from the preceding v2g session. Generating random session id.
2026-08-11 00:08:33.105910 [INFO] iso15118_charge  :: Created new session with id 0xd84c64c61ef017be
2026-08-11 00:08:33.204677 [ERRO] iso15118_charge void dlog_func(dloglevel_t, const char*, int, const char*, const char*, ...) :: Failed response code detected for message "Authorization", error: Sequence Error
2026-08-11 00:08:33.303453 [INFO] iso15118_charge  :: Closing TCP connection
2026-08-11 00:08:33.947894 [INFO] evse_manager:Ev  :: SYS  Session logging started.
2026-08-11 00:08:33.948092 [INFO] evse_manager:Ev  :: EVSE IEC Session Started: EVConnected
2026-08-11 00:08:33.949456 [INFO] auth:Auth        :: Plug In event for evse#1, starting auth
2026-08-11 00:08:33.949548 [INFO] token_provider:  :: Publishing new dummy token: {
    "authorization_type": "RFID",
    "id_token": {
        "type": "ISO14443",
        "value": "[redacted] hash: CE55F71752B68164"
    },
    "parent_id_token": {
        "type": "ISO14443",
        "value": "[redacted] hash: CE55F71752B68164"
    }
}
2026-08-11 00:08:33.950688 [INFO] auth:Auth        :: Received new token: {
    "authorization_type": "RFID",
    "id_token": {
        "type": "ISO14443",
        "value": "[redacted] hash: CE55F71752B68164"
    },
    "parent_id_token": {
        "type": "ISO14443",
        "value": "[redacted] hash: CE55F71752B68164"
    }
}
2026-08-11 00:08:33.952285 [INFO] token_validator  :: Got validation request for token: [redacted] hash: CE55F71752B68164
2026-08-11 00:08:34.202548 [INFO] token_validator  :: Returning validation status: Accepted
2026-08-11 00:08:34.204031 [INFO] auth:Auth        :: Providing authorization to evse#1
2026-08-11 00:08:34.449052 [INFO] evse_manager:Ev  :: EVSE IEC Set PWM On (5.0%) took 0 ms
2026-08-11 00:08:34.594050 [INFO] evse_manager:Ev  :: EVSE IEC EIM Authorization received
2026-08-11 00:08:34.595214 [INFO] auth:Auth        :: Result for token: [redacted] hash: CE55F71752B68164: USED_TO_START_TRANSACTION
2026-08-11 00:08:34.682005 [INFO] evse_manager:Ev  :: EVSE IEC Transaction Started (0 kWh)
2026-08-11 00:08:34.682718 [INFO] evse_manager:Ev  :: EVSE IEC DC mode. We are in 5percent mode so we can continue without further action.
2026-08-11 00:08:34.682781 [INFO] evse_manager:Ev  :: EVSE IEC Charger state: Wait for Auth->PrepareCharging
2026-08-11 00:08:35.303965 [INFO] iso15118_charge  :: TCP connection closed gracefully
2026-08-11 00:08:35.305911 [INFO] evse_manager:Ev  :: EVSE ISO D-LINK_ERROR.req
