# Frames as recorded, per direction. Ordering within a direction is real;
# the two directions are not interleaved, because the recording has no timestamps.

## EV -> station: 481 byte(s), 16 frame(s)
[0] SupportedAppProtocolReq payloadType=0x8001 bytes=45
    01fe8001000000258000f3ab9371d34b9b79d39ba321d34b9b79d189a98989c1d1699181d20a18010000040040
[1] SessionSetupReq payloadType=0x8002 bytes=33
    01fe800200000019808c04000000000000000009ddce1d30620422ab21a1981880
[2] AuthorizationSetupReq payloadType=0x8002 bytes=25
    01fe800200000011800804439d064aaf2a298c89edce1d3062
[3] AuthorizationReq payloadType=0x8002 bytes=26
    01fe800200000012800004439d064aaf2a298c89edce1d306200
[4] AuthorizationReq payloadType=0x8002 bytes=26
    01fe800200000012800004439d064aaf2a298c89edce1d306200
[5] ServiceDiscoveryReq payloadType=0x8002 bytes=26
    01fe800200000012807c04439d064aaf2a298c89edce1d306280
[6] ServiceDetailReq payloadType=0x8002 bytes=27
    01fe800200000013807404439d064aaf2a298c89edce1d30620080
[7] ServiceSelectionReq payloadType=0x8002 bytes=29
    01fe800200000015808404439d064aaf2a298c89edce1d306200401080
[8] AC_ChargeParameterDiscoveryReq payloadType=0x8003 bytes=33
    01fe800300000019801004439d064aaf2a298c89edce1d30620810981122000008
[9] ScheduleExchangeReq payloadType=0x8002 bytes=28
    01fe800200000014806c04439d064aaf2a298c89edce1d3062000680
[10] PowerDeliveryReq payloadType=0x8002 bytes=37
    01fe80020000001d805404439d064aaf2a298c89edce1d306200000100420480e041805124
[11] AC_ChargeLoopReq payloadType=0x8003 bytes=31
    01fe800300000017800804439d064aaf2a298c89edce1d30628924084c0894
[12] AC_ChargeLoopReq payloadType=0x8003 bytes=31
    01fe800300000017800804439d064aaf2a298c89fdce1d30628924084c0894
[13] AC_ChargeLoopReq payloadType=0x8003 bytes=31
    01fe800300000017800804439d064aaf2a298c89fdce1d30628924084c0894
[14] PowerDeliveryReq payloadType=0x8002 bytes=27
    01fe800200000013805404439d064aaf2a298c89fdce1d30620140
[15] SessionStopReq payloadType=0x8002 bytes=26
    01fe800200000012809404439d064aaf2a298c89fdce1d306228

## station -> EV: 818 byte(s), 16 frame(s)
[0] SupportedAppProtocolRes (OK_SuccessfulNegotiation) payloadType=0x8001 bytes=12
    01fe80010000000480400040
[1] SessionSetupRes (OK_NewSessionEstablished) payloadType=0x8002 bytes=43
    01fe800200000023809004439d064aaf2a298c89ddce1d3062040451114a9413960a914c4c8ccd0d4a8c40
[2] AuthorizationSetupRes (OK) payloadType=0x8002 bytes=28
    01fe800200000014800c04439d064aaf2a298c89edce1d3062000400
[3] AuthorizationRes (OK) payloadType=0x8002 bytes=27
    01fe800200000013800404439d064aaf2a298c89edce1d30620010
[4] AuthorizationRes (OK) payloadType=0x8002 bytes=27
    01fe800200000013800404439d064aaf2a298c89edce1d30620000
[5] ServiceDiscoveryRes (OK) payloadType=0x8002 bytes=36
    01fe80020000001c808004439d064aaf2a298c89edce1d30620000010000400010001405
[6] ServiceDetailRes (OK) payloadType=0x8002 bytes=352
    01fe800200000158807804439d064aaf2a298c89edce1d30620000400002d0dbdb9b9958dd1bdc980200d436f6e74726f6c4d6f6465601005115594d1539bdb5a5b985b159bdb1d1859d959cc020134d6f62696c6974794e656564734d6f6465600802541c9a58da5b99d800200202d0dbdb9b9958dd1bdc980600d436f6e74726f6c4d6f6465601005115594d1539bdb5a5b985b159bdb1d1859d959cc020134d6f62696c6974794e656564734d6f6465600802541c9a58da5b99d800200402d0dbdb9b9958dd1bdc980200d436f6e74726f6c4d6f6465600805115594d1539bdb5a5b985b159bdb1d1859d959cc020134d6f62696c6974794e656564734d6f6465600802541c9a58da5b99d800200602d0dbdb9b9958dd1bdc980600d436f6e74726f6c4d6f6465600805115594d1539bdb5a5b985b159bdb1d1859d959cc020134d6f62696c6974794e656564734d6f6465600802541c9a58da5b99d80028
[7] ServiceSelectionRes (OK) payloadType=0x8002 bytes=27
    01fe800200000013808804439d064aaf2a298c89edce1d30620000
[8] AC_ChargeParameterDiscoveryRes (OK) payloadType=0x8003 bytes=40
    01fe800300000020801404439d064aaf2a298c89edce1d3062000408500891001584043f04413940
[9] ScheduleExchangeRes (OK) payloadType=0x8002 bytes=43
    01fe800200000023807004439d064aaf2a298c89edce1d3062000400413db9c3a60c840518284000012940
[10] PowerDeliveryRes (OK) payloadType=0x8002 bytes=27
    01fe800200000013805804439d064aaf2a298c89edce1d30620040
[11] AC_ChargeLoopRes (OK) payloadType=0x8003 bytes=34
    01fe80030000001a800c04439d064aaf2a298c89edce1d30620032000008c4000010
[12] AC_ChargeLoopRes (OK) payloadType=0x8003 bytes=34
    01fe80030000001a800c04439d064aaf2a298c89fdce1d30620032000008c4000010
[13] AC_ChargeLoopRes (OK) payloadType=0x8003 bytes=34
    01fe80030000001a800c04439d064aaf2a298c89fdce1d30620032000008c4000010
[14] PowerDeliveryRes (OK) payloadType=0x8002 bytes=27
    01fe800200000013805804439d064aaf2a298c89fdce1d30620040
[15] SessionStopRes (OK) payloadType=0x8002 bytes=27
    01fe800200000013809804439d064aaf2a298c89fdce1d30620000
