Test run for /mnt/d/Coding/OpenChargingCloud/ISO15118ConformanceTests/ISO15118ConformanceTests.Pqc/bin/Release/net10.0/ISO15118ConformanceTests.Pqc.dll (.NETCoreApp,Version=v10.0)
Test run for /mnt/d/Coding/OpenChargingCloud/ISO15118ConformanceTests/libs/EVSimulatorApp/libs/WWCP_ISO15118/WWCP_ISO15118_EXI_Tests/bin/Release/net10.0/WWCP_ISO15118_EXI_Tests.dll (.NETCoreApp,Version=v10.0)
Test run for /mnt/d/Coding/OpenChargingCloud/ISO15118ConformanceTests/ISO15118ConformanceTests.Simulation/bin/Release/net10.0/ISO15118ConformanceTests.Simulation.dll (.NETCoreApp,Version=v10.0)
A total of 1 test files matched the specified pattern.
/mnt/d/Coding/OpenChargingCloud/ISO15118ConformanceTests/ISO15118ConformanceTests.Pqc/bin/Release/net10.0/ISO15118ConformanceTests.Pqc.dll
A total of 1 test files matched the specified pattern.
/mnt/d/Coding/OpenChargingCloud/ISO15118ConformanceTests/libs/EVSimulatorApp/libs/WWCP_ISO15118/WWCP_ISO15118_EXI_Tests/bin/Release/net10.0/WWCP_ISO15118_EXI_Tests.dll
A total of 1 test files matched the specified pattern.
/mnt/d/Coding/OpenChargingCloud/ISO15118ConformanceTests/ISO15118ConformanceTests.Simulation/bin/Release/net10.0/ISO15118ConformanceTests.Simulation.dll
NUnit Adapter 4.6.0.0: Test execution started
Running selected tests in /mnt/d/Coding/OpenChargingCloud/ISO15118ConformanceTests/ISO15118ConformanceTests.Pqc/bin/Release/net10.0/ISO15118ConformanceTests.Pqc.dll
NUnit Adapter 4.6.0.0: Test execution started
Running selected tests in /mnt/d/Coding/OpenChargingCloud/ISO15118ConformanceTests/libs/EVSimulatorApp/libs/WWCP_ISO15118/WWCP_ISO15118_EXI_Tests/bin/Release/net10.0/WWCP_ISO15118_EXI_Tests.dll
NUnit Adapter 4.6.0.0: Test execution started
Running selected tests in /mnt/d/Coding/OpenChargingCloud/ISO15118ConformanceTests/ISO15118ConformanceTests.Simulation/bin/Release/net10.0/ISO15118ConformanceTests.Simulation.dll
   NUnit3TestExecutor discovered 0 of 0 NUnit test cases using Current Discovery mode, Explicit run
NUnit Adapter 4.6.0.0: Test execution complete
No test matches the given testcase filter `FullyQualifiedName~OurEvcc_AgainstTheirEvseV2G_RunsToCompletion` in /mnt/d/Coding/OpenChargingCloud/ISO15118ConformanceTests/ISO15118ConformanceTests.Pqc/bin/Release/net10.0/ISO15118ConformanceTests.Pqc.dll

   NUnit3TestExecutor discovered 1 of 1 NUnit test cases using Current Discovery mode, Explicit run
   NUnit3TestExecutor discovered 0 of 0 NUnit test cases using Current Discovery mode, Explicit run
NUnit Adapter 4.6.0.0: Test execution complete
No test matches the given testcase filter `FullyQualifiedName~OurEvcc_AgainstTheirEvseV2G_RunsToCompletion` in /mnt/d/Coding/OpenChargingCloud/ISO15118ConformanceTests/libs/EVSimulatorApp/libs/WWCP_ISO15118/WWCP_ISO15118_EXI_Tests/bin/Release/net10.0/WWCP_ISO15118_EXI_Tests.dll

Connecting to their SECC at [fe80::215:5dff:fe6b:526%2]:50000 ...
Recorded:
  /home/ahzf/everest/run/contactor-control.record/everest-iso15118-20-ac-forward.ev-to-station.bin
  /home/ahzf/everest/run/contactor-control.record/everest-iso15118-20-ac-forward.station-to-ev.bin
  /home/ahzf/everest/run/contactor-control.record/everest-iso15118-20-ac-forward.frames.log
  /home/ahzf/everest/run/contactor-control.record/everest-iso15118-20-ac-forward.flow.md
  /home/ahzf/everest/run/contactor-control.record/everest-iso15118-20-ac-forward.trace.json

NUnit Adapter 4.6.0.0: Test execution complete
  Failed OurEvcc_AgainstTheirEvseV2G_RunsToCompletion [3 s]
  Error Message:
   cloud.charging.open.protocols.ISO15118.Session.SessionAborted : the station answered PowerDeliveryRes with FAILED_ContactorError; the session ends here.
  Stack Trace:
     at cloud.charging.open.protocols.ISO15118.StateMachines.Iso20.Evcc20Base.RefuseOnFailure(Object message) in D:\Coding\OpenChargingCloud\ISO15118ConformanceTests\libs\EVSimulatorApp\libs\WWCP_ISO15118\WWCP_ISO15118_Session\StateMachines\Iso20\Evcc20Base.cs:line 738
   at cloud.charging.open.protocols.ISO15118.StateMachines.Iso20.Evcc20Base.ExchangeRaw(MessageSet expectedSet, Func`2 encode, CancellationToken ct) in D:\Coding\OpenChargingCloud\ISO15118ConformanceTests\libs\EVSimulatorApp\libs\WWCP_ISO15118\WWCP_ISO15118_Session\StateMachines\Iso20\Evcc20Base.cs:line 678
   at cloud.charging.open.protocols.ISO15118.StateMachines.Iso20.Evcc20Base.Exchange[TRes](MessageSet expectedSet, Func`2 encode, CancellationToken ct) in D:\Coding\OpenChargingCloud\ISO15118ConformanceTests\libs\EVSimulatorApp\libs\WWCP_ISO15118\WWCP_ISO15118_Session\StateMachines\Iso20\Evcc20Base.cs:line 657
   at cloud.charging.open.protocols.ISO15118.StateMachines.Iso20.Evcc20Base.RunAsync(CancellationToken ct) in D:\Coding\OpenChargingCloud\ISO15118ConformanceTests\libs\EVSimulatorApp\libs\WWCP_ISO15118\WWCP_ISO15118_Session\StateMachines\Iso20\Evcc20Base.cs:line 525
   at ISO15118ConformanceTests.Simulation.Interop.InteropSession.RunEvccAsync(Stream stream, ProtocolVariant protocol, PowerMode mode, CancellationToken ct, Boolean preferDynamic, PncEvccOptions pnc, Boolean mcs, Boolean bptFirst) in D:\Coding\OpenChargingCloud\ISO15118ConformanceTests\ISO15118ConformanceTests.Simulation\Interop\InteropSession.cs:line 148
   at ISO15118ConformanceTests.Simulation.Interop.EverestInteropTests.OurEvcc_AgainstTheirEvseV2G_RunsToCompletion() in D:\Coding\OpenChargingCloud\ISO15118ConformanceTests\ISO15118ConformanceTests.Simulation\Interop\EverestInteropTests.cs:line 134
   at NUnit.Framework.Internal.TaskAwaitAdapter.GenericAdapter`1.BlockUntilCompleted()
   at NUnit.Framework.Internal.MessagePumpStrategy.NoMessagePumpStrategy.WaitForCompletion(AwaitAdapter awaiter)
   at NUnit.Framework.Internal.AsyncToSyncAdapter.Await[TResult](Func`1 invoke)
   at NUnit.Framework.Internal.AsyncToSyncAdapter.Await(Func`1 invoke)
   at NUnit.Framework.Internal.Commands.TestMethodCommand.RunTestMethod(TestExecutionContext context)
   at NUnit.Framework.Internal.Commands.TestMethodCommand.Execute(TestExecutionContext context)
   at NUnit.Framework.Internal.Execution.SimpleWorkItem.<>c__DisplayClass3_0.<PerformWork>b__0()
   at NUnit.Framework.Internal.ContextUtils.<>c__DisplayClass1_0`1.<DoIsolated>b__0(Object _)
   at System.Threading.ExecutionContext.RunInternal(ExecutionContext executionContext, ContextCallback callback, Object state)
--- End of stack trace from previous location ---
   at System.Threading.ExecutionContext.RunInternal(ExecutionContext executionContext, ContextCallback callback, Object state)
   at NUnit.Framework.Internal.ContextUtils.DoIsolated(ContextCallback callback, Object state)
   at NUnit.Framework.Internal.ContextUtils.DoIsolated[T](Func`1 func)
   at NUnit.Framework.Internal.Execution.SimpleWorkItem.PerformWork()

  Standard Output Messages:
 Connecting to their SECC at [fe80::215:5dff:fe6b:526%2]:50000 ...
 Recorded:
   /home/ahzf/everest/run/contactor-control.record/everest-iso15118-20-ac-forward.ev-to-station.bin
   /home/ahzf/everest/run/contactor-control.record/everest-iso15118-20-ac-forward.station-to-ev.bin
   /home/ahzf/everest/run/contactor-control.record/everest-iso15118-20-ac-forward.frames.log
   /home/ahzf/everest/run/contactor-control.record/everest-iso15118-20-ac-forward.flow.md
   /home/ahzf/everest/run/contactor-control.record/everest-iso15118-20-ac-forward.trace.json



Test Run Failed.
Total tests: 1
     Failed: 1
 Total time: 4.8277 Seconds
