2026-08-09 14:06:10.644886 [INFO] manager          ::   ________      __                _   
2026-08-09 14:06:10.645011 [INFO] manager          ::  |  ____\ \    / /               | |
2026-08-09 14:06:10.645020 [INFO] manager          ::  | |__   \ \  / /__ _ __ ___  ___| |_
2026-08-09 14:06:10.645026 [INFO] manager          ::  |  __|   \ \/ / _ \ '__/ _ \/ __| __|
2026-08-09 14:06:10.645031 [INFO] manager          ::  | |____   \  /  __/ | |  __/\__ \ |_
2026-08-09 14:06:10.645037 [INFO] manager          ::  |______|   \/ \___|_|  \___||___/\__|
2026-08-09 14:06:10.645042 [INFO] manager          :: 
2026-08-09 14:06:10.645048 [INFO] manager          :: everest-framework 0.25.0-dev 2026.02.1
2026-08-09 14:06:10.645054 [INFO] manager          :: everest-core 2026.02.1-dev 2026.02.1
2026-08-09 14:06:10.645059 [INFO] manager          :: 
2026-08-09 14:06:10.645065 [INFO] manager          :: Using MQTT broker localhost:1883
2026-08-09 14:06:10.664777 [INFO] manager          :: Boot mode is set to YamlFile, loading module configs from YAML file
2026-08-09 14:06:10.664822 [INFO] manager          :: Loading config file at: /home/ahzf/everest/configs-ours/config-ac20-ours.yaml
2026-08-09 14:06:10.776554 [INFO] manager          :: Config loading completed in 131ms
2026-08-09 14:06:10.778537 [INFO] manager          :: Starting 15 modules
2026-08-09 14:06:12.781968 [INFO] energy_manager:  :: Module energy_manager initialized [1979ms]
2026-08-09 14:06:12.784110 [INFO] api_sink:Energy  :: Module api_sink initialized [1984ms]
2026-08-09 14:06:12.784719 [INFO] connector_1_pow  :: Module connector_1_powerpath initialized [1982ms]
2026-08-09 14:06:12.785296 [INFO] auth:Auth        :: Module auth initialized [1982ms]
2026-08-09 14:06:12.786113 [INFO] api:API          :: Module api initialized [1986ms]
2026-08-09 14:06:12.795016 [INFO] evse_security:E  :: Module evse_security initialized [1985ms]
2026-08-09 14:06:12.795589 [INFO] ev_manager:EvMa  :: Module ev_manager initialized [1987ms]
2026-08-09 14:06:12.807003 [INFO] grid_connection  :: Module grid_connection_point initialized [1997ms]
2026-08-09 14:06:12.809618 [INFO] error_history:E  :: Using database at "/tmp/error_history.db"
2026-08-09 14:06:12.809782 [INFO] error_history:E  :: Checking database
2026-08-09 14:06:12.809719 [INFO] iso15118_charge  :: Module iso15118_charger initialized [1996ms]
2026-08-09 14:06:12.809886 [INFO] slac:SlacSimula  :: Module slac initialized [1997ms]
2026-08-09 14:06:12.810812 [INFO] error_history:E  :: Module error_history initialized [2007ms]
2026-08-09 14:06:12.814263 [INFO] token_validator  :: Module token_validator initialized [1996ms]
2026-08-09 14:06:12.815433 [INFO] token_provider:  :: Module token_provider initialized [1997ms]
2026-08-09 14:06:12.819372 [INFO] evse_manager:Ev  :: Module evse_manager initialized [2009ms]
2026-08-09 14:06:13.149167 [INFO] iso15118_car     :: Module iso15118_car initialized [1978ms]
2026-08-09 14:06:13.190708 [INFO] manager          :: Clearing retained topics published by manager during startup
2026-08-09 14:06:13.191829 [INFO] manager          :: 🚙🚙🚙 All modules are initialized. EVerest up and running [2552ms] 🚙🚙🚙
2026-08-09 14:06:13.335635 [WARN] auth:Auth       void module::ReservationHandler::load_reservations() :: Can not load reservations because no storage was configured.
2026-08-09 14:06:13.595230 [INFO] evse_security:E  :: Requesting leaf certificate info: V2G
2026-08-09 14:06:13.599226 [INFO] evse_security:E  :: Found valid leaf: ["/home/ahzf/everest/dist/etc/everest/certs/client/cso/CPO_CERT_CHAIN.pem"]
2026-08-09 14:06:13.599345 [INFO] evse_security:E  :: Not requiring all valid leafs, returning
2026-08-09 14:06:13.642880 [INFO] evse_security:E  :: Requesting certificate file: [V2G] file:"/home/ahzf/everest/dist/etc/everest/certs/ca/v2g/V2G_ROOT_CA.pem"
2026-08-09 14:06:13.650641 [INFO] evse_manager:Ev  :: AC HLC mode enabled.
2026-08-09 14:06:13.686828 [INFO] evse_security:E  :: Requesting certificate file: [MO] file:"/home/ahzf/everest/dist/etc/everest/certs/ca/mo/MO_ROOT_CA.pem"
2026-08-09 14:06:13.696008 [INFO] evse_manager:Ev  :: Ignoring BSP Event, BSP is not enabled yet.
2026-08-09 14:06:13.726844 [INFO] iso15118_charge  :: Using ethernet interface: eth0
2026-08-09 14:06:13.726934 [INFO] iso15118_charge  :: Starting SDP server with address: ::
2026-08-09 14:06:13.739086 [INFO] evse_manager:Ev  :: Cleaning up any other transaction on start up
2026-08-09 14:06:13.871503 [INFO] evse_manager:Ev  :: 🌀🌀🌀 Ready to start charging 🌀🌀🌀
2026-08-09 14:07:47.262551 [INFO] ev_manager:EvMa  :: Finished simulation.
2026-08-09 14:07:53.966466 [INFO] connector_1_pow  :: Lock connector
2026-08-09 14:07:54.104460 [INFO] evse_manager:Ev  :: SYS  Session logging started.
2026-08-09 14:07:54.104643 [INFO] evse_manager:Ev  :: EVSE IEC Session Started: EVConnected
2026-08-09 14:07:54.106062 [INFO] auth:Auth        :: Plug In event for evse#1, starting auth
2026-08-09 14:07:54.106064 [INFO] token_provider:  :: Publishing new dummy token: {
    "authorization_type": "RFID",
    "id_token": {
        "type": "ISO14443",
        "value": "[redacted] hash: 29F2679CA504908"
    },
    "parent_id_token": {
        "type": "ISO14443",
        "value": "[redacted] hash: 29F2679CA504908"
    }
}
2026-08-09 14:07:54.107663 [INFO] auth:Auth        :: Received new token: {
    "authorization_type": "RFID",
    "id_token": {
        "type": "ISO14443",
        "value": "[redacted] hash: 29F2679CA504908"
    },
    "parent_id_token": {
        "type": "ISO14443",
        "value": "[redacted] hash: 29F2679CA504908"
    }
}
2026-08-09 14:07:54.151025 [INFO] token_validator  :: Got validation request for token: [redacted] hash: 29F2679CA504908
2026-08-09 14:07:54.401285 [INFO] token_validator  :: Returning validation status: Accepted
2026-08-09 14:07:54.402671 [INFO] auth:Auth        :: Providing authorization to evse#1
2026-08-09 14:07:54.505808 [INFO] evse_manager:Ev  :: EVSE IEC EIM Authorization received
2026-08-09 14:07:54.506904 [INFO] auth:Auth        :: Result for token: [redacted] hash: 29F2679CA504908: USED_TO_START_TRANSACTION
2026-08-09 14:07:54.599083 [INFO] evse_manager:Ev  :: EVSE IEC Transaction Started (0 kWh)
2026-08-09 14:07:54.599584 [INFO] evse_manager:Ev  :: EVSE IEC AC mode, HLC enabled(X1), matching already started. We are in X1 so we can go directly to nominal PWM.
2026-08-09 14:07:54.599755 [INFO] evse_manager:Ev  :: EVSE IEC Charger state: Wait for Auth->PrepareCharging
2026-08-09 14:07:54.600167 [INFO] evse_manager:Ev  :: EVSE IEC Set PWM On (53.3%) took 0 ms
2026-08-09 14:07:55.028873 [INFO] iso15118_charge  :: Got SDP request from fe80::215:5dff:fe6b:526%eth0
2026-08-09 14:07:55.030842 [INFO] iso15118_charge  :: Created logfile at: /mnt/d/Coding/OpenChargingCloud/ISO15118ConformanceTests/./260809_12-07-55.yaml
2026-08-09 14:07:56.026929 [INFO] evse_manager:Ev  :: EVSE ISO SLAC MATCHED
2026-08-09 14:07:56.026948 [INFO] evse_manager:Ev  :: EVSE ISO D-LINK_READY (true)
2026-08-09 14:07:58.247343 [INFO] iso15118_charge  :: Incoming connection from [fe80::215:5dff:fe6b:526%eth0]:55762
2026-08-09 14:07:58.260973 [INFO] evse_manager:Ev  ::                                     CAR ISO V2G SupportedAppProtocolReq
2026-08-09 14:07:58.273481 [INFO] iso15118_charge  :: Received session setup with evccid: EVCC01
2026-08-09 14:07:58.273853 [INFO] iso15118_charge  :: New session created with session_id: 0xC2, 0xB9, 0x2F, 0x49, 0x57, 0x3C, 0xF3, 0x5A
2026-08-09 14:07:58.302913 [INFO] evse_manager:Ev  :: EVSE ISO V2G SupportedAppProtocolRes
2026-08-09 14:07:58.303222 [INFO] evse_manager:Ev  ::                                     CAR ISO V2G SessionSetupReq
2026-08-09 14:07:58.386400 [INFO] iso15118_charge  :: Timestamp: 1786277278
2026-08-09 14:07:58.410798 [INFO] evse_manager:Ev  :: EVSE ISO V2G SessionSetupRes
2026-08-09 14:07:58.411038 [INFO] evse_manager:Ev  ::                                     CAR ISO V2G AuthorizationSetupReq
2026-08-09 14:07:58.498587 [INFO] evse_manager:Ev  :: EVSE ISO V2G AuthorizationSetupRes
2026-08-09 14:07:58.498900 [INFO] evse_manager:Ev  ::                                     CAR ISO V2G AuthorizationReq
2026-08-09 14:07:58.562851 [INFO] evse_manager:Ev  :: EVSE ISO V2G AuthorizationRes
2026-08-09 14:07:58.563911 [INFO] evse_manager:Ev  ::                                     CAR ISO V2G ServiceDiscoveryReq
2026-08-09 14:07:58.662851 [INFO] evse_manager:Ev  :: EVSE ISO V2G ServiceDiscoveryRes
2026-08-09 14:07:58.665354 [INFO] iso15118_charge  :: Requested info about ServiceID: 1
2026-08-09 14:07:58.666098 [INFO] evse_manager:Ev  ::                                     CAR ISO V2G ServiceDetailReq
2026-08-09 14:07:58.786462 [INFO] evse_manager:Ev  :: EVSE ISO V2G ServiceDetailRes
2026-08-09 14:07:58.786490 [INFO] evse_manager:Ev  ::                                     CAR ISO EV selected service: AC
2026-08-09 14:07:58.786716 [INFO] evse_manager:Ev  ::                                     CAR ISO V2G ServiceSelectionReq
2026-08-09 14:07:58.863113 [INFO] evse_manager:Ev  :: EVSE ISO V2G ServiceSelectionRes
2026-08-09 14:07:58.867207 [INFO] evse_manager:Ev  ::                                     CAR ISO V2G AcChargeParameterDiscoveryReq
2026-08-09 14:07:58.963131 [INFO] evse_manager:Ev  :: EVSE ISO V2G AcChargeParameterDiscoveryRes
2026-08-09 14:07:58.966506 [INFO] evse_manager:Ev  ::                                     CAR ISO V2G ScheduleExchangeReq
2026-08-09 14:07:59.063517 [INFO] evse_manager:Ev  :: EVSE ISO V2G ScheduleExchangeRes
2026-08-09 14:07:59.069514 [INFO] iso15118_charge  :: Waiting for contactor is closed
2026-08-09 14:07:59.069822 [INFO] evse_manager:Ev  ::                                     CAR ISO V2G PowerDeliveryReq
2026-08-09 14:07:59.114679 [INFO] evse_manager:Ev  ::                                     CAR ISO AC HLC Close contactor
2026-08-09 14:08:02.115434 [INFO] evse_manager:Ev  :: EVSE ISO V2G PowerDeliveryRes
