2026-08-09 14:13:48.791616 [INFO] manager          ::   ________      __                _   
2026-08-09 14:13:48.791782 [INFO] manager          ::  |  ____\ \    / /               | |
2026-08-09 14:13:48.791791 [INFO] manager          ::  | |__   \ \  / /__ _ __ ___  ___| |_
2026-08-09 14:13:48.791797 [INFO] manager          ::  |  __|   \ \/ / _ \ '__/ _ \/ __| __|
2026-08-09 14:13:48.791803 [INFO] manager          ::  | |____   \  /  __/ | |  __/\__ \ |_
2026-08-09 14:13:48.791809 [INFO] manager          ::  |______|   \/ \___|_|  \___||___/\__|
2026-08-09 14:13:48.791814 [INFO] manager          :: 
2026-08-09 14:13:48.791820 [INFO] manager          :: everest-framework 0.25.0-dev 2026.02.1
2026-08-09 14:13:48.791826 [INFO] manager          :: everest-core 2026.02.1-dev 2026.02.1
2026-08-09 14:13:48.791833 [INFO] manager          :: 
2026-08-09 14:13:48.791839 [INFO] manager          :: Using MQTT broker localhost:1883
2026-08-09 14:13:48.819544 [INFO] manager          :: Boot mode is set to YamlFile, loading module configs from YAML file
2026-08-09 14:13:48.819605 [INFO] manager          :: Loading config file at: /home/ahzf/everest/configs-ours/config-ac20-ours.yaml
2026-08-09 14:13:48.939396 [INFO] manager          :: Config loading completed in 147ms
2026-08-09 14:13:48.941315 [INFO] manager          :: Starting 15 modules
2026-08-09 14:13:50.956167 [INFO] energy_manager:  :: Module energy_manager initialized [1990ms]
2026-08-09 14:13:50.956357 [INFO] grid_connection  :: Module grid_connection_point initialized [1981ms]
2026-08-09 14:13:50.956629 [INFO] api_sink:Energy  :: Module api_sink initialized [1992ms]
2026-08-09 14:13:50.957616 [INFO] evse_security:E  :: Module evse_security initialized [1982ms]2026-08-09 14:13:50.957697 [INFO] error_history:E  :: Using database at "/tmp/error_history.db"

2026-08-09 14:13:50.957870 [INFO] error_history:E  :: Checking database
2026-08-09 14:13:50.959433 [INFO] error_history:E  :: Module error_history initialized [1988ms]
2026-08-09 14:13:50.960008 [INFO] connector_1_pow  :: Module connector_1_powerpath initialized [1995ms]
2026-08-09 14:13:50.960354 [INFO] ev_manager:EvMa  :: Module ev_manager initialized [1989ms]
2026-08-09 14:13:50.961802 [INFO] auth:Auth        :: Module auth initialized [1994ms]
2026-08-09 14:13:50.962417 [INFO] api:API          :: Module api initialized [1998ms]
2026-08-09 14:13:50.965854 [INFO] slac:SlacSimula  :: Module slac initialized [1987ms]
2026-08-09 14:13:50.966321 [INFO] token_provider:  :: Module token_provider initialized [1985ms]
2026-08-09 14:13:50.974166 [INFO] token_validator  :: Module token_validator initialized [1988ms]2026-08-09 14:13:50.974238 [INFO] evse_manager:Ev  :: Module evse_manager initialized [1999ms]

2026-08-09 14:13:50.980918 [INFO] iso15118_charge  :: Module iso15118_charger initialized [2000ms]
2026-08-09 14:13:51.353293 [INFO] iso15118_car     :: Module iso15118_car initialized [1976ms]
2026-08-09 14:13:51.398709 [INFO] manager          :: Clearing retained topics published by manager during startup
2026-08-09 14:13:51.400208 [INFO] manager          :: 🚙🚙🚙 All modules are initialized. EVerest up and running [2613ms] 🚙🚙🚙
2026-08-09 14:13:51.582966 [WARN] auth:Auth       void module::ReservationHandler::load_reservations() :: Can not load reservations because no storage was configured.
2026-08-09 14:13:51.847079 [INFO] evse_security:E  :: Requesting leaf certificate info: V2G
2026-08-09 14:13:51.851096 [INFO] evse_security:E  :: Found valid leaf: ["/home/ahzf/everest/dist/etc/everest/certs/client/cso/CPO_CERT_CHAIN.pem"]
2026-08-09 14:13:51.851181 [INFO] evse_security:E  :: Not requiring all valid leafs, returning
2026-08-09 14:13:51.894857 [INFO] evse_security:E  :: Requesting certificate file: [V2G] file:"/home/ahzf/everest/dist/etc/everest/certs/ca/v2g/V2G_ROOT_CA.pem"
2026-08-09 14:13:51.934557 [INFO] evse_manager:Ev  :: Ignoring BSP Event, BSP is not enabled yet.
2026-08-09 14:13:51.938197 [INFO] evse_manager:Ev  :: AC HLC mode enabled.
2026-08-09 14:13:51.942969 [INFO] evse_security:E  :: Requesting certificate file: [MO] file:"/home/ahzf/everest/dist/etc/everest/certs/ca/mo/MO_ROOT_CA.pem"
2026-08-09 14:13:51.979033 [INFO] iso15118_charge  :: Using ethernet interface: eth0
2026-08-09 14:13:51.979138 [INFO] iso15118_charge  :: Starting SDP server with address: ::
2026-08-09 14:13:52.450763 [INFO] evse_manager:Ev  :: Cleaning up any other transaction on start up
2026-08-09 14:13:52.587511 [INFO] evse_manager:Ev  :: 🌀🌀🌀 Ready to start charging 🌀🌀🌀
2026-08-09 14:15:25.382545 [INFO] ev_manager:EvMa  :: Finished simulation.
2026-08-09 14:15:31.902340 [INFO] connector_1_pow  :: Lock connector
2026-08-09 14:15:32.123188 [INFO] evse_manager:Ev  :: SYS  Session logging started.
2026-08-09 14:15:32.123357 [INFO] evse_manager:Ev  :: EVSE IEC Session Started: EVConnected
2026-08-09 14:15:32.124537 [INFO] auth:Auth        :: Plug In event for evse#1, starting auth
2026-08-09 14:15:32.124540 [INFO] token_provider:  :: Publishing new dummy token: {
    "authorization_type": "RFID",
    "id_token": {
        "type": "ISO14443",
        "value": "[redacted] hash: 29F2679CA504908"
    },
    "parent_id_token": {
        "type": "ISO14443",
        "value": "[redacted] hash: 29F2679CA504908"
    }
}
2026-08-09 14:15:32.125484 [INFO] auth:Auth        :: Received new token: {
    "authorization_type": "RFID",
    "id_token": {
        "type": "ISO14443",
        "value": "[redacted] hash: 29F2679CA504908"
    },
    "parent_id_token": {
        "type": "ISO14443",
        "value": "[redacted] hash: 29F2679CA504908"
    }
}
2026-08-09 14:15:32.126761 [INFO] token_validator  :: Got validation request for token: [redacted] hash: 29F2679CA504908
2026-08-09 14:15:32.184857 [INFO] iso15118_charge  :: Got SDP request from fe80::215:5dff:fe6b:526%eth0
2026-08-09 14:15:32.186441 [INFO] iso15118_charge  :: Created logfile at: /mnt/d/Coding/OpenChargingCloud/ISO15118ConformanceTests/./260809_12-15-32.yaml
2026-08-09 14:15:32.376955 [INFO] token_validator  :: Returning validation status: Accepted
2026-08-09 14:15:32.378203 [INFO] auth:Auth        :: Providing authorization to evse#1
2026-08-09 14:15:32.424074 [INFO] auth:Auth        :: Result for token: [redacted] hash: 29F2679CA504908: USED_TO_START_TRANSACTION
2026-08-09 14:15:32.424366 [INFO] evse_manager:Ev  :: EVSE IEC EIM Authorization received
2026-08-09 14:15:32.467661 [INFO] evse_manager:Ev  :: EVSE IEC Transaction Started (0 kWh)
2026-08-09 14:15:32.468139 [INFO] evse_manager:Ev  :: EVSE IEC AC mode, HLC enabled(X1), matching already started. We are in X1 so we can go directly to nominal PWM.
2026-08-09 14:15:32.468321 [INFO] evse_manager:Ev  :: EVSE IEC Charger state: Wait for Auth->PrepareCharging
2026-08-09 14:15:32.468931 [INFO] evse_manager:Ev  :: EVSE IEC Set PWM On (53.3%) took 0 ms
2026-08-09 14:15:34.202274 [INFO] evse_manager:Ev  :: EVSE ISO SLAC MATCHED
2026-08-09 14:15:34.202274 [INFO] evse_manager:Ev  :: EVSE ISO D-LINK_READY (true)
2026-08-09 14:15:35.362483 [INFO] iso15118_charge  :: Incoming connection from [fe80::215:5dff:fe6b:526%eth0]:35488
2026-08-09 14:15:35.379259 [INFO] evse_manager:Ev  ::                                     CAR ISO V2G SupportedAppProtocolReq
2026-08-09 14:15:35.392381 [INFO] iso15118_charge  :: Received session setup with evccid: EVCC01
2026-08-09 14:15:35.392751 [INFO] iso15118_charge  :: New session created with session_id: 0x8F, 0x82, 0x5A, 0xE1, 0x32, 0x02, 0xB3, 0x8F
2026-08-09 14:15:35.466624 [INFO] evse_manager:Ev  :: EVSE ISO V2G SupportedAppProtocolRes
2026-08-09 14:15:35.467201 [INFO] evse_manager:Ev  ::                                     CAR ISO V2G SessionSetupReq
2026-08-09 14:15:35.480815 [INFO] evse_manager:Ev  :: EVSE ISO V2G SessionSetupRes
2026-08-09 14:15:35.506161 [INFO] iso15118_charge  :: Timestamp: 1786277735
2026-08-09 14:15:35.506940 [INFO] evse_manager:Ev  ::                                     CAR ISO V2G AuthorizationSetupReq
2026-08-09 14:15:35.602561 [INFO] evse_manager:Ev  :: EVSE ISO V2G AuthorizationSetupRes
2026-08-09 14:15:35.602766 [INFO] evse_manager:Ev  ::                                     CAR ISO V2G AuthorizationReq
2026-08-09 14:15:35.694478 [INFO] evse_manager:Ev  :: EVSE ISO V2G AuthorizationRes
2026-08-09 14:15:35.694705 [INFO] evse_manager:Ev  ::                                     CAR ISO V2G ServiceDiscoveryReq
2026-08-09 14:15:35.780980 [INFO] evse_manager:Ev  :: EVSE ISO V2G ServiceDiscoveryRes
2026-08-09 14:15:35.783780 [INFO] iso15118_charge  :: Requested info about ServiceID: 1
2026-08-09 14:15:35.784496 [INFO] evse_manager:Ev  ::                                     CAR ISO V2G ServiceDetailReq
2026-08-09 14:15:35.881174 [INFO] evse_manager:Ev  :: EVSE ISO V2G ServiceDetailRes
2026-08-09 14:15:35.884047 [INFO] evse_manager:Ev  ::                                     CAR ISO V2G ServiceSelectionReq
2026-08-09 14:15:35.884077 [INFO] evse_manager:Ev  ::                                     CAR ISO EV selected service: AC
2026-08-09 14:15:36.014614 [INFO] evse_manager:Ev  :: EVSE ISO V2G ServiceSelectionRes
2026-08-09 14:15:36.015080 [INFO] evse_manager:Ev  ::                                     CAR ISO V2G AcChargeParameterDiscoveryReq
2026-08-09 14:15:36.081340 [INFO] evse_manager:Ev  :: EVSE ISO V2G AcChargeParameterDiscoveryRes
2026-08-09 14:15:36.084864 [INFO] evse_manager:Ev  ::                                     CAR ISO V2G ScheduleExchangeReq
2026-08-09 14:15:36.181128 [INFO] evse_manager:Ev  :: EVSE ISO V2G ScheduleExchangeRes
2026-08-09 14:15:36.186550 [INFO] iso15118_charge  :: Waiting for contactor is closed
2026-08-09 14:15:36.186963 [INFO] evse_manager:Ev  ::                                     CAR ISO V2G PowerDeliveryReq
2026-08-09 14:15:36.187021 [INFO] evse_manager:Ev  ::                                     CAR ISO AC HLC Close contactor
2026-08-09 14:15:36.281514 [INFO] evse_manager:Ev  :: EVSE ISO V2G PowerDeliveryRes
2026-08-09 14:15:36.286049 [INFO] evse_manager:Ev  ::                                     CAR ISO V2G AcChargeLoopReq
2026-08-09 14:15:36.381732 [INFO] evse_manager:Ev  :: EVSE ISO V2G AcChargeLoopRes
2026-08-09 14:15:36.466612 [INFO] evse_manager:Ev  ::                                     CAR ISO V2G AcChargeLoopReq
2026-08-09 14:15:36.510746 [INFO] evse_manager:Ev  :: EVSE ISO V2G AcChargeLoopRes
2026-08-09 14:15:36.531996 [INFO] evse_manager:Ev  ::                                     CAR ISO V2G AcChargeLoopReq
2026-08-09 14:15:36.581793 [INFO] evse_manager:Ev  :: EVSE ISO V2G AcChargeLoopRes
2026-08-09 14:15:36.632601 [INFO] evse_manager:Ev  ::                                     CAR ISO V2G PowerDeliveryReq
2026-08-09 14:15:36.632790 [INFO] evse_manager:Ev  ::                                     CAR ISO AC HLC Open contactor
2026-08-09 14:15:36.698615 [INFO] evse_manager:Ev  :: EVSE ISO V2G PowerDeliveryRes
2026-08-09 14:15:36.698806 [INFO] evse_manager:Ev  ::                                     CAR ISO V2G SessionStopReq
2026-08-09 14:15:36.782076 [INFO] evse_manager:Ev  :: EVSE ISO V2G SessionStopRes
