2026-08-09 14:11:22.146844 [INFO] manager          ::   ________      __                _   
2026-08-09 14:11:22.147053 [INFO] manager          ::  |  ____\ \    / /               | |
2026-08-09 14:11:22.147062 [INFO] manager          ::  | |__   \ \  / /__ _ __ ___  ___| |_
2026-08-09 14:11:22.147068 [INFO] manager          ::  |  __|   \ \/ / _ \ '__/ _ \/ __| __|
2026-08-09 14:11:22.147074 [INFO] manager          ::  | |____   \  /  __/ | |  __/\__ \ |_
2026-08-09 14:11:22.147080 [INFO] manager          ::  |______|   \/ \___|_|  \___||___/\__|
2026-08-09 14:11:22.147085 [INFO] manager          :: 
2026-08-09 14:11:22.147091 [INFO] manager          :: everest-framework 0.25.0-dev 2026.02.1
2026-08-09 14:11:22.147097 [INFO] manager          :: everest-core 2026.02.1-dev 2026.02.1
2026-08-09 14:11:22.147103 [INFO] manager          :: 
2026-08-09 14:11:22.147110 [INFO] manager          :: Using MQTT broker localhost:1883
2026-08-09 14:11:22.167751 [INFO] manager          :: Boot mode is set to YamlFile, loading module configs from YAML file
2026-08-09 14:11:22.167815 [INFO] manager          :: Loading config file at: /home/ahzf/everest/configs-ours/config-ac20-ours.yaml
2026-08-09 14:11:22.282511 [INFO] manager          :: Config loading completed in 135ms
2026-08-09 14:11:22.284492 [INFO] manager          :: Starting 15 modules
2026-08-09 14:11:24.281713 [INFO] energy_manager:  :: Module energy_manager initialized [1973ms]
2026-08-09 14:11:24.283716 [INFO] error_history:E  :: Using database at "/tmp/error_history.db"
2026-08-09 14:11:24.283856 [INFO] error_history:E  :: Checking database
2026-08-09 14:11:24.284756 [INFO] error_history:E  :: Module error_history initialized [1975ms]
2026-08-09 14:11:24.285108 [INFO] auth:Auth        :: Module auth initialized [1976ms]
2026-08-09 14:11:24.285995 [INFO] api:API          :: Module api initialized [1979ms]
2026-08-09 14:11:24.298138 [INFO] api_sink:Energy  :: Module api_sink initialized [1992ms]
2026-08-09 14:11:24.299750 [INFO] connector_1_pow  :: Module connector_1_powerpath initialized [1991ms]
2026-08-09 14:11:24.300330 [INFO] iso15118_charge  :: Module iso15118_charger initialized [1981ms]
2026-08-09 14:11:24.319711 [INFO] grid_connection  :: Module grid_connection_point initialized [2003ms]
2026-08-09 14:11:24.320441 [INFO] ev_manager:EvMa  :: Module ev_manager initialized [2006ms]
2026-08-09 14:11:24.320576 [INFO] evse_security:E  :: Module evse_security initialized [2003ms]
2026-08-09 14:11:24.320760 [INFO] slac:SlacSimula  :: Module slac initialized [2001ms]
2026-08-09 14:11:24.323070 [INFO] token_provider:  :: Module token_provider initialized [1999ms]
2026-08-09 14:11:24.323493 [INFO] token_validator  :: Module token_validator initialized [2000ms]
2026-08-09 14:11:24.331824 [INFO] evse_manager:Ev  :: Module evse_manager initialized [2015ms]
2026-08-09 14:11:24.689150 [INFO] iso15118_car     :: Module iso15118_car initialized [1973ms]
2026-08-09 14:11:24.730715 [INFO] manager          :: Clearing retained topics published by manager during startup
2026-08-09 14:11:24.731739 [INFO] manager          :: 🚙🚙🚙 All modules are initialized. EVerest up and running [2591ms] 🚙🚙🚙
2026-08-09 14:11:24.875496 [WARN] auth:Auth       void module::ReservationHandler::load_reservations() :: Can not load reservations because no storage was configured.
2026-08-09 14:11:25.101878 [INFO] evse_manager:Ev  :: AC HLC mode enabled.
2026-08-09 14:11:25.135367 [INFO] evse_security:E  :: Requesting leaf certificate info: V2G
2026-08-09 14:11:25.139848 [INFO] evse_security:E  :: Found valid leaf: ["/home/ahzf/everest/dist/etc/everest/certs/client/cso/CPO_CERT_CHAIN.pem"]
2026-08-09 14:11:25.139952 [INFO] evse_security:E  :: Not requiring all valid leafs, returning
2026-08-09 14:11:25.182812 [INFO] evse_security:E  :: Requesting certificate file: [V2G] file:"/home/ahzf/everest/dist/etc/everest/certs/ca/v2g/V2G_ROOT_CA.pem"
2026-08-09 14:11:25.226684 [INFO] evse_security:E  :: Requesting certificate file: [MO] file:"/home/ahzf/everest/dist/etc/everest/certs/ca/mo/MO_ROOT_CA.pem"
2026-08-09 14:11:25.238431 [INFO] evse_manager:Ev  :: Ignoring BSP Event, BSP is not enabled yet.
2026-08-09 14:11:25.266831 [INFO] iso15118_charge  :: Using ethernet interface: eth0
2026-08-09 14:11:25.266954 [INFO] iso15118_charge  :: Starting SDP server with address: ::
2026-08-09 14:11:25.282609 [INFO] evse_manager:Ev  :: Cleaning up any other transaction on start up
2026-08-09 14:11:25.415318 [INFO] evse_manager:Ev  :: 🌀🌀🌀 Ready to start charging 🌀🌀🌀
2026-08-09 14:12:58.782519 [INFO] ev_manager:EvMa  :: Finished simulation.
2026-08-09 14:13:05.242465 [INFO] connector_1_pow  :: Lock connector
2026-08-09 14:13:05.376023 [INFO] evse_manager:Ev  :: SYS  Session logging started.
2026-08-09 14:13:05.376176 [INFO] evse_manager:Ev  :: EVSE IEC Session Started: EVConnected
2026-08-09 14:13:05.377275 [INFO] auth:Auth        :: Plug In event for evse#1, starting auth
2026-08-09 14:13:05.377333 [INFO] token_provider:  :: Publishing new dummy token: {
    "authorization_type": "RFID",
    "id_token": {
        "type": "ISO14443",
        "value": "[redacted] hash: 29F2679CA504908"
    },
    "parent_id_token": {
        "type": "ISO14443",
        "value": "[redacted] hash: 29F2679CA504908"
    }
}
2026-08-09 14:13:05.378215 [INFO] auth:Auth        :: Received new token: {
    "authorization_type": "RFID",
    "id_token": {
        "type": "ISO14443",
        "value": "[redacted] hash: 29F2679CA504908"
    },
    "parent_id_token": {
        "type": "ISO14443",
        "value": "[redacted] hash: 29F2679CA504908"
    }
}
2026-08-09 14:13:05.379464 [INFO] token_validator  :: Got validation request for token: [redacted] hash: 29F2679CA504908
2026-08-09 14:13:05.494307 [INFO] iso15118_charge  :: Got SDP request from fe80::215:5dff:fe6b:526%eth0
2026-08-09 14:13:05.495938 [INFO] iso15118_charge  :: Created logfile at: /mnt/d/Coding/OpenChargingCloud/ISO15118ConformanceTests/./260809_12-13-05.yaml
2026-08-09 14:13:05.629677 [INFO] token_validator  :: Returning validation status: Accepted
2026-08-09 14:13:05.631114 [INFO] auth:Auth        :: Providing authorization to evse#1
2026-08-09 14:13:05.677058 [INFO] evse_manager:Ev  :: EVSE IEC EIM Authorization received
2026-08-09 14:13:05.677814 [INFO] auth:Auth        :: Result for token: [redacted] hash: 29F2679CA504908: USED_TO_START_TRANSACTION
2026-08-09 14:13:05.718643 [INFO] evse_manager:Ev  :: EVSE IEC Transaction Started (0 kWh)
2026-08-09 14:13:05.719205 [INFO] evse_manager:Ev  :: EVSE IEC AC mode, HLC enabled(X1), matching already started. We are in X1 so we can go directly to nominal PWM.
2026-08-09 14:13:05.719347 [INFO] evse_manager:Ev  :: EVSE IEC Charger state: Wait for Auth->PrepareCharging
2026-08-09 14:13:05.719970 [INFO] evse_manager:Ev  :: EVSE IEC Set PWM On (53.3%) took 0 ms
2026-08-09 14:13:07.330877 [INFO] evse_manager:Ev  :: EVSE ISO D-LINK_READY (true)
2026-08-09 14:13:07.330858 [INFO] evse_manager:Ev  :: EVSE ISO SLAC MATCHED
2026-08-09 14:13:07.965302 [INFO] evse_manager:Ev  ::                                     CAR IEC Event CarRequestedPower
2026-08-09 14:13:07.965485 [INFO] evse_manager:Ev  :: EVSE IEC Charger state: PrepareCharging->Charging
2026-08-09 14:13:08.234693 [INFO] evse_manager:Ev  :: EVSE IEC Event PowerOn
2026-08-09 14:13:08.573474 [INFO] iso15118_charge  :: Incoming connection from [fe80::215:5dff:fe6b:526%eth0]:49382
2026-08-09 14:13:08.587009 [INFO] evse_manager:Ev  ::                                     CAR ISO V2G SupportedAppProtocolReq
2026-08-09 14:13:08.600918 [INFO] iso15118_charge  :: Received session setup with evccid: EVCC01
2026-08-09 14:13:08.601387 [INFO] iso15118_charge  :: New session created with session_id: 0x31, 0x2F, 0xD6, 0x36, 0xC5, 0x21, 0x84, 0xBC
2026-08-09 14:13:08.630808 [INFO] evse_manager:Ev  :: EVSE ISO V2G SupportedAppProtocolRes
2026-08-09 14:13:08.631132 [INFO] evse_manager:Ev  ::                                     CAR ISO V2G SessionSetupReq
2026-08-09 14:13:08.716289 [INFO] iso15118_charge  :: Timestamp: 1786277588
2026-08-09 14:13:08.770468 [INFO] evse_manager:Ev  :: EVSE ISO V2G SessionSetupRes
2026-08-09 14:13:08.770635 [INFO] evse_manager:Ev  ::                                     CAR ISO V2G AuthorizationSetupReq
2026-08-09 14:13:08.842833 [INFO] evse_manager:Ev  :: EVSE ISO V2G AuthorizationSetupRes
2026-08-09 14:13:08.843124 [INFO] evse_manager:Ev  ::                                     CAR ISO V2G AuthorizationReq
2026-08-09 14:13:08.889014 [INFO] evse_manager:Ev  :: EVSE ISO V2G AuthorizationRes
2026-08-09 14:13:08.890313 [INFO] evse_manager:Ev  ::                                     CAR ISO V2G ServiceDiscoveryReq
2026-08-09 14:13:08.989105 [INFO] evse_manager:Ev  :: EVSE ISO V2G ServiceDiscoveryRes
2026-08-09 14:13:08.993257 [INFO] iso15118_charge  :: Requested info about ServiceID: 1
2026-08-09 14:13:08.994051 [INFO] evse_manager:Ev  ::                                     CAR ISO V2G ServiceDetailReq
2026-08-09 14:13:09.088984 [INFO] evse_manager:Ev  :: EVSE ISO V2G ServiceDetailRes
2026-08-09 14:13:09.092461 [INFO] evse_manager:Ev  ::                                     CAR ISO V2G ServiceSelectionReq
2026-08-09 14:13:09.092552 [INFO] evse_manager:Ev  ::                                     CAR ISO EV selected service: AC
2026-08-09 14:13:09.198623 [INFO] evse_manager:Ev  :: EVSE ISO V2G ServiceSelectionRes
2026-08-09 14:13:09.198934 [INFO] evse_manager:Ev  ::                                     CAR ISO V2G AcChargeParameterDiscoveryReq
2026-08-09 14:13:09.310791 [INFO] evse_manager:Ev  :: EVSE ISO V2G AcChargeParameterDiscoveryRes
2026-08-09 14:13:09.311107 [INFO] evse_manager:Ev  ::                                     CAR ISO V2G ScheduleExchangeReq
2026-08-09 14:13:09.389778 [INFO] evse_manager:Ev  :: EVSE ISO V2G ScheduleExchangeRes
2026-08-09 14:13:09.397807 [INFO] iso15118_charge  :: Waiting for contactor is closed
2026-08-09 14:13:09.398445 [INFO] evse_manager:Ev  ::                                     CAR ISO V2G PowerDeliveryReq
2026-08-09 14:13:09.438894 [INFO] evse_manager:Ev  ::                                     CAR ISO AC HLC Close contactor
2026-08-09 14:13:12.470591 [INFO] evse_manager:Ev  :: EVSE ISO V2G PowerDeliveryRes
