# Frames as recorded, per direction. Ordering within a direction is real;
# the two directions are not interleaved, because the recording has no timestamps.

## EV -> station: 143 byte(s), 4 frame(s)
[0] SupportedAppProtocolReq payloadType=0x8001 bytes=45
    01fe8001000000258000f3ab9371d34b9b79d39ba321d34b9b79d189a98989c1d1699181d22218010000040040
[1] SessionSetupReq payloadType=0x8002 bytes=47
    01fe800200000027808c0418181818181818180b294b9d30620b22a2232b23291899199a1a9b1b9c1cad2d2d2d1c00
[2] AuthorizationSetupReq payloadType=0x8002 bytes=25
    01fe800200000011800804614ec3c256b8e42d0b294b9d3062
[3] SessionStopReq payloadType=0x8002 bytes=26
    01fe800200000012809404614ec3c256b8e42d0b294b9d306228

## station -> EV: 104 byte(s), 4 frame(s)
[0] SupportedAppProtocolRes (OK_SuccessfulNegotiation) payloadType=0x8001 bytes=12
    01fe80010000000480400040
[1] SessionSetupRes (OK_NewSessionEstablished) payloadType=0x8002 bytes=37
    01fe80020000001d809004614ec3c256b8e42d0b294b9d30620402d1114a905090ca914c40
[2] AuthorizationSetupRes (OK) payloadType=0x8002 bytes=28
    01fe800200000014800c04614ec3c256b8e42d0b294b9d3062000400
[3] SessionStopRes (OK) payloadType=0x8002 bytes=27
    01fe800200000013809804614ec3c256b8e42d0b294b9d30620000
