# Frames as recorded, per direction. Ordering within a direction is real;
# the two directions are not interleaved, because the recording has no timestamps.

## EV -> station: 143 byte(s), 4 frame(s)
[0] SupportedAppProtocolReq payloadType=0x8001 bytes=45
    01fe8001000000258000f3ab9371d34b9b79d39ba321d34b9b79d189a98989c1d1699181d22218010000040040
[1] SessionSetupReq payloadType=0x8002 bytes=47
    01fe800200000027808c0418181818181818180c989b9d30620b22a2232b23291899199a1a9b1b9c1cad2d2d2d1c00
[2] AuthorizationSetupReq payloadType=0x8002 bytes=25
    01fe800200000011800804311b46b610104a7c0c989b9d3062
[3] SessionStopReq payloadType=0x8002 bytes=26
    01fe800200000012809404311b46b610104a7c0c989b9d306228

## station -> EV: 122 byte(s), 4 frame(s)
[0] SupportedAppProtocolRes (OK_SuccessfulNegotiation) payloadType=0x8001 bytes=12
    01fe80010000000480400040
[1] SessionSetupRes (OK_NewSessionEstablished) payloadType=0x8002 bytes=37
    01fe80020000001d809004311b46b610104a7c0c989b9d30620402d1114a905090ca914c40
[2] AuthorizationSetupRes (OK) payloadType=0x8002 bytes=46
    01fe800200000026800c04311b46b610104a7c0c989b9d3062002012087866a6bdc4ad528f555c9b5a8c21388310
[3] SessionStopRes (OK) payloadType=0x8002 bytes=27
    01fe800200000013809804311b46b610104a7c0c989b9d30620000
