DEBUG    2026-07-22 15:16:21,491 - asyncio (54): Using selector: EpollSelector
INFO    2026-07-22 15:16:21,493 - iso15118.secc.secc_settings (112): SECC settings:
INFO    2026-07-22 15:16:21,493 - iso15118.secc.secc_settings (114): NETWORK_INTERFACE             : eth0
INFO    2026-07-22 15:16:21,493 - iso15118.secc.secc_settings (114): LOG_LEVEL                     : DEBUG
INFO    2026-07-22 15:16:21,493 - iso15118.secc.secc_settings (114): SECC_ENFORCE_TLS              : True
INFO    2026-07-22 15:16:21,493 - iso15118.secc.secc_settings (114): FREE_CHARGING_SERVICE         : False
INFO    2026-07-22 15:16:21,493 - iso15118.secc.secc_settings (114): FREE_CERT_INSTALL_SERVICE     : True
INFO    2026-07-22 15:16:21,493 - iso15118.secc.secc_settings (114): USE_CPO_BACKEND               : False
INFO    2026-07-22 15:16:21,493 - iso15118.secc.secc_settings (114): ALLOW_CERT_INSTALL_SERVICE    : True
INFO    2026-07-22 15:16:21,493 - iso15118.secc.secc_settings (114): PROTOCOLS                     : ['DIN_SPEC_70121', 'ISO_15118_2', 'ISO_15118_20_AC', 'ISO_15118_20_DC']
INFO    2026-07-22 15:16:21,493 - iso15118.secc.secc_settings (114): AUTH_MODES                    : ['EIM', 'PNC']
INFO    2026-07-22 15:16:21,493 - iso15118.secc.secc_settings (114): STANDBY_ALLOWED               : False
INFO    2026-07-22 15:16:21,493 - iso15118.secc.secc_settings (114): PKI_PATH                      : /venv/lib/python3.10/site-packages/iso15118/shared/pki/
INFO    2026-07-22 15:16:21,493 - iso15118.secc.secc_settings (114): MESSAGE_LOG_JSON              : True
INFO    2026-07-22 15:16:21,493 - iso15118.secc.secc_settings (114): MESSAGE_LOG_EXI               : False
INFO    2026-07-22 15:16:21,493 - iso15118.secc.secc_settings (114): ENABLE_TLS_1_3                : True
DEBUG    2026-07-22 15:16:21,493 - iso15118.secc.controller.simulator (266): New Status: starting
INFO    2026-07-22 15:16:23,142 - iso15118.shared.exi_codec (177): EXI Codec version: 1.55
INFO    2026-07-22 15:16:23,142 - iso15118.secc (31): Starting 15118 version: 0.31.2
INFO    2026-07-22 15:16:23,142 - iso15118.secc.comm_session_handler (235): Communication session handler started
INFO    2026-07-22 15:16:23,145 - iso15118.secc.transport.udp_server (137): UDP server socket ready
INFO    2026-07-22 15:16:23,145 - iso15118.secc.transport.udp_server (123): UDP server started at address FF02::1%eth0 and port 15118
DEBUG    2026-07-22 15:16:23,156 - iso15118.secc.controller.simulator (266): New Status: ready
DEBUG    2026-07-22 15:16:28,765 - iso15118.secc.transport.udp_server (158): Message received from ('fe80::215:5dff:fe46:863f', 59318, 0, 2): 01fe9000000000020000
INFO    2026-07-22 15:16:28,765 - iso15118.secc.comm_session_handler (437): SDPRequest received: [Security: TLS, Protocol: TCP]
INFO    2026-07-22 15:16:28,782 - iso15118.secc.transport.tcp_server (134): TLS server started at address fe80::215:5dff:fe46:863f%eth0 and port 65143
INFO    2026-07-22 15:16:28,793 - iso15118.secc.comm_session_handler (464): Sending SDPResponse: [ IP address: fe80::215:5dff:fe46:863f, Port: 65143 , Security: TLS , Transport: TCP ]
INFO    2026-07-22 15:16:29,863 - iso15118.secc.transport.udp_server (201): UDP server has been paused.
INFO    2026-07-22 15:16:29,863 - iso15118.secc.comm_session_handler (284): TCP client connected, client address is ('fe80::215:5dff:fe46:863f', 39832, 0, 2).
INFO    2026-07-22 15:16:29,880 - iso15118.shared.comm_session (344): Starting a new communication session
INFO    2026-07-22 15:16:29,880 - iso15118.shared.states (139): Entered state SupportedAppProtocol
DEBUG    2026-07-22 15:16:29,880 - iso15118.shared.states (143): Waiting for up to 20.0 s
INFO    2026-07-22 15:16:30,106 - iso15118.shared.exi_codec (302): Decoded message (ns=urn:iso:15118:2:2010:AppProtocol): {"supportedAppProtocolReq":{"AppProtocol":[{"ProtocolNamespace":"urn:iso:std:iso:15118:-20:DC","VersionNumberMajor":1,"VersionNumberMinor":0,"SchemaID":1,"Priority":1}]}}
INFO    2026-07-22 15:16:30,106 - iso15118.shared.comm_session (235): supportedAppProtocolReq received
INFO    2026-07-22 15:16:30,107 - iso15118.shared.exi_codec (248): Message to encode (ns=urn:iso:15118:2:2010:AppProtocol): {"supportedAppProtocolRes": {"ResponseCode": "OK_SuccessfulNegotiation", "SchemaID": 1}}
INFO    2026-07-22 15:16:30,135 - iso15118.secc.states.sap_states (147): Chosen protocol: ISO_15118_20_DC
INFO    2026-07-22 15:16:30,136 - iso15118.shared.comm_session (431): Sent supportedAppProtocolRes
INFO    2026-07-22 15:16:30,136 - iso15118.secc.controller.simulator (766): iso15118 state: SupportedAppProtocol
INFO    2026-07-22 15:16:30,136 - iso15118.shared.states (139): Entered state SessionSetup
DEBUG    2026-07-22 15:16:30,136 - iso15118.shared.states (143): Waiting for up to 20.0 s
INFO    2026-07-22 15:16:30,502 - iso15118.shared.exi_codec (302): Decoded message (ns=urn:iso:std:iso:15118:-20:CommonMessages): {"SessionSetupReq":{"Header":{"SessionID":"0000000000000000","TimeStamp":1784733390},"EVCCID":"EVCC01"}}
INFO    2026-07-22 15:16:30,503 - iso15118.shared.comm_session (235): SessionSetupReq received
WARNING    2026-07-22 15:16:30,503 - iso15118.secc.states.iso15118_20_states (161): EVCC's session ID 0000000000000000 does not match . New session ID 1C2B4AB409D2423C assigned
INFO    2026-07-22 15:16:30,504 - iso15118.shared.exi_codec (248): Message to encode (ns=urn:iso:std:iso:15118:-20:CommonMessages): {"SessionSetupRes": {"Header": {"SessionID": "1C2B4AB409D2423C", "TimeStamp": 1784733390}, "ResponseCode": "OK_NewSessionEstablished", "EVSEID": "UK123E1234"}}
INFO    2026-07-22 15:16:30,591 - iso15118.shared.comm_session (431): Sent SessionSetupRes
INFO    2026-07-22 15:16:30,591 - iso15118.secc.controller.simulator (766): iso15118 state: SessionSetup
INFO    2026-07-22 15:16:30,591 - iso15118.shared.states (139): Entered state AuthorizationSetup
DEBUG    2026-07-22 15:16:30,591 - iso15118.shared.states (143): Waiting for up to 20.0 s
INFO    2026-07-22 15:16:30,995 - iso15118.shared.exi_codec (302): Decoded message (ns=urn:iso:std:iso:15118:-20:CommonMessages): {"AuthorizationSetupReq":{"Header":{"SessionID":"1C2B4AB409D2423C","TimeStamp":1784733390}}}
INFO    2026-07-22 15:16:30,995 - iso15118.shared.comm_session (235): AuthorizationSetupReq received
INFO    2026-07-22 15:16:30,996 - iso15118.shared.exi_codec (248): Message to encode (ns=urn:iso:std:iso:15118:-20:CommonMessages): {"AuthorizationSetupRes": {"Header": {"SessionID": "1C2B4AB409D2423C", "TimeStamp": 1784733390}, "ResponseCode": "OK", "AuthorizationServices": ["PnC", "EIM"], "CertificateInstallationService": true, "PnC_ASResAuthorizationMode": {"GenChallenge": "RCDyCXYe3uwWqlKukhY8EQ=="}}}
INFO    2026-07-22 15:16:31,068 - iso15118.shared.comm_session (431): Sent AuthorizationSetupRes
INFO    2026-07-22 15:16:31,068 - iso15118.secc.controller.simulator (766): iso15118 state: AuthorizationSetup
INFO    2026-07-22 15:16:31,244 - iso15118.shared.exi_codec (302): Decoded message (ns=urn:iso:std:iso:15118:-20:CommonMessages): {"AuthorizationReq":{"Header":{"SessionID":"1C2B4AB409D2423C","TimeStamp":1784733391,"Signature":{"SignedInfo":{"CanonicalizationMethod":{"Algorithm":"http://www.w3.org/TR/canonical-exi/"},"SignatureMethod":{"Algorithm":"http://www.w3.org/2001/04/xmldsig-more#ecdsa-sha256"},"Reference":[{"URI":"#id1","Transforms":{"Transform":[{"Algorithm":"http://www.w3.org/TR/canonical-exi/"}]},"DigestMethod":{"Algorithm":"http://www.w3.org/2001/04/xmlenc#sha256"},"DigestValue":"ty5km8wAyq2fxJYDgu4iqn/CX+QNI7P1ENyeOpG4RhU="}]},"SignatureValue":{"value":"ovoGFTKqUQ73i2q85Dt5TFybkwOftmaK4MAbIL0MjnfZ4n9L8wWk7imLIkfnwpzS8GAxuqGyNyk0UO88GWd8cQ=="}}},"SelectedAuthorizationService":"PnC","PnC_AReqAuthorizationMode":{"Id":"id1","GenChallenge":"RCDyCXYe3uwWqlKukhY8EQ==","ContractCertificateChain":{"Certificate":"MIICZDCCAgmgAwIBAgICMEQwCgYIKoZIzj0EAwIwVjEiMCAGA1UEAwwZUEtJLUV4dF9DUlRfTU9fU1VCMl9WQUxJRDEPMA0GA1UECgwGU3dpdGNoMQswCQYDVQQGEwJVSzESMBAGCgmSJomT8ixkARkWAk1PMB4XDTI2MDcyMTExNTMyMVoXDTI4MDcyMDExNTMyMVowTDEYMBYGA1UEAwwPVUtTV0kxMjM0NTY3OTFBMQ8wDQYDVQQKDAZTd2l0Y2gxCzAJBgNVBAYTAlVLMRIwEAYKCZImiZPyLGQBGRYCTU8wWTATBgcqhkjOPQIBBggqhkjOPQMBBwNCAASPcMR9PWoRGsJUtanwWG35is1JNazQouYmCqlvsiEKQDyLpSCTLAIwK0AJji7FDgbpHrOM+82YCirJywcZzauHo4HQMIHNMAwGA1UdEwEB/wQCMAAwDgYDVR0PAQH/BAQDAgPoMB0GA1UdDgQWBBQWT/G4zhwa/+ySeGEklHCy7y6GETBtBggrBgEFBQcBAQRhMF8wJAYIKwYBBQUHMAGGGGh0dHBzOi8vd3d3LmV4YW1wbGUuY29tLzA3BggrBgEFBQcwAoYraHR0cHM6Ly93d3cuZXhhbXBsZS5jb20vSW50ZXJtZWRpYXRlLUNBLmNlcjAfBgNVHSMEGDAWgBQE5KGTQteje6QejZgDDp+H+9PmajAKBggqhkjOPQQDAgNJADBGAiEAhnFc5UjTZQCbuZkmR7eHnJ03PMj+1B3F/ULTFnjHLI8CIQDFYbLbXqyvIRGSjDQVjoUmhpqvGg4exZyIgKf1iWnHaw==","SubCertificates":{"Certificate":["MIICYzCCAgigAwIBAgICMEIwCgYIKoZIzj0EAwIwRTERMA8GA1UEAwwITU9Sb290Q0ExDzANBgNVBAoMBlN3aXRjaDELMAkGA1UEBhMCVUsxEjAQBgoJkiaJk/IsZAEZFgJNTzAeFw0yNjA3MjExMTUzMjFaFw0zMDA3MjAxMTUzMjFaMFYxIjAgBgNVBAMMGVBLSS1FeHRfQ1JUX01PX1NVQjFfVkFMSUQxDzANBgNVBAoMBlN3aXRjaDELMAkGA1UEBhMCVUsxEjAQBgoJkiaJk/IsZAEZFgJNTzBZMBMGByqGSM49AgEGCCqGSM49AwEHA0IABGX87iNhAe+7mzWkCS6yc3b4huU3NXoz1MH0PTcXKp2n5XPV+6+5/45AbhKSveAATuZUdQH6kGIOkRwA/KZ7u6yjgdYwgdMwEgYDVR0TAQH/BAgwBgEB/wIBATAOBgNVHQ8BAf8EBAMCAQYwHQYDVR0OBBYEFCMOCDj8xRY6604cjVYUpNHyrXfsMG0GCCsGAQUFBwEBBGEwXzAkBggrBgEFBQcwAYYYaHR0cHM6Ly93d3cuZXhhbXBsZS5jb20vMDcGCCsGAQUFBzAChitodHRwczovL3d3dy5leGFtcGxlLmNvbS9JbnRlcm1lZGlhdGUtQ0EuY2VyMB8GA1UdIwQYMBaAFJH0C7gAn6XBuT1ZPL8zNvr+zNl3MAoGCCqGSM49BAMCA0kAMEYCIQCGRcfkuKcJGq1zVhMJOMsJ1kWOiiHjQbMhQjobw8WqVwIhAOJ+7n6dWbsoc/v353G8L9R22c/+Y6t8BoYbGe5zimk4","MIICcjCCAhmgAwIBAgICMEMwCgYIKoZIzj0EAwIwVjEiMCAGA1UEAwwZUEtJLUV4dF9DUlRfTU9fU1VCMV9WQUxJRDEPMA0GA1UECgwGU3dpdGNoMQswCQYDVQQGEwJVSzESMBAGCgmSJomT8ixkARkWAk1PMB4XDTI2MDcyMTExNTMyMVoXDTMwMDcyMDExNTMyMVowVjEiMCAGA1UEAwwZUEtJLUV4dF9DUlRfTU9fU1VCMl9WQUxJRDEPMA0GA1UECgwGU3dpdGNoMQswCQYDVQQGEwJVSzESMBAGCgmSJomT8ixkARkWAk1PMFkwEwYHKoZIzj0CAQYIKoZIzj0DAQcDQgAEHMR8BBuQ69sa5oonNzNyTMppyKA9JFnOKHlrSuleKsZoVFdRCpJlHFoUOmnxJ3wayr4tchFB3xB7jJjAckLZ46OB1jCB0zASBgNVHRMBAf8ECDAGAQH/AgEAMA4GA1UdDwEB/wQEAwIBxjAdBgNVHQ4EFgQUBOShk0LXo3ukHo2YAw6fh/vT5mowbQYIKwYBBQUHAQEEYTBfMCQGCCsGAQUFBzABhhhodHRwczovL3d3dy5leGFtcGxlLmNvbS8wNwYIKwYBBQUHMAKGK2h0dHBzOi8vd3d3LmV4YW1wbGUuY29tL0ludGVybWVkaWF0ZS1DQS5jZXIwHwYDVR0jBBgwFoAUIw4IOPzFFjrrThyNVhSk0fKtd+wwCgYIKoZIzj0EAwIDRwAwRAIgGCNE4tWgUqjzAxTow3Uf8HPoKnCT39oeZYFMGvM/LYYCIFAMF8lW7Xe8R54cYllDRUze2yNv30kI2CQ/LpZDgbcu"]}}}}}
INFO    2026-07-22 15:16:31,247 - iso15118.shared.comm_session (235): AuthorizationReq received
INFO    2026-07-22 15:16:31,247 - iso15118.shared.states (139): Entered state Authorization
DEBUG    2026-07-22 15:16:31,247 - iso15118.shared.states (143): Waiting for up to 20.0 s
INFO    2026-07-22 15:16:31,247 - iso15118.shared.exi_codec (248): Message to encode (ns=urn:iso:std:iso:15118:-20:CommonMessages): {"PnC_AReqAuthorizationMode": {"Id": "id1", "GenChallenge": "RCDyCXYe3uwWqlKukhY8EQ==", "ContractCertificateChain": {"Certificate": "MIICZDCCAgmgAwIBAgICMEQwCgYIKoZIzj0EAwIwVjEiMCAGA1UEAwwZUEtJLUV4dF9DUlRfTU9fU1VCMl9WQUxJRDEPMA0GA1UECgwGU3dpdGNoMQswCQYDVQQGEwJVSzESMBAGCgmSJomT8ixkARkWAk1PMB4XDTI2MDcyMTExNTMyMVoXDTI4MDcyMDExNTMyMVowTDEYMBYGA1UEAwwPVUtTV0kxMjM0NTY3OTFBMQ8wDQYDVQQKDAZTd2l0Y2gxCzAJBgNVBAYTAlVLMRIwEAYKCZImiZPyLGQBGRYCTU8wWTATBgcqhkjOPQIBBggqhkjOPQMBBwNCAASPcMR9PWoRGsJUtanwWG35is1JNazQouYmCqlvsiEKQDyLpSCTLAIwK0AJji7FDgbpHrOM+82YCirJywcZzauHo4HQMIHNMAwGA1UdEwEB/wQCMAAwDgYDVR0PAQH/BAQDAgPoMB0GA1UdDgQWBBQWT/G4zhwa/+ySeGEklHCy7y6GETBtBggrBgEFBQcBAQRhMF8wJAYIKwYBBQUHMAGGGGh0dHBzOi8vd3d3LmV4YW1wbGUuY29tLzA3BggrBgEFBQcwAoYraHR0cHM6Ly93d3cuZXhhbXBsZS5jb20vSW50ZXJtZWRpYXRlLUNBLmNlcjAfBgNVHSMEGDAWgBQE5KGTQteje6QejZgDDp+H+9PmajAKBggqhkjOPQQDAgNJADBGAiEAhnFc5UjTZQCbuZkmR7eHnJ03PMj+1B3F/ULTFnjHLI8CIQDFYbLbXqyvIRGSjDQVjoUmhpqvGg4exZyIgKf1iWnHaw==", "SubCertificates": {"Certificate": ["MIICYzCCAgigAwIBAgICMEIwCgYIKoZIzj0EAwIwRTERMA8GA1UEAwwITU9Sb290Q0ExDzANBgNVBAoMBlN3aXRjaDELMAkGA1UEBhMCVUsxEjAQBgoJkiaJk/IsZAEZFgJNTzAeFw0yNjA3MjExMTUzMjFaFw0zMDA3MjAxMTUzMjFaMFYxIjAgBgNVBAMMGVBLSS1FeHRfQ1JUX01PX1NVQjFfVkFMSUQxDzANBgNVBAoMBlN3aXRjaDELMAkGA1UEBhMCVUsxEjAQBgoJkiaJk/IsZAEZFgJNTzBZMBMGByqGSM49AgEGCCqGSM49AwEHA0IABGX87iNhAe+7mzWkCS6yc3b4huU3NXoz1MH0PTcXKp2n5XPV+6+5/45AbhKSveAATuZUdQH6kGIOkRwA/KZ7u6yjgdYwgdMwEgYDVR0TAQH/BAgwBgEB/wIBATAOBgNVHQ8BAf8EBAMCAQYwHQYDVR0OBBYEFCMOCDj8xRY6604cjVYUpNHyrXfsMG0GCCsGAQUFBwEBBGEwXzAkBggrBgEFBQcwAYYYaHR0cHM6Ly93d3cuZXhhbXBsZS5jb20vMDcGCCsGAQUFBzAChitodHRwczovL3d3dy5leGFtcGxlLmNvbS9JbnRlcm1lZGlhdGUtQ0EuY2VyMB8GA1UdIwQYMBaAFJH0C7gAn6XBuT1ZPL8zNvr+zNl3MAoGCCqGSM49BAMCA0kAMEYCIQCGRcfkuKcJGq1zVhMJOMsJ1kWOiiHjQbMhQjobw8WqVwIhAOJ+7n6dWbsoc/v353G8L9R22c/+Y6t8BoYbGe5zimk4", "MIICcjCCAhmgAwIBAgICMEMwCgYIKoZIzj0EAwIwVjEiMCAGA1UEAwwZUEtJLUV4dF9DUlRfTU9fU1VCMV9WQUxJRDEPMA0GA1UECgwGU3dpdGNoMQswCQYDVQQGEwJVSzESMBAGCgmSJomT8ixkARkWAk1PMB4XDTI2MDcyMTExNTMyMVoXDTMwMDcyMDExNTMyMVowVjEiMCAGA1UEAwwZUEtJLUV4dF9DUlRfTU9fU1VCMl9WQUxJRDEPMA0GA1UECgwGU3dpdGNoMQswCQYDVQQGEwJVSzESMBAGCgmSJomT8ixkARkWAk1PMFkwEwYHKoZIzj0CAQYIKoZIzj0DAQcDQgAEHMR8BBuQ69sa5oonNzNyTMppyKA9JFnOKHlrSuleKsZoVFdRCpJlHFoUOmnxJ3wayr4tchFB3xB7jJjAckLZ46OB1jCB0zASBgNVHRMBAf8ECDAGAQH/AgEAMA4GA1UdDwEB/wQEAwIBxjAdBgNVHQ4EFgQUBOShk0LXo3ukHo2YAw6fh/vT5mowbQYIKwYBBQUHAQEEYTBfMCQGCCsGAQUFBzABhhhodHRwczovL3d3dy5leGFtcGxlLmNvbS8wNwYIKwYBBQUHMAKGK2h0dHBzOi8vd3d3LmV4YW1wbGUuY29tL0ludGVybWVkaWF0ZS1DQS5jZXIwHwYDVR0jBBgwFoAUIw4IOPzFFjrrThyNVhSk0fKtd+wwCgYIKoZIzj0EAwIDRwAwRAIgGCNE4tWgUqjzAxTow3Uf8HPoKnCT39oeZYFMGvM/LYYCIFAMF8lW7Xe8R54cYllDRUze2yNv30kI2CQ/LpZDgbcu"]}}}}
DEBUG    2026-07-22 15:16:31,310 - iso15118.shared.security (906): Verifying digest for element with ID 'id1'
DEBUG    2026-07-22 15:16:31,311 - iso15118.shared.security (919): 
Received digest of reference with ID id1: B72E649BCC00CAAD9FC4960382EE22AA7FC25FE40D23B3F510DC9E3A91B84615
Calculated digest for reference: B72E649BCC00CAAD9FC4960382EE22AA7FC25FE40D23B3F510DC9E3A91B84615
=> Match: True
DEBUG    2026-07-22 15:16:31,311 - iso15118.shared.security (932): Verifying signature value for SignedInfo element
INFO    2026-07-22 15:16:31,312 - iso15118.shared.exi_codec (248): Message to encode (ns=http://www.w3.org/2000/09/xmldsig#): {"SignedInfo": {"CanonicalizationMethod": {"Algorithm": "http://www.w3.org/TR/canonical-exi/"}, "SignatureMethod": {"Algorithm": "http://www.w3.org/2001/04/xmldsig-more#ecdsa-sha256"}, "Reference": [{"Transforms": {"Transform": [{"Algorithm": "http://www.w3.org/TR/canonical-exi/"}]}, "DigestMethod": {"Algorithm": "http://www.w3.org/2001/04/xmlenc#sha256"}, "DigestValue": "ty5km8wAyq2fxJYDgu4iqn/CX+QNI7P1ENyeOpG4RhU=", "URI": "#id1"}]}}
WARNING    2026-07-22 15:16:31,367 - iso15118.shared.security (999): Sub-CA and root CA certificates were not used to verify signatures along the certificate chain
DEBUG    2026-07-22 15:16:31,368 - iso15118.shared.security (1004): Signature verified successfully
INFO    2026-07-22 15:16:31,368 - iso15118.shared.exi_codec (248): Message to encode (ns=urn:iso:std:iso:15118:-20:CommonMessages): {"AuthorizationRes": {"Header": {"SessionID": "1C2B4AB409D2423C", "TimeStamp": 1784733391}, "ResponseCode": "OK", "EVSEProcessing": "Finished"}}
INFO    2026-07-22 15:16:31,407 - iso15118.shared.comm_session (431): Sent AuthorizationRes
INFO    2026-07-22 15:16:31,407 - iso15118.secc.controller.simulator (766): iso15118 state: Authorization
INFO    2026-07-22 15:16:31,445 - iso15118.shared.exi_codec (302): Decoded message (ns=urn:iso:std:iso:15118:-20:CommonMessages): {"ServiceDiscoveryReq":{"Header":{"SessionID":"1C2B4AB409D2423C","TimeStamp":1784733391}}}
INFO    2026-07-22 15:16:31,445 - iso15118.shared.comm_session (235): ServiceDiscoveryReq received
INFO    2026-07-22 15:16:31,445 - iso15118.shared.states (139): Entered state ServiceDiscovery
DEBUG    2026-07-22 15:16:31,445 - iso15118.shared.states (143): Waiting for up to 20.0 s
INFO    2026-07-22 15:16:31,445 - iso15118.shared.exi_codec (248): Message to encode (ns=urn:iso:std:iso:15118:-20:CommonMessages): {"ServiceDiscoveryRes": {"Header": {"SessionID": "1C2B4AB409D2423C", "TimeStamp": 1784733391}, "ResponseCode": "OK", "ServiceRenegotiationSupported": false, "EnergyTransferServiceList": {"Service": [{"ServiceID": 2, "FreeService": false}, {"ServiceID": 6, "FreeService": false}]}}}
INFO    2026-07-22 15:16:31,496 - iso15118.shared.comm_session (431): Sent ServiceDiscoveryRes
INFO    2026-07-22 15:16:31,496 - iso15118.secc.controller.simulator (766): iso15118 state: ServiceDiscovery
INFO    2026-07-22 15:16:31,540 - iso15118.shared.exi_codec (302): Decoded message (ns=urn:iso:std:iso:15118:-20:CommonMessages): {"ServiceDetailReq":{"Header":{"SessionID":"1C2B4AB409D2423C","TimeStamp":1784733391},"ServiceID":2}}
INFO    2026-07-22 15:16:31,540 - iso15118.shared.comm_session (235): ServiceDetailReq received
INFO    2026-07-22 15:16:31,540 - iso15118.shared.states (139): Entered state ServiceDetail
DEBUG    2026-07-22 15:16:31,540 - iso15118.shared.states (143): Waiting for up to 20.0 s
INFO    2026-07-22 15:16:31,541 - iso15118.shared.exi_codec (248): Message to encode (ns=urn:iso:std:iso:15118:-20:CommonMessages): {"ServiceDetailRes": {"Header": {"SessionID": "1C2B4AB409D2423C", "TimeStamp": 1784733391}, "ResponseCode": "OK", "ServiceID": 2, "ServiceParameterList": {"ParameterSet": [{"ParameterSetID": 1, "Parameter": [{"Name": "Connector", "intValue": 2}, {"Name": "EVSENominalVoltage", "intValue": 400}, {"Name": "Pricing", "intValue": 0}, {"Name": "ControlMode", "intValue": 1}, {"Name": "MobilityNeedsMode", "intValue": 1}]}, {"ParameterSetID": 2, "Parameter": [{"Name": "Connector", "intValue": 2}, {"Name": "EVSENominalVoltage", "intValue": 400}, {"Name": "Pricing", "intValue": 0}, {"Name": "ControlMode", "intValue": 2}, {"Name": "MobilityNeedsMode", "intValue": 2}]}, {"ParameterSetID": 3, "Parameter": [{"Name": "Connector", "intValue": 2}, {"Name": "EVSENominalVoltage", "intValue": 400}, {"Name": "Pricing", "intValue": 0}, {"Name": "ControlMode", "intValue": 2}, {"Name": "MobilityNeedsMode", "intValue": 1}]}]}}}
INFO    2026-07-22 15:16:31,587 - iso15118.shared.comm_session (431): Sent ServiceDetailRes
INFO    2026-07-22 15:16:31,587 - iso15118.secc.controller.simulator (766): iso15118 state: ServiceDetail
INFO    2026-07-22 15:16:31,627 - iso15118.shared.exi_codec (302): Decoded message (ns=urn:iso:std:iso:15118:-20:CommonMessages): {"ServiceSelectionReq":{"Header":{"SessionID":"1C2B4AB409D2423C","TimeStamp":1784733391},"SelectedEnergyTransferService":{"ServiceID":2,"ParameterSetID":1}}}
INFO    2026-07-22 15:16:31,627 - iso15118.shared.comm_session (235): ServiceSelectionReq received
INFO    2026-07-22 15:16:31,627 - iso15118.shared.states (139): Entered state ServiceSelection
DEBUG    2026-07-22 15:16:31,627 - iso15118.shared.states (143): Waiting for up to 20.0 s
INFO    2026-07-22 15:16:31,628 - iso15118.shared.exi_codec (248): Message to encode (ns=urn:iso:std:iso:15118:-20:CommonMessages): {"ServiceSelectionRes": {"Header": {"SessionID": "1C2B4AB409D2423C", "TimeStamp": 1784733391}, "ResponseCode": "OK"}}
INFO    2026-07-22 15:16:31,664 - iso15118.shared.comm_session (431): Sent ServiceSelectionRes
INFO    2026-07-22 15:16:31,664 - iso15118.secc.controller.simulator (766): iso15118 state: ServiceSelection
INFO    2026-07-22 15:16:31,664 - iso15118.shared.states (139): Entered state DCChargeParameterDiscovery
DEBUG    2026-07-22 15:16:31,664 - iso15118.shared.states (143): Waiting for up to 20.0 s
INFO    2026-07-22 15:16:31,738 - iso15118.shared.exi_codec (302): Decoded message (ns=urn:iso:std:iso:15118:-20:DC): {"DC_ChargeParameterDiscoveryReq":{"Header":{"SessionID":"1C2B4AB409D2423C","TimeStamp":1784733391},"DC_CPDReqEnergyTransferMode":{"EVMaximumChargePower":{"Exponent":1,"Value":5000},"EVMinimumChargePower":{"Exponent":0,"Value":0},"EVMaximumChargeCurrent":{"Exponent":0,"Value":200},"EVMinimumChargeCurrent":{"Exponent":0,"Value":0},"EVMaximumVoltage":{"Exponent":0,"Value":500},"EVMinimumVoltage":{"Exponent":0,"Value":50},"TargetSOC":80}}}
INFO    2026-07-22 15:16:31,739 - iso15118.shared.comm_session (235): DC_ChargeParameterDiscoveryReq received
DEBUG    2026-07-22 15:16:31,739 - iso15118.secc.controller.evse_data (241): Updating EVSE Data Context (Rated and Session Limits) with ChargeParameterDiscoveryResponse
DEBUG    2026-07-22 15:16:31,739 - iso15118.secc.controller.evse_data (245): Active Rated Limits EVSEDCCPDLimits(max_charge_power=10, min_charge_power=10, max_charge_current=10, min_charge_current=10, max_voltage=10, min_voltage=10, max_discharge_power=10, min_discharge_power=10, max_discharge_current=10, min_discharge_current=10)
DEBUG    2026-07-22 15:16:31,739 - iso15118.secc.controller.evse_data (246): Active Session Limits EVSEDCCLLimits(max_charge_power=10, min_charge_power=10, max_charge_current=10, max_voltage=10, min_voltage=10, max_discharge_power=10, min_discharge_power=10, max_discharge_current=10)
DEBUG    2026-07-22 15:16:31,739 - iso15118.secc.controller.evse_data (264): Rated and Session Limits updated after ChargeParametersDiscovery
DEBUG    2026-07-22 15:16:31,739 - iso15118.secc.controller.evse_data (267): New Rated Limits EVSEDCCPDLimits(max_charge_power=1000, min_charge_power=100, max_charge_current=100, min_charge_current=10, max_voltage=500, min_voltage=10, max_discharge_power=None, min_discharge_power=None, max_discharge_current=None, min_discharge_current=None)
DEBUG    2026-07-22 15:16:31,739 - iso15118.secc.controller.evse_data (268): New Session Limits EVSEDCCLLimits(max_charge_power=1000, min_charge_power=100, max_charge_current=100, max_voltage=500, min_voltage=10, max_discharge_power=None, min_discharge_power=None, max_discharge_current=None)
INFO    2026-07-22 15:16:31,739 - iso15118.secc.controller.simulator (1109): Send rated limits to CS.
INFO    2026-07-22 15:16:31,740 - iso15118.shared.exi_codec (248): Message to encode (ns=urn:iso:std:iso:15118:-20:DC): {"DC_ChargeParameterDiscoveryRes": {"Header": {"SessionID": "1C2B4AB409D2423C", "TimeStamp": 1784733391}, "ResponseCode": "OK", "DC_CPDResEnergyTransferMode": {"EVSEMaximumChargePower": {"Exponent": 0, "Value": 1000}, "EVSEMinimumChargePower": {"Exponent": 0, "Value": 100}, "EVSEMaximumChargeCurrent": {"Exponent": 0, "Value": 100}, "EVSEMinimumChargeCurrent": {"Exponent": 0, "Value": 10}, "EVSEMaximumVoltage": {"Exponent": 0, "Value": 500}, "EVSEMinimumVoltage": {"Exponent": 0, "Value": 10}, "EVSEPowerRampLimitation": {"Exponent": 0, "Value": 10}}}}
INFO    2026-07-22 15:16:31,775 - iso15118.shared.comm_session (431): Sent DC_ChargeParameterDiscoveryRes
INFO    2026-07-22 15:16:31,775 - iso15118.secc.controller.simulator (766): iso15118 state: DCChargeParameterDiscovery
INFO    2026-07-22 15:16:31,775 - iso15118.shared.states (139): Entered state ScheduleExchange
DEBUG    2026-07-22 15:16:31,775 - iso15118.shared.states (143): Waiting for up to 20.0 s
INFO    2026-07-22 15:16:31,810 - iso15118.shared.exi_codec (302): Decoded message (ns=urn:iso:std:iso:15118:-20:CommonMessages): {"ScheduleExchangeReq":{"Header":{"SessionID":"1C2B4AB409D2423C","TimeStamp":1784733391},"MaximumSupportingPoints":12,"Scheduled_SEReqControlMode":{}}}
INFO    2026-07-22 15:16:31,810 - iso15118.shared.comm_session (235): ScheduleExchangeReq received
INFO    2026-07-22 15:16:31,812 - iso15118.shared.exi_codec (248): Message to encode (ns=urn:iso:std:iso:15118:-20:CommonMessages): {"ScheduleExchangeRes": {"Header": {"SessionID": "1C2B4AB409D2423C", "TimeStamp": 1784733391}, "ResponseCode": "OK", "EVSEProcessing": "Finished", "Scheduled_SEResControlMode": {"ScheduleTuple": [{"ScheduleTupleID": 1, "ChargingSchedule": {"PowerSchedule": {"TimeAnchor": 0, "AvailableEnergy": {"Exponent": 3, "Value": 300}, "PowerTolerance": {"Exponent": 0, "Value": 2000}, "PowerScheduleEntries": {"PowerScheduleEntry": [{"Duration": 3600, "Power": {"Exponent": 3, "Value": 10}}]}}, "AbsolutePriceSchedule": {"TimeAnchor": 0, "PriceScheduleID": 1, "Currency": "EUR", "Language": "ENG", "PriceAlgorithm": "urn:iso:std:iso:15118:-20:PriceAlgorithm:1-Power", "MinimumCost": {"Exponent": 0, "Value": 1}, "MaximumCost": {"Exponent": 0, "Value": 10}, "TaxRules": {"TaxRule": [{"TaxRuleID": 1, "TaxRuleName": "What a great tax rule", "TaxRate": {"Exponent": 0, "Value": 10}, "TaxIncludedInPrice": false, "AppliesToEnergyFee": true, "AppliesToParkingFee": true, "AppliesToOverstayFee": true, "AppliesMinimumMaximumCost": true}]}, "PriceRuleStacks": {"PriceRuleStack": [{"Duration": 3600, "PriceRule": [{"EnergyFee": {"Exponent": 0, "Value": 20}, "ParkingFee": {"Exponent": 0, "Value": 0}, "ParkingFeePeriod": 0, "CarbonDioxideEmission": 0, "RenewableGenerationPercentage": 0, "PowerRangeStart": {"Exponent": 0, "Value": 0}}]}]}, "OverstayRules": {"OverstayTimeThreshold": 3600, "OverstayPowerThreshold": {"Exponent": 3, "Value": 30}, "OverstayRule": [{"OverstayRuleDescription": "What a great description", "StartTime": 0, "OverstayFee": {"Exponent": 0, "Value": 50}, "OverstayFeePeriod": 3600}]}, "AdditionalSelectedServices": {"AdditionalService": [{"ServiceName": "What a great service name", "ServiceFee": {"Exponent": 0, "Value": 0}}]}}}, "DischargingSchedule": {"PowerSchedule": {"TimeAnchor": 0, "PowerScheduleEntries": {"PowerScheduleEntry": [{"Duration": 3600, "Power": {"Exponent": 3, "Value": 10}}]}}, "AbsolutePriceSchedule": {"TimeAnchor": 0, "PriceScheduleID": 1, "Currency": "EUR", "Language": "ENG", "PriceAlgorithm": "urn:iso:std:iso:15118:-20:PriceAlgorithm:1-Power", "MinimumCost": {"Exponent": 0, "Value": 1}, "MaximumCost": {"Exponent": 0, "Value": 10}, "TaxRules": {"TaxRule": [{"TaxRuleID": 1, "TaxRuleName": "What a great tax rule", "TaxRate": {"Exponent": 0, "Value": 10}, "TaxIncludedInPrice": false, "AppliesToEnergyFee": true, "AppliesToParkingFee": true, "AppliesToOverstayFee": true, "AppliesMinimumMaximumCost": true}]}, "PriceRuleStacks": {"PriceRuleStack": [{"Duration": 3600, "PriceRule": [{"EnergyFee": {"Exponent": 0, "Value": 20}, "ParkingFee": {"Exponent": 0, "Value": 0}, "ParkingFeePeriod": 0, "CarbonDioxideEmission": 0, "RenewableGenerationPercentage": 0, "PowerRangeStart": {"Exponent": 0, "Value": 0}}]}]}, "OverstayRules": {"OverstayTimeThreshold": 3600, "OverstayPowerThreshold": {"Exponent": 3, "Value": 30}, "OverstayRule": [{"OverstayRuleDescription": "What a great description", "StartTime": 0, "OverstayFee": {"Exponent": 0, "Value": 50}, "OverstayFeePeriod": 3600}]}, "AdditionalSelectedServices": {"AdditionalService": [{"ServiceName": "What a great service name", "ServiceFee": {"Exponent": 0, "Value": 0}}]}}}}]}}}
INFO    2026-07-22 15:16:31,871 - iso15118.shared.comm_session (431): Sent ScheduleExchangeRes
INFO    2026-07-22 15:16:31,871 - iso15118.secc.controller.simulator (766): iso15118 state: ScheduleExchange
INFO    2026-07-22 15:16:31,901 - iso15118.shared.exi_codec (302): Decoded message (ns=urn:iso:std:iso:15118:-20:DC): {"DC_CableCheckReq":{"Header":{"SessionID":"1C2B4AB409D2423C","TimeStamp":1784733391}}}
INFO    2026-07-22 15:16:31,901 - iso15118.shared.comm_session (235): DC_CableCheckReq received
INFO    2026-07-22 15:16:31,901 - iso15118.shared.states (139): Entered state DCCableCheck
DEBUG    2026-07-22 15:16:31,901 - iso15118.shared.states (143): Waiting for up to 20.0 s
INFO    2026-07-22 15:16:31,902 - iso15118.shared.exi_codec (248): Message to encode (ns=urn:iso:std:iso:15118:-20:DC): {"DC_CableCheckRes": {"Header": {"SessionID": "1C2B4AB409D2423C", "TimeStamp": 1784733391}, "ResponseCode": "OK", "EVSEProcessing": "Ongoing"}}
INFO    2026-07-22 15:16:31,921 - iso15118.shared.comm_session (431): Sent DC_CableCheckRes
INFO    2026-07-22 15:16:31,921 - iso15118.secc.controller.simulator (766): iso15118 state: DCCableCheck
INFO    2026-07-22 15:16:31,995 - iso15118.shared.exi_codec (302): Decoded message (ns=urn:iso:std:iso:15118:-20:DC): {"DC_CableCheckReq":{"Header":{"SessionID":"1C2B4AB409D2423C","TimeStamp":1784733391}}}
INFO    2026-07-22 15:16:31,996 - iso15118.shared.comm_session (235): DC_CableCheckReq received
INFO    2026-07-22 15:16:31,996 - iso15118.shared.exi_codec (248): Message to encode (ns=urn:iso:std:iso:15118:-20:DC): {"DC_CableCheckRes": {"Header": {"SessionID": "1C2B4AB409D2423C", "TimeStamp": 1784733391}, "ResponseCode": "OK", "EVSEProcessing": "Finished"}}
INFO    2026-07-22 15:16:32,022 - iso15118.shared.comm_session (431): Sent DC_CableCheckRes
INFO    2026-07-22 15:16:32,022 - iso15118.secc.controller.simulator (766): iso15118 state: DCCableCheck
INFO    2026-07-22 15:16:32,022 - iso15118.shared.states (139): Entered state DCPreCharge
DEBUG    2026-07-22 15:16:32,022 - iso15118.shared.states (143): Waiting for up to 20.0 s
INFO    2026-07-22 15:16:32,051 - iso15118.shared.exi_codec (302): Decoded message (ns=urn:iso:std:iso:15118:-20:DC): {"DC_PreChargeReq":{"Header":{"SessionID":"1C2B4AB409D2423C","TimeStamp":1784733392},"EVProcessing":"Finished","EVPresentVoltage":{"Exponent":0,"Value":0},"EVTargetVoltage":{"Exponent":0,"Value":400}}}
INFO    2026-07-22 15:16:32,051 - iso15118.shared.comm_session (235): DC_PreChargeReq received
INFO    2026-07-22 15:16:32,052 - iso15118.shared.exi_codec (248): Message to encode (ns=urn:iso:std:iso:15118:-20:DC): {"DC_PreChargeRes": {"Header": {"SessionID": "1C2B4AB409D2423C", "TimeStamp": 1784733392}, "ResponseCode": "OK", "EVSEPresentVoltage": {"Exponent": 0, "Value": 1}}}
INFO    2026-07-22 15:16:32,073 - iso15118.shared.comm_session (431): Sent DC_PreChargeRes
INFO    2026-07-22 15:16:32,073 - iso15118.secc.controller.simulator (766): iso15118 state: DCPreCharge
INFO    2026-07-22 15:16:32,073 - iso15118.shared.states (139): Entered state PowerDelivery
DEBUG    2026-07-22 15:16:32,073 - iso15118.shared.states (143): Waiting for up to 20.0 s
INFO    2026-07-22 15:16:32,114 - iso15118.shared.exi_codec (302): Decoded message (ns=urn:iso:std:iso:15118:-20:CommonMessages): {"PowerDeliveryReq":{"Header":{"SessionID":"1C2B4AB409D2423C","TimeStamp":1784733392},"EVProcessing":"Finished","ChargeProgress":"Start","EVPowerProfile":{"TimeAnchor":0,"Scheduled_EVPPTControlMode":{"SelectedScheduleTupleID":1,"PowerToleranceAcceptance":"PowerToleranceConfirmed"},"EVPowerProfileEntries":{"EVPowerProfileEntry":[{"Duration":3600,"Power":{"Exponent":3,"Value":10}}]}}}}
INFO    2026-07-22 15:16:32,114 - iso15118.shared.comm_session (235): PowerDeliveryReq received
DEBUG    2026-07-22 15:16:32,115 - iso15118.secc.states.iso15118_20_states (1197): State is C2
INFO    2026-07-22 15:16:32,116 - iso15118.shared.exi_codec (248): Message to encode (ns=urn:iso:std:iso:15118:-20:CommonMessages): {"PowerDeliveryRes": {"Header": {"SessionID": "1C2B4AB409D2423C", "TimeStamp": 1784733392}, "ResponseCode": "OK"}}
INFO    2026-07-22 15:16:32,145 - iso15118.shared.comm_session (431): Sent PowerDeliveryRes
INFO    2026-07-22 15:16:32,145 - iso15118.secc.controller.simulator (766): iso15118 state: PowerDelivery
INFO    2026-07-22 15:16:32,145 - iso15118.shared.states (139): Entered state DCChargeLoop
DEBUG    2026-07-22 15:16:32,145 - iso15118.shared.states (143): Waiting for up to 20.0 s
INFO    2026-07-22 15:16:32,185 - iso15118.shared.exi_codec (302): Decoded message (ns=urn:iso:std:iso:15118:-20:DC): {"DC_ChargeLoopReq":{"Header":{"SessionID":"1C2B4AB409D2423C","TimeStamp":1784733392},"MeterInfoRequested":false,"EVPresentVoltage":{"Exponent":0,"Value":400},"Scheduled_DC_CLReqControlMode":{"EVTargetCurrent":{"Exponent":0,"Value":120},"EVTargetVoltage":{"Exponent":0,"Value":400}}}}
INFO    2026-07-22 15:16:32,186 - iso15118.shared.comm_session (235): DC_ChargeLoopReq received
INFO    2026-07-22 15:16:32,186 - iso15118.secc.controller.simulator (1103): Send display params to CS.
INFO    2026-07-22 15:16:32,187 - iso15118.shared.exi_codec (248): Message to encode (ns=urn:iso:std:iso:15118:-20:DC): {"DC_ChargeLoopRes": {"Header": {"SessionID": "1C2B4AB409D2423C", "TimeStamp": 1784733392}, "ResponseCode": "OK", "EVSEPresentCurrent": {"Exponent": 0, "Value": 1}, "EVSEPresentVoltage": {"Exponent": 0, "Value": 1}, "EVSEPowerLimitAchieved": false, "EVSECurrentLimitAchieved": false, "EVSEVoltageLimitAchieved": false, "Scheduled_DC_CLResControlMode": {"EVSEMaximumChargePower": {"Exponent": 0, "Value": 1000}, "EVSEMinimumChargePower": {"Exponent": 0, "Value": 100}, "EVSEMaximumChargeCurrent": {"Exponent": 0, "Value": 100}, "EVSEMaximumVoltage": {"Exponent": 0, "Value": 500}}}}
INFO    2026-07-22 15:16:32,218 - iso15118.shared.comm_session (431): Sent DC_ChargeLoopRes
INFO    2026-07-22 15:16:32,219 - iso15118.secc.controller.simulator (766): iso15118 state: DCChargeLoop
INFO    2026-07-22 15:16:32,297 - iso15118.shared.exi_codec (302): Decoded message (ns=urn:iso:std:iso:15118:-20:DC): {"DC_ChargeLoopReq":{"Header":{"SessionID":"1C2B4AB409D2423C","TimeStamp":1784733392},"MeterInfoRequested":false,"EVPresentVoltage":{"Exponent":0,"Value":400},"Scheduled_DC_CLReqControlMode":{"EVTargetCurrent":{"Exponent":0,"Value":120},"EVTargetVoltage":{"Exponent":0,"Value":400}}}}
INFO    2026-07-22 15:16:32,297 - iso15118.shared.comm_session (235): DC_ChargeLoopReq received
INFO    2026-07-22 15:16:32,297 - iso15118.secc.controller.simulator (1103): Send display params to CS.
INFO    2026-07-22 15:16:32,298 - iso15118.shared.exi_codec (248): Message to encode (ns=urn:iso:std:iso:15118:-20:DC): {"DC_ChargeLoopRes": {"Header": {"SessionID": "1C2B4AB409D2423C", "TimeStamp": 1784733392}, "ResponseCode": "OK", "EVSEPresentCurrent": {"Exponent": 0, "Value": 1}, "EVSEPresentVoltage": {"Exponent": 0, "Value": 1}, "EVSEPowerLimitAchieved": false, "EVSECurrentLimitAchieved": false, "EVSEVoltageLimitAchieved": false, "Scheduled_DC_CLResControlMode": {"EVSEMaximumChargePower": {"Exponent": 0, "Value": 1000}, "EVSEMinimumChargePower": {"Exponent": 0, "Value": 100}, "EVSEMaximumChargeCurrent": {"Exponent": 0, "Value": 100}, "EVSEMaximumVoltage": {"Exponent": 0, "Value": 500}}}}
INFO    2026-07-22 15:16:32,321 - iso15118.shared.comm_session (431): Sent DC_ChargeLoopRes
INFO    2026-07-22 15:16:32,321 - iso15118.secc.controller.simulator (766): iso15118 state: DCChargeLoop
INFO    2026-07-22 15:16:32,397 - iso15118.shared.exi_codec (302): Decoded message (ns=urn:iso:std:iso:15118:-20:DC): {"DC_ChargeLoopReq":{"Header":{"SessionID":"1C2B4AB409D2423C","TimeStamp":1784733392},"MeterInfoRequested":false,"EVPresentVoltage":{"Exponent":0,"Value":400},"Scheduled_DC_CLReqControlMode":{"EVTargetCurrent":{"Exponent":0,"Value":120},"EVTargetVoltage":{"Exponent":0,"Value":400}}}}
INFO    2026-07-22 15:16:32,397 - iso15118.shared.comm_session (235): DC_ChargeLoopReq received
INFO    2026-07-22 15:16:32,397 - iso15118.secc.controller.simulator (1103): Send display params to CS.
INFO    2026-07-22 15:16:32,398 - iso15118.shared.exi_codec (248): Message to encode (ns=urn:iso:std:iso:15118:-20:DC): {"DC_ChargeLoopRes": {"Header": {"SessionID": "1C2B4AB409D2423C", "TimeStamp": 1784733392}, "ResponseCode": "OK", "EVSEPresentCurrent": {"Exponent": 0, "Value": 1}, "EVSEPresentVoltage": {"Exponent": 0, "Value": 1}, "EVSEPowerLimitAchieved": false, "EVSECurrentLimitAchieved": false, "EVSEVoltageLimitAchieved": false, "Scheduled_DC_CLResControlMode": {"EVSEMaximumChargePower": {"Exponent": 0, "Value": 1000}, "EVSEMinimumChargePower": {"Exponent": 0, "Value": 100}, "EVSEMaximumChargeCurrent": {"Exponent": 0, "Value": 100}, "EVSEMaximumVoltage": {"Exponent": 0, "Value": 500}}}}
INFO    2026-07-22 15:16:32,420 - iso15118.shared.comm_session (431): Sent DC_ChargeLoopRes
INFO    2026-07-22 15:16:32,420 - iso15118.secc.controller.simulator (766): iso15118 state: DCChargeLoop
INFO    2026-07-22 15:16:32,503 - iso15118.shared.exi_codec (302): Decoded message (ns=urn:iso:std:iso:15118:-20:CommonMessages): {"PowerDeliveryReq":{"Header":{"SessionID":"1C2B4AB409D2423C","TimeStamp":1784733392},"EVProcessing":"Finished","ChargeProgress":"Stop"}}
INFO    2026-07-22 15:16:32,503 - iso15118.shared.comm_session (235): PowerDeliveryReq received
INFO    2026-07-22 15:16:32,503 - iso15118.shared.states (139): Entered state PowerDelivery
DEBUG    2026-07-22 15:16:32,503 - iso15118.shared.states (143): Waiting for up to 20.0 s
INFO    2026-07-22 15:16:32,503 - iso15118.shared.exi_codec (248): Message to encode (ns=urn:iso:std:iso:15118:-20:CommonMessages): {"PowerDeliveryRes": {"Header": {"SessionID": "1C2B4AB409D2423C", "TimeStamp": 1784733392}, "ResponseCode": "OK"}}
INFO    2026-07-22 15:16:32,543 - iso15118.shared.comm_session (431): Sent PowerDeliveryRes
INFO    2026-07-22 15:16:32,543 - iso15118.secc.controller.simulator (766): iso15118 state: PowerDelivery
INFO    2026-07-22 15:16:32,579 - iso15118.shared.exi_codec (302): Decoded message (ns=urn:iso:std:iso:15118:-20:DC): {"DC_WeldingDetectionReq":{"Header":{"SessionID":"1C2B4AB409D2423C","TimeStamp":1784733392},"EVProcessing":"Finished"}}
INFO    2026-07-22 15:16:32,580 - iso15118.shared.comm_session (235): DC_WeldingDetectionReq received
INFO    2026-07-22 15:16:32,580 - iso15118.shared.states (139): Entered state DCWeldingDetection
DEBUG    2026-07-22 15:16:32,580 - iso15118.shared.states (143): Waiting for up to 20.0 s
INFO    2026-07-22 15:16:32,580 - iso15118.shared.exi_codec (248): Message to encode (ns=urn:iso:std:iso:15118:-20:DC): {"DC_WeldingDetectionRes": {"Header": {"SessionID": "1C2B4AB409D2423C", "TimeStamp": 1784733392}, "ResponseCode": "OK", "EVSEPresentVoltage": {"Exponent": 0, "Value": 1}}}
INFO    2026-07-22 15:16:32,602 - iso15118.shared.comm_session (431): Sent DC_WeldingDetectionRes
INFO    2026-07-22 15:16:32,602 - iso15118.secc.controller.simulator (766): iso15118 state: DCWeldingDetection
INFO    2026-07-22 15:16:32,636 - iso15118.shared.exi_codec (302): Decoded message (ns=urn:iso:std:iso:15118:-20:CommonMessages): {"SessionStopReq":{"Header":{"SessionID":"1C2B4AB409D2423C","TimeStamp":1784733392},"ChargingSession":"Terminate"}}
INFO    2026-07-22 15:16:32,637 - iso15118.shared.comm_session (235): SessionStopReq received
INFO    2026-07-22 15:16:32,637 - iso15118.shared.states (139): Entered state SessionStop
DEBUG    2026-07-22 15:16:32,637 - iso15118.shared.states (143): Waiting for up to 20.0 s
INFO    2026-07-22 15:16:32,637 - iso15118.shared.exi_codec (248): Message to encode (ns=urn:iso:std:iso:15118:-20:CommonMessages): {"SessionStopRes": {"Header": {"SessionID": "1C2B4AB409D2423C", "TimeStamp": 1784733392}, "ResponseCode": "OK"}}
INFO    2026-07-22 15:16:32,667 - iso15118.shared.comm_session (431): Sent SessionStopRes
INFO    2026-07-22 15:16:32,667 - iso15118.secc.controller.simulator (766): iso15118 state: SessionStop
INFO    2026-07-22 15:16:32,667 - iso15118.shared.comm_session (395): The data link will terminate in 2 seconds and the TCP connection will close in 5 seconds. 
INFO    2026-07-22 15:16:32,667 - iso15118.shared.comm_session (399): Reason: Communication session terminated. EV Info: 
