# Frames as recorded, per direction. Ordering within a direction is real;
# the two directions are not interleaved, because the recording has no timestamps.

## EV -> station: 1317 byte(s), 52 frame(s)
[0] SupportedAppProtocolReq payloadType=0x8001 bytes=44
    01fe8001000000248000ebab9371d34b9b79d189a98989c1d191d191818999d26b9b3a232b30020000040040
[1] SessionSetupReq payloadType=0x8001 bytes=29
    01fe800100000015809802000000000000000011d01aaf37bc04080c00
[2] ServiceDiscoveryReq payloadType=0x8001 bytes=21
    01fe80010000000d8098022dce051e0000000011b8
[3] PaymentServiceSelectionReq payloadType=0x8001 bytes=24
    01fe8001000000108098022dce051e000000001132001280
[4] AuthorizationReq payloadType=0x8001 bytes=21
    01fe80010000000d8098022dce051e000000001008
[5] AuthorizationReq payloadType=0x8001 bytes=21
    01fe80010000000d8098022dce051e000000001008
[6] ChargeParameterDiscoveryReq payloadType=0x8001 bytes=37
    01fe80010000001d8098022dce051e000000001094ca400640618640088c40f40313205000
[7] CableCheckReq payloadType=0x8001 bytes=24
    01fe8001000000108098022dce051e000000001031001900
[8] CableCheckReq payloadType=0x8001 bytes=24
    01fe8001000000108098022dce051e000000001031001900
[9] CableCheckReq payloadType=0x8001 bytes=24
    01fe8001000000108098022dce051e000000001031001900
[10] CableCheckReq payloadType=0x8001 bytes=24
    01fe8001000000108098022dce051e000000001031001900
[11] CableCheckReq payloadType=0x8001 bytes=24
    01fe8001000000108098022dce051e000000001031001900
[12] CableCheckReq payloadType=0x8001 bytes=24
    01fe8001000000108098022dce051e000000001031001900
[13] CableCheckReq payloadType=0x8001 bytes=24
    01fe8001000000108098022dce051e000000001031001900
[14] CableCheckReq payloadType=0x8001 bytes=24
    01fe8001000000108098022dce051e000000001031001900
[15] CableCheckReq payloadType=0x8001 bytes=24
    01fe8001000000108098022dce051e000000001031001900
[16] CableCheckReq payloadType=0x8001 bytes=24
    01fe8001000000108098022dce051e000000001031001900
[17] CableCheckReq payloadType=0x8001 bytes=24
    01fe8001000000108098022dce051e000000001031001900
[18] CableCheckReq payloadType=0x8001 bytes=24
    01fe8001000000108098022dce051e000000001031001900
[19] CableCheckReq payloadType=0x8001 bytes=24
    01fe8001000000108098022dce051e000000001031001900
[20] CableCheckReq payloadType=0x8001 bytes=24
    01fe8001000000108098022dce051e000000001031001900
[21] CableCheckReq payloadType=0x8001 bytes=24
    01fe8001000000108098022dce051e000000001031001900
[22] CableCheckReq payloadType=0x8001 bytes=24
    01fe8001000000108098022dce051e000000001031001900
[23] CableCheckReq payloadType=0x8001 bytes=24
    01fe8001000000108098022dce051e000000001031001900
[24] CableCheckReq payloadType=0x8001 bytes=24
    01fe8001000000108098022dce051e000000001031001900
[25] CableCheckReq payloadType=0x8001 bytes=24
    01fe8001000000108098022dce051e000000001031001900
[26] CableCheckReq payloadType=0x8001 bytes=24
    01fe8001000000108098022dce051e000000001031001900
[27] CableCheckReq payloadType=0x8001 bytes=24
    01fe8001000000108098022dce051e000000001031001900
[28] CableCheckReq payloadType=0x8001 bytes=24
    01fe8001000000108098022dce051e000000001031001900
[29] CableCheckReq payloadType=0x8001 bytes=24
    01fe8001000000108098022dce051e000000001031001900
[30] CableCheckReq payloadType=0x8001 bytes=24
    01fe8001000000108098022dce051e000000001031001900
[31] CableCheckReq payloadType=0x8001 bytes=24
    01fe8001000000108098022dce051e000000001031001900
[32] CableCheckReq payloadType=0x8001 bytes=24
    01fe8001000000108098022dce051e000000001031001900
[33] CableCheckReq payloadType=0x8001 bytes=24
    01fe8001000000108098022dce051e000000001031001900
[34] CableCheckReq payloadType=0x8001 bytes=24
    01fe8001000000108098022dce051e000000001031001900
[35] CableCheckReq payloadType=0x8001 bytes=24
    01fe8001000000108098022dce051e000000001031001900
[36] CableCheckReq payloadType=0x8001 bytes=24
    01fe8001000000108098022dce051e000000001031001900
[37] CableCheckReq payloadType=0x8001 bytes=24
    01fe8001000000108098022dce051e000000001031001900
[38] CableCheckReq payloadType=0x8001 bytes=24
    01fe8001000000108098022dce051e000000001031001900
[39] CableCheckReq payloadType=0x8001 bytes=24
    01fe8001000000108098022dce051e000000001031001900
[40] CableCheckReq payloadType=0x8001 bytes=24
    01fe8001000000108098022dce051e000000001031001900
[41] CableCheckReq payloadType=0x8001 bytes=24
    01fe8001000000108098022dce051e000000001031001900
[42] CableCheckReq payloadType=0x8001 bytes=24
    01fe8001000000108098022dce051e000000001031001900
[43] CableCheckReq payloadType=0x8001 bytes=24
    01fe8001000000108098022dce051e000000001031001900
[44] PreChargeReq payloadType=0x8001 bytes=32
    01fe8001000000188098022dce051e0000000011710019018812006061801000
[45] PowerDeliveryReq payloadType=0x8001 bytes=31
    01fe8001000000178098022dce051e000000001150000000018a18158022c0
[46] CurrentDemandReq payloadType=0x8001 bytes=33
    01fe8001000000198098022dce051e0000000010d1001901860f0410c409003000
[47] CurrentDemandReq payloadType=0x8001 bytes=33
    01fe8001000000198098022dce051e0000000010d1001901860f0410c409003000
[48] CurrentDemandReq payloadType=0x8001 bytes=33
    01fe8001000000198098022dce051e0000000010d1001901860f0410c409003000
[49] PowerDeliveryReq payloadType=0x8001 bytes=24
    01fe8001000000108098022dce051e000000001151000600
[50] WeldingDetectionReq payloadType=0x8001 bytes=24
    01fe8001000000108098022dce051e000000001211001900
[51] SessionStopReq payloadType=0x8001 bytes=22
    01fe80010000000e8098022dce051e0000000011f000

## station -> EV: 1589 byte(s), 52 frame(s)
[0] SupportedAppProtocolRes (OK_SuccessfulNegotiation) payloadType=0x8001 bytes=12
    01fe80010000000480400040
[1] SessionSetupRes (OK_NewSessionEstablished) payloadType=0x8001 bytes=39
    01fe80010000001f8098022dce051e0000000011e020451114a9413960a914c4c8ccd0d4a8c480
[2] ServiceDiscoveryRes (OK) payloadType=0x8001 bytes=27
    01fe8001000000138098022dce051e0000000011c0012004820324
[3] PaymentServiceSelectionRes (OK) payloadType=0x8001 bytes=22
    01fe80010000000e8098022dce051e00000000114000
[4] AuthorizationRes (OK) payloadType=0x8001 bytes=23
    01fe80010000000f8098022dce051e0000000010100200
[5] AuthorizationRes (OK) payloadType=0x8001 bytes=23
    01fe80010000000f8098022dce051e0000000010100000
[6] ChargeParameterDiscoveryRes (OK) payloadType=0x8001 bytes=72
    01fe8001000000408098022dce051e0000000010a000000000002028c140c50c0ac010aa000000081061a01e08284c3a81081508c04180501081a01e020c050083014018c1209c00
[7] CableCheckRes (OK) payloadType=0x8001 bytes=27
    01fe8001000000138098022dce051e000000001040000000010100
[8] CableCheckRes (OK) payloadType=0x8001 bytes=27
    01fe8001000000138098022dce051e000000001040000000010100
[9] CableCheckRes (OK) payloadType=0x8001 bytes=27
    01fe8001000000138098022dce051e000000001040000000010100
[10] CableCheckRes (OK) payloadType=0x8001 bytes=27
    01fe8001000000138098022dce051e000000001040000000010100
[11] CableCheckRes (OK) payloadType=0x8001 bytes=27
    01fe8001000000138098022dce051e000000001040000000010100
[12] CableCheckRes (OK) payloadType=0x8001 bytes=27
    01fe8001000000138098022dce051e000000001040000000010100
[13] CableCheckRes (OK) payloadType=0x8001 bytes=27
    01fe8001000000138098022dce051e000000001040000000010100
[14] CableCheckRes (OK) payloadType=0x8001 bytes=27
    01fe8001000000138098022dce051e000000001040000000010100
[15] CableCheckRes (OK) payloadType=0x8001 bytes=27
    01fe8001000000138098022dce051e000000001040000000010100
[16] CableCheckRes (OK) payloadType=0x8001 bytes=27
    01fe8001000000138098022dce051e000000001040000000010100
[17] CableCheckRes (OK) payloadType=0x8001 bytes=27
    01fe8001000000138098022dce051e000000001040000000010100
[18] CableCheckRes (OK) payloadType=0x8001 bytes=27
    01fe8001000000138098022dce051e000000001040000000010100
[19] CableCheckRes (OK) payloadType=0x8001 bytes=27
    01fe8001000000138098022dce051e000000001040000000010100
[20] CableCheckRes (OK) payloadType=0x8001 bytes=27
    01fe8001000000138098022dce051e000000001040000000010100
[21] CableCheckRes (OK) payloadType=0x8001 bytes=27
    01fe8001000000138098022dce051e000000001040000000010100
[22] CableCheckRes (OK) payloadType=0x8001 bytes=27
    01fe8001000000138098022dce051e000000001040000000010100
[23] CableCheckRes (OK) payloadType=0x8001 bytes=27
    01fe8001000000138098022dce051e000000001040000000010100
[24] CableCheckRes (OK) payloadType=0x8001 bytes=27
    01fe8001000000138098022dce051e000000001040000000010100
[25] CableCheckRes (OK) payloadType=0x8001 bytes=27
    01fe8001000000138098022dce051e000000001040000000010100
[26] CableCheckRes (OK) payloadType=0x8001 bytes=27
    01fe8001000000138098022dce051e000000001040000000010100
[27] CableCheckRes (OK) payloadType=0x8001 bytes=27
    01fe8001000000138098022dce051e000000001040000000010100
[28] CableCheckRes (OK) payloadType=0x8001 bytes=27
    01fe8001000000138098022dce051e000000001040000000010100
[29] CableCheckRes (OK) payloadType=0x8001 bytes=27
    01fe8001000000138098022dce051e000000001040000000010100
[30] CableCheckRes (OK) payloadType=0x8001 bytes=27
    01fe8001000000138098022dce051e000000001040000000010100
[31] CableCheckRes (OK) payloadType=0x8001 bytes=27
    01fe8001000000138098022dce051e000000001040000000010100
[32] CableCheckRes (OK) payloadType=0x8001 bytes=27
    01fe8001000000138098022dce051e000000001040000000010100
[33] CableCheckRes (OK) payloadType=0x8001 bytes=27
    01fe8001000000138098022dce051e000000001040000000010100
[34] CableCheckRes (OK) payloadType=0x8001 bytes=27
    01fe8001000000138098022dce051e000000001040000000010100
[35] CableCheckRes (OK) payloadType=0x8001 bytes=27
    01fe8001000000138098022dce051e000000001040000000010100
[36] CableCheckRes (OK) payloadType=0x8001 bytes=27
    01fe8001000000138098022dce051e000000001040000000010100
[37] CableCheckRes (OK) payloadType=0x8001 bytes=27
    01fe8001000000138098022dce051e000000001040000000010100
[38] CableCheckRes (OK) payloadType=0x8001 bytes=27
    01fe8001000000138098022dce051e000000001040000000010100
[39] CableCheckRes (OK) payloadType=0x8001 bytes=27
    01fe8001000000138098022dce051e000000001040000000010100
[40] CableCheckRes (OK) payloadType=0x8001 bytes=27
    01fe8001000000138098022dce051e000000001040000000210100
[41] CableCheckRes (OK) payloadType=0x8001 bytes=27
    01fe8001000000138098022dce051e000000001040000000210100
[42] CableCheckRes (OK) payloadType=0x8001 bytes=27
    01fe8001000000138098022dce051e000000001040000000210100
[43] CableCheckRes (OK) payloadType=0x8001 bytes=27
    01fe8001000000138098022dce051e000000001040000000204000
[44] PreChargeRes (OK) payloadType=0x8001 bytes=30
    01fe8001000000168098022dce051e000000001180000000204084000000
[45] PowerDeliveryRes (OK) payloadType=0x8001 bytes=26
    01fe8001000000128098022dce051e0000000011600400001020
[46] CurrentDemandRes (OK) payloadType=0x8001 bytes=84
    01fe80010000004c8098022dce051e0000000010e0000000204084000020c00000202102a1180218504e0080c50c0ac0101144452a504e582a4531323334352a3100000f44435f504f5745524d455445520009a0
[47] CurrentDemandRes (OK) payloadType=0x8001 bytes=68
    01fe80010000003c8098022dce051e0000000010e00000002040840a01f020c05000202102a1180218504e0080c50c0ac0101144452a504e582a4531323334352a310008
[48] CurrentDemandRes (OK) payloadType=0x8001 bytes=85
    01fe80010000004d8098022dce051e0000000010e00000002040840a01f020c05000202102a1180218504e0080c50c0ac0101144452a504e582a4531323334352a3100000f44435f504f5745524d455445520009a0
[49] PowerDeliveryRes (OK) payloadType=0x8001 bytes=26
    01fe8001000000128098022dce051e0000000011600400001020
[50] WeldingDetectionRes (OK) payloadType=0x8001 bytes=31
    01fe8001000000178098022dce051e0000000012200000002000840a01f000
[51] SessionStopRes (OK) payloadType=0x8001 bytes=22
    01fe80010000000e8098022dce051e00000000120000
