INFO    2026-07-22 10:09:03,051 - iso15118.evcc.evcc_settings (48): EVCC environment settings:
INFO    2026-07-22 10:09:03,052 - iso15118.evcc.evcc_settings (50): PKI_PATH                      : /venv/lib/python3.10/site-packages/iso15118/shared/pki/
INFO    2026-07-22 10:09:03,052 - iso15118.evcc.evcc_settings (50): MESSAGE_LOG_JSON              : True
INFO    2026-07-22 10:09:03,052 - iso15118.evcc.evcc_settings (50): MESSAGE_LOG_EXI               : False
INFO    2026-07-22 10:09:03,052 - iso15118.evcc.evcc_settings (50): ENABLE_TLS_1_3                : True
INFO    2026-07-22 10:09:03,052 - iso15118.evcc.evcc_settings (52): NETWORK_INTERFACE             : eth0
INFO    2026-07-22 10:09:03,053 - iso15118.evcc.evcc_settings (52): LOG_LEVEL                     : INFO
INFO    2026-07-22 10:09:03,053 - iso15118.evcc.evcc_settings (52): EVCC_CONFIG_PATH              : /tmp/evcc_config_dc_tls.json
INFO    2026-07-22 10:09:03,074 - iso15118.evcc.evcc_config (120): EVCC Settings
INFO    2026-07-22 10:09:03,074 - iso15118.evcc.evcc_config (123): supported_energy_services     : [<ServiceV20.DC: 2>]
INFO    2026-07-22 10:09:03,074 - iso15118.evcc.evcc_config (123): is_cert_install_needed        : False
INFO    2026-07-22 10:09:03,074 - iso15118.evcc.evcc_config (123): use_tls                       : True
INFO    2026-07-22 10:09:03,074 - iso15118.evcc.evcc_config (123): sdp_retry_cycles              : 1
INFO    2026-07-22 10:09:03,075 - iso15118.evcc.evcc_config (123): max_contract_certs            : 3
INFO    2026-07-22 10:09:03,075 - iso15118.evcc.evcc_config (123): enforce_tls                   : False
INFO    2026-07-22 10:09:03,075 - iso15118.evcc.evcc_config (123): supported_protocols           : [<Protocol.ISO_15118_20_DC: (<Namespace.ISO_V20_DC: 'urn:iso:std:iso:15118:-20:DC'>, <enum 'ISOV20PayloadTypes'>)>]
INFO    2026-07-22 10:09:03,075 - iso15118.evcc.evcc_config (123): energy_transfer_mode          : AC_three_phase_core
INFO    2026-07-22 10:09:03,075 - iso15118.evcc.evcc_config (123): max_supporting_points         : 1024
INFO    2026-07-22 10:09:03,075 - iso15118.evcc.evcc_config (123): charge_loop_cycle             : 10
INFO    2026-07-22 10:09:03,075 - iso15118.evcc.evcc_config (123): charge_loop_delay_time        : 0
INFO    2026-07-22 10:09:06,779 - iso15118.shared.exi_codec (177): EXI Codec version: 1.55
INFO    2026-07-22 10:09:06,779 - iso15118.evcc (30): Starting 15118 version: 0.31.2
INFO    2026-07-22 10:09:06,779 - iso15118.evcc.comm_session_handler (313): Communication session handler started
INFO    2026-07-22 10:09:06,781 - iso15118.evcc.comm_session_handler (398): Remaining SDP requests: 50
INFO    2026-07-22 10:09:06,882 - iso15118.evcc.comm_session_handler (335): Sending SDPRequest: [Security: TLS, Protocol: TCP]
INFO    2026-07-22 10:09:06,898 - iso15118.evcc.transport.udp_client (105): Received datagram from UDP server at address ('fe80::215:5dff:fe46:863f', 15118, 0, 2)
INFO    2026-07-22 10:09:06,899 - iso15118.evcc.comm_session_handler (485): SDPResponse received: [ IP address: fe80::215:5dff:fe46:863f, Port: 55000 , Security: TLS , Transport: TCP ]
INFO    2026-07-22 10:09:06,900 - iso15118.evcc.comm_session_handler (416): Starting TLS client, trying to connect to fe80::215:5dff:fe46:863f at port 55000 ...
INFO    2026-07-22 10:09:06,917 - iso15118.evcc.transport.udp_client (105): Received datagram from UDP server at address ('fe80::215:5dff:fe46:863f', 15118, 0, 2)
INFO    2026-07-22 10:09:06,918 - iso15118.evcc.transport.udp_client (105): Received datagram from UDP server at address ('fe80::215:5dff:fe46:863f', 15118, 0, 2)
INFO    2026-07-22 10:09:06,927 - iso15118.evcc.transport.udp_client (105): Received datagram from UDP server at address ('fe80::215:5dff:fe46:863f', 15118, 0, 2)
INFO    2026-07-22 10:09:06,928 - iso15118.evcc.transport.udp_client (105): Received datagram from UDP server at address ('fe80::215:5dff:fe46:863f', 15118, 0, 2)
INFO    2026-07-22 10:09:07,145 - iso15118.evcc.comm_session_handler (423): TCP client connected
INFO    2026-07-22 10:09:07,172 - iso15118.shared.comm_session (344): Starting a new communication session
INFO    2026-07-22 10:09:07,172 - iso15118.shared.states (139): Entered state SupportedAppProtocol
INFO    2026-07-22 10:09:07,173 - iso15118.shared.exi_codec (248): Message to encode (ns=urn:iso:15118:2:2010:AppProtocol): {"supportedAppProtocolReq": {"AppProtocol": [{"ProtocolNamespace": "urn:iso:std:iso:15118:-20:DC", "VersionNumberMajor": 1, "VersionNumberMinor": 0, "SchemaID": 1, "Priority": 1}]}}
INFO    2026-07-22 10:09:07,285 - iso15118.shared.comm_session (431): Sent supportedAppProtocolReq
INFO    2026-07-22 10:09:07,540 - iso15118.shared.exi_codec (302): Decoded message (ns=urn:iso:15118:2:2010:AppProtocol): {"supportedAppProtocolRes":{"ResponseCode":"OK_SuccessfulNegotiation","SchemaID":1}}
INFO    2026-07-22 10:09:07,541 - iso15118.shared.comm_session (235): supportedAppProtocolRes received
INFO    2026-07-22 10:09:07,542 - iso15118.evcc.states.sap_states (159): Chosen protocol: ISO_15118_20_DC
INFO    2026-07-22 10:09:07,543 - iso15118.shared.exi_codec (248): Message to encode (ns=urn:iso:std:iso:15118:-20:CommonMessages): {"SessionSetupReq": {"Header": {"SessionID": "0000000000000000", "TimeStamp": 1784714947}, "EVCCID": "WMIV1234567890ABCDEX"}}
INFO    2026-07-22 10:09:07,925 - iso15118.shared.comm_session (431): Sent SessionSetupReq
INFO    2026-07-22 10:09:07,926 - iso15118.shared.states (139): Entered state SessionSetup
INFO    2026-07-22 10:09:08,217 - iso15118.shared.exi_codec (302): Decoded message (ns=urn:iso:std:iso:15118:-20:CommonMessages): {"SessionSetupRes":{"Header":{"SessionID":"6213552101E84CCC","TimeStamp":1784714948},"ResponseCode":"OK_NewSessionEstablished","EVSEID":"DE*ABC*E1"}}
INFO    2026-07-22 10:09:08,218 - iso15118.shared.comm_session (235): SessionSetupRes received
INFO    2026-07-22 10:09:08,219 - iso15118.shared.exi_codec (248): Message to encode (ns=urn:iso:std:iso:15118:-20:CommonMessages): {"AuthorizationSetupReq": {"Header": {"SessionID": "6213552101E84CCC", "TimeStamp": 1784714948}}}
INFO    2026-07-22 10:09:08,412 - iso15118.shared.comm_session (431): Sent AuthorizationSetupReq
INFO    2026-07-22 10:09:08,412 - iso15118.shared.states (139): Entered state AuthorizationSetup
INFO    2026-07-22 10:09:08,633 - iso15118.shared.exi_codec (302): Decoded message (ns=urn:iso:std:iso:15118:-20:CommonMessages): {"AuthorizationSetupRes":{"Header":{"SessionID":"6213552101E84CCC","TimeStamp":1784714948},"ResponseCode":"OK","AuthorizationServices":["PnC","EIM"],"CertificateInstallationService":false,"PnC_ASResAuthorizationMode":{"GenChallenge":"KxljlNByk2/8sXLkHSM14Q=="}}}
INFO    2026-07-22 10:09:08,634 - iso15118.shared.comm_session (235): AuthorizationSetupRes received
INFO    2026-07-22 10:09:08,644 - iso15118.shared.exi_codec (248): Message to encode (ns=urn:iso:std:iso:15118:-20:CommonMessages): {"PnC_AReqAuthorizationMode": {"Id": "id1", "GenChallenge": "KxljlNByk2/8sXLkHSM14Q==", "ContractCertificateChain": {"Certificate": "MIICZDCCAgmgAwIBAgICMEQwCgYIKoZIzj0EAwIwVjEiMCAGA1UEAwwZUEtJLUV4dF9DUlRfTU9fU1VCMl9WQUxJRDEPMA0GA1UECgwGU3dpdGNoMQswCQYDVQQGEwJVSzESMBAGCgmSJomT8ixkARkWAk1PMB4XDTI2MDcyMTExNTMyMVoXDTI4MDcyMDExNTMyMVowTDEYMBYGA1UEAwwPVUtTV0kxMjM0NTY3OTFBMQ8wDQYDVQQKDAZTd2l0Y2gxCzAJBgNVBAYTAlVLMRIwEAYKCZImiZPyLGQBGRYCTU8wWTATBgcqhkjOPQIBBggqhkjOPQMBBwNCAASPcMR9PWoRGsJUtanwWG35is1JNazQouYmCqlvsiEKQDyLpSCTLAIwK0AJji7FDgbpHrOM+82YCirJywcZzauHo4HQMIHNMAwGA1UdEwEB/wQCMAAwDgYDVR0PAQH/BAQDAgPoMB0GA1UdDgQWBBQWT/G4zhwa/+ySeGEklHCy7y6GETBtBggrBgEFBQcBAQRhMF8wJAYIKwYBBQUHMAGGGGh0dHBzOi8vd3d3LmV4YW1wbGUuY29tLzA3BggrBgEFBQcwAoYraHR0cHM6Ly93d3cuZXhhbXBsZS5jb20vSW50ZXJtZWRpYXRlLUNBLmNlcjAfBgNVHSMEGDAWgBQE5KGTQteje6QejZgDDp+H+9PmajAKBggqhkjOPQQDAgNJADBGAiEAhnFc5UjTZQCbuZkmR7eHnJ03PMj+1B3F/ULTFnjHLI8CIQDFYbLbXqyvIRGSjDQVjoUmhpqvGg4exZyIgKf1iWnHaw==", "SubCertificates": {"Certificate": ["MIICcjCCAhmgAwIBAgICMEMwCgYIKoZIzj0EAwIwVjEiMCAGA1UEAwwZUEtJLUV4dF9DUlRfTU9fU1VCMV9WQUxJRDEPMA0GA1UECgwGU3dpdGNoMQswCQYDVQQGEwJVSzESMBAGCgmSJomT8ixkARkWAk1PMB4XDTI2MDcyMTExNTMyMVoXDTMwMDcyMDExNTMyMVowVjEiMCAGA1UEAwwZUEtJLUV4dF9DUlRfTU9fU1VCMl9WQUxJRDEPMA0GA1UECgwGU3dpdGNoMQswCQYDVQQGEwJVSzESMBAGCgmSJomT8ixkARkWAk1PMFkwEwYHKoZIzj0CAQYIKoZIzj0DAQcDQgAEHMR8BBuQ69sa5oonNzNyTMppyKA9JFnOKHlrSuleKsZoVFdRCpJlHFoUOmnxJ3wayr4tchFB3xB7jJjAckLZ46OB1jCB0zASBgNVHRMBAf8ECDAGAQH/AgEAMA4GA1UdDwEB/wQEAwIBxjAdBgNVHQ4EFgQUBOShk0LXo3ukHo2YAw6fh/vT5mowbQYIKwYBBQUHAQEEYTBfMCQGCCsGAQUFBzABhhhodHRwczovL3d3dy5leGFtcGxlLmNvbS8wNwYIKwYBBQUHMAKGK2h0dHBzOi8vd3d3LmV4YW1wbGUuY29tL0ludGVybWVkaWF0ZS1DQS5jZXIwHwYDVR0jBBgwFoAUIw4IOPzFFjrrThyNVhSk0fKtd+wwCgYIKoZIzj0EAwIDRwAwRAIgGCNE4tWgUqjzAxTow3Uf8HPoKnCT39oeZYFMGvM/LYYCIFAMF8lW7Xe8R54cYllDRUze2yNv30kI2CQ/LpZDgbcu", "MIICYzCCAgigAwIBAgICMEIwCgYIKoZIzj0EAwIwRTERMA8GA1UEAwwITU9Sb290Q0ExDzANBgNVBAoMBlN3aXRjaDELMAkGA1UEBhMCVUsxEjAQBgoJkiaJk/IsZAEZFgJNTzAeFw0yNjA3MjExMTUzMjFaFw0zMDA3MjAxMTUzMjFaMFYxIjAgBgNVBAMMGVBLSS1FeHRfQ1JUX01PX1NVQjFfVkFMSUQxDzANBgNVBAoMBlN3aXRjaDELMAkGA1UEBhMCVUsxEjAQBgoJkiaJk/IsZAEZFgJNTzBZMBMGByqGSM49AgEGCCqGSM49AwEHA0IABGX87iNhAe+7mzWkCS6yc3b4huU3NXoz1MH0PTcXKp2n5XPV+6+5/45AbhKSveAATuZUdQH6kGIOkRwA/KZ7u6yjgdYwgdMwEgYDVR0TAQH/BAgwBgEB/wIBATAOBgNVHQ8BAf8EBAMCAQYwHQYDVR0OBBYEFCMOCDj8xRY6604cjVYUpNHyrXfsMG0GCCsGAQUFBwEBBGEwXzAkBggrBgEFBQcwAYYYaHR0cHM6Ly93d3cuZXhhbXBsZS5jb20vMDcGCCsGAQUFBzAChitodHRwczovL3d3dy5leGFtcGxlLmNvbS9JbnRlcm1lZGlhdGUtQ0EuY2VyMB8GA1UdIwQYMBaAFJH0C7gAn6XBuT1ZPL8zNvr+zNl3MAoGCCqGSM49BAMCA0kAMEYCIQCGRcfkuKcJGq1zVhMJOMsJ1kWOiiHjQbMhQjobw8WqVwIhAOJ+7n6dWbsoc/v353G8L9R22c/+Y6t8BoYbGe5zimk4"]}}}}
INFO    2026-07-22 10:09:08,901 - iso15118.shared.exi_codec (248): Message to encode (ns=http://www.w3.org/2000/09/xmldsig#): {"SignedInfo": {"CanonicalizationMethod": {"Algorithm": "http://www.w3.org/TR/canonical-exi/"}, "SignatureMethod": {"Algorithm": "http://www.w3.org/2001/04/xmldsig-more#ecdsa-sha256"}, "Reference": [{"Transforms": {"Transform": [{"Algorithm": "http://www.w3.org/TR/canonical-exi/"}]}, "DigestMethod": {"Algorithm": "http://www.w3.org/2001/04/xmlenc#sha256"}, "DigestValue": "KPrmeilCLeBcD0Z7HD0A+MLgOzxp+XoY3jd6MnVqzls=", "URI": "#id1"}]}}
INFO    2026-07-22 10:09:09,063 - iso15118.shared.exi_codec (248): Message to encode (ns=urn:iso:std:iso:15118:-20:CommonMessages): {"AuthorizationReq": {"Header": {"SessionID": "6213552101E84CCC", "TimeStamp": 1784714949, "Signature": {"SignedInfo": {"CanonicalizationMethod": {"Algorithm": "http://www.w3.org/TR/canonical-exi/"}, "SignatureMethod": {"Algorithm": "http://www.w3.org/2001/04/xmldsig-more#ecdsa-sha256"}, "Reference": [{"Transforms": {"Transform": [{"Algorithm": "http://www.w3.org/TR/canonical-exi/"}]}, "DigestMethod": {"Algorithm": "http://www.w3.org/2001/04/xmlenc#sha256"}, "DigestValue": "KPrmeilCLeBcD0Z7HD0A+MLgOzxp+XoY3jd6MnVqzls=", "URI": "#id1"}]}, "SignatureValue": {"value": "b9Bqs8ZxVHOsF3aFRpikXI2WRbGt8mt5anKv9vsyWTA/UdgE1kC0cDql6Gt7eJkihlyeKog34AdNZm49NUZvNw=="}}}, "SelectedAuthorizationService": "PnC", "PnC_AReqAuthorizationMode": {"Id": "id1", "GenChallenge": "KxljlNByk2/8sXLkHSM14Q==", "ContractCertificateChain": {"Certificate": "MIICZDCCAgmgAwIBAgICMEQwCgYIKoZIzj0EAwIwVjEiMCAGA1UEAwwZUEtJLUV4dF9DUlRfTU9fU1VCMl9WQUxJRDEPMA0GA1UECgwGU3dpdGNoMQswCQYDVQQGEwJVSzESMBAGCgmSJomT8ixkARkWAk1PMB4XDTI2MDcyMTExNTMyMVoXDTI4MDcyMDExNTMyMVowTDEYMBYGA1UEAwwPVUtTV0kxMjM0NTY3OTFBMQ8wDQYDVQQKDAZTd2l0Y2gxCzAJBgNVBAYTAlVLMRIwEAYKCZImiZPyLGQBGRYCTU8wWTATBgcqhkjOPQIBBggqhkjOPQMBBwNCAASPcMR9PWoRGsJUtanwWG35is1JNazQouYmCqlvsiEKQDyLpSCTLAIwK0AJji7FDgbpHrOM+82YCirJywcZzauHo4HQMIHNMAwGA1UdEwEB/wQCMAAwDgYDVR0PAQH/BAQDAgPoMB0GA1UdDgQWBBQWT/G4zhwa/+ySeGEklHCy7y6GETBtBggrBgEFBQcBAQRhMF8wJAYIKwYBBQUHMAGGGGh0dHBzOi8vd3d3LmV4YW1wbGUuY29tLzA3BggrBgEFBQcwAoYraHR0cHM6Ly93d3cuZXhhbXBsZS5jb20vSW50ZXJtZWRpYXRlLUNBLmNlcjAfBgNVHSMEGDAWgBQE5KGTQteje6QejZgDDp+H+9PmajAKBggqhkjOPQQDAgNJADBGAiEAhnFc5UjTZQCbuZkmR7eHnJ03PMj+1B3F/ULTFnjHLI8CIQDFYbLbXqyvIRGSjDQVjoUmhpqvGg4exZyIgKf1iWnHaw==", "SubCertificates": {"Certificate": ["MIICcjCCAhmgAwIBAgICMEMwCgYIKoZIzj0EAwIwVjEiMCAGA1UEAwwZUEtJLUV4dF9DUlRfTU9fU1VCMV9WQUxJRDEPMA0GA1UECgwGU3dpdGNoMQswCQYDVQQGEwJVSzESMBAGCgmSJomT8ixkARkWAk1PMB4XDTI2MDcyMTExNTMyMVoXDTMwMDcyMDExNTMyMVowVjEiMCAGA1UEAwwZUEtJLUV4dF9DUlRfTU9fU1VCMl9WQUxJRDEPMA0GA1UECgwGU3dpdGNoMQswCQYDVQQGEwJVSzESMBAGCgmSJomT8ixkARkWAk1PMFkwEwYHKoZIzj0CAQYIKoZIzj0DAQcDQgAEHMR8BBuQ69sa5oonNzNyTMppyKA9JFnOKHlrSuleKsZoVFdRCpJlHFoUOmnxJ3wayr4tchFB3xB7jJjAckLZ46OB1jCB0zASBgNVHRMBAf8ECDAGAQH/AgEAMA4GA1UdDwEB/wQEAwIBxjAdBgNVHQ4EFgQUBOShk0LXo3ukHo2YAw6fh/vT5mowbQYIKwYBBQUHAQEEYTBfMCQGCCsGAQUFBzABhhhodHRwczovL3d3dy5leGFtcGxlLmNvbS8wNwYIKwYBBQUHMAKGK2h0dHBzOi8vd3d3LmV4YW1wbGUuY29tL0ludGVybWVkaWF0ZS1DQS5jZXIwHwYDVR0jBBgwFoAUIw4IOPzFFjrrThyNVhSk0fKtd+wwCgYIKoZIzj0EAwIDRwAwRAIgGCNE4tWgUqjzAxTow3Uf8HPoKnCT39oeZYFMGvM/LYYCIFAMF8lW7Xe8R54cYllDRUze2yNv30kI2CQ/LpZDgbcu", "MIICYzCCAgigAwIBAgICMEIwCgYIKoZIzj0EAwIwRTERMA8GA1UEAwwITU9Sb290Q0ExDzANBgNVBAoMBlN3aXRjaDELMAkGA1UEBhMCVUsxEjAQBgoJkiaJk/IsZAEZFgJNTzAeFw0yNjA3MjExMTUzMjFaFw0zMDA3MjAxMTUzMjFaMFYxIjAgBgNVBAMMGVBLSS1FeHRfQ1JUX01PX1NVQjFfVkFMSUQxDzANBgNVBAoMBlN3aXRjaDELMAkGA1UEBhMCVUsxEjAQBgoJkiaJk/IsZAEZFgJNTzBZMBMGByqGSM49AgEGCCqGSM49AwEHA0IABGX87iNhAe+7mzWkCS6yc3b4huU3NXoz1MH0PTcXKp2n5XPV+6+5/45AbhKSveAATuZUdQH6kGIOkRwA/KZ7u6yjgdYwgdMwEgYDVR0TAQH/BAgwBgEB/wIBATAOBgNVHQ8BAf8EBAMCAQYwHQYDVR0OBBYEFCMOCDj8xRY6604cjVYUpNHyrXfsMG0GCCsGAQUFBwEBBGEwXzAkBggrBgEFBQcwAYYYaHR0cHM6Ly93d3cuZXhhbXBsZS5jb20vMDcGCCsGAQUFBzAChitodHRwczovL3d3dy5leGFtcGxlLmNvbS9JbnRlcm1lZGlhdGUtQ0EuY2VyMB8GA1UdIwQYMBaAFJH0C7gAn6XBuT1ZPL8zNvr+zNl3MAoGCCqGSM49BAMCA0kAMEYCIQCGRcfkuKcJGq1zVhMJOMsJ1kWOiiHjQbMhQjobw8WqVwIhAOJ+7n6dWbsoc/v353G8L9R22c/+Y6t8BoYbGe5zimk4"]}}}}}
INFO    2026-07-22 10:09:09,216 - iso15118.shared.comm_session (431): Sent AuthorizationReq
INFO    2026-07-22 10:09:09,217 - iso15118.shared.states (139): Entered state Authorization
INFO    2026-07-22 10:09:09,347 - iso15118.shared.exi_codec (302): Decoded message (ns=urn:iso:std:iso:15118:-20:CommonMessages): {"AuthorizationRes":{"Header":{"SessionID":"6213552101E84CCC","TimeStamp":1784714949},"ResponseCode":"OK","EVSEProcessing":"Finished"}}
INFO    2026-07-22 10:09:09,348 - iso15118.shared.comm_session (235): AuthorizationRes received
INFO    2026-07-22 10:09:09,348 - iso15118.shared.exi_codec (248): Message to encode (ns=urn:iso:std:iso:15118:-20:CommonMessages): {"ServiceDiscoveryReq": {"Header": {"SessionID": "6213552101E84CCC", "TimeStamp": 1784714949}}}
INFO    2026-07-22 10:09:09,451 - iso15118.shared.comm_session (431): Sent ServiceDiscoveryReq
INFO    2026-07-22 10:09:09,451 - iso15118.shared.states (139): Entered state ServiceDiscovery
INFO    2026-07-22 10:09:09,557 - iso15118.shared.exi_codec (302): Decoded message (ns=urn:iso:std:iso:15118:-20:CommonMessages): {"ServiceDiscoveryRes":{"Header":{"SessionID":"6213552101E84CCC","TimeStamp":1784714949},"ResponseCode":"OK","ServiceRenegotiationSupported":false,"EnergyTransferServiceList":{"Service":[{"ServiceID":2,"FreeService":true}]}}}
INFO    2026-07-22 10:09:09,558 - iso15118.shared.comm_session (235): ServiceDiscoveryRes received
INFO    2026-07-22 10:09:09,559 - iso15118.shared.exi_codec (248): Message to encode (ns=urn:iso:std:iso:15118:-20:CommonMessages): {"ServiceDetailReq": {"Header": {"SessionID": "6213552101E84CCC", "TimeStamp": 1784714949}, "ServiceID": 2}}
INFO    2026-07-22 10:09:09,644 - iso15118.shared.comm_session (431): Sent ServiceDetailReq
INFO    2026-07-22 10:09:09,644 - iso15118.shared.states (139): Entered state ServiceDetail
INFO    2026-07-22 10:09:09,736 - iso15118.shared.exi_codec (302): Decoded message (ns=urn:iso:std:iso:15118:-20:CommonMessages): {"ServiceDetailRes":{"Header":{"SessionID":"6213552101E84CCC","TimeStamp":1784714949},"ResponseCode":"OK","ServiceID":2,"ServiceParameterList":{"ParameterSet":[{"ParameterSetID":1,"Parameter":[{"Name":"Connector","intValue":1},{"Name":"ControlMode","intValue":1},{"Name":"MobilityNeedsMode","intValue":1},{"Name":"Pricing","intValue":0}]}]}}}
INFO    2026-07-22 10:09:09,737 - iso15118.shared.comm_session (235): ServiceDetailRes received
INFO    2026-07-22 10:09:09,738 - iso15118.evcc.states.iso15118_20_states (664): Selected Control Mode: 1
INFO    2026-07-22 10:09:09,739 - iso15118.shared.exi_codec (248): Message to encode (ns=urn:iso:std:iso:15118:-20:CommonMessages): {"ServiceSelectionReq": {"Header": {"SessionID": "6213552101E84CCC", "TimeStamp": 1784714949}, "SelectedEnergyTransferService": {"ServiceID": 2, "ParameterSetID": 1}}}
INFO    2026-07-22 10:09:09,835 - iso15118.shared.comm_session (431): Sent ServiceSelectionReq
INFO    2026-07-22 10:09:09,836 - iso15118.shared.states (139): Entered state ServiceSelection
INFO    2026-07-22 10:09:09,910 - iso15118.shared.exi_codec (302): Decoded message (ns=urn:iso:std:iso:15118:-20:CommonMessages): {"ServiceSelectionRes":{"Header":{"SessionID":"6213552101E84CCC","TimeStamp":1784714949},"ResponseCode":"OK"}}
INFO    2026-07-22 10:09:09,910 - iso15118.shared.comm_session (235): ServiceSelectionRes received
INFO    2026-07-22 10:09:09,911 - iso15118.shared.exi_codec (248): Message to encode (ns=urn:iso:std:iso:15118:-20:DC): {"DC_ChargeParameterDiscoveryReq": {"Header": {"SessionID": "6213552101E84CCC", "TimeStamp": 1784714949}, "DC_CPDReqEnergyTransferMode": {"EVMaximumChargePower": {"Exponent": 3, "Value": 300}, "EVMinimumChargePower": {"Exponent": 0, "Value": 100}, "EVMaximumChargeCurrent": {"Exponent": 0, "Value": 300}, "EVMinimumChargeCurrent": {"Exponent": 0, "Value": 10}, "EVMaximumVoltage": {"Exponent": 0, "Value": 1000}, "EVMinimumVoltage": {"Exponent": 0, "Value": 10}}}}
INFO    2026-07-22 10:09:10,030 - iso15118.shared.comm_session (431): Sent DC_ChargeParameterDiscoveryReq
INFO    2026-07-22 10:09:10,030 - iso15118.shared.states (139): Entered state DCChargeParameterDiscovery
INFO    2026-07-22 10:09:10,108 - iso15118.shared.exi_codec (302): Decoded message (ns=urn:iso:std:iso:15118:-20:DC): {"DC_ChargeParameterDiscoveryRes":{"Header":{"SessionID":"6213552101E84CCC","TimeStamp":1784714950},"ResponseCode":"OK","DC_CPDResEnergyTransferMode":{"EVSEMaximumChargePower":{"Exponent":1,"Value":5000},"EVSEMinimumChargePower":{"Exponent":0,"Value":0},"EVSEMaximumChargeCurrent":{"Exponent":0,"Value":200},"EVSEMinimumChargeCurrent":{"Exponent":0,"Value":0},"EVSEMaximumVoltage":{"Exponent":0,"Value":500},"EVSEMinimumVoltage":{"Exponent":0,"Value":50}}}}
INFO    2026-07-22 10:09:10,108 - iso15118.shared.comm_session (235): DC_ChargeParameterDiscoveryRes received
INFO    2026-07-22 10:09:10,110 - iso15118.shared.exi_codec (248): Message to encode (ns=urn:iso:std:iso:15118:-20:CommonMessages): {"ScheduleExchangeReq": {"Header": {"SessionID": "6213552101E84CCC", "TimeStamp": 1784714950}, "MaximumSupportingPoints": 1024, "Scheduled_SEReqControlMode": {"DepartureTime": 7200, "EVTargetEnergyRequest": {"Exponent": 3, "Value": 10}, "EVMaximumEnergyRequest": {"Exponent": 3, "Value": 20}, "EVMinimumEnergyRequest": {"Exponent": -2, "Value": 5}, "EVEnergyOffer": {"EVPowerSchedule": {"TimeAnchor": 0, "EVPowerScheduleEntries": {"EVPowerScheduleEntry": [{"Duration": 3600, "Power": {"Exponent": 3, "Value": -10}}]}}, "EVAbsolutePriceSchedule": {"TimeAnchor": 0, "Currency": "EUR", "PriceAlgorithm": "urn:iso:std:iso:15118:-20:PriceAlgorithm:1-Power", "EVPriceRuleStacks": {"EVPriceRuleStack": [{"Duration": 0, "EVPriceRule": [{"EnergyFee": {"Exponent": 0, "Value": 0}, "PowerRangeStart": {"Exponent": 0, "Value": 0}}]}]}}}}}}
INFO    2026-07-22 10:09:10,214 - iso15118.shared.comm_session (431): Sent ScheduleExchangeReq
INFO    2026-07-22 10:09:10,215 - iso15118.shared.states (139): Entered state ScheduleExchange
INFO    2026-07-22 10:09:10,337 - iso15118.shared.exi_codec (302): Decoded message (ns=urn:iso:std:iso:15118:-20:CommonMessages): {"ScheduleExchangeRes":{"Header":{"SessionID":"6213552101E84CCC","TimeStamp":1784714950},"ResponseCode":"OK","EVSEProcessing":"Finished","GoToPause":false,"Scheduled_SEResControlMode":{"ScheduleTuple":[{"ScheduleTupleID":1,"ChargingSchedule":{"PowerSchedule":{"TimeAnchor":0,"PowerScheduleEntries":{"PowerScheduleEntry":[{"Duration":3600,"Power":{"Exponent":0,"Value":100}}]}},"PriceLevelSchedule":{"TimeAnchor":0,"PriceScheduleID":1,"NumberOfPriceLevels":1,"PriceLevelScheduleEntries":{"PriceLevelScheduleEntry":[{"Duration":3600,"PriceLevel":0}]}}}}]}}}
INFO    2026-07-22 10:09:10,339 - iso15118.shared.comm_session (235): ScheduleExchangeRes received
INFO    2026-07-22 10:09:10,340 - iso15118.shared.exi_codec (248): Message to encode (ns=urn:iso:std:iso:15118:-20:DC): {"DC_CableCheckReq": {"Header": {"SessionID": "6213552101E84CCC", "TimeStamp": 1784714950}}}
INFO    2026-07-22 10:09:10,393 - iso15118.shared.comm_session (431): Sent DC_CableCheckReq
INFO    2026-07-22 10:09:10,394 - iso15118.shared.states (139): Entered state DCCableCheck
INFO    2026-07-22 10:09:10,455 - iso15118.shared.exi_codec (302): Decoded message (ns=urn:iso:std:iso:15118:-20:DC): {"DC_CableCheckRes":{"Header":{"SessionID":"6213552101E84CCC","TimeStamp":1784714950},"ResponseCode":"OK","EVSEProcessing":"Finished"}}
INFO    2026-07-22 10:09:10,456 - iso15118.shared.comm_session (235): DC_CableCheckRes received
INFO    2026-07-22 10:09:10,457 - iso15118.shared.exi_codec (248): Message to encode (ns=urn:iso:std:iso:15118:-20:DC): {"DC_PreChargeReq": {"Header": {"SessionID": "6213552101E84CCC", "TimeStamp": 1784714950}, "EVProcessing": "Ongoing", "EVPresentVoltage": {"Exponent": 3, "Value": 20}, "EVTargetVoltage": {"Exponent": 3, "Value": 20}}}
INFO    2026-07-22 10:09:10,516 - iso15118.shared.comm_session (431): Sent DC_PreChargeReq
INFO    2026-07-22 10:09:10,517 - iso15118.shared.states (139): Entered state DCPreCharge
INFO    2026-07-22 10:09:10,580 - iso15118.shared.exi_codec (302): Decoded message (ns=urn:iso:std:iso:15118:-20:DC): {"DC_PreChargeRes":{"Header":{"SessionID":"6213552101E84CCC","TimeStamp":1784714950},"ResponseCode":"OK","EVSEPresentVoltage":{"Exponent":0,"Value":390}}}
INFO    2026-07-22 10:09:10,580 - iso15118.shared.comm_session (235): DC_PreChargeRes received
INFO    2026-07-22 10:09:10,581 - iso15118.shared.exi_codec (248): Message to encode (ns=urn:iso:std:iso:15118:-20:DC): {"DC_PreChargeReq": {"Header": {"SessionID": "6213552101E84CCC", "TimeStamp": 1784714950}, "EVProcessing": "Ongoing", "EVPresentVoltage": {"Exponent": 3, "Value": 20}, "EVTargetVoltage": {"Exponent": 3, "Value": 20}}}
INFO    2026-07-22 10:09:10,641 - iso15118.shared.comm_session (431): Sent DC_PreChargeReq
INFO    2026-07-22 10:09:10,728 - iso15118.shared.exi_codec (302): Decoded message (ns=urn:iso:std:iso:15118:-20:DC): {"DC_PreChargeRes":{"Header":{"SessionID":"6213552101E84CCC","TimeStamp":1784714950},"ResponseCode":"OK","EVSEPresentVoltage":{"Exponent":0,"Value":390}}}
INFO    2026-07-22 10:09:10,729 - iso15118.shared.comm_session (235): DC_PreChargeRes received
INFO    2026-07-22 10:09:10,729 - iso15118.shared.exi_codec (248): Message to encode (ns=urn:iso:std:iso:15118:-20:DC): {"DC_PreChargeReq": {"Header": {"SessionID": "6213552101E84CCC", "TimeStamp": 1784714950}, "EVProcessing": "Ongoing", "EVPresentVoltage": {"Exponent": 3, "Value": 20}, "EVTargetVoltage": {"Exponent": 3, "Value": 20}}}
INFO    2026-07-22 10:09:10,797 - iso15118.shared.comm_session (431): Sent DC_PreChargeReq
INFO    2026-07-22 10:09:10,851 - iso15118.shared.exi_codec (302): Decoded message (ns=urn:iso:std:iso:15118:-20:DC): {"DC_PreChargeRes":{"Header":{"SessionID":"6213552101E84CCC","TimeStamp":1784714950},"ResponseCode":"OK","EVSEPresentVoltage":{"Exponent":0,"Value":390}}}
INFO    2026-07-22 10:09:10,851 - iso15118.shared.comm_session (235): DC_PreChargeRes received
INFO    2026-07-22 10:09:10,852 - iso15118.evcc.controller.simulator (574): Precharge complete.
INFO    2026-07-22 10:09:10,852 - iso15118.shared.exi_codec (248): Message to encode (ns=urn:iso:std:iso:15118:-20:DC): {"DC_PreChargeReq": {"Header": {"SessionID": "6213552101E84CCC", "TimeStamp": 1784714950}, "EVProcessing": "Finished", "EVPresentVoltage": {"Exponent": 3, "Value": 20}, "EVTargetVoltage": {"Exponent": 3, "Value": 20}}}
INFO    2026-07-22 10:09:10,907 - iso15118.shared.comm_session (431): Sent DC_PreChargeReq
INFO    2026-07-22 10:09:10,966 - iso15118.shared.exi_codec (302): Decoded message (ns=urn:iso:std:iso:15118:-20:DC): {"DC_PreChargeRes":{"Header":{"SessionID":"6213552101E84CCC","TimeStamp":1784714950},"ResponseCode":"OK","EVSEPresentVoltage":{"Exponent":0,"Value":390}}}
INFO    2026-07-22 10:09:10,967 - iso15118.shared.comm_session (235): DC_PreChargeRes received
INFO    2026-07-22 10:09:10,967 - iso15118.evcc.controller.simulator (574): Precharge complete.
INFO    2026-07-22 10:09:10,968 - iso15118.shared.exi_codec (248): Message to encode (ns=urn:iso:std:iso:15118:-20:CommonMessages): {"PowerDeliveryReq": {"Header": {"SessionID": "6213552101E84CCC", "TimeStamp": 1784714950}, "EVProcessing": "Ongoing", "ChargeProgress": "Start"}}
INFO    2026-07-22 10:09:11,055 - iso15118.shared.comm_session (431): Sent PowerDeliveryReq
INFO    2026-07-22 10:09:11,055 - iso15118.shared.states (139): Entered state PowerDelivery
INFO    2026-07-22 10:09:11,122 - iso15118.shared.exi_codec (302): Decoded message (ns=urn:iso:std:iso:15118:-20:CommonMessages): {"PowerDeliveryRes":{"Header":{"SessionID":"6213552101E84CCC","TimeStamp":1784714951},"ResponseCode":"OK"}}
INFO    2026-07-22 10:09:11,123 - iso15118.shared.comm_session (235): PowerDeliveryRes received
INFO    2026-07-22 10:09:11,124 - iso15118.shared.exi_codec (248): Message to encode (ns=urn:iso:std:iso:15118:-20:CommonMessages): {"PowerDeliveryReq": {"Header": {"SessionID": "6213552101E84CCC", "TimeStamp": 1784714951}, "EVProcessing": "Finished", "ChargeProgress": "Start", "EVPowerProfile": {"TimeAnchor": 0, "EVPowerProfileEntries": {"EVPowerProfileEntry": [{"Duration": 3600, "Power": {"Exponent": 0, "Value": 100}}]}, "Scheduled_EVPPTControlMode": {"SelectedScheduleTupleID": 1, "PowerToleranceAcceptance": "PowerToleranceConfirmed"}}}}
INFO    2026-07-22 10:09:11,192 - iso15118.shared.comm_session (431): Sent PowerDeliveryReq
INFO    2026-07-22 10:09:11,192 - iso15118.shared.states (139): Entered state PowerDelivery
INFO    2026-07-22 10:09:11,260 - iso15118.shared.exi_codec (302): Decoded message (ns=urn:iso:std:iso:15118:-20:CommonMessages): {"PowerDeliveryRes":{"Header":{"SessionID":"6213552101E84CCC","TimeStamp":1784714951},"ResponseCode":"OK"}}
INFO    2026-07-22 10:09:11,260 - iso15118.shared.comm_session (235): PowerDeliveryRes received
INFO    2026-07-22 10:09:11,261 - iso15118.shared.exi_codec (248): Message to encode (ns=urn:iso:std:iso:15118:-20:DC): {"DC_ChargeLoopReq": {"Header": {"SessionID": "6213552101E84CCC", "TimeStamp": 1784714951}, "DisplayParameters": {"PresentSOC": 10, "ChargingComplete": false}, "MeterInfoRequested": false, "EVPresentVoltage": {"Exponent": 3, "Value": 20}, "Scheduled_DC_CLReqControlMode": {"EVTargetCurrent": {"Exponent": 1, "Value": 20}, "EVTargetVoltage": {"Exponent": 1, "Value": 20}}}}
INFO    2026-07-22 10:09:11,313 - iso15118.shared.comm_session (431): Sent DC_ChargeLoopReq
INFO    2026-07-22 10:09:11,313 - iso15118.shared.states (139): Entered state DCChargeLoop
INFO    2026-07-22 10:09:11,373 - iso15118.shared.exi_codec (302): Decoded message (ns=urn:iso:std:iso:15118:-20:DC): {"DC_ChargeLoopRes":{"Header":{"SessionID":"6213552101E84CCC","TimeStamp":1784714951},"ResponseCode":"OK","EVSEPresentCurrent":{"Exponent":0,"Value":120},"EVSEPresentVoltage":{"Exponent":0,"Value":400},"EVSEPowerLimitAchieved":false,"EVSECurrentLimitAchieved":false,"EVSEVoltageLimitAchieved":false,"Scheduled_DC_CLResControlMode":{}}}
INFO    2026-07-22 10:09:11,374 - iso15118.shared.comm_session (235): DC_ChargeLoopRes received
INFO    2026-07-22 10:09:11,374 - iso15118.evcc.states.iso15118_20_states (1677): Next ChargeLoop Req in 0 seconds
INFO    2026-07-22 10:09:11,375 - iso15118.shared.exi_codec (248): Message to encode (ns=urn:iso:std:iso:15118:-20:DC): {"DC_ChargeLoopReq": {"Header": {"SessionID": "6213552101E84CCC", "TimeStamp": 1784714951}, "DisplayParameters": {"PresentSOC": 20, "ChargingComplete": false}, "MeterInfoRequested": false, "EVPresentVoltage": {"Exponent": 3, "Value": 20}, "Scheduled_DC_CLReqControlMode": {"EVTargetCurrent": {"Exponent": 1, "Value": 20}, "EVTargetVoltage": {"Exponent": 1, "Value": 20}}}}
INFO    2026-07-22 10:09:11,412 - iso15118.shared.comm_session (431): Sent DC_ChargeLoopReq
INFO    2026-07-22 10:09:11,468 - iso15118.shared.exi_codec (302): Decoded message (ns=urn:iso:std:iso:15118:-20:DC): {"DC_ChargeLoopRes":{"Header":{"SessionID":"6213552101E84CCC","TimeStamp":1784714951},"ResponseCode":"OK","EVSEPresentCurrent":{"Exponent":0,"Value":120},"EVSEPresentVoltage":{"Exponent":0,"Value":400},"EVSEPowerLimitAchieved":false,"EVSECurrentLimitAchieved":false,"EVSEVoltageLimitAchieved":false,"Scheduled_DC_CLResControlMode":{}}}
INFO    2026-07-22 10:09:11,469 - iso15118.shared.comm_session (235): DC_ChargeLoopRes received
INFO    2026-07-22 10:09:11,469 - iso15118.evcc.states.iso15118_20_states (1677): Next ChargeLoop Req in 0 seconds
INFO    2026-07-22 10:09:11,470 - iso15118.shared.exi_codec (248): Message to encode (ns=urn:iso:std:iso:15118:-20:DC): {"DC_ChargeLoopReq": {"Header": {"SessionID": "6213552101E84CCC", "TimeStamp": 1784714951}, "DisplayParameters": {"PresentSOC": 30, "ChargingComplete": false}, "MeterInfoRequested": false, "EVPresentVoltage": {"Exponent": 3, "Value": 20}, "Scheduled_DC_CLReqControlMode": {"EVTargetCurrent": {"Exponent": 1, "Value": 20}, "EVTargetVoltage": {"Exponent": 1, "Value": 20}}}}
INFO    2026-07-22 10:09:11,520 - iso15118.shared.comm_session (431): Sent DC_ChargeLoopReq
INFO    2026-07-22 10:09:11,607 - iso15118.shared.exi_codec (302): Decoded message (ns=urn:iso:std:iso:15118:-20:DC): {"DC_ChargeLoopRes":{"Header":{"SessionID":"6213552101E84CCC","TimeStamp":1784714951},"ResponseCode":"OK","EVSEPresentCurrent":{"Exponent":0,"Value":120},"EVSEPresentVoltage":{"Exponent":0,"Value":400},"EVSEPowerLimitAchieved":false,"EVSECurrentLimitAchieved":false,"EVSEVoltageLimitAchieved":false,"Scheduled_DC_CLResControlMode":{}}}
INFO    2026-07-22 10:09:11,608 - iso15118.shared.comm_session (235): DC_ChargeLoopRes received
INFO    2026-07-22 10:09:11,608 - iso15118.evcc.states.iso15118_20_states (1677): Next ChargeLoop Req in 0 seconds
INFO    2026-07-22 10:09:11,609 - iso15118.shared.exi_codec (248): Message to encode (ns=urn:iso:std:iso:15118:-20:DC): {"DC_ChargeLoopReq": {"Header": {"SessionID": "6213552101E84CCC", "TimeStamp": 1784714951}, "DisplayParameters": {"PresentSOC": 40, "ChargingComplete": false}, "MeterInfoRequested": false, "EVPresentVoltage": {"Exponent": 3, "Value": 20}, "Scheduled_DC_CLReqControlMode": {"EVTargetCurrent": {"Exponent": 1, "Value": 20}, "EVTargetVoltage": {"Exponent": 1, "Value": 20}}}}
INFO    2026-07-22 10:09:11,657 - iso15118.shared.comm_session (431): Sent DC_ChargeLoopReq
INFO    2026-07-22 10:09:11,701 - iso15118.shared.exi_codec (302): Decoded message (ns=urn:iso:std:iso:15118:-20:DC): {"DC_ChargeLoopRes":{"Header":{"SessionID":"6213552101E84CCC","TimeStamp":1784714951},"ResponseCode":"OK","EVSEPresentCurrent":{"Exponent":0,"Value":120},"EVSEPresentVoltage":{"Exponent":0,"Value":400},"EVSEPowerLimitAchieved":false,"EVSECurrentLimitAchieved":false,"EVSEVoltageLimitAchieved":false,"Scheduled_DC_CLResControlMode":{}}}
INFO    2026-07-22 10:09:11,702 - iso15118.shared.comm_session (235): DC_ChargeLoopRes received
INFO    2026-07-22 10:09:11,702 - iso15118.evcc.states.iso15118_20_states (1677): Next ChargeLoop Req in 0 seconds
INFO    2026-07-22 10:09:11,704 - iso15118.shared.exi_codec (248): Message to encode (ns=urn:iso:std:iso:15118:-20:DC): {"DC_ChargeLoopReq": {"Header": {"SessionID": "6213552101E84CCC", "TimeStamp": 1784714951}, "DisplayParameters": {"PresentSOC": 50, "ChargingComplete": false}, "MeterInfoRequested": false, "EVPresentVoltage": {"Exponent": 3, "Value": 20}, "Scheduled_DC_CLReqControlMode": {"EVTargetCurrent": {"Exponent": 1, "Value": 20}, "EVTargetVoltage": {"Exponent": 1, "Value": 20}}}}
INFO    2026-07-22 10:09:11,746 - iso15118.shared.comm_session (431): Sent DC_ChargeLoopReq
INFO    2026-07-22 10:09:11,792 - iso15118.shared.exi_codec (302): Decoded message (ns=urn:iso:std:iso:15118:-20:DC): {"DC_ChargeLoopRes":{"Header":{"SessionID":"6213552101E84CCC","TimeStamp":1784714951},"ResponseCode":"OK","EVSEPresentCurrent":{"Exponent":0,"Value":120},"EVSEPresentVoltage":{"Exponent":0,"Value":400},"EVSEPowerLimitAchieved":false,"EVSECurrentLimitAchieved":false,"EVSEVoltageLimitAchieved":false,"Scheduled_DC_CLResControlMode":{}}}
INFO    2026-07-22 10:09:11,792 - iso15118.shared.comm_session (235): DC_ChargeLoopRes received
INFO    2026-07-22 10:09:11,793 - iso15118.evcc.states.iso15118_20_states (1677): Next ChargeLoop Req in 0 seconds
INFO    2026-07-22 10:09:11,794 - iso15118.shared.exi_codec (248): Message to encode (ns=urn:iso:std:iso:15118:-20:DC): {"DC_ChargeLoopReq": {"Header": {"SessionID": "6213552101E84CCC", "TimeStamp": 1784714951}, "DisplayParameters": {"PresentSOC": 60, "ChargingComplete": false}, "MeterInfoRequested": false, "EVPresentVoltage": {"Exponent": 3, "Value": 20}, "Scheduled_DC_CLReqControlMode": {"EVTargetCurrent": {"Exponent": 1, "Value": 20}, "EVTargetVoltage": {"Exponent": 1, "Value": 20}}}}
INFO    2026-07-22 10:09:11,834 - iso15118.shared.comm_session (431): Sent DC_ChargeLoopReq
INFO    2026-07-22 10:09:11,880 - iso15118.shared.exi_codec (302): Decoded message (ns=urn:iso:std:iso:15118:-20:DC): {"DC_ChargeLoopRes":{"Header":{"SessionID":"6213552101E84CCC","TimeStamp":1784714951},"ResponseCode":"OK","EVSEPresentCurrent":{"Exponent":0,"Value":120},"EVSEPresentVoltage":{"Exponent":0,"Value":400},"EVSEPowerLimitAchieved":false,"EVSECurrentLimitAchieved":false,"EVSEVoltageLimitAchieved":false,"Scheduled_DC_CLResControlMode":{}}}
INFO    2026-07-22 10:09:11,881 - iso15118.shared.comm_session (235): DC_ChargeLoopRes received
INFO    2026-07-22 10:09:11,882 - iso15118.evcc.states.iso15118_20_states (1677): Next ChargeLoop Req in 0 seconds
INFO    2026-07-22 10:09:11,883 - iso15118.shared.exi_codec (248): Message to encode (ns=urn:iso:std:iso:15118:-20:DC): {"DC_ChargeLoopReq": {"Header": {"SessionID": "6213552101E84CCC", "TimeStamp": 1784714951}, "DisplayParameters": {"PresentSOC": 70, "ChargingComplete": false}, "MeterInfoRequested": false, "EVPresentVoltage": {"Exponent": 3, "Value": 20}, "Scheduled_DC_CLReqControlMode": {"EVTargetCurrent": {"Exponent": 1, "Value": 20}, "EVTargetVoltage": {"Exponent": 1, "Value": 20}}}}
INFO    2026-07-22 10:09:11,926 - iso15118.shared.comm_session (431): Sent DC_ChargeLoopReq
INFO    2026-07-22 10:09:11,976 - iso15118.shared.exi_codec (302): Decoded message (ns=urn:iso:std:iso:15118:-20:DC): {"DC_ChargeLoopRes":{"Header":{"SessionID":"6213552101E84CCC","TimeStamp":1784714951},"ResponseCode":"OK","EVSEPresentCurrent":{"Exponent":0,"Value":120},"EVSEPresentVoltage":{"Exponent":0,"Value":400},"EVSEPowerLimitAchieved":false,"EVSECurrentLimitAchieved":false,"EVSEVoltageLimitAchieved":false,"Scheduled_DC_CLResControlMode":{}}}
INFO    2026-07-22 10:09:11,976 - iso15118.shared.comm_session (235): DC_ChargeLoopRes received
INFO    2026-07-22 10:09:11,977 - iso15118.evcc.states.iso15118_20_states (1677): Next ChargeLoop Req in 0 seconds
INFO    2026-07-22 10:09:11,977 - iso15118.shared.exi_codec (248): Message to encode (ns=urn:iso:std:iso:15118:-20:DC): {"DC_ChargeLoopReq": {"Header": {"SessionID": "6213552101E84CCC", "TimeStamp": 1784714951}, "DisplayParameters": {"PresentSOC": 80, "ChargingComplete": false}, "MeterInfoRequested": false, "EVPresentVoltage": {"Exponent": 3, "Value": 20}, "Scheduled_DC_CLReqControlMode": {"EVTargetCurrent": {"Exponent": 1, "Value": 20}, "EVTargetVoltage": {"Exponent": 1, "Value": 20}}}}
INFO    2026-07-22 10:09:12,014 - iso15118.shared.comm_session (431): Sent DC_ChargeLoopReq
INFO    2026-07-22 10:09:12,067 - iso15118.shared.exi_codec (302): Decoded message (ns=urn:iso:std:iso:15118:-20:DC): {"DC_ChargeLoopRes":{"Header":{"SessionID":"6213552101E84CCC","TimeStamp":1784714952},"ResponseCode":"OK","EVSEPresentCurrent":{"Exponent":0,"Value":120},"EVSEPresentVoltage":{"Exponent":0,"Value":400},"EVSEPowerLimitAchieved":false,"EVSECurrentLimitAchieved":false,"EVSEVoltageLimitAchieved":false,"Scheduled_DC_CLResControlMode":{}}}
INFO    2026-07-22 10:09:12,068 - iso15118.shared.comm_session (235): DC_ChargeLoopRes received
INFO    2026-07-22 10:09:12,068 - iso15118.evcc.states.iso15118_20_states (1677): Next ChargeLoop Req in 0 seconds
INFO    2026-07-22 10:09:12,069 - iso15118.shared.exi_codec (248): Message to encode (ns=urn:iso:std:iso:15118:-20:DC): {"DC_ChargeLoopReq": {"Header": {"SessionID": "6213552101E84CCC", "TimeStamp": 1784714952}, "DisplayParameters": {"PresentSOC": 90, "ChargingComplete": false}, "MeterInfoRequested": false, "EVPresentVoltage": {"Exponent": 3, "Value": 20}, "Scheduled_DC_CLReqControlMode": {"EVTargetCurrent": {"Exponent": 1, "Value": 20}, "EVTargetVoltage": {"Exponent": 1, "Value": 20}}}}
INFO    2026-07-22 10:09:12,121 - iso15118.shared.comm_session (431): Sent DC_ChargeLoopReq
INFO    2026-07-22 10:09:12,177 - iso15118.shared.exi_codec (302): Decoded message (ns=urn:iso:std:iso:15118:-20:DC): {"DC_ChargeLoopRes":{"Header":{"SessionID":"6213552101E84CCC","TimeStamp":1784714952},"ResponseCode":"OK","EVSEPresentCurrent":{"Exponent":0,"Value":120},"EVSEPresentVoltage":{"Exponent":0,"Value":400},"EVSEPowerLimitAchieved":false,"EVSECurrentLimitAchieved":false,"EVSEVoltageLimitAchieved":false,"Scheduled_DC_CLResControlMode":{}}}
INFO    2026-07-22 10:09:12,178 - iso15118.shared.comm_session (235): DC_ChargeLoopRes received
INFO    2026-07-22 10:09:12,178 - iso15118.evcc.states.iso15118_20_states (1677): Next ChargeLoop Req in 0 seconds
INFO    2026-07-22 10:09:12,179 - iso15118.shared.exi_codec (248): Message to encode (ns=urn:iso:std:iso:15118:-20:DC): {"DC_ChargeLoopReq": {"Header": {"SessionID": "6213552101E84CCC", "TimeStamp": 1784714952}, "DisplayParameters": {"PresentSOC": 100, "ChargingComplete": true}, "MeterInfoRequested": false, "EVPresentVoltage": {"Exponent": 3, "Value": 20}, "Scheduled_DC_CLReqControlMode": {"EVTargetCurrent": {"Exponent": 1, "Value": 20}, "EVTargetVoltage": {"Exponent": 1, "Value": 20}}}}
INFO    2026-07-22 10:09:12,221 - iso15118.shared.comm_session (431): Sent DC_ChargeLoopReq
INFO    2026-07-22 10:09:12,258 - iso15118.shared.exi_codec (302): Decoded message (ns=urn:iso:std:iso:15118:-20:DC): {"DC_ChargeLoopRes":{"Header":{"SessionID":"6213552101E84CCC","TimeStamp":1784714952},"ResponseCode":"OK","EVSEPresentCurrent":{"Exponent":0,"Value":120},"EVSEPresentVoltage":{"Exponent":0,"Value":400},"EVSEPowerLimitAchieved":false,"EVSECurrentLimitAchieved":false,"EVSEVoltageLimitAchieved":false,"Scheduled_DC_CLResControlMode":{}}}
INFO    2026-07-22 10:09:12,259 - iso15118.shared.comm_session (235): DC_ChargeLoopRes received
INFO    2026-07-22 10:09:12,260 - iso15118.shared.exi_codec (248): Message to encode (ns=urn:iso:std:iso:15118:-20:CommonMessages): {"PowerDeliveryReq": {"Header": {"SessionID": "6213552101E84CCC", "TimeStamp": 1784714952}, "EVProcessing": "Finished", "ChargeProgress": "Stop"}}
INFO    2026-07-22 10:09:12,320 - iso15118.shared.comm_session (431): Sent PowerDeliveryReq
INFO    2026-07-22 10:09:12,320 - iso15118.shared.states (139): Entered state PowerDelivery
INFO    2026-07-22 10:09:12,372 - iso15118.shared.exi_codec (302): Decoded message (ns=urn:iso:std:iso:15118:-20:CommonMessages): {"PowerDeliveryRes":{"Header":{"SessionID":"6213552101E84CCC","TimeStamp":1784714952},"ResponseCode":"OK"}}
INFO    2026-07-22 10:09:12,373 - iso15118.shared.comm_session (235): PowerDeliveryRes received
INFO    2026-07-22 10:09:12,374 - iso15118.shared.exi_codec (248): Message to encode (ns=urn:iso:std:iso:15118:-20:DC): {"DC_WeldingDetectionReq": {"Header": {"SessionID": "6213552101E84CCC", "TimeStamp": 1784714952}, "EVProcessing": "Ongoing"}}
INFO    2026-07-22 10:09:12,413 - iso15118.shared.comm_session (431): Sent DC_WeldingDetectionReq
INFO    2026-07-22 10:09:12,413 - iso15118.shared.states (139): Entered state DCWeldingDetection
INFO    2026-07-22 10:09:12,448 - iso15118.shared.exi_codec (302): Decoded message (ns=urn:iso:std:iso:15118:-20:DC): {"DC_WeldingDetectionRes":{"Header":{"SessionID":"6213552101E84CCC","TimeStamp":1784714952},"ResponseCode":"OK","EVSEPresentVoltage":{"Exponent":0,"Value":5}}}
INFO    2026-07-22 10:09:12,448 - iso15118.shared.comm_session (235): DC_WeldingDetectionRes received
INFO    2026-07-22 10:09:12,449 - iso15118.shared.exi_codec (248): Message to encode (ns=urn:iso:std:iso:15118:-20:DC): {"DC_WeldingDetectionReq": {"Header": {"SessionID": "6213552101E84CCC", "TimeStamp": 1784714952}, "EVProcessing": "Ongoing"}}
INFO    2026-07-22 10:09:12,497 - iso15118.shared.comm_session (431): Sent DC_WeldingDetectionReq
INFO    2026-07-22 10:09:12,545 - iso15118.shared.exi_codec (302): Decoded message (ns=urn:iso:std:iso:15118:-20:DC): {"DC_WeldingDetectionRes":{"Header":{"SessionID":"6213552101E84CCC","TimeStamp":1784714952},"ResponseCode":"OK","EVSEPresentVoltage":{"Exponent":0,"Value":5}}}
INFO    2026-07-22 10:09:12,545 - iso15118.shared.comm_session (235): DC_WeldingDetectionRes received
INFO    2026-07-22 10:09:12,546 - iso15118.shared.exi_codec (248): Message to encode (ns=urn:iso:std:iso:15118:-20:DC): {"DC_WeldingDetectionReq": {"Header": {"SessionID": "6213552101E84CCC", "TimeStamp": 1784714952}, "EVProcessing": "Ongoing"}}
INFO    2026-07-22 10:09:12,589 - iso15118.shared.comm_session (431): Sent DC_WeldingDetectionReq
INFO    2026-07-22 10:09:12,668 - iso15118.shared.exi_codec (302): Decoded message (ns=urn:iso:std:iso:15118:-20:DC): {"DC_WeldingDetectionRes":{"Header":{"SessionID":"6213552101E84CCC","TimeStamp":1784714952},"ResponseCode":"OK","EVSEPresentVoltage":{"Exponent":0,"Value":5}}}
INFO    2026-07-22 10:09:12,669 - iso15118.shared.comm_session (235): DC_WeldingDetectionRes received
INFO    2026-07-22 10:09:12,670 - iso15118.shared.exi_codec (248): Message to encode (ns=urn:iso:std:iso:15118:-20:DC): {"DC_WeldingDetectionReq": {"Header": {"SessionID": "6213552101E84CCC", "TimeStamp": 1784714952}, "EVProcessing": "Ongoing"}}
INFO    2026-07-22 10:09:12,725 - iso15118.shared.comm_session (431): Sent DC_WeldingDetectionReq
INFO    2026-07-22 10:09:12,779 - iso15118.shared.exi_codec (302): Decoded message (ns=urn:iso:std:iso:15118:-20:DC): {"DC_WeldingDetectionRes":{"Header":{"SessionID":"6213552101E84CCC","TimeStamp":1784714952},"ResponseCode":"OK","EVSEPresentVoltage":{"Exponent":0,"Value":5}}}
INFO    2026-07-22 10:09:12,779 - iso15118.shared.comm_session (235): DC_WeldingDetectionRes received
INFO    2026-07-22 10:09:12,780 - iso15118.shared.exi_codec (248): Message to encode (ns=urn:iso:std:iso:15118:-20:DC): {"DC_WeldingDetectionReq": {"Header": {"SessionID": "6213552101E84CCC", "TimeStamp": 1784714952}, "EVProcessing": "Finished"}}
INFO    2026-07-22 10:09:12,834 - iso15118.shared.comm_session (431): Sent DC_WeldingDetectionReq
INFO    2026-07-22 10:09:12,886 - iso15118.shared.exi_codec (302): Decoded message (ns=urn:iso:std:iso:15118:-20:DC): {"DC_WeldingDetectionRes":{"Header":{"SessionID":"6213552101E84CCC","TimeStamp":1784714952},"ResponseCode":"OK","EVSEPresentVoltage":{"Exponent":0,"Value":5}}}
INFO    2026-07-22 10:09:12,887 - iso15118.shared.comm_session (235): DC_WeldingDetectionRes received
INFO    2026-07-22 10:09:12,888 - iso15118.shared.exi_codec (248): Message to encode (ns=urn:iso:std:iso:15118:-20:CommonMessages): {"SessionStopReq": {"Header": {"SessionID": "6213552101E84CCC", "TimeStamp": 1784714952}, "ChargingSession": "Terminate"}}
INFO    2026-07-22 10:09:12,974 - iso15118.shared.comm_session (431): Sent SessionStopReq
INFO    2026-07-22 10:09:12,974 - iso15118.shared.states (139): Entered state SessionStop
INFO    2026-07-22 10:09:13,037 - iso15118.shared.exi_codec (302): Decoded message (ns=urn:iso:std:iso:15118:-20:CommonMessages): {"SessionStopRes":{"Header":{"SessionID":"6213552101E84CCC","TimeStamp":1784714952},"ResponseCode":"OK"}}
INFO    2026-07-22 10:09:13,037 - iso15118.shared.comm_session (235): SessionStopRes received
INFO    2026-07-22 10:09:13,038 - iso15118.shared.comm_session (395): The data link will terminate in 2 seconds and the TCP connection will close in 5 seconds. 
INFO    2026-07-22 10:09:13,038 - iso15118.shared.comm_session (399): Reason: Communication session terminated
INFO    2026-07-22 10:09:15,041 - iso15118.shared.comm_session (410): terminated the data link
INFO    2026-07-22 10:09:18,044 - iso15118.shared.comm_session (417): TCP connection closed to peer with address ('fe80::215:5dff:fe46:863f', 55000, 0, 2)
