2026-08-10 15:40:57.934012 [INFO] manager          ::   ________      __                _   
2026-08-10 15:40:57.934244 [INFO] manager          ::  |  ____\ \    / /               | |
2026-08-10 15:40:57.934257 [INFO] manager          ::  | |__   \ \  / /__ _ __ ___  ___| |_
2026-08-10 15:40:57.934265 [INFO] manager          ::  |  __|   \ \/ / _ \ '__/ _ \/ __| __|
2026-08-10 15:40:57.934272 [INFO] manager          ::  | |____   \  /  __/ | |  __/\__ \ |_
2026-08-10 15:40:57.934278 [INFO] manager          ::  |______|   \/ \___|_|  \___||___/\__|
2026-08-10 15:40:57.934285 [INFO] manager          :: 
2026-08-10 15:40:57.934291 [INFO] manager          :: everest-framework 0.25.0-dev 2026.02.1
2026-08-10 15:40:57.934298 [INFO] manager          :: everest-core 2026.02.1-dev 2026.02.1
2026-08-10 15:40:57.934307 [INFO] manager          :: 
2026-08-10 15:40:57.934315 [INFO] manager          :: Using MQTT broker localhost:1883
2026-08-10 15:40:57.958815 [INFO] manager          :: Boot mode is set to YamlFile, loading module configs from YAML file
2026-08-10 15:40:57.958868 [INFO] manager          :: Loading config file at: /home/ahzf/everest/configs-ours/config-mux-ours.yaml
2026-08-10 15:40:58.143174 [INFO] manager          :: Config loading completed in 208ms
2026-08-10 15:40:58.146273 [INFO] manager          :: Starting 19 modules
2026-08-10 15:41:00.438128 [INFO] api:API          :: Module api initialized [2263ms]
2026-08-10 15:41:00.439114 [INFO] energy_manager:  :: Module energy_manager initialized [2253ms]
2026-08-10 15:41:00.442350 [INFO] error_history:E  :: Using database at "/tmp/error_history.db"
2026-08-10 15:41:00.442597 [INFO] error_history:E  :: Checking database
2026-08-10 15:41:00.444237 [INFO] error_history:E  :: Module error_history initialized [2255ms]
2026-08-10 15:41:00.444270 [INFO] auth:Auth        :: Module auth initialized [2263ms]
2026-08-10 15:41:00.478517 [INFO] ev_api:EvAPI     :: Module ev_api initialized [2283ms]
2026-08-10 15:41:00.479540 [INFO] grid_connection  :: Module grid_connection_point initialized [2264ms]
2026-08-10 15:41:00.479943 [INFO] evse_security:E  :: Module evse_security initialized [2269ms]
2026-08-10 15:41:00.480123 [INFO] imd:IMDSimulato  :: Module imd initialized [2263ms]
2026-08-10 15:41:00.480907 [INFO] ev_manager:EvMa  :: Module ev_manager initialized [2285ms]
2026-08-10 15:41:00.507062 [INFO] evse_manager:Ev  :: Module evse_manager initialized [2296ms]
2026-08-10 15:41:00.525067 [INFO] slac:SlacSimula  :: Module slac initialized [2270ms]
2026-08-10 15:41:00.525741 [INFO] token_provider:  :: Module token_provider initialized [2264ms]
2026-08-10 15:41:00.526547 [INFO] powersupply_dc:  :: Module powersupply_dc initialized [2275ms]
2026-08-10 15:41:00.529618 [INFO] iso15118_20:Evs  :: Module iso15118_20 initialized [2292ms]
2026-08-10 15:41:00.530125 [INFO] iso15118_2:Evse  :: Module iso15118_2 initialized [2299ms]
2026-08-10 15:41:00.552541 [INFO] iso_mux:IsoMux   :: Module iso_mux initialized [2301ms]
2026-08-10 15:41:00.572963 [INFO] token_validator  :: Module token_validator initialized [2305ms]
2026-08-10 15:41:00.573714 [INFO] yeti_driver:Yet  :: Module yeti_driver initialized [2305ms]
2026-08-10 15:41:01.118347 [INFO] iso15118_car     :: Module iso15118_car initialized [2258ms]
2026-08-10 15:41:01.161953 [INFO] manager          :: Clearing retained topics published by manager during startup
2026-08-10 15:41:01.163297 [INFO] manager          :: 🚙🚙🚙 All modules are initialized. EVerest up and running [3242ms] 🚙🚙🚙

2026-08-10 15:41:01.165089 [INFO] iso_mux:IsoMux   :: TCP server on eth0 is listening on port [fe80::215:5dff:fe6b:3d4%2]:61342

2026-08-10 15:41:01.165210 [INFO] iso_mux:IsoMux   :: TLS server on eth0 is listening on port [fe80::215:5dff:fe6b:3d4%2]:64110

2026-08-10 15:41:01.165277 [INFO] iso15118_2:Evse  :: TCP server on lo is listening on port [::1%0]:61341

2026-08-10 15:41:01.165348 [INFO] iso15118_2:Evse  :: TLS server on lo is listening on port [::1%0]:64109
2026-08-10 15:41:01.210446 [INFO] evse_security:E  :: Requesting leaf certificate info: V2G
2026-08-10 15:41:01.211526 [WARN] iso15118_20:Evs virtual void module::charger::ISO15118_chargerImpl::handle_session_setup(std::vector<types::iso15118::PaymentOption>&, bool&, bool&) :: Currently Plug&Charge is not supported and ignored
2026-08-10 15:41:01.215315 [INFO] evse_security:E  :: Found valid leaf: ["/home/ahzf/everest/dist/etc/everest/certs/client/cso/CPO_CERT_CHAIN.pem"]
2026-08-10 15:41:01.215535 [INFO] evse_security:E  :: Found valid leaf: ["/home/ahzf/everest/dist/etc/everest/certs/client/cso/SECC_LEAF.pem"]
2026-08-10 15:41:01.239960 [INFO] evse_security:E  :: Requesting leaf certificate info: V2G
2026-08-10 15:41:01.240692 [INFO] evse_security:E  :: Found valid leaf: ["/home/ahzf/everest/dist/etc/everest/certs/client/cso/CPO_CERT_CHAIN.pem"]
2026-08-10 15:41:01.240720 [INFO] evse_security:E  :: Not requiring all valid leafs, returning
2026-08-10 15:41:01.256959 [WARN] iso_mux:IsoMux  void {anonymous}::log_handler(openssl::log_level_t, const std::string&) :: <n> certificates != <n> OCSP responses
2026-08-10 15:41:01.257062 [WARN] iso_mux:IsoMux  void {anonymous}::log_handler(openssl::log_level_t, const std::string&) :: No trust anchors for certificate: C:DE CN:SECCCert DC:CPO O:EVerest
2026-08-10 15:41:01.257087 [WARN] iso_mux:IsoMux  void {anonymous}::log_handler(openssl::log_level_t, const std::string&) :: trusted_ca_keys support disabled
2026-08-10 15:41:01.261130 [WARN] iso15118_2:Evse void {anonymous}::log_handler(openssl::log_level_t, const std::string&) :: <n> certificates != <n> OCSP responses

2026-08-10 15:41:01.270811 [INFO] iso_mux:IsoMux   :: SDP socket setup succeeded
2026-08-10 15:41:01.350195 [WARN] auth:Auth       void module::ReservationHandler::load_reservations() :: Can not load reservations because no storage was configured.
2026-08-10 15:41:01.705742 [INFO] evse_manager:Ev  :: Ignoring BSP Event, BSP is not enabled yet.

2026-08-10 15:41:01.751306 [INFO] iso15118_2:Evse  :: Ignoring bidirectional SupportedEnergyTransferMode
2026-08-10 15:41:02.567106 [INFO] evse_security:E  :: Requesting leaf certificate info: V2G
2026-08-10 15:41:02.567944 [INFO] evse_security:E  :: Found valid leaf: ["/home/ahzf/everest/dist/etc/everest/certs/client/cso/CPO_CERT_CHAIN.pem"]
2026-08-10 15:41:02.567967 [INFO] evse_security:E  :: Not requiring all valid leafs, returning
2026-08-10 15:41:02.611036 [INFO] evse_security:E  :: Requesting certificate file: [V2G] file:"/home/ahzf/everest/dist/etc/everest/certs/ca/v2g/V2G_ROOT_CA.pem"

2026-08-10 15:41:02.646830 [INFO] iso15118_2:Evse  :: Ignoring bidirectional SupportedEnergyTransferMode
2026-08-10 15:41:02.655260 [INFO] evse_security:E  :: Requesting certificate file: [MO] file:"/home/ahzf/everest/dist/etc/everest/certs/ca/mo/MO_ROOT_CA.pem"
2026-08-10 15:41:02.697927 [INFO] iso15118_20:Evs  :: Using ethernet interface: lo
2026-08-10 15:41:02.698185 [WARN] iso15118_20:Evs module::charger::ISO15118_chargerImpl::init()::<lambda(const iso15118::LogLevel&, const std::string&)> :: The supported energy services contain DC_BPT or MCS_BPT, but dc limits does not contain BPT limits. This can lead to session shutdowns.
2026-08-10 15:41:02.699514 [INFO] iso15118_20:Evs  :: Created logfile at: /mnt/d/Coding/OpenChargingCloud/ISO15118ConformanceTests/docs/interop-runs/2026-08-03-everest-isomux-both/./260810_13-41-02.yaml
2026-08-10 15:41:03.314718 [INFO] evse_manager:Ev  :: Cleaning up any other transaction on start up
2026-08-10 15:41:03.491278 [INFO] evse_manager:Ev  :: 🌀🌀🌀 Ready to start charging 🌀🌀🌀
2026-08-10 15:41:03.535570 [WARN] api:API         void module::API::ready() :: No evse energy sink configured for evse_id: 1. API module does therefore not allow control of amps or power limits for this EVSE

2026-08-10 15:41:05.925142 [INFO] iso_mux:IsoMux   :: Received packet from [fe80::215:5dff:fe6b:3d4]:15119 with security 0x10 and protocol 0x00

2026-08-10 15:41:05.925250 [INFO] iso_mux:IsoMux   :: SDP requested NO-TLS, announcing NO-TLS

2026-08-10 15:41:05.925323 [INFO] iso_mux:IsoMux   :: sendto([fe80::215:5dff:fe6b:3d4]:15119) succeeded

2026-08-10 15:41:06.449818 [INFO] iso_mux:IsoMux   :: Incoming connection on eth0 from [a00:deb0:0:0:fe80::]:57008

2026-08-10 15:41:06.450075 [INFO] iso_mux:IsoMux   :: Handling SupportedAppProtocolReq

2026-08-10 15:41:06.450132 [ERRO] iso_mux:IsoMux  void dlog_func(dloglevel_t, const char*, int, const char*, const char*, ...) :: decode_appHandExiDocument() failed
2026-08-10 15:41:06.450249 [INFO] iso_mux:IsoMux   :: Connected to proxy module for ISO-2/DIN

2026-08-10 15:41:06.450270 [INFO] iso_mux:IsoMux   :: Multiplexer: Proxy TCP->TCP


2026-08-10 15:41:06.450315 [INFO] iso_mux:IsoMux   :: Multiplexer: Closing TCP connection
2026-08-10 15:41:06.450310 [INFO] iso15118_2:Evse  :: Incoming connection on lo from [a00:e2ac::]:58028

2026-08-10 15:41:06.450527 [INFO] iso15118_2:Evse  :: Started new TCP connection thread

2026-08-10 15:41:06.450589 [INFO] iso15118_2:Evse  :: Handling SupportedAppProtocolReq

2026-08-10 15:41:06.450598 [ERRO] iso15118_2:Evse void dlog_func(dloglevel_t, const char*, int, const char*, const char*, ...) :: decode_appHandExiDocument() failed

2026-08-10 15:41:06.450608 [INFO] iso15118_2:Evse  :: v2g_handle_connection exited with -1

2026-08-10 15:41:06.450615 [INFO] iso15118_2:Evse  :: Closing TCP connection

2026-08-10 15:41:08.450549 [INFO] iso_mux:IsoMux   :: Multiplexer: TCP connection closed gracefully

2026-08-10 15:41:08.450789 [INFO] iso15118_2:Evse  :: TCP connection closed gracefully

2026-08-10 15:41:12.961256 [INFO] iso_mux:IsoMux   :: Incoming connection on eth0 from [a00:deb2:0:0:fe80::]:57010

2026-08-10 15:41:12.961627 [ERRO] iso_mux:IsoMux  void dlog_func(dloglevel_t, const char*, int, const char*, const char*, ...) :: connection_read(header) too short: expected 8, got 6

2026-08-10 15:41:12.961665 [ERRO] iso_mux:IsoMux  void dlog_func(dloglevel_t, const char*, int, const char*, const char*, ...) :: v2g_incoming_v2gtp() failed

2026-08-10 15:41:12.961693 [INFO] iso_mux:IsoMux   :: Handling SupportedAppProtocolReq

2026-08-10 15:41:12.961706 [ERRO] iso_mux:IsoMux  void dlog_func(dloglevel_t, const char*, int, const char*, const char*, ...) :: decode_appHandExiDocument() failed
2026-08-10 15:41:12.961853 [INFO] iso_mux:IsoMux   :: Connected to proxy module for ISO-2/DIN


2026-08-10 15:41:12.961882 [INFO] iso_mux:IsoMux   :: Multiplexer: Proxy TCP->TCP

2026-08-10 15:41:12.961913 [INFO] iso15118_2:Evse  :: Incoming connection on lo from [a00:e2b0::]:58032
2026-08-10 15:41:12.961958 [INFO] iso_mux:IsoMux   :: Multiplexer: Closing TCP connection

2026-08-10 15:41:12.962158 [INFO] iso15118_2:Evse  :: Started new TCP connection thread

2026-08-10 15:41:12.962254 [INFO] iso15118_2:Evse  :: Handling SupportedAppProtocolReq

2026-08-10 15:41:12.962265 [ERRO] iso15118_2:Evse void dlog_func(dloglevel_t, const char*, int, const char*, const char*, ...) :: decode_appHandExiDocument() failed

2026-08-10 15:41:12.962277 [INFO] iso15118_2:Evse  :: v2g_handle_connection exited with -1

2026-08-10 15:41:12.962287 [INFO] iso15118_2:Evse  :: Closing TCP connection

2026-08-10 15:41:14.962337 [INFO] iso_mux:IsoMux   :: Multiplexer: TCP connection closed gracefully

2026-08-10 15:41:14.962609 [INFO] iso15118_2:Evse  :: TCP connection closed gracefully
