# Frames as recorded, per direction. Ordering within a direction is real;
# the two directions are not interleaved, because the recording has no timestamps.

## EV -> station: 2666 byte(s), 100 frame(s)
[0] SupportedAppProtocolReq payloadType=0x8001 bytes=79
    01fe8001000000478000f3ab9371d34b9b79d39ba321d34b9b79d189a98989c1d1699181d22218010000040001d75726e3a69736f3a31353131383a323a323031333a4d73674465660040000100880
[1] SessionSetupReq payloadType=0x8002 bytes=33
    01fe800200000019808c0400000000000000000d2c3c2d30620422ab21a1981880
[2] AuthorizationSetupReq payloadType=0x8002 bytes=25
    01fe8002000000118008041ec002f102c13abf0d3c3c2d3062
[3] AuthorizationReq payloadType=0x8002 bytes=26
    01fe8002000000128000041ec002f102c13abf0d3c3c2d306200
[4] AuthorizationReq payloadType=0x8002 bytes=26
    01fe8002000000128000041ec002f102c13abf0d3c3c2d306200
[5] AuthorizationReq payloadType=0x8002 bytes=26
    01fe8002000000128000041ec002f102c13abf0d3c3c2d306200
[6] AuthorizationReq payloadType=0x8002 bytes=26
    01fe8002000000128000041ec002f102c13abf0d3c3c2d306200
[7] AuthorizationReq payloadType=0x8002 bytes=26
    01fe8002000000128000041ec002f102c13abf0d3c3c2d306200
[8] AuthorizationReq payloadType=0x8002 bytes=26
    01fe8002000000128000041ec002f102c13abf0d3c3c2d306200
[9] AuthorizationReq payloadType=0x8002 bytes=26
    01fe8002000000128000041ec002f102c13abf0d3c3c2d306200
[10] ServiceDiscoveryReq payloadType=0x8002 bytes=26
    01fe800200000012807c041ec002f102c13abf0d3c3c2d306280
[11] ServiceDetailReq payloadType=0x8002 bytes=27
    01fe8002000000138074041ec002f102c13abf0d3c3c2d30620100
[12] ServiceSelectionReq payloadType=0x8002 bytes=29
    01fe8002000000158084041ec002f102c13abf0d3c3c2d306200800880
[13] DC_ChargeParameterDiscoveryReq payloadType=0x8004 bytes=49
    01fe800400000029803c041ec002f102c13abf0d3c3c2d3062881088270400000200320041000000800f40304001902800
[14] ScheduleExchangeReq payloadType=0x8002 bytes=28
    01fe800200000014806c041ec002f102c13abf0d3c3c2d3062000680
[15] DC_CableCheckReq payloadType=0x8004 bytes=25
    01fe800400000011802c041ec002f102c13abf0d3c3c2d3062
[16] DC_CableCheckReq payloadType=0x8004 bytes=25
    01fe800400000011802c041ec002f102c13abf0d3c3c2d3062
[17] DC_CableCheckReq payloadType=0x8004 bytes=25
    01fe800400000011802c041ec002f102c13abf0d3c3c2d3062
[18] DC_CableCheckReq payloadType=0x8004 bytes=25
    01fe800400000011802c041ec002f102c13abf0d3c3c2d3062
[19] DC_CableCheckReq payloadType=0x8004 bytes=25
    01fe800400000011802c041ec002f102c13abf0d3c3c2d3062
[20] DC_CableCheckReq payloadType=0x8004 bytes=25
    01fe800400000011802c041ec002f102c13abf0d3c3c2d3062
[21] DC_CableCheckReq payloadType=0x8004 bytes=25
    01fe800400000011802c041ec002f102c13abf0d3c3c2d3062
[22] DC_CableCheckReq payloadType=0x8004 bytes=25
    01fe800400000011802c041ec002f102c13abf0d3c3c2d3062
[23] DC_CableCheckReq payloadType=0x8004 bytes=25
    01fe800400000011802c041ec002f102c13abf0d3c3c2d3062
[24] DC_CableCheckReq payloadType=0x8004 bytes=25
    01fe800400000011802c041ec002f102c13abf0d3c3c2d3062
[25] DC_CableCheckReq payloadType=0x8004 bytes=25
    01fe800400000011802c041ec002f102c13abf0d4c3c2d3062
[26] DC_CableCheckReq payloadType=0x8004 bytes=25
    01fe800400000011802c041ec002f102c13abf0d4c3c2d3062
[27] DC_CableCheckReq payloadType=0x8004 bytes=25
    01fe800400000011802c041ec002f102c13abf0d4c3c2d3062
[28] DC_CableCheckReq payloadType=0x8004 bytes=25
    01fe800400000011802c041ec002f102c13abf0d4c3c2d3062
[29] DC_CableCheckReq payloadType=0x8004 bytes=25
    01fe800400000011802c041ec002f102c13abf0d4c3c2d3062
[30] DC_CableCheckReq payloadType=0x8004 bytes=25
    01fe800400000011802c041ec002f102c13abf0d4c3c2d3062
[31] DC_CableCheckReq payloadType=0x8004 bytes=25
    01fe800400000011802c041ec002f102c13abf0d4c3c2d3062
[32] DC_CableCheckReq payloadType=0x8004 bytes=25
    01fe800400000011802c041ec002f102c13abf0d4c3c2d3062
[33] DC_CableCheckReq payloadType=0x8004 bytes=25
    01fe800400000011802c041ec002f102c13abf0d4c3c2d3062
[34] DC_CableCheckReq payloadType=0x8004 bytes=25
    01fe800400000011802c041ec002f102c13abf0d4c3c2d3062
[35] DC_CableCheckReq payloadType=0x8004 bytes=25
    01fe800400000011802c041ec002f102c13abf0d4c3c2d3062
[36] DC_CableCheckReq payloadType=0x8004 bytes=25
    01fe800400000011802c041ec002f102c13abf0d4c3c2d3062
[37] DC_CableCheckReq payloadType=0x8004 bytes=25
    01fe800400000011802c041ec002f102c13abf0d4c3c2d3062
[38] DC_CableCheckReq payloadType=0x8004 bytes=25
    01fe800400000011802c041ec002f102c13abf0d4c3c2d3062
[39] DC_CableCheckReq payloadType=0x8004 bytes=25
    01fe800400000011802c041ec002f102c13abf0d4c3c2d3062
[40] DC_CableCheckReq payloadType=0x8004 bytes=25
    01fe800400000011802c041ec002f102c13abf0d4c3c2d3062
[41] DC_CableCheckReq payloadType=0x8004 bytes=25
    01fe800400000011802c041ec002f102c13abf0d4c3c2d3062
[42] DC_CableCheckReq payloadType=0x8004 bytes=25
    01fe800400000011802c041ec002f102c13abf0d4c3c2d3062
[43] DC_CableCheckReq payloadType=0x8004 bytes=25
    01fe800400000011802c041ec002f102c13abf0d5c3c2d3062
[44] DC_CableCheckReq payloadType=0x8004 bytes=25
    01fe800400000011802c041ec002f102c13abf0d5c3c2d3062
[45] DC_CableCheckReq payloadType=0x8004 bytes=25
    01fe800400000011802c041ec002f102c13abf0d5c3c2d3062
[46] DC_CableCheckReq payloadType=0x8004 bytes=25
    01fe800400000011802c041ec002f102c13abf0d5c3c2d3062
[47] DC_CableCheckReq payloadType=0x8004 bytes=25
    01fe800400000011802c041ec002f102c13abf0d5c3c2d3062
[48] DC_CableCheckReq payloadType=0x8004 bytes=25
    01fe800400000011802c041ec002f102c13abf0d5c3c2d3062
[49] DC_CableCheckReq payloadType=0x8004 bytes=25
    01fe800400000011802c041ec002f102c13abf0d5c3c2d3062
[50] DC_CableCheckReq payloadType=0x8004 bytes=25
    01fe800400000011802c041ec002f102c13abf0d5c3c2d3062
[51] DC_CableCheckReq payloadType=0x8004 bytes=25
    01fe800400000011802c041ec002f102c13abf0d5c3c2d3062
[52] DC_CableCheckReq payloadType=0x8004 bytes=25
    01fe800400000011802c041ec002f102c13abf0d5c3c2d3062
[53] DC_CableCheckReq payloadType=0x8004 bytes=25
    01fe800400000011802c041ec002f102c13abf0d5c3c2d3062
[54] DC_CableCheckReq payloadType=0x8004 bytes=25
    01fe800400000011802c041ec002f102c13abf0d5c3c2d3062
[55] DC_CableCheckReq payloadType=0x8004 bytes=25
    01fe800400000011802c041ec002f102c13abf0d5c3c2d3062
[56] DC_CableCheckReq payloadType=0x8004 bytes=25
    01fe800400000011802c041ec002f102c13abf0d5c3c2d3062
[57] DC_CableCheckReq payloadType=0x8004 bytes=25
    01fe800400000011802c041ec002f102c13abf0d5c3c2d3062
[58] DC_CableCheckReq payloadType=0x8004 bytes=25
    01fe800400000011802c041ec002f102c13abf0d5c3c2d3062
[59] DC_CableCheckReq payloadType=0x8004 bytes=25
    01fe800400000011802c041ec002f102c13abf0d5c3c2d3062
[60] DC_CableCheckReq payloadType=0x8004 bytes=25
    01fe800400000011802c041ec002f102c13abf0d5c3c2d3062
[61] DC_CableCheckReq payloadType=0x8004 bytes=25
    01fe800400000011802c041ec002f102c13abf0d6c3c2d3062
[62] DC_CableCheckReq payloadType=0x8004 bytes=25
    01fe800400000011802c041ec002f102c13abf0d6c3c2d3062
[63] DC_CableCheckReq payloadType=0x8004 bytes=25
    01fe800400000011802c041ec002f102c13abf0d6c3c2d3062
[64] DC_CableCheckReq payloadType=0x8004 bytes=25
    01fe800400000011802c041ec002f102c13abf0d6c3c2d3062
[65] DC_CableCheckReq payloadType=0x8004 bytes=25
    01fe800400000011802c041ec002f102c13abf0d6c3c2d3062
[66] DC_CableCheckReq payloadType=0x8004 bytes=25
    01fe800400000011802c041ec002f102c13abf0d6c3c2d3062
[67] DC_CableCheckReq payloadType=0x8004 bytes=25
    01fe800400000011802c041ec002f102c13abf0d6c3c2d3062
[68] DC_CableCheckReq payloadType=0x8004 bytes=25
    01fe800400000011802c041ec002f102c13abf0d6c3c2d3062
[69] DC_CableCheckReq payloadType=0x8004 bytes=25
    01fe800400000011802c041ec002f102c13abf0d6c3c2d3062
[70] DC_CableCheckReq payloadType=0x8004 bytes=25
    01fe800400000011802c041ec002f102c13abf0d6c3c2d3062
[71] DC_CableCheckReq payloadType=0x8004 bytes=25
    01fe800400000011802c041ec002f102c13abf0d6c3c2d3062
[72] DC_CableCheckReq payloadType=0x8004 bytes=25
    01fe800400000011802c041ec002f102c13abf0d6c3c2d3062
[73] DC_CableCheckReq payloadType=0x8004 bytes=25
    01fe800400000011802c041ec002f102c13abf0d6c3c2d3062
[74] DC_CableCheckReq payloadType=0x8004 bytes=25
    01fe800400000011802c041ec002f102c13abf0d6c3c2d3062
[75] DC_CableCheckReq payloadType=0x8004 bytes=25
    01fe800400000011802c041ec002f102c13abf0d6c3c2d3062
[76] DC_CableCheckReq payloadType=0x8004 bytes=25
    01fe800400000011802c041ec002f102c13abf0d6c3c2d3062
[77] DC_CableCheckReq payloadType=0x8004 bytes=25
    01fe800400000011802c041ec002f102c13abf0d6c3c2d3062
[78] DC_CableCheckReq payloadType=0x8004 bytes=25
    01fe800400000011802c041ec002f102c13abf0d6c3c2d3062
[79] DC_CableCheckReq payloadType=0x8004 bytes=25
    01fe800400000011802c041ec002f102c13abf0d7c3c2d3062
[80] DC_CableCheckReq payloadType=0x8004 bytes=25
    01fe800400000011802c041ec002f102c13abf0d7c3c2d3062
[81] DC_CableCheckReq payloadType=0x8004 bytes=25
    01fe800400000011802c041ec002f102c13abf0d7c3c2d3062
[82] DC_CableCheckReq payloadType=0x8004 bytes=25
    01fe800400000011802c041ec002f102c13abf0d7c3c2d3062
[83] DC_CableCheckReq payloadType=0x8004 bytes=25
    01fe800400000011802c041ec002f102c13abf0d7c3c2d3062
[84] DC_CableCheckReq payloadType=0x8004 bytes=25
    01fe800400000011802c041ec002f102c13abf0d7c3c2d3062
[85] DC_CableCheckReq payloadType=0x8004 bytes=25
    01fe800400000011802c041ec002f102c13abf0d7c3c2d3062
[86] DC_CableCheckReq payloadType=0x8004 bytes=25
    01fe800400000011802c041ec002f102c13abf0d7c3c2d3062
[87] DC_CableCheckReq payloadType=0x8004 bytes=25
    01fe800400000011802c041ec002f102c13abf0d7c3c2d3062
[88] DC_CableCheckReq payloadType=0x8004 bytes=25
    01fe800400000011802c041ec002f102c13abf0d7c3c2d3062
[89] DC_CableCheckReq payloadType=0x8004 bytes=25
    01fe800400000011802c041ec002f102c13abf0d7c3c2d3062
[90] DC_CableCheckReq payloadType=0x8004 bytes=25
    01fe800400000011802c041ec002f102c13abf0d7c3c2d3062
[91] DC_CableCheckReq payloadType=0x8004 bytes=25
    01fe800400000011802c041ec002f102c13abf0d7c3c2d3062
[92] DC_PreChargeReq payloadType=0x8004 bytes=33
    01fe8004000000198044041ec002f102c13abf0d7c3c2d30620100000080090030
[93] PowerDeliveryReq payloadType=0x8002 bytes=37
    01fe80020000001d8054041ec002f102c13abf0d7c3c2d306200000100420480e041805124
[94] DC_ChargeLoopReq payloadType=0x8004 bytes=38
    01fe80040000001e8034041ec002f102c13abf0d7c3c2d3062810012006464003c02002400ca
[95] DC_ChargeLoopReq payloadType=0x8004 bytes=38
    01fe80040000001e8034041ec002f102c13abf0d7c3c2d3062810012006464003c02002400ca
[96] DC_ChargeLoopReq payloadType=0x8004 bytes=38
    01fe80040000001e8034041ec002f102c13abf0d7c3c2d3062810012006464003c02002400ca
[97] PowerDeliveryReq payloadType=0x8002 bytes=27
    01fe8002000000138054041ec002f102c13abf0d7c3c2d30620140
[98] DC_WeldingDetectionReq payloadType=0x8004 bytes=26
    01fe800400000012804c041ec002f102c13abf0d7c3c2d306200
[99] SessionStopReq payloadType=0x8002 bytes=26
    01fe8002000000128094041ec002f102c13abf0d7c3c2d306228

## station -> EV: 2949 byte(s), 100 frame(s)
[0] SupportedAppProtocolRes (OK_SuccessfulNegotiation) payloadType=0x8001 bytes=12
    01fe80010000000480400040
[1] SessionSetupRes (OK_NewSessionEstablished) payloadType=0x8002 bytes=43
    01fe8002000000238090041ec002f102c13abf0d3c3c2d3062040451114a9413960a914c4c8ccd0d4a8c40
[2] AuthorizationSetupRes (OK) payloadType=0x8002 bytes=28
    01fe800200000014800c041ec002f102c13abf0d3c3c2d3062000500
[3] AuthorizationRes (OK) payloadType=0x8002 bytes=27
    01fe8002000000138004041ec002f102c13abf0d3c3c2d30620010
[4] AuthorizationRes (OK) payloadType=0x8002 bytes=27
    01fe8002000000138004041ec002f102c13abf0d3c3c2d30620010
[5] AuthorizationRes (OK) payloadType=0x8002 bytes=27
    01fe8002000000138004041ec002f102c13abf0d3c3c2d30620010
[6] AuthorizationRes (OK) payloadType=0x8002 bytes=27
    01fe8002000000138004041ec002f102c13abf0d3c3c2d30620010
[7] AuthorizationRes (OK) payloadType=0x8002 bytes=27
    01fe8002000000138004041ec002f102c13abf0d3c3c2d30620010
[8] AuthorizationRes (OK) payloadType=0x8002 bytes=27
    01fe8002000000138004041ec002f102c13abf0d3c3c2d30620010
[9] AuthorizationRes (OK) payloadType=0x8002 bytes=27
    01fe8002000000138004041ec002f102c13abf0d3c3c2d30620000
[10] ServiceDiscoveryRes (OK) payloadType=0x8002 bytes=32
    01fe8002000000188080041ec002f102c13abf0d3c3c2d306200000200018050
[11] ServiceDetailRes (OK) payloadType=0x8002 bytes=146
    01fe80020000008a8078041ec002f102c13abf0d3c3c2d30620000800002d0dbdb9b9958dd1bdc980400d436f6e74726f6c4d6f6465601004d35bd89a5b1a5d1e539959591cd35bd919580200950726963696e67600080080b436f6e6e6563746f7260100350dbdb9d1c9bdb135bd91958020134d6f62696c6974794e656564734d6f6465600802541c9a58da5b99d800280
[12] ServiceSelectionRes (OK) payloadType=0x8002 bytes=27
    01fe8002000000138088041ec002f102c13abf0d3c3c2d30620000
[13] DC_ChargeParameterDiscoveryRes (OK) payloadType=0x8004 bytes=52
    01fe80040000002c8040041ec002f102c13abf0d3c3c2d30620044106e0581fc3403c0fe1a01e07d0e80703f8542301fc3403c40
[14] ScheduleExchangeRes (OK) payloadType=0x8002 bytes=44
    01fe8002000000248070041ec002f102c13abf0d3c3c2d306200040041a78785a60c84051828408500892940
[15] DC_CableCheckRes (OK) payloadType=0x8004 bytes=27
    01fe8004000000138030041ec002f102c13abf0d3c3c2d30620010
[16] DC_CableCheckRes (OK) payloadType=0x8004 bytes=27
    01fe8004000000138030041ec002f102c13abf0d3c3c2d30620010
[17] DC_CableCheckRes (OK) payloadType=0x8004 bytes=27
    01fe8004000000138030041ec002f102c13abf0d3c3c2d30620010
[18] DC_CableCheckRes (OK) payloadType=0x8004 bytes=27
    01fe8004000000138030041ec002f102c13abf0d3c3c2d30620010
[19] DC_CableCheckRes (OK) payloadType=0x8004 bytes=27
    01fe8004000000138030041ec002f102c13abf0d3c3c2d30620010
[20] DC_CableCheckRes (OK) payloadType=0x8004 bytes=27
    01fe8004000000138030041ec002f102c13abf0d3c3c2d30620010
[21] DC_CableCheckRes (OK) payloadType=0x8004 bytes=27
    01fe8004000000138030041ec002f102c13abf0d3c3c2d30620010
[22] DC_CableCheckRes (OK) payloadType=0x8004 bytes=27
    01fe8004000000138030041ec002f102c13abf0d3c3c2d30620010
[23] DC_CableCheckRes (OK) payloadType=0x8004 bytes=27
    01fe8004000000138030041ec002f102c13abf0d3c3c2d30620010
[24] DC_CableCheckRes (OK) payloadType=0x8004 bytes=27
    01fe8004000000138030041ec002f102c13abf0d4c3c2d30620010
[25] DC_CableCheckRes (OK) payloadType=0x8004 bytes=27
    01fe8004000000138030041ec002f102c13abf0d4c3c2d30620010
[26] DC_CableCheckRes (OK) payloadType=0x8004 bytes=27
    01fe8004000000138030041ec002f102c13abf0d4c3c2d30620010
[27] DC_CableCheckRes (OK) payloadType=0x8004 bytes=27
    01fe8004000000138030041ec002f102c13abf0d4c3c2d30620010
[28] DC_CableCheckRes (OK) payloadType=0x8004 bytes=27
    01fe8004000000138030041ec002f102c13abf0d4c3c2d30620010
[29] DC_CableCheckRes (OK) payloadType=0x8004 bytes=27
    01fe8004000000138030041ec002f102c13abf0d4c3c2d30620010
[30] DC_CableCheckRes (OK) payloadType=0x8004 bytes=27
    01fe8004000000138030041ec002f102c13abf0d4c3c2d30620010
[31] DC_CableCheckRes (OK) payloadType=0x8004 bytes=27
    01fe8004000000138030041ec002f102c13abf0d4c3c2d30620010
[32] DC_CableCheckRes (OK) payloadType=0x8004 bytes=27
    01fe8004000000138030041ec002f102c13abf0d4c3c2d30620010
[33] DC_CableCheckRes (OK) payloadType=0x8004 bytes=27
    01fe8004000000138030041ec002f102c13abf0d4c3c2d30620010
[34] DC_CableCheckRes (OK) payloadType=0x8004 bytes=27
    01fe8004000000138030041ec002f102c13abf0d4c3c2d30620010
[35] DC_CableCheckRes (OK) payloadType=0x8004 bytes=27
    01fe8004000000138030041ec002f102c13abf0d4c3c2d30620010
[36] DC_CableCheckRes (OK) payloadType=0x8004 bytes=27
    01fe8004000000138030041ec002f102c13abf0d4c3c2d30620010
[37] DC_CableCheckRes (OK) payloadType=0x8004 bytes=27
    01fe8004000000138030041ec002f102c13abf0d4c3c2d30620010
[38] DC_CableCheckRes (OK) payloadType=0x8004 bytes=27
    01fe8004000000138030041ec002f102c13abf0d4c3c2d30620010
[39] DC_CableCheckRes (OK) payloadType=0x8004 bytes=27
    01fe8004000000138030041ec002f102c13abf0d4c3c2d30620010
[40] DC_CableCheckRes (OK) payloadType=0x8004 bytes=27
    01fe8004000000138030041ec002f102c13abf0d4c3c2d30620010
[41] DC_CableCheckRes (OK) payloadType=0x8004 bytes=27
    01fe8004000000138030041ec002f102c13abf0d4c3c2d30620010
[42] DC_CableCheckRes (OK) payloadType=0x8004 bytes=27
    01fe8004000000138030041ec002f102c13abf0d5c3c2d30620010
[43] DC_CableCheckRes (OK) payloadType=0x8004 bytes=27
    01fe8004000000138030041ec002f102c13abf0d5c3c2d30620010
[44] DC_CableCheckRes (OK) payloadType=0x8004 bytes=27
    01fe8004000000138030041ec002f102c13abf0d5c3c2d30620010
[45] DC_CableCheckRes (OK) payloadType=0x8004 bytes=27
    01fe8004000000138030041ec002f102c13abf0d5c3c2d30620010
[46] DC_CableCheckRes (OK) payloadType=0x8004 bytes=27
    01fe8004000000138030041ec002f102c13abf0d5c3c2d30620010
[47] DC_CableCheckRes (OK) payloadType=0x8004 bytes=27
    01fe8004000000138030041ec002f102c13abf0d5c3c2d30620010
[48] DC_CableCheckRes (OK) payloadType=0x8004 bytes=27
    01fe8004000000138030041ec002f102c13abf0d5c3c2d30620010
[49] DC_CableCheckRes (OK) payloadType=0x8004 bytes=27
    01fe8004000000138030041ec002f102c13abf0d5c3c2d30620010
[50] DC_CableCheckRes (OK) payloadType=0x8004 bytes=27
    01fe8004000000138030041ec002f102c13abf0d5c3c2d30620010
[51] DC_CableCheckRes (OK) payloadType=0x8004 bytes=27
    01fe8004000000138030041ec002f102c13abf0d5c3c2d30620010
[52] DC_CableCheckRes (OK) payloadType=0x8004 bytes=27
    01fe8004000000138030041ec002f102c13abf0d5c3c2d30620010
[53] DC_CableCheckRes (OK) payloadType=0x8004 bytes=27
    01fe8004000000138030041ec002f102c13abf0d5c3c2d30620010
[54] DC_CableCheckRes (OK) payloadType=0x8004 bytes=27
    01fe8004000000138030041ec002f102c13abf0d5c3c2d30620010
[55] DC_CableCheckRes (OK) payloadType=0x8004 bytes=27
    01fe8004000000138030041ec002f102c13abf0d5c3c2d30620010
[56] DC_CableCheckRes (OK) payloadType=0x8004 bytes=27
    01fe8004000000138030041ec002f102c13abf0d5c3c2d30620010
[57] DC_CableCheckRes (OK) payloadType=0x8004 bytes=27
    01fe8004000000138030041ec002f102c13abf0d5c3c2d30620010
[58] DC_CableCheckRes (OK) payloadType=0x8004 bytes=27
    01fe8004000000138030041ec002f102c13abf0d5c3c2d30620010
[59] DC_CableCheckRes (OK) payloadType=0x8004 bytes=27
    01fe8004000000138030041ec002f102c13abf0d5c3c2d30620010
[60] DC_CableCheckRes (OK) payloadType=0x8004 bytes=27
    01fe8004000000138030041ec002f102c13abf0d6c3c2d30620010
[61] DC_CableCheckRes (OK) payloadType=0x8004 bytes=27
    01fe8004000000138030041ec002f102c13abf0d6c3c2d30620010
[62] DC_CableCheckRes (OK) payloadType=0x8004 bytes=27
    01fe8004000000138030041ec002f102c13abf0d6c3c2d30620010
[63] DC_CableCheckRes (OK) payloadType=0x8004 bytes=27
    01fe8004000000138030041ec002f102c13abf0d6c3c2d30620010
[64] DC_CableCheckRes (OK) payloadType=0x8004 bytes=27
    01fe8004000000138030041ec002f102c13abf0d6c3c2d30620010
[65] DC_CableCheckRes (OK) payloadType=0x8004 bytes=27
    01fe8004000000138030041ec002f102c13abf0d6c3c2d30620010
[66] DC_CableCheckRes (OK) payloadType=0x8004 bytes=27
    01fe8004000000138030041ec002f102c13abf0d6c3c2d30620010
[67] DC_CableCheckRes (OK) payloadType=0x8004 bytes=27
    01fe8004000000138030041ec002f102c13abf0d6c3c2d30620010
[68] DC_CableCheckRes (OK) payloadType=0x8004 bytes=27
    01fe8004000000138030041ec002f102c13abf0d6c3c2d30620010
[69] DC_CableCheckRes (OK) payloadType=0x8004 bytes=27
    01fe8004000000138030041ec002f102c13abf0d6c3c2d30620010
[70] DC_CableCheckRes (OK) payloadType=0x8004 bytes=27
    01fe8004000000138030041ec002f102c13abf0d6c3c2d30620010
[71] DC_CableCheckRes (OK) payloadType=0x8004 bytes=27
    01fe8004000000138030041ec002f102c13abf0d6c3c2d30620010
[72] DC_CableCheckRes (OK) payloadType=0x8004 bytes=27
    01fe8004000000138030041ec002f102c13abf0d6c3c2d30620010
[73] DC_CableCheckRes (OK) payloadType=0x8004 bytes=27
    01fe8004000000138030041ec002f102c13abf0d6c3c2d30620010
[74] DC_CableCheckRes (OK) payloadType=0x8004 bytes=27
    01fe8004000000138030041ec002f102c13abf0d6c3c2d30620010
[75] DC_CableCheckRes (OK) payloadType=0x8004 bytes=27
    01fe8004000000138030041ec002f102c13abf0d6c3c2d30620010
[76] DC_CableCheckRes (OK) payloadType=0x8004 bytes=27
    01fe8004000000138030041ec002f102c13abf0d6c3c2d30620010
[77] DC_CableCheckRes (OK) payloadType=0x8004 bytes=27
    01fe8004000000138030041ec002f102c13abf0d6c3c2d30620010
[78] DC_CableCheckRes (OK) payloadType=0x8004 bytes=27
    01fe8004000000138030041ec002f102c13abf0d7c3c2d30620010
[79] DC_CableCheckRes (OK) payloadType=0x8004 bytes=27
    01fe8004000000138030041ec002f102c13abf0d7c3c2d30620010
[80] DC_CableCheckRes (OK) payloadType=0x8004 bytes=27
    01fe8004000000138030041ec002f102c13abf0d7c3c2d30620010
[81] DC_CableCheckRes (OK) payloadType=0x8004 bytes=27
    01fe8004000000138030041ec002f102c13abf0d7c3c2d30620010
[82] DC_CableCheckRes (OK) payloadType=0x8004 bytes=27
    01fe8004000000138030041ec002f102c13abf0d7c3c2d30620010
[83] DC_CableCheckRes (OK) payloadType=0x8004 bytes=27
    01fe8004000000138030041ec002f102c13abf0d7c3c2d30620010
[84] DC_CableCheckRes (OK) payloadType=0x8004 bytes=27
    01fe8004000000138030041ec002f102c13abf0d7c3c2d30620010
[85] DC_CableCheckRes (OK) payloadType=0x8004 bytes=27
    01fe8004000000138030041ec002f102c13abf0d7c3c2d30620010
[86] DC_CableCheckRes (OK) payloadType=0x8004 bytes=27
    01fe8004000000138030041ec002f102c13abf0d7c3c2d30620010
[87] DC_CableCheckRes (OK) payloadType=0x8004 bytes=27
    01fe8004000000138030041ec002f102c13abf0d7c3c2d30620010
[88] DC_CableCheckRes (OK) payloadType=0x8004 bytes=27
    01fe8004000000138030041ec002f102c13abf0d7c3c2d30620010
[89] DC_CableCheckRes (OK) payloadType=0x8004 bytes=27
    01fe8004000000138030041ec002f102c13abf0d7c3c2d30620010
[90] DC_CableCheckRes (OK) payloadType=0x8004 bytes=27
    01fe8004000000138030041ec002f102c13abf0d7c3c2d30620010
[91] DC_CableCheckRes (OK) payloadType=0x8004 bytes=27
    01fe8004000000138030041ec002f102c13abf0d7c3c2d30620000
[92] DC_PreChargeRes (OK) payloadType=0x8004 bytes=30
    01fe8004000000168048041ec002f102c13abf0d7c3c2d30620010000000
[93] PowerDeliveryRes (OK) payloadType=0x8002 bytes=27
    01fe8002000000138058041ec002f102c13abf0d7c3c2d30620040
[94] DC_ChargeLoopRes (OK) payloadType=0x8004 bytes=52
    01fe80040000002c8038041ec002f102c13abf0d7c3c2d306200640000020000000080810a01100fe1a01e03f8680780fe1508c0
[95] DC_ChargeLoopRes (OK) payloadType=0x8004 bytes=52
    01fe80040000002c8038041ec002f102c13abf0d7c3c2d306200640000020000000080810a01100fe1a01e03f8680780fe1508c0
[96] DC_ChargeLoopRes (OK) payloadType=0x8004 bytes=52
    01fe80040000002c8038041ec002f102c13abf0d7c3c2d306200640000020000000080810a01100fe1a01e03f8680780fe1508c0
[97] PowerDeliveryRes (OK) payloadType=0x8002 bytes=27
    01fe8002000000138058041ec002f102c13abf0d7c3c2d30620040
[98] DC_WeldingDetectionRes (OK) payloadType=0x8004 bytes=30
    01fe8004000000168050041ec002f102c13abf0d8c3c2d30620010000000
[99] SessionStopRes (OK) payloadType=0x8002 bytes=27
    01fe8002000000138098041ec002f102c13abf0d8c3c2d30620000
