# Frames as recorded, per direction. Ordering within a direction is real;
# the two directions are not interleaved, because the recording has no timestamps.

## EV -> station: 2690 byte(s), 101 frame(s)
[0] SupportedAppProtocolReq payloadType=0x8001 bytes=79
    01fe8001000000478000ebab9371d34b9b79d189a98989c1d191d191818999d26b9b3a232b30020000040001e75726e3a69736f3a7374643a69736f3a31353131383a2d32303a44430020000100880
[1] SessionSetupReq payloadType=0x8002 bytes=33
    01fe800200000019808c0400000000000000000bfc5c2d30620422ab21a1981880
[2] AuthorizationSetupReq payloadType=0x8002 bytes=25
    01fe800200000011800804081958d96b04f9f50bfc5c2d3062
[3] AuthorizationReq payloadType=0x8002 bytes=26
    01fe800200000012800004081958d96b04f9f50bfc5c2d306200
[4] AuthorizationReq payloadType=0x8002 bytes=26
    01fe800200000012800004081958d96b04f9f50bfc5c2d306200
[5] AuthorizationReq payloadType=0x8002 bytes=26
    01fe800200000012800004081958d96b04f9f50bfc5c2d306200
[6] AuthorizationReq payloadType=0x8002 bytes=26
    01fe800200000012800004081958d96b04f9f50bfc5c2d306200
[7] AuthorizationReq payloadType=0x8002 bytes=26
    01fe800200000012800004081958d96b04f9f50bfc5c2d306200
[8] AuthorizationReq payloadType=0x8002 bytes=26
    01fe800200000012800004081958d96b04f9f50c0c5c2d306200
[9] ServiceDiscoveryReq payloadType=0x8002 bytes=26
    01fe800200000012807c04081958d96b04f9f50c0c5c2d306280
[10] ServiceDetailReq payloadType=0x8002 bytes=27
    01fe800200000013807404081958d96b04f9f50c0c5c2d30620100
[11] ServiceSelectionReq payloadType=0x8002 bytes=29
    01fe800200000015808404081958d96b04f9f50c0c5c2d306200800880
[12] DC_ChargeParameterDiscoveryReq payloadType=0x8004 bytes=49
    01fe800400000029803c04081958d96b04f9f50c0c5c2d3062881088270400000200320041000000800f40304001902800
[13] ScheduleExchangeReq payloadType=0x8002 bytes=28
    01fe800200000014806c04081958d96b04f9f50c0c5c2d3062000680
[14] DC_CableCheckReq payloadType=0x8004 bytes=25
    01fe800400000011802c04081958d96b04f9f50c0c5c2d3062
[15] DC_CableCheckReq payloadType=0x8004 bytes=25
    01fe800400000011802c04081958d96b04f9f50c0c5c2d3062
[16] DC_CableCheckReq payloadType=0x8004 bytes=25
    01fe800400000011802c04081958d96b04f9f50c0c5c2d3062
[17] DC_CableCheckReq payloadType=0x8004 bytes=25
    01fe800400000011802c04081958d96b04f9f50c0c5c2d3062
[18] DC_CableCheckReq payloadType=0x8004 bytes=25
    01fe800400000011802c04081958d96b04f9f50c0c5c2d3062
[19] DC_CableCheckReq payloadType=0x8004 bytes=25
    01fe800400000011802c04081958d96b04f9f50c0c5c2d3062
[20] DC_CableCheckReq payloadType=0x8004 bytes=25
    01fe800400000011802c04081958d96b04f9f50c0c5c2d3062
[21] DC_CableCheckReq payloadType=0x8004 bytes=25
    01fe800400000011802c04081958d96b04f9f50c0c5c2d3062
[22] DC_CableCheckReq payloadType=0x8004 bytes=25
    01fe800400000011802c04081958d96b04f9f50c0c5c2d3062
[23] DC_CableCheckReq payloadType=0x8004 bytes=25
    01fe800400000011802c04081958d96b04f9f50c0c5c2d3062
[24] DC_CableCheckReq payloadType=0x8004 bytes=25
    01fe800400000011802c04081958d96b04f9f50c0c5c2d3062
[25] DC_CableCheckReq payloadType=0x8004 bytes=25
    01fe800400000011802c04081958d96b04f9f50c0c5c2d3062
[26] DC_CableCheckReq payloadType=0x8004 bytes=25
    01fe800400000011802c04081958d96b04f9f50c0c5c2d3062
[27] DC_CableCheckReq payloadType=0x8004 bytes=25
    01fe800400000011802c04081958d96b04f9f50c0c5c2d3062
[28] DC_CableCheckReq payloadType=0x8004 bytes=25
    01fe800400000011802c04081958d96b04f9f50c0c5c2d3062
[29] DC_CableCheckReq payloadType=0x8004 bytes=25
    01fe800400000011802c04081958d96b04f9f50c0c5c2d3062
[30] DC_CableCheckReq payloadType=0x8004 bytes=25
    01fe800400000011802c04081958d96b04f9f50c0c5c2d3062
[31] DC_CableCheckReq payloadType=0x8004 bytes=25
    01fe800400000011802c04081958d96b04f9f50c1c5c2d3062
[32] DC_CableCheckReq payloadType=0x8004 bytes=25
    01fe800400000011802c04081958d96b04f9f50c1c5c2d3062
[33] DC_CableCheckReq payloadType=0x8004 bytes=25
    01fe800400000011802c04081958d96b04f9f50c1c5c2d3062
[34] DC_CableCheckReq payloadType=0x8004 bytes=25
    01fe800400000011802c04081958d96b04f9f50c1c5c2d3062
[35] DC_CableCheckReq payloadType=0x8004 bytes=25
    01fe800400000011802c04081958d96b04f9f50c1c5c2d3062
[36] DC_CableCheckReq payloadType=0x8004 bytes=25
    01fe800400000011802c04081958d96b04f9f50c1c5c2d3062
[37] DC_CableCheckReq payloadType=0x8004 bytes=25
    01fe800400000011802c04081958d96b04f9f50c1c5c2d3062
[38] DC_CableCheckReq payloadType=0x8004 bytes=25
    01fe800400000011802c04081958d96b04f9f50c1c5c2d3062
[39] DC_CableCheckReq payloadType=0x8004 bytes=25
    01fe800400000011802c04081958d96b04f9f50c1c5c2d3062
[40] DC_CableCheckReq payloadType=0x8004 bytes=25
    01fe800400000011802c04081958d96b04f9f50c1c5c2d3062
[41] DC_CableCheckReq payloadType=0x8004 bytes=25
    01fe800400000011802c04081958d96b04f9f50c1c5c2d3062
[42] DC_CableCheckReq payloadType=0x8004 bytes=25
    01fe800400000011802c04081958d96b04f9f50c1c5c2d3062
[43] DC_CableCheckReq payloadType=0x8004 bytes=25
    01fe800400000011802c04081958d96b04f9f50c1c5c2d3062
[44] DC_CableCheckReq payloadType=0x8004 bytes=25
    01fe800400000011802c04081958d96b04f9f50c1c5c2d3062
[45] DC_CableCheckReq payloadType=0x8004 bytes=25
    01fe800400000011802c04081958d96b04f9f50c1c5c2d3062
[46] DC_CableCheckReq payloadType=0x8004 bytes=25
    01fe800400000011802c04081958d96b04f9f50c1c5c2d3062
[47] DC_CableCheckReq payloadType=0x8004 bytes=25
    01fe800400000011802c04081958d96b04f9f50c1c5c2d3062
[48] DC_CableCheckReq payloadType=0x8004 bytes=25
    01fe800400000011802c04081958d96b04f9f50c1c5c2d3062
[49] DC_CableCheckReq payloadType=0x8004 bytes=25
    01fe800400000011802c04081958d96b04f9f50c2c5c2d3062
[50] DC_CableCheckReq payloadType=0x8004 bytes=25
    01fe800400000011802c04081958d96b04f9f50c2c5c2d3062
[51] DC_CableCheckReq payloadType=0x8004 bytes=25
    01fe800400000011802c04081958d96b04f9f50c2c5c2d3062
[52] DC_CableCheckReq payloadType=0x8004 bytes=25
    01fe800400000011802c04081958d96b04f9f50c2c5c2d3062
[53] DC_CableCheckReq payloadType=0x8004 bytes=25
    01fe800400000011802c04081958d96b04f9f50c2c5c2d3062
[54] DC_CableCheckReq payloadType=0x8004 bytes=25
    01fe800400000011802c04081958d96b04f9f50c2c5c2d3062
[55] DC_CableCheckReq payloadType=0x8004 bytes=25
    01fe800400000011802c04081958d96b04f9f50c2c5c2d3062
[56] DC_CableCheckReq payloadType=0x8004 bytes=25
    01fe800400000011802c04081958d96b04f9f50c2c5c2d3062
[57] DC_CableCheckReq payloadType=0x8004 bytes=25
    01fe800400000011802c04081958d96b04f9f50c2c5c2d3062
[58] DC_CableCheckReq payloadType=0x8004 bytes=25
    01fe800400000011802c04081958d96b04f9f50c2c5c2d3062
[59] DC_CableCheckReq payloadType=0x8004 bytes=25
    01fe800400000011802c04081958d96b04f9f50c2c5c2d3062
[60] DC_CableCheckReq payloadType=0x8004 bytes=25
    01fe800400000011802c04081958d96b04f9f50c2c5c2d3062
[61] DC_CableCheckReq payloadType=0x8004 bytes=25
    01fe800400000011802c04081958d96b04f9f50c2c5c2d3062
[62] DC_CableCheckReq payloadType=0x8004 bytes=25
    01fe800400000011802c04081958d96b04f9f50c2c5c2d3062
[63] DC_CableCheckReq payloadType=0x8004 bytes=25
    01fe800400000011802c04081958d96b04f9f50c2c5c2d3062
[64] DC_CableCheckReq payloadType=0x8004 bytes=25
    01fe800400000011802c04081958d96b04f9f50c2c5c2d3062
[65] DC_CableCheckReq payloadType=0x8004 bytes=25
    01fe800400000011802c04081958d96b04f9f50c2c5c2d3062
[66] DC_CableCheckReq payloadType=0x8004 bytes=25
    01fe800400000011802c04081958d96b04f9f50c2c5c2d3062
[67] DC_CableCheckReq payloadType=0x8004 bytes=25
    01fe800400000011802c04081958d96b04f9f50c3c5c2d3062
[68] DC_CableCheckReq payloadType=0x8004 bytes=25
    01fe800400000011802c04081958d96b04f9f50c3c5c2d3062
[69] DC_CableCheckReq payloadType=0x8004 bytes=25
    01fe800400000011802c04081958d96b04f9f50c3c5c2d3062
[70] DC_CableCheckReq payloadType=0x8004 bytes=25
    01fe800400000011802c04081958d96b04f9f50c3c5c2d3062
[71] DC_CableCheckReq payloadType=0x8004 bytes=25
    01fe800400000011802c04081958d96b04f9f50c3c5c2d3062
[72] DC_CableCheckReq payloadType=0x8004 bytes=25
    01fe800400000011802c04081958d96b04f9f50c3c5c2d3062
[73] DC_CableCheckReq payloadType=0x8004 bytes=25
    01fe800400000011802c04081958d96b04f9f50c3c5c2d3062
[74] DC_CableCheckReq payloadType=0x8004 bytes=25
    01fe800400000011802c04081958d96b04f9f50c3c5c2d3062
[75] DC_CableCheckReq payloadType=0x8004 bytes=25
    01fe800400000011802c04081958d96b04f9f50c3c5c2d3062
[76] DC_CableCheckReq payloadType=0x8004 bytes=25
    01fe800400000011802c04081958d96b04f9f50c3c5c2d3062
[77] DC_CableCheckReq payloadType=0x8004 bytes=25
    01fe800400000011802c04081958d96b04f9f50c3c5c2d3062
[78] DC_CableCheckReq payloadType=0x8004 bytes=25
    01fe800400000011802c04081958d96b04f9f50c3c5c2d3062
[79] DC_CableCheckReq payloadType=0x8004 bytes=25
    01fe800400000011802c04081958d96b04f9f50c3c5c2d3062
[80] DC_CableCheckReq payloadType=0x8004 bytes=25
    01fe800400000011802c04081958d96b04f9f50c3c5c2d3062
[81] DC_CableCheckReq payloadType=0x8004 bytes=25
    01fe800400000011802c04081958d96b04f9f50c3c5c2d3062
[82] DC_CableCheckReq payloadType=0x8004 bytes=25
    01fe800400000011802c04081958d96b04f9f50c3c5c2d3062
[83] DC_CableCheckReq payloadType=0x8004 bytes=25
    01fe800400000011802c04081958d96b04f9f50c3c5c2d3062
[84] DC_CableCheckReq payloadType=0x8004 bytes=25
    01fe800400000011802c04081958d96b04f9f50c3c5c2d3062
[85] DC_CableCheckReq payloadType=0x8004 bytes=25
    01fe800400000011802c04081958d96b04f9f50c4c5c2d3062
[86] DC_CableCheckReq payloadType=0x8004 bytes=25
    01fe800400000011802c04081958d96b04f9f50c4c5c2d3062
[87] DC_CableCheckReq payloadType=0x8004 bytes=25
    01fe800400000011802c04081958d96b04f9f50c4c5c2d3062
[88] DC_CableCheckReq payloadType=0x8004 bytes=25
    01fe800400000011802c04081958d96b04f9f50c4c5c2d3062
[89] DC_CableCheckReq payloadType=0x8004 bytes=25
    01fe800400000011802c04081958d96b04f9f50c4c5c2d3062
[90] DC_CableCheckReq payloadType=0x8004 bytes=25
    01fe800400000011802c04081958d96b04f9f50c4c5c2d3062
[91] DC_CableCheckReq payloadType=0x8004 bytes=25
    01fe800400000011802c04081958d96b04f9f50c4c5c2d3062
[92] DC_CableCheckReq payloadType=0x8004 bytes=25
    01fe800400000011802c04081958d96b04f9f50c4c5c2d3062
[93] DC_PreChargeReq payloadType=0x8004 bytes=33
    01fe800400000019804404081958d96b04f9f50c4c5c2d30620100000080090030
[94] PowerDeliveryReq payloadType=0x8002 bytes=37
    01fe80020000001d805404081958d96b04f9f50c4c5c2d306200000100420480e041805124
[95] DC_ChargeLoopReq payloadType=0x8004 bytes=38
    01fe80040000001e803404081958d96b04f9f50c4c5c2d3062810012006464003c02002400ca
[96] DC_ChargeLoopReq payloadType=0x8004 bytes=38
    01fe80040000001e803404081958d96b04f9f50c4c5c2d3062810012006464003c02002400ca
[97] DC_ChargeLoopReq payloadType=0x8004 bytes=38
    01fe80040000001e803404081958d96b04f9f50c4c5c2d3062810012006464003c02002400ca
[98] PowerDeliveryReq payloadType=0x8002 bytes=27
    01fe800200000013805404081958d96b04f9f50c4c5c2d30620140
[99] DC_WeldingDetectionReq payloadType=0x8004 bytes=26
    01fe800400000012804c04081958d96b04f9f50c4c5c2d306200
[100] SessionStopReq payloadType=0x8002 bytes=26
    01fe800200000012809404081958d96b04f9f50c4c5c2d306228

## station -> EV: 2976 byte(s), 101 frame(s)
[0] SupportedAppProtocolRes (OK_SuccessfulNegotiation) payloadType=0x8001 bytes=12
    01fe80010000000480400080
[1] SessionSetupRes (OK_NewSessionEstablished) payloadType=0x8002 bytes=43
    01fe800200000023809004081958d96b04f9f50bfc5c2d3062040451114a9413960a914c4c8ccd0d4a8c40
[2] AuthorizationSetupRes (OK) payloadType=0x8002 bytes=28
    01fe800200000014800c04081958d96b04f9f50bfc5c2d3062000500
[3] AuthorizationRes (OK) payloadType=0x8002 bytes=27
    01fe800200000013800404081958d96b04f9f50bfc5c2d30620010
[4] AuthorizationRes (OK) payloadType=0x8002 bytes=27
    01fe800200000013800404081958d96b04f9f50bfc5c2d30620010
[5] AuthorizationRes (OK) payloadType=0x8002 bytes=27
    01fe800200000013800404081958d96b04f9f50bfc5c2d30620010
[6] AuthorizationRes (OK) payloadType=0x8002 bytes=27
    01fe800200000013800404081958d96b04f9f50c0c5c2d30620010
[7] AuthorizationRes (OK) payloadType=0x8002 bytes=27
    01fe800200000013800404081958d96b04f9f50c0c5c2d30620010
[8] AuthorizationRes (OK) payloadType=0x8002 bytes=27
    01fe800200000013800404081958d96b04f9f50c0c5c2d30620000
[9] ServiceDiscoveryRes (OK) payloadType=0x8002 bytes=32
    01fe800200000018808004081958d96b04f9f50c0c5c2d306200000200018050
[10] ServiceDetailRes (OK) payloadType=0x8002 bytes=146
    01fe80020000008a807804081958d96b04f9f50c0c5c2d30620000800002d0dbdb9b9958dd1bdc980400d436f6e74726f6c4d6f6465601004d35bd89a5b1a5d1e539959591cd35bd919580200950726963696e67600080080b436f6e6e6563746f7260100350dbdb9d1c9bdb135bd91958020134d6f62696c6974794e656564734d6f6465600802541c9a58da5b99d800280
[11] ServiceSelectionRes (OK) payloadType=0x8002 bytes=27
    01fe800200000013808804081958d96b04f9f50c0c5c2d30620000
[12] DC_ChargeParameterDiscoveryRes (OK) payloadType=0x8004 bytes=52
    01fe80040000002c804004081958d96b04f9f50c0c5c2d30620044106e0581fc3403c0fe1a01e07d0e80703f8542301fc3403c40
[13] ScheduleExchangeRes (OK) payloadType=0x8002 bytes=44
    01fe800200000024807004081958d96b04f9f50c0c5c2d306200040041818b85a60c84051828408500892940
[14] DC_CableCheckRes (OK) payloadType=0x8004 bytes=27
    01fe800400000013803004081958d96b04f9f50c0c5c2d30620010
[15] DC_CableCheckRes (OK) payloadType=0x8004 bytes=27
    01fe800400000013803004081958d96b04f9f50c0c5c2d30620010
[16] DC_CableCheckRes (OK) payloadType=0x8004 bytes=27
    01fe800400000013803004081958d96b04f9f50c0c5c2d30620010
[17] DC_CableCheckRes (OK) payloadType=0x8004 bytes=27
    01fe800400000013803004081958d96b04f9f50c0c5c2d30620010
[18] DC_CableCheckRes (OK) payloadType=0x8004 bytes=27
    01fe800400000013803004081958d96b04f9f50c0c5c2d30620010
[19] DC_CableCheckRes (OK) payloadType=0x8004 bytes=27
    01fe800400000013803004081958d96b04f9f50c0c5c2d30620010
[20] DC_CableCheckRes (OK) payloadType=0x8004 bytes=27
    01fe800400000013803004081958d96b04f9f50c0c5c2d30620010
[21] DC_CableCheckRes (OK) payloadType=0x8004 bytes=27
    01fe800400000013803004081958d96b04f9f50c0c5c2d30620010
[22] DC_CableCheckRes (OK) payloadType=0x8004 bytes=27
    01fe800400000013803004081958d96b04f9f50c0c5c2d30620010
[23] DC_CableCheckRes (OK) payloadType=0x8004 bytes=27
    01fe800400000013803004081958d96b04f9f50c0c5c2d30620010
[24] DC_CableCheckRes (OK) payloadType=0x8004 bytes=27
    01fe800400000013803004081958d96b04f9f50c0c5c2d30620010
[25] DC_CableCheckRes (OK) payloadType=0x8004 bytes=27
    01fe800400000013803004081958d96b04f9f50c0c5c2d30620010
[26] DC_CableCheckRes (OK) payloadType=0x8004 bytes=27
    01fe800400000013803004081958d96b04f9f50c0c5c2d30620010
[27] DC_CableCheckRes (OK) payloadType=0x8004 bytes=27
    01fe800400000013803004081958d96b04f9f50c0c5c2d30620010
[28] DC_CableCheckRes (OK) payloadType=0x8004 bytes=27
    01fe800400000013803004081958d96b04f9f50c0c5c2d30620010
[29] DC_CableCheckRes (OK) payloadType=0x8004 bytes=27
    01fe800400000013803004081958d96b04f9f50c1c5c2d30620010
[30] DC_CableCheckRes (OK) payloadType=0x8004 bytes=27
    01fe800400000013803004081958d96b04f9f50c1c5c2d30620010
[31] DC_CableCheckRes (OK) payloadType=0x8004 bytes=27
    01fe800400000013803004081958d96b04f9f50c1c5c2d30620010
[32] DC_CableCheckRes (OK) payloadType=0x8004 bytes=27
    01fe800400000013803004081958d96b04f9f50c1c5c2d30620010
[33] DC_CableCheckRes (OK) payloadType=0x8004 bytes=27
    01fe800400000013803004081958d96b04f9f50c1c5c2d30620010
[34] DC_CableCheckRes (OK) payloadType=0x8004 bytes=27
    01fe800400000013803004081958d96b04f9f50c1c5c2d30620010
[35] DC_CableCheckRes (OK) payloadType=0x8004 bytes=27
    01fe800400000013803004081958d96b04f9f50c1c5c2d30620010
[36] DC_CableCheckRes (OK) payloadType=0x8004 bytes=27
    01fe800400000013803004081958d96b04f9f50c1c5c2d30620010
[37] DC_CableCheckRes (OK) payloadType=0x8004 bytes=27
    01fe800400000013803004081958d96b04f9f50c1c5c2d30620010
[38] DC_CableCheckRes (OK) payloadType=0x8004 bytes=27
    01fe800400000013803004081958d96b04f9f50c1c5c2d30620010
[39] DC_CableCheckRes (OK) payloadType=0x8004 bytes=27
    01fe800400000013803004081958d96b04f9f50c1c5c2d30620010
[40] DC_CableCheckRes (OK) payloadType=0x8004 bytes=27
    01fe800400000013803004081958d96b04f9f50c1c5c2d30620010
[41] DC_CableCheckRes (OK) payloadType=0x8004 bytes=27
    01fe800400000013803004081958d96b04f9f50c1c5c2d30620010
[42] DC_CableCheckRes (OK) payloadType=0x8004 bytes=27
    01fe800400000013803004081958d96b04f9f50c1c5c2d30620010
[43] DC_CableCheckRes (OK) payloadType=0x8004 bytes=27
    01fe800400000013803004081958d96b04f9f50c1c5c2d30620010
[44] DC_CableCheckRes (OK) payloadType=0x8004 bytes=27
    01fe800400000013803004081958d96b04f9f50c1c5c2d30620010
[45] DC_CableCheckRes (OK) payloadType=0x8004 bytes=27
    01fe800400000013803004081958d96b04f9f50c1c5c2d30620010
[46] DC_CableCheckRes (OK) payloadType=0x8004 bytes=27
    01fe800400000013803004081958d96b04f9f50c1c5c2d30620010
[47] DC_CableCheckRes (OK) payloadType=0x8004 bytes=27
    01fe800400000013803004081958d96b04f9f50c2c5c2d30620010
[48] DC_CableCheckRes (OK) payloadType=0x8004 bytes=27
    01fe800400000013803004081958d96b04f9f50c2c5c2d30620010
[49] DC_CableCheckRes (OK) payloadType=0x8004 bytes=27
    01fe800400000013803004081958d96b04f9f50c2c5c2d30620010
[50] DC_CableCheckRes (OK) payloadType=0x8004 bytes=27
    01fe800400000013803004081958d96b04f9f50c2c5c2d30620010
[51] DC_CableCheckRes (OK) payloadType=0x8004 bytes=27
    01fe800400000013803004081958d96b04f9f50c2c5c2d30620010
[52] DC_CableCheckRes (OK) payloadType=0x8004 bytes=27
    01fe800400000013803004081958d96b04f9f50c2c5c2d30620010
[53] DC_CableCheckRes (OK) payloadType=0x8004 bytes=27
    01fe800400000013803004081958d96b04f9f50c2c5c2d30620010
[54] DC_CableCheckRes (OK) payloadType=0x8004 bytes=27
    01fe800400000013803004081958d96b04f9f50c2c5c2d30620010
[55] DC_CableCheckRes (OK) payloadType=0x8004 bytes=27
    01fe800400000013803004081958d96b04f9f50c2c5c2d30620010
[56] DC_CableCheckRes (OK) payloadType=0x8004 bytes=27
    01fe800400000013803004081958d96b04f9f50c2c5c2d30620010
[57] DC_CableCheckRes (OK) payloadType=0x8004 bytes=27
    01fe800400000013803004081958d96b04f9f50c2c5c2d30620010
[58] DC_CableCheckRes (OK) payloadType=0x8004 bytes=27
    01fe800400000013803004081958d96b04f9f50c2c5c2d30620010
[59] DC_CableCheckRes (OK) payloadType=0x8004 bytes=27
    01fe800400000013803004081958d96b04f9f50c2c5c2d30620010
[60] DC_CableCheckRes (OK) payloadType=0x8004 bytes=27
    01fe800400000013803004081958d96b04f9f50c2c5c2d30620010
[61] DC_CableCheckRes (OK) payloadType=0x8004 bytes=27
    01fe800400000013803004081958d96b04f9f50c2c5c2d30620010
[62] DC_CableCheckRes (OK) payloadType=0x8004 bytes=27
    01fe800400000013803004081958d96b04f9f50c2c5c2d30620010
[63] DC_CableCheckRes (OK) payloadType=0x8004 bytes=27
    01fe800400000013803004081958d96b04f9f50c2c5c2d30620010
[64] DC_CableCheckRes (OK) payloadType=0x8004 bytes=27
    01fe800400000013803004081958d96b04f9f50c2c5c2d30620010
[65] DC_CableCheckRes (OK) payloadType=0x8004 bytes=27
    01fe800400000013803004081958d96b04f9f50c2c5c2d30620010
[66] DC_CableCheckRes (OK) payloadType=0x8004 bytes=27
    01fe800400000013803004081958d96b04f9f50c2c5c2d30620010
[67] DC_CableCheckRes (OK) payloadType=0x8004 bytes=27
    01fe800400000013803004081958d96b04f9f50c3c5c2d30620010
[68] DC_CableCheckRes (OK) payloadType=0x8004 bytes=27
    01fe800400000013803004081958d96b04f9f50c3c5c2d30620010
[69] DC_CableCheckRes (OK) payloadType=0x8004 bytes=27
    01fe800400000013803004081958d96b04f9f50c3c5c2d30620010
[70] DC_CableCheckRes (OK) payloadType=0x8004 bytes=27
    01fe800400000013803004081958d96b04f9f50c3c5c2d30620010
[71] DC_CableCheckRes (OK) payloadType=0x8004 bytes=27
    01fe800400000013803004081958d96b04f9f50c3c5c2d30620010
[72] DC_CableCheckRes (OK) payloadType=0x8004 bytes=27
    01fe800400000013803004081958d96b04f9f50c3c5c2d30620010
[73] DC_CableCheckRes (OK) payloadType=0x8004 bytes=27
    01fe800400000013803004081958d96b04f9f50c3c5c2d30620010
[74] DC_CableCheckRes (OK) payloadType=0x8004 bytes=27
    01fe800400000013803004081958d96b04f9f50c3c5c2d30620010
[75] DC_CableCheckRes (OK) payloadType=0x8004 bytes=27
    01fe800400000013803004081958d96b04f9f50c3c5c2d30620010
[76] DC_CableCheckRes (OK) payloadType=0x8004 bytes=27
    01fe800400000013803004081958d96b04f9f50c3c5c2d30620010
[77] DC_CableCheckRes (OK) payloadType=0x8004 bytes=27
    01fe800400000013803004081958d96b04f9f50c3c5c2d30620010
[78] DC_CableCheckRes (OK) payloadType=0x8004 bytes=27
    01fe800400000013803004081958d96b04f9f50c3c5c2d30620010
[79] DC_CableCheckRes (OK) payloadType=0x8004 bytes=27
    01fe800400000013803004081958d96b04f9f50c3c5c2d30620010
[80] DC_CableCheckRes (OK) payloadType=0x8004 bytes=27
    01fe800400000013803004081958d96b04f9f50c3c5c2d30620010
[81] DC_CableCheckRes (OK) payloadType=0x8004 bytes=27
    01fe800400000013803004081958d96b04f9f50c3c5c2d30620010
[82] DC_CableCheckRes (OK) payloadType=0x8004 bytes=27
    01fe800400000013803004081958d96b04f9f50c3c5c2d30620010
[83] DC_CableCheckRes (OK) payloadType=0x8004 bytes=27
    01fe800400000013803004081958d96b04f9f50c3c5c2d30620010
[84] DC_CableCheckRes (OK) payloadType=0x8004 bytes=27
    01fe800400000013803004081958d96b04f9f50c3c5c2d30620010
[85] DC_CableCheckRes (OK) payloadType=0x8004 bytes=27
    01fe800400000013803004081958d96b04f9f50c4c5c2d30620010
[86] DC_CableCheckRes (OK) payloadType=0x8004 bytes=27
    01fe800400000013803004081958d96b04f9f50c4c5c2d30620010
[87] DC_CableCheckRes (OK) payloadType=0x8004 bytes=27
    01fe800400000013803004081958d96b04f9f50c4c5c2d30620010
[88] DC_CableCheckRes (OK) payloadType=0x8004 bytes=27
    01fe800400000013803004081958d96b04f9f50c4c5c2d30620010
[89] DC_CableCheckRes (OK) payloadType=0x8004 bytes=27
    01fe800400000013803004081958d96b04f9f50c4c5c2d30620010
[90] DC_CableCheckRes (OK) payloadType=0x8004 bytes=27
    01fe800400000013803004081958d96b04f9f50c4c5c2d30620010
[91] DC_CableCheckRes (OK) payloadType=0x8004 bytes=27
    01fe800400000013803004081958d96b04f9f50c4c5c2d30620010
[92] DC_CableCheckRes (OK) payloadType=0x8004 bytes=27
    01fe800400000013803004081958d96b04f9f50c4c5c2d30620000
[93] DC_PreChargeRes (OK) payloadType=0x8004 bytes=30
    01fe800400000016804804081958d96b04f9f50c4c5c2d30620010000000
[94] PowerDeliveryRes (OK) payloadType=0x8002 bytes=27
    01fe800200000013805804081958d96b04f9f50c4c5c2d30620040
[95] DC_ChargeLoopRes (OK) payloadType=0x8004 bytes=52
    01fe80040000002c803804081958d96b04f9f50c4c5c2d306200640000020000000080810a01100fe1a01e03f8680780fe1508c0
[96] DC_ChargeLoopRes (OK) payloadType=0x8004 bytes=52
    01fe80040000002c803804081958d96b04f9f50c4c5c2d306200640000020000000080810a01100fe1a01e03f8680780fe1508c0
[97] DC_ChargeLoopRes (OK) payloadType=0x8004 bytes=52
    01fe80040000002c803804081958d96b04f9f50c4c5c2d306200640000020000000080810a01100fe1a01e03f8680780fe1508c0
[98] PowerDeliveryRes (OK) payloadType=0x8002 bytes=27
    01fe800200000013805804081958d96b04f9f50c4c5c2d30620040
[99] DC_WeldingDetectionRes (OK) payloadType=0x8004 bytes=30
    01fe800400000016805004081958d96b04f9f50c4c5c2d30620010000000
[100] SessionStopRes (OK) payloadType=0x8002 bytes=27
    01fe800200000013809804081958d96b04f9f50c4c5c2d30620000
