# Frames as recorded, per direction. Ordering within a direction is real;
# the two directions are not interleaved, because the recording has no timestamps.

## EV -> station: 338 byte(s), 13 frame(s)
[0] SupportedAppProtocolReq payloadType=0x8001 bytes=44
    01fe8001000000248000ebab9371d34b9b79d189a98989c1d191d191818999d26b9b3a232b30020000040040
[1] SessionSetupReq payloadType=0x8001 bytes=29
    01fe800100000015809802000000000000000011d01aaf37bc04080c00
[2] ServiceDiscoveryReq payloadType=0x8001 bytes=21
    01fe80010000000d80980208e3ce503b9f2298d1b8
[3] PaymentServiceSelectionReq payloadType=0x8001 bytes=24
    01fe80010000001080980208e3ce503b9f2298d132001280
[4] AuthorizationReq payloadType=0x8001 bytes=21
    01fe80010000000d80980208e3ce503b9f2298d008
[5] AuthorizationReq payloadType=0x8001 bytes=21
    01fe80010000000d80980208e3ce503b9f2298d008
[6] ChargeParameterDiscoveryReq payloadType=0x8001 bytes=39
    01fe80010000001f80980208e3ce503b9f2298d094423183c2ac040c409003030c0800c3006000
[7] PowerDeliveryReq payloadType=0x8001 bytes=30
    01fe80010000001680980208e3ce503b9f2298d150000000020a1c0662c0
[8] ChargingStatusReq payloadType=0x8001 bytes=21
    01fe80010000000d80980208e3ce503b9f2298d0b0
[9] ChargingStatusReq payloadType=0x8001 bytes=21
    01fe80010000000d80980208e3ce503b9f2298d0b0
[10] ChargingStatusReq payloadType=0x8001 bytes=21
    01fe80010000000d80980208e3ce503b9f2298d0b0
[11] PowerDeliveryReq payloadType=0x8001 bytes=24
    01fe80010000001080980208e3ce503b9f2298d151000600
[12] SessionStopReq payloadType=0x8001 bytes=22
    01fe80010000000e80980208e3ce503b9f2298d1f000

## station -> EV: 448 byte(s), 13 frame(s)
[0] SupportedAppProtocolRes (OK_SuccessfulNegotiation) payloadType=0x8001 bytes=12
    01fe80010000000480400040
[1] SessionSetupRes (OK_NewSessionEstablished) payloadType=0x8001 bytes=39
    01fe80010000001f80980208e3ce503b9f2298d1e020451114a9413960a914c4c8ccd0d4a8c480
[2] ServiceDiscoveryRes (OK) payloadType=0x8001 bytes=28
    01fe80010000001480980208e3ce503b9f2298d1c001200482000248
[3] PaymentServiceSelectionRes (OK) payloadType=0x8001 bytes=22
    01fe80010000000e80980208e3ce503b9f2298d14000
[4] AuthorizationRes (OK) payloadType=0x8001 bytes=23
    01fe80010000000f80980208e3ce503b9f2298d0100200
[5] AuthorizationRes (OK) payloadType=0x8001 bytes=23
    01fe80010000000f80980208e3ce503b9f2298d0100000
[6] ChargeParameterDiscoveryRes (OK) payloadType=0x8001 bytes=47
    01fe80010000002780980208e3ce503b9f2298d0a000000000002028c141050e0330a80000004207e0881061800e00
[7] PowerDeliveryRes (OK) payloadType=0x8001 bytes=25
    01fe80010000001180980208e3ce503b9f2298d16000000000
[8] ChargingStatusRes (OK) payloadType=0x8001 bytes=67
    01fe80010000003b80980208e3ce503b9f2298d0c000451114a9413960a914c4c8ccd0d4a8c40000830c0020045651551257d413d5d154935155115480406000000000
[9] ChargingStatusRes (OK) payloadType=0x8001 bytes=67
    01fe80010000003b80980208e3ce503b9f2298d0c000451114a9413960a914c4c8ccd0d4a8c40000830c0020045651551257d413d5d154935155115480426000000000
[10] ChargingStatusRes (OK) payloadType=0x8001 bytes=48
    01fe80010000002880980208e3ce503b9f2298d0c000451114a9413960a914c4c8ccd0d4a8c40000830c002100000000
[11] PowerDeliveryRes (OK) payloadType=0x8001 bytes=25
    01fe80010000001180980208e3ce503b9f2298d16000000000
[12] SessionStopRes (OK) payloadType=0x8001 bytes=22
    01fe80010000000e80980208e3ce503b9f2298d20000
