2026-08-15 02:49:39.511800 [INFO] manager          ::   ________      __                _   
2026-08-15 02:49:39.511998 [INFO] manager          ::  |  ____\ \    / /               | |
2026-08-15 02:49:39.512009 [INFO] manager          ::  | |__   \ \  / /__ _ __ ___  ___| |_
2026-08-15 02:49:39.512014 [INFO] manager          ::  |  __|   \ \/ / _ \ '__/ _ \/ __| __|
2026-08-15 02:49:39.512020 [INFO] manager          ::  | |____   \  /  __/ | |  __/\__ \ |_
2026-08-15 02:49:39.512026 [INFO] manager          ::  |______|   \/ \___|_|  \___||___/\__|
2026-08-15 02:49:39.512031 [INFO] manager          :: 
2026-08-15 02:49:39.512036 [INFO] manager          :: everest-framework 0.25.0-dev 2026.02.1
2026-08-15 02:49:39.512042 [INFO] manager          :: everest-core 2026.02.1-dev 2026.02.1
2026-08-15 02:49:39.512048 [INFO] manager          :: 
2026-08-15 02:49:39.512054 [INFO] manager          :: Using MQTT broker localhost:1883
2026-08-15 02:49:39.531726 [INFO] manager          :: Boot mode is set to YamlFile, loading module configs from YAML file
2026-08-15 02:49:39.531774 [INFO] manager          :: Loading config file at: /home/ahzf/everest/configs-ours/config-ac20-reverse-ours.yaml
2026-08-15 02:49:39.643948 [INFO] manager          :: Config loading completed in 131ms
2026-08-15 02:49:39.646107 [INFO] manager          :: Starting 15 modules
2026-08-15 02:49:41.627123 [INFO] api_sink:Energy  :: Module api_sink initialized [1960ms]
2026-08-15 02:49:41.629664 [INFO] api:API          :: Module api initialized [1963ms]
2026-08-15 02:49:41.652336 [INFO] evse_security:E  :: Module evse_security initialized [1971ms]
2026-08-15 02:49:41.657649 [INFO] token_provider:  :: Module token_provider initialized [1968ms]
2026-08-15 02:49:41.658626 [INFO] energy_manager:  :: Module energy_manager initialized [1986ms]
2026-08-15 02:49:41.660837 [INFO] error_history:E  :: Using database at "/tmp/error_history.db"
2026-08-15 02:49:41.661030 [INFO] error_history:E  :: Checking database
2026-08-15 02:49:41.661253 [INFO] grid_connection  :: Module grid_connection_point initialized [1978ms]
2026-08-15 02:49:41.662839 [INFO] auth:Auth        :: Module auth initialized [1992ms]
2026-08-15 02:49:41.663402 [INFO] ev_manager:EvMa  :: Module ev_manager initialized [1985ms]
2026-08-15 02:49:41.663779 [INFO] error_history:E  :: Module error_history initialized [1989ms]
2026-08-15 02:49:41.663882 [INFO] connector_1_pow  :: Module connector_1_powerpath initialized [1993ms]
2026-08-15 02:49:41.666649 [INFO] token_validator  :: Module token_validator initialized [1973ms]
2026-08-15 02:49:41.675820 [INFO] slac:SlacSimula  :: Module slac initialized [1988ms]
2026-08-15 02:49:41.677312 [INFO] iso15118_charge  :: Module iso15118_charger initialized [1991ms]
2026-08-15 02:49:41.679776 [INFO] evse_manager:Ev  :: Module evse_manager initialized [1997ms]
2026-08-15 02:49:42.036967 [INFO] iso15118_car     :: Module iso15118_car initialized [1956ms]
2026-08-15 02:49:42.078896 [INFO] manager          :: Clearing retained topics published by manager during startup
2026-08-15 02:49:42.079895 [INFO] manager          :: 🚙🚙🚙 All modules are initialized. EVerest up and running [2573ms] 🚙🚙🚙
2026-08-15 02:49:42.266890 [WARN] auth:Auth       void module::ReservationHandler::load_reservations() :: Can not load reservations because no storage was configured.
2026-08-15 02:49:42.283260 [INFO] evse_security:E  :: Requesting leaf certificate info: V2G
2026-08-15 02:49:42.286670 [INFO] evse_security:E  :: Found valid leaf: ["/home/ahzf/everest/dist/etc/everest/certs/client/cso/CPO_CERT_CHAIN.pem"]
2026-08-15 02:49:42.286732 [INFO] evse_security:E  :: Not requiring all valid leafs, returning
2026-08-15 02:49:42.375360 [INFO] evse_security:E  :: Requesting certificate file: [V2G] file:"/home/ahzf/everest/dist/etc/everest/certs/ca/v2g/V2G_ROOT_CA.pem"
2026-08-15 02:49:42.419909 [INFO] evse_security:E  :: Requesting certificate file: [MO] file:"/home/ahzf/everest/dist/etc/everest/certs/ca/mo/MO_ROOT_CA.pem"
2026-08-15 02:49:42.463030 [INFO] iso15118_charge  :: Using ethernet interface: lo
2026-08-15 02:49:42.463214 [INFO] iso15118_charge  :: Starting SDP server with address: ::
2026-08-15 02:49:42.511394 [INFO] evse_manager:Ev  :: AC HLC mode enabled.
2026-08-15 02:49:42.614727 [INFO] evse_manager:Ev  :: Ignoring BSP Event, BSP is not enabled yet.
2026-08-15 02:49:42.659991 [INFO] evse_manager:Ev  :: Cleaning up any other transaction on start up
2026-08-15 02:49:42.748095 [INFO] evse_manager:Ev  :: 🌀🌀🌀 Ready to start charging 🌀🌀🌀
2026-08-15 02:49:46.394863 [INFO] connector_1_pow  :: Lock connector
2026-08-15 02:49:46.612303 [INFO] evse_manager:Ev  :: SYS  Session logging started.
2026-08-15 02:49:46.612481 [INFO] evse_manager:Ev  :: EVSE IEC Session Started: EVConnected
2026-08-15 02:49:46.613810 [INFO] auth:Auth        :: Plug In event for evse#1, starting auth
2026-08-15 02:49:46.613810 [INFO] token_provider:  :: Publishing new dummy token: {
    "authorization_type": "RFID",
    "id_token": {
        "type": "ISO14443",
        "value": "[redacted] hash: 29F2679CA504908"
    },
    "parent_id_token": {
        "type": "ISO14443",
        "value": "[redacted] hash: 29F2679CA504908"
    }
}
2026-08-15 02:49:46.614843 [INFO] auth:Auth        :: Received new token: {
    "authorization_type": "RFID",
    "id_token": {
        "type": "ISO14443",
        "value": "[redacted] hash: 29F2679CA504908"
    },
    "parent_id_token": {
        "type": "ISO14443",
        "value": "[redacted] hash: 29F2679CA504908"
    }
}
2026-08-15 02:49:46.616271 [INFO] token_validator  :: Got validation request for token: [redacted] hash: 29F2679CA504908
2026-08-15 02:49:46.866464 [INFO] token_validator  :: Returning validation status: Accepted
2026-08-15 02:49:46.867867 [INFO] auth:Auth        :: Providing authorization to evse#1
2026-08-15 02:49:46.913565 [INFO] evse_manager:Ev  :: EVSE IEC EIM Authorization received
2026-08-15 02:49:46.914506 [INFO] auth:Auth        :: Result for token: [redacted] hash: 29F2679CA504908: USED_TO_START_TRANSACTION
2026-08-15 02:49:46.998972 [INFO] evse_manager:Ev  :: EVSE IEC Transaction Started (0 kWh)
2026-08-15 02:49:46.999692 [INFO] evse_manager:Ev  :: EVSE IEC AC mode, HLC enabled(X1), matching already started. We are in X1 so we can go directly to nominal PWM.
2026-08-15 02:49:46.999816 [INFO] evse_manager:Ev  :: EVSE IEC Charger state: Wait for Auth->PrepareCharging
2026-08-15 02:49:47.000366 [INFO] evse_manager:Ev  :: EVSE IEC Set PWM On (53.3%) took 0 ms
2026-08-15 02:49:48.654700 [INFO] evse_manager:Ev  :: EVSE ISO SLAC MATCHED
2026-08-15 02:49:48.654781 [INFO] evse_manager:Ev  :: EVSE ISO D-LINK_READY (true)
2026-08-15 02:49:48.773929 [WARN] iso15118_car    pybind11_init_everestpy(pybind11::module_&)::<lambda(const std::string&)> :: The port 15118 does not match the mandatory UDP server port 15118.
2026-08-15 02:49:54.414910 [INFO] evse_manager:Ev  ::                                     CAR IEC Event CarRequestedPower
2026-08-15 02:49:54.415126 [INFO] evse_manager:Ev  :: EVSE IEC Charger state: PrepareCharging->Charging
2026-08-15 02:49:54.635673 [INFO] evse_manager:Ev  :: EVSE IEC Event PowerOn
2026-08-15 02:50:18.031650 [INFO] evse_manager:Ev  ::                                     CAR IEC Event CarRequestedStopPower
2026-08-15 02:50:18.031822 [INFO] evse_manager:Ev  :: EVSE IEC Stop in Charging: [IEC stop]
2026-08-15 02:50:18.031913 [INFO] evse_manager:Ev  :: EVSE IEC Charger state: Charging->StoppingCharging
2026-08-15 02:50:18.032506 [INFO] evse_manager:Ev  :: EVSE IEC Set PWM Off
2026-08-15 02:50:18.118758 [INFO] evse_manager:Ev  :: EVSE IEC Event PowerOff
2026-08-15 02:50:18.118920 [INFO] evse_manager:Ev  :: EVSE IEC Charger state: StoppingCharging->Car Paused
2026-08-15 02:50:18.119493 [INFO] evse_manager:Ev  :: EVSE IEC Soft overcurrent event (L1:16.154997, L2:16.154997, L3:16.154997, limit 0.55), starting timer.
2026-08-15 02:50:18.119564 [INFO] evse_manager:Ev  :: EVSE IEC Set PWM On (53.3%) took 0 ms
2026-08-15 02:50:24.122721 [INFO] ev_manager:EvMa  :: Finished simulation.
2026-08-15 02:50:24.354590 [INFO] connector_1_pow  :: Unlock connector
2026-08-15 02:50:24.402845 [INFO] evse_manager:Ev  :: EVSE ISO D-LINK_READY (false)
2026-08-15 02:50:24.402845 [INFO] evse_manager:Ev  :: EVSE ISO SLAC UNMATCHED
2026-08-15 02:50:24.446985 [INFO] evse_manager:Ev  ::                                     CAR IEC Event CarUnplugged
2026-08-15 02:50:24.447170 [INFO] evse_manager:Ev  :: EVSE IEC Stop in ChargingPausedEV: [EV unplugged]
2026-08-15 02:50:24.447264 [INFO] evse_manager:Ev  :: EVSE IEC Charger state: Car Paused->StoppingCharging
2026-08-15 02:50:24.447712 [INFO] evse_manager:Ev  :: EVSE IEC Set PWM Off
2026-08-15 02:50:24.534683 [INFO] evse_manager:Ev  :: EVSE IEC Charger state: StoppingCharging->Finished
2026-08-15 02:50:24.594918 [INFO] evse_manager:Ev  :: EVSE IEC Transaction Finished: EVDisconnected (0.068 kWh)
2026-08-15 02:50:24.726870 [INFO] evse_manager:Ev  :: EVSE IEC Session Finished
2026-08-15 02:50:24.727064 [INFO] evse_manager:Ev  :: SYS  Session logging stopped.
2026-08-15 02:50:24.815103 [INFO] evse_manager:Ev  :: All errors cleared
2026-08-15 02:50:24.815268 [INFO] evse_manager:Ev  :: All errors cleared
