2026-08-14 16:35:26.430479 [INFO] manager          ::   ________      __                _   
2026-08-14 16:35:26.430701 [INFO] manager          ::  |  ____\ \    / /               | |
2026-08-14 16:35:26.430712 [INFO] manager          ::  | |__   \ \  / /__ _ __ ___  ___| |_
2026-08-14 16:35:26.430719 [INFO] manager          ::  |  __|   \ \/ / _ \ '__/ _ \/ __| __|
2026-08-14 16:35:26.430727 [INFO] manager          ::  | |____   \  /  __/ | |  __/\__ \ |_
2026-08-14 16:35:26.430734 [INFO] manager          ::  |______|   \/ \___|_|  \___||___/\__|
2026-08-14 16:35:26.430740 [INFO] manager          :: 
2026-08-14 16:35:26.430748 [INFO] manager          :: everest-framework 0.25.0-dev 2026.02.1
2026-08-14 16:35:26.430755 [INFO] manager          :: everest-core 2026.02.1-dev 2026.02.1
2026-08-14 16:35:26.430763 [INFO] manager          :: 
2026-08-14 16:35:26.430771 [INFO] manager          :: Using MQTT broker localhost:1883
2026-08-14 16:35:26.454461 [INFO] manager          :: Boot mode is set to YamlFile, loading module configs from YAML file
2026-08-14 16:35:26.454516 [INFO] manager          :: Loading config file at: /home/ahzf/everest/configs-ours/config-ac20bpt-reverse-ours.yaml
2026-08-14 16:35:26.585773 [INFO] manager          :: Config loading completed in 154ms
2026-08-14 16:35:26.587766 [INFO] manager          :: Starting 15 modules
2026-08-14 16:35:28.586746 [INFO] api_sink:Energy  :: Module api_sink initialized [1973ms]
2026-08-14 16:35:28.590124 [INFO] api:API          :: Module api initialized [1978ms]
2026-08-14 16:35:28.617973 [INFO] energy_manager:  :: Module energy_manager initialized [1990ms]
2026-08-14 16:35:28.620121 [INFO] error_history:E  :: Using database at "/tmp/error_history.db"
2026-08-14 16:35:28.620145 [INFO] connector_1_pow  :: Module connector_1_powerpath initialized [1995ms]2026-08-14 16:35:28.620323 [INFO] error_history:E  :: Checking database

2026-08-14 16:35:28.622105 [INFO] auth:Auth        :: Module auth initialized [2002ms]
2026-08-14 16:35:28.622300 [INFO] error_history:E  :: Module error_history initialized [1992ms]
2026-08-14 16:35:28.634810 [INFO] grid_connection  :: Module grid_connection_point initialized [1990ms]
2026-08-14 16:35:28.635353 [INFO] evse_security:E  :: Module evse_security initialized [1990ms]
2026-08-14 16:35:28.636534 [INFO] ev_manager:EvMa  :: Module ev_manager initialized [2003ms]
2026-08-14 16:35:28.641427 [INFO] iso15118_charge  :: Module iso15118_charger initialized [1982ms]
2026-08-14 16:35:28.649603 [INFO] token_validator  :: Module token_validator initialized [1980ms]
2026-08-14 16:35:28.650633 [INFO] evse_manager:Ev  :: Module evse_manager initialized [2006ms]
2026-08-14 16:35:28.650917 [INFO] slac:SlacSimula  :: Module slac initialized [1990ms]
2026-08-14 16:35:28.652749 [INFO] token_provider:  :: Module token_provider initialized [1988ms]
2026-08-14 16:35:29.220692 [INFO] iso15118_car     :: Module iso15118_car initialized [1975ms]
2026-08-14 16:35:29.262894 [INFO] manager          :: Clearing retained topics published by manager during startup
2026-08-14 16:35:29.264100 [INFO] manager          :: 🚙🚙🚙 All modules are initialized. EVerest up and running [2845ms] 🚙🚙🚙
2026-08-14 16:35:29.447661 [WARN] auth:Auth       void module::ReservationHandler::load_reservations() :: Can not load reservations because no storage was configured.
2026-08-14 16:35:29.667340 [INFO] evse_security:E  :: Requesting leaf certificate info: V2G
2026-08-14 16:35:29.671670 [INFO] evse_security:E  :: Found valid leaf: ["/home/ahzf/everest/dist/etc/everest/certs/client/cso/CPO_CERT_CHAIN.pem"]
2026-08-14 16:35:29.671749 [INFO] evse_security:E  :: Not requiring all valid leafs, returning
2026-08-14 16:35:29.718895 [INFO] evse_manager:Ev  :: AC HLC mode enabled.
2026-08-14 16:35:29.761805 [INFO] evse_security:E  :: Requesting certificate file: [V2G] file:"/home/ahzf/everest/dist/etc/everest/certs/ca/v2g/V2G_ROOT_CA.pem"
2026-08-14 16:35:29.806637 [INFO] evse_manager:Ev  :: Ignoring BSP Event, BSP is not enabled yet.
2026-08-14 16:35:29.807411 [INFO] evse_security:E  :: Requesting certificate file: [MO] file:"/home/ahzf/everest/dist/etc/everest/certs/ca/mo/MO_ROOT_CA.pem"
2026-08-14 16:35:29.847043 [INFO] iso15118_charge  :: Using ethernet interface: lo
2026-08-14 16:35:29.847117 [INFO] iso15118_charge  :: Starting SDP server with address: ::
2026-08-14 16:35:29.898810 [INFO] evse_manager:Ev  :: Cleaning up any other transaction on start up
2026-08-14 16:35:30.075711 [INFO] evse_manager:Ev  :: 🌀🌀🌀 Ready to start charging 🌀🌀🌀
2026-08-14 16:35:33.326576 [INFO] connector_1_pow  :: Lock connector
2026-08-14 16:35:33.460753 [INFO] evse_manager:Ev  :: SYS  Session logging started.
2026-08-14 16:35:33.460898 [INFO] evse_manager:Ev  :: EVSE IEC Session Started: EVConnected
2026-08-14 16:35:33.461997 [INFO] auth:Auth        :: Plug In event for evse#1, starting auth
2026-08-14 16:35:33.462016 [INFO] token_provider:  :: Publishing new dummy token: {
    "authorization_type": "RFID",
    "id_token": {
        "type": "ISO14443",
        "value": "[redacted] hash: 29F2679CA504908"
    },
    "parent_id_token": {
        "type": "ISO14443",
        "value": "[redacted] hash: 29F2679CA504908"
    }
}
2026-08-14 16:35:33.462888 [INFO] auth:Auth        :: Received new token: {
    "authorization_type": "RFID",
    "id_token": {
        "type": "ISO14443",
        "value": "[redacted] hash: 29F2679CA504908"
    },
    "parent_id_token": {
        "type": "ISO14443",
        "value": "[redacted] hash: 29F2679CA504908"
    }
}
2026-08-14 16:35:33.464052 [INFO] token_validator  :: Got validation request for token: [redacted] hash: 29F2679CA504908
2026-08-14 16:35:33.714202 [INFO] token_validator  :: Returning validation status: Accepted
2026-08-14 16:35:33.715336 [INFO] auth:Auth        :: Providing authorization to evse#1
2026-08-14 16:35:33.761808 [INFO] evse_manager:Ev  :: EVSE IEC EIM Authorization received
2026-08-14 16:35:33.762777 [INFO] auth:Auth        :: Result for token: [redacted] hash: 29F2679CA504908: USED_TO_START_TRANSACTION
2026-08-14 16:35:33.806951 [INFO] evse_manager:Ev  :: EVSE IEC Transaction Started (0 kWh)
2026-08-14 16:35:33.807479 [INFO] evse_manager:Ev  :: EVSE IEC AC mode, HLC enabled(X1), matching already started. We are in X1 so we can go directly to nominal PWM.
2026-08-14 16:35:33.807573 [INFO] evse_manager:Ev  :: EVSE IEC Charger state: Wait for Auth->PrepareCharging
2026-08-14 16:35:33.808151 [INFO] evse_manager:Ev  :: EVSE IEC Set PWM On (53.3%) took 0 ms
2026-08-14 16:35:35.562862 [INFO] evse_manager:Ev  :: EVSE ISO SLAC MATCHED
2026-08-14 16:35:35.562875 [INFO] evse_manager:Ev  :: EVSE ISO D-LINK_READY (true)
2026-08-14 16:35:35.737193 [WARN] iso15118_car    pybind11_init_everestpy(pybind11::module_&)::<lambda(const std::string&)> :: The port 15118 does not match the mandatory UDP server port 15118.
2026-08-14 16:35:41.346698 [INFO] evse_manager:Ev  ::                                     CAR IEC Event CarRequestedPower
2026-08-14 16:35:41.346999 [INFO] evse_manager:Ev  :: EVSE IEC Charger state: PrepareCharging->Charging
2026-08-14 16:35:41.569585 [INFO] evse_manager:Ev  :: EVSE IEC Event PowerOn
2026-08-14 16:36:04.925605 [INFO] evse_manager:Ev  ::                                     CAR IEC Event CarRequestedStopPower
2026-08-14 16:36:04.925811 [INFO] evse_manager:Ev  :: EVSE IEC Stop in Charging: [IEC stop]
2026-08-14 16:36:04.925904 [INFO] evse_manager:Ev  :: EVSE IEC Charger state: Charging->StoppingCharging
2026-08-14 16:36:04.926505 [INFO] evse_manager:Ev  :: EVSE IEC Set PWM Off
2026-08-14 16:36:04.967464 [INFO] evse_manager:Ev  :: EVSE IEC Event PowerOff
2026-08-14 16:36:04.967631 [INFO] evse_manager:Ev  :: EVSE IEC Charger state: StoppingCharging->Car Paused
2026-08-14 16:36:04.968158 [INFO] evse_manager:Ev  :: EVSE IEC Set PWM On (53.3%) took 0 ms
2026-08-14 16:36:11.054854 [INFO] ev_manager:EvMa  :: Finished simulation.
2026-08-14 16:36:11.342701 [INFO] connector_1_pow  :: Unlock connector
2026-08-14 16:36:11.386717 [INFO] evse_manager:Ev  :: EVSE ISO SLAC UNMATCHED
2026-08-14 16:36:11.386770 [INFO] evse_manager:Ev  :: EVSE ISO D-LINK_READY (false)
2026-08-14 16:36:11.434843 [INFO] evse_manager:Ev  ::                                     CAR IEC Event CarUnplugged
2026-08-14 16:36:11.435020 [INFO] evse_manager:Ev  :: EVSE IEC Stop in ChargingPausedEV: [EV unplugged]
2026-08-14 16:36:11.435113 [INFO] evse_manager:Ev  :: EVSE IEC Charger state: Car Paused->StoppingCharging
2026-08-14 16:36:11.435532 [INFO] evse_manager:Ev  :: EVSE IEC Set PWM Off
2026-08-14 16:36:11.526838 [INFO] evse_manager:Ev  :: EVSE IEC Charger state: StoppingCharging->Finished
2026-08-14 16:36:11.571098 [INFO] evse_manager:Ev  :: EVSE IEC Transaction Finished: EVDisconnected (0.068 kWh)
2026-08-14 16:36:11.666694 [INFO] evse_manager:Ev  :: EVSE IEC Session Finished
2026-08-14 16:36:11.666858 [INFO] evse_manager:Ev  :: SYS  Session logging stopped.
2026-08-14 16:36:11.711006 [INFO] evse_manager:Ev  :: All errors cleared
2026-08-14 16:36:11.711150 [INFO] evse_manager:Ev  :: All errors cleared
