2026-08-02 22:50:55.721638 [INFO] manager          ::   ________      __                _
2026-08-02 22:50:55.726990 [INFO] manager          ::  |  ____\ \    / /               | |
2026-08-02 22:50:55.727147 [INFO] manager          ::  | |__   \ \  / /__ _ __ ___  ___| |_
2026-08-02 22:50:55.727240 [INFO] manager          ::  |  __|   \ \/ / _ \ '__/ _ \/ __| __|
2026-08-02 22:50:55.727326 [INFO] manager          ::  | |____   \  /  __/ | |  __/\__ \ |_
2026-08-02 22:50:55.727404 [INFO] manager          ::  |______|   \/ \___|_|  \___||___/\__|
2026-08-02 22:50:55.727477 [INFO] manager          ::
2026-08-02 22:50:55.727551 [INFO] manager          :: everest-framework 0.24.0 @v0.24.0
2026-08-02 22:50:55.727632 [INFO] manager          :: everest-core_tests  @2025.10.0-dirty
2026-08-02 22:50:55.727737 [INFO] manager          ::
2026-08-02 22:50:55.727824 [INFO] manager          :: Using MQTT broker mqtt:1883
2026-08-02 22:50:55.800907 [INFO] everest_ctrl     :: Launching controller service on port 8849
2026-08-02 22:50:55.970823 [INFO] manager          :: Boot mode is set to YamlFile, loading module configs from YAML file
2026-08-02 22:50:55.971078 [INFO] manager          :: Loading config file at: /ext/dist/etc/everest/config-d20-ours.yaml
2026-08-02 22:50:57.262133 [INFO] manager          :: Config loading completed in 1516ms
2026-08-02 22:50:57.297626 [INFO] manager          :: Starting 18 modules
2026-08-02 22:51:02.603069 [INFO] energy_manager:  :: Module energy_manager initialized [4737ms]
2026-08-02 22:51:02.653472 [INFO] ev_api:EvAPI     :: Module ev_api initialized [4768ms]
2026-08-02 22:51:02.990594 [INFO] imd:IMDSimulato  :: Module imd initialized [4757ms]
2026-08-02 22:51:03.011729 [INFO] api:API          :: Module api initialized [5281ms]
2026-08-02 22:51:03.103466 [INFO] yeti_driver:Yet  :: Module yeti_driver initialized [4629ms]
2026-08-02 22:51:03.079107 [INFO] token_validator  :: Module token_validator initialized [4616ms]
2026-08-02 22:51:03.121420 [INFO] api_sink:Energy  :: Module api_sink initialized [5160ms]
2026-08-02 22:51:03.127598 [INFO] error_history:E  :: Using database at "/tmp/error_history.db"
2026-08-02 22:51:03.168726 [INFO] error_history:E  :: Checking database
2026-08-02 22:51:03.164435 [INFO] token_provider:  :: Module token_provider initialized [4734ms]
2026-08-02 22:51:03.161501 [INFO] powersupply_dc:  :: Module powersupply_dc initialized [4831ms]
2026-08-02 22:51:03.240947 [INFO] auth:Auth        :: Module auth initialized [5213ms]
2026-08-02 22:51:03.280917 [INFO] error_history:E  :: Module error_history initialized [5243ms]
2026-08-02 22:51:03.272411 [INFO] iso15118_charge  :: Module iso15118_charger initialized [4944ms]
2026-08-02 22:51:03.269628 [INFO] slac:SlacSimula  :: Module slac initialized [4902ms]
2026-08-02 22:51:03.307059 [INFO] grid_connection  :: Module grid_connection_point initialized [5116ms]
2026-08-02 22:51:03.334330 [INFO] ev_manager:EvMa  :: Module ev_manager initialized [5235ms]
2026-08-02 22:51:03.369492 [INFO] evse_security:E  :: Module evse_security initialized [5184ms]
2026-08-02 22:51:03.444936 [INFO] evse_manager:Ev  :: Module evse_manager initialized [5335ms]
2026-08-02 22:51:06.292685 [INFO] iso15118_car     :: Module iso15118_car initialized [2453ms]
2026-08-02 22:51:06.295279 [INFO] manager          :: Clearing retained topics published by manager during startup
2026-08-02 22:51:06.297869 [INFO] manager          :: 🚙🚙🚙 All modules are initialized. EVerest up and running [10643ms] 🚙🚙🚙
2026-08-02 22:51:06.502061 [WARN] auth:Auth       void module::ReservationHandler::load_reservations() :: Can not load reservations because no storage was configured.
2026-08-02 22:51:06.702850 [INFO] evse_manager:Ev  :: Ignoring BSP Event, BSP is not enabled yet.
2026-08-02 22:51:07.315719 [INFO] evse_security:E  :: Requesting leaf certificate info: V2G
2026-08-02 22:51:07.392817 [INFO] evse_security:E  :: Found valid leaf: ["/ext/dist/etc/everest/certs/client/cso/CPO_CERT_CHAIN.pem"]
2026-08-02 22:51:07.393695 [INFO] evse_security:E  :: Not requiring all valid leafs, returning
2026-08-02 22:51:07.474037 [INFO] evse_security:E  :: Requesting certificate file: [V2G] file:"/ext/dist/etc/everest/certs/ca/v2g/V2G_ROOT_CA.pem"
2026-08-02 22:51:07.549278 [INFO] evse_security:E  :: Requesting certificate file: [MO] file:"/ext/dist/etc/everest/certs/ca/mo/MO_ROOT_CA.pem"
2026-08-02 22:51:07.587271 [INFO] iso15118_charge  :: Using ethernet interface: eth0
2026-08-02 22:51:07.587828 [INFO] iso15118_charge  :: Starting SDP server with address: ::
2026-08-02 22:51:07.832550 [INFO] evse_manager:Ev  :: Cleaning up any other transaction on start up
2026-08-02 22:51:08.042311 [INFO] evse_manager:Ev  :: 🌀🌀🌀 Ready to start charging 🌀🌀🌀
2026-08-02 22:51:08.436605 [INFO] evse_manager:Ev  :: All errors cleared
2026-08-02 22:51:11.581255 [INFO] ev_manager:EvMa  :: Finished simulation.
2026-08-02 22:51:18.317029 [INFO] evse_manager:Ev  :: SYS  Session logging started.
2026-08-02 22:51:18.320232 [INFO] evse_manager:Ev  :: EVSE IEC Session Started: EVConnected
2026-08-02 22:51:18.342084 [INFO] auth:Auth        :: Plug In event for evse#1, starting auth
2026-08-02 22:51:18.348974 [INFO] token_provider:  :: Publishing new dummy token: {
    "authorization_type": "RFID",
    "id_token": {
        "type": "ISO14443",
        "value": "[redacted] hash: CE55F71752B68164"
    },
    "parent_id_token": {
        "type": "ISO14443",
        "value": "[redacted] hash: CE55F71752B68164"
    }
}
2026-08-02 22:51:18.410628 [INFO] auth:Auth        :: Received new token: {
    "authorization_type": "RFID",
    "id_token": {
        "type": "ISO14443",
        "value": "[redacted] hash: CE55F71752B68164"
    },
    "parent_id_token": {
        "type": "ISO14443",
        "value": "[redacted] hash: CE55F71752B68164"
    }
}
2026-08-02 22:51:18.451198 [INFO] token_validator  :: Got validation request for token: [redacted] hash: CE55F71752B68164
2026-08-02 22:51:18.710319 [INFO] token_validator  :: Returning validation status: Accepted
2026-08-02 22:51:18.723495 [INFO] auth:Auth        :: Providing authorization to evse#1
2026-08-02 22:51:18.842092 [INFO] evse_manager:Ev  :: EVSE IEC Set PWM On (5.0%) took 0 ms
2026-08-02 22:51:18.934975 [INFO] auth:Auth        :: Result for token: [redacted] hash: CE55F71752B68164: USED_TO_START_TRANSACTION
2026-08-02 22:51:18.991884 [INFO] evse_manager:Ev  :: EVSE IEC EIM Authorization received
2026-08-02 22:51:19.047793 [INFO] evse_manager:Ev  :: EVSE IEC Transaction Started (0 kWh)
2026-08-02 22:51:19.058933 [INFO] evse_manager:Ev  :: EVSE IEC DC mode. We are in 5percent mode so we can continue without further action.
2026-08-02 22:51:19.059823 [INFO] evse_manager:Ev  :: EVSE IEC Charger state: Wait for Auth->PrepareCharging
2026-08-02 22:51:20.444756 [INFO] evse_manager:Ev  :: EVSE ISO SLAC MATCHED
2026-08-02 22:51:20.449878 [INFO] evse_manager:Ev  :: EVSE ISO D-LINK_READY (true)
2026-08-02 22:51:20.598825 [INFO] iso15118_charge  :: Got SDP request from fe80::402b:e9ff:fe6c:6c7f%eth0
2026-08-02 22:51:20.603157 [ERRO] iso15118_charge module::charger::ISO15118_chargerImpl::init()::<lambda(const iso15118::LogLevel&, const std::string&)> :: Failed to bind ipv6 socket to interface eth0 (reason: Address already in use)
2026-08-02 22:51:20.603835 [ERRO] iso15118_charge module::charger::ISO15118_chargerImpl::init()::<lambda(const iso15118::LogLevel&, const std::string&)> :: A TCP/TLS connection could not be established. Ignoring this SDP request for now
2026-08-02 22:51:21.005965 [INFO] evse_manager:Ev  ::                                     CAR IEC Event CarRequestedPower
2026-08-02 22:51:29.643401 [INFO] iso15118_charge  :: Got SDP request from fe80::402b:e9ff:fe6c:6c7f%eth0
2026-08-02 22:51:29.643860 [ERRO] iso15118_charge module::charger::ISO15118_chargerImpl::init()::<lambda(const iso15118::LogLevel&, const std::string&)> :: Failed to bind ipv6 socket to interface eth0 (reason: Address already in use)
2026-08-02 22:51:29.643973 [ERRO] iso15118_charge module::charger::ISO15118_chargerImpl::init()::<lambda(const iso15118::LogLevel&, const std::string&)> :: A TCP/TLS connection could not be established. Ignoring this SDP request for now
2026-08-02 22:51:49.534713 [INFO] iso15118_charge  :: Got SDP request from fe80::402b:e9ff:fe6c:6c7f%eth0
2026-08-02 22:51:49.546878 [INFO] iso15118_charge  :: Created logfile at: /ext/dist/./260802_22-51-49.yaml
2026-08-02 22:52:05.009187 [INFO] iso15118_charge  :: Incoming connection from [fe80::402b:e9ff:fe6c:6c7f%eth0]:36966
2026-08-02 22:52:05.023302 [INFO] evse_manager:Ev  ::                                     CAR ISO V2G SupportedAppProtocolReq
2026-08-02 22:52:05.027270 [INFO] evse_manager:Ev  :: EVSE ISO V2G SupportedAppProtocolRes
2026-08-02 22:52:05.030160 [INFO] iso15118_charge  :: Received session setup with evccid: EVCC01
2026-08-02 22:52:05.033101 [INFO] evse_manager:Ev  ::                                     CAR ISO V2G SessionSetupReq
2026-08-02 22:52:05.043160 [INFO] iso15118_charge  :: New session created with session_id: 0x8A, 0x0D, 0x6F, 0x7B, 0x8C, 0xE9, 0xC1, 0x55
2026-08-02 22:52:05.051410 [INFO] iso15118_charge  :: Timestamp: 1785711124
2026-08-02 22:52:05.084191 [INFO] evse_manager:Ev  :: EVSE ISO V2G SessionSetupRes
2026-08-02 22:52:05.086933 [INFO] evse_manager:Ev  ::                                     CAR ISO V2G AuthorizationSetupReq
2026-08-02 22:52:05.117761 [INFO] iso15118_charge  :: Requested info about ServiceID: 2
2026-08-02 22:52:05.127453 [INFO] iso15118_charge  :: Selected DC service parameters: control mode: Scheduled, mobility needs mode: ProvidedByEvcc
2026-08-02 22:52:05.136157 [INFO] iso15118_charge  :: Max charge current 200.000000A
2026-08-02 22:52:05.136885 [INFO] evse_manager:Ev  :: EVSE ISO V2G AuthorizationSetupRes
2026-08-02 22:52:05.139482 [INFO] evse_manager:Ev  ::                                     CAR ISO V2G AuthorizationReq
2026-08-02 22:52:05.142794 [INFO] evse_manager:Ev  :: EVSE ISO V2G AuthorizationRes
2026-08-02 22:52:05.144981 [INFO] evse_manager:Ev  ::                                     CAR ISO V2G AuthorizationReq
2026-08-02 22:52:05.147156 [INFO] evse_manager:Ev  :: EVSE ISO V2G AuthorizationRes
2026-08-02 22:52:05.148966 [INFO] evse_manager:Ev  ::                                     CAR ISO V2G ServiceDiscoveryReq
2026-08-02 22:52:05.151020 [INFO] evse_manager:Ev  :: EVSE ISO V2G ServiceDiscoveryRes
2026-08-02 22:52:05.152849 [INFO] evse_manager:Ev  ::                                     CAR ISO V2G ServiceDetailReq
2026-08-02 22:52:05.154635 [INFO] evse_manager:Ev  :: EVSE ISO V2G ServiceDetailRes
2026-08-02 22:52:05.156577 [INFO] evse_manager:Ev  ::                                     CAR ISO V2G ServiceSelectionReq
2026-08-02 22:52:05.159323 [INFO] evse_manager:Ev  ::                                     CAR ISO EV selected service: DC
2026-08-02 22:52:05.162808 [INFO] evse_manager:Ev  :: EVSE ISO V2G ServiceSelectionRes
2026-08-02 22:52:05.165044 [INFO] evse_manager:Ev  ::                                     CAR ISO V2G DcChargeParameterDiscoveryReq
2026-08-02 22:52:05.167647 [INFO] evse_manager:Ev  :: Received EV maximum limits: {
    "dc_ev_maximum_current_limit": 200.0,
    "dc_ev_maximum_power_limit": 50000.0,
    "dc_ev_maximum_voltage_limit": 500.0
}
2026-08-02 22:52:05.173001 [INFO] evse_manager:Ev  :: EVSE ISO V2G DcChargeParameterDiscoveryRes
2026-08-02 22:52:05.175781 [INFO] evse_manager:Ev  ::                                     CAR ISO V2G ScheduleExchangeReq
2026-08-02 22:52:05.177947 [INFO] evse_manager:Ev  :: EVSE ISO V2G ScheduleExchangeRes
        ... (DC_CableCheck polling)
2026-08-02 22:52:05.183642 [INFO] evse_manager:Ev  :: EVSE ISO Start cable check...
        ... (DC_CableCheck polling)
2026-08-02 22:52:05.188170 [INFO] evse_manager:Ev  ::                                     CAR ISO DC HLC Close contactor (in CableCheck)
        ... (DC_CableCheck polling)
2026-08-02 22:52:05.284248 [INFO] evse_manager:Ev  :: EVSE IEC Event PowerOn
2026-08-02 22:52:05.295342 [INFO] evse_manager:Ev  :: EV reports 500 V as maximum voltage
2026-08-02 22:52:05.297628 [INFO] evse_manager:Ev  :: EVSE IEC DC power supply set: 500.00V/2.00A, requested was 500.00V/2.00A.
2026-08-02 22:52:05.344090 [INFO] evse_manager:Ev  :: CableCheck: Using 500 V
2026-08-02 22:52:05.344789 [INFO] evse_manager:Ev  :: EVSE IEC DC power supply: switch ON called, ChargingPhase: CableCheck
        ... (DC_CableCheck polling)
2026-08-02 22:52:05.353637 [INFO] powersupply_dc:  :: Set mode: Export ChargingPhase: CableCheck
        ... (DC_CableCheck polling)
2026-08-02 22:52:05.716895 [INFO] evse_manager:Ev  :: CableCheck: IMD self test started.
        ... (DC_CableCheck polling)
2026-08-02 22:52:06.449210 [INFO] evse_manager:Ev  :: EVSE ISO Change HLC Limits: 22080W/200A, target_voltage 0, actual_voltage 500, bpt_active false
        ... (DC_CableCheck polling)
2026-08-02 22:52:08.949069 [INFO] evse_manager:Ev  :: EVSE IEC Isolation monitor self test result: true
        ... (DC_CableCheck polling)
2026-08-02 22:52:08.986820 [INFO] imd:IMDSimulato  :: Started simulated isolation monitoring with 1000 ms interval
        ... (DC_CableCheck polling)
2026-08-02 22:52:08.996627 [INFO] evse_manager:Ev  :: CableCheck: Waiting for 1 isolation measurement sample(s)
        ... (DC_CableCheck polling)
2026-08-02 22:52:09.995224 [INFO] evse_manager:Ev  :: EVSE IEC Isolation measurement Ok R_F 900000.
        ... (DC_CableCheck polling)
2026-08-02 22:52:10.041977 [INFO] evse_manager:Ev  :: EVSE IEC DC power supply OFF
        ... (DC_CableCheck polling)
2026-08-02 22:52:10.092865 [INFO] powersupply_dc:  :: Set mode: Off ChargingPhase: CableCheck
        ... (DC_CableCheck polling)
2026-08-02 22:52:10.275583 [INFO] evse_manager:Ev  :: CableCheck done, output is below 60V
        ... (DC_CableCheck polling)
2026-08-02 22:52:10.318068 [INFO] evse_manager:Ev  ::                                     CAR ISO V2G DcPreChargeReq
2026-08-02 22:52:10.323044 [INFO] evse_manager:Ev  :: EVSE IEC DC power supply set: 400.00V/1.00A, requested was 400.00V/0.00A.
2026-08-02 22:52:10.371289 [INFO] evse_manager:Ev  :: EVSE IEC DC power supply: switch ON called, ChargingPhase: PreCharge
2026-08-02 22:52:10.376236 [INFO] powersupply_dc:  :: Set mode: Export ChargingPhase: PreCharge
2026-08-02 22:52:10.418971 [INFO] evse_manager:Ev  :: EVSE ISO V2G DcPreChargeRes
2026-08-02 22:52:10.422924 [INFO] evse_manager:Ev  ::                                     CAR ISO V2G PowerDeliveryReq
2026-08-02 22:52:10.428726 [INFO] evse_manager:Ev  :: EVSE ISO V2G PowerDeliveryRes
2026-08-02 22:52:10.431548 [INFO] evse_manager:Ev  ::                                     CAR ISO V2G DcChargeLoopReq
2026-08-02 22:52:10.434794 [INFO] evse_manager:Ev  :: EVSE IEC DC power supply: switch ON in export mode
2026-08-02 22:52:10.439034 [INFO] powersupply_dc:  :: Set mode: Export ChargingPhase: Charging
2026-08-02 22:52:10.484580 [INFO] evse_manager:Ev  :: EVSE IEC DC power supply set: 400.00V/1.00A, requested was 400.00V/0.00A.
2026-08-02 22:52:10.540085 [INFO] evse_manager:Ev  :: EVSE IEC DC power supply set: 400.00V/120.00A, requested was 400.00V/120.00A.
2026-08-02 22:52:10.576260 [INFO] evse_manager:Ev  :: EVSE IEC Charger state: PrepareCharging->Charging
2026-08-02 22:52:10.578655 [INFO] evse_manager:Ev  :: Timing statistics (Plugin to CurrentDemand)
2026-08-02 22:52:10.578865 [INFO] evse_manager:Ev  :: -------------------------------------------
2026-08-02 22:52:10.579022 [INFO] evse_manager:Ev  :: ConnSetup | HLC_PWM_5%_ON: 649 ms | D-LINK_READY: 1619 ms | Auth EIM Done: 44623 ms | Total: 46943 ms
2026-08-02 22:52:10.579166 [INFO] evse_manager:Ev  :: CableCheck | <60V: 0 ms | Relay On: 109 ms | EVInfo: 0 ms | VRampUp: 402 ms | Self test: 3251 ms | Measure: 1044 ms | VRampDown: 280 ms | Total: 5125 ms
2026-08-02 22:52:10.579222 [INFO] evse_manager:Ev  :: PrepareCharging | Charging started: 267 ms | Total: 267 ms
2026-08-02 22:52:10.579272 [INFO] evse_manager:Ev  :: Total duration all phases: 52337 ms
2026-08-02 22:52:10.585780 [INFO] evse_manager:Ev  :: EVSE ISO V2G DcChargeLoopRes
2026-08-02 22:52:10.588020 [INFO] evse_manager:Ev  ::                                     CAR ISO V2G DcChargeLoopReq
2026-08-02 22:52:10.592370 [INFO] evse_manager:Ev  :: EVSE ISO V2G DcChargeLoopRes
2026-08-02 22:52:10.594407 [INFO] evse_manager:Ev  ::                                     CAR ISO V2G DcChargeLoopReq
2026-08-02 22:52:10.598667 [INFO] evse_manager:Ev  :: EVSE ISO V2G DcChargeLoopRes
2026-08-02 22:52:10.600753 [INFO] evse_manager:Ev  ::                                     CAR ISO V2G PowerDeliveryReq
2026-08-02 22:52:10.603046 [INFO] evse_manager:Ev  :: EVSE IEC DC power supply OFF
2026-08-02 22:52:10.607559 [INFO] powersupply_dc:  :: Set mode: Off ChargingPhase: Charging
2026-08-02 22:52:10.655332 [INFO] imd:IMDSimulato  :: Stopped simulated isolation monitoring
2026-08-02 22:52:10.707214 [INFO] evse_manager:Ev  :: EVSE ISO V2G PowerDeliveryRes
2026-08-02 22:52:10.717236 [INFO] evse_manager:Ev  ::                                     CAR ISO V2G DcWeldingDetectionReq
2026-08-02 22:52:10.725327 [INFO] evse_manager:Ev  :: EVSE ISO V2G DcWeldingDetectionRes
2026-08-02 22:52:10.728706 [INFO] evse_manager:Ev  ::                                     CAR ISO V2G SessionStopReq
2026-08-02 22:52:10.731603 [INFO] evse_manager:Ev  :: EVSE ISO V2G SessionStopRes
2026-08-02 22:52:10.919245 [INFO] evse_manager:Ev  :: EVSE ISO Change HLC Limits: 22080W/55.2A, target_voltage 400, actual_voltage 0, bpt_active false
2026-08-02 22:52:11.017564 [INFO] evse_manager:Ev  :: EVSE IEC DC power supply set: 400.00V/120.00A, requested was 400.00V/120.00A.
2026-08-02 22:52:15.499248 [INFO] iso15118_charge  :: Closing TCP connection
2026-08-02 22:52:17.502495 [INFO] iso15118_charge  :: TCP connection closed gracefully
2026-08-02 22:52:17.502800 [INFO] iso15118_charge  :: Connection is closed
2026-08-02 22:52:17.506165 [INFO] evse_manager:Ev  :: EVSE ISO D-LINK_TERMINATE.req
2026-08-02 22:52:17.507213 [INFO] evse_manager:Ev  :: EVSE IEC Set PWM Off
2026-08-02 22:52:17.605265 [INFO] evse_manager:Ev  :: EVSE ISO SLAC UNMATCHED
2026-08-02 22:52:17.606742 [INFO] evse_manager:Ev  :: EVSE ISO D-LINK_READY (false)
2026-08-02 22:52:23.586790 [WARN] evse_manager:Ev std::queue<module::CPEvent> module::IECStateMachine::state_machine() :: Timeout of 6 seconds reached, EV did not go back to state B after PWM was switched off. Powering off under load.
2026-08-02 22:52:23.780126 [INFO] evse_manager:Ev  :: EVSE IEC Event PowerOff
