# Frames as recorded, per direction. Ordering within a direction is real;
# the two directions are not interleaved, because the recording has no timestamps.

## EV -> station: 344 byte(s), 10 frame(s)
[0] SupportedAppProtocolReq payloadType=0x8001 bytes=45
    01fe8001000000258000f3ab9371d34b9b79d39ba321d34b9b79d189a98989c1d1699181d22218010000040040
[1] SessionSetupReq payloadType=0x8002 bytes=33
    01fe800200000019808c0400000000000000000b98982d40620422ab21a1981880
[2] AuthorizationSetupReq payloadType=0x8002 bytes=25
    01fe8002000000118008041c9b181b1c9b1b998b98982d4062
[3] AuthorizationReq payloadType=0x8002 bytes=26
    01fe8002000000128000041c9b181b1c9b1b998b98982d406200
[4] ServiceDiscoveryReq payloadType=0x8002 bytes=29
    01fe800200000015807c041c9b181b1c9b1b998b98982d406200400c40
[5] ServiceDetailReq payloadType=0x8002 bytes=27
    01fe8002000000138074041c9b181b1c9b1b998b98982d40620300
[6] ServiceSelectionReq payloadType=0x8002 bytes=29
    01fe8002000000158084041c9b181b1c9b1b998b98982d406201800880
[7] DC_ChargeParameterDiscoveryReq payloadType=0x8004 bytes=63
    01fe800400000037803c041c9b181b1c9b1b998b98982d4062081088270400000200320041000000800f403040019028040844138200000100190020800000
[8] ScheduleExchangeReq payloadType=0x8002 bytes=42
    01fe800200000022806c041c9b181b1c9b1b998b98982d40620000901c03c14020c07810607808300a20
[9] DC_CableCheckReq payloadType=0x8004 bytes=25
    01fe800400000011802c041c9b181b1c9b1b998b98982d4062

## station -> EV: 398 byte(s), 10 frame(s)
[0] SupportedAppProtocolRes (OK_SuccessfulNegotiation) payloadType=0x8001 bytes=12
    01fe80010000000480400040
[1] SessionSetupRes (OK_NewSessionEstablished) payloadType=0x8002 bytes=36
    01fe80020000001c8090041c9b181b1c9b1b998b98982d4062040296968c0c0c0c0c0c00
[2] AuthorizationSetupRes (OK) payloadType=0x8002 bytes=28
    01fe800200000014800c041c9b181b1c9b1b998b98982d4062000400
[3] AuthorizationRes (OK) payloadType=0x8002 bytes=27
    01fe8002000000138004041c9b181b1c9b1b998b98982d40620000
[4] ServiceDiscoveryRes (OK) payloadType=0x8002 bytes=30
    01fe8002000000168080041c9b181b1c9b1b998b98982d40620000060140
[5] ServiceDetailRes (OK) payloadType=0x8002 bytes=116
    01fe80020000006c8078041c9b181b1c9b1b998b98982d40620001800202d0dbdb9b9958dd1bdc980400d436f6e74726f6c4d6f6465601004d35bd89a5b1a5d1e539959591cd35bd919580400950726963696e6760000310941510da185b9b995b180200f47656e657261746f724d6f64656008a
[6] ServiceSelectionRes (OK) payloadType=0x8002 bytes=27
    01fe8002000000138088041c9b181b1c9b1b998b98982d40620000
[7] DC_ChargeParameterDiscoveryRes (OK) payloadType=0x8004 bytes=65
    01fe8004000000398040041c9b181b1c9b1b998b98982d40620004180582003d00c10005807d0ecd60104100202003e80448300b04007a0182000b00fa1d9ac020
[8] ScheduleExchangeRes (OK) payloadType=0x8002 bytes=30
    01fe8002000000168070041c9b181b1c9b1b998b98982d40620002120388
[9] DC_CableCheckRes (FAILED) payloadType=0x8004 bytes=27
    01fe8004000000138030041c9b181b1c9b1b998b98982d40622a00
