# Frames as recorded, per direction. Ordering within a direction is real;
# the two directions are not interleaved, because the recording has no timestamps.

## EV -> station: 482 byte(s), 13 frame(s)
[0] SupportedAppProtocolReq payloadType=0x8001 bytes=45
    01fe8001000000258000f3ab9371d34b9b79d39ba321d34b9b79d189a98989c1d1699181d22218010000040040
[1] SessionSetupReq payloadType=0x8002 bytes=33
    01fe800200000019808c0400000000000000000c98982d40620422ab21a1981880
[2] AuthorizationSetupReq payloadType=0x8002 bytes=25
    01fe8002000000118008046f56df77ef56df778c98982d4062
[3] AuthorizationReq payloadType=0x8002 bytes=26
    01fe8002000000128000046f56df77ef56df778c98982d406200
[4] ServiceDiscoveryReq payloadType=0x8002 bytes=29
    01fe800200000015807c046f56df77ef56df778c98982d406200400c40
[5] ServiceDetailReq payloadType=0x8002 bytes=27
    01fe8002000000138074046f56df77ef56df778c98982d40620300
[6] ServiceSelectionReq payloadType=0x8002 bytes=29
    01fe8002000000158084046f56df77ef56df778c98982d406201800880
[7] DC_ChargeParameterDiscoveryReq payloadType=0x8004 bytes=63
    01fe800400000037803c046f56df77ef56df778c98982d4062081088270400000200320041000000800f403040019028040844138200000100190020800000
[8] ScheduleExchangeReq payloadType=0x8002 bytes=42
    01fe800200000022806c046f56df77ef56df778c98982d40620000901c03c14020c07810607808300a20
[9] DC_CableCheckReq payloadType=0x8004 bytes=25
    01fe800400000011802c046f56df77ef56df778c98982d4062
[10] DC_PreChargeReq payloadType=0x8004 bytes=33
    01fe8004000000198044046f56df77ef56df778c98982d40620100000080090030
[11] PowerDeliveryReq payloadType=0x8002 bytes=35
    01fe80020000001b8054046f56df77ef56df778c98982d40620000000480e041805124
[12] DC_ChargeLoopReq payloadType=0x8004 bytes=70
    01fe80040000003e8034046f56df77ef56df778c98982d406281001200601203810603c08303c041805020c0c810600208007d04007a0182003200410606408300104003e900

## station -> EV: 456 byte(s), 12 frame(s)
[0] SupportedAppProtocolRes (OK_SuccessfulNegotiation) payloadType=0x8001 bytes=12
    01fe80010000000480400040
[1] SessionSetupRes (OK_NewSessionEstablished) payloadType=0x8002 bytes=36
    01fe80020000001c8090041a191b1a9c9c9c980c98982d4062040296968c0c0c0c0c0c00
[2] AuthorizationSetupRes (OK) payloadType=0x8002 bytes=28
    01fe800200000014800c041a191b1a9c9c9c980c98982d4062000400
[3] AuthorizationRes (OK) payloadType=0x8002 bytes=27
    01fe8002000000138004041a191b1a9c9c9c980c98982d40620000
[4] ServiceDiscoveryRes (OK) payloadType=0x8002 bytes=30
    01fe8002000000168080041a191b1a9c9c9c980c98982d40620000060140
[5] ServiceDetailRes (OK) payloadType=0x8002 bytes=116
    01fe80020000006c8078041a191b1a9c9c9c980c98982d40620001800202d0dbdb9b9958dd1bdc980400d436f6e74726f6c4d6f6465601004d35bd89a5b1a5d1e539959591cd35bd919580400950726963696e6760000310941510da185b9b995b180200f47656e657261746f724d6f64656008a
[6] ServiceSelectionRes (OK) payloadType=0x8002 bytes=27
    01fe8002000000138088041a191b1a9c9c9c980c98982d40620000
[7] DC_ChargeParameterDiscoveryRes (OK) payloadType=0x8004 bytes=65
    01fe8004000000398040041a191b1a9c9c9c980c98982d40620004180582003d00c10005807d0ecd60104100202003e80448300b04007a0182000b00fa1d9ac020
[8] ScheduleExchangeRes (OK) payloadType=0x8002 bytes=30
    01fe8002000000168070041a191b1a9c9c9c980c98982d40620002120388
[9] DC_CableCheckRes (OK) payloadType=0x8004 bytes=27
    01fe8004000000138030041a191b1a9c9c9c980c98982d40620000
[10] DC_PreChargeRes (OK) payloadType=0x8004 bytes=31
    01fe8004000000178048041a191b1a9c9c9c980c98982d4062001001200600
[11] PowerDeliveryRes (OK) payloadType=0x8002 bytes=27
    01fe8002000000138058041a191b1a9c9c9c980c98982d40620040
