# Frames as recorded, per direction. Ordering within a direction is real;
# the two directions are not interleaved, because the recording has no timestamps.

## EV -> station: 338 byte(s), 13 frame(s)
[0] SupportedAppProtocolReq payloadType=0x8001 bytes=44
    01fe8001000000248000ebab9371d34b9b79d189a98989c1d191d191818999d26b9b3a232b30020000040040
[1] SessionSetupReq payloadType=0x8001 bytes=29
    01fe800100000015809802000000000000000011d01aaf37bc04080c00
[2] ServiceDiscoveryReq payloadType=0x8001 bytes=21
    01fe80010000000d8098023f6f256f8000000011b8
[3] PaymentServiceSelectionReq payloadType=0x8001 bytes=24
    01fe8001000000108098023f6f256f800000001132001280
[4] AuthorizationReq payloadType=0x8001 bytes=21
    01fe80010000000d8098023f6f256f800000001008
[5] AuthorizationReq payloadType=0x8001 bytes=21
    01fe80010000000d8098023f6f256f800000001008
[6] ChargeParameterDiscoveryReq payloadType=0x8001 bytes=39
    01fe80010000001f8098023f6f256f800000001094023183c2ac040c409003030c0800c3006000
[7] PowerDeliveryReq payloadType=0x8001 bytes=30
    01fe8001000000168098023f6f256f800000001150000000018a180722c0
[8] ChargingStatusReq payloadType=0x8001 bytes=21
    01fe80010000000d8098023f6f256f8000000010b0
[9] ChargingStatusReq payloadType=0x8001 bytes=21
    01fe80010000000d8098023f6f256f8000000010b0
[10] ChargingStatusReq payloadType=0x8001 bytes=21
    01fe80010000000d8098023f6f256f8000000010b0
[11] PowerDeliveryReq payloadType=0x8001 bytes=24
    01fe8001000000108098023f6f256f800000001151000600
[12] SessionStopReq payloadType=0x8001 bytes=22
    01fe80010000000e8098023f6f256f8000000011f000

## station -> EV: 428 byte(s), 13 frame(s)
[0] SupportedAppProtocolRes (OK_SuccessfulNegotiation) payloadType=0x8001 bytes=12
    01fe80010000000480400040
[1] SessionSetupRes (OK_NewSessionEstablished) payloadType=0x8001 bytes=39
    01fe80010000001f8098023f6f256f8000000011e020451114a9413960a914c4c8ccd0d4a8c480
[2] ServiceDiscoveryRes (OK) payloadType=0x8001 bytes=27
    01fe8001000000138098023f6f256f8000000011c0012004820024
[3] PaymentServiceSelectionRes (OK) payloadType=0x8001 bytes=22
    01fe80010000000e8098023f6f256f80000000114000
[4] AuthorizationRes (OK) payloadType=0x8001 bytes=23
    01fe80010000000f8098023f6f256f8000000010100200
[5] AuthorizationRes (OK) payloadType=0x8001 bytes=23
    01fe80010000000f8098023f6f256f8000000010100000
[6] ChargeParameterDiscoveryRes (OK) payloadType=0x8001 bytes=47
    01fe8001000000278098023f6f256f8000000010a000000000002028c140c50c0390a80000004207e0881061800400
[7] PowerDeliveryRes (OK) payloadType=0x8001 bytes=25
    01fe8001000000118098023f6f256f80000000116000000000
[8] ChargingStatusRes (OK) payloadType=0x8001 bytes=67
    01fe80010000003b8098023f6f256f8000000010c000451114a9413960a914c4c8ccd0d4a8c40000830c0020045651551257d413d5d154935155115480066000000000
[9] ChargingStatusRes (OK) payloadType=0x8001 bytes=48
    01fe8001000000288098023f6f256f8000000010c000451114a9413960a914c4c8ccd0d4a8c40000830c002100000000
[10] ChargingStatusRes (OK) payloadType=0x8001 bytes=48
    01fe8001000000288098023f6f256f8000000010c000451114a9413960a914c4c8ccd0d4a8c40000830c002100000000
[11] PowerDeliveryRes (OK) payloadType=0x8001 bytes=25
    01fe8001000000118098023f6f256f80000000116000000000
[12] SessionStopRes (OK) payloadType=0x8001 bytes=22
    01fe80010000000e8098023f6f256f80000000120000
