# Frames as recorded, per direction. Ordering within a direction is real;
# the two directions are not interleaved, because the recording has no timestamps.

## EV -> station: 361 byte(s), 12 frame(s)
[0] SupportedAppProtocolReq payloadType=0x8001 bytes=45
    01fe8001000000258000f3ab9371d34b9b79d39ba321d34b9b79d189a98989c1d1699181d22218010000040040
[1] SessionSetupReq payloadType=0x8002 bytes=33
    01fe800200000019808c0400000000000000000e88bc0d30620422ab21a1981880
[2] AuthorizationSetupReq payloadType=0x8002 bytes=25
    01fe8002000000118008047a637f60aae610ca0e88bc0d3062
[3] AuthorizationReq payloadType=0x8002 bytes=26
    01fe8002000000128000047a637f60aae610ca0e88bc0d306200
[4] AuthorizationReq payloadType=0x8002 bytes=26
    01fe8002000000128000047a637f60aae610ca0e88bc0d306200
[5] AuthorizationReq payloadType=0x8002 bytes=26
    01fe8002000000128000047a637f60aae610ca0e88bc0d306200
[6] ServiceDiscoveryReq payloadType=0x8002 bytes=26
    01fe800200000012807c047a637f60aae610ca0e88bc0d306280
[7] ServiceDetailReq payloadType=0x8002 bytes=27
    01fe8002000000138074047a637f60aae610ca0e88bc0d30620080
[8] ServiceSelectionReq payloadType=0x8002 bytes=29
    01fe8002000000158084047a637f60aae610ca0e88bc0d306200401080
[9] AC_ChargeParameterDiscoveryReq payloadType=0x8003 bytes=33
    01fe8003000000198010047a637f60aae610ca0e88bc0d30620810981122000008
[10] ScheduleExchangeReq payloadType=0x8002 bytes=28
    01fe800200000014806c047a637f60aae610ca0e88bc0d3062000680
[11] PowerDeliveryReq payloadType=0x8002 bytes=37
    01fe80020000001d8054047a637f60aae610ca0e88bc0d306200000100420480e041805124

## station -> EV: 685 byte(s), 12 frame(s)
[0] SupportedAppProtocolRes (OK_SuccessfulNegotiation) payloadType=0x8001 bytes=12
    01fe80010000000480400040
[1] SessionSetupRes (OK_NewSessionEstablished) payloadType=0x8002 bytes=43
    01fe8002000000238090047a637f60aae610ca0e88bc0d3062040451114a9413960a914c4c8ccd0d4a8c40
[2] AuthorizationSetupRes (OK) payloadType=0x8002 bytes=28
    01fe800200000014800c047a637f60aae610ca0e88bc0d3062000400
[3] AuthorizationRes (OK) payloadType=0x8002 bytes=27
    01fe8002000000138004047a637f60aae610ca0e88bc0d30620010
[4] AuthorizationRes (OK) payloadType=0x8002 bytes=27
    01fe8002000000138004047a637f60aae610ca0e88bc0d30620010
[5] AuthorizationRes (OK) payloadType=0x8002 bytes=27
    01fe8002000000138004047a637f60aae610ca0e88bc0d30620000
[6] ServiceDiscoveryRes (OK) payloadType=0x8002 bytes=32
    01fe8002000000188080047a637f60aae610ca0e88bc0d306200000100014050
[7] ServiceDetailRes (OK) payloadType=0x8002 bytes=352
    01fe8002000001588078047a637f60aae610ca0e88bc0d30620000400002d0dbdb9b9958dd1bdc980200d436f6e74726f6c4d6f6465601005115594d1539bdb5a5b985b159bdb1d1859d959cc020134d6f62696c6974794e656564734d6f6465600802541c9a58da5b99d800200202d0dbdb9b9958dd1bdc980600d436f6e74726f6c4d6f6465601005115594d1539bdb5a5b985b159bdb1d1859d959cc020134d6f62696c6974794e656564734d6f6465600802541c9a58da5b99d800200402d0dbdb9b9958dd1bdc980200d436f6e74726f6c4d6f6465600805115594d1539bdb5a5b985b159bdb1d1859d959cc020134d6f62696c6974794e656564734d6f6465600802541c9a58da5b99d800200602d0dbdb9b9958dd1bdc980600d436f6e74726f6c4d6f6465600805115594d1539bdb5a5b985b159bdb1d1859d959cc020134d6f62696c6974794e656564734d6f6465600802541c9a58da5b99d80028
[8] ServiceSelectionRes (OK) payloadType=0x8002 bytes=27
    01fe8002000000138088047a637f60aae610ca0e88bc0d30620000
[9] AC_ChargeParameterDiscoveryRes (OK) payloadType=0x8003 bytes=40
    01fe8003000000208014047a637f60aae610ca0e88bc0d3062000408500891001584043f04413940
[10] ScheduleExchangeRes (OK) payloadType=0x8002 bytes=43
    01fe8002000000238070047a637f60aae610ca0e88bc0d306200040041d11781a60c840518284000012940
[11] PowerDeliveryRes (FAILED_ContactorError) payloadType=0x8002 bytes=27
    01fe8002000000138058047a637f60aae610ca0eb8bc0d30622e40
