2026-08-03 03:04:24.259976 [INFO] manager          ::   ________      __                _
2026-08-03 03:04:24.268810 [INFO] manager          ::  |  ____\ \    / /               | |
2026-08-03 03:04:24.269062 [INFO] manager          ::  | |__   \ \  / /__ _ __ ___  ___| |_
2026-08-03 03:04:24.269167 [INFO] manager          ::  |  __|   \ \/ / _ \ '__/ _ \/ __| __|
2026-08-03 03:04:24.269256 [INFO] manager          ::  | |____   \  /  __/ | |  __/\__ \ |_
2026-08-03 03:04:24.269339 [INFO] manager          ::  |______|   \/ \___|_|  \___||___/\__|
2026-08-03 03:04:24.269412 [INFO] manager          ::
2026-08-03 03:04:24.269488 [INFO] manager          :: everest-framework 0.24.0 @v0.24.0
2026-08-03 03:04:24.269587 [INFO] manager          :: everest-core_tests  @2025.10.0-dirty
2026-08-03 03:04:24.269719 [INFO] manager          ::
2026-08-03 03:04:24.269880 [INFO] manager          :: Using MQTT broker mqtt:1883
2026-08-03 03:04:24.335721 [INFO] everest_ctrl     :: Launching controller service on port 8849
2026-08-03 03:04:24.525746 [INFO] manager          :: Boot mode is set to YamlFile, loading module configs from YAML file
2026-08-03 03:04:24.526163 [INFO] manager          :: Loading config file at: /ext/dist/etc/everest/config-ac20-ours.yaml
2026-08-03 03:04:25.802200 [INFO] manager          :: Config loading completed in 1523ms
2026-08-03 03:04:25.843371 [INFO] manager          :: Starting 15 modules
2026-08-03 03:04:30.786306 [INFO] energy_manager:  :: Module energy_manager initialized [4339ms]
2026-08-03 03:04:30.816910 [INFO] connector_1_pow  :: Module connector_1_powerpath initialized [4227ms]
2026-08-03 03:04:30.901754 [INFO] error_history:E  :: Using database at "/tmp/error_history.db"
2026-08-03 03:04:30.946425 [INFO] error_history:E  :: Checking database
2026-08-03 03:04:30.923355 [INFO] slac:SlacSimula  :: Module slac initialized [4160ms]
2026-08-03 03:04:31.009430 [INFO] api_sink:Energy  :: Module api_sink initialized [4550ms]
2026-08-03 03:04:31.023062 [INFO] token_validator  :: Module token_validator initialized [4134ms]
2026-08-03 03:04:31.177422 [INFO] error_history:E  :: Module error_history initialized [4726ms]
2026-08-03 03:04:31.243710 [INFO] ev_manager:EvMa  :: Module ev_manager initialized [4566ms]
2026-08-03 03:04:31.231124 [INFO] token_provider:  :: Module token_provider initialized [4337ms]
2026-08-03 03:04:31.259229 [INFO] grid_connection  :: Module grid_connection_point initialized [4605ms]
2026-08-03 03:04:31.295200 [INFO] iso15118_charge  :: Module iso15118_charger initialized [4528ms]
2026-08-03 03:04:31.343569 [INFO] evse_manager:Ev  :: Module evse_manager initialized [4740ms]
2026-08-03 03:04:31.361161 [INFO] auth:Auth        :: Module auth initialized [4742ms]
2026-08-03 03:04:31.417482 [INFO] evse_security:E  :: Module evse_security initialized [4653ms]
2026-08-03 03:04:31.455743 [INFO] api:API          :: Module api initialized [4961ms]
2026-08-03 03:04:34.331940 [INFO] iso15118_car     :: Module iso15118_car initialized [2354ms]
2026-08-03 03:04:34.335006 [INFO] manager          :: Clearing retained topics published by manager during startup
2026-08-03 03:04:34.337356 [INFO] manager          :: 🚙🚙🚙 All modules are initialized. EVerest up and running [10151ms] 🚙🚙🚙
2026-08-03 03:04:34.619727 [WARN] auth:Auth       void module::ReservationHandler::load_reservations() :: Can not load reservations because no storage was configured.
2026-08-03 03:04:34.846015 [INFO] evse_manager:Ev  :: Ignoring BSP Event, BSP is not enabled yet.
2026-08-03 03:04:35.018093 [INFO] evse_security:E  :: Requesting leaf certificate info: V2G
2026-08-03 03:04:35.071466 [INFO] evse_manager:Ev  :: AC HLC mode enabled.
2026-08-03 03:04:35.175118 [INFO] evse_manager:Ev  :: Cleaning up any other transaction on start up
2026-08-03 03:04:35.178326 [INFO] evse_security:E  :: Found valid leaf: ["/ext/dist/etc/everest/certs/client/cso/CPO_CERT_CHAIN.pem"]
2026-08-03 03:04:35.179279 [INFO] evse_security:E  :: Not requiring all valid leafs, returning
2026-08-03 03:04:35.278499 [INFO] evse_security:E  :: Requesting certificate file: [V2G] file:"/ext/dist/etc/everest/certs/ca/v2g/V2G_ROOT_CA.pem"
2026-08-03 03:04:35.319947 [INFO] evse_manager:Ev  :: 🌀🌀🌀 Ready to start charging 🌀🌀🌀
2026-08-03 03:04:35.337924 [INFO] evse_security:E  :: Requesting certificate file: [MO] file:"/ext/dist/etc/everest/certs/ca/mo/MO_ROOT_CA.pem"
2026-08-03 03:04:35.355436 [INFO] iso15118_charge  :: Using ethernet interface: eth0
2026-08-03 03:04:35.356852 [INFO] iso15118_charge  :: Starting SDP server with address: ::
2026-08-03 03:04:35.604677 [INFO] evse_manager:Ev  :: All errors cleared
2026-08-03 03:04:40.010705 [INFO] ev_manager:EvMa  :: Finished simulation.
2026-08-03 03:04:46.569329 [INFO] connector_1_pow  :: Lock connector
2026-08-03 03:04:46.721011 [INFO] evse_manager:Ev  :: SYS  Session logging started.
2026-08-03 03:04:46.724809 [INFO] evse_manager:Ev  :: EVSE IEC Session Started: EVConnected
2026-08-03 03:04:46.750299 [INFO] auth:Auth        :: Plug In event for evse#1, starting auth
2026-08-03 03:04:46.767680 [INFO] token_provider:  :: Publishing new dummy token: {
    "authorization_type": "RFID",
    "id_token": {
        "type": "ISO14443",
        "value": "[redacted] hash: 29F2679CA504908"
    },
    "parent_id_token": {
        "type": "ISO14443",
        "value": "[redacted] hash: 29F2679CA504908"
    }
}
2026-08-03 03:04:46.802746 [INFO] auth:Auth        :: Received new token: {
    "authorization_type": "RFID",
    "id_token": {
        "type": "ISO14443",
        "value": "[redacted] hash: 29F2679CA504908"
    },
    "parent_id_token": {
        "type": "ISO14443",
        "value": "[redacted] hash: 29F2679CA504908"
    }
}
2026-08-03 03:04:46.823235 [INFO] token_validator  :: Got validation request for token: [redacted] hash: 29F2679CA504908
2026-08-03 03:04:47.075367 [INFO] token_validator  :: Returning validation status: Accepted
2026-08-03 03:04:47.106579 [INFO] auth:Auth        :: Providing authorization to evse#1
2026-08-03 03:04:47.160043 [INFO] evse_manager:Ev  :: EVSE IEC EIM Authorization received
2026-08-03 03:04:47.191954 [INFO] auth:Auth        :: Result for token: [redacted] hash: 29F2679CA504908: USED_TO_START_TRANSACTION
2026-08-03 03:04:47.198371 [INFO] evse_manager:Ev  :: EVSE IEC Transaction Started (0 kWh)
2026-08-03 03:04:47.205460 [INFO] evse_manager:Ev  :: EVSE IEC AC mode, HLC enabled(X1), matching already started. We are in X1 so we can go directly to nominal PWM.
2026-08-03 03:04:47.206400 [INFO] evse_manager:Ev  :: EVSE IEC Charger state: Wait for Auth->PrepareCharging
2026-08-03 03:04:47.210765 [INFO] evse_manager:Ev  :: EVSE IEC Set PWM On (53.3%) took 0 ms
2026-08-03 03:04:48.761425 [INFO] evse_manager:Ev  :: EVSE ISO SLAC MATCHED
2026-08-03 03:04:48.785839 [INFO] evse_manager:Ev  :: EVSE ISO D-LINK_READY (true)
2026-08-03 03:04:49.205944 [INFO] iso15118_charge  :: Got SDP request from fe80::402b:e9ff:fe6c:6c7f%eth0
2026-08-03 03:04:49.222389 [INFO] iso15118_charge  :: Created logfile at: /ext/dist/./260803_03-04-49.yaml
2026-08-03 03:04:49.426529 [INFO] evse_manager:Ev  ::                                     CAR IEC Event CarRequestedPower
2026-08-03 03:04:49.434721 [INFO] evse_manager:Ev  :: EVSE IEC Charger state: PrepareCharging->Charging
2026-08-03 03:04:49.687127 [INFO] evse_manager:Ev  :: EVSE IEC Event PowerOn
2026-08-03 03:05:04.714264 [INFO] iso15118_charge  :: Incoming connection from [fe80::402b:e9ff:fe6c:6c7f%eth0]:52638
2026-08-03 03:05:04.728556 [INFO] evse_manager:Ev  ::                                     CAR ISO V2G SupportedAppProtocolReq
2026-08-03 03:05:04.735049 [INFO] evse_manager:Ev  :: EVSE ISO V2G SupportedAppProtocolRes
2026-08-03 03:05:04.739370 [INFO] iso15118_charge  :: Received session setup with evccid: EVCC01
2026-08-03 03:05:04.740510 [INFO] evse_manager:Ev  ::                                     CAR ISO V2G SessionSetupReq
2026-08-03 03:05:04.754998 [INFO] iso15118_charge  :: New session created with session_id: 0xDA, 0x42, 0xFB, 0x01, 0xCB, 0xAF, 0x08, 0x0F
2026-08-03 03:05:04.764612 [INFO] iso15118_charge  :: Timestamp: 1785726304
2026-08-03 03:05:04.795923 [INFO] evse_manager:Ev  :: EVSE ISO V2G SessionSetupRes
2026-08-03 03:05:04.798839 [INFO] evse_manager:Ev  ::                                     CAR ISO V2G AuthorizationSetupReq
2026-08-03 03:05:04.836685 [INFO] evse_manager:Ev  :: EVSE ISO V2G AuthorizationSetupRes
2026-08-03 03:05:04.842345 [INFO] evse_manager:Ev  ::                                     CAR ISO V2G AuthorizationReq
2026-08-03 03:05:04.845065 [INFO] evse_manager:Ev  :: EVSE ISO V2G AuthorizationRes
2026-08-03 03:05:04.847315 [INFO] evse_manager:Ev  ::                                     CAR ISO V2G AuthorizationReq
2026-08-03 03:05:04.849500 [INFO] evse_manager:Ev  :: EVSE ISO V2G AuthorizationRes
2026-08-03 03:05:04.852032 [INFO] evse_manager:Ev  ::                                     CAR ISO V2G ServiceDiscoveryReq
2026-08-03 03:05:04.857823 [INFO] evse_manager:Ev  :: EVSE ISO V2G ServiceDiscoveryRes
2026-08-03 03:05:04.862193 [INFO] iso15118_charge  :: Requested info about ServiceID: 1
2026-08-03 03:05:04.863929 [INFO] evse_manager:Ev  ::                                     CAR ISO V2G ServiceDetailReq
2026-08-03 03:05:04.931935 [INFO] evse_manager:Ev  :: EVSE ISO V2G ServiceDetailRes
2026-08-03 03:05:04.935248 [INFO] evse_manager:Ev  ::                                     CAR ISO V2G ServiceSelectionReq
2026-08-03 03:05:04.938010 [INFO] evse_manager:Ev  ::                                     CAR ISO EV selected service: AC
2026-08-03 03:05:04.939281 [INFO] iso15118_charge  :: Waiting for contactor is closed
2026-08-03 03:05:04.940811 [INFO] evse_manager:Ev  :: EVSE ISO V2G ServiceSelectionRes
2026-08-03 03:05:04.943800 [INFO] evse_manager:Ev  ::                                     CAR ISO V2G AcChargeParameterDiscoveryReq
2026-08-03 03:05:04.950698 [INFO] evse_manager:Ev  :: EVSE ISO V2G AcChargeParameterDiscoveryRes
2026-08-03 03:05:04.954131 [INFO] evse_manager:Ev  ::                                     CAR ISO V2G ScheduleExchangeReq
2026-08-03 03:05:04.955799 [INFO] evse_manager:Ev  :: EVSE ISO V2G ScheduleExchangeRes
2026-08-03 03:05:04.957195 [INFO] evse_manager:Ev  ::                                     CAR ISO V2G PowerDeliveryReq
2026-08-03 03:05:04.959473 [INFO] evse_manager:Ev  ::                                     CAR ISO AC HLC Close contactor
2026-08-03 03:05:07.985062 [INFO] evse_manager:Ev  :: EVSE ISO V2G PowerDeliveryRes
2026-08-03 03:05:12.972008 [INFO] iso15118_charge  :: Closing TCP connection
2026-08-03 03:05:14.975203 [INFO] iso15118_charge  :: TCP connection closed gracefully
2026-08-03 03:05:14.975798 [INFO] iso15118_charge  :: Connection is closed
2026-08-03 03:05:14.982083 [INFO] evse_manager:Ev  :: EVSE ISO D-LINK_TERMINATE.req
2026-08-03 03:05:14.983825 [INFO] evse_manager:Ev  :: EVSE IEC Set PWM Off
2026-08-03 03:05:15.054448 [INFO] evse_manager:Ev  :: EVSE IEC Set PWM On (53.3%) took 0 ms
2026-08-03 03:05:15.056815 [INFO] evse_manager:Ev  :: EVSE ISO SLAC UNMATCHED
2026-08-03 03:05:15.149189 [INFO] evse_manager:Ev  :: EVSE ISO D-LINK_READY (false)
2026-08-03 03:05:51.836452 [INFO] ev_manager:EvMa  :: Finished simulation.
2026-08-03 03:05:52.028303 [INFO] evse_manager:Ev  :: EVSE IEC Event PowerOff
2026-08-03 03:05:52.134464 [INFO] connector_1_pow  :: Unlock connector
2026-08-03 03:05:52.199880 [INFO] evse_manager:Ev  ::                                     CAR IEC Event CarUnplugged
2026-08-03 03:05:52.200917 [INFO] evse_manager:Ev  :: EVSE IEC Charger state: Charging->Finished
2026-08-03 03:05:52.298091 [INFO] evse_manager:Ev  :: EVSE IEC Transaction Finished: EVDisconnected (0.118 kWh)
2026-08-03 03:05:52.368309 [INFO] evse_manager:Ev  :: EVSE IEC Session Finished
2026-08-03 03:05:52.369298 [INFO] evse_manager:Ev  :: SYS  Session logging stopped.
2026-08-03 03:05:52.426735 [INFO] evse_manager:Ev  :: All errors cleared
2026-08-03 03:06:00.776972 [INFO] connector_1_pow  :: Lock connector
2026-08-03 03:06:00.936189 [INFO] evse_manager:Ev  :: SYS  Session logging started.
2026-08-03 03:06:00.937073 [INFO] evse_manager:Ev  :: EVSE IEC Session Started: EVConnected
2026-08-03 03:06:00.944513 [INFO] auth:Auth        :: Plug In event for evse#1, starting auth
2026-08-03 03:06:00.946283 [INFO] token_provider:  :: Publishing new dummy token: {
    "authorization_type": "RFID",
    "id_token": {
        "type": "ISO14443",
        "value": "[redacted] hash: 29F2679CA504908"
    },
    "parent_id_token": {
        "type": "ISO14443",
        "value": "[redacted] hash: 29F2679CA504908"
    }
}
2026-08-03 03:06:00.953888 [INFO] auth:Auth        :: Received new token: {
    "authorization_type": "RFID",
    "id_token": {
        "type": "ISO14443",
        "value": "[redacted] hash: 29F2679CA504908"
    },
    "parent_id_token": {
        "type": "ISO14443",
        "value": "[redacted] hash: 29F2679CA504908"
    }
}
2026-08-03 03:06:00.964530 [INFO] token_validator  :: Got validation request for token: [redacted] hash: 29F2679CA504908
2026-08-03 03:06:01.216596 [INFO] token_validator  :: Returning validation status: Accepted
2026-08-03 03:06:01.224259 [INFO] auth:Auth        :: Providing authorization to evse#1
2026-08-03 03:06:01.258193 [INFO] evse_manager:Ev  :: EVSE IEC EIM Authorization received
2026-08-03 03:06:01.275520 [INFO] auth:Auth        :: Result for token: [redacted] hash: 29F2679CA504908: USED_TO_START_TRANSACTION
2026-08-03 03:06:01.306858 [INFO] evse_manager:Ev  :: EVSE IEC Transaction Started (0 kWh)
2026-08-03 03:06:01.314637 [INFO] evse_manager:Ev  :: EVSE IEC AC mode, HLC enabled(X1), matching already started. We are in X1 so we can go directly to nominal PWM.
2026-08-03 03:06:01.315613 [INFO] evse_manager:Ev  :: EVSE IEC Charger state: Wait for Auth->PrepareCharging
2026-08-03 03:06:01.317954 [INFO] evse_manager:Ev  :: EVSE IEC Set PWM On (53.3%) took 0 ms
2026-08-03 03:06:03.030965 [INFO] evse_manager:Ev  :: EVSE ISO SLAC MATCHED
2026-08-03 03:06:03.070385 [INFO] evse_manager:Ev  :: EVSE ISO D-LINK_READY (true)
2026-08-03 03:06:03.631600 [INFO] evse_manager:Ev  ::                                     CAR IEC Event CarRequestedPower
2026-08-03 03:06:03.648403 [INFO] evse_manager:Ev  :: EVSE IEC Charger state: PrepareCharging->Charging
2026-08-03 03:06:03.900995 [INFO] evse_manager:Ev  :: EVSE IEC Event PowerOn
2026-08-03 03:06:03.963553 [INFO] iso15118_charge  :: Got SDP request from fe80::402b:e9ff:fe6c:6c7f%eth0
2026-08-03 03:06:05.244909 [INFO] iso15118_charge  :: Incoming connection from [fe80::402b:e9ff:fe6c:6c7f%eth0]:35328
2026-08-03 03:06:05.255235 [INFO] iso15118_charge  :: Received session setup with evccid: EVCC01
2026-08-03 03:06:05.257466 [INFO] iso15118_charge  :: New session created with session_id: 0x97, 0x29, 0x11, 0x02, 0x1F, 0x59, 0x2E, 0x32
2026-08-03 03:06:05.262827 [INFO] iso15118_charge  :: Timestamp: 1785726365
2026-08-03 03:06:05.263357 [INFO] evse_manager:Ev  ::                                     CAR ISO V2G SupportedAppProtocolReq
2026-08-03 03:06:05.270546 [INFO] evse_manager:Ev  :: EVSE ISO V2G SupportedAppProtocolRes
2026-08-03 03:06:05.272283 [INFO] evse_manager:Ev  ::                                     CAR ISO V2G SessionSetupReq
2026-08-03 03:06:05.277681 [INFO] evse_manager:Ev  :: EVSE ISO V2G SessionSetupRes
2026-08-03 03:06:05.279432 [INFO] evse_manager:Ev  ::                                     CAR ISO V2G AuthorizationSetupReq
2026-08-03 03:06:05.332143 [INFO] iso15118_charge  :: Requested info about ServiceID: 1
2026-08-03 03:06:05.342202 [INFO] evse_manager:Ev  :: EVSE ISO V2G AuthorizationSetupRes
2026-08-03 03:06:05.344365 [INFO] evse_manager:Ev  ::                                     CAR ISO V2G AuthorizationReq
2026-08-03 03:06:05.346340 [INFO] evse_manager:Ev  :: EVSE ISO V2G AuthorizationRes
2026-08-03 03:06:05.348319 [INFO] evse_manager:Ev  ::                                     CAR ISO V2G AuthorizationReq
2026-08-03 03:06:05.350144 [INFO] evse_manager:Ev  :: EVSE ISO V2G AuthorizationRes
2026-08-03 03:06:05.351883 [INFO] evse_manager:Ev  ::                                     CAR ISO V2G ServiceDiscoveryReq
2026-08-03 03:06:05.353800 [INFO] evse_manager:Ev  :: EVSE ISO V2G ServiceDiscoveryRes
2026-08-03 03:06:05.358362 [INFO] iso15118_charge  :: Waiting for contactor is closed
2026-08-03 03:06:05.377265 [INFO] evse_manager:Ev  ::                                     CAR ISO V2G ServiceDetailReq
2026-08-03 03:06:05.379022 [INFO] evse_manager:Ev  :: EVSE ISO V2G ServiceDetailRes
2026-08-03 03:06:05.380556 [INFO] evse_manager:Ev  ::                                     CAR ISO V2G ServiceSelectionReq
2026-08-03 03:06:05.381858 [INFO] evse_manager:Ev  ::                                     CAR ISO EV selected service: AC
2026-08-03 03:06:05.383604 [INFO] evse_manager:Ev  :: EVSE ISO V2G ServiceSelectionRes
2026-08-03 03:06:05.385026 [INFO] evse_manager:Ev  ::                                     CAR ISO V2G AcChargeParameterDiscoveryReq
2026-08-03 03:06:05.389170 [INFO] evse_manager:Ev  :: EVSE ISO V2G AcChargeParameterDiscoveryRes
2026-08-03 03:06:05.390686 [INFO] evse_manager:Ev  ::                                     CAR ISO V2G ScheduleExchangeReq
2026-08-03 03:06:05.392036 [INFO] evse_manager:Ev  :: EVSE ISO V2G ScheduleExchangeRes
2026-08-03 03:06:05.393361 [INFO] evse_manager:Ev  ::                                     CAR ISO V2G PowerDeliveryReq
2026-08-03 03:06:05.395301 [INFO] evse_manager:Ev  ::                                     CAR ISO AC HLC Close contactor
2026-08-03 03:06:08.437630 [INFO] evse_manager:Ev  :: EVSE ISO V2G PowerDeliveryRes
2026-08-03 03:06:13.406858 [INFO] iso15118_charge  :: Closing TCP connection
2026-08-03 03:06:15.408844 [INFO] iso15118_charge  :: TCP connection closed gracefully
2026-08-03 03:06:15.409120 [INFO] iso15118_charge  :: Connection is closed
2026-08-03 03:06:15.423395 [INFO] evse_manager:Ev  :: EVSE ISO D-LINK_TERMINATE.req
2026-08-03 03:06:15.424374 [INFO] evse_manager:Ev  :: EVSE IEC Set PWM Off
2026-08-03 03:06:15.494879 [INFO] evse_manager:Ev  :: EVSE ISO SLAC UNMATCHED
2026-08-03 03:06:15.496710 [INFO] evse_manager:Ev  :: EVSE ISO D-LINK_READY (false)
2026-08-03 03:06:15.523136 [INFO] evse_manager:Ev  :: EVSE IEC Set PWM On (53.3%) took 0 ms
2026-08-03 03:07:06.721711 [INFO] ev_manager:EvMa  :: Finished simulation.
2026-08-03 03:07:06.890340 [INFO] evse_manager:Ev  :: EVSE IEC Event PowerOff
2026-08-03 03:07:06.993338 [INFO] connector_1_pow  :: Unlock connector
2026-08-03 03:07:07.064857 [INFO] evse_manager:Ev  ::                                     CAR IEC Event CarUnplugged
2026-08-03 03:07:07.066027 [INFO] evse_manager:Ev  :: EVSE IEC Charger state: Charging->Finished
2026-08-03 03:07:07.166559 [INFO] evse_manager:Ev  :: EVSE IEC Transaction Finished: EVDisconnected (0.062 kWh)
2026-08-03 03:07:07.270641 [INFO] evse_manager:Ev  :: EVSE IEC Session Finished
2026-08-03 03:07:07.271473 [INFO] evse_manager:Ev  :: SYS  Session logging stopped.
2026-08-03 03:07:07.329905 [INFO] evse_manager:Ev  :: All errors cleared
2026-08-03 03:07:15.422099 [INFO] connector_1_pow  :: Lock connector
2026-08-03 03:07:15.567135 [INFO] evse_manager:Ev  :: SYS  Session logging started.
2026-08-03 03:07:15.568093 [INFO] evse_manager:Ev  :: EVSE IEC Session Started: EVConnected
2026-08-03 03:07:15.575816 [INFO] auth:Auth        :: Plug In event for evse#1, starting auth
2026-08-03 03:07:15.585175 [INFO] token_provider:  :: Publishing new dummy token: {
    "authorization_type": "RFID",
    "id_token": {
        "type": "ISO14443",
        "value": "[redacted] hash: 29F2679CA504908"
    },
    "parent_id_token": {
        "type": "ISO14443",
        "value": "[redacted] hash: 29F2679CA504908"
    }
}
2026-08-03 03:07:15.596264 [INFO] auth:Auth        :: Received new token: {
    "authorization_type": "RFID",
    "id_token": {
        "type": "ISO14443",
        "value": "[redacted] hash: 29F2679CA504908"
    },
    "parent_id_token": {
        "type": "ISO14443",
        "value": "[redacted] hash: 29F2679CA504908"
    }
}
2026-08-03 03:07:15.607750 [INFO] token_validator  :: Got validation request for token: [redacted] hash: 29F2679CA504908
2026-08-03 03:07:15.859854 [INFO] token_validator  :: Returning validation status: Accepted
2026-08-03 03:07:15.871582 [INFO] auth:Auth        :: Providing authorization to evse#1
2026-08-03 03:07:15.976447 [INFO] auth:Auth        :: Result for token: [redacted] hash: 29F2679CA504908: USED_TO_START_TRANSACTION
2026-08-03 03:07:15.980936 [INFO] evse_manager:Ev  :: EVSE IEC EIM Authorization received
2026-08-03 03:07:16.030951 [INFO] evse_manager:Ev  :: EVSE IEC Transaction Started (0 kWh)
2026-08-03 03:07:16.041521 [INFO] evse_manager:Ev  :: EVSE IEC AC mode, HLC enabled(X1), matching already started. We are in X1 so we can go directly to nominal PWM.
2026-08-03 03:07:16.042437 [INFO] evse_manager:Ev  :: EVSE IEC Charger state: Wait for Auth->PrepareCharging
2026-08-03 03:07:16.047050 [INFO] evse_manager:Ev  :: EVSE IEC Set PWM On (53.3%) took 0 ms
2026-08-03 03:07:17.705623 [INFO] evse_manager:Ev  :: EVSE ISO SLAC MATCHED
2026-08-03 03:07:17.710141 [INFO] evse_manager:Ev  :: EVSE ISO D-LINK_READY (true)
2026-08-03 03:07:18.264717 [INFO] evse_manager:Ev  ::                                     CAR IEC Event CarRequestedPower
2026-08-03 03:07:18.274562 [INFO] evse_manager:Ev  :: EVSE IEC Charger state: PrepareCharging->Charging
2026-08-03 03:07:18.521505 [INFO] evse_manager:Ev  :: EVSE IEC Event PowerOn
2026-08-03 03:07:18.792209 [INFO] iso15118_charge  :: Got SDP request from fe80::402b:e9ff:fe6c:6c7f%eth0
2026-08-03 03:07:20.067459 [INFO] iso15118_charge  :: Incoming connection from [fe80::402b:e9ff:fe6c:6c7f%eth0]:43976
2026-08-03 03:07:20.073105 [INFO] evse_manager:Ev  ::                                     CAR ISO V2G SupportedAppProtocolReq
2026-08-03 03:07:20.077371 [INFO] iso15118_charge  :: Received session setup with evccid: EVCC01
2026-08-03 03:07:20.079403 [INFO] iso15118_charge  :: New session created with session_id: 0xF4, 0xC6, 0xFE, 0xC1, 0x55, 0xCC, 0x21, 0x94
2026-08-03 03:07:20.085334 [INFO] iso15118_charge  :: Timestamp: 1785726440
2026-08-03 03:07:20.140279 [INFO] evse_manager:Ev  :: EVSE ISO V2G SupportedAppProtocolRes
2026-08-03 03:07:20.142620 [INFO] evse_manager:Ev  ::                                     CAR ISO V2G SessionSetupReq
2026-08-03 03:07:20.147904 [INFO] evse_manager:Ev  :: EVSE ISO V2G SessionSetupRes
2026-08-03 03:07:20.150476 [INFO] evse_manager:Ev  ::                                     CAR ISO V2G AuthorizationSetupReq
2026-08-03 03:07:20.204951 [INFO] evse_manager:Ev  :: EVSE ISO V2G AuthorizationSetupRes
2026-08-03 03:07:20.206985 [INFO] evse_manager:Ev  ::                                     CAR ISO V2G AuthorizationReq
2026-08-03 03:07:20.209125 [INFO] evse_manager:Ev  :: EVSE ISO V2G AuthorizationRes
2026-08-03 03:07:20.210212 [INFO] iso15118_charge  :: Requested info about ServiceID: 1
2026-08-03 03:07:20.210686 [INFO] evse_manager:Ev  ::                                     CAR ISO V2G AuthorizationReq
2026-08-03 03:07:20.212160 [INFO] evse_manager:Ev  :: EVSE ISO V2G AuthorizationRes
2026-08-03 03:07:20.213611 [INFO] evse_manager:Ev  ::                                     CAR ISO V2G AuthorizationReq
2026-08-03 03:07:20.215061 [INFO] evse_manager:Ev  :: EVSE ISO V2G AuthorizationRes
2026-08-03 03:07:20.228518 [INFO] iso15118_charge  :: Waiting for contactor is closed
2026-08-03 03:07:20.259842 [INFO] evse_manager:Ev  ::                                     CAR ISO V2G ServiceDiscoveryReq
2026-08-03 03:07:20.262339 [INFO] evse_manager:Ev  :: EVSE ISO V2G ServiceDiscoveryRes
2026-08-03 03:07:20.265460 [INFO] evse_manager:Ev  ::                                     CAR ISO V2G ServiceDetailReq
2026-08-03 03:07:20.266986 [INFO] evse_manager:Ev  :: EVSE ISO V2G ServiceDetailRes
2026-08-03 03:07:20.268523 [INFO] evse_manager:Ev  ::                                     CAR ISO V2G ServiceSelectionReq
2026-08-03 03:07:20.269844 [INFO] evse_manager:Ev  ::                                     CAR ISO EV selected service: AC
2026-08-03 03:07:20.271702 [INFO] evse_manager:Ev  :: EVSE ISO V2G ServiceSelectionRes
2026-08-03 03:07:20.273142 [INFO] evse_manager:Ev  ::                                     CAR ISO V2G AcChargeParameterDiscoveryReq
2026-08-03 03:07:20.276546 [INFO] evse_manager:Ev  :: EVSE ISO V2G AcChargeParameterDiscoveryRes
2026-08-03 03:07:20.279646 [INFO] evse_manager:Ev  ::                                     CAR ISO V2G ScheduleExchangeReq
2026-08-03 03:07:20.281157 [INFO] evse_manager:Ev  :: EVSE ISO V2G ScheduleExchangeRes
2026-08-03 03:07:20.282555 [INFO] evse_manager:Ev  ::                                     CAR ISO V2G PowerDeliveryReq
2026-08-03 03:07:20.284579 [INFO] evse_manager:Ev  ::                                     CAR ISO AC HLC Close contactor
2026-08-03 03:07:23.299103 [INFO] evse_manager:Ev  :: EVSE ISO V2G PowerDeliveryRes
2026-08-03 03:07:28.260892 [INFO] iso15118_charge  :: Closing TCP connection
2026-08-03 03:07:30.262169 [INFO] iso15118_charge  :: TCP connection closed gracefully
2026-08-03 03:07:30.262414 [INFO] iso15118_charge  :: Connection is closed
2026-08-03 03:07:30.280976 [INFO] evse_manager:Ev  :: EVSE ISO D-LINK_TERMINATE.req
2026-08-03 03:07:30.282924 [INFO] evse_manager:Ev  :: EVSE IEC Set PWM Off
2026-08-03 03:07:30.336092 [INFO] evse_manager:Ev  :: EVSE IEC Set PWM On (53.3%) took 0 ms
2026-08-03 03:07:30.385985 [INFO] evse_manager:Ev  :: EVSE ISO SLAC UNMATCHED
2026-08-03 03:07:30.391171 [INFO] evse_manager:Ev  :: EVSE ISO D-LINK_READY (false)
2026-08-03 03:07:30.857729 [INFO] evse_manager:Ev  :: EVSE IEC Event PowerOff
2026-08-03 03:07:30.908368 [INFO] evse_manager:Ev  ::                                     CAR IEC Event CarRequestedStopPower
2026-08-03 03:07:30.958955 [INFO] evse_manager:Ev  :: EVSE IEC CP state transition C->B at this stage violates ISO15118-2
2026-08-03 03:07:30.960043 [INFO] evse_manager:Ev  :: EVSE IEC Charger state: Charging->Car Paused
2026-08-03 03:07:31.013616 [INFO] evse_manager:Ev  :: EVSE IEC Set PWM Off
2026-08-03 03:07:31.062680 [INFO] evse_manager:Ev  :: EVSE IEC Charger state: Car Paused->StoppingCharging
2026-08-03 03:07:31.121840 [INFO] evse_manager:Ev  ::                                     CAR IEC Event CarRequestedPower
2026-08-03 03:07:31.662587 [INFO] evse_manager:Ev  ::                                     CAR IEC Event CarRequestedStopPower
2026-08-03 03:07:31.666397 [WARN] evse_manager:Ev void module::Charger::bcb_toggle_detect_stop_pulse() :: BCB toggle with invalid duration detected: 542
2026-08-03 03:07:34.916979 [INFO] evse_manager:Ev  :: EVSE ISO SLAC MATCHING
2026-08-03 03:07:34.922478 [INFO] evse_manager:Ev  :: EVSE IEC Charger state: StoppingCharging->PrepareCharging
2026-08-03 03:07:34.926806 [INFO] evse_manager:Ev  :: EVSE IEC Set PWM On (53.3%) took 0 ms
2026-08-03 03:07:35.637307 [INFO] evse_manager:Ev  ::                                     CAR IEC Event CarRequestedPower
2026-08-03 03:07:35.643731 [INFO] evse_manager:Ev  :: EVSE IEC Charger state: PrepareCharging->Charging
2026-08-03 03:07:35.878872 [INFO] evse_manager:Ev  :: EVSE IEC Event PowerOn
