2026-08-08 21:04:25.518189 [INFO] manager          ::   ________      __                _   
2026-08-08 21:04:25.518388 [INFO] manager          ::  |  ____\ \    / /               | |
2026-08-08 21:04:25.518399 [INFO] manager          ::  | |__   \ \  / /__ _ __ ___  ___| |_
2026-08-08 21:04:25.518407 [INFO] manager          ::  |  __|   \ \/ / _ \ '__/ _ \/ __| __|
2026-08-08 21:04:25.518414 [INFO] manager          ::  | |____   \  /  __/ | |  __/\__ \ |_
2026-08-08 21:04:25.518421 [INFO] manager          ::  |______|   \/ \___|_|  \___||___/\__|
2026-08-08 21:04:25.518428 [INFO] manager          :: 
2026-08-08 21:04:25.518436 [INFO] manager          :: everest-framework 0.25.0-dev 2026.02.1
2026-08-08 21:04:25.518443 [INFO] manager          :: everest-core 2026.02.1-dev 2026.02.1
2026-08-08 21:04:25.518450 [INFO] manager          :: 
2026-08-08 21:04:25.518459 [INFO] manager          :: Using MQTT broker localhost:1883
2026-08-08 21:04:25.542534 [INFO] manager          :: Boot mode is set to YamlFile, loading module configs from YAML file
2026-08-08 21:04:25.542597 [INFO] manager          :: Loading config file at: /home/ahzf/everest/configs-ours/config-mcs-oem-certinstall.yaml
2026-08-08 21:04:25.674823 [INFO] manager          :: Config loading completed in 156ms
2026-08-08 21:04:25.677558 [INFO] manager          :: Starting 18 modules
2026-08-08 21:04:27.912243 [INFO] api_sink:Energy  :: Module api_sink initialized [2205ms]
2026-08-08 21:04:27.931508 [INFO] api:API          :: Module api initialized [2227ms]
2026-08-08 21:04:27.943934 [INFO] ev_manager:EvMa  :: Module ev_manager initialized [2218ms]
2026-08-08 21:04:27.946422 [INFO] ev_api:EvAPI     :: Module ev_api initialized [2224ms]
2026-08-08 21:04:27.948160 [INFO] energy_manager:  :: Module energy_manager initialized [2231ms]
2026-08-08 21:04:27.951610 [INFO] error_history:E  :: Using database at "/tmp/error_history.db"
2026-08-08 21:04:27.951783 [INFO] error_history:E  :: Checking database
2026-08-08 21:04:27.953215 [INFO] error_history:E  :: Module error_history initialized [2232ms]
2026-08-08 21:04:27.953252 [INFO] auth:Auth        :: Module auth initialized [2240ms]
2026-08-08 21:04:27.963901 [INFO] imd:IMDSimulato  :: Module imd initialized [2218ms]
2026-08-08 21:04:27.964562 [INFO] grid_connection  :: Module grid_connection_point initialized [2223ms]
2026-08-08 21:04:27.968468 [INFO] evse_security:E  :: Module evse_security initialized [2226ms]
2026-08-08 21:04:27.977153 [INFO] evse_manager:Ev  :: Module evse_manager initialized [2237ms]
2026-08-08 21:04:27.987133 [INFO] powersupply_dc:  :: Module powersupply_dc initialized [2218ms]
2026-08-08 21:04:27.988291 [INFO] token_provider:  :: Module token_provider initialized [2212ms]
2026-08-08 21:04:27.989066 [INFO] token_validator  :: Module token_validator initialized [2207ms]
2026-08-08 21:04:27.989106 [INFO] yeti_driver:Yet  :: Module yeti_driver initialized [2207ms]
2026-08-08 21:04:27.990837 [INFO] iso15118_charge  :: Module iso15118_charger initialized [2225ms]
2026-08-08 21:04:27.991194 [INFO] slac:SlacSimula  :: Module slac initialized [2221ms]
2026-08-08 21:04:28.554188 [INFO] iso15118_car     :: Module iso15118_car initialized [2222ms]
2026-08-08 21:04:28.598679 [INFO] manager          :: Clearing retained topics published by manager during startup
2026-08-08 21:04:28.600092 [INFO] manager          :: 🚙🚙🚙 All modules are initialized. EVerest up and running [3093ms] 🚙🚙🚙
2026-08-08 21:04:28.747588 [WARN] auth:Auth       void module::ReservationHandler::load_reservations() :: Can not load reservations because no storage was configured.
2026-08-08 21:04:29.104686 [INFO] evse_manager:Ev  :: Ignoring BSP Event, BSP is not enabled yet.
2026-08-08 21:04:29.203308 [INFO] evse_security:E  :: Requesting leaf certificate info: V2G
2026-08-08 21:04:29.208135 [INFO] evse_security:E  :: Found valid leaf: ["/home/ahzf/everest/dist/etc/everest/certs/client/cso/CPO_CERT_CHAIN.pem"]
2026-08-08 21:04:29.208255 [INFO] evse_security:E  :: Not requiring all valid leafs, returning
2026-08-08 21:04:29.255129 [INFO] evse_security:E  :: Requesting certificate file: [V2G] file:"/home/ahzf/everest/dist/etc/everest/certs/ca/v2g/V2G_ROOT_CA.pem"
2026-08-08 21:04:29.299192 [INFO] evse_security:E  :: Requesting certificate file: [MO] file:"/home/ahzf/everest/dist/etc/everest/certs/ca/mo/MO_ROOT_CA.pem"
2026-08-08 21:04:29.338604 [INFO] iso15118_charge  :: Using ethernet interface: lo
2026-08-08 21:04:29.338708 [INFO] iso15118_charge  :: Starting SDP server with address: ::
2026-08-08 21:04:29.618634 [INFO] evse_manager:Ev  :: Cleaning up any other transaction on start up
2026-08-08 21:04:29.755645 [INFO] evse_manager:Ev  :: 🌀🌀🌀 Ready to start charging 🌀🌀🌀
2026-08-08 21:04:33.092390 [INFO] evse_manager:Ev  :: SYS  Session logging started.
2026-08-08 21:04:33.092584 [INFO] evse_manager:Ev  :: EVSE IEC Session Started: EVConnected
2026-08-08 21:04:33.094250 [INFO] auth:Auth        :: Plug In event for evse#1, starting auth
2026-08-08 21:04:33.094253 [INFO] token_provider:  :: Publishing new dummy token: {
    "authorization_type": "RFID",
    "id_token": {
        "type": "ISO14443",
        "value": "[redacted] hash: CE55F71752B68164"
    },
    "parent_id_token": {
        "type": "ISO14443",
        "value": "[redacted] hash: CE55F71752B68164"
    }
}
2026-08-08 21:04:33.095121 [INFO] auth:Auth        :: Received new token: {
    "authorization_type": "RFID",
    "id_token": {
        "type": "ISO14443",
        "value": "[redacted] hash: CE55F71752B68164"
    },
    "parent_id_token": {
        "type": "ISO14443",
        "value": "[redacted] hash: CE55F71752B68164"
    }
}
2026-08-08 21:04:33.096430 [INFO] token_validator  :: Got validation request for token: [redacted] hash: CE55F71752B68164
2026-08-08 21:04:33.346633 [INFO] token_validator  :: Returning validation status: Accepted
2026-08-08 21:04:33.347876 [INFO] auth:Auth        :: Providing authorization to evse#1
2026-08-08 21:04:33.593709 [INFO] evse_manager:Ev  :: EVSE IEC Set PWM On (5.0%) took 0 ms
2026-08-08 21:04:33.738692 [INFO] evse_manager:Ev  :: EVSE IEC EIM Authorization received
2026-08-08 21:04:33.739770 [INFO] auth:Auth        :: Result for token: [redacted] hash: CE55F71752B68164: USED_TO_START_TRANSACTION
2026-08-08 21:04:33.782489 [INFO] evse_manager:Ev  :: EVSE IEC Transaction Started (0 kWh)
2026-08-08 21:04:33.782888 [INFO] evse_manager:Ev  :: EVSE IEC DC mode. We are in 5percent mode so we can continue without further action.
2026-08-08 21:04:33.783043 [INFO] evse_manager:Ev  :: EVSE IEC Charger state: Wait for Auth->PrepareCharging
2026-08-08 21:04:35.174676 [INFO] evse_manager:Ev  :: EVSE ISO D-LINK_READY (true)
2026-08-08 21:04:35.174676 [INFO] evse_manager:Ev  :: EVSE ISO SLAC MATCHED
2026-08-08 21:04:42.752649 [ERRO] iso15118_car    pybind11_init_everestpy(pybind11::module_&)::<lambda(const std::string&)> :: EVCC tried to initiate a V2GCommunicationSession, but maximum number of SDP retry cycles (1) is now reached. Shutting down high-level communication. Unplug and plug in the cable again if you want to start anew.
Traceback (most recent call last):
  File "/home/ahzf/everest/dist/libexec/everest/modules/PyEvJosev/../../3rd_party/josev/iso15118/evcc/comm_session_handler.py", line 584, in get_from_rcv_queue
    await self.restart_sdp(True)
  File "/home/ahzf/everest/dist/libexec/everest/modules/PyEvJosev/../../3rd_party/josev/iso15118/evcc/comm_session_handler.py", line 401, in restart_sdp
    raise SDPFailedError(
    ...<3 lines>...
    )
iso15118.shared.exceptions.SDPFailedError: EVCC tried to initiate a V2GCommunicationSession, but maximum number of SDP retry cycles (1) is now reached. Shutting down high-level communication. Unplug and plug in the cable again if you want to start anew.
