INFO    2026-07-22 17:54:16,859 - iso15118.evcc.evcc_settings (48): EVCC environment settings:
INFO    2026-07-22 17:54:16,860 - iso15118.evcc.evcc_settings (50): PKI_PATH                      : /venv/lib/python3.10/site-packages/iso15118/shared/pki/
INFO    2026-07-22 17:54:16,860 - iso15118.evcc.evcc_settings (50): MESSAGE_LOG_JSON              : True
INFO    2026-07-22 17:54:16,860 - iso15118.evcc.evcc_settings (50): MESSAGE_LOG_EXI               : False
INFO    2026-07-22 17:54:16,860 - iso15118.evcc.evcc_settings (50): ENABLE_TLS_1_3                : False
INFO    2026-07-22 17:54:16,860 - iso15118.evcc.evcc_settings (52): NETWORK_INTERFACE             : eth0
INFO    2026-07-22 17:54:16,860 - iso15118.evcc.evcc_settings (52): LOG_LEVEL                     : INFO
INFO    2026-07-22 17:54:16,860 - iso15118.evcc.evcc_settings (52): EVCC_CONFIG_PATH              : /venv/lib/python3.10/site-packages/iso15118/shared/examples/evcc/iso15118_20/evcc_config_ac.json
INFO    2026-07-22 17:54:16,871 - iso15118.evcc.evcc_config (120): EVCC Settings
INFO    2026-07-22 17:54:16,872 - iso15118.evcc.evcc_config (123): supported_energy_services     : [<ServiceV20.AC: 1>]
INFO    2026-07-22 17:54:16,872 - iso15118.evcc.evcc_config (123): is_cert_install_needed        : False
INFO    2026-07-22 17:54:16,872 - iso15118.evcc.evcc_config (123): use_tls                       : False
INFO    2026-07-22 17:54:16,872 - iso15118.evcc.evcc_config (123): sdp_retry_cycles              : 1
INFO    2026-07-22 17:54:16,872 - iso15118.evcc.evcc_config (123): max_contract_certs            : 3
INFO    2026-07-22 17:54:16,872 - iso15118.evcc.evcc_config (123): enforce_tls                   : False
INFO    2026-07-22 17:54:16,872 - iso15118.evcc.evcc_config (123): supported_protocols           : [<Protocol.ISO_15118_20_AC: (<Namespace.ISO_V20_AC: 'urn:iso:std:iso:15118:-20:AC'>, <enum 'ISOV20PayloadTypes'>)>]
INFO    2026-07-22 17:54:16,872 - iso15118.evcc.evcc_config (123): energy_transfer_mode          : AC_three_phase_core
INFO    2026-07-22 17:54:16,872 - iso15118.evcc.evcc_config (123): max_supporting_points         : 1024
INFO    2026-07-22 17:54:16,872 - iso15118.evcc.evcc_config (123): charge_loop_cycle             : 10
INFO    2026-07-22 17:54:16,872 - iso15118.evcc.evcc_config (123): charge_loop_delay_time        : 0
INFO    2026-07-22 17:54:18,582 - iso15118.shared.exi_codec (177): EXI Codec version: 1.55
INFO    2026-07-22 17:54:18,582 - iso15118.evcc (30): Starting 15118 version: 0.31.2
INFO    2026-07-22 17:54:18,582 - iso15118.evcc.comm_session_handler (313): Communication session handler started
INFO    2026-07-22 17:54:18,583 - iso15118.evcc.comm_session_handler (398): Remaining SDP requests: 50
INFO    2026-07-22 17:54:18,684 - iso15118.evcc.comm_session_handler (335): Sending SDPRequest: [Security: NO_TLS, Protocol: TCP]
INFO    2026-07-22 17:54:18,696 - iso15118.evcc.transport.udp_client (105): Received datagram from UDP server at address ('fe80::215:5dff:fe46:863f', 15118, 0, 2)
INFO    2026-07-22 17:54:18,697 - iso15118.evcc.comm_session_handler (485): SDPResponse received: [ IP address: fe80::215:5dff:fe46:863f, Port: 55000 , Security: NO_TLS , Transport: TCP ]
INFO    2026-07-22 17:54:18,697 - iso15118.evcc.comm_session_handler (416): Starting TCP client, trying to connect to fe80::215:5dff:fe46:863f at port 55000 ...
INFO    2026-07-22 17:54:18,700 - iso15118.evcc.comm_session_handler (423): TCP client connected
INFO    2026-07-22 17:54:18,711 - iso15118.shared.comm_session (344): Starting a new communication session
INFO    2026-07-22 17:54:18,711 - iso15118.shared.states (139): Entered state SupportedAppProtocol
INFO    2026-07-22 17:54:18,712 - iso15118.shared.exi_codec (248): Message to encode (ns=urn:iso:15118:2:2010:AppProtocol): {"supportedAppProtocolReq": {"AppProtocol": [{"ProtocolNamespace": "urn:iso:std:iso:15118:-20:AC", "VersionNumberMajor": 1, "VersionNumberMinor": 0, "SchemaID": 1, "Priority": 1}]}}
INFO    2026-07-22 17:54:18,770 - iso15118.shared.comm_session (431): Sent supportedAppProtocolReq
INFO    2026-07-22 17:54:18,909 - iso15118.shared.exi_codec (302): Decoded message (ns=urn:iso:15118:2:2010:AppProtocol): {"supportedAppProtocolRes":{"ResponseCode":"OK_SuccessfulNegotiation","SchemaID":1}}
INFO    2026-07-22 17:54:18,909 - iso15118.shared.comm_session (235): supportedAppProtocolRes received
INFO    2026-07-22 17:54:18,910 - iso15118.evcc.states.sap_states (159): Chosen protocol: ISO_15118_20_AC
INFO    2026-07-22 17:54:18,910 - iso15118.shared.exi_codec (248): Message to encode (ns=urn:iso:std:iso:15118:-20:CommonMessages): {"SessionSetupReq": {"Header": {"SessionID": "0000000000000000", "TimeStamp": 1784742858}, "EVCCID": "WMIV1234567890ABCDEX"}}
INFO    2026-07-22 17:54:19,107 - iso15118.shared.comm_session (431): Sent SessionSetupReq
INFO    2026-07-22 17:54:19,107 - iso15118.shared.states (139): Entered state SessionSetup
INFO    2026-07-22 17:54:19,270 - iso15118.shared.exi_codec (302): Decoded message (ns=urn:iso:std:iso:15118:-20:CommonMessages): {"SessionSetupRes":{"Header":{"SessionID":"F699C6A059D4CCF7","TimeStamp":1784742859},"ResponseCode":"OK_NewSessionEstablished","EVSEID":"DE*ABC*E1"}}
INFO    2026-07-22 17:54:19,271 - iso15118.shared.comm_session (235): SessionSetupRes received
INFO    2026-07-22 17:54:19,271 - iso15118.shared.exi_codec (248): Message to encode (ns=urn:iso:std:iso:15118:-20:CommonMessages): {"AuthorizationSetupReq": {"Header": {"SessionID": "F699C6A059D4CCF7", "TimeStamp": 1784742859}}}
INFO    2026-07-22 17:54:19,351 - iso15118.shared.comm_session (431): Sent AuthorizationSetupReq
INFO    2026-07-22 17:54:19,351 - iso15118.shared.states (139): Entered state AuthorizationSetup
INFO    2026-07-22 17:54:19,452 - iso15118.shared.exi_codec (302): Decoded message (ns=urn:iso:std:iso:15118:-20:CommonMessages): {"AuthorizationSetupRes":{"Header":{"SessionID":"F699C6A059D4CCF7","TimeStamp":1784742859},"ResponseCode":"OK","AuthorizationServices":["PnC","EIM"],"CertificateInstallationService":true,"PnC_ASResAuthorizationMode":{"GenChallenge":"7c/YbppWE/ul5CFFI5SYGg=="}}}
INFO    2026-07-22 17:54:19,453 - iso15118.shared.comm_session (235): AuthorizationSetupRes received
INFO    2026-07-22 17:54:19,458 - iso15118.shared.exi_codec (248): Message to encode (ns=urn:iso:std:iso:15118:-20:CommonMessages): {"PnC_AReqAuthorizationMode": {"Id": "id1", "GenChallenge": "7c/YbppWE/ul5CFFI5SYGg==", "ContractCertificateChain": {"Certificate": "MIICZDCCAgmgAwIBAgICMEQwCgYIKoZIzj0EAwIwVjEiMCAGA1UEAwwZUEtJLUV4dF9DUlRfTU9fU1VCMl9WQUxJRDEPMA0GA1UECgwGU3dpdGNoMQswCQYDVQQGEwJVSzESMBAGCgmSJomT8ixkARkWAk1PMB4XDTI2MDcyMTExNTMyMVoXDTI4MDcyMDExNTMyMVowTDEYMBYGA1UEAwwPVUtTV0kxMjM0NTY3OTFBMQ8wDQYDVQQKDAZTd2l0Y2gxCzAJBgNVBAYTAlVLMRIwEAYKCZImiZPyLGQBGRYCTU8wWTATBgcqhkjOPQIBBggqhkjOPQMBBwNCAASPcMR9PWoRGsJUtanwWG35is1JNazQouYmCqlvsiEKQDyLpSCTLAIwK0AJji7FDgbpHrOM+82YCirJywcZzauHo4HQMIHNMAwGA1UdEwEB/wQCMAAwDgYDVR0PAQH/BAQDAgPoMB0GA1UdDgQWBBQWT/G4zhwa/+ySeGEklHCy7y6GETBtBggrBgEFBQcBAQRhMF8wJAYIKwYBBQUHMAGGGGh0dHBzOi8vd3d3LmV4YW1wbGUuY29tLzA3BggrBgEFBQcwAoYraHR0cHM6Ly93d3cuZXhhbXBsZS5jb20vSW50ZXJtZWRpYXRlLUNBLmNlcjAfBgNVHSMEGDAWgBQE5KGTQteje6QejZgDDp+H+9PmajAKBggqhkjOPQQDAgNJADBGAiEAhnFc5UjTZQCbuZkmR7eHnJ03PMj+1B3F/ULTFnjHLI8CIQDFYbLbXqyvIRGSjDQVjoUmhpqvGg4exZyIgKf1iWnHaw==", "SubCertificates": {"Certificate": ["MIICcjCCAhmgAwIBAgICMEMwCgYIKoZIzj0EAwIwVjEiMCAGA1UEAwwZUEtJLUV4dF9DUlRfTU9fU1VCMV9WQUxJRDEPMA0GA1UECgwGU3dpdGNoMQswCQYDVQQGEwJVSzESMBAGCgmSJomT8ixkARkWAk1PMB4XDTI2MDcyMTExNTMyMVoXDTMwMDcyMDExNTMyMVowVjEiMCAGA1UEAwwZUEtJLUV4dF9DUlRfTU9fU1VCMl9WQUxJRDEPMA0GA1UECgwGU3dpdGNoMQswCQYDVQQGEwJVSzESMBAGCgmSJomT8ixkARkWAk1PMFkwEwYHKoZIzj0CAQYIKoZIzj0DAQcDQgAEHMR8BBuQ69sa5oonNzNyTMppyKA9JFnOKHlrSuleKsZoVFdRCpJlHFoUOmnxJ3wayr4tchFB3xB7jJjAckLZ46OB1jCB0zASBgNVHRMBAf8ECDAGAQH/AgEAMA4GA1UdDwEB/wQEAwIBxjAdBgNVHQ4EFgQUBOShk0LXo3ukHo2YAw6fh/vT5mowbQYIKwYBBQUHAQEEYTBfMCQGCCsGAQUFBzABhhhodHRwczovL3d3dy5leGFtcGxlLmNvbS8wNwYIKwYBBQUHMAKGK2h0dHBzOi8vd3d3LmV4YW1wbGUuY29tL0ludGVybWVkaWF0ZS1DQS5jZXIwHwYDVR0jBBgwFoAUIw4IOPzFFjrrThyNVhSk0fKtd+wwCgYIKoZIzj0EAwIDRwAwRAIgGCNE4tWgUqjzAxTow3Uf8HPoKnCT39oeZYFMGvM/LYYCIFAMF8lW7Xe8R54cYllDRUze2yNv30kI2CQ/LpZDgbcu", "MIICYzCCAgigAwIBAgICMEIwCgYIKoZIzj0EAwIwRTERMA8GA1UEAwwITU9Sb290Q0ExDzANBgNVBAoMBlN3aXRjaDELMAkGA1UEBhMCVUsxEjAQBgoJkiaJk/IsZAEZFgJNTzAeFw0yNjA3MjExMTUzMjFaFw0zMDA3MjAxMTUzMjFaMFYxIjAgBgNVBAMMGVBLSS1FeHRfQ1JUX01PX1NVQjFfVkFMSUQxDzANBgNVBAoMBlN3aXRjaDELMAkGA1UEBhMCVUsxEjAQBgoJkiaJk/IsZAEZFgJNTzBZMBMGByqGSM49AgEGCCqGSM49AwEHA0IABGX87iNhAe+7mzWkCS6yc3b4huU3NXoz1MH0PTcXKp2n5XPV+6+5/45AbhKSveAATuZUdQH6kGIOkRwA/KZ7u6yjgdYwgdMwEgYDVR0TAQH/BAgwBgEB/wIBATAOBgNVHQ8BAf8EBAMCAQYwHQYDVR0OBBYEFCMOCDj8xRY6604cjVYUpNHyrXfsMG0GCCsGAQUFBwEBBGEwXzAkBggrBgEFBQcwAYYYaHR0cHM6Ly93d3cuZXhhbXBsZS5jb20vMDcGCCsGAQUFBzAChitodHRwczovL3d3dy5leGFtcGxlLmNvbS9JbnRlcm1lZGlhdGUtQ0EuY2VyMB8GA1UdIwQYMBaAFJH0C7gAn6XBuT1ZPL8zNvr+zNl3MAoGCCqGSM49BAMCA0kAMEYCIQCGRcfkuKcJGq1zVhMJOMsJ1kWOiiHjQbMhQjobw8WqVwIhAOJ+7n6dWbsoc/v353G8L9R22c/+Y6t8BoYbGe5zimk4"]}}}}
INFO    2026-07-22 17:54:19,550 - iso15118.shared.exi_codec (248): Message to encode (ns=http://www.w3.org/2000/09/xmldsig#): {"SignedInfo": {"CanonicalizationMethod": {"Algorithm": "http://www.w3.org/TR/canonical-exi/"}, "SignatureMethod": {"Algorithm": "http://www.w3.org/2001/04/xmldsig-more#ecdsa-sha256"}, "Reference": [{"Transforms": {"Transform": [{"Algorithm": "http://www.w3.org/TR/canonical-exi/"}]}, "DigestMethod": {"Algorithm": "http://www.w3.org/2001/04/xmlenc#sha256"}, "DigestValue": "SezqH//L6d084/Dd33+BJ9hkPSdvLZ8MTKpgGC4LdH4=", "URI": "#id1"}]}}
INFO    2026-07-22 17:54:19,644 - iso15118.shared.exi_codec (248): Message to encode (ns=urn:iso:std:iso:15118:-20:CommonMessages): {"AuthorizationReq": {"Header": {"SessionID": "F699C6A059D4CCF7", "TimeStamp": 1784742859, "Signature": {"SignedInfo": {"CanonicalizationMethod": {"Algorithm": "http://www.w3.org/TR/canonical-exi/"}, "SignatureMethod": {"Algorithm": "http://www.w3.org/2001/04/xmldsig-more#ecdsa-sha256"}, "Reference": [{"Transforms": {"Transform": [{"Algorithm": "http://www.w3.org/TR/canonical-exi/"}]}, "DigestMethod": {"Algorithm": "http://www.w3.org/2001/04/xmlenc#sha256"}, "DigestValue": "SezqH//L6d084/Dd33+BJ9hkPSdvLZ8MTKpgGC4LdH4=", "URI": "#id1"}]}, "SignatureValue": {"value": "ByQDBVR0A0p/kXsjCBoNpcYCn/Urx86Lcdsey6ql2JRlTwneQDUKtzD21fV8iOrQI71fo8RhXkLhBS8dmDWbww=="}}}, "SelectedAuthorizationService": "PnC", "PnC_AReqAuthorizationMode": {"Id": "id1", "GenChallenge": "7c/YbppWE/ul5CFFI5SYGg==", "ContractCertificateChain": {"Certificate": "MIICZDCCAgmgAwIBAgICMEQwCgYIKoZIzj0EAwIwVjEiMCAGA1UEAwwZUEtJLUV4dF9DUlRfTU9fU1VCMl9WQUxJRDEPMA0GA1UECgwGU3dpdGNoMQswCQYDVQQGEwJVSzESMBAGCgmSJomT8ixkARkWAk1PMB4XDTI2MDcyMTExNTMyMVoXDTI4MDcyMDExNTMyMVowTDEYMBYGA1UEAwwPVUtTV0kxMjM0NTY3OTFBMQ8wDQYDVQQKDAZTd2l0Y2gxCzAJBgNVBAYTAlVLMRIwEAYKCZImiZPyLGQBGRYCTU8wWTATBgcqhkjOPQIBBggqhkjOPQMBBwNCAASPcMR9PWoRGsJUtanwWG35is1JNazQouYmCqlvsiEKQDyLpSCTLAIwK0AJji7FDgbpHrOM+82YCirJywcZzauHo4HQMIHNMAwGA1UdEwEB/wQCMAAwDgYDVR0PAQH/BAQDAgPoMB0GA1UdDgQWBBQWT/G4zhwa/+ySeGEklHCy7y6GETBtBggrBgEFBQcBAQRhMF8wJAYIKwYBBQUHMAGGGGh0dHBzOi8vd3d3LmV4YW1wbGUuY29tLzA3BggrBgEFBQcwAoYraHR0cHM6Ly93d3cuZXhhbXBsZS5jb20vSW50ZXJtZWRpYXRlLUNBLmNlcjAfBgNVHSMEGDAWgBQE5KGTQteje6QejZgDDp+H+9PmajAKBggqhkjOPQQDAgNJADBGAiEAhnFc5UjTZQCbuZkmR7eHnJ03PMj+1B3F/ULTFnjHLI8CIQDFYbLbXqyvIRGSjDQVjoUmhpqvGg4exZyIgKf1iWnHaw==", "SubCertificates": {"Certificate": ["MIICcjCCAhmgAwIBAgICMEMwCgYIKoZIzj0EAwIwVjEiMCAGA1UEAwwZUEtJLUV4dF9DUlRfTU9fU1VCMV9WQUxJRDEPMA0GA1UECgwGU3dpdGNoMQswCQYDVQQGEwJVSzESMBAGCgmSJomT8ixkARkWAk1PMB4XDTI2MDcyMTExNTMyMVoXDTMwMDcyMDExNTMyMVowVjEiMCAGA1UEAwwZUEtJLUV4dF9DUlRfTU9fU1VCMl9WQUxJRDEPMA0GA1UECgwGU3dpdGNoMQswCQYDVQQGEwJVSzESMBAGCgmSJomT8ixkARkWAk1PMFkwEwYHKoZIzj0CAQYIKoZIzj0DAQcDQgAEHMR8BBuQ69sa5oonNzNyTMppyKA9JFnOKHlrSuleKsZoVFdRCpJlHFoUOmnxJ3wayr4tchFB3xB7jJjAckLZ46OB1jCB0zASBgNVHRMBAf8ECDAGAQH/AgEAMA4GA1UdDwEB/wQEAwIBxjAdBgNVHQ4EFgQUBOShk0LXo3ukHo2YAw6fh/vT5mowbQYIKwYBBQUHAQEEYTBfMCQGCCsGAQUFBzABhhhodHRwczovL3d3dy5leGFtcGxlLmNvbS8wNwYIKwYBBQUHMAKGK2h0dHBzOi8vd3d3LmV4YW1wbGUuY29tL0ludGVybWVkaWF0ZS1DQS5jZXIwHwYDVR0jBBgwFoAUIw4IOPzFFjrrThyNVhSk0fKtd+wwCgYIKoZIzj0EAwIDRwAwRAIgGCNE4tWgUqjzAxTow3Uf8HPoKnCT39oeZYFMGvM/LYYCIFAMF8lW7Xe8R54cYllDRUze2yNv30kI2CQ/LpZDgbcu", "MIICYzCCAgigAwIBAgICMEIwCgYIKoZIzj0EAwIwRTERMA8GA1UEAwwITU9Sb290Q0ExDzANBgNVBAoMBlN3aXRjaDELMAkGA1UEBhMCVUsxEjAQBgoJkiaJk/IsZAEZFgJNTzAeFw0yNjA3MjExMTUzMjFaFw0zMDA3MjAxMTUzMjFaMFYxIjAgBgNVBAMMGVBLSS1FeHRfQ1JUX01PX1NVQjFfVkFMSUQxDzANBgNVBAoMBlN3aXRjaDELMAkGA1UEBhMCVUsxEjAQBgoJkiaJk/IsZAEZFgJNTzBZMBMGByqGSM49AgEGCCqGSM49AwEHA0IABGX87iNhAe+7mzWkCS6yc3b4huU3NXoz1MH0PTcXKp2n5XPV+6+5/45AbhKSveAATuZUdQH6kGIOkRwA/KZ7u6yjgdYwgdMwEgYDVR0TAQH/BAgwBgEB/wIBATAOBgNVHQ8BAf8EBAMCAQYwHQYDVR0OBBYEFCMOCDj8xRY6604cjVYUpNHyrXfsMG0GCCsGAQUFBwEBBGEwXzAkBggrBgEFBQcwAYYYaHR0cHM6Ly93d3cuZXhhbXBsZS5jb20vMDcGCCsGAQUFBzAChitodHRwczovL3d3dy5leGFtcGxlLmNvbS9JbnRlcm1lZGlhdGUtQ0EuY2VyMB8GA1UdIwQYMBaAFJH0C7gAn6XBuT1ZPL8zNvr+zNl3MAoGCCqGSM49BAMCA0kAMEYCIQCGRcfkuKcJGq1zVhMJOMsJ1kWOiiHjQbMhQjobw8WqVwIhAOJ+7n6dWbsoc/v353G8L9R22c/+Y6t8BoYbGe5zimk4"]}}}}}
INFO    2026-07-22 17:54:19,712 - iso15118.shared.comm_session (431): Sent AuthorizationReq
INFO    2026-07-22 17:54:19,712 - iso15118.shared.states (139): Entered state Authorization
INFO    2026-07-22 17:54:19,808 - iso15118.shared.exi_codec (302): Decoded message (ns=urn:iso:std:iso:15118:-20:CommonMessages): {"AuthorizationRes":{"Header":{"SessionID":"F699C6A059D4CCF7","TimeStamp":1784742859},"ResponseCode":"OK","EVSEProcessing":"Finished"}}
INFO    2026-07-22 17:54:19,808 - iso15118.shared.comm_session (235): AuthorizationRes received
INFO    2026-07-22 17:54:19,808 - iso15118.shared.exi_codec (248): Message to encode (ns=urn:iso:std:iso:15118:-20:CommonMessages): {"ServiceDiscoveryReq": {"Header": {"SessionID": "F699C6A059D4CCF7", "TimeStamp": 1784742859}}}
INFO    2026-07-22 17:54:19,847 - iso15118.shared.comm_session (431): Sent ServiceDiscoveryReq
INFO    2026-07-22 17:54:19,848 - iso15118.shared.states (139): Entered state ServiceDiscovery
INFO    2026-07-22 17:54:19,894 - iso15118.shared.exi_codec (302): Decoded message (ns=urn:iso:std:iso:15118:-20:CommonMessages): {"ServiceDiscoveryRes":{"Header":{"SessionID":"F699C6A059D4CCF7","TimeStamp":1784742859},"ResponseCode":"OK","ServiceRenegotiationSupported":true,"EnergyTransferServiceList":{"Service":[{"ServiceID":1,"FreeService":true},{"ServiceID":5,"FreeService":true}]}}}
INFO    2026-07-22 17:54:19,894 - iso15118.shared.comm_session (235): ServiceDiscoveryRes received
INFO    2026-07-22 17:54:19,894 - iso15118.shared.exi_codec (248): Message to encode (ns=urn:iso:std:iso:15118:-20:CommonMessages): {"ServiceDetailReq": {"Header": {"SessionID": "F699C6A059D4CCF7", "TimeStamp": 1784742859}, "ServiceID": 1}}
INFO    2026-07-22 17:54:19,937 - iso15118.shared.comm_session (431): Sent ServiceDetailReq
INFO    2026-07-22 17:54:19,937 - iso15118.shared.states (139): Entered state ServiceDetail
INFO    2026-07-22 17:54:19,996 - iso15118.shared.exi_codec (302): Decoded message (ns=urn:iso:std:iso:15118:-20:CommonMessages): {"ServiceDetailRes":{"Header":{"SessionID":"F699C6A059D4CCF7","TimeStamp":1784742859},"ResponseCode":"OK","ServiceID":1,"ServiceParameterList":{"ParameterSet":[{"ParameterSetID":1,"Parameter":[{"Name":"Connector","intValue":1},{"Name":"ControlMode","intValue":1},{"Name":"MobilityNeedsMode","intValue":1},{"Name":"Pricing","intValue":0}]},{"ParameterSetID":2,"Parameter":[{"Name":"Connector","intValue":1},{"Name":"ControlMode","intValue":2},{"Name":"MobilityNeedsMode","intValue":1},{"Name":"Pricing","intValue":0}]}]}}}
INFO    2026-07-22 17:54:19,997 - iso15118.shared.comm_session (235): ServiceDetailRes received
INFO    2026-07-22 17:54:19,998 - iso15118.evcc.states.iso15118_20_states (664): Selected Control Mode: 1
INFO    2026-07-22 17:54:19,999 - iso15118.shared.exi_codec (248): Message to encode (ns=urn:iso:std:iso:15118:-20:CommonMessages): {"ServiceSelectionReq": {"Header": {"SessionID": "F699C6A059D4CCF7", "TimeStamp": 1784742859}, "SelectedEnergyTransferService": {"ServiceID": 1, "ParameterSetID": 1}}}
INFO    2026-07-22 17:54:20,048 - iso15118.shared.comm_session (431): Sent ServiceSelectionReq
INFO    2026-07-22 17:54:20,048 - iso15118.shared.states (139): Entered state ServiceSelection
INFO    2026-07-22 17:54:20,094 - iso15118.shared.exi_codec (302): Decoded message (ns=urn:iso:std:iso:15118:-20:CommonMessages): {"ServiceSelectionRes":{"Header":{"SessionID":"F699C6A059D4CCF7","TimeStamp":1784742860},"ResponseCode":"OK"}}
INFO    2026-07-22 17:54:20,095 - iso15118.shared.comm_session (235): ServiceSelectionRes received
INFO    2026-07-22 17:54:20,095 - iso15118.shared.exi_codec (248): Message to encode (ns=urn:iso:std:iso:15118:-20:AC): {"AC_ChargeParameterDiscoveryReq": {"Header": {"SessionID": "F699C6A059D4CCF7", "TimeStamp": 1784742860}, "AC_CPDReqEnergyTransferMode": {"EVMaximumChargePower": {"Exponent": 3, "Value": 11}, "EVMinimumChargePower": {"Exponent": 0, "Value": 100}}}}
INFO    2026-07-22 17:54:20,169 - iso15118.shared.comm_session (431): Sent AC_ChargeParameterDiscoveryReq
INFO    2026-07-22 17:54:20,169 - iso15118.shared.states (139): Entered state ACChargeParameterDiscovery
INFO    2026-07-22 17:54:20,204 - iso15118.shared.exi_codec (302): Decoded message (ns=urn:iso:std:iso:15118:-20:AC): {"AC_ChargeParameterDiscoveryRes":{"Header":{"SessionID":"F699C6A059D4CCF7","TimeStamp":1784742860},"ResponseCode":"OK","AC_CPDResEnergyTransferMode":{"EVSEMaximumChargePower":{"Exponent":1,"Value":2200},"EVSEMinimumChargePower":{"Exponent":0,"Value":0},"EVSENominalFrequency":{"Exponent":0,"Value":50}}}}
INFO    2026-07-22 17:54:20,204 - iso15118.shared.comm_session (235): AC_ChargeParameterDiscoveryRes received
INFO    2026-07-22 17:54:20,205 - iso15118.shared.exi_codec (248): Message to encode (ns=urn:iso:std:iso:15118:-20:CommonMessages): {"ScheduleExchangeReq": {"Header": {"SessionID": "F699C6A059D4CCF7", "TimeStamp": 1784742860}, "MaximumSupportingPoints": 1024, "Scheduled_SEReqControlMode": {"DepartureTime": 7200, "EVTargetEnergyRequest": {"Exponent": 3, "Value": 10}, "EVMaximumEnergyRequest": {"Exponent": 3, "Value": 20}, "EVMinimumEnergyRequest": {"Exponent": -2, "Value": 5}, "EVEnergyOffer": {"EVPowerSchedule": {"TimeAnchor": 0, "EVPowerScheduleEntries": {"EVPowerScheduleEntry": [{"Duration": 3600, "Power": {"Exponent": 3, "Value": -10}}]}}, "EVAbsolutePriceSchedule": {"TimeAnchor": 0, "Currency": "EUR", "PriceAlgorithm": "urn:iso:std:iso:15118:-20:PriceAlgorithm:1-Power", "EVPriceRuleStacks": {"EVPriceRuleStack": [{"Duration": 0, "EVPriceRule": [{"EnergyFee": {"Exponent": 0, "Value": 0}, "PowerRangeStart": {"Exponent": 0, "Value": 0}}]}]}}}}}}
INFO    2026-07-22 17:54:20,260 - iso15118.shared.comm_session (431): Sent ScheduleExchangeReq
INFO    2026-07-22 17:54:20,260 - iso15118.shared.states (139): Entered state ScheduleExchange
INFO    2026-07-22 17:54:20,321 - iso15118.shared.exi_codec (302): Decoded message (ns=urn:iso:std:iso:15118:-20:CommonMessages): {"ScheduleExchangeRes":{"Header":{"SessionID":"F699C6A059D4CCF7","TimeStamp":1784742860},"ResponseCode":"OK","EVSEProcessing":"Finished","GoToPause":false,"Scheduled_SEResControlMode":{"ScheduleTuple":[{"ScheduleTupleID":1,"ChargingSchedule":{"PowerSchedule":{"TimeAnchor":0,"PowerScheduleEntries":{"PowerScheduleEntry":[{"Duration":3600,"Power":{"Exponent":0,"Value":100}}]}},"PriceLevelSchedule":{"TimeAnchor":0,"PriceScheduleID":1,"NumberOfPriceLevels":1,"PriceLevelScheduleEntries":{"PriceLevelScheduleEntry":[{"Duration":3600,"PriceLevel":0}]}}}}]}}}
INFO    2026-07-22 17:54:20,322 - iso15118.shared.comm_session (235): ScheduleExchangeRes received
INFO    2026-07-22 17:54:20,323 - iso15118.shared.exi_codec (248): Message to encode (ns=urn:iso:std:iso:15118:-20:CommonMessages): {"PowerDeliveryReq": {"Header": {"SessionID": "F699C6A059D4CCF7", "TimeStamp": 1784742860}, "EVProcessing": "Finished", "ChargeProgress": "Start", "EVPowerProfile": {"TimeAnchor": 0, "EVPowerProfileEntries": {"EVPowerProfileEntry": [{"Duration": 3600, "Power": {"Exponent": 0, "Value": 100}}]}, "Scheduled_EVPPTControlMode": {"SelectedScheduleTupleID": 1, "PowerToleranceAcceptance": "PowerToleranceConfirmed"}}}}
INFO    2026-07-22 17:54:20,370 - iso15118.shared.comm_session (431): Sent PowerDeliveryReq
INFO    2026-07-22 17:54:20,370 - iso15118.shared.states (139): Entered state PowerDelivery
INFO    2026-07-22 17:54:20,424 - iso15118.shared.exi_codec (302): Decoded message (ns=urn:iso:std:iso:15118:-20:CommonMessages): {"PowerDeliveryRes":{"Header":{"SessionID":"F699C6A059D4CCF7","TimeStamp":1784742860},"ResponseCode":"OK"}}
INFO    2026-07-22 17:54:20,425 - iso15118.shared.comm_session (235): PowerDeliveryRes received
INFO    2026-07-22 17:54:20,426 - iso15118.shared.exi_codec (248): Message to encode (ns=urn:iso:std:iso:15118:-20:AC): {"AC_ChargeLoopReq": {"Header": {"SessionID": "F699C6A059D4CCF7", "TimeStamp": 1784742860}, "DisplayParameters": {"PresentSOC": 10, "ChargingComplete": false}, "MeterInfoRequested": false, "Scheduled_AC_CLReqControlMode": {"EVPresentActivePower": {"Exponent": 3, "Value": 200}}}}
INFO    2026-07-22 17:54:20,459 - iso15118.shared.comm_session (431): Sent AC_ChargeLoopReq
INFO    2026-07-22 17:54:20,460 - iso15118.shared.states (139): Entered state ACChargeLoop
INFO    2026-07-22 17:54:20,502 - iso15118.shared.exi_codec (302): Decoded message (ns=urn:iso:std:iso:15118:-20:AC): {"AC_ChargeLoopRes":{"Header":{"SessionID":"F699C6A059D4CCF7","TimeStamp":1784742860},"ResponseCode":"OK","EVSEStatus":{"NotificationMaxDelay":0,"EVSENotification":"ServiceRenegotiation"},"Scheduled_AC_CLResControlMode":{}}}
INFO    2026-07-22 17:54:20,503 - iso15118.shared.comm_session (235): AC_ChargeLoopRes received
INFO    2026-07-22 17:54:20,503 - iso15118.shared.exi_codec (248): Message to encode (ns=urn:iso:std:iso:15118:-20:CommonMessages): {"PowerDeliveryReq": {"Header": {"SessionID": "F699C6A059D4CCF7", "TimeStamp": 1784742860}, "EVProcessing": "Finished", "ChargeProgress": "Stop"}}
INFO    2026-07-22 17:54:20,542 - iso15118.shared.comm_session (431): Sent PowerDeliveryReq
INFO    2026-07-22 17:54:20,542 - iso15118.shared.states (139): Entered state PowerDelivery
INFO    2026-07-22 17:54:20,591 - iso15118.shared.exi_codec (302): Decoded message (ns=urn:iso:std:iso:15118:-20:CommonMessages): {"PowerDeliveryRes":{"Header":{"SessionID":"F699C6A059D4CCF7","TimeStamp":1784742860},"ResponseCode":"OK"}}
INFO    2026-07-22 17:54:20,592 - iso15118.shared.comm_session (235): PowerDeliveryRes received
INFO    2026-07-22 17:54:20,592 - iso15118.shared.exi_codec (248): Message to encode (ns=urn:iso:std:iso:15118:-20:CommonMessages): {"SessionStopReq": {"Header": {"SessionID": "F699C6A059D4CCF7", "TimeStamp": 1784742860}, "ChargingSession": "ServiceRenegotiation"}}
INFO    2026-07-22 17:54:20,635 - iso15118.shared.comm_session (431): Sent SessionStopReq
INFO    2026-07-22 17:54:20,635 - iso15118.shared.states (139): Entered state SessionStop
INFO    2026-07-22 17:54:20,681 - iso15118.shared.exi_codec (302): Decoded message (ns=urn:iso:std:iso:15118:-20:CommonMessages): {"SessionStopRes":{"Header":{"SessionID":"F699C6A059D4CCF7","TimeStamp":1784742860},"ResponseCode":"OK"}}
INFO    2026-07-22 17:54:20,682 - iso15118.shared.comm_session (235): SessionStopRes received
INFO    2026-07-22 17:54:20,683 - iso15118.shared.comm_session (395): The data link will terminate in 2 seconds and the TCP connection will close in 5 seconds. 
INFO    2026-07-22 17:54:20,683 - iso15118.shared.comm_session (399): Reason: FaultyStateImplementationError occurred while processing message  in state SessionStop : Field 'next_v2gtp_msg' is None but must be set because next state is not Terminate. : Field 'next_v2gtp_msg' is None but must be set because next state is not Terminate
INFO    2026-07-22 17:54:22,685 - iso15118.shared.comm_session (410): terminated the data link
INFO    2026-07-22 17:54:25,690 - iso15118.shared.comm_session (417): TCP connection closed to peer with address ('fe80::215:5dff:fe46:863f', 55000, 0, 2)
ERROR    2026-07-22 17:54:25,690 - iso15118.evcc.comm_session_handler (569): EVCC tried to initiate a V2GCommunicationSession, but maximum number of SDP retry cycles (1) is now reached. Shutting down high-level communication. Unplug and plug in the cable again if you want to start anew.
Traceback (most recent call last):
  File "/venv/lib/python3.10/site-packages/iso15118/evcc/comm_session_handler.py", line 567, in get_from_rcv_queue
    await self.restart_sdp(True)
  File "/venv/lib/python3.10/site-packages/iso15118/evcc/comm_session_handler.py", line 384, in restart_sdp
    raise SDPFailedError(
iso15118.shared.exceptions.SDPFailedError: EVCC tried to initiate a V2GCommunicationSession, but maximum number of SDP retry cycles (1) is now reached. Shutting down high-level communication. Unplug and plug in the cable again if you want to start anew.
