INFO    2026-07-22 17:47:14,766 - iso15118.evcc.evcc_settings (48): EVCC environment settings:
INFO    2026-07-22 17:47:14,767 - iso15118.evcc.evcc_settings (50): PKI_PATH                      : /venv/lib/python3.10/site-packages/iso15118/shared/pki/
INFO    2026-07-22 17:47:14,767 - iso15118.evcc.evcc_settings (50): MESSAGE_LOG_JSON              : True
INFO    2026-07-22 17:47:14,767 - iso15118.evcc.evcc_settings (50): MESSAGE_LOG_EXI               : False
INFO    2026-07-22 17:47:14,767 - iso15118.evcc.evcc_settings (50): ENABLE_TLS_1_3                : False
INFO    2026-07-22 17:47:14,767 - iso15118.evcc.evcc_settings (52): NETWORK_INTERFACE             : eth0
INFO    2026-07-22 17:47:14,767 - iso15118.evcc.evcc_settings (52): LOG_LEVEL                     : INFO
INFO    2026-07-22 17:47:14,767 - iso15118.evcc.evcc_settings (52): EVCC_CONFIG_PATH              : /venv/lib/python3.10/site-packages/iso15118/shared/examples/evcc/iso15118_2/evcc_config_eim_ac.json
INFO    2026-07-22 17:47:14,779 - iso15118.evcc.evcc_config (120): EVCC Settings
INFO    2026-07-22 17:47:14,779 - iso15118.evcc.evcc_config (123): supported_energy_services     : [<ServiceV20.AC: 1>]
INFO    2026-07-22 17:47:14,779 - iso15118.evcc.evcc_config (123): is_cert_install_needed        : False
INFO    2026-07-22 17:47:14,779 - iso15118.evcc.evcc_config (123): use_tls                       : False
INFO    2026-07-22 17:47:14,779 - iso15118.evcc.evcc_config (123): sdp_retry_cycles              : 1
INFO    2026-07-22 17:47:14,779 - iso15118.evcc.evcc_config (123): max_contract_certs            : 3
INFO    2026-07-22 17:47:14,779 - iso15118.evcc.evcc_config (123): enforce_tls                   : False
INFO    2026-07-22 17:47:14,779 - iso15118.evcc.evcc_config (123): supported_protocols           : [<Protocol.ISO_15118_2: (<Namespace.ISO_V2_MSG_DEF: 'urn:iso:15118:2:2013:MsgDef'>, <enum 'ISOV2PayloadTypes'>)>]
INFO    2026-07-22 17:47:14,779 - iso15118.evcc.evcc_config (123): energy_transfer_mode          : AC_three_phase_core
INFO    2026-07-22 17:47:14,779 - iso15118.evcc.evcc_config (123): max_supporting_points         : 1024
INFO    2026-07-22 17:47:14,779 - iso15118.evcc.evcc_config (123): charge_loop_cycle             : 10
INFO    2026-07-22 17:47:14,779 - iso15118.evcc.evcc_config (123): charge_loop_delay_time        : 0
INFO    2026-07-22 17:47:16,449 - iso15118.shared.exi_codec (177): EXI Codec version: 1.55
INFO    2026-07-22 17:47:16,450 - iso15118.evcc (30): Starting 15118 version: 0.31.2
INFO    2026-07-22 17:47:16,450 - iso15118.evcc.comm_session_handler (313): Communication session handler started
INFO    2026-07-22 17:47:16,451 - iso15118.evcc.comm_session_handler (398): Remaining SDP requests: 50
INFO    2026-07-22 17:47:16,552 - iso15118.evcc.comm_session_handler (335): Sending SDPRequest: [Security: NO_TLS, Protocol: TCP]
INFO    2026-07-22 17:47:16,607 - iso15118.evcc.transport.udp_client (105): Received datagram from UDP server at address ('fe80::215:5dff:fe46:863f', 15118, 0, 2)
INFO    2026-07-22 17:47:16,608 - iso15118.evcc.comm_session_handler (485): SDPResponse received: [ IP address: fe80::215:5dff:fe46:863f, Port: 55000 , Security: NO_TLS , Transport: TCP ]
INFO    2026-07-22 17:47:16,608 - iso15118.evcc.comm_session_handler (416): Starting TCP client, trying to connect to fe80::215:5dff:fe46:863f at port 55000 ...
INFO    2026-07-22 17:47:16,610 - iso15118.evcc.comm_session_handler (423): TCP client connected
INFO    2026-07-22 17:47:16,627 - iso15118.shared.comm_session (344): Starting a new communication session
INFO    2026-07-22 17:47:16,627 - iso15118.shared.states (139): Entered state SupportedAppProtocol
INFO    2026-07-22 17:47:16,628 - iso15118.shared.exi_codec (248): Message to encode (ns=urn:iso:15118:2:2010:AppProtocol): {"supportedAppProtocolReq": {"AppProtocol": [{"ProtocolNamespace": "urn:iso:15118:2:2013:MsgDef", "VersionNumberMajor": 2, "VersionNumberMinor": 0, "SchemaID": 1, "Priority": 1}]}}
INFO    2026-07-22 17:47:16,683 - iso15118.shared.comm_session (431): Sent supportedAppProtocolReq
INFO    2026-07-22 17:47:16,851 - iso15118.shared.exi_codec (302): Decoded message (ns=urn:iso:15118:2:2010:AppProtocol): {"supportedAppProtocolRes":{"ResponseCode":"OK_SuccessfulNegotiation","SchemaID":1}}
INFO    2026-07-22 17:47:16,852 - iso15118.shared.comm_session (235): supportedAppProtocolRes received
INFO    2026-07-22 17:47:16,852 - iso15118.evcc.states.sap_states (159): Chosen protocol: ISO_15118_2
INFO    2026-07-22 17:47:16,853 - iso15118.shared.exi_codec (248): Message to encode (ns=urn:iso:15118:2:2013:MsgDef): {"V2G_Message": {"Header": {"SessionID": "00"}, "Body": {"SessionSetupReq": {"EVCCID": "00155D46863F"}}}}
INFO    2026-07-22 17:47:17,001 - iso15118.shared.comm_session (431): Sent SessionSetupReq
INFO    2026-07-22 17:47:17,002 - iso15118.shared.states (139): Entered state SessionSetup
INFO    2026-07-22 17:47:17,534 - iso15118.shared.exi_codec (302): Decoded message (ns=urn:iso:15118:2:2013:MsgDef): {"V2G_Message":{"Header":{"SessionID":"4AC02B2F67980B93"},"Body":{"SessionSetupRes":{"ResponseCode":"OK_NewSessionEstablished","EVSEID":"DE*ABC*E1","EVSETimeStamp":1600000000}}}}
INFO    2026-07-22 17:47:17,534 - iso15118.shared.comm_session (235): SessionSetupRes received
INFO    2026-07-22 17:47:17,535 - iso15118.shared.exi_codec (248): Message to encode (ns=urn:iso:15118:2:2013:MsgDef): {"V2G_Message": {"Header": {"SessionID": "4AC02B2F67980B93"}, "Body": {"ServiceDiscoveryReq": {}}}}
INFO    2026-07-22 17:47:17,616 - iso15118.shared.comm_session (431): Sent ServiceDiscoveryReq
INFO    2026-07-22 17:47:17,617 - iso15118.shared.states (139): Entered state ServiceDiscovery
INFO    2026-07-22 17:47:17,723 - iso15118.shared.exi_codec (302): Decoded message (ns=urn:iso:15118:2:2013:MsgDef): {"V2G_Message":{"Header":{"SessionID":"4AC02B2F67980B93"},"Body":{"ServiceDiscoveryRes":{"ResponseCode":"OK","PaymentOptionList":{"PaymentOption":["Contract","ExternalPayment"]},"ChargeService":{"ServiceID":1,"ServiceName":"AC","ServiceCategory":"EVCharging","FreeService":true,"SupportedEnergyTransferMode":{"EnergyTransferMode":["AC_three_phase_core"]}}}}}}
INFO    2026-07-22 17:47:17,724 - iso15118.shared.comm_session (235): ServiceDiscoveryRes received
INFO    2026-07-22 17:47:17,724 - iso15118.shared.exi_codec (248): Message to encode (ns=urn:iso:15118:2:2013:MsgDef): {"V2G_Message": {"Header": {"SessionID": "4AC02B2F67980B93"}, "Body": {"PaymentServiceSelectionReq": {"SelectedPaymentOption": "ExternalPayment", "SelectedServiceList": {"SelectedService": [{"ServiceID": 1}]}}}}}
INFO    2026-07-22 17:47:17,818 - iso15118.shared.comm_session (431): Sent PaymentServiceSelectionReq
INFO    2026-07-22 17:47:17,818 - iso15118.shared.states (139): Entered state PaymentServiceSelection
INFO    2026-07-22 17:47:17,906 - iso15118.shared.exi_codec (302): Decoded message (ns=urn:iso:15118:2:2013:MsgDef): {"V2G_Message":{"Header":{"SessionID":"4AC02B2F67980B93"},"Body":{"PaymentServiceSelectionRes":{"ResponseCode":"OK"}}}}
INFO    2026-07-22 17:47:17,906 - iso15118.shared.comm_session (235): PaymentServiceSelectionRes received
INFO    2026-07-22 17:47:17,907 - iso15118.shared.exi_codec (248): Message to encode (ns=urn:iso:15118:2:2013:MsgDef): {"V2G_Message": {"Header": {"SessionID": "4AC02B2F67980B93"}, "Body": {"AuthorizationReq": {}}}}
INFO    2026-07-22 17:47:17,975 - iso15118.shared.comm_session (431): Sent AuthorizationReq
INFO    2026-07-22 17:47:17,975 - iso15118.shared.states (139): Entered state Authorization
INFO    2026-07-22 17:47:18,036 - iso15118.shared.exi_codec (302): Decoded message (ns=urn:iso:15118:2:2013:MsgDef): {"V2G_Message":{"Header":{"SessionID":"4AC02B2F67980B93"},"Body":{"AuthorizationRes":{"ResponseCode":"OK","EVSEProcessing":"Finished"}}}}
INFO    2026-07-22 17:47:18,036 - iso15118.shared.comm_session (235): AuthorizationRes received
INFO    2026-07-22 17:47:18,037 - iso15118.shared.exi_codec (248): Message to encode (ns=urn:iso:15118:2:2013:MsgDef): {"V2G_Message": {"Header": {"SessionID": "4AC02B2F67980B93"}, "Body": {"ChargeParameterDiscoveryReq": {"RequestedEnergyTransferMode": "AC_three_phase_core", "AC_EVChargeParameter": {"DepartureTime": 0, "EAmount": {"Value": 60, "Multiplier": 0, "Unit": "Wh"}, "EVMaxVoltage": {"Value": 400, "Multiplier": 0, "Unit": "V"}, "EVMaxCurrent": {"Value": 32000, "Multiplier": -3, "Unit": "A"}, "EVMinCurrent": {"Value": 10, "Multiplier": 0, "Unit": "A"}}}}}}
INFO    2026-07-22 17:47:18,109 - iso15118.shared.comm_session (431): Sent ChargeParameterDiscoveryReq
INFO    2026-07-22 17:47:18,109 - iso15118.shared.states (139): Entered state ChargeParameterDiscovery
INFO    2026-07-22 17:47:18,182 - iso15118.shared.exi_codec (302): Decoded message (ns=urn:iso:15118:2:2013:MsgDef): {"V2G_Message":{"Header":{"SessionID":"4AC02B2F67980B93"},"Body":{"ChargeParameterDiscoveryRes":{"ResponseCode":"OK","EVSEProcessing":"Finished","SAScheduleList":{"SAScheduleTuple":[{"SAScheduleTupleID":1,"PMaxSchedule":{"PMaxScheduleEntry":[{"RelativeTimeInterval":{"start":0,"duration":3600},"PMax":{"Multiplier":0,"Unit":"W","Value":11000}}]}}]},"AC_EVSEChargeParameter":{"AC_EVSEStatus":{"NotificationMaxDelay":0,"EVSENotification":"None","RCD":false},"EVSENominalVoltage":{"Multiplier":0,"Unit":"V","Value":230},"EVSEMaxCurrent":{"Multiplier":0,"Unit":"A","Value":32}}}}}}
INFO    2026-07-22 17:47:18,183 - iso15118.shared.comm_session (235): ChargeParameterDiscoveryRes received
INFO    2026-07-22 17:47:18,184 - iso15118.shared.exi_codec (248): Message to encode (ns=urn:iso:15118:2:2013:MsgDef): {"V2G_Message": {"Header": {"SessionID": "4AC02B2F67980B93"}, "Body": {"PowerDeliveryReq": {"ChargeProgress": "Start", "SAScheduleTupleID": 1, "ChargingProfile": {"ProfileEntry": [{"ChargingProfileEntryStart": 0, "ChargingProfileEntryMaxPower": {"Value": 11000, "Multiplier": 0, "Unit": "W"}}, {"ChargingProfileEntryStart": 3600, "ChargingProfileEntryMaxPower": {"Value": 0, "Multiplier": 0, "Unit": "W"}}]}}}}}
INFO    2026-07-22 17:47:18,246 - iso15118.shared.comm_session (431): Sent PowerDeliveryReq
INFO    2026-07-22 17:47:18,246 - iso15118.shared.states (139): Entered state PowerDelivery
INFO    2026-07-22 17:47:18,313 - iso15118.shared.exi_codec (302): Decoded message (ns=urn:iso:15118:2:2013:MsgDef): {"V2G_Message":{"Header":{"SessionID":"4AC02B2F67980B93"},"Body":{"PowerDeliveryRes":{"ResponseCode":"OK","AC_EVSEStatus":{"NotificationMaxDelay":0,"EVSENotification":"None","RCD":false}}}}}
INFO    2026-07-22 17:47:18,313 - iso15118.shared.comm_session (235): PowerDeliveryRes received
INFO    2026-07-22 17:47:18,314 - iso15118.shared.exi_codec (248): Message to encode (ns=urn:iso:15118:2:2013:MsgDef): {"V2G_Message": {"Header": {"SessionID": "4AC02B2F67980B93"}, "Body": {"ChargingStatusReq": {}}}}
INFO    2026-07-22 17:47:18,367 - iso15118.shared.comm_session (431): Sent ChargingStatusReq
INFO    2026-07-22 17:47:18,367 - iso15118.shared.states (139): Entered state ChargingStatus
INFO    2026-07-22 17:47:18,467 - iso15118.shared.exi_codec (302): Decoded message (ns=urn:iso:15118:2:2013:MsgDef): {"V2G_Message":{"Header":{"SessionID":"4AC02B2F67980B93"},"Body":{"ChargingStatusRes":{"ResponseCode":"OK","EVSEID":"DE*ABC*E1","SAScheduleTupleID":1,"AC_EVSEStatus":{"NotificationMaxDelay":0,"EVSENotification":"ReNegotiation","RCD":false}}}}}
INFO    2026-07-22 17:47:18,468 - iso15118.shared.comm_session (235): ChargingStatusRes received
INFO    2026-07-22 17:47:18,469 - iso15118.shared.exi_codec (248): Message to encode (ns=urn:iso:15118:2:2013:MsgDef): {"V2G_Message": {"Header": {"SessionID": "4AC02B2F67980B93"}, "Body": {"PowerDeliveryReq": {"ChargeProgress": "Renegotiate", "SAScheduleTupleID": 1}}}}
INFO    2026-07-22 17:47:18,534 - iso15118.shared.comm_session (431): Sent PowerDeliveryReq
INFO    2026-07-22 17:47:18,534 - iso15118.shared.states (139): Entered state PowerDelivery
INFO    2026-07-22 17:47:18,595 - iso15118.shared.exi_codec (302): Decoded message (ns=urn:iso:15118:2:2013:MsgDef): {"V2G_Message":{"Header":{"SessionID":"4AC02B2F67980B93"},"Body":{"PowerDeliveryRes":{"ResponseCode":"OK","AC_EVSEStatus":{"NotificationMaxDelay":0,"EVSENotification":"None","RCD":false}}}}}
INFO    2026-07-22 17:47:18,595 - iso15118.shared.comm_session (235): PowerDeliveryRes received
INFO    2026-07-22 17:47:18,596 - iso15118.shared.exi_codec (248): Message to encode (ns=urn:iso:15118:2:2013:MsgDef): {"V2G_Message": {"Header": {"SessionID": "4AC02B2F67980B93"}, "Body": {"ChargeParameterDiscoveryReq": {"RequestedEnergyTransferMode": "AC_three_phase_core", "AC_EVChargeParameter": {"DepartureTime": 0, "EAmount": {"Value": 60, "Multiplier": 0, "Unit": "Wh"}, "EVMaxVoltage": {"Value": 400, "Multiplier": 0, "Unit": "V"}, "EVMaxCurrent": {"Value": 32000, "Multiplier": -3, "Unit": "A"}, "EVMinCurrent": {"Value": 10, "Multiplier": 0, "Unit": "A"}}}}}}
INFO    2026-07-22 17:47:18,652 - iso15118.shared.comm_session (431): Sent ChargeParameterDiscoveryReq
INFO    2026-07-22 17:47:18,652 - iso15118.shared.states (139): Entered state ChargeParameterDiscovery
INFO    2026-07-22 17:47:18,706 - iso15118.shared.exi_codec (302): Decoded message (ns=urn:iso:15118:2:2013:MsgDef): {"V2G_Message":{"Header":{"SessionID":"4AC02B2F67980B93"},"Body":{"ChargeParameterDiscoveryRes":{"ResponseCode":"OK","EVSEProcessing":"Finished","SAScheduleList":{"SAScheduleTuple":[{"SAScheduleTupleID":1,"PMaxSchedule":{"PMaxScheduleEntry":[{"RelativeTimeInterval":{"start":0,"duration":3600},"PMax":{"Multiplier":0,"Unit":"W","Value":11000}}]}}]},"AC_EVSEChargeParameter":{"AC_EVSEStatus":{"NotificationMaxDelay":0,"EVSENotification":"None","RCD":false},"EVSENominalVoltage":{"Multiplier":0,"Unit":"V","Value":230},"EVSEMaxCurrent":{"Multiplier":0,"Unit":"A","Value":32}}}}}}
INFO    2026-07-22 17:47:18,707 - iso15118.shared.comm_session (235): ChargeParameterDiscoveryRes received
INFO    2026-07-22 17:47:18,707 - iso15118.shared.exi_codec (248): Message to encode (ns=urn:iso:15118:2:2013:MsgDef): {"V2G_Message": {"Header": {"SessionID": "4AC02B2F67980B93"}, "Body": {"PowerDeliveryReq": {"ChargeProgress": "Start", "SAScheduleTupleID": 1, "ChargingProfile": {"ProfileEntry": [{"ChargingProfileEntryStart": 0, "ChargingProfileEntryMaxPower": {"Value": 11000, "Multiplier": 0, "Unit": "W"}}, {"ChargingProfileEntryStart": 3600, "ChargingProfileEntryMaxPower": {"Value": 0, "Multiplier": 0, "Unit": "W"}}]}}}}}
INFO    2026-07-22 17:47:18,752 - iso15118.shared.comm_session (431): Sent PowerDeliveryReq
INFO    2026-07-22 17:47:18,752 - iso15118.shared.states (139): Entered state PowerDelivery
INFO    2026-07-22 17:47:18,802 - iso15118.shared.exi_codec (302): Decoded message (ns=urn:iso:15118:2:2013:MsgDef): {"V2G_Message":{"Header":{"SessionID":"4AC02B2F67980B93"},"Body":{"PowerDeliveryRes":{"ResponseCode":"OK","AC_EVSEStatus":{"NotificationMaxDelay":0,"EVSENotification":"None","RCD":false}}}}}
INFO    2026-07-22 17:47:18,803 - iso15118.shared.comm_session (235): PowerDeliveryRes received
INFO    2026-07-22 17:47:18,804 - iso15118.shared.exi_codec (248): Message to encode (ns=urn:iso:15118:2:2013:MsgDef): {"V2G_Message": {"Header": {"SessionID": "4AC02B2F67980B93"}, "Body": {"ChargingStatusReq": {}}}}
INFO    2026-07-22 17:47:18,865 - iso15118.shared.comm_session (431): Sent ChargingStatusReq
INFO    2026-07-22 17:47:18,865 - iso15118.shared.states (139): Entered state ChargingStatus
INFO    2026-07-22 17:47:18,922 - iso15118.shared.exi_codec (302): Decoded message (ns=urn:iso:15118:2:2013:MsgDef): {"V2G_Message":{"Header":{"SessionID":"4AC02B2F67980B93"},"Body":{"ChargingStatusRes":{"ResponseCode":"OK","EVSEID":"DE*ABC*E1","SAScheduleTupleID":1,"AC_EVSEStatus":{"NotificationMaxDelay":0,"EVSENotification":"None","RCD":false}}}}}
INFO    2026-07-22 17:47:18,922 - iso15118.shared.comm_session (235): ChargingStatusRes received
INFO    2026-07-22 17:47:18,923 - iso15118.evcc.states.iso15118_2_states (1180): Next ChargeLoop Req in 0 seconds
INFO    2026-07-22 17:47:18,923 - iso15118.shared.exi_codec (248): Message to encode (ns=urn:iso:15118:2:2013:MsgDef): {"V2G_Message": {"Header": {"SessionID": "4AC02B2F67980B93"}, "Body": {"ChargingStatusReq": {}}}}
INFO    2026-07-22 17:47:18,971 - iso15118.shared.comm_session (431): Sent ChargingStatusReq
INFO    2026-07-22 17:47:18,971 - iso15118.shared.states (139): Entered state ChargingStatus
INFO    2026-07-22 17:47:19,028 - iso15118.shared.exi_codec (302): Decoded message (ns=urn:iso:15118:2:2013:MsgDef): {"V2G_Message":{"Header":{"SessionID":"4AC02B2F67980B93"},"Body":{"ChargingStatusRes":{"ResponseCode":"OK","EVSEID":"DE*ABC*E1","SAScheduleTupleID":1,"AC_EVSEStatus":{"NotificationMaxDelay":0,"EVSENotification":"None","RCD":false}}}}}
INFO    2026-07-22 17:47:19,029 - iso15118.shared.comm_session (235): ChargingStatusRes received
INFO    2026-07-22 17:47:19,030 - iso15118.evcc.states.iso15118_2_states (1180): Next ChargeLoop Req in 0 seconds
INFO    2026-07-22 17:47:19,030 - iso15118.shared.exi_codec (248): Message to encode (ns=urn:iso:15118:2:2013:MsgDef): {"V2G_Message": {"Header": {"SessionID": "4AC02B2F67980B93"}, "Body": {"ChargingStatusReq": {}}}}
INFO    2026-07-22 17:47:19,100 - iso15118.shared.comm_session (431): Sent ChargingStatusReq
INFO    2026-07-22 17:47:19,101 - iso15118.shared.states (139): Entered state ChargingStatus
INFO    2026-07-22 17:47:19,177 - iso15118.shared.exi_codec (302): Decoded message (ns=urn:iso:15118:2:2013:MsgDef): {"V2G_Message":{"Header":{"SessionID":"4AC02B2F67980B93"},"Body":{"ChargingStatusRes":{"ResponseCode":"OK","EVSEID":"DE*ABC*E1","SAScheduleTupleID":1,"AC_EVSEStatus":{"NotificationMaxDelay":0,"EVSENotification":"None","RCD":false}}}}}
INFO    2026-07-22 17:47:19,177 - iso15118.shared.comm_session (235): ChargingStatusRes received
INFO    2026-07-22 17:47:19,178 - iso15118.evcc.states.iso15118_2_states (1180): Next ChargeLoop Req in 0 seconds
INFO    2026-07-22 17:47:19,178 - iso15118.shared.exi_codec (248): Message to encode (ns=urn:iso:15118:2:2013:MsgDef): {"V2G_Message": {"Header": {"SessionID": "4AC02B2F67980B93"}, "Body": {"ChargingStatusReq": {}}}}
INFO    2026-07-22 17:47:19,231 - iso15118.shared.comm_session (431): Sent ChargingStatusReq
INFO    2026-07-22 17:47:19,231 - iso15118.shared.states (139): Entered state ChargingStatus
INFO    2026-07-22 17:47:19,274 - iso15118.shared.exi_codec (302): Decoded message (ns=urn:iso:15118:2:2013:MsgDef): {"V2G_Message":{"Header":{"SessionID":"4AC02B2F67980B93"},"Body":{"ChargingStatusRes":{"ResponseCode":"OK","EVSEID":"DE*ABC*E1","SAScheduleTupleID":1,"AC_EVSEStatus":{"NotificationMaxDelay":0,"EVSENotification":"None","RCD":false}}}}}
INFO    2026-07-22 17:47:19,275 - iso15118.shared.comm_session (235): ChargingStatusRes received
INFO    2026-07-22 17:47:19,275 - iso15118.evcc.states.iso15118_2_states (1180): Next ChargeLoop Req in 0 seconds
INFO    2026-07-22 17:47:19,275 - iso15118.shared.exi_codec (248): Message to encode (ns=urn:iso:15118:2:2013:MsgDef): {"V2G_Message": {"Header": {"SessionID": "4AC02B2F67980B93"}, "Body": {"ChargingStatusReq": {}}}}
INFO    2026-07-22 17:47:19,315 - iso15118.shared.comm_session (431): Sent ChargingStatusReq
INFO    2026-07-22 17:47:19,315 - iso15118.shared.states (139): Entered state ChargingStatus
INFO    2026-07-22 17:47:19,356 - iso15118.shared.exi_codec (302): Decoded message (ns=urn:iso:15118:2:2013:MsgDef): {"V2G_Message":{"Header":{"SessionID":"4AC02B2F67980B93"},"Body":{"ChargingStatusRes":{"ResponseCode":"OK","EVSEID":"DE*ABC*E1","SAScheduleTupleID":1,"AC_EVSEStatus":{"NotificationMaxDelay":0,"EVSENotification":"None","RCD":false}}}}}
INFO    2026-07-22 17:47:19,356 - iso15118.shared.comm_session (235): ChargingStatusRes received
INFO    2026-07-22 17:47:19,357 - iso15118.evcc.states.iso15118_2_states (1180): Next ChargeLoop Req in 0 seconds
INFO    2026-07-22 17:47:19,357 - iso15118.shared.exi_codec (248): Message to encode (ns=urn:iso:15118:2:2013:MsgDef): {"V2G_Message": {"Header": {"SessionID": "4AC02B2F67980B93"}, "Body": {"ChargingStatusReq": {}}}}
INFO    2026-07-22 17:47:19,401 - iso15118.shared.comm_session (431): Sent ChargingStatusReq
INFO    2026-07-22 17:47:19,401 - iso15118.shared.states (139): Entered state ChargingStatus
INFO    2026-07-22 17:47:19,441 - iso15118.shared.exi_codec (302): Decoded message (ns=urn:iso:15118:2:2013:MsgDef): {"V2G_Message":{"Header":{"SessionID":"4AC02B2F67980B93"},"Body":{"ChargingStatusRes":{"ResponseCode":"OK","EVSEID":"DE*ABC*E1","SAScheduleTupleID":1,"AC_EVSEStatus":{"NotificationMaxDelay":0,"EVSENotification":"None","RCD":false}}}}}
INFO    2026-07-22 17:47:19,441 - iso15118.shared.comm_session (235): ChargingStatusRes received
INFO    2026-07-22 17:47:19,441 - iso15118.evcc.states.iso15118_2_states (1180): Next ChargeLoop Req in 0 seconds
INFO    2026-07-22 17:47:19,442 - iso15118.shared.exi_codec (248): Message to encode (ns=urn:iso:15118:2:2013:MsgDef): {"V2G_Message": {"Header": {"SessionID": "4AC02B2F67980B93"}, "Body": {"ChargingStatusReq": {}}}}
INFO    2026-07-22 17:47:19,475 - iso15118.shared.comm_session (431): Sent ChargingStatusReq
INFO    2026-07-22 17:47:19,475 - iso15118.shared.states (139): Entered state ChargingStatus
INFO    2026-07-22 17:47:19,514 - iso15118.shared.exi_codec (302): Decoded message (ns=urn:iso:15118:2:2013:MsgDef): {"V2G_Message":{"Header":{"SessionID":"4AC02B2F67980B93"},"Body":{"ChargingStatusRes":{"ResponseCode":"OK","EVSEID":"DE*ABC*E1","SAScheduleTupleID":1,"AC_EVSEStatus":{"NotificationMaxDelay":0,"EVSENotification":"None","RCD":false}}}}}
INFO    2026-07-22 17:47:19,514 - iso15118.shared.comm_session (235): ChargingStatusRes received
INFO    2026-07-22 17:47:19,514 - iso15118.evcc.states.iso15118_2_states (1180): Next ChargeLoop Req in 0 seconds
INFO    2026-07-22 17:47:19,515 - iso15118.shared.exi_codec (248): Message to encode (ns=urn:iso:15118:2:2013:MsgDef): {"V2G_Message": {"Header": {"SessionID": "4AC02B2F67980B93"}, "Body": {"ChargingStatusReq": {}}}}
INFO    2026-07-22 17:47:19,557 - iso15118.shared.comm_session (431): Sent ChargingStatusReq
INFO    2026-07-22 17:47:19,558 - iso15118.shared.states (139): Entered state ChargingStatus
INFO    2026-07-22 17:47:19,597 - iso15118.shared.exi_codec (302): Decoded message (ns=urn:iso:15118:2:2013:MsgDef): {"V2G_Message":{"Header":{"SessionID":"4AC02B2F67980B93"},"Body":{"ChargingStatusRes":{"ResponseCode":"OK","EVSEID":"DE*ABC*E1","SAScheduleTupleID":1,"AC_EVSEStatus":{"NotificationMaxDelay":0,"EVSENotification":"None","RCD":false}}}}}
INFO    2026-07-22 17:47:19,598 - iso15118.shared.comm_session (235): ChargingStatusRes received
INFO    2026-07-22 17:47:19,598 - iso15118.evcc.states.iso15118_2_states (1180): Next ChargeLoop Req in 0 seconds
INFO    2026-07-22 17:47:19,599 - iso15118.shared.exi_codec (248): Message to encode (ns=urn:iso:15118:2:2013:MsgDef): {"V2G_Message": {"Header": {"SessionID": "4AC02B2F67980B93"}, "Body": {"ChargingStatusReq": {}}}}
INFO    2026-07-22 17:47:19,651 - iso15118.shared.comm_session (431): Sent ChargingStatusReq
INFO    2026-07-22 17:47:19,651 - iso15118.shared.states (139): Entered state ChargingStatus
INFO    2026-07-22 17:47:19,695 - iso15118.shared.exi_codec (302): Decoded message (ns=urn:iso:15118:2:2013:MsgDef): {"V2G_Message":{"Header":{"SessionID":"4AC02B2F67980B93"},"Body":{"ChargingStatusRes":{"ResponseCode":"OK","EVSEID":"DE*ABC*E1","SAScheduleTupleID":1,"AC_EVSEStatus":{"NotificationMaxDelay":0,"EVSENotification":"None","RCD":false}}}}}
INFO    2026-07-22 17:47:19,695 - iso15118.shared.comm_session (235): ChargingStatusRes received
INFO    2026-07-22 17:47:19,696 - iso15118.evcc.states.iso15118_2_states (1180): Next ChargeLoop Req in 0 seconds
INFO    2026-07-22 17:47:19,696 - iso15118.shared.exi_codec (248): Message to encode (ns=urn:iso:15118:2:2013:MsgDef): {"V2G_Message": {"Header": {"SessionID": "4AC02B2F67980B93"}, "Body": {"ChargingStatusReq": {}}}}
INFO    2026-07-22 17:47:19,727 - iso15118.shared.comm_session (431): Sent ChargingStatusReq
INFO    2026-07-22 17:47:19,727 - iso15118.shared.states (139): Entered state ChargingStatus
INFO    2026-07-22 17:47:19,762 - iso15118.shared.exi_codec (302): Decoded message (ns=urn:iso:15118:2:2013:MsgDef): {"V2G_Message":{"Header":{"SessionID":"4AC02B2F67980B93"},"Body":{"ChargingStatusRes":{"ResponseCode":"OK","EVSEID":"DE*ABC*E1","SAScheduleTupleID":1,"AC_EVSEStatus":{"NotificationMaxDelay":0,"EVSENotification":"None","RCD":false}}}}}
INFO    2026-07-22 17:47:19,762 - iso15118.shared.comm_session (235): ChargingStatusRes received
INFO    2026-07-22 17:47:19,763 - iso15118.shared.exi_codec (248): Message to encode (ns=urn:iso:15118:2:2013:MsgDef): {"V2G_Message": {"Header": {"SessionID": "4AC02B2F67980B93"}, "Body": {"PowerDeliveryReq": {"ChargeProgress": "Stop", "SAScheduleTupleID": 1}}}}
INFO    2026-07-22 17:47:19,800 - iso15118.shared.comm_session (431): Sent PowerDeliveryReq
INFO    2026-07-22 17:47:19,800 - iso15118.shared.states (139): Entered state PowerDelivery
INFO    2026-07-22 17:47:19,841 - iso15118.shared.exi_codec (302): Decoded message (ns=urn:iso:15118:2:2013:MsgDef): {"V2G_Message":{"Header":{"SessionID":"4AC02B2F67980B93"},"Body":{"PowerDeliveryRes":{"ResponseCode":"OK","AC_EVSEStatus":{"NotificationMaxDelay":0,"EVSENotification":"None","RCD":false}}}}}
INFO    2026-07-22 17:47:19,842 - iso15118.shared.comm_session (235): PowerDeliveryRes received
INFO    2026-07-22 17:47:19,842 - iso15118.shared.exi_codec (248): Message to encode (ns=urn:iso:15118:2:2013:MsgDef): {"V2G_Message": {"Header": {"SessionID": "4AC02B2F67980B93"}, "Body": {"SessionStopReq": {"ChargingSession": "Terminate"}}}}
INFO    2026-07-22 17:47:19,874 - iso15118.shared.comm_session (431): Sent SessionStopReq
INFO    2026-07-22 17:47:19,875 - iso15118.shared.states (139): Entered state SessionStop
INFO    2026-07-22 17:47:19,914 - iso15118.shared.exi_codec (302): Decoded message (ns=urn:iso:15118:2:2013:MsgDef): {"V2G_Message":{"Header":{"SessionID":"4AC02B2F67980B93"},"Body":{"SessionStopRes":{"ResponseCode":"OK"}}}}
INFO    2026-07-22 17:47:19,914 - iso15118.shared.comm_session (235): SessionStopRes received
INFO    2026-07-22 17:47:19,915 - iso15118.shared.comm_session (395): The data link will terminate in 2 seconds and the TCP connection will close in 5 seconds. 
INFO    2026-07-22 17:47:19,915 - iso15118.shared.comm_session (399): Reason: Communication session terminated
INFO    2026-07-22 17:47:21,917 - iso15118.shared.comm_session (410): terminated the data link
INFO    2026-07-22 17:47:24,921 - iso15118.shared.comm_session (417): TCP connection closed to peer with address ('fe80::215:5dff:fe46:863f', 55000, 0, 2)
