INFO    2026-07-22 18:04:23,610 - iso15118.secc.secc_settings (112): SECC settings:
INFO    2026-07-22 18:04:23,610 - iso15118.secc.secc_settings (114): NETWORK_INTERFACE             : eth0
INFO    2026-07-22 18:04:23,610 - iso15118.secc.secc_settings (114): LOG_LEVEL                     : INFO
INFO    2026-07-22 18:04:23,610 - iso15118.secc.secc_settings (114): SECC_ENFORCE_TLS              : False
INFO    2026-07-22 18:04:23,610 - iso15118.secc.secc_settings (114): FREE_CHARGING_SERVICE         : False
INFO    2026-07-22 18:04:23,610 - iso15118.secc.secc_settings (114): FREE_CERT_INSTALL_SERVICE     : True
INFO    2026-07-22 18:04:23,610 - iso15118.secc.secc_settings (114): USE_CPO_BACKEND               : False
INFO    2026-07-22 18:04:23,610 - iso15118.secc.secc_settings (114): ALLOW_CERT_INSTALL_SERVICE    : True
INFO    2026-07-22 18:04:23,610 - iso15118.secc.secc_settings (114): PROTOCOLS                     : ['DIN_SPEC_70121', 'ISO_15118_2', 'ISO_15118_20_AC', 'ISO_15118_20_DC']
INFO    2026-07-22 18:04:23,610 - iso15118.secc.secc_settings (114): AUTH_MODES                    : ['EIM', 'PNC']
INFO    2026-07-22 18:04:23,610 - iso15118.secc.secc_settings (114): STANDBY_ALLOWED               : False
INFO    2026-07-22 18:04:23,610 - iso15118.secc.secc_settings (114): PKI_PATH                      : /venv/lib/python3.10/site-packages/iso15118/shared/pki/
INFO    2026-07-22 18:04:23,610 - iso15118.secc.secc_settings (114): MESSAGE_LOG_JSON              : True
INFO    2026-07-22 18:04:23,611 - iso15118.secc.secc_settings (114): MESSAGE_LOG_EXI               : False
INFO    2026-07-22 18:04:23,611 - iso15118.secc.secc_settings (114): ENABLE_TLS_1_3                : False
INFO    2026-07-22 18:04:25,711 - iso15118.shared.exi_codec (177): EXI Codec version: 1.55
INFO    2026-07-22 18:04:25,711 - iso15118.secc (31): Starting 15118 version: 0.31.2
INFO    2026-07-22 18:04:25,712 - iso15118.secc.comm_session_handler (235): Communication session handler started
INFO    2026-07-22 18:04:25,712 - iso15118.secc.transport.udp_server (137): UDP server socket ready
INFO    2026-07-22 18:04:25,713 - iso15118.secc.transport.udp_server (123): UDP server started at address FF02::1%eth0 and port 15118
INFO    2026-07-22 18:04:30,666 - iso15118.secc.comm_session_handler (437): SDPRequest received: [Security: NO_TLS, Protocol: TCP]
INFO    2026-07-22 18:04:30,675 - iso15118.secc.transport.tcp_server (134): TCP server started at address fe80::215:5dff:fe46:863f%eth0 and port 49162
INFO    2026-07-22 18:04:30,686 - iso15118.secc.comm_session_handler (464): Sending SDPResponse: [ IP address: fe80::215:5dff:fe46:863f, Port: 49162 , Security: NO_TLS , Transport: TCP ]
INFO    2026-07-22 18:04:31,140 - iso15118.secc.transport.udp_server (201): UDP server has been paused.
INFO    2026-07-22 18:04:31,141 - iso15118.secc.comm_session_handler (284): TCP client connected, client address is ('fe80::215:5dff:fe46:863f', 50212, 0, 2).
INFO    2026-07-22 18:04:31,155 - iso15118.shared.comm_session (344): Starting a new communication session
INFO    2026-07-22 18:04:31,155 - iso15118.shared.states (139): Entered state SupportedAppProtocol
INFO    2026-07-22 18:04:31,310 - iso15118.shared.exi_codec (302): Decoded message (ns=urn:iso:15118:2:2010:AppProtocol): {"supportedAppProtocolReq":{"AppProtocol":[{"ProtocolNamespace":"urn:iso:15118:2:2013:MsgDef","VersionNumberMajor":2,"VersionNumberMinor":0,"SchemaID":1,"Priority":1}]}}
INFO    2026-07-22 18:04:31,310 - iso15118.shared.comm_session (235): supportedAppProtocolReq received
INFO    2026-07-22 18:04:31,311 - iso15118.shared.exi_codec (248): Message to encode (ns=urn:iso:15118:2:2010:AppProtocol): {"supportedAppProtocolRes": {"ResponseCode": "OK_SuccessfulNegotiation", "SchemaID": 1}}
INFO    2026-07-22 18:04:31,341 - iso15118.secc.states.sap_states (147): Chosen protocol: ISO_15118_2
INFO    2026-07-22 18:04:31,341 - iso15118.shared.comm_session (431): Sent supportedAppProtocolRes
INFO    2026-07-22 18:04:31,341 - iso15118.secc.controller.simulator (766): iso15118 state: SupportedAppProtocol
INFO    2026-07-22 18:04:31,341 - iso15118.shared.states (139): Entered state SessionSetup
INFO    2026-07-22 18:04:31,521 - iso15118.shared.exi_codec (302): Decoded message (ns=urn:iso:15118:2:2013:MsgDef): {"V2G_Message":{"Header":{"SessionID":"0000000000000000"},"Body":{"SessionSetupReq":{"EVCCID":"ABCDEF010203"}}}}
INFO    2026-07-22 18:04:31,521 - iso15118.shared.comm_session (235): SessionSetupReq received
WARNING    2026-07-22 18:04:31,522 - iso15118.secc.states.iso15118_2_states (198): EVCC's session ID 0000000000000000 does not match . New session ID ED5F56290D6F8D6B assigned
INFO    2026-07-22 18:04:31,522 - iso15118.shared.exi_codec (248): Message to encode (ns=urn:iso:15118:2:2013:MsgDef): {"V2G_Message": {"Header": {"SessionID": "ED5F56290D6F8D6B"}, "Body": {"SessionSetupRes": {"ResponseCode": "OK_NewSessionEstablished", "EVSEID": "UK123E1234", "EVSETimeStamp": 1784743471}}}}
INFO    2026-07-22 18:04:31,614 - iso15118.shared.comm_session (431): Sent SessionSetupRes
INFO    2026-07-22 18:04:31,614 - iso15118.secc.controller.simulator (766): iso15118 state: SessionSetup
INFO    2026-07-22 18:04:31,614 - iso15118.shared.states (139): Entered state ServiceDiscovery
INFO    2026-07-22 18:04:31,725 - iso15118.shared.exi_codec (302): Decoded message (ns=urn:iso:15118:2:2013:MsgDef): {"V2G_Message":{"Header":{"SessionID":"ED5F56290D6F8D6B"},"Body":{"ServiceDiscoveryReq":{}}}}
INFO    2026-07-22 18:04:31,725 - iso15118.shared.comm_session (235): ServiceDiscoveryReq received
INFO    2026-07-22 18:04:31,726 - iso15118.shared.exi_codec (248): Message to encode (ns=urn:iso:15118:2:2013:MsgDef): {"V2G_Message": {"Header": {"SessionID": "ED5F56290D6F8D6B"}, "Body": {"ServiceDiscoveryRes": {"ResponseCode": "OK", "PaymentOptionList": {"PaymentOption": ["ExternalPayment"]}, "ChargeService": {"ServiceID": 1, "ServiceName": "AC_DC_Charging", "ServiceCategory": "EVCharging", "FreeService": false, "SupportedEnergyTransferMode": {"EnergyTransferMode": ["DC_extended", "AC_three_phase_core"]}}}}}}
INFO    2026-07-22 18:04:31,814 - iso15118.shared.comm_session (431): Sent ServiceDiscoveryRes
INFO    2026-07-22 18:04:31,814 - iso15118.secc.controller.simulator (766): iso15118 state: ServiceDiscovery
INFO    2026-07-22 18:04:31,911 - iso15118.shared.exi_codec (302): Decoded message (ns=urn:iso:15118:2:2013:MsgDef): {"V2G_Message":{"Header":{"SessionID":"ED5F56290D6F8D6B"},"Body":{"PaymentServiceSelectionReq":{"SelectedPaymentOption":"ExternalPayment","SelectedServiceList":{"SelectedService":[{"ServiceID":1}]}}}}}
INFO    2026-07-22 18:04:31,911 - iso15118.shared.comm_session (235): PaymentServiceSelectionReq received
INFO    2026-07-22 18:04:31,911 - iso15118.shared.states (139): Entered state PaymentServiceSelection
INFO    2026-07-22 18:04:31,912 - iso15118.shared.exi_codec (248): Message to encode (ns=urn:iso:15118:2:2013:MsgDef): {"V2G_Message": {"Header": {"SessionID": "ED5F56290D6F8D6B"}, "Body": {"PaymentServiceSelectionRes": {"ResponseCode": "OK"}}}}
INFO    2026-07-22 18:04:31,994 - iso15118.shared.comm_session (431): Sent PaymentServiceSelectionRes
INFO    2026-07-22 18:04:31,994 - iso15118.secc.controller.simulator (766): iso15118 state: PaymentServiceSelection
INFO    2026-07-22 18:04:32,058 - iso15118.shared.exi_codec (302): Decoded message (ns=urn:iso:15118:2:2013:MsgDef): {"V2G_Message":{"Header":{"SessionID":"ED5F56290D6F8D6B"},"Body":{"AuthorizationReq":{}}}}
INFO    2026-07-22 18:04:32,059 - iso15118.shared.comm_session (235): AuthorizationReq received
INFO    2026-07-22 18:04:32,059 - iso15118.shared.states (139): Entered state Authorization
INFO    2026-07-22 18:04:32,059 - iso15118.shared.exi_codec (248): Message to encode (ns=urn:iso:15118:2:2013:MsgDef): {"V2G_Message": {"Header": {"SessionID": "ED5F56290D6F8D6B"}, "Body": {"AuthorizationRes": {"ResponseCode": "OK", "EVSEProcessing": "Finished"}}}}
INFO    2026-07-22 18:04:32,116 - iso15118.shared.comm_session (431): Sent AuthorizationRes
INFO    2026-07-22 18:04:32,116 - iso15118.secc.controller.simulator (766): iso15118 state: Authorization
INFO    2026-07-22 18:04:32,117 - iso15118.shared.states (139): Entered state ChargeParameterDiscovery
INFO    2026-07-22 18:04:32,183 - iso15118.shared.exi_codec (302): Decoded message (ns=urn:iso:15118:2:2013:MsgDef): {"V2G_Message":{"Header":{"SessionID":"ED5F56290D6F8D6B"},"Body":{"ChargeParameterDiscoveryReq":{"RequestedEnergyTransferMode":"AC_three_phase_core","AC_EVChargeParameter":{"EAmount":{"Multiplier":0,"Unit":"Wh","Value":22000},"EVMaxVoltage":{"Multiplier":0,"Unit":"V","Value":400},"EVMaxCurrent":{"Multiplier":0,"Unit":"A","Value":32},"EVMinCurrent":{"Multiplier":0,"Unit":"A","Value":6}}}}}}
INFO    2026-07-22 18:04:32,184 - iso15118.shared.comm_session (235): ChargeParameterDiscoveryReq received
INFO    2026-07-22 18:04:32,185 - iso15118.secc.controller.simulator (1109): Send rated limits to CS.
INFO    2026-07-22 18:04:32,185 - iso15118.shared.exi_codec (248): Message to encode (ns=urn:iso:15118:2:2013:MsgDef): {"SalesTariff": {"Id": "id1", "SalesTariffID": 10, "NumEPriceLevels": 1, "SalesTariffEntry": [{"EPriceLevel": 1, "RelativeTimeInterval": {"start": 0, "duration": 86400}}]}}
INFO    2026-07-22 18:04:32,252 - iso15118.shared.exi_codec (248): Message to encode (ns=http://www.w3.org/2000/09/xmldsig#): {"SignedInfo": {"CanonicalizationMethod": {"Algorithm": "http://www.w3.org/TR/canonical-exi/"}, "SignatureMethod": {"Algorithm": "http://www.w3.org/2001/04/xmldsig-more#ecdsa-sha256"}, "Reference": [{"Transforms": {"Transform": [{"Algorithm": "http://www.w3.org/TR/canonical-exi/"}]}, "DigestMethod": {"Algorithm": "http://www.w3.org/2001/04/xmlenc#sha256"}, "DigestValue": "ralwRkiB/uBn2TU6Q/IQq1ey1MVxvmK8cm/Rg2YmXT0=", "URI": "#id1"}]}}
INFO    2026-07-22 18:04:32,308 - iso15118.shared.exi_codec (248): Message to encode (ns=urn:iso:15118:2:2013:MsgDef): {"V2G_Message": {"Header": {"SessionID": "ED5F56290D6F8D6B", "Signature": {"SignedInfo": {"CanonicalizationMethod": {"Algorithm": "http://www.w3.org/TR/canonical-exi/"}, "SignatureMethod": {"Algorithm": "http://www.w3.org/2001/04/xmldsig-more#ecdsa-sha256"}, "Reference": [{"Transforms": {"Transform": [{"Algorithm": "http://www.w3.org/TR/canonical-exi/"}]}, "DigestMethod": {"Algorithm": "http://www.w3.org/2001/04/xmlenc#sha256"}, "DigestValue": "ralwRkiB/uBn2TU6Q/IQq1ey1MVxvmK8cm/Rg2YmXT0=", "URI": "#id1"}]}, "SignatureValue": {"value": "d8xUsjTgRlkaW/TDl1psucObf/MFhOKACfFQozPDZgYLrB+9ex6dfXCCVu84nNOlC5HMtCck1n7iQnMea4NrYg=="}}}, "Body": {"ChargeParameterDiscoveryRes": {"ResponseCode": "OK", "EVSEProcessing": "Finished", "SAScheduleList": {"SAScheduleTuple": [{"SAScheduleTupleID": 1, "PMaxSchedule": {"PMaxScheduleEntry": [{"PMax": {"Value": 11000, "Multiplier": 0, "Unit": "W"}, "RelativeTimeInterval": {"start": 0, "duration": 86400}}]}, "SalesTariff": {"Id": "id1", "SalesTariffID": 10, "NumEPriceLevels": 1, "SalesTariffEntry": [{"EPriceLevel": 1, "RelativeTimeInterval": {"start": 0, "duration": 86400}}]}}]}, "AC_EVSEChargeParameter": {"AC_EVSEStatus": {"NotificationMaxDelay": 0, "EVSENotification": "None", "RCD": false}, "EVSENominalVoltage": {"Value": 400, "Multiplier": 0, "Unit": "V"}, "EVSEMaxCurrent": {"Value": 32, "Multiplier": 0, "Unit": "A"}}}}}}
INFO    2026-07-22 18:04:32,378 - iso15118.shared.comm_session (431): Sent ChargeParameterDiscoveryRes
INFO    2026-07-22 18:04:32,378 - iso15118.secc.controller.simulator (766): iso15118 state: ChargeParameterDiscovery
INFO    2026-07-22 18:04:32,378 - iso15118.shared.states (139): Entered state PowerDelivery
INFO    2026-07-22 18:04:32,433 - iso15118.shared.exi_codec (302): Decoded message (ns=urn:iso:15118:2:2013:MsgDef): {"V2G_Message":{"Header":{"SessionID":"ED5F56290D6F8D6B"},"Body":{"PowerDeliveryReq":{"ChargeProgress":"Start","SAScheduleTupleID":1}}}}
INFO    2026-07-22 18:04:32,433 - iso15118.shared.comm_session (235): PowerDeliveryReq received
INFO    2026-07-22 18:04:32,434 - iso15118.shared.exi_codec (248): Message to encode (ns=urn:iso:15118:2:2013:MsgDef): {"V2G_Message": {"Header": {"SessionID": "ED5F56290D6F8D6B"}, "Body": {"PowerDeliveryRes": {"ResponseCode": "OK", "AC_EVSEStatus": {"NotificationMaxDelay": 0, "EVSENotification": "None", "RCD": false}}}}}
INFO    2026-07-22 18:04:32,485 - iso15118.shared.comm_session (431): Sent PowerDeliveryRes
INFO    2026-07-22 18:04:32,485 - iso15118.secc.controller.simulator (766): iso15118 state: PowerDelivery
INFO    2026-07-22 18:04:32,485 - iso15118.shared.states (139): Entered state ChargingStatus
INFO    2026-07-22 18:04:32,542 - iso15118.shared.exi_codec (302): Decoded message (ns=urn:iso:15118:2:2013:MsgDef): {"V2G_Message":{"Header":{"SessionID":"ED5F56290D6F8D6B"},"Body":{"ChargingStatusReq":{}}}}
INFO    2026-07-22 18:04:32,542 - iso15118.shared.comm_session (235): ChargingStatusReq received
INFO    2026-07-22 18:04:32,542 - iso15118.shared.exi_codec (248): Message to encode (ns=urn:iso:15118:2:2013:MsgDef): {"V2G_Message": {"Header": {"SessionID": "ED5F56290D6F8D6B"}, "Body": {"ChargingStatusRes": {"ResponseCode": "OK", "EVSEID": "UK123E1234", "SAScheduleTupleID": 1, "EVSEMaxCurrent": {"Value": 300, "Multiplier": 0, "Unit": "A"}, "ReceiptRequired": false, "AC_EVSEStatus": {"NotificationMaxDelay": 0, "EVSENotification": "None", "RCD": false}}}}}
INFO    2026-07-22 18:04:32,595 - iso15118.shared.comm_session (431): Sent ChargingStatusRes
INFO    2026-07-22 18:04:32,595 - iso15118.secc.controller.simulator (766): iso15118 state: ChargingStatus
INFO    2026-07-22 18:04:32,633 - iso15118.shared.exi_codec (302): Decoded message (ns=urn:iso:15118:2:2013:MsgDef): {"V2G_Message":{"Header":{"SessionID":"ED5F56290D6F8D6B"},"Body":{"PowerDeliveryReq":{"ChargeProgress":"Renegotiate","SAScheduleTupleID":1}}}}
INFO    2026-07-22 18:04:32,634 - iso15118.shared.comm_session (235): PowerDeliveryReq received
INFO    2026-07-22 18:04:32,634 - iso15118.shared.states (139): Entered state PowerDelivery
INFO    2026-07-22 18:04:32,634 - iso15118.shared.exi_codec (248): Message to encode (ns=urn:iso:15118:2:2013:MsgDef): {"V2G_Message": {"Header": {"SessionID": "ED5F56290D6F8D6B"}, "Body": {"PowerDeliveryRes": {"ResponseCode": "OK", "AC_EVSEStatus": {"NotificationMaxDelay": 0, "EVSENotification": "None", "RCD": false}}}}}
INFO    2026-07-22 18:04:32,676 - iso15118.shared.comm_session (431): Sent PowerDeliveryRes
INFO    2026-07-22 18:04:32,676 - iso15118.secc.controller.simulator (766): iso15118 state: PowerDelivery
INFO    2026-07-22 18:04:32,676 - iso15118.shared.states (139): Entered state ChargeParameterDiscovery
INFO    2026-07-22 18:04:32,723 - iso15118.shared.exi_codec (302): Decoded message (ns=urn:iso:15118:2:2013:MsgDef): {"V2G_Message":{"Header":{"SessionID":"ED5F56290D6F8D6B"},"Body":{"ChargeParameterDiscoveryReq":{"RequestedEnergyTransferMode":"AC_three_phase_core","AC_EVChargeParameter":{"EAmount":{"Multiplier":0,"Unit":"Wh","Value":22000},"EVMaxVoltage":{"Multiplier":0,"Unit":"V","Value":400},"EVMaxCurrent":{"Multiplier":0,"Unit":"A","Value":32},"EVMinCurrent":{"Multiplier":0,"Unit":"A","Value":6}}}}}}
INFO    2026-07-22 18:04:32,723 - iso15118.shared.comm_session (235): ChargeParameterDiscoveryReq received
INFO    2026-07-22 18:04:32,724 - iso15118.secc.controller.simulator (1109): Send rated limits to CS.
INFO    2026-07-22 18:04:32,724 - iso15118.shared.exi_codec (248): Message to encode (ns=urn:iso:15118:2:2013:MsgDef): {"SalesTariff": {"Id": "id1", "SalesTariffID": 10, "NumEPriceLevels": 1, "SalesTariffEntry": [{"EPriceLevel": 1, "RelativeTimeInterval": {"start": 0, "duration": 86400}}]}}
INFO    2026-07-22 18:04:32,762 - iso15118.shared.exi_codec (248): Message to encode (ns=http://www.w3.org/2000/09/xmldsig#): {"SignedInfo": {"CanonicalizationMethod": {"Algorithm": "http://www.w3.org/TR/canonical-exi/"}, "SignatureMethod": {"Algorithm": "http://www.w3.org/2001/04/xmldsig-more#ecdsa-sha256"}, "Reference": [{"Transforms": {"Transform": [{"Algorithm": "http://www.w3.org/TR/canonical-exi/"}]}, "DigestMethod": {"Algorithm": "http://www.w3.org/2001/04/xmlenc#sha256"}, "DigestValue": "ralwRkiB/uBn2TU6Q/IQq1ey1MVxvmK8cm/Rg2YmXT0=", "URI": "#id1"}]}}
INFO    2026-07-22 18:04:32,803 - iso15118.shared.exi_codec (248): Message to encode (ns=urn:iso:15118:2:2013:MsgDef): {"V2G_Message": {"Header": {"SessionID": "ED5F56290D6F8D6B", "Signature": {"SignedInfo": {"CanonicalizationMethod": {"Algorithm": "http://www.w3.org/TR/canonical-exi/"}, "SignatureMethod": {"Algorithm": "http://www.w3.org/2001/04/xmldsig-more#ecdsa-sha256"}, "Reference": [{"Transforms": {"Transform": [{"Algorithm": "http://www.w3.org/TR/canonical-exi/"}]}, "DigestMethod": {"Algorithm": "http://www.w3.org/2001/04/xmlenc#sha256"}, "DigestValue": "ralwRkiB/uBn2TU6Q/IQq1ey1MVxvmK8cm/Rg2YmXT0=", "URI": "#id1"}]}, "SignatureValue": {"value": "iySQv2QlQjX4agy0nOygAMxqBuekUDlbHQ/soLMmAkODnnP34yot/Urihk71Pd3po/XgKb4XOTKnRGjKK+Jkfw=="}}}, "Body": {"ChargeParameterDiscoveryRes": {"ResponseCode": "OK", "EVSEProcessing": "Finished", "SAScheduleList": {"SAScheduleTuple": [{"SAScheduleTupleID": 1, "PMaxSchedule": {"PMaxScheduleEntry": [{"PMax": {"Value": 11000, "Multiplier": 0, "Unit": "W"}, "RelativeTimeInterval": {"start": 0, "duration": 86400}}]}, "SalesTariff": {"Id": "id1", "SalesTariffID": 10, "NumEPriceLevels": 1, "SalesTariffEntry": [{"EPriceLevel": 1, "RelativeTimeInterval": {"start": 0, "duration": 86400}}]}}]}, "AC_EVSEChargeParameter": {"AC_EVSEStatus": {"NotificationMaxDelay": 0, "EVSENotification": "None", "RCD": false}, "EVSENominalVoltage": {"Value": 400, "Multiplier": 0, "Unit": "V"}, "EVSEMaxCurrent": {"Value": 32, "Multiplier": 0, "Unit": "A"}}}}}}
INFO    2026-07-22 18:04:32,863 - iso15118.shared.comm_session (431): Sent ChargeParameterDiscoveryRes
INFO    2026-07-22 18:04:32,863 - iso15118.secc.controller.simulator (766): iso15118 state: ChargeParameterDiscovery
INFO    2026-07-22 18:04:32,863 - iso15118.shared.states (139): Entered state PowerDelivery
INFO    2026-07-22 18:04:32,918 - iso15118.shared.exi_codec (302): Decoded message (ns=urn:iso:15118:2:2013:MsgDef): {"V2G_Message":{"Header":{"SessionID":"ED5F56290D6F8D6B"},"Body":{"PowerDeliveryReq":{"ChargeProgress":"Start","SAScheduleTupleID":1}}}}
INFO    2026-07-22 18:04:32,919 - iso15118.shared.comm_session (235): PowerDeliveryReq received
INFO    2026-07-22 18:04:32,920 - iso15118.shared.exi_codec (248): Message to encode (ns=urn:iso:15118:2:2013:MsgDef): {"V2G_Message": {"Header": {"SessionID": "ED5F56290D6F8D6B"}, "Body": {"PowerDeliveryRes": {"ResponseCode": "OK", "AC_EVSEStatus": {"NotificationMaxDelay": 0, "EVSENotification": "None", "RCD": false}}}}}
INFO    2026-07-22 18:04:32,970 - iso15118.shared.comm_session (431): Sent PowerDeliveryRes
INFO    2026-07-22 18:04:32,970 - iso15118.secc.controller.simulator (766): iso15118 state: PowerDelivery
INFO    2026-07-22 18:04:32,970 - iso15118.shared.states (139): Entered state ChargingStatus
INFO    2026-07-22 18:04:33,065 - iso15118.shared.exi_codec (302): Decoded message (ns=urn:iso:15118:2:2013:MsgDef): {"V2G_Message":{"Header":{"SessionID":"ED5F56290D6F8D6B"},"Body":{"ChargingStatusReq":{}}}}
INFO    2026-07-22 18:04:33,066 - iso15118.shared.comm_session (235): ChargingStatusReq received
INFO    2026-07-22 18:04:33,066 - iso15118.shared.exi_codec (248): Message to encode (ns=urn:iso:15118:2:2013:MsgDef): {"V2G_Message": {"Header": {"SessionID": "ED5F56290D6F8D6B"}, "Body": {"ChargingStatusRes": {"ResponseCode": "OK", "EVSEID": "UK123E1234", "SAScheduleTupleID": 1, "EVSEMaxCurrent": {"Value": 300, "Multiplier": 0, "Unit": "A"}, "ReceiptRequired": false, "AC_EVSEStatus": {"NotificationMaxDelay": 0, "EVSENotification": "None", "RCD": false}}}}}
INFO    2026-07-22 18:04:33,110 - iso15118.shared.comm_session (431): Sent ChargingStatusRes
INFO    2026-07-22 18:04:33,110 - iso15118.secc.controller.simulator (766): iso15118 state: ChargingStatus
INFO    2026-07-22 18:04:33,202 - iso15118.shared.exi_codec (302): Decoded message (ns=urn:iso:15118:2:2013:MsgDef): {"V2G_Message":{"Header":{"SessionID":"ED5F56290D6F8D6B"},"Body":{"ChargingStatusReq":{}}}}
INFO    2026-07-22 18:04:33,202 - iso15118.shared.comm_session (235): ChargingStatusReq received
INFO    2026-07-22 18:04:33,203 - iso15118.shared.exi_codec (248): Message to encode (ns=urn:iso:15118:2:2013:MsgDef): {"V2G_Message": {"Header": {"SessionID": "ED5F56290D6F8D6B"}, "Body": {"ChargingStatusRes": {"ResponseCode": "OK", "EVSEID": "UK123E1234", "SAScheduleTupleID": 1, "EVSEMaxCurrent": {"Value": 300, "Multiplier": 0, "Unit": "A"}, "ReceiptRequired": false, "AC_EVSEStatus": {"NotificationMaxDelay": 0, "EVSENotification": "None", "RCD": false}}}}}
INFO    2026-07-22 18:04:33,246 - iso15118.shared.comm_session (431): Sent ChargingStatusRes
INFO    2026-07-22 18:04:33,246 - iso15118.secc.controller.simulator (766): iso15118 state: ChargingStatus
INFO    2026-07-22 18:04:33,332 - iso15118.shared.exi_codec (302): Decoded message (ns=urn:iso:15118:2:2013:MsgDef): {"V2G_Message":{"Header":{"SessionID":"ED5F56290D6F8D6B"},"Body":{"PowerDeliveryReq":{"ChargeProgress":"Stop","SAScheduleTupleID":1}}}}
INFO    2026-07-22 18:04:33,332 - iso15118.shared.comm_session (235): PowerDeliveryReq received
INFO    2026-07-22 18:04:33,332 - iso15118.shared.states (139): Entered state PowerDelivery
INFO    2026-07-22 18:04:33,333 - iso15118.shared.exi_codec (248): Message to encode (ns=urn:iso:15118:2:2013:MsgDef): {"V2G_Message": {"Header": {"SessionID": "ED5F56290D6F8D6B"}, "Body": {"PowerDeliveryRes": {"ResponseCode": "OK", "AC_EVSEStatus": {"NotificationMaxDelay": 0, "EVSENotification": "None", "RCD": false}}}}}
INFO    2026-07-22 18:04:33,373 - iso15118.shared.comm_session (431): Sent PowerDeliveryRes
INFO    2026-07-22 18:04:33,373 - iso15118.secc.controller.simulator (766): iso15118 state: PowerDelivery
INFO    2026-07-22 18:04:33,373 - iso15118.shared.states (139): Entered state SessionStop
INFO    2026-07-22 18:04:33,415 - iso15118.shared.exi_codec (302): Decoded message (ns=urn:iso:15118:2:2013:MsgDef): {"V2G_Message":{"Header":{"SessionID":"ED5F56290D6F8D6B"},"Body":{"SessionStopReq":{"ChargingSession":"Terminate"}}}}
INFO    2026-07-22 18:04:33,415 - iso15118.shared.comm_session (235): SessionStopReq received
INFO    2026-07-22 18:04:33,416 - iso15118.shared.exi_codec (248): Message to encode (ns=urn:iso:15118:2:2013:MsgDef): {"V2G_Message": {"Header": {"SessionID": "ED5F56290D6F8D6B"}, "Body": {"SessionStopRes": {"ResponseCode": "OK"}}}}
INFO    2026-07-22 18:04:33,451 - iso15118.shared.comm_session (431): Sent SessionStopRes
INFO    2026-07-22 18:04:33,451 - iso15118.secc.controller.simulator (766): iso15118 state: SessionStop
INFO    2026-07-22 18:04:33,451 - iso15118.shared.comm_session (395): The data link will terminate in 2 seconds and the TCP connection will close in 5 seconds. 
INFO    2026-07-22 18:04:33,451 - iso15118.shared.comm_session (399): Reason: EV requested to terminate the communication session
