everest/modules/iso15118_charger/impl/charger/var/v2g_messages {"data":{"data":{"exi":"01fe8001000000248000ebab9371d34b9b79d189a98989c1d191d191818999d26b9b3a232b30020000040040","exi_base64":"Af6AAQAAACSAAOurk3HTS5t50YmpiYnB0ZHRkYGJmdJrmzojKzACAAAEAEA=","id":"SupportedAppProtocolReq"}},"msg_type":"Var"}
everest/modules/iso15118_charger/impl/charger/var/v2g_messages {"data":{"data":{"exi":"01fe800100000024804000409371d34b9b79d189a98989c1d191d191818999d26b9b3a232b30020000040040","exi_base64":"Af6AAQAAACSAQABAk3HTS5t50YmpiYnB0ZHRkYGJmdJrmzojKzACAAAEAEA=","id":"SupportedAppProtocolRes"}},"msg_type":"Var"}
everest/modules/iso15118_charger/impl/charger/var/v2g_messages {"data":{"data":{"exi":"01fe800100000015809802000000000000000011d01aaf37bc04080c00","exi_base64":"Af6AAQAAABWAmAIAAAAAAAAAABHQGq83vAQIDAA=","id":"SessionSetupReq"}},"msg_type":"Var"}
everest/modules/iso15118_charger/impl/charger/var/v2g_messages {"data":{"data":{"exi":"00fe8001000000158098022431e71e4d268ec4d1e020451114a9413960","exi_base64":"AP6AAQAAABWAmAIkMeceTSaOxNHgIEURFKlBOWA=","id":"SessionSetupRes"}},"msg_type":"Var"}
everest/modules/iso15118_charger/impl/charger/var/v2g_messages {"data":{"data":{"exi":"01fe80010000000d8098022431e71e4d268ec4d1b8","exi_base64":"Af6AAQAAAA2AmAIkMeceTSaOxNG4","id":"ServiceDiscoveryReq"}},"msg_type":"Var"}
everest/modules/iso15118_charger/impl/charger/var/v2g_messages {"data":{"data":{"exi":"00fe80010000000d8098022431e71e4d268ec4d1c0","exi_base64":"AP6AAQAAAA2AmAIkMeceTSaOxNHA","id":"ServiceDiscoveryRes"}},"msg_type":"Var"}
everest/modules/iso15118_charger/impl/charger/var/v2g_messages {"data":{"data":{"exi":"01fe8001000000108098022431e71e4d268ec4d132001280","exi_base64":"Af6AAQAAABCAmAIkMeceTSaOxNEyABKA","id":"PaymentServiceSelectionReq"}},"msg_type":"Var"}
everest/modules/iso15118_charger/impl/charger/var/v2g_messages {"data":{"data":{"exi":"00fe8001000000108098022431e71e4d268ec4d140001280","exi_base64":"AP6AAQAAABCAmAIkMeceTSaOxNFAABKA","id":"PaymentServiceSelectionRes"}},"msg_type":"Var"}
everest/modules/iso15118_charger/impl/charger/var/v2g_messages {"data":{"data":{"exi":"01fe80010000000d8098022431e71e4d268ec4d008","exi_base64":"Af6AAQAAAA2AmAIkMeceTSaOxNAI","id":"AuthorizationReq"}},"msg_type":"Var"}
everest/modules/iso15118_charger/impl/charger/var/v2g_messages {"data":{"data":{"exi":"00fe80010000000d8098022431e71e4d268ec4d010","exi_base64":"AP6AAQAAAA2AmAIkMeceTSaOxNAQ","id":"AuthorizationRes"}},"msg_type":"Var"}
everest/modules/iso15118_charger/impl/charger/var/v2g_messages {"data":{"data":{"exi":"01fe80010000000d8098022431e71e4d268ec4d008","exi_base64":"Af6AAQAAAA2AmAIkMeceTSaOxNAI","id":"AuthorizationReq"}},"msg_type":"Var"}
everest/modules/iso15118_charger/impl/charger/var/v2g_messages {"data":{"data":{"exi":"00fe80010000000d8098022431e71e4d268ec4d010","exi_base64":"AP6AAQAAAA2AmAIkMeceTSaOxNAQ","id":"AuthorizationRes"}},"msg_type":"Var"}
everest/modules/iso15118_charger/impl/charger/var/v2g_messages {"data":{"data":{"exi":"01fe80010000001d8098022431e71e4d268ec4d094ca400640618640088c40f40313205000","exi_base64":"Af6AAQAAAB2AmAIkMeceTSaOxNCUykAGQGGGQAiMQPQDEyBQAA==","id":"ChargeParameterDiscoveryReq"}},"msg_type":"Var"}
everest/modules/iso15118_charger/impl/charger/var/v2g_messages {"data":{"data":{"exi":"00fe80010000001d8098022431e71e4d268ec4d0a000000000002028c14105098750aa0000","exi_base64":"AP6AAQAAAB2AmAIkMeceTSaOxNCgAAAAAAAgKMFBBQmHUKoAAA==","id":"ChargeParameterDiscoveryRes"}},"msg_type":"Var"}
everest/modules/iso15118_charger/impl/charger/var/v2g_messages {"data":{"data":{"exi":"01fe8001000000108098022431e71e4d268ec4d031001900","exi_base64":"Af6AAQAAABCAmAIkMeceTSaOxNAxABkA","id":"CableCheckReq"}},"msg_type":"Var"}
everest/modules/iso15118_charger/impl/charger/var/v2g_messages {"data":{"data":{"exi":"00fe8001000000108098022431e71e4d268ec4d040000000","exi_base64":"AP6AAQAAABCAmAIkMeceTSaOxNBAAAAA","id":"CableCheckRes"}},"msg_type":"Var"}
everest/modules/iso15118_charger/impl/charger/var/v2g_messages {"data":{"data":{"exi":"01fe8001000000108098022431e71e4d268ec4d031001900","exi_base64":"Af6AAQAAABCAmAIkMeceTSaOxNAxABkA","id":"CableCheckReq"}},"msg_type":"Var"}
everest/modules/iso15118_charger/impl/charger/var/v2g_messages {"data":{"data":{"exi":"00fe8001000000108098022431e71e4d268ec4d040000000","exi_base64":"AP6AAQAAABCAmAIkMeceTSaOxNBAAAAA","id":"CableCheckRes"}},"msg_type":"Var"}
everest/modules/iso15118_charger/impl/charger/var/v2g_messages {"data":{"data":{"exi":"01fe8001000000108098022431e71e4d268ec4d031001900","exi_base64":"Af6AAQAAABCAmAIkMeceTSaOxNAxABkA","id":"CableCheckReq"}},"msg_type":"Var"}
everest/modules/iso15118_charger/impl/charger/var/v2g_messages {"data":{"data":{"exi":"00fe8001000000108098022431e71e4d268ec4d040000000","exi_base64":"AP6AAQAAABCAmAIkMeceTSaOxNBAAAAA","id":"CableCheckRes"}},"msg_type":"Var"}
everest/modules/iso15118_charger/impl/charger/var/v2g_messages {"data":{"data":{"exi":"01fe8001000000108098022431e71e4d268ec4d031001900","exi_base64":"Af6AAQAAABCAmAIkMeceTSaOxNAxABkA","id":"CableCheckReq"}},"msg_type":"Var"}
everest/modules/iso15118_charger/impl/charger/var/v2g_messages {"data":{"data":{"exi":"00fe8001000000108098022431e71e4d268ec4d040000000","exi_base64":"AP6AAQAAABCAmAIkMeceTSaOxNBAAAAA","id":"CableCheckRes"}},"msg_type":"Var"}
everest/modules/iso15118_charger/impl/charger/var/v2g_messages {"data":{"data":{"exi":"01fe8001000000108098022431e71e4d268ec4d031001900","exi_base64":"Af6AAQAAABCAmAIkMeceTSaOxNAxABkA","id":"CableCheckReq"}},"msg_type":"Var"}
everest/modules/iso15118_charger/impl/charger/var/v2g_messages {"data":{"data":{"exi":"00fe8001000000108098022431e71e4d268ec4d040000000","exi_base64":"AP6AAQAAABCAmAIkMeceTSaOxNBAAAAA","id":"CableCheckRes"}},"msg_type":"Var"}
everest/modules/iso15118_charger/impl/charger/var/v2g_messages {"data":{"data":{"exi":"01fe8001000000108098022431e71e4d268ec4d031001900","exi_base64":"Af6AAQAAABCAmAIkMeceTSaOxNAxABkA","id":"CableCheckReq"}},"msg_type":"Var"}
everest/modules/iso15118_charger/impl/charger/var/v2g_messages {"data":{"data":{"exi":"00fe8001000000108098022431e71e4d268ec4d040000000","exi_base64":"AP6AAQAAABCAmAIkMeceTSaOxNBAAAAA","id":"CableCheckRes"}},"msg_type":"Var"}
everest/modules/iso15118_charger/impl/charger/var/v2g_messages {"data":{"data":{"exi":"01fe8001000000108098022431e71e4d268ec4d031001900","exi_base64":"Af6AAQAAABCAmAIkMeceTSaOxNAxABkA","id":"CableCheckReq"}},"msg_type":"Var"}
everest/modules/iso15118_charger/impl/charger/var/v2g_messages {"data":{"data":{"exi":"00fe8001000000108098022431e71e4d268ec4d040000000","exi_base64":"AP6AAQAAABCAmAIkMeceTSaOxNBAAAAA","id":"CableCheckRes"}},"msg_type":"Var"}
everest/modules/iso15118_charger/impl/charger/var/v2g_messages {"data":{"data":{"exi":"01fe8001000000108098022431e71e4d268ec4d031001900","exi_base64":"Af6AAQAAABCAmAIkMeceTSaOxNAxABkA","id":"CableCheckReq"}},"msg_type":"Var"}
everest/modules/iso15118_charger/impl/charger/var/v2g_messages {"data":{"data":{"exi":"00fe8001000000108098022431e71e4d268ec4d040000000","exi_base64":"AP6AAQAAABCAmAIkMeceTSaOxNBAAAAA","id":"CableCheckRes"}},"msg_type":"Var"}
everest/modules/iso15118_charger/impl/charger/var/v2g_messages {"data":{"data":{"exi":"01fe8001000000108098022431e71e4d268ec4d031001900","exi_base64":"Af6AAQAAABCAmAIkMeceTSaOxNAxABkA","id":"CableCheckReq"}},"msg_type":"Var"}
everest/modules/iso15118_charger/impl/charger/var/v2g_messages {"data":{"data":{"exi":"00fe8001000000108098022431e71e4d268ec4d040000000","exi_base64":"AP6AAQAAABCAmAIkMeceTSaOxNBAAAAA","id":"CableCheckRes"}},"msg_type":"Var"}
everest/modules/iso15118_charger/impl/charger/var/v2g_messages {"data":{"data":{"exi":"01fe8001000000108098022431e71e4d268ec4d031001900","exi_base64":"Af6AAQAAABCAmAIkMeceTSaOxNAxABkA","id":"CableCheckReq"}},"msg_type":"Var"}
everest/modules/iso15118_charger/impl/charger/var/v2g_messages {"data":{"data":{"exi":"00fe8001000000108098022431e71e4d268ec4d040000000","exi_base64":"AP6AAQAAABCAmAIkMeceTSaOxNBAAAAA","id":"CableCheckRes"}},"msg_type":"Var"}
everest/modules/iso15118_charger/impl/charger/var/v2g_messages {"data":{"data":{"exi":"01fe8001000000108098022431e71e4d268ec4d031001900","exi_base64":"Af6AAQAAABCAmAIkMeceTSaOxNAxABkA","id":"CableCheckReq"}},"msg_type":"Var"}
everest/modules/iso15118_charger/impl/charger/var/v2g_messages {"data":{"data":{"exi":"00fe8001000000108098022431e71e4d268ec4d040000000","exi_base64":"AP6AAQAAABCAmAIkMeceTSaOxNBAAAAA","id":"CableCheckRes"}},"msg_type":"Var"}
everest/modules/iso15118_charger/impl/charger/var/v2g_messages {"data":{"data":{"exi":"01fe8001000000108098022431e71e4d268ec4d031001900","exi_base64":"Af6AAQAAABCAmAIkMeceTSaOxNAxABkA","id":"CableCheckReq"}},"msg_type":"Var"}
everest/modules/iso15118_charger/impl/charger/var/v2g_messages {"data":{"data":{"exi":"00fe8001000000108098022431e71e4d268ec4d040000000","exi_base64":"AP6AAQAAABCAmAIkMeceTSaOxNBAAAAA","id":"CableCheckRes"}},"msg_type":"Var"}
everest/modules/iso15118_charger/impl/charger/var/v2g_messages {"data":{"data":{"exi":"01fe8001000000108098022431e71e4d268ec4d031001900","exi_base64":"Af6AAQAAABCAmAIkMeceTSaOxNAxABkA","id":"CableCheckReq"}},"msg_type":"Var"}
everest/modules/iso15118_charger/impl/charger/var/v2g_messages {"data":{"data":{"exi":"00fe8001000000108098022431e71e4d268ec4d040000000","exi_base64":"AP6AAQAAABCAmAIkMeceTSaOxNBAAAAA","id":"CableCheckRes"}},"msg_type":"Var"}
everest/modules/iso15118_charger/impl/charger/var/v2g_messages {"data":{"data":{"exi":"01fe8001000000108098022431e71e4d268ec4d031001900","exi_base64":"Af6AAQAAABCAmAIkMeceTSaOxNAxABkA","id":"CableCheckReq"}},"msg_type":"Var"}
everest/modules/iso15118_charger/impl/charger/var/v2g_messages {"data":{"data":{"exi":"00fe8001000000108098022431e71e4d268ec4d040000000","exi_base64":"AP6AAQAAABCAmAIkMeceTSaOxNBAAAAA","id":"CableCheckRes"}},"msg_type":"Var"}
everest/modules/iso15118_charger/impl/charger/var/v2g_messages {"data":{"data":{"exi":"01fe8001000000108098022431e71e4d268ec4d031001900","exi_base64":"Af6AAQAAABCAmAIkMeceTSaOxNAxABkA","id":"CableCheckReq"}},"msg_type":"Var"}
everest/modules/iso15118_charger/impl/charger/var/v2g_messages {"data":{"data":{"exi":"00fe8001000000108098022431e71e4d268ec4d040000000","exi_base64":"AP6AAQAAABCAmAIkMeceTSaOxNBAAAAA","id":"CableCheckRes"}},"msg_type":"Var"}
everest/modules/iso15118_charger/impl/charger/var/v2g_messages {"data":{"data":{"exi":"01fe8001000000108098022431e71e4d268ec4d031001900","exi_base64":"Af6AAQAAABCAmAIkMeceTSaOxNAxABkA","id":"CableCheckReq"}},"msg_type":"Var"}
everest/modules/iso15118_charger/impl/charger/var/v2g_messages {"data":{"data":{"exi":"00fe8001000000108098022431e71e4d268ec4d040000000","exi_base64":"AP6AAQAAABCAmAIkMeceTSaOxNBAAAAA","id":"CableCheckRes"}},"msg_type":"Var"}
everest/modules/iso15118_charger/impl/charger/var/v2g_messages {"data":{"data":{"exi":"01fe8001000000108098022431e71e4d268ec4d031001900","exi_base64":"Af6AAQAAABCAmAIkMeceTSaOxNAxABkA","id":"CableCheckReq"}},"msg_type":"Var"}
everest/modules/iso15118_charger/impl/charger/var/v2g_messages {"data":{"data":{"exi":"00fe8001000000108098022431e71e4d268ec4d040000000","exi_base64":"AP6AAQAAABCAmAIkMeceTSaOxNBAAAAA","id":"CableCheckRes"}},"msg_type":"Var"}
everest/modules/iso15118_charger/impl/charger/var/v2g_messages {"data":{"data":{"exi":"01fe8001000000108098022431e71e4d268ec4d031001900","exi_base64":"Af6AAQAAABCAmAIkMeceTSaOxNAxABkA","id":"CableCheckReq"}},"msg_type":"Var"}
everest/modules/iso15118_charger/impl/charger/var/v2g_messages {"data":{"data":{"exi":"00fe8001000000108098022431e71e4d268ec4d040000000","exi_base64":"AP6AAQAAABCAmAIkMeceTSaOxNBAAAAA","id":"CableCheckRes"}},"msg_type":"Var"}
everest/modules/iso15118_charger/impl/charger/var/v2g_messages {"data":{"data":{"exi":"01fe8001000000108098022431e71e4d268ec4d031001900","exi_base64":"Af6AAQAAABCAmAIkMeceTSaOxNAxABkA","id":"CableCheckReq"}},"msg_type":"Var"}
everest/modules/iso15118_charger/impl/charger/var/v2g_messages {"data":{"data":{"exi":"00fe8001000000108098022431e71e4d268ec4d040000000","exi_base64":"AP6AAQAAABCAmAIkMeceTSaOxNBAAAAA","id":"CableCheckRes"}},"msg_type":"Var"}
everest/modules/iso15118_charger/impl/charger/var/v2g_messages {"data":{"data":{"exi":"01fe8001000000108098022431e71e4d268ec4d031001900","exi_base64":"Af6AAQAAABCAmAIkMeceTSaOxNAxABkA","id":"CableCheckReq"}},"msg_type":"Var"}
everest/modules/iso15118_charger/impl/charger/var/v2g_messages {"data":{"data":{"exi":"00fe8001000000108098022431e71e4d268ec4d040000000","exi_base64":"AP6AAQAAABCAmAIkMeceTSaOxNBAAAAA","id":"CableCheckRes"}},"msg_type":"Var"}
everest/modules/iso15118_charger/impl/charger/var/v2g_messages {"data":{"data":{"exi":"01fe8001000000108098022431e71e4d268ec4d031001900","exi_base64":"Af6AAQAAABCAmAIkMeceTSaOxNAxABkA","id":"CableCheckReq"}},"msg_type":"Var"}
everest/modules/iso15118_charger/impl/charger/var/v2g_messages {"data":{"data":{"exi":"00fe8001000000108098022431e71e4d268ec4d040000000","exi_base64":"AP6AAQAAABCAmAIkMeceTSaOxNBAAAAA","id":"CableCheckRes"}},"msg_type":"Var"}
everest/modules/iso15118_charger/impl/charger/var/v2g_messages {"data":{"data":{"exi":"01fe8001000000108098022431e71e4d268ec4d031001900","exi_base64":"Af6AAQAAABCAmAIkMeceTSaOxNAxABkA","id":"CableCheckReq"}},"msg_type":"Var"}
everest/modules/iso15118_charger/impl/charger/var/v2g_messages {"data":{"data":{"exi":"00fe8001000000108098022431e71e4d268ec4d040000000","exi_base64":"AP6AAQAAABCAmAIkMeceTSaOxNBAAAAA","id":"CableCheckRes"}},"msg_type":"Var"}
everest/modules/iso15118_charger/impl/charger/var/v2g_messages {"data":{"data":{"exi":"01fe8001000000108098022431e71e4d268ec4d031001900","exi_base64":"Af6AAQAAABCAmAIkMeceTSaOxNAxABkA","id":"CableCheckReq"}},"msg_type":"Var"}
everest/modules/iso15118_charger/impl/charger/var/v2g_messages {"data":{"data":{"exi":"00fe8001000000108098022431e71e4d268ec4d040000000","exi_base64":"AP6AAQAAABCAmAIkMeceTSaOxNBAAAAA","id":"CableCheckRes"}},"msg_type":"Var"}
everest/modules/iso15118_charger/impl/charger/var/v2g_messages {"data":{"data":{"exi":"01fe8001000000108098022431e71e4d268ec4d031001900","exi_base64":"Af6AAQAAABCAmAIkMeceTSaOxNAxABkA","id":"CableCheckReq"}},"msg_type":"Var"}
everest/modules/iso15118_charger/impl/charger/var/v2g_messages {"data":{"data":{"exi":"00fe8001000000108098022431e71e4d268ec4d040000000","exi_base64":"AP6AAQAAABCAmAIkMeceTSaOxNBAAAAA","id":"CableCheckRes"}},"msg_type":"Var"}
everest/modules/iso15118_charger/impl/charger/var/v2g_messages {"data":{"data":{"exi":"01fe8001000000108098022431e71e4d268ec4d031001900","exi_base64":"Af6AAQAAABCAmAIkMeceTSaOxNAxABkA","id":"CableCheckReq"}},"msg_type":"Var"}
everest/modules/iso15118_charger/impl/charger/var/v2g_messages {"data":{"data":{"exi":"00fe8001000000108098022431e71e4d268ec4d040000000","exi_base64":"AP6AAQAAABCAmAIkMeceTSaOxNBAAAAA","id":"CableCheckRes"}},"msg_type":"Var"}
everest/modules/iso15118_charger/impl/charger/var/v2g_messages {"data":{"data":{"exi":"01fe8001000000108098022431e71e4d268ec4d031001900","exi_base64":"Af6AAQAAABCAmAIkMeceTSaOxNAxABkA","id":"CableCheckReq"}},"msg_type":"Var"}
everest/modules/iso15118_charger/impl/charger/var/v2g_messages {"data":{"data":{"exi":"00fe8001000000108098022431e71e4d268ec4d040000000","exi_base64":"AP6AAQAAABCAmAIkMeceTSaOxNBAAAAA","id":"CableCheckRes"}},"msg_type":"Var"}
everest/modules/iso15118_charger/impl/charger/var/v2g_messages {"data":{"data":{"exi":"01fe8001000000108098022431e71e4d268ec4d031001900","exi_base64":"Af6AAQAAABCAmAIkMeceTSaOxNAxABkA","id":"CableCheckReq"}},"msg_type":"Var"}
everest/modules/iso15118_charger/impl/charger/var/v2g_messages {"data":{"data":{"exi":"00fe8001000000108098022431e71e4d268ec4d040000000","exi_base64":"AP6AAQAAABCAmAIkMeceTSaOxNBAAAAA","id":"CableCheckRes"}},"msg_type":"Var"}
everest/modules/iso15118_charger/impl/charger/var/v2g_messages {"data":{"data":{"exi":"01fe8001000000108098022431e71e4d268ec4d031001900","exi_base64":"Af6AAQAAABCAmAIkMeceTSaOxNAxABkA","id":"CableCheckReq"}},"msg_type":"Var"}
everest/modules/iso15118_charger/impl/charger/var/v2g_messages {"data":{"data":{"exi":"00fe8001000000108098022431e71e4d268ec4d040000000","exi_base64":"AP6AAQAAABCAmAIkMeceTSaOxNBAAAAA","id":"CableCheckRes"}},"msg_type":"Var"}
everest/modules/iso15118_charger/impl/charger/var/v2g_messages {"data":{"data":{"exi":"01fe8001000000188098022431e71e4d268ec4d1710019018812006061801000","exi_base64":"Af6AAQAAABiAmAIkMeceTSaOxNFxABkBiBIAYGGAEAA=","id":"PreChargeReq"}},"msg_type":"Var"}
everest/modules/iso15118_charger/impl/charger/var/v2g_messages {"data":{"data":{"exi":"00fe8001000000188098022431e71e4d268ec4d1800000002040840000001000","exi_base64":"AP6AAQAAABiAmAIkMeceTSaOxNGAAAAAIECEAAAAEAA=","id":"PreChargeRes"}},"msg_type":"Var"}
everest/modules/iso15118_charger/impl/charger/var/v2g_messages {"data":{"data":{"exi":"01fe8001000000168098022431e71e4d268ec4d150000000020a130ea2c0","exi_base64":"Af6AAQAAABaAmAIkMeceTSaOxNFQAAAAAgoTDqLA","id":"PowerDeliveryReq"}},"msg_type":"Var"}
everest/modules/iso15118_charger/impl/charger/var/v2g_messages {"data":{"data":{"exi":"00fe8001000000168098022431e71e4d268ec4d1600400001020130ea2c0","exi_base64":"AP6AAQAAABaAmAIkMeceTSaOxNFgBAAAECATDqLA","id":"PowerDeliveryRes"}},"msg_type":"Var"}
everest/modules/iso15118_charger/impl/charger/var/v2g_messages {"data":{"data":{"exi":"01fe8001000000198098022431e71e4d268ec4d0d1001901860f0410c409003000","exi_base64":"Af6AAQAAABmAmAIkMeceTSaOxNDRABkBhg8EEMQJADAA","id":"CurrentDemandReq"}},"msg_type":"Var"}
everest/modules/iso15118_charger/impl/charger/var/v2g_messages {"data":{"data":{"exi":"00fe8001000000198098022431e71e4d268ec4d0e0000000204084000020c00020","exi_base64":"AP6AAQAAABmAmAIkMeceTSaOxNDgAAAAIECEAAAgwAAg","id":"CurrentDemandRes"}},"msg_type":"Var"}
everest/modules/iso15118_charger/impl/charger/var/v2g_messages {"data":{"data":{"exi":"01fe8001000000198098022431e71e4d268ec4d0d1001901860f0410c409003000","exi_base64":"Af6AAQAAABmAmAIkMeceTSaOxNDRABkBhg8EEMQJADAA","id":"CurrentDemandReq"}},"msg_type":"Var"}
everest/modules/iso15118_charger/impl/charger/var/v2g_messages {"data":{"data":{"exi":"00fe8001000000198098022431e71e4d268ec4d0e00000002040840a01f020c050","exi_base64":"AP6AAQAAABmAmAIkMeceTSaOxNDgAAAAIECECgHwIMBQ","id":"CurrentDemandRes"}},"msg_type":"Var"}
everest/modules/iso15118_charger/impl/charger/var/v2g_messages {"data":{"data":{"exi":"01fe8001000000198098022431e71e4d268ec4d0d1001901860f0410c409003000","exi_base64":"Af6AAQAAABmAmAIkMeceTSaOxNDRABkBhg8EEMQJADAA","id":"CurrentDemandReq"}},"msg_type":"Var"}
everest/modules/iso15118_charger/impl/charger/var/v2g_messages {"data":{"data":{"exi":"00fe8001000000198098022431e71e4d268ec4d0e00000002040840a01f020c050","exi_base64":"AP6AAQAAABmAmAIkMeceTSaOxNDgAAAAIECECgHwIMBQ","id":"CurrentDemandRes"}},"msg_type":"Var"}
everest/modules/iso15118_charger/impl/charger/var/v2g_messages {"data":{"data":{"exi":"01fe8001000000108098022431e71e4d268ec4d151000600","exi_base64":"Af6AAQAAABCAmAIkMeceTSaOxNFRAAYA","id":"PowerDeliveryReq"}},"msg_type":"Var"}
everest/modules/iso15118_charger/impl/charger/var/v2g_messages {"data":{"data":{"exi":"00fe8001000000108098022431e71e4d268ec4d160040000","exi_base64":"AP6AAQAAABCAmAIkMeceTSaOxNFgBAAA","id":"PowerDeliveryRes"}},"msg_type":"Var"}
everest/modules/iso15118_charger/impl/charger/var/v2g_messages {"data":{"data":{"exi":"01fe8001000000108098022431e71e4d268ec4d211001900","exi_base64":"Af6AAQAAABCAmAIkMeceTSaOxNIRABkA","id":"WeldingDetectionReq"}},"msg_type":"Var"}
everest/modules/iso15118_charger/impl/charger/var/v2g_messages {"data":{"data":{"exi":"00fe8001000000108098022431e71e4d268ec4d220000000","exi_base64":"AP6AAQAAABCAmAIkMeceTSaOxNIgAAAA","id":"WeldingDetectionRes"}},"msg_type":"Var"}
everest/modules/iso15118_charger/impl/charger/var/v2g_messages {"data":{"data":{"exi":"01fe80010000000e8098022431e71e4d268ec4d1f000","exi_base64":"Af6AAQAAAA6AmAIkMeceTSaOxNHwAA==","id":"SessionStopReq"}},"msg_type":"Var"}
everest/modules/iso15118_charger/impl/charger/var/v2g_messages {"data":{"data":{"exi":"00fe80010000000e8098022431e71e4d268ec4d20000","exi_base64":"AP6AAQAAAA6AmAIkMeceTSaOxNIAAA==","id":"SessionStopRes"}},"msg_type":"Var"}
