2026-08-10 15:26:05.747137 [INFO] manager          ::   ________      __                _   
2026-08-10 15:26:05.747625 [INFO] manager          ::  |  ____\ \    / /               | |
2026-08-10 15:26:05.747659 [INFO] manager          ::  | |__   \ \  / /__ _ __ ___  ___| |_
2026-08-10 15:26:05.747665 [INFO] manager          ::  |  __|   \ \/ / _ \ '__/ _ \/ __| __|
2026-08-10 15:26:05.747670 [INFO] manager          ::  | |____   \  /  __/ | |  __/\__ \ |_
2026-08-10 15:26:05.747676 [INFO] manager          ::  |______|   \/ \___|_|  \___||___/\__|
2026-08-10 15:26:05.747682 [INFO] manager          :: 
2026-08-10 15:26:05.747687 [INFO] manager          :: everest-framework 0.25.0-dev 2026.02.1
2026-08-10 15:26:05.747693 [INFO] manager          :: everest-core 2026.02.1-dev 2026.02.1
2026-08-10 15:26:05.747701 [INFO] manager          :: 
2026-08-10 15:26:05.747708 [INFO] manager          :: Using MQTT broker localhost:1883
2026-08-10 15:26:05.767063 [INFO] manager          :: Boot mode is set to YamlFile, loading module configs from YAML file
2026-08-10 15:26:05.767125 [INFO] manager          :: Loading config file at: /home/ahzf/everest/configs-ours/config-dc2-ours.yaml
2026-08-10 15:26:05.892809 [INFO] manager          :: Config loading completed in 145ms
2026-08-10 15:26:05.895052 [INFO] manager          :: Starting 19 modules
2026-08-10 15:26:08.206879 [INFO] energy_manager:  :: Module energy_manager initialized [2284ms]
2026-08-10 15:26:08.214712 [INFO] api:API          :: Module api initialized [2295ms]
2026-08-10 15:26:08.250262 [INFO] powersupply_dc:  :: Module powersupply_dc initialized [2310ms]
2026-08-10 15:26:08.250534 [INFO] imd:IMDSimulato  :: Module imd initialized [2317ms]
2026-08-10 15:26:08.251049 [INFO] ev_api:EvAPI     :: Module ev_api initialized [2324ms]
2026-08-10 15:26:08.253690 [INFO] ovm:OVMSimulato  :: Can control the over voltage measurement values over the topic: everest_api/ovm/cmd/set_over_voltage_measurement_V via MQTT
2026-08-10 15:26:08.254157 [INFO] ovm:OVMSimulato  :: Module ovm initialized [2314ms]
2026-08-10 15:26:08.255396 [INFO] slac:SlacSimula  :: Module slac initialized [2313ms]
2026-08-10 15:26:08.255653 [INFO] auth:Auth        :: Module auth initialized [2329ms]
2026-08-10 15:26:08.255697 [INFO] evse_security:E  :: Module evse_security initialized [2323ms]
2026-08-10 15:26:08.257640 [INFO] iso15118_charge  :: Module iso15118_charger initialized [2317ms]
2026-08-10 15:26:08.261363 [INFO] token_validator  :: Module token_validator initialized [2316ms]
2026-08-10 15:26:08.261945 [INFO] api_sink:Energy  :: Module api_sink initialized [2341ms]
2026-08-10 15:26:08.263088 [INFO] token_provider:  :: Module token_provider initialized [2318ms]
2026-08-10 15:26:08.265920 [INFO] evse_manager:Ev  :: Module evse_manager initialized [2333ms]
2026-08-10 15:26:08.293808 [INFO] error_history:E  :: Using database at "/tmp/error_history.db"
2026-08-10 15:26:08.293992 [INFO] error_history:E  :: Checking database
2026-08-10 15:26:08.294518 [INFO] grid_connection  :: Module grid_connection_point initialized [2361ms]2026-08-10 15:26:08.294498 [INFO] ev_manager:EvMa  :: Module ev_manager initialized [2366ms]

2026-08-10 15:26:08.295383 [INFO] error_history:E  :: Module error_history initialized [2369ms]
2026-08-10 15:26:08.297807 [INFO] yeti_driver:Yet  :: Module yeti_driver initialized [2353ms]
2026-08-10 15:26:08.633191 [INFO] iso15118_car     :: Module iso15118_car initialized [2295ms]
2026-08-10 15:26:08.677974 [INFO] manager          :: Clearing retained topics published by manager during startup
2026-08-10 15:26:08.679312 [INFO] manager          :: 🚙🚙🚙 All modules are initialized. EVerest up and running [2940ms] 🚙🚙🚙

2026-08-10 15:26:08.680676 [INFO] iso15118_charge  :: TCP server on eth0 is listening on port [fe80::215:5dff:fe6b:3d4%2]:61341

2026-08-10 15:26:08.680748 [INFO] iso15118_charge  :: TLS server on eth0 is listening on port [fe80::215:5dff:fe6b:3d4%2]:64109
2026-08-10 15:26:08.726489 [INFO] evse_security:E  :: Requesting leaf certificate info: V2G
2026-08-10 15:26:08.730699 [INFO] evse_security:E  :: Found valid leaf: ["/home/ahzf/everest/dist/etc/everest/certs/client/cso/CPO_CERT_CHAIN.pem"]
2026-08-10 15:26:08.731016 [INFO] evse_security:E  :: Found valid leaf: ["/home/ahzf/everest/dist/etc/everest/certs/client/cso/SECC_LEAF.pem"]
2026-08-10 15:26:08.774296 [WARN] iso15118_charge void {anonymous}::log_handler(openssl::log_level_t, const std::string&) :: <n> certificates != <n> OCSP responses

2026-08-10 15:26:08.788941 [INFO] iso15118_charge  :: SDP socket setup succeeded

2026-08-10 15:26:08.870309 [INFO] iso15118_charge  :: Ignoring bidirectional SupportedEnergyTransferMode
2026-08-10 15:26:08.870772 [WARN] auth:Auth       void module::ReservationHandler::load_reservations() :: Can not load reservations because no storage was configured.
2026-08-10 15:26:09.091156 [INFO] ovm:OVMSimulato  :: Over voltage monitoring: stopped.
2026-08-10 15:26:09.185689 [INFO] evse_manager:Ev  :: Ignoring BSP Event, BSP is not enabled yet.

2026-08-10 15:26:09.231049 [INFO] iso15118_charge  :: Ignoring bidirectional SupportedEnergyTransferMode
2026-08-10 15:26:09.865834 [INFO] evse_manager:Ev  :: Cleaning up any other transaction on start up
2026-08-10 15:26:10.002961 [INFO] evse_manager:Ev  :: 🌀🌀🌀 Ready to start charging 🌀🌀🌀
