2026-08-10 15:07:35.769025 [INFO] manager          ::   ________      __                _   
2026-08-10 15:07:35.769271 [INFO] manager          ::  |  ____\ \    / /               | |
2026-08-10 15:07:35.769284 [INFO] manager          ::  | |__   \ \  / /__ _ __ ___  ___| |_
2026-08-10 15:07:35.769290 [INFO] manager          ::  |  __|   \ \/ / _ \ '__/ _ \/ __| __|
2026-08-10 15:07:35.769296 [INFO] manager          ::  | |____   \  /  __/ | |  __/\__ \ |_
2026-08-10 15:07:35.769302 [INFO] manager          ::  |______|   \/ \___|_|  \___||___/\__|
2026-08-10 15:07:35.769307 [INFO] manager          :: 
2026-08-10 15:07:35.769313 [INFO] manager          :: everest-framework 0.25.0-dev 2026.02.1
2026-08-10 15:07:35.769319 [INFO] manager          :: everest-core 2026.02.1-dev 2026.02.1
2026-08-10 15:07:35.769325 [INFO] manager          :: 
2026-08-10 15:07:35.769332 [INFO] manager          :: Using MQTT broker localhost:1883
2026-08-10 15:07:35.793721 [INFO] manager          :: Boot mode is set to YamlFile, loading module configs from YAML file
2026-08-10 15:07:35.793794 [INFO] manager          :: Loading config file at: /home/ahzf/everest/configs-ours/config-dc2-ours.yaml
2026-08-10 15:07:35.932457 [INFO] manager          :: Config loading completed in 163ms
2026-08-10 15:07:35.934728 [INFO] manager          :: Starting 19 modules
2026-08-10 15:07:38.267232 [INFO] api:API          :: Module api initialized [2303ms]
2026-08-10 15:07:38.283601 [INFO] energy_manager:  :: Module energy_manager initialized [2303ms]
2026-08-10 15:07:38.284226 [INFO] ev_api:EvAPI     :: Module ev_api initialized [2298ms]
2026-08-10 15:07:38.285299 [INFO] api_sink:Energy  :: Module api_sink initialized [2317ms]
2026-08-10 15:07:38.286846 [INFO] ev_manager:EvMa  :: Module ev_manager initialized [2297ms]
2026-08-10 15:07:38.287790 [INFO] error_history:E  :: Using database at "/tmp/error_history.db"
2026-08-10 15:07:38.287942 [INFO] error_history:E  :: Checking database
2026-08-10 15:07:38.288960 [INFO] auth:Auth        :: Module auth initialized [2315ms]
2026-08-10 15:07:38.289446 [INFO] error_history:E  :: Module error_history initialized [2305ms]
2026-08-10 15:07:38.289871 [INFO] evse_security:E  :: Module evse_security initialized [2284ms]
2026-08-10 15:07:38.306500 [INFO] imd:IMDSimulato  :: Module imd initialized [2297ms]
2026-08-10 15:07:38.310171 [INFO] evse_manager:Ev  :: Module evse_manager initialized [2305ms]
2026-08-10 15:07:38.321185 [INFO] grid_connection  :: Module grid_connection_point initialized [2315ms]
2026-08-10 15:07:38.328171 [INFO] powersupply_dc:  :: Module powersupply_dc initialized [2297ms]
2026-08-10 15:07:38.329579 [INFO] slac:SlacSimula  :: Module slac initialized [2296ms]
2026-08-10 15:07:38.332847 [INFO] iso15118_charge  :: Module iso15118_charger initialized [2303ms]
2026-08-10 15:07:38.335526 [INFO] ovm:OVMSimulato  :: Can control the over voltage measurement values over the topic: everest_api/ovm/cmd/set_over_voltage_measurement_V via MQTT
2026-08-10 15:07:38.335900 [INFO] ovm:OVMSimulato  :: Module ovm initialized [2308ms]
2026-08-10 15:07:38.343057 [INFO] token_validator  :: Module token_validator initialized [2298ms]
2026-08-10 15:07:38.345595 [INFO] token_provider:  :: Module token_provider initialized [2303ms]
2026-08-10 15:07:38.390292 [INFO] yeti_driver:Yet  :: Module yeti_driver initialized [2342ms]
2026-08-10 15:07:38.929975 [INFO] iso15118_car     :: Module iso15118_car initialized [2293ms]
2026-08-10 15:07:38.977971 [INFO] manager          :: Clearing retained topics published by manager during startup
2026-08-10 15:07:38.979373 [INFO] manager          :: 🚙🚙🚙 All modules are initialized. EVerest up and running [3226ms] 🚙🚙🚙

2026-08-10 15:07:38.981114 [INFO] iso15118_charge  :: TCP server on eth0 is listening on port [fe80::215:5dff:fe6b:3d4%2]:61341

2026-08-10 15:07:38.981245 [INFO] iso15118_charge  :: TLS server on eth0 is listening on port [fe80::215:5dff:fe6b:3d4%2]:64109
2026-08-10 15:07:39.026141 [INFO] evse_security:E  :: Requesting leaf certificate info: V2G
2026-08-10 15:07:39.030682 [INFO] evse_security:E  :: Found valid leaf: ["/home/ahzf/everest/dist/etc/everest/certs/client/cso/CPO_CERT_CHAIN.pem"]
2026-08-10 15:07:39.030996 [INFO] evse_security:E  :: Found valid leaf: ["/home/ahzf/everest/dist/etc/everest/certs/client/cso/SECC_LEAF.pem"]
2026-08-10 15:07:39.073187 [WARN] iso15118_charge void {anonymous}::log_handler(openssl::log_level_t, const std::string&) :: <n> certificates != <n> OCSP responses

2026-08-10 15:07:39.084997 [INFO] iso15118_charge  :: SDP socket setup succeeded
2026-08-10 15:07:39.126779 [WARN] auth:Auth       void module::ReservationHandler::load_reservations() :: Can not load reservations because no storage was configured.

2026-08-10 15:07:39.262392 [INFO] iso15118_charge  :: Ignoring bidirectional SupportedEnergyTransferMode
2026-08-10 15:07:39.447107 [INFO] ovm:OVMSimulato  :: Over voltage monitoring: stopped.
2026-08-10 15:07:39.489682 [INFO] evse_manager:Ev  :: Ignoring BSP Event, BSP is not enabled yet.

2026-08-10 15:07:39.582982 [INFO] iso15118_charge  :: Ignoring bidirectional SupportedEnergyTransferMode
2026-08-10 15:07:39.989756 [INFO] evse_manager:Ev  :: Cleaning up any other transaction on start up
2026-08-10 15:07:40.078943 [INFO] evse_manager:Ev  :: 🌀🌀🌀 Ready to start charging 🌀🌀🌀
