2026-08-15 03:09:50.185353 [INFO] manager          ::   ________      __                _   
2026-08-15 03:09:50.185555 [INFO] manager          ::  |  ____\ \    / /               | |
2026-08-15 03:09:50.185564 [INFO] manager          ::  | |__   \ \  / /__ _ __ ___  ___| |_
2026-08-15 03:09:50.185570 [INFO] manager          ::  |  __|   \ \/ / _ \ '__/ _ \/ __| __|
2026-08-15 03:09:50.185576 [INFO] manager          ::  | |____   \  /  __/ | |  __/\__ \ |_
2026-08-15 03:09:50.185582 [INFO] manager          ::  |______|   \/ \___|_|  \___||___/\__|
2026-08-15 03:09:50.185587 [INFO] manager          :: 
2026-08-15 03:09:50.185593 [INFO] manager          :: everest-framework 0.25.0-dev 2026.02.1
2026-08-15 03:09:50.185599 [INFO] manager          :: everest-core 2026.02.1-dev 2026.02.1
2026-08-15 03:09:50.185606 [INFO] manager          :: 
2026-08-15 03:09:50.185612 [INFO] manager          :: Using MQTT broker localhost:1883
2026-08-15 03:09:50.209797 [INFO] manager          :: Boot mode is set to YamlFile, loading module configs from YAML file
2026-08-15 03:09:50.209852 [INFO] manager          :: Loading config file at: /home/ahzf/everest/configs-ours/config-ac20bpt-reverse-ours.yaml
2026-08-15 03:09:50.332543 [INFO] manager          :: Config loading completed in 146ms
2026-08-15 03:09:50.335915 [INFO] manager          :: Starting 15 modules
2026-08-15 03:09:52.336050 [INFO] api_sink:Energy  :: Module api_sink initialized [1966ms]
2026-08-15 03:09:52.339914 [INFO] api:API          :: Module api initialized [1974ms]
2026-08-15 03:09:52.355908 [INFO] energy_manager:  :: Module energy_manager initialized [1970ms]
2026-08-15 03:09:52.358537 [INFO] auth:Auth        :: Module auth initialized [1980ms]
2026-08-15 03:09:52.358988 [INFO] error_history:E  :: Using database at "/tmp/error_history.db"
2026-08-15 03:09:52.359207 [INFO] error_history:E  :: Checking database
2026-08-15 03:09:52.360509 [INFO] connector_1_pow  :: Module connector_1_powerpath initialized [1980ms]
2026-08-15 03:09:52.361622 [INFO] error_history:E  :: Module error_history initialized [1972ms]
2026-08-15 03:09:52.361798 [INFO] slac:SlacSimula  :: Module slac initialized [1929ms]
2026-08-15 03:09:52.363603 [INFO] iso15118_charge  :: Module iso15118_charger initialized [1930ms]
2026-08-15 03:09:52.388324 [INFO] grid_connection  :: Module grid_connection_point initialized [1975ms]
2026-08-15 03:09:52.388667 [INFO] ev_manager:EvMa  :: Module ev_manager initialized [1993ms]
2026-08-15 03:09:52.388939 [INFO] evse_security:E  :: Module evse_security initialized [1974ms]
2026-08-15 03:09:52.402108 [INFO] evse_manager:Ev  :: Module evse_manager initialized [1988ms]
2026-08-15 03:09:52.430844 [INFO] token_validator  :: Module token_validator initialized [1986ms]
2026-08-15 03:09:52.433649 [INFO] token_provider:  :: Module token_provider initialized [1993ms]
2026-08-15 03:09:53.009334 [INFO] iso15118_car     :: Module iso15118_car initialized [1963ms]
2026-08-15 03:09:53.010126 [INFO] manager          :: Clearing retained topics published by manager during startup
2026-08-15 03:09:53.011140 [INFO] manager          :: 🚙🚙🚙 All modules are initialized. EVerest up and running [2838ms] 🚙🚙🚙
2026-08-15 03:09:53.199014 [WARN] auth:Auth       void module::ReservationHandler::load_reservations() :: Can not load reservations because no storage was configured.
2026-08-15 03:09:53.455144 [INFO] evse_security:E  :: Requesting leaf certificate info: V2G
2026-08-15 03:09:53.459816 [INFO] evse_security:E  :: Found valid leaf: ["/home/ahzf/everest/dist/etc/everest/certs/client/cso/CPO_CERT_CHAIN.pem"]
2026-08-15 03:09:53.459895 [INFO] evse_security:E  :: Not requiring all valid leafs, returning
2026-08-15 03:09:53.474062 [INFO] evse_manager:Ev  :: AC HLC mode enabled.
2026-08-15 03:09:53.503143 [INFO] evse_security:E  :: Requesting certificate file: [V2G] file:"/home/ahzf/everest/dist/etc/everest/certs/ca/v2g/V2G_ROOT_CA.pem"
2026-08-15 03:09:53.518586 [INFO] evse_manager:Ev  :: Ignoring BSP Event, BSP is not enabled yet.
2026-08-15 03:09:53.548309 [INFO] evse_security:E  :: Requesting certificate file: [MO] file:"/home/ahzf/everest/dist/etc/everest/certs/ca/mo/MO_ROOT_CA.pem"
2026-08-15 03:09:53.591052 [INFO] iso15118_charge  :: Using ethernet interface: lo
2026-08-15 03:09:53.591129 [INFO] iso15118_charge  :: Starting SDP server with address: ::
2026-08-15 03:09:53.610813 [INFO] evse_manager:Ev  :: Cleaning up any other transaction on start up
2026-08-15 03:09:53.747963 [INFO] evse_manager:Ev  :: 🌀🌀🌀 Ready to start charging 🌀🌀🌀
2026-08-15 03:09:57.030373 [INFO] connector_1_pow  :: Lock connector
2026-08-15 03:09:57.212352 [INFO] evse_manager:Ev  :: SYS  Session logging started.
2026-08-15 03:09:57.212583 [INFO] evse_manager:Ev  :: EVSE IEC Session Started: EVConnected
2026-08-15 03:09:57.214000 [INFO] token_provider:  :: Publishing new dummy token: {
    "authorization_type": "RFID",
    "id_token": {
        "type": "ISO14443",
        "value": "[redacted] hash: 29F2679CA504908"
    },
    "parent_id_token": {
        "type": "ISO14443",
        "value": "[redacted] hash: 29F2679CA504908"
    }
}2026-08-15 03:09:57.214104 [INFO] auth:Auth        :: Plug In event for evse#1, starting auth

2026-08-15 03:09:57.214947 [INFO] auth:Auth        :: Received new token: {
    "authorization_type": "RFID",
    "id_token": {
        "type": "ISO14443",
        "value": "[redacted] hash: 29F2679CA504908"
    },
    "parent_id_token": {
        "type": "ISO14443",
        "value": "[redacted] hash: 29F2679CA504908"
    }
}
2026-08-15 03:09:57.216184 [INFO] token_validator  :: Got validation request for token: [redacted] hash: 29F2679CA504908
2026-08-15 03:09:57.466392 [INFO] token_validator  :: Returning validation status: Accepted
2026-08-15 03:09:57.467848 [INFO] auth:Auth        :: Providing authorization to evse#1
2026-08-15 03:09:57.567249 [INFO] evse_manager:Ev  :: EVSE IEC EIM Authorization received
2026-08-15 03:09:57.568327 [INFO] auth:Auth        :: Result for token: [redacted] hash: 29F2679CA504908: USED_TO_START_TRANSACTION
2026-08-15 03:09:57.658922 [INFO] evse_manager:Ev  :: EVSE IEC Transaction Started (0 kWh)
2026-08-15 03:09:57.659490 [INFO] evse_manager:Ev  :: EVSE IEC AC mode, HLC enabled(X1), matching already started. We are in X1 so we can go directly to nominal PWM.
2026-08-15 03:09:57.659579 [INFO] evse_manager:Ev  :: EVSE IEC Charger state: Wait for Auth->PrepareCharging
2026-08-15 03:09:57.659961 [INFO] evse_manager:Ev  :: EVSE IEC Set PWM On (53.3%) took 0 ms
2026-08-15 03:09:59.310839 [INFO] evse_manager:Ev  :: EVSE ISO D-LINK_READY (true)
2026-08-15 03:09:59.310839 [INFO] evse_manager:Ev  :: EVSE ISO SLAC MATCHED
2026-08-15 03:09:59.410370 [WARN] iso15118_car    pybind11_init_everestpy(pybind11::module_&)::<lambda(const std::string&)> :: The port 15118 does not match the mandatory UDP server port 15118.
2026-08-15 03:10:05.062315 [INFO] evse_manager:Ev  ::                                     CAR IEC Event CarRequestedPower
2026-08-15 03:10:05.062512 [INFO] evse_manager:Ev  :: EVSE IEC Charger state: PrepareCharging->Charging
2026-08-15 03:10:05.314290 [INFO] evse_manager:Ev  :: EVSE IEC Event PowerOn
2026-08-15 03:10:28.673380 [INFO] evse_manager:Ev  ::                                     CAR IEC Event CarRequestedStopPower
2026-08-15 03:10:28.673578 [INFO] evse_manager:Ev  :: EVSE IEC Stop in Charging: [IEC stop]
2026-08-15 03:10:28.673699 [INFO] evse_manager:Ev  :: EVSE IEC Charger state: Charging->StoppingCharging
2026-08-15 03:10:28.674489 [INFO] evse_manager:Ev  :: EVSE IEC Set PWM Off
2026-08-15 03:10:28.720099 [INFO] evse_manager:Ev  :: EVSE IEC Event PowerOff
2026-08-15 03:10:28.720363 [INFO] evse_manager:Ev  :: EVSE IEC Charger state: StoppingCharging->Car Paused
2026-08-15 03:10:28.721377 [INFO] evse_manager:Ev  :: EVSE IEC Set PWM On (53.3%) took 0 ms
2026-08-15 03:10:34.994670 [INFO] ev_manager:EvMa  :: Finished simulation.
2026-08-15 03:10:35.294802 [INFO] connector_1_pow  :: Unlock connector
2026-08-15 03:10:35.382715 [INFO] evse_manager:Ev  :: EVSE ISO SLAC UNMATCHED
2026-08-15 03:10:35.382973 [INFO] evse_manager:Ev  :: EVSE ISO D-LINK_READY (false)
2026-08-15 03:10:35.426853 [INFO] evse_manager:Ev  ::                                     CAR IEC Event CarUnplugged
2026-08-15 03:10:35.427042 [INFO] evse_manager:Ev  :: EVSE IEC Stop in ChargingPausedEV: [EV unplugged]
2026-08-15 03:10:35.427150 [INFO] evse_manager:Ev  :: EVSE IEC Charger state: Car Paused->StoppingCharging
2026-08-15 03:10:35.427568 [INFO] evse_manager:Ev  :: EVSE IEC Set PWM Off
2026-08-15 03:10:35.512338 [INFO] evse_manager:Ev  :: EVSE IEC Charger state: StoppingCharging->Finished
2026-08-15 03:10:35.555004 [INFO] evse_manager:Ev  :: EVSE IEC Transaction Finished: EVDisconnected (0.131 kWh)
2026-08-15 03:10:35.686821 [INFO] evse_manager:Ev  :: EVSE IEC Session Finished
2026-08-15 03:10:35.686998 [INFO] evse_manager:Ev  :: SYS  Session logging stopped.
2026-08-15 03:10:35.775042 [INFO] evse_manager:Ev  :: All errors cleared
2026-08-15 03:10:35.775210 [INFO] evse_manager:Ev  :: All errors cleared
