# Frames as recorded, per direction. Ordering within a direction is real;
# the two directions are not interleaved, because the recording has no timestamps.

## EV -> station: 153 byte(s), 6 frame(s)
[0] SupportedAppProtocolReq payloadType=0x8001 bytes=44
    01fe8001000000248000ebab9371d34b9b79d189a98989c1d191d191818999d26b9b3a232b30020000040040
[1] SessionSetupReq payloadType=0x8001 bytes=22
    01fe80010000000e8098004011d01800621c00704400
[2] ServiceDiscoveryReq payloadType=0x8001 bytes=21
    01fe80010000000d80980205a1df35fee07f60d1b8
[3] PaymentServiceSelectionReq payloadType=0x8001 bytes=24
    01fe80010000001080980205a1df35fee07f60d132001280
[4] AuthorizationReq payloadType=0x8001 bytes=21
    01fe80010000000d80980205a1df35fee07f60d008
[5] AuthorizationReq payloadType=0x8001 bytes=21
    01fe80010000000d80980205a1df35fee07f60d008

## station -> EV: 149 byte(s), 6 frame(s)
[0] SupportedAppProtocolRes (OK_SuccessfulNegotiation) payloadType=0x8001 bytes=12
    01fe80010000000480400040
[1] SessionSetupRes (OK_NewSessionEstablished) payloadType=0x8001 bytes=38
    01fe80010000001e80980205a1df35fee07f60d1e0202d1114a905090ca914c4109c1ada60c0
[2] ServiceDiscoveryRes (OK) payloadType=0x8001 bytes=31
    01fe80010000001780980205a1df35fee07f60d1c00008004011050c050248
[3] PaymentServiceSelectionRes (OK) payloadType=0x8001 bytes=22
    01fe80010000000e80980205a1df35fee07f60d14000
[4] AuthorizationRes (OK) payloadType=0x8001 bytes=23
    01fe80010000000f80980205a1df35fee07f60d0100000
[5] AuthorizationRes (FAILED_SequenceError) payloadType=0x8001 bytes=23
    01fe80010000000f80980205a1df35fee07f60d010a000
