2026-08-15 03:10:52.263811 [INFO] manager          ::   ________      __                _   
2026-08-15 03:10:52.263953 [INFO] manager          ::  |  ____\ \    / /               | |
2026-08-15 03:10:52.263962 [INFO] manager          ::  | |__   \ \  / /__ _ __ ___  ___| |_
2026-08-15 03:10:52.263968 [INFO] manager          ::  |  __|   \ \/ / _ \ '__/ _ \/ __| __|
2026-08-15 03:10:52.263973 [INFO] manager          ::  | |____   \  /  __/ | |  __/\__ \ |_
2026-08-15 03:10:52.263979 [INFO] manager          ::  |______|   \/ \___|_|  \___||___/\__|
2026-08-15 03:10:52.263984 [INFO] manager          :: 
2026-08-15 03:10:52.263990 [INFO] manager          :: everest-framework 0.25.0-dev 2026.02.1
2026-08-15 03:10:52.263996 [INFO] manager          :: everest-core 2026.02.1-dev 2026.02.1
2026-08-15 03:10:52.264001 [INFO] manager          :: 
2026-08-15 03:10:52.264007 [INFO] manager          :: Using MQTT broker localhost:1883
2026-08-15 03:10:52.282624 [INFO] manager          :: Boot mode is set to YamlFile, loading module configs from YAML file
2026-08-15 03:10:52.282683 [INFO] manager          :: Loading config file at: /home/ahzf/everest/configs-ours/config-ac20bpt-reverse-ours.yaml
2026-08-15 03:10:52.392279 [INFO] manager          :: Config loading completed in 128ms
2026-08-15 03:10:52.394767 [INFO] manager          :: Starting 15 modules
2026-08-15 03:10:54.392855 [INFO] energy_manager:  :: Module energy_manager initialized [1973ms]
2026-08-15 03:10:54.399384 [INFO] api_sink:Energy  :: Module api_sink initialized [1982ms]
2026-08-15 03:10:54.401176 [INFO] error_history:E  :: Using database at "/tmp/error_history.db"
2026-08-15 03:10:54.401448 [INFO] error_history:E  :: Checking database
2026-08-15 03:10:54.403087 [INFO] api:API          :: Module api initialized [1986ms]
2026-08-15 03:10:54.404133 [INFO] connector_1_pow  :: Module connector_1_powerpath initialized [1986ms]
2026-08-15 03:10:54.412062 [INFO] error_history:E  :: Module error_history initialized [1992ms]
2026-08-15 03:10:54.419420 [INFO] auth:Auth        :: Module auth initialized [2000ms]
2026-08-15 03:10:54.439559 [INFO] token_validator  :: Module token_validator initialized [2005ms]
2026-08-15 03:10:54.440362 [INFO] grid_connection  :: Module grid_connection_point initialized [2013ms]
2026-08-15 03:10:54.440458 [INFO] slac:SlacSimula  :: Module slac initialized [2009ms]
2026-08-15 03:10:54.443267 [INFO] evse_security:E  :: Module evse_security initialized [2015ms]
2026-08-15 03:10:54.443634 [INFO] token_provider:  :: Module token_provider initialized [2012ms]
2026-08-15 03:10:54.445272 [INFO] ev_manager:EvMa  :: Module ev_manager initialized [2021ms]
2026-08-15 03:10:54.445497 [INFO] iso15118_charge  :: Module iso15118_charger initialized [2013ms]
2026-08-15 03:10:54.458659 [INFO] evse_manager:Ev  :: Module evse_manager initialized [2031ms]
2026-08-15 03:10:54.801022 [INFO] iso15118_car     :: Module iso15118_car initialized [1962ms]
2026-08-15 03:10:54.846987 [INFO] manager          :: Clearing retained topics published by manager during startup
2026-08-15 03:10:54.847978 [INFO] manager          :: 🚙🚙🚙 All modules are initialized. EVerest up and running [2589ms] 🚙🚙🚙
2026-08-15 03:10:54.992136 [WARN] auth:Auth       void module::ReservationHandler::load_reservations() :: Can not load reservations because no storage was configured.
2026-08-15 03:10:55.276212 [INFO] evse_manager:Ev  :: AC HLC mode enabled.
2026-08-15 03:10:55.295100 [INFO] evse_security:E  :: Requesting leaf certificate info: V2G
2026-08-15 03:10:55.299008 [INFO] evse_security:E  :: Found valid leaf: ["/home/ahzf/everest/dist/etc/everest/certs/client/cso/CPO_CERT_CHAIN.pem"]
2026-08-15 03:10:55.299119 [INFO] evse_security:E  :: Not requiring all valid leafs, returning
2026-08-15 03:10:55.344241 [INFO] evse_security:E  :: Requesting certificate file: [V2G] file:"/home/ahzf/everest/dist/etc/everest/certs/ca/v2g/V2G_ROOT_CA.pem"
2026-08-15 03:10:55.378811 [INFO] evse_manager:Ev  :: Ignoring BSP Event, BSP is not enabled yet.
2026-08-15 03:10:55.390897 [INFO] evse_security:E  :: Requesting certificate file: [MO] file:"/home/ahzf/everest/dist/etc/everest/certs/ca/mo/MO_ROOT_CA.pem"
2026-08-15 03:10:55.430823 [INFO] iso15118_charge  :: Using ethernet interface: lo
2026-08-15 03:10:55.430985 [INFO] iso15118_charge  :: Starting SDP server with address: ::
2026-08-15 03:10:55.471030 [INFO] evse_manager:Ev  :: Cleaning up any other transaction on start up
2026-08-15 03:10:55.559833 [INFO] evse_manager:Ev  :: 🌀🌀🌀 Ready to start charging 🌀🌀🌀
2026-08-15 03:10:59.162589 [INFO] connector_1_pow  :: Lock connector
2026-08-15 03:10:59.371380 [INFO] evse_manager:Ev  :: SYS  Session logging started.
2026-08-15 03:10:59.371530 [INFO] evse_manager:Ev  :: EVSE IEC Session Started: EVConnected
2026-08-15 03:10:59.372852 [INFO] auth:Auth        :: Plug In event for evse#1, starting auth
2026-08-15 03:10:59.372866 [INFO] token_provider:  :: Publishing new dummy token: {
    "authorization_type": "RFID",
    "id_token": {
        "type": "ISO14443",
        "value": "[redacted] hash: 29F2679CA504908"
    },
    "parent_id_token": {
        "type": "ISO14443",
        "value": "[redacted] hash: 29F2679CA504908"
    }
}
2026-08-15 03:10:59.373728 [INFO] auth:Auth        :: Received new token: {
    "authorization_type": "RFID",
    "id_token": {
        "type": "ISO14443",
        "value": "[redacted] hash: 29F2679CA504908"
    },
    "parent_id_token": {
        "type": "ISO14443",
        "value": "[redacted] hash: 29F2679CA504908"
    }
}
2026-08-15 03:10:59.375058 [INFO] token_validator  :: Got validation request for token: [redacted] hash: 29F2679CA504908
2026-08-15 03:10:59.625245 [INFO] token_validator  :: Returning validation status: Accepted
2026-08-15 03:10:59.626251 [INFO] auth:Auth        :: Providing authorization to evse#1
2026-08-15 03:10:59.672597 [INFO] evse_manager:Ev  :: EVSE IEC EIM Authorization received
2026-08-15 03:10:59.673392 [INFO] auth:Auth        :: Result for token: [redacted] hash: 29F2679CA504908: USED_TO_START_TRANSACTION
2026-08-15 03:10:59.718798 [INFO] evse_manager:Ev  :: EVSE IEC Transaction Started (0 kWh)
2026-08-15 03:10:59.719286 [INFO] evse_manager:Ev  :: EVSE IEC AC mode, HLC enabled(X1), matching already started. We are in X1 so we can go directly to nominal PWM.
2026-08-15 03:10:59.719375 [INFO] evse_manager:Ev  :: EVSE IEC Charger state: Wait for Auth->PrepareCharging
2026-08-15 03:10:59.719867 [INFO] evse_manager:Ev  :: EVSE IEC Set PWM On (53.3%) took 0 ms
2026-08-15 03:11:01.422771 [INFO] evse_manager:Ev  :: EVSE ISO SLAC MATCHED
2026-08-15 03:11:01.422778 [INFO] evse_manager:Ev  :: EVSE ISO D-LINK_READY (true)
2026-08-15 03:11:01.497010 [WARN] iso15118_car    pybind11_init_everestpy(pybind11::module_&)::<lambda(const std::string&)> :: The port 15118 does not match the mandatory UDP server port 15118.
2026-08-15 03:11:07.178720 [INFO] evse_manager:Ev  ::                                     CAR IEC Event CarRequestedPower
2026-08-15 03:11:07.178932 [INFO] evse_manager:Ev  :: EVSE IEC Charger state: PrepareCharging->Charging
2026-08-15 03:11:07.404525 [INFO] evse_manager:Ev  :: EVSE IEC Event PowerOn
2026-08-15 03:11:30.803542 [INFO] evse_manager:Ev  ::                                     CAR IEC Event CarRequestedStopPower
2026-08-15 03:11:30.803727 [INFO] evse_manager:Ev  :: EVSE IEC Stop in Charging: [IEC stop]
2026-08-15 03:11:30.803826 [INFO] evse_manager:Ev  :: EVSE IEC Charger state: Charging->StoppingCharging
2026-08-15 03:11:30.804252 [INFO] evse_manager:Ev  :: EVSE IEC Set PWM Off
2026-08-15 03:11:30.890823 [INFO] evse_manager:Ev  :: EVSE IEC Event PowerOff
2026-08-15 03:11:30.890998 [INFO] evse_manager:Ev  :: EVSE IEC Charger state: StoppingCharging->Car Paused
2026-08-15 03:11:30.891583 [INFO] evse_manager:Ev  :: EVSE IEC Soft overcurrent event (L1:16.154997, L2:16.154997, L3:16.154997, limit 0.55), starting timer.
2026-08-15 03:11:30.891658 [INFO] evse_manager:Ev  :: EVSE IEC Set PWM On (53.3%) took 0 ms
2026-08-15 03:11:36.814923 [INFO] ev_manager:EvMa  :: Finished simulation.
2026-08-15 03:11:37.130611 [INFO] connector_1_pow  :: Unlock connector
2026-08-15 03:11:37.174734 [INFO] evse_manager:Ev  :: EVSE ISO SLAC UNMATCHED
2026-08-15 03:11:37.174781 [INFO] evse_manager:Ev  :: EVSE ISO D-LINK_READY (false)
2026-08-15 03:11:37.262862 [INFO] evse_manager:Ev  ::                                     CAR IEC Event CarUnplugged
2026-08-15 03:11:37.263029 [INFO] evse_manager:Ev  :: EVSE IEC Stop in ChargingPausedEV: [EV unplugged]
2026-08-15 03:11:37.263119 [INFO] evse_manager:Ev  :: EVSE IEC Charger state: Car Paused->StoppingCharging
2026-08-15 03:11:37.263472 [INFO] evse_manager:Ev  :: EVSE IEC Set PWM Off
2026-08-15 03:11:37.354698 [INFO] evse_manager:Ev  :: EVSE IEC Charger state: StoppingCharging->Finished
2026-08-15 03:11:37.399168 [INFO] evse_manager:Ev  :: EVSE IEC Transaction Finished: EVDisconnected (0.068 kWh)
2026-08-15 03:11:37.530794 [INFO] evse_manager:Ev  :: EVSE IEC Session Finished
2026-08-15 03:11:37.530958 [INFO] evse_manager:Ev  :: SYS  Session logging stopped.
2026-08-15 03:11:37.575096 [INFO] evse_manager:Ev  :: All errors cleared
2026-08-15 03:11:37.575250 [INFO] evse_manager:Ev  :: All errors cleared
