Test run for /home/ahzf/wsl-artifacts/bin/ISO15118ConformanceTests.Simulation/release/ISO15118ConformanceTests.Simulation.dll (.NETCoreApp,Version=v10.0)
A total of 1 test files matched the specified pattern.
/home/ahzf/wsl-artifacts/bin/ISO15118ConformanceTests.Simulation/release/ISO15118ConformanceTests.Simulation.dll
NUnit Adapter 4.6.0.0: Test execution started
Running selected tests in /home/ahzf/wsl-artifacts/bin/ISO15118ConformanceTests.Simulation/release/ISO15118ConformanceTests.Simulation.dll
   NUnit3TestExecutor discovered 1 of 1 NUnit test cases using Current Discovery mode, Explicit run
SDP: request from [fe80::215:5dff:fedf:2f0c%2]:33201 — ISO_15118_2, TLS, TCP
SDP: answered [fe80::215:5dff:fedf:2f0c%2]:33201 with [fe80::215:5dff:fedf:2f0c%2]:15118 (TLS, TCP), 28 byte(s).
TLS: their client certificate is DC=OEM, C=DE, O=Pionix, CN=WMIV1234567890ABCDEX.
TLS (station): presenting DC=CPO, C=DE, O=EVerest, CN=SECCCert (+2 chain certificate(s)), TLS 1.3, requiring a client certificate (accept-any)
SDP: advertising [fe80::215:5dff:fedf:2f0c%2]:15118 (TLS) on eth0 — their EV should discover this station rather than be pointed at it.
Waiting for their PyEvJosev on [::]:15118 (TLS) ...
TLS: Tls13, TLS_AES_256_GCM_SHA384, client certificate DC=OEM, C=DE, O=Pionix, CN=WMIV1234567890ABCDEX.
TLS: Tls13, TLS_AES_256_GCM_SHA384, their car DC=OEM, C=DE, O=Pionix, CN=WMIV1234567890ABCDEX, we presented DC=CPO, C=DE, O=EVerest, CN=SECCCert
Energy transfer service: 1 (AC) — their EV's pick out of our catalogue.
Control mode: Dynamic — read off their ScheduleExchangeReq, not off our offer.
Plug & Charge (inbound): contract DC=MO, C=DE, O=EVerest, CN=UKSWI123456791A; challenge OK, digest OK, signature OK (http://www.w3.org/2001/04/xmldsig-more#ecdsa-sha256, grammar=xmldsig-standalone).
Recorded:
  /home/ahzf/everest/run/acdyn-tls/everest-iso15118-20-ac-reverse-tls.ev-to-station.bin
  /home/ahzf/everest/run/acdyn-tls/everest-iso15118-20-ac-reverse-tls.station-to-ev.bin
  /home/ahzf/everest/run/acdyn-tls/everest-iso15118-20-ac-reverse-tls.frames.log
  /home/ahzf/everest/run/acdyn-tls/everest-iso15118-20-ac-reverse-tls.flow.md
  /home/ahzf/everest/run/acdyn-tls/everest-iso15118-20-ac-reverse-tls.trace-not-built.txt

NUnit Adapter 4.6.0.0: Test execution complete
  Passed TheirPyEvJosev_AgainstOurSecc_RunsToCompletion [40 s]
  Standard Output Messages:
 TLS (station): presenting DC=CPO, C=DE, O=EVerest, CN=SECCCert (+2 chain certificate(s)), TLS 1.3, requiring a client certificate (accept-any)
 SDP: advertising [fe80::215:5dff:fedf:2f0c%2]:15118 (TLS) on eth0 — their EV should discover this station rather than be pointed at it.
 Waiting for their PyEvJosev on [::]:15118 (TLS) ...
 TLS: Tls13, TLS_AES_256_GCM_SHA384, client certificate DC=OEM, C=DE, O=Pionix, CN=WMIV1234567890ABCDEX.
 TLS: Tls13, TLS_AES_256_GCM_SHA384, their car DC=OEM, C=DE, O=Pionix, CN=WMIV1234567890ABCDEX, we presented DC=CPO, C=DE, O=EVerest, CN=SECCCert
 Energy transfer service: 1 (AC) — their EV's pick out of our catalogue.
 Control mode: Dynamic — read off their ScheduleExchangeReq, not off our offer.
 Plug & Charge (inbound): contract DC=MO, C=DE, O=EVerest, CN=UKSWI123456791A; challenge OK, digest OK, signature OK (http://www.w3.org/2001/04/xmldsig-more#ecdsa-sha256, grammar=xmldsig-standalone).
 Recorded:
   /home/ahzf/everest/run/acdyn-tls/everest-iso15118-20-ac-reverse-tls.ev-to-station.bin
   /home/ahzf/everest/run/acdyn-tls/everest-iso15118-20-ac-reverse-tls.station-to-ev.bin
   /home/ahzf/everest/run/acdyn-tls/everest-iso15118-20-ac-reverse-tls.frames.log
   /home/ahzf/everest/run/acdyn-tls/everest-iso15118-20-ac-reverse-tls.flow.md
   /home/ahzf/everest/run/acdyn-tls/everest-iso15118-20-ac-reverse-tls.trace-not-built.txt



Test Run Successful.
Total tests: 1
     Passed: 1
 Total time: 40.8342 Seconds
