2026-08-15 02:50:47.485671 [INFO] manager          ::   ________      __                _   
2026-08-15 02:50:47.485931 [INFO] manager          ::  |  ____\ \    / /               | |
2026-08-15 02:50:47.485945 [INFO] manager          ::  | |__   \ \  / /__ _ __ ___  ___| |_
2026-08-15 02:50:47.485952 [INFO] manager          ::  |  __|   \ \/ / _ \ '__/ _ \/ __| __|
2026-08-15 02:50:47.485957 [INFO] manager          ::  | |____   \  /  __/ | |  __/\__ \ |_
2026-08-15 02:50:47.485963 [INFO] manager          ::  |______|   \/ \___|_|  \___||___/\__|
2026-08-15 02:50:47.485969 [INFO] manager          :: 
2026-08-15 02:50:47.485975 [INFO] manager          :: everest-framework 0.25.0-dev 2026.02.1
2026-08-15 02:50:47.485981 [INFO] manager          :: everest-core 2026.02.1-dev 2026.02.1
2026-08-15 02:50:47.485988 [INFO] manager          :: 
2026-08-15 02:50:47.485995 [INFO] manager          :: Using MQTT broker localhost:1883
2026-08-15 02:50:47.507299 [INFO] manager          :: Boot mode is set to YamlFile, loading module configs from YAML file
2026-08-15 02:50:47.507369 [INFO] manager          :: Loading config file at: /home/ahzf/everest/configs-ours/config-ac20-reverse-ours.yaml
2026-08-15 02:50:47.633254 [INFO] manager          :: Config loading completed in 147ms
2026-08-15 02:50:47.635946 [INFO] manager          :: Starting 15 modules
2026-08-15 02:50:49.640063 [INFO] api:API          :: Module api initialized [1979ms]
2026-08-15 02:50:49.657208 [INFO] token_validator  :: Module token_validator initialized [1973ms]
2026-08-15 02:50:49.657755 [INFO] slac:SlacSimula  :: Module slac initialized [1982ms]
2026-08-15 02:50:49.659255 [INFO] token_provider:  :: Module token_provider initialized [1976ms]
2026-08-15 02:50:49.660059 [WARN] evse_security:E evse_security::EvseSecurity::EvseSecurity(const evse_security::FilePaths&, const std::optional<std::__cxx11::basic_string<char> >&, const std::optional<long unsigned int>&, const std::optional<long unsigned int>&, const std::optional<std::chrono::duration<long int> >&, const std::optional<std::chrono::duration<long int> >&) :: Could not find configured CSMS bundle file at: /home/ahzf/everest/dist/etc/everest/certs/ca/csms/CSMS_ROOT_CA.pem, creating default!
2026-08-15 02:50:49.660454 [WARN] evse_security:E evse_security::EvseSecurity::EvseSecurity(const evse_security::FilePaths&, const std::optional<std::__cxx11::basic_string<char> >&, const std::optional<long unsigned int>&, const std::optional<long unsigned int>&, const std::optional<std::chrono::duration<long int> >&, const std::optional<std::chrono::duration<long int> >&) :: Could not find configured MF bundle file at: /home/ahzf/everest/dist/etc/everest/certs/ca/mf/MF_ROOT_CA.pem, creating default!
2026-08-15 02:50:49.660645 [INFO] evse_security:E  :: Module evse_security initialized [1988ms]
2026-08-15 02:50:49.667170 [INFO] grid_connection  :: Module grid_connection_point initialized [1996ms]
2026-08-15 02:50:49.668846 [INFO] ev_manager:EvMa  :: Module ev_manager initialized [1999ms]
2026-08-15 02:50:49.669454 [INFO] iso15118_charge  :: Module iso15118_charger initialized [1991ms]
2026-08-15 02:50:49.673484 [INFO] evse_manager:Ev  :: Module evse_manager initialized [2001ms]
2026-08-15 02:50:49.676415 [INFO] energy_manager:  :: Module energy_manager initialized [2010ms]
2026-08-15 02:50:49.677810 [INFO] connector_1_pow  :: Module connector_1_powerpath initialized [2013ms]
2026-08-15 02:50:49.679004 [INFO] api_sink:Energy  :: Module api_sink initialized [2019ms]
2026-08-15 02:50:49.685490 [INFO] auth:Auth        :: Module auth initialized [2024ms]
2026-08-15 02:50:49.697373 [INFO] error_history:E  :: Using database at "/tmp/error_history.db"
2026-08-15 02:50:49.697600 [INFO] error_history:E  :: Checking database
2026-08-15 02:50:49.699652 [INFO] error_history:E  :: Module error_history initialized [2033ms]
2026-08-15 02:50:50.082730 [INFO] iso15118_car     :: Module iso15118_car initialized [1974ms]
2026-08-15 02:50:50.083517 [INFO] manager          :: Clearing retained topics published by manager during startup
2026-08-15 02:50:50.084488 [INFO] manager          :: 🚙🚙🚙 All modules are initialized. EVerest up and running [2605ms] 🚙🚙🚙
2026-08-15 02:50:50.275665 [WARN] auth:Auth       void module::ReservationHandler::load_reservations() :: Can not load reservations because no storage was configured.
2026-08-15 02:50:50.487607 [INFO] evse_security:E  :: Requesting leaf certificate info: V2G
2026-08-15 02:50:50.491703 [INFO] evse_security:E  :: Found valid leaf: ["/home/ahzf/everest/dist/etc/everest/certs/client/cso/CPO_CERT_CHAIN.pem"]
2026-08-15 02:50:50.491795 [INFO] evse_security:E  :: Not requiring all valid leafs, returning
2026-08-15 02:50:50.498282 [INFO] evse_manager:Ev  :: AC HLC mode enabled.
2026-08-15 02:50:50.575178 [INFO] evse_security:E  :: Requesting certificate file: [V2G] file:"/home/ahzf/everest/dist/etc/everest/certs/ca/v2g/V2G_ROOT_CA.pem"
2026-08-15 02:50:50.589447 [INFO] evse_manager:Ev  :: Ignoring BSP Event, BSP is not enabled yet.
2026-08-15 02:50:50.619847 [INFO] evse_security:E  :: Requesting certificate file: [MO] file:"/home/ahzf/everest/dist/etc/everest/certs/ca/mo/MO_ROOT_CA.pem"
2026-08-15 02:50:50.634799 [INFO] evse_manager:Ev  :: Cleaning up any other transaction on start up
2026-08-15 02:50:50.663221 [INFO] iso15118_charge  :: Using ethernet interface: lo
2026-08-15 02:50:50.663409 [INFO] iso15118_charge  :: Starting SDP server with address: ::
2026-08-15 02:50:50.767900 [INFO] evse_manager:Ev  :: 🌀🌀🌀 Ready to start charging 🌀🌀🌀
2026-08-15 02:50:54.398895 [INFO] connector_1_pow  :: Lock connector
2026-08-15 02:50:54.532337 [INFO] evse_manager:Ev  :: SYS  Session logging started.
2026-08-15 02:50:54.532493 [INFO] evse_manager:Ev  :: EVSE IEC Session Started: EVConnected
2026-08-15 02:50:54.533762 [INFO] auth:Auth        :: Plug In event for evse#1, starting auth
2026-08-15 02:50:54.533714 [INFO] token_provider:  :: Publishing new dummy token: {
    "authorization_type": "RFID",
    "id_token": {
        "type": "ISO14443",
        "value": "[redacted] hash: 29F2679CA504908"
    },
    "parent_id_token": {
        "type": "ISO14443",
        "value": "[redacted] hash: 29F2679CA504908"
    }
}
2026-08-15 02:50:54.534709 [INFO] auth:Auth        :: Received new token: {
    "authorization_type": "RFID",
    "id_token": {
        "type": "ISO14443",
        "value": "[redacted] hash: 29F2679CA504908"
    },
    "parent_id_token": {
        "type": "ISO14443",
        "value": "[redacted] hash: 29F2679CA504908"
    }
}
2026-08-15 02:50:54.535865 [INFO] token_validator  :: Got validation request for token: [redacted] hash: 29F2679CA504908
2026-08-15 02:50:54.786063 [INFO] token_validator  :: Returning validation status: Accepted
2026-08-15 02:50:54.787416 [INFO] auth:Auth        :: Providing authorization to evse#1
2026-08-15 02:50:54.851529 [INFO] evse_manager:Ev  :: EVSE IEC EIM Authorization received
2026-08-15 02:50:54.852438 [INFO] auth:Auth        :: Result for token: [redacted] hash: 29F2679CA504908: USED_TO_START_TRANSACTION
2026-08-15 02:50:54.938888 [INFO] evse_manager:Ev  :: EVSE IEC Transaction Started (0 kWh)
2026-08-15 02:50:54.939459 [INFO] evse_manager:Ev  :: EVSE IEC AC mode, HLC enabled(X1), matching already started. We are in X1 so we can go directly to nominal PWM.
2026-08-15 02:50:54.939550 [INFO] evse_manager:Ev  :: EVSE IEC Charger state: Wait for Auth->PrepareCharging
2026-08-15 02:50:54.939908 [INFO] evse_manager:Ev  :: EVSE IEC Set PWM On (53.3%) took 0 ms
2026-08-15 02:50:56.658727 [INFO] evse_manager:Ev  :: EVSE ISO SLAC MATCHED
2026-08-15 02:50:56.659010 [INFO] evse_manager:Ev  :: EVSE ISO D-LINK_READY (true)
2026-08-15 02:50:56.781966 [WARN] iso15118_car    pybind11_init_everestpy(pybind11::module_&)::<lambda(const std::string&)> :: The port 15118 does not match the mandatory UDP server port 15118.
2026-08-15 02:51:02.410861 [INFO] evse_manager:Ev  ::                                     CAR IEC Event CarRequestedPower
2026-08-15 02:51:02.411082 [INFO] evse_manager:Ev  :: EVSE IEC Charger state: PrepareCharging->Charging
2026-08-15 02:51:02.640592 [INFO] evse_manager:Ev  :: EVSE IEC Event PowerOn
2026-08-15 02:51:26.043538 [INFO] evse_manager:Ev  ::                                     CAR IEC Event CarRequestedStopPower
2026-08-15 02:51:26.043712 [INFO] evse_manager:Ev  :: EVSE IEC Stop in Charging: [IEC stop]
2026-08-15 02:51:26.043804 [INFO] evse_manager:Ev  :: EVSE IEC Charger state: Charging->StoppingCharging
2026-08-15 02:51:26.044311 [INFO] evse_manager:Ev  :: EVSE IEC Set PWM Off
2026-08-15 02:51:26.130951 [INFO] evse_manager:Ev  :: EVSE IEC Event PowerOff
2026-08-15 02:51:26.131133 [INFO] evse_manager:Ev  :: EVSE IEC Charger state: StoppingCharging->Car Paused
2026-08-15 02:51:26.131905 [INFO] evse_manager:Ev  :: EVSE IEC Soft overcurrent event (L1:32.19293, L2:32.19293, L3:32.19293, limit 0.55), starting timer.
2026-08-15 02:51:26.132100 [INFO] evse_manager:Ev  :: EVSE IEC Set PWM On (53.3%) took 0 ms
2026-08-15 02:51:32.350702 [INFO] ev_manager:EvMa  :: Finished simulation.
2026-08-15 02:51:32.666611 [INFO] connector_1_pow  :: Unlock connector
2026-08-15 02:51:32.710733 [INFO] evse_manager:Ev  :: EVSE ISO SLAC UNMATCHED
2026-08-15 02:51:32.711014 [INFO] evse_manager:Ev  :: EVSE ISO D-LINK_READY (false)
2026-08-15 02:51:32.754914 [INFO] evse_manager:Ev  ::                                     CAR IEC Event CarUnplugged
2026-08-15 02:51:32.755095 [INFO] evse_manager:Ev  :: EVSE IEC Stop in ChargingPausedEV: [EV unplugged]
2026-08-15 02:51:32.755186 [INFO] evse_manager:Ev  :: EVSE IEC Charger state: Car Paused->StoppingCharging
2026-08-15 02:51:32.755621 [INFO] evse_manager:Ev  :: EVSE IEC Set PWM Off
2026-08-15 02:51:32.846762 [INFO] evse_manager:Ev  :: EVSE IEC Charger state: StoppingCharging->Finished
2026-08-15 02:51:32.890980 [INFO] evse_manager:Ev  :: EVSE IEC Transaction Finished: EVDisconnected (0.127 kWh)
2026-08-15 02:51:32.978808 [INFO] evse_manager:Ev  :: EVSE IEC Session Finished
2026-08-15 02:51:32.978994 [INFO] evse_manager:Ev  :: SYS  Session logging stopped.
2026-08-15 02:51:33.071079 [INFO] evse_manager:Ev  :: All errors cleared
2026-08-15 02:51:33.071225 [INFO] evse_manager:Ev  :: All errors cleared
