# Frames as recorded, per direction. Ordering within a direction is real;
# the two directions are not interleaved, because the recording has no timestamps.

## EV -> station: 1076 byte(s), 42 frame(s)
[0] SupportedAppProtocolReq payloadType=0x8001 bytes=44
    01fe8001000000248000ebab9371d34b9b79d189a98989c1d191d191818999d26b9b3a232b30020000040040
[1] SessionSetupReq payloadType=0x8001 bytes=29
    01fe800100000015809802000000000000000011d01aaf37bc04080c00
[2] ServiceDiscoveryReq payloadType=0x8001 bytes=21
    01fe80010000000d8098023b497d98ff329369d1b8
[3] PaymentServiceSelectionReq payloadType=0x8001 bytes=24
    01fe8001000000108098023b497d98ff329369d132001280
[4] AuthorizationReq payloadType=0x8001 bytes=21
    01fe80010000000d8098023b497d98ff329369d008
[5] AuthorizationReq payloadType=0x8001 bytes=21
    01fe80010000000d8098023b497d98ff329369d008
[6] ChargeParameterDiscoveryReq payloadType=0x8001 bytes=37
    01fe80010000001d8098023b497d98ff329369d094ca400640618640088c40f40313205000
[7] CableCheckReq payloadType=0x8001 bytes=24
    01fe8001000000108098023b497d98ff329369d031001900
[8] CableCheckReq payloadType=0x8001 bytes=24
    01fe8001000000108098023b497d98ff329369d031001900
[9] CableCheckReq payloadType=0x8001 bytes=24
    01fe8001000000108098023b497d98ff329369d031001900
[10] CableCheckReq payloadType=0x8001 bytes=24
    01fe8001000000108098023b497d98ff329369d031001900
[11] CableCheckReq payloadType=0x8001 bytes=24
    01fe8001000000108098023b497d98ff329369d031001900
[12] CableCheckReq payloadType=0x8001 bytes=24
    01fe8001000000108098023b497d98ff329369d031001900
[13] CableCheckReq payloadType=0x8001 bytes=24
    01fe8001000000108098023b497d98ff329369d031001900
[14] CableCheckReq payloadType=0x8001 bytes=24
    01fe8001000000108098023b497d98ff329369d031001900
[15] CableCheckReq payloadType=0x8001 bytes=24
    01fe8001000000108098023b497d98ff329369d031001900
[16] CableCheckReq payloadType=0x8001 bytes=24
    01fe8001000000108098023b497d98ff329369d031001900
[17] CableCheckReq payloadType=0x8001 bytes=24
    01fe8001000000108098023b497d98ff329369d031001900
[18] CableCheckReq payloadType=0x8001 bytes=24
    01fe8001000000108098023b497d98ff329369d031001900
[19] CableCheckReq payloadType=0x8001 bytes=24
    01fe8001000000108098023b497d98ff329369d031001900
[20] CableCheckReq payloadType=0x8001 bytes=24
    01fe8001000000108098023b497d98ff329369d031001900
[21] CableCheckReq payloadType=0x8001 bytes=24
    01fe8001000000108098023b497d98ff329369d031001900
[22] CableCheckReq payloadType=0x8001 bytes=24
    01fe8001000000108098023b497d98ff329369d031001900
[23] CableCheckReq payloadType=0x8001 bytes=24
    01fe8001000000108098023b497d98ff329369d031001900
[24] CableCheckReq payloadType=0x8001 bytes=24
    01fe8001000000108098023b497d98ff329369d031001900
[25] CableCheckReq payloadType=0x8001 bytes=24
    01fe8001000000108098023b497d98ff329369d031001900
[26] CableCheckReq payloadType=0x8001 bytes=24
    01fe8001000000108098023b497d98ff329369d031001900
[27] CableCheckReq payloadType=0x8001 bytes=24
    01fe8001000000108098023b497d98ff329369d031001900
[28] CableCheckReq payloadType=0x8001 bytes=24
    01fe8001000000108098023b497d98ff329369d031001900
[29] CableCheckReq payloadType=0x8001 bytes=24
    01fe8001000000108098023b497d98ff329369d031001900
[30] CableCheckReq payloadType=0x8001 bytes=24
    01fe8001000000108098023b497d98ff329369d031001900
[31] CableCheckReq payloadType=0x8001 bytes=24
    01fe8001000000108098023b497d98ff329369d031001900
[32] CableCheckReq payloadType=0x8001 bytes=24
    01fe8001000000108098023b497d98ff329369d031001900
[33] CableCheckReq payloadType=0x8001 bytes=24
    01fe8001000000108098023b497d98ff329369d031001900
[34] PreChargeReq payloadType=0x8001 bytes=32
    01fe8001000000188098023b497d98ff329369d1710019018812006061801000
[35] PowerDeliveryReq payloadType=0x8001 bytes=30
    01fe8001000000168098023b497d98ff329369d150000000020a130ea2c0
[36] CurrentDemandReq payloadType=0x8001 bytes=33
    01fe8001000000198098023b497d98ff329369d0d1001901860f0410c409003000
[37] CurrentDemandReq payloadType=0x8001 bytes=33
    01fe8001000000198098023b497d98ff329369d0d1001901860f0410c409003000
[38] CurrentDemandReq payloadType=0x8001 bytes=33
    01fe8001000000198098023b497d98ff329369d0d1001901860f0410c409003000
[39] PowerDeliveryReq payloadType=0x8001 bytes=24
    01fe8001000000108098023b497d98ff329369d151000600
[40] WeldingDetectionReq payloadType=0x8001 bytes=24
    01fe8001000000108098023b497d98ff329369d211001900
[41] SessionStopReq payloadType=0x8001 bytes=22
    01fe80010000000e8098023b497d98ff329369d1f000

## station -> EV: 1319 byte(s), 42 frame(s)
[0] SupportedAppProtocolRes (OK_SuccessfulNegotiation) payloadType=0x8001 bytes=12
    01fe80010000000480400040
[1] SessionSetupRes (OK_NewSessionEstablished) payloadType=0x8001 bytes=39
    01fe80010000001f8098023b497d98ff329369d1e020451114a9413960a914c4c8ccd0d4a8c480
[2] ServiceDiscoveryRes (OK) payloadType=0x8001 bytes=27
    01fe8001000000138098023b497d98ff329369d1c0012004820324
[3] PaymentServiceSelectionRes (OK) payloadType=0x8001 bytes=22
    01fe80010000000e8098023b497d98ff329369d14000
[4] AuthorizationRes (OK) payloadType=0x8001 bytes=23
    01fe80010000000f8098023b497d98ff329369d0100200
[5] AuthorizationRes (OK) payloadType=0x8001 bytes=23
    01fe80010000000f8098023b497d98ff329369d0100000
[6] ChargeParameterDiscoveryRes (OK) payloadType=0x8001 bytes=71
    01fe80010000003f8098023b497d98ff329369d0a000000000002028c14105098750aa000000081061a01e08284c3a81081508c04180501081a01e020c050083014018c1209c00
[7] CableCheckRes (OK) payloadType=0x8001 bytes=27
    01fe8001000000138098023b497d98ff329369d040000000010100
[8] CableCheckRes (OK) payloadType=0x8001 bytes=27
    01fe8001000000138098023b497d98ff329369d040000000010100
[9] CableCheckRes (OK) payloadType=0x8001 bytes=27
    01fe8001000000138098023b497d98ff329369d040000000010100
[10] CableCheckRes (OK) payloadType=0x8001 bytes=27
    01fe8001000000138098023b497d98ff329369d040000000010100
[11] CableCheckRes (OK) payloadType=0x8001 bytes=27
    01fe8001000000138098023b497d98ff329369d040000000010100
[12] CableCheckRes (OK) payloadType=0x8001 bytes=27
    01fe8001000000138098023b497d98ff329369d040000000010100
[13] CableCheckRes (OK) payloadType=0x8001 bytes=27
    01fe8001000000138098023b497d98ff329369d040000000010100
[14] CableCheckRes (OK) payloadType=0x8001 bytes=27
    01fe8001000000138098023b497d98ff329369d040000000010100
[15] CableCheckRes (OK) payloadType=0x8001 bytes=27
    01fe8001000000138098023b497d98ff329369d040000000010100
[16] CableCheckRes (OK) payloadType=0x8001 bytes=27
    01fe8001000000138098023b497d98ff329369d040000000010100
[17] CableCheckRes (OK) payloadType=0x8001 bytes=27
    01fe8001000000138098023b497d98ff329369d040000000010100
[18] CableCheckRes (OK) payloadType=0x8001 bytes=27
    01fe8001000000138098023b497d98ff329369d040000000010100
[19] CableCheckRes (OK) payloadType=0x8001 bytes=27
    01fe8001000000138098023b497d98ff329369d040000000010100
[20] CableCheckRes (OK) payloadType=0x8001 bytes=27
    01fe8001000000138098023b497d98ff329369d040000000010100
[21] CableCheckRes (OK) payloadType=0x8001 bytes=27
    01fe8001000000138098023b497d98ff329369d040000000010100
[22] CableCheckRes (OK) payloadType=0x8001 bytes=27
    01fe8001000000138098023b497d98ff329369d040000000010100
[23] CableCheckRes (OK) payloadType=0x8001 bytes=27
    01fe8001000000138098023b497d98ff329369d040000000010100
[24] CableCheckRes (OK) payloadType=0x8001 bytes=27
    01fe8001000000138098023b497d98ff329369d040000000010100
[25] CableCheckRes (OK) payloadType=0x8001 bytes=27
    01fe8001000000138098023b497d98ff329369d040000000010100
[26] CableCheckRes (OK) payloadType=0x8001 bytes=27
    01fe8001000000138098023b497d98ff329369d040000000010100
[27] CableCheckRes (OK) payloadType=0x8001 bytes=27
    01fe8001000000138098023b497d98ff329369d040000000010100
[28] CableCheckRes (OK) payloadType=0x8001 bytes=27
    01fe8001000000138098023b497d98ff329369d040000000010100
[29] CableCheckRes (OK) payloadType=0x8001 bytes=27
    01fe8001000000138098023b497d98ff329369d040000000010100
[30] CableCheckRes (OK) payloadType=0x8001 bytes=27
    01fe8001000000138098023b497d98ff329369d040000000010100
[31] CableCheckRes (OK) payloadType=0x8001 bytes=27
    01fe8001000000138098023b497d98ff329369d040000000210100
[32] CableCheckRes (OK) payloadType=0x8001 bytes=27
    01fe8001000000138098023b497d98ff329369d040000000210100
[33] CableCheckRes (OK) payloadType=0x8001 bytes=27
    01fe8001000000138098023b497d98ff329369d040000000204000
[34] PreChargeRes (OK) payloadType=0x8001 bytes=30
    01fe8001000000168098023b497d98ff329369d180000000204084000000
[35] PowerDeliveryRes (OK) payloadType=0x8001 bytes=26
    01fe8001000000128098023b497d98ff329369d1600400001020
[36] CurrentDemandRes (OK) payloadType=0x8001 bytes=85
    01fe80010000004d8098023b497d98ff329369d0e0000000204084000020c00000202102a1180218504e0080c50c0ac0101144452a504e582a4531323334352a3100000f44435f504f5745524d4554455204f009a0
[37] CurrentDemandRes (OK) payloadType=0x8001 bytes=67
    01fe80010000003b8098023b497d98ff329369d0e0000000204084000020c00000202102a1180218504e0080c50c0ac0101144452a504e582a4531323334352a310008
[38] CurrentDemandRes (OK) payloadType=0x8001 bytes=86
    01fe80010000004e8098023b497d98ff329369d0e00000002040840a01f020c05000202102a1180218504e0080c50c0ac0101144452a504e582a4531323334352a3100000f44435f504f5745524d4554455204f009a0
[39] PowerDeliveryRes (OK) payloadType=0x8001 bytes=26
    01fe8001000000128098023b497d98ff329369d1600400001020
[40] WeldingDetectionRes (OK) payloadType=0x8001 bytes=31
    01fe8001000000178098023b497d98ff329369d2200000002000840a01f000
[41] SessionStopRes (OK) payloadType=0x8001 bytes=22
    01fe80010000000e8098023b497d98ff329369d20000
