# Frames as recorded, per direction. Ordering within a direction is real;
# the two directions are not interleaved, because the recording has no timestamps.

## EV -> station: 8392 byte(s), 398 frame(s)
[0] SupportedAppProtocolReq payloadType=0x8001 bytes=44
    01fe8001000000248000ebab9371d34b9b79d189a98989c1d191d191818999d26b9b3a232b30020000040040
[1] SessionSetupReq payloadType=0x8001 bytes=29
    01fe800100000015809802000000000000000011d01aaf37bc04080c00
[2] ServiceDiscoveryReq payloadType=0x8001 bytes=21
    01fe80010000000d8098022d5de9f9854f5c87d1b8
[3] PaymentServiceSelectionReq payloadType=0x8001 bytes=24
    01fe8001000000108098022d5de9f9854f5c87d132001280
[4] AuthorizationReq payloadType=0x8001 bytes=21
    01fe80010000000d8098022d5de9f9854f5c87d008
[5] AuthorizationReq payloadType=0x8001 bytes=21
    01fe80010000000d8098022d5de9f9854f5c87d008
[6] AuthorizationReq payloadType=0x8001 bytes=21
    01fe80010000000d8098022d5de9f9854f5c87d008
[7] AuthorizationReq payloadType=0x8001 bytes=21
    01fe80010000000d8098022d5de9f9854f5c87d008
[8] AuthorizationReq payloadType=0x8001 bytes=21
    01fe80010000000d8098022d5de9f9854f5c87d008
[9] AuthorizationReq payloadType=0x8001 bytes=21
    01fe80010000000d8098022d5de9f9854f5c87d008
[10] AuthorizationReq payloadType=0x8001 bytes=21
    01fe80010000000d8098022d5de9f9854f5c87d008
[11] AuthorizationReq payloadType=0x8001 bytes=21
    01fe80010000000d8098022d5de9f9854f5c87d008
[12] AuthorizationReq payloadType=0x8001 bytes=21
    01fe80010000000d8098022d5de9f9854f5c87d008
[13] AuthorizationReq payloadType=0x8001 bytes=21
    01fe80010000000d8098022d5de9f9854f5c87d008
[14] AuthorizationReq payloadType=0x8001 bytes=21
    01fe80010000000d8098022d5de9f9854f5c87d008
[15] AuthorizationReq payloadType=0x8001 bytes=21
    01fe80010000000d8098022d5de9f9854f5c87d008
[16] AuthorizationReq payloadType=0x8001 bytes=21
    01fe80010000000d8098022d5de9f9854f5c87d008
[17] AuthorizationReq payloadType=0x8001 bytes=21
    01fe80010000000d8098022d5de9f9854f5c87d008
[18] AuthorizationReq payloadType=0x8001 bytes=21
    01fe80010000000d8098022d5de9f9854f5c87d008
[19] AuthorizationReq payloadType=0x8001 bytes=21
    01fe80010000000d8098022d5de9f9854f5c87d008
[20] AuthorizationReq payloadType=0x8001 bytes=21
    01fe80010000000d8098022d5de9f9854f5c87d008
[21] AuthorizationReq payloadType=0x8001 bytes=21
    01fe80010000000d8098022d5de9f9854f5c87d008
[22] AuthorizationReq payloadType=0x8001 bytes=21
    01fe80010000000d8098022d5de9f9854f5c87d008
[23] AuthorizationReq payloadType=0x8001 bytes=21
    01fe80010000000d8098022d5de9f9854f5c87d008
[24] AuthorizationReq payloadType=0x8001 bytes=21
    01fe80010000000d8098022d5de9f9854f5c87d008
[25] AuthorizationReq payloadType=0x8001 bytes=21
    01fe80010000000d8098022d5de9f9854f5c87d008
[26] AuthorizationReq payloadType=0x8001 bytes=21
    01fe80010000000d8098022d5de9f9854f5c87d008
[27] AuthorizationReq payloadType=0x8001 bytes=21
    01fe80010000000d8098022d5de9f9854f5c87d008
[28] AuthorizationReq payloadType=0x8001 bytes=21
    01fe80010000000d8098022d5de9f9854f5c87d008
[29] AuthorizationReq payloadType=0x8001 bytes=21
    01fe80010000000d8098022d5de9f9854f5c87d008
[30] AuthorizationReq payloadType=0x8001 bytes=21
    01fe80010000000d8098022d5de9f9854f5c87d008
[31] AuthorizationReq payloadType=0x8001 bytes=21
    01fe80010000000d8098022d5de9f9854f5c87d008
[32] AuthorizationReq payloadType=0x8001 bytes=21
    01fe80010000000d8098022d5de9f9854f5c87d008
[33] AuthorizationReq payloadType=0x8001 bytes=21
    01fe80010000000d8098022d5de9f9854f5c87d008
[34] AuthorizationReq payloadType=0x8001 bytes=21
    01fe80010000000d8098022d5de9f9854f5c87d008
[35] AuthorizationReq payloadType=0x8001 bytes=21
    01fe80010000000d8098022d5de9f9854f5c87d008
[36] AuthorizationReq payloadType=0x8001 bytes=21
    01fe80010000000d8098022d5de9f9854f5c87d008
[37] AuthorizationReq payloadType=0x8001 bytes=21
    01fe80010000000d8098022d5de9f9854f5c87d008
[38] AuthorizationReq payloadType=0x8001 bytes=21
    01fe80010000000d8098022d5de9f9854f5c87d008
[39] AuthorizationReq payloadType=0x8001 bytes=21
    01fe80010000000d8098022d5de9f9854f5c87d008
[40] AuthorizationReq payloadType=0x8001 bytes=21
    01fe80010000000d8098022d5de9f9854f5c87d008
[41] AuthorizationReq payloadType=0x8001 bytes=21
    01fe80010000000d8098022d5de9f9854f5c87d008
[42] AuthorizationReq payloadType=0x8001 bytes=21
    01fe80010000000d8098022d5de9f9854f5c87d008
[43] AuthorizationReq payloadType=0x8001 bytes=21
    01fe80010000000d8098022d5de9f9854f5c87d008
[44] AuthorizationReq payloadType=0x8001 bytes=21
    01fe80010000000d8098022d5de9f9854f5c87d008
[45] AuthorizationReq payloadType=0x8001 bytes=21
    01fe80010000000d8098022d5de9f9854f5c87d008
[46] AuthorizationReq payloadType=0x8001 bytes=21
    01fe80010000000d8098022d5de9f9854f5c87d008
[47] AuthorizationReq payloadType=0x8001 bytes=21
    01fe80010000000d8098022d5de9f9854f5c87d008
[48] AuthorizationReq payloadType=0x8001 bytes=21
    01fe80010000000d8098022d5de9f9854f5c87d008
[49] AuthorizationReq payloadType=0x8001 bytes=21
    01fe80010000000d8098022d5de9f9854f5c87d008
[50] AuthorizationReq payloadType=0x8001 bytes=21
    01fe80010000000d8098022d5de9f9854f5c87d008
[51] AuthorizationReq payloadType=0x8001 bytes=21
    01fe80010000000d8098022d5de9f9854f5c87d008
[52] AuthorizationReq payloadType=0x8001 bytes=21
    01fe80010000000d8098022d5de9f9854f5c87d008
[53] AuthorizationReq payloadType=0x8001 bytes=21
    01fe80010000000d8098022d5de9f9854f5c87d008
[54] AuthorizationReq payloadType=0x8001 bytes=21
    01fe80010000000d8098022d5de9f9854f5c87d008
[55] AuthorizationReq payloadType=0x8001 bytes=21
    01fe80010000000d8098022d5de9f9854f5c87d008
[56] AuthorizationReq payloadType=0x8001 bytes=21
    01fe80010000000d8098022d5de9f9854f5c87d008
[57] AuthorizationReq payloadType=0x8001 bytes=21
    01fe80010000000d8098022d5de9f9854f5c87d008
[58] AuthorizationReq payloadType=0x8001 bytes=21
    01fe80010000000d8098022d5de9f9854f5c87d008
[59] AuthorizationReq payloadType=0x8001 bytes=21
    01fe80010000000d8098022d5de9f9854f5c87d008
[60] AuthorizationReq payloadType=0x8001 bytes=21
    01fe80010000000d8098022d5de9f9854f5c87d008
[61] AuthorizationReq payloadType=0x8001 bytes=21
    01fe80010000000d8098022d5de9f9854f5c87d008
[62] AuthorizationReq payloadType=0x8001 bytes=21
    01fe80010000000d8098022d5de9f9854f5c87d008
[63] AuthorizationReq payloadType=0x8001 bytes=21
    01fe80010000000d8098022d5de9f9854f5c87d008
[64] AuthorizationReq payloadType=0x8001 bytes=21
    01fe80010000000d8098022d5de9f9854f5c87d008
[65] AuthorizationReq payloadType=0x8001 bytes=21
    01fe80010000000d8098022d5de9f9854f5c87d008
[66] AuthorizationReq payloadType=0x8001 bytes=21
    01fe80010000000d8098022d5de9f9854f5c87d008
[67] AuthorizationReq payloadType=0x8001 bytes=21
    01fe80010000000d8098022d5de9f9854f5c87d008
[68] AuthorizationReq payloadType=0x8001 bytes=21
    01fe80010000000d8098022d5de9f9854f5c87d008
[69] AuthorizationReq payloadType=0x8001 bytes=21
    01fe80010000000d8098022d5de9f9854f5c87d008
[70] AuthorizationReq payloadType=0x8001 bytes=21
    01fe80010000000d8098022d5de9f9854f5c87d008
[71] AuthorizationReq payloadType=0x8001 bytes=21
    01fe80010000000d8098022d5de9f9854f5c87d008
[72] AuthorizationReq payloadType=0x8001 bytes=21
    01fe80010000000d8098022d5de9f9854f5c87d008
[73] AuthorizationReq payloadType=0x8001 bytes=21
    01fe80010000000d8098022d5de9f9854f5c87d008
[74] AuthorizationReq payloadType=0x8001 bytes=21
    01fe80010000000d8098022d5de9f9854f5c87d008
[75] AuthorizationReq payloadType=0x8001 bytes=21
    01fe80010000000d8098022d5de9f9854f5c87d008
[76] AuthorizationReq payloadType=0x8001 bytes=21
    01fe80010000000d8098022d5de9f9854f5c87d008
[77] AuthorizationReq payloadType=0x8001 bytes=21
    01fe80010000000d8098022d5de9f9854f5c87d008
[78] AuthorizationReq payloadType=0x8001 bytes=21
    01fe80010000000d8098022d5de9f9854f5c87d008
[79] AuthorizationReq payloadType=0x8001 bytes=21
    01fe80010000000d8098022d5de9f9854f5c87d008
[80] AuthorizationReq payloadType=0x8001 bytes=21
    01fe80010000000d8098022d5de9f9854f5c87d008
[81] AuthorizationReq payloadType=0x8001 bytes=21
    01fe80010000000d8098022d5de9f9854f5c87d008
[82] AuthorizationReq payloadType=0x8001 bytes=21
    01fe80010000000d8098022d5de9f9854f5c87d008
[83] AuthorizationReq payloadType=0x8001 bytes=21
    01fe80010000000d8098022d5de9f9854f5c87d008
[84] AuthorizationReq payloadType=0x8001 bytes=21
    01fe80010000000d8098022d5de9f9854f5c87d008
[85] AuthorizationReq payloadType=0x8001 bytes=21
    01fe80010000000d8098022d5de9f9854f5c87d008
[86] AuthorizationReq payloadType=0x8001 bytes=21
    01fe80010000000d8098022d5de9f9854f5c87d008
[87] AuthorizationReq payloadType=0x8001 bytes=21
    01fe80010000000d8098022d5de9f9854f5c87d008
[88] AuthorizationReq payloadType=0x8001 bytes=21
    01fe80010000000d8098022d5de9f9854f5c87d008
[89] AuthorizationReq payloadType=0x8001 bytes=21
    01fe80010000000d8098022d5de9f9854f5c87d008
[90] AuthorizationReq payloadType=0x8001 bytes=21
    01fe80010000000d8098022d5de9f9854f5c87d008
[91] AuthorizationReq payloadType=0x8001 bytes=21
    01fe80010000000d8098022d5de9f9854f5c87d008
[92] AuthorizationReq payloadType=0x8001 bytes=21
    01fe80010000000d8098022d5de9f9854f5c87d008
[93] AuthorizationReq payloadType=0x8001 bytes=21
    01fe80010000000d8098022d5de9f9854f5c87d008
[94] AuthorizationReq payloadType=0x8001 bytes=21
    01fe80010000000d8098022d5de9f9854f5c87d008
[95] AuthorizationReq payloadType=0x8001 bytes=21
    01fe80010000000d8098022d5de9f9854f5c87d008
[96] AuthorizationReq payloadType=0x8001 bytes=21
    01fe80010000000d8098022d5de9f9854f5c87d008
[97] AuthorizationReq payloadType=0x8001 bytes=21
    01fe80010000000d8098022d5de9f9854f5c87d008
[98] AuthorizationReq payloadType=0x8001 bytes=21
    01fe80010000000d8098022d5de9f9854f5c87d008
[99] AuthorizationReq payloadType=0x8001 bytes=21
    01fe80010000000d8098022d5de9f9854f5c87d008
[100] AuthorizationReq payloadType=0x8001 bytes=21
    01fe80010000000d8098022d5de9f9854f5c87d008
[101] AuthorizationReq payloadType=0x8001 bytes=21
    01fe80010000000d8098022d5de9f9854f5c87d008
[102] AuthorizationReq payloadType=0x8001 bytes=21
    01fe80010000000d8098022d5de9f9854f5c87d008
[103] AuthorizationReq payloadType=0x8001 bytes=21
    01fe80010000000d8098022d5de9f9854f5c87d008
[104] AuthorizationReq payloadType=0x8001 bytes=21
    01fe80010000000d8098022d5de9f9854f5c87d008
[105] AuthorizationReq payloadType=0x8001 bytes=21
    01fe80010000000d8098022d5de9f9854f5c87d008
[106] AuthorizationReq payloadType=0x8001 bytes=21
    01fe80010000000d8098022d5de9f9854f5c87d008
[107] AuthorizationReq payloadType=0x8001 bytes=21
    01fe80010000000d8098022d5de9f9854f5c87d008
[108] AuthorizationReq payloadType=0x8001 bytes=21
    01fe80010000000d8098022d5de9f9854f5c87d008
[109] AuthorizationReq payloadType=0x8001 bytes=21
    01fe80010000000d8098022d5de9f9854f5c87d008
[110] AuthorizationReq payloadType=0x8001 bytes=21
    01fe80010000000d8098022d5de9f9854f5c87d008
[111] AuthorizationReq payloadType=0x8001 bytes=21
    01fe80010000000d8098022d5de9f9854f5c87d008
[112] AuthorizationReq payloadType=0x8001 bytes=21
    01fe80010000000d8098022d5de9f9854f5c87d008
[113] AuthorizationReq payloadType=0x8001 bytes=21
    01fe80010000000d8098022d5de9f9854f5c87d008
[114] AuthorizationReq payloadType=0x8001 bytes=21
    01fe80010000000d8098022d5de9f9854f5c87d008
[115] AuthorizationReq payloadType=0x8001 bytes=21
    01fe80010000000d8098022d5de9f9854f5c87d008
[116] AuthorizationReq payloadType=0x8001 bytes=21
    01fe80010000000d8098022d5de9f9854f5c87d008
[117] AuthorizationReq payloadType=0x8001 bytes=21
    01fe80010000000d8098022d5de9f9854f5c87d008
[118] AuthorizationReq payloadType=0x8001 bytes=21
    01fe80010000000d8098022d5de9f9854f5c87d008
[119] AuthorizationReq payloadType=0x8001 bytes=21
    01fe80010000000d8098022d5de9f9854f5c87d008
[120] AuthorizationReq payloadType=0x8001 bytes=21
    01fe80010000000d8098022d5de9f9854f5c87d008
[121] AuthorizationReq payloadType=0x8001 bytes=21
    01fe80010000000d8098022d5de9f9854f5c87d008
[122] AuthorizationReq payloadType=0x8001 bytes=21
    01fe80010000000d8098022d5de9f9854f5c87d008
[123] AuthorizationReq payloadType=0x8001 bytes=21
    01fe80010000000d8098022d5de9f9854f5c87d008
[124] AuthorizationReq payloadType=0x8001 bytes=21
    01fe80010000000d8098022d5de9f9854f5c87d008
[125] AuthorizationReq payloadType=0x8001 bytes=21
    01fe80010000000d8098022d5de9f9854f5c87d008
[126] AuthorizationReq payloadType=0x8001 bytes=21
    01fe80010000000d8098022d5de9f9854f5c87d008
[127] AuthorizationReq payloadType=0x8001 bytes=21
    01fe80010000000d8098022d5de9f9854f5c87d008
[128] AuthorizationReq payloadType=0x8001 bytes=21
    01fe80010000000d8098022d5de9f9854f5c87d008
[129] AuthorizationReq payloadType=0x8001 bytes=21
    01fe80010000000d8098022d5de9f9854f5c87d008
[130] AuthorizationReq payloadType=0x8001 bytes=21
    01fe80010000000d8098022d5de9f9854f5c87d008
[131] AuthorizationReq payloadType=0x8001 bytes=21
    01fe80010000000d8098022d5de9f9854f5c87d008
[132] AuthorizationReq payloadType=0x8001 bytes=21
    01fe80010000000d8098022d5de9f9854f5c87d008
[133] AuthorizationReq payloadType=0x8001 bytes=21
    01fe80010000000d8098022d5de9f9854f5c87d008
[134] AuthorizationReq payloadType=0x8001 bytes=21
    01fe80010000000d8098022d5de9f9854f5c87d008
[135] AuthorizationReq payloadType=0x8001 bytes=21
    01fe80010000000d8098022d5de9f9854f5c87d008
[136] AuthorizationReq payloadType=0x8001 bytes=21
    01fe80010000000d8098022d5de9f9854f5c87d008
[137] AuthorizationReq payloadType=0x8001 bytes=21
    01fe80010000000d8098022d5de9f9854f5c87d008
[138] AuthorizationReq payloadType=0x8001 bytes=21
    01fe80010000000d8098022d5de9f9854f5c87d008
[139] AuthorizationReq payloadType=0x8001 bytes=21
    01fe80010000000d8098022d5de9f9854f5c87d008
[140] AuthorizationReq payloadType=0x8001 bytes=21
    01fe80010000000d8098022d5de9f9854f5c87d008
[141] AuthorizationReq payloadType=0x8001 bytes=21
    01fe80010000000d8098022d5de9f9854f5c87d008
[142] AuthorizationReq payloadType=0x8001 bytes=21
    01fe80010000000d8098022d5de9f9854f5c87d008
[143] AuthorizationReq payloadType=0x8001 bytes=21
    01fe80010000000d8098022d5de9f9854f5c87d008
[144] AuthorizationReq payloadType=0x8001 bytes=21
    01fe80010000000d8098022d5de9f9854f5c87d008
[145] AuthorizationReq payloadType=0x8001 bytes=21
    01fe80010000000d8098022d5de9f9854f5c87d008
[146] AuthorizationReq payloadType=0x8001 bytes=21
    01fe80010000000d8098022d5de9f9854f5c87d008
[147] AuthorizationReq payloadType=0x8001 bytes=21
    01fe80010000000d8098022d5de9f9854f5c87d008
[148] AuthorizationReq payloadType=0x8001 bytes=21
    01fe80010000000d8098022d5de9f9854f5c87d008
[149] AuthorizationReq payloadType=0x8001 bytes=21
    01fe80010000000d8098022d5de9f9854f5c87d008
[150] AuthorizationReq payloadType=0x8001 bytes=21
    01fe80010000000d8098022d5de9f9854f5c87d008
[151] AuthorizationReq payloadType=0x8001 bytes=21
    01fe80010000000d8098022d5de9f9854f5c87d008
[152] AuthorizationReq payloadType=0x8001 bytes=21
    01fe80010000000d8098022d5de9f9854f5c87d008
[153] AuthorizationReq payloadType=0x8001 bytes=21
    01fe80010000000d8098022d5de9f9854f5c87d008
[154] AuthorizationReq payloadType=0x8001 bytes=21
    01fe80010000000d8098022d5de9f9854f5c87d008
[155] AuthorizationReq payloadType=0x8001 bytes=21
    01fe80010000000d8098022d5de9f9854f5c87d008
[156] AuthorizationReq payloadType=0x8001 bytes=21
    01fe80010000000d8098022d5de9f9854f5c87d008
[157] AuthorizationReq payloadType=0x8001 bytes=21
    01fe80010000000d8098022d5de9f9854f5c87d008
[158] AuthorizationReq payloadType=0x8001 bytes=21
    01fe80010000000d8098022d5de9f9854f5c87d008
[159] AuthorizationReq payloadType=0x8001 bytes=21
    01fe80010000000d8098022d5de9f9854f5c87d008
[160] AuthorizationReq payloadType=0x8001 bytes=21
    01fe80010000000d8098022d5de9f9854f5c87d008
[161] AuthorizationReq payloadType=0x8001 bytes=21
    01fe80010000000d8098022d5de9f9854f5c87d008
[162] AuthorizationReq payloadType=0x8001 bytes=21
    01fe80010000000d8098022d5de9f9854f5c87d008
[163] AuthorizationReq payloadType=0x8001 bytes=21
    01fe80010000000d8098022d5de9f9854f5c87d008
[164] AuthorizationReq payloadType=0x8001 bytes=21
    01fe80010000000d8098022d5de9f9854f5c87d008
[165] AuthorizationReq payloadType=0x8001 bytes=21
    01fe80010000000d8098022d5de9f9854f5c87d008
[166] AuthorizationReq payloadType=0x8001 bytes=21
    01fe80010000000d8098022d5de9f9854f5c87d008
[167] AuthorizationReq payloadType=0x8001 bytes=21
    01fe80010000000d8098022d5de9f9854f5c87d008
[168] AuthorizationReq payloadType=0x8001 bytes=21
    01fe80010000000d8098022d5de9f9854f5c87d008
[169] AuthorizationReq payloadType=0x8001 bytes=21
    01fe80010000000d8098022d5de9f9854f5c87d008
[170] AuthorizationReq payloadType=0x8001 bytes=21
    01fe80010000000d8098022d5de9f9854f5c87d008
[171] AuthorizationReq payloadType=0x8001 bytes=21
    01fe80010000000d8098022d5de9f9854f5c87d008
[172] AuthorizationReq payloadType=0x8001 bytes=21
    01fe80010000000d8098022d5de9f9854f5c87d008
[173] AuthorizationReq payloadType=0x8001 bytes=21
    01fe80010000000d8098022d5de9f9854f5c87d008
[174] AuthorizationReq payloadType=0x8001 bytes=21
    01fe80010000000d8098022d5de9f9854f5c87d008
[175] AuthorizationReq payloadType=0x8001 bytes=21
    01fe80010000000d8098022d5de9f9854f5c87d008
[176] AuthorizationReq payloadType=0x8001 bytes=21
    01fe80010000000d8098022d5de9f9854f5c87d008
[177] AuthorizationReq payloadType=0x8001 bytes=21
    01fe80010000000d8098022d5de9f9854f5c87d008
[178] AuthorizationReq payloadType=0x8001 bytes=21
    01fe80010000000d8098022d5de9f9854f5c87d008
[179] AuthorizationReq payloadType=0x8001 bytes=21
    01fe80010000000d8098022d5de9f9854f5c87d008
[180] AuthorizationReq payloadType=0x8001 bytes=21
    01fe80010000000d8098022d5de9f9854f5c87d008
[181] AuthorizationReq payloadType=0x8001 bytes=21
    01fe80010000000d8098022d5de9f9854f5c87d008
[182] AuthorizationReq payloadType=0x8001 bytes=21
    01fe80010000000d8098022d5de9f9854f5c87d008
[183] AuthorizationReq payloadType=0x8001 bytes=21
    01fe80010000000d8098022d5de9f9854f5c87d008
[184] AuthorizationReq payloadType=0x8001 bytes=21
    01fe80010000000d8098022d5de9f9854f5c87d008
[185] AuthorizationReq payloadType=0x8001 bytes=21
    01fe80010000000d8098022d5de9f9854f5c87d008
[186] AuthorizationReq payloadType=0x8001 bytes=21
    01fe80010000000d8098022d5de9f9854f5c87d008
[187] AuthorizationReq payloadType=0x8001 bytes=21
    01fe80010000000d8098022d5de9f9854f5c87d008
[188] AuthorizationReq payloadType=0x8001 bytes=21
    01fe80010000000d8098022d5de9f9854f5c87d008
[189] AuthorizationReq payloadType=0x8001 bytes=21
    01fe80010000000d8098022d5de9f9854f5c87d008
[190] AuthorizationReq payloadType=0x8001 bytes=21
    01fe80010000000d8098022d5de9f9854f5c87d008
[191] AuthorizationReq payloadType=0x8001 bytes=21
    01fe80010000000d8098022d5de9f9854f5c87d008
[192] AuthorizationReq payloadType=0x8001 bytes=21
    01fe80010000000d8098022d5de9f9854f5c87d008
[193] AuthorizationReq payloadType=0x8001 bytes=21
    01fe80010000000d8098022d5de9f9854f5c87d008
[194] AuthorizationReq payloadType=0x8001 bytes=21
    01fe80010000000d8098022d5de9f9854f5c87d008
[195] AuthorizationReq payloadType=0x8001 bytes=21
    01fe80010000000d8098022d5de9f9854f5c87d008
[196] AuthorizationReq payloadType=0x8001 bytes=21
    01fe80010000000d8098022d5de9f9854f5c87d008
[197] AuthorizationReq payloadType=0x8001 bytes=21
    01fe80010000000d8098022d5de9f9854f5c87d008
[198] AuthorizationReq payloadType=0x8001 bytes=21
    01fe80010000000d8098022d5de9f9854f5c87d008
[199] AuthorizationReq payloadType=0x8001 bytes=21
    01fe80010000000d8098022d5de9f9854f5c87d008
[200] AuthorizationReq payloadType=0x8001 bytes=21
    01fe80010000000d8098022d5de9f9854f5c87d008
[201] AuthorizationReq payloadType=0x8001 bytes=21
    01fe80010000000d8098022d5de9f9854f5c87d008
[202] AuthorizationReq payloadType=0x8001 bytes=21
    01fe80010000000d8098022d5de9f9854f5c87d008
[203] AuthorizationReq payloadType=0x8001 bytes=21
    01fe80010000000d8098022d5de9f9854f5c87d008
[204] AuthorizationReq payloadType=0x8001 bytes=21
    01fe80010000000d8098022d5de9f9854f5c87d008
[205] AuthorizationReq payloadType=0x8001 bytes=21
    01fe80010000000d8098022d5de9f9854f5c87d008
[206] AuthorizationReq payloadType=0x8001 bytes=21
    01fe80010000000d8098022d5de9f9854f5c87d008
[207] AuthorizationReq payloadType=0x8001 bytes=21
    01fe80010000000d8098022d5de9f9854f5c87d008
[208] AuthorizationReq payloadType=0x8001 bytes=21
    01fe80010000000d8098022d5de9f9854f5c87d008
[209] AuthorizationReq payloadType=0x8001 bytes=21
    01fe80010000000d8098022d5de9f9854f5c87d008
[210] AuthorizationReq payloadType=0x8001 bytes=21
    01fe80010000000d8098022d5de9f9854f5c87d008
[211] AuthorizationReq payloadType=0x8001 bytes=21
    01fe80010000000d8098022d5de9f9854f5c87d008
[212] AuthorizationReq payloadType=0x8001 bytes=21
    01fe80010000000d8098022d5de9f9854f5c87d008
[213] AuthorizationReq payloadType=0x8001 bytes=21
    01fe80010000000d8098022d5de9f9854f5c87d008
[214] AuthorizationReq payloadType=0x8001 bytes=21
    01fe80010000000d8098022d5de9f9854f5c87d008
[215] AuthorizationReq payloadType=0x8001 bytes=21
    01fe80010000000d8098022d5de9f9854f5c87d008
[216] AuthorizationReq payloadType=0x8001 bytes=21
    01fe80010000000d8098022d5de9f9854f5c87d008
[217] AuthorizationReq payloadType=0x8001 bytes=21
    01fe80010000000d8098022d5de9f9854f5c87d008
[218] AuthorizationReq payloadType=0x8001 bytes=21
    01fe80010000000d8098022d5de9f9854f5c87d008
[219] AuthorizationReq payloadType=0x8001 bytes=21
    01fe80010000000d8098022d5de9f9854f5c87d008
[220] AuthorizationReq payloadType=0x8001 bytes=21
    01fe80010000000d8098022d5de9f9854f5c87d008
[221] AuthorizationReq payloadType=0x8001 bytes=21
    01fe80010000000d8098022d5de9f9854f5c87d008
[222] AuthorizationReq payloadType=0x8001 bytes=21
    01fe80010000000d8098022d5de9f9854f5c87d008
[223] AuthorizationReq payloadType=0x8001 bytes=21
    01fe80010000000d8098022d5de9f9854f5c87d008
[224] AuthorizationReq payloadType=0x8001 bytes=21
    01fe80010000000d8098022d5de9f9854f5c87d008
[225] AuthorizationReq payloadType=0x8001 bytes=21
    01fe80010000000d8098022d5de9f9854f5c87d008
[226] AuthorizationReq payloadType=0x8001 bytes=21
    01fe80010000000d8098022d5de9f9854f5c87d008
[227] AuthorizationReq payloadType=0x8001 bytes=21
    01fe80010000000d8098022d5de9f9854f5c87d008
[228] AuthorizationReq payloadType=0x8001 bytes=21
    01fe80010000000d8098022d5de9f9854f5c87d008
[229] AuthorizationReq payloadType=0x8001 bytes=21
    01fe80010000000d8098022d5de9f9854f5c87d008
[230] AuthorizationReq payloadType=0x8001 bytes=21
    01fe80010000000d8098022d5de9f9854f5c87d008
[231] AuthorizationReq payloadType=0x8001 bytes=21
    01fe80010000000d8098022d5de9f9854f5c87d008
[232] AuthorizationReq payloadType=0x8001 bytes=21
    01fe80010000000d8098022d5de9f9854f5c87d008
[233] AuthorizationReq payloadType=0x8001 bytes=21
    01fe80010000000d8098022d5de9f9854f5c87d008
[234] AuthorizationReq payloadType=0x8001 bytes=21
    01fe80010000000d8098022d5de9f9854f5c87d008
[235] AuthorizationReq payloadType=0x8001 bytes=21
    01fe80010000000d8098022d5de9f9854f5c87d008
[236] AuthorizationReq payloadType=0x8001 bytes=21
    01fe80010000000d8098022d5de9f9854f5c87d008
[237] AuthorizationReq payloadType=0x8001 bytes=21
    01fe80010000000d8098022d5de9f9854f5c87d008
[238] AuthorizationReq payloadType=0x8001 bytes=21
    01fe80010000000d8098022d5de9f9854f5c87d008
[239] AuthorizationReq payloadType=0x8001 bytes=21
    01fe80010000000d8098022d5de9f9854f5c87d008
[240] AuthorizationReq payloadType=0x8001 bytes=21
    01fe80010000000d8098022d5de9f9854f5c87d008
[241] AuthorizationReq payloadType=0x8001 bytes=21
    01fe80010000000d8098022d5de9f9854f5c87d008
[242] AuthorizationReq payloadType=0x8001 bytes=21
    01fe80010000000d8098022d5de9f9854f5c87d008
[243] AuthorizationReq payloadType=0x8001 bytes=21
    01fe80010000000d8098022d5de9f9854f5c87d008
[244] AuthorizationReq payloadType=0x8001 bytes=21
    01fe80010000000d8098022d5de9f9854f5c87d008
[245] AuthorizationReq payloadType=0x8001 bytes=21
    01fe80010000000d8098022d5de9f9854f5c87d008
[246] AuthorizationReq payloadType=0x8001 bytes=21
    01fe80010000000d8098022d5de9f9854f5c87d008
[247] AuthorizationReq payloadType=0x8001 bytes=21
    01fe80010000000d8098022d5de9f9854f5c87d008
[248] AuthorizationReq payloadType=0x8001 bytes=21
    01fe80010000000d8098022d5de9f9854f5c87d008
[249] AuthorizationReq payloadType=0x8001 bytes=21
    01fe80010000000d8098022d5de9f9854f5c87d008
[250] AuthorizationReq payloadType=0x8001 bytes=21
    01fe80010000000d8098022d5de9f9854f5c87d008
[251] AuthorizationReq payloadType=0x8001 bytes=21
    01fe80010000000d8098022d5de9f9854f5c87d008
[252] AuthorizationReq payloadType=0x8001 bytes=21
    01fe80010000000d8098022d5de9f9854f5c87d008
[253] AuthorizationReq payloadType=0x8001 bytes=21
    01fe80010000000d8098022d5de9f9854f5c87d008
[254] AuthorizationReq payloadType=0x8001 bytes=21
    01fe80010000000d8098022d5de9f9854f5c87d008
[255] AuthorizationReq payloadType=0x8001 bytes=21
    01fe80010000000d8098022d5de9f9854f5c87d008
[256] AuthorizationReq payloadType=0x8001 bytes=21
    01fe80010000000d8098022d5de9f9854f5c87d008
[257] AuthorizationReq payloadType=0x8001 bytes=21
    01fe80010000000d8098022d5de9f9854f5c87d008
[258] AuthorizationReq payloadType=0x8001 bytes=21
    01fe80010000000d8098022d5de9f9854f5c87d008
[259] AuthorizationReq payloadType=0x8001 bytes=21
    01fe80010000000d8098022d5de9f9854f5c87d008
[260] AuthorizationReq payloadType=0x8001 bytes=21
    01fe80010000000d8098022d5de9f9854f5c87d008
[261] AuthorizationReq payloadType=0x8001 bytes=21
    01fe80010000000d8098022d5de9f9854f5c87d008
[262] AuthorizationReq payloadType=0x8001 bytes=21
    01fe80010000000d8098022d5de9f9854f5c87d008
[263] AuthorizationReq payloadType=0x8001 bytes=21
    01fe80010000000d8098022d5de9f9854f5c87d008
[264] AuthorizationReq payloadType=0x8001 bytes=21
    01fe80010000000d8098022d5de9f9854f5c87d008
[265] AuthorizationReq payloadType=0x8001 bytes=21
    01fe80010000000d8098022d5de9f9854f5c87d008
[266] AuthorizationReq payloadType=0x8001 bytes=21
    01fe80010000000d8098022d5de9f9854f5c87d008
[267] AuthorizationReq payloadType=0x8001 bytes=21
    01fe80010000000d8098022d5de9f9854f5c87d008
[268] AuthorizationReq payloadType=0x8001 bytes=21
    01fe80010000000d8098022d5de9f9854f5c87d008
[269] AuthorizationReq payloadType=0x8001 bytes=21
    01fe80010000000d8098022d5de9f9854f5c87d008
[270] AuthorizationReq payloadType=0x8001 bytes=21
    01fe80010000000d8098022d5de9f9854f5c87d008
[271] AuthorizationReq payloadType=0x8001 bytes=21
    01fe80010000000d8098022d5de9f9854f5c87d008
[272] AuthorizationReq payloadType=0x8001 bytes=21
    01fe80010000000d8098022d5de9f9854f5c87d008
[273] AuthorizationReq payloadType=0x8001 bytes=21
    01fe80010000000d8098022d5de9f9854f5c87d008
[274] AuthorizationReq payloadType=0x8001 bytes=21
    01fe80010000000d8098022d5de9f9854f5c87d008
[275] AuthorizationReq payloadType=0x8001 bytes=21
    01fe80010000000d8098022d5de9f9854f5c87d008
[276] AuthorizationReq payloadType=0x8001 bytes=21
    01fe80010000000d8098022d5de9f9854f5c87d008
[277] AuthorizationReq payloadType=0x8001 bytes=21
    01fe80010000000d8098022d5de9f9854f5c87d008
[278] AuthorizationReq payloadType=0x8001 bytes=21
    01fe80010000000d8098022d5de9f9854f5c87d008
[279] AuthorizationReq payloadType=0x8001 bytes=21
    01fe80010000000d8098022d5de9f9854f5c87d008
[280] AuthorizationReq payloadType=0x8001 bytes=21
    01fe80010000000d8098022d5de9f9854f5c87d008
[281] AuthorizationReq payloadType=0x8001 bytes=21
    01fe80010000000d8098022d5de9f9854f5c87d008
[282] AuthorizationReq payloadType=0x8001 bytes=21
    01fe80010000000d8098022d5de9f9854f5c87d008
[283] AuthorizationReq payloadType=0x8001 bytes=21
    01fe80010000000d8098022d5de9f9854f5c87d008
[284] AuthorizationReq payloadType=0x8001 bytes=21
    01fe80010000000d8098022d5de9f9854f5c87d008
[285] AuthorizationReq payloadType=0x8001 bytes=21
    01fe80010000000d8098022d5de9f9854f5c87d008
[286] AuthorizationReq payloadType=0x8001 bytes=21
    01fe80010000000d8098022d5de9f9854f5c87d008
[287] AuthorizationReq payloadType=0x8001 bytes=21
    01fe80010000000d8098022d5de9f9854f5c87d008
[288] AuthorizationReq payloadType=0x8001 bytes=21
    01fe80010000000d8098022d5de9f9854f5c87d008
[289] AuthorizationReq payloadType=0x8001 bytes=21
    01fe80010000000d8098022d5de9f9854f5c87d008
[290] AuthorizationReq payloadType=0x8001 bytes=21
    01fe80010000000d8098022d5de9f9854f5c87d008
[291] AuthorizationReq payloadType=0x8001 bytes=21
    01fe80010000000d8098022d5de9f9854f5c87d008
[292] AuthorizationReq payloadType=0x8001 bytes=21
    01fe80010000000d8098022d5de9f9854f5c87d008
[293] AuthorizationReq payloadType=0x8001 bytes=21
    01fe80010000000d8098022d5de9f9854f5c87d008
[294] AuthorizationReq payloadType=0x8001 bytes=21
    01fe80010000000d8098022d5de9f9854f5c87d008
[295] AuthorizationReq payloadType=0x8001 bytes=21
    01fe80010000000d8098022d5de9f9854f5c87d008
[296] AuthorizationReq payloadType=0x8001 bytes=21
    01fe80010000000d8098022d5de9f9854f5c87d008
[297] AuthorizationReq payloadType=0x8001 bytes=21
    01fe80010000000d8098022d5de9f9854f5c87d008
[298] AuthorizationReq payloadType=0x8001 bytes=21
    01fe80010000000d8098022d5de9f9854f5c87d008
[299] AuthorizationReq payloadType=0x8001 bytes=21
    01fe80010000000d8098022d5de9f9854f5c87d008
[300] AuthorizationReq payloadType=0x8001 bytes=21
    01fe80010000000d8098022d5de9f9854f5c87d008
[301] AuthorizationReq payloadType=0x8001 bytes=21
    01fe80010000000d8098022d5de9f9854f5c87d008
[302] AuthorizationReq payloadType=0x8001 bytes=21
    01fe80010000000d8098022d5de9f9854f5c87d008
[303] AuthorizationReq payloadType=0x8001 bytes=21
    01fe80010000000d8098022d5de9f9854f5c87d008
[304] AuthorizationReq payloadType=0x8001 bytes=21
    01fe80010000000d8098022d5de9f9854f5c87d008
[305] AuthorizationReq payloadType=0x8001 bytes=21
    01fe80010000000d8098022d5de9f9854f5c87d008
[306] AuthorizationReq payloadType=0x8001 bytes=21
    01fe80010000000d8098022d5de9f9854f5c87d008
[307] AuthorizationReq payloadType=0x8001 bytes=21
    01fe80010000000d8098022d5de9f9854f5c87d008
[308] AuthorizationReq payloadType=0x8001 bytes=21
    01fe80010000000d8098022d5de9f9854f5c87d008
[309] AuthorizationReq payloadType=0x8001 bytes=21
    01fe80010000000d8098022d5de9f9854f5c87d008
[310] AuthorizationReq payloadType=0x8001 bytes=21
    01fe80010000000d8098022d5de9f9854f5c87d008
[311] AuthorizationReq payloadType=0x8001 bytes=21
    01fe80010000000d8098022d5de9f9854f5c87d008
[312] AuthorizationReq payloadType=0x8001 bytes=21
    01fe80010000000d8098022d5de9f9854f5c87d008
[313] AuthorizationReq payloadType=0x8001 bytes=21
    01fe80010000000d8098022d5de9f9854f5c87d008
[314] AuthorizationReq payloadType=0x8001 bytes=21
    01fe80010000000d8098022d5de9f9854f5c87d008
[315] AuthorizationReq payloadType=0x8001 bytes=21
    01fe80010000000d8098022d5de9f9854f5c87d008
[316] AuthorizationReq payloadType=0x8001 bytes=21
    01fe80010000000d8098022d5de9f9854f5c87d008
[317] AuthorizationReq payloadType=0x8001 bytes=21
    01fe80010000000d8098022d5de9f9854f5c87d008
[318] AuthorizationReq payloadType=0x8001 bytes=21
    01fe80010000000d8098022d5de9f9854f5c87d008
[319] AuthorizationReq payloadType=0x8001 bytes=21
    01fe80010000000d8098022d5de9f9854f5c87d008
[320] AuthorizationReq payloadType=0x8001 bytes=21
    01fe80010000000d8098022d5de9f9854f5c87d008
[321] AuthorizationReq payloadType=0x8001 bytes=21
    01fe80010000000d8098022d5de9f9854f5c87d008
[322] AuthorizationReq payloadType=0x8001 bytes=21
    01fe80010000000d8098022d5de9f9854f5c87d008
[323] AuthorizationReq payloadType=0x8001 bytes=21
    01fe80010000000d8098022d5de9f9854f5c87d008
[324] AuthorizationReq payloadType=0x8001 bytes=21
    01fe80010000000d8098022d5de9f9854f5c87d008
[325] AuthorizationReq payloadType=0x8001 bytes=21
    01fe80010000000d8098022d5de9f9854f5c87d008
[326] AuthorizationReq payloadType=0x8001 bytes=21
    01fe80010000000d8098022d5de9f9854f5c87d008
[327] AuthorizationReq payloadType=0x8001 bytes=21
    01fe80010000000d8098022d5de9f9854f5c87d008
[328] AuthorizationReq payloadType=0x8001 bytes=21
    01fe80010000000d8098022d5de9f9854f5c87d008
[329] AuthorizationReq payloadType=0x8001 bytes=21
    01fe80010000000d8098022d5de9f9854f5c87d008
[330] AuthorizationReq payloadType=0x8001 bytes=21
    01fe80010000000d8098022d5de9f9854f5c87d008
[331] AuthorizationReq payloadType=0x8001 bytes=21
    01fe80010000000d8098022d5de9f9854f5c87d008
[332] AuthorizationReq payloadType=0x8001 bytes=21
    01fe80010000000d8098022d5de9f9854f5c87d008
[333] AuthorizationReq payloadType=0x8001 bytes=21
    01fe80010000000d8098022d5de9f9854f5c87d008
[334] AuthorizationReq payloadType=0x8001 bytes=21
    01fe80010000000d8098022d5de9f9854f5c87d008
[335] AuthorizationReq payloadType=0x8001 bytes=21
    01fe80010000000d8098022d5de9f9854f5c87d008
[336] AuthorizationReq payloadType=0x8001 bytes=21
    01fe80010000000d8098022d5de9f9854f5c87d008
[337] AuthorizationReq payloadType=0x8001 bytes=21
    01fe80010000000d8098022d5de9f9854f5c87d008
[338] AuthorizationReq payloadType=0x8001 bytes=21
    01fe80010000000d8098022d5de9f9854f5c87d008
[339] AuthorizationReq payloadType=0x8001 bytes=21
    01fe80010000000d8098022d5de9f9854f5c87d008
[340] AuthorizationReq payloadType=0x8001 bytes=21
    01fe80010000000d8098022d5de9f9854f5c87d008
[341] AuthorizationReq payloadType=0x8001 bytes=21
    01fe80010000000d8098022d5de9f9854f5c87d008
[342] AuthorizationReq payloadType=0x8001 bytes=21
    01fe80010000000d8098022d5de9f9854f5c87d008
[343] AuthorizationReq payloadType=0x8001 bytes=21
    01fe80010000000d8098022d5de9f9854f5c87d008
[344] AuthorizationReq payloadType=0x8001 bytes=21
    01fe80010000000d8098022d5de9f9854f5c87d008
[345] AuthorizationReq payloadType=0x8001 bytes=21
    01fe80010000000d8098022d5de9f9854f5c87d008
[346] AuthorizationReq payloadType=0x8001 bytes=21
    01fe80010000000d8098022d5de9f9854f5c87d008
[347] AuthorizationReq payloadType=0x8001 bytes=21
    01fe80010000000d8098022d5de9f9854f5c87d008
[348] AuthorizationReq payloadType=0x8001 bytes=21
    01fe80010000000d8098022d5de9f9854f5c87d008
[349] AuthorizationReq payloadType=0x8001 bytes=21
    01fe80010000000d8098022d5de9f9854f5c87d008
[350] AuthorizationReq payloadType=0x8001 bytes=21
    01fe80010000000d8098022d5de9f9854f5c87d008
[351] AuthorizationReq payloadType=0x8001 bytes=21
    01fe80010000000d8098022d5de9f9854f5c87d008
[352] AuthorizationReq payloadType=0x8001 bytes=21
    01fe80010000000d8098022d5de9f9854f5c87d008
[353] AuthorizationReq payloadType=0x8001 bytes=21
    01fe80010000000d8098022d5de9f9854f5c87d008
[354] AuthorizationReq payloadType=0x8001 bytes=21
    01fe80010000000d8098022d5de9f9854f5c87d008
[355] AuthorizationReq payloadType=0x8001 bytes=21
    01fe80010000000d8098022d5de9f9854f5c87d008
[356] AuthorizationReq payloadType=0x8001 bytes=21
    01fe80010000000d8098022d5de9f9854f5c87d008
[357] AuthorizationReq payloadType=0x8001 bytes=21
    01fe80010000000d8098022d5de9f9854f5c87d008
[358] AuthorizationReq payloadType=0x8001 bytes=21
    01fe80010000000d8098022d5de9f9854f5c87d008
[359] AuthorizationReq payloadType=0x8001 bytes=21
    01fe80010000000d8098022d5de9f9854f5c87d008
[360] AuthorizationReq payloadType=0x8001 bytes=21
    01fe80010000000d8098022d5de9f9854f5c87d008
[361] AuthorizationReq payloadType=0x8001 bytes=21
    01fe80010000000d8098022d5de9f9854f5c87d008
[362] AuthorizationReq payloadType=0x8001 bytes=21
    01fe80010000000d8098022d5de9f9854f5c87d008
[363] AuthorizationReq payloadType=0x8001 bytes=21
    01fe80010000000d8098022d5de9f9854f5c87d008
[364] AuthorizationReq payloadType=0x8001 bytes=21
    01fe80010000000d8098022d5de9f9854f5c87d008
[365] AuthorizationReq payloadType=0x8001 bytes=21
    01fe80010000000d8098022d5de9f9854f5c87d008
[366] AuthorizationReq payloadType=0x8001 bytes=21
    01fe80010000000d8098022d5de9f9854f5c87d008
[367] AuthorizationReq payloadType=0x8001 bytes=21
    01fe80010000000d8098022d5de9f9854f5c87d008
[368] AuthorizationReq payloadType=0x8001 bytes=21
    01fe80010000000d8098022d5de9f9854f5c87d008
[369] AuthorizationReq payloadType=0x8001 bytes=21
    01fe80010000000d8098022d5de9f9854f5c87d008
[370] AuthorizationReq payloadType=0x8001 bytes=21
    01fe80010000000d8098022d5de9f9854f5c87d008
[371] AuthorizationReq payloadType=0x8001 bytes=21
    01fe80010000000d8098022d5de9f9854f5c87d008
[372] AuthorizationReq payloadType=0x8001 bytes=21
    01fe80010000000d8098022d5de9f9854f5c87d008
[373] AuthorizationReq payloadType=0x8001 bytes=21
    01fe80010000000d8098022d5de9f9854f5c87d008
[374] AuthorizationReq payloadType=0x8001 bytes=21
    01fe80010000000d8098022d5de9f9854f5c87d008
[375] AuthorizationReq payloadType=0x8001 bytes=21
    01fe80010000000d8098022d5de9f9854f5c87d008
[376] AuthorizationReq payloadType=0x8001 bytes=21
    01fe80010000000d8098022d5de9f9854f5c87d008
[377] AuthorizationReq payloadType=0x8001 bytes=21
    01fe80010000000d8098022d5de9f9854f5c87d008
[378] AuthorizationReq payloadType=0x8001 bytes=21
    01fe80010000000d8098022d5de9f9854f5c87d008
[379] AuthorizationReq payloadType=0x8001 bytes=21
    01fe80010000000d8098022d5de9f9854f5c87d008
[380] AuthorizationReq payloadType=0x8001 bytes=21
    01fe80010000000d8098022d5de9f9854f5c87d008
[381] AuthorizationReq payloadType=0x8001 bytes=21
    01fe80010000000d8098022d5de9f9854f5c87d008
[382] AuthorizationReq payloadType=0x8001 bytes=21
    01fe80010000000d8098022d5de9f9854f5c87d008
[383] AuthorizationReq payloadType=0x8001 bytes=21
    01fe80010000000d8098022d5de9f9854f5c87d008
[384] AuthorizationReq payloadType=0x8001 bytes=21
    01fe80010000000d8098022d5de9f9854f5c87d008
[385] AuthorizationReq payloadType=0x8001 bytes=21
    01fe80010000000d8098022d5de9f9854f5c87d008
[386] AuthorizationReq payloadType=0x8001 bytes=21
    01fe80010000000d8098022d5de9f9854f5c87d008
[387] AuthorizationReq payloadType=0x8001 bytes=21
    01fe80010000000d8098022d5de9f9854f5c87d008
[388] AuthorizationReq payloadType=0x8001 bytes=21
    01fe80010000000d8098022d5de9f9854f5c87d008
[389] AuthorizationReq payloadType=0x8001 bytes=21
    01fe80010000000d8098022d5de9f9854f5c87d008
[390] AuthorizationReq payloadType=0x8001 bytes=21
    01fe80010000000d8098022d5de9f9854f5c87d008
[391] AuthorizationReq payloadType=0x8001 bytes=21
    01fe80010000000d8098022d5de9f9854f5c87d008
[392] AuthorizationReq payloadType=0x8001 bytes=21
    01fe80010000000d8098022d5de9f9854f5c87d008
[393] AuthorizationReq payloadType=0x8001 bytes=21
    01fe80010000000d8098022d5de9f9854f5c87d008
[394] AuthorizationReq payloadType=0x8001 bytes=21
    01fe80010000000d8098022d5de9f9854f5c87d008
[395] AuthorizationReq payloadType=0x8001 bytes=21
    01fe80010000000d8098022d5de9f9854f5c87d008
[396] AuthorizationReq payloadType=0x8001 bytes=21
    01fe80010000000d8098022d5de9f9854f5c87d008
[397] AuthorizationReq payloadType=0x8001 bytes=21
    01fe80010000000d8098022d5de9f9854f5c87d008

## station -> EV: 9162 byte(s), 398 frame(s)
[0] SupportedAppProtocolRes (OK_SuccessfulNegotiation) payloadType=0x8001 bytes=12
    01fe80010000000480400040
[1] SessionSetupRes (OK_NewSessionEstablished) payloadType=0x8001 bytes=39
    01fe80010000001f8098022d5de9f9854f5c87d1e020451114a9413960a914c4c8ccd0d4a8c480
[2] ServiceDiscoveryRes (OK) payloadType=0x8001 bytes=27
    01fe8001000000138098022d5de9f9854f5c87d1c0012004820324
[3] PaymentServiceSelectionRes (OK) payloadType=0x8001 bytes=22
    01fe80010000000e8098022d5de9f9854f5c87d14000
[4] AuthorizationRes (OK) payloadType=0x8001 bytes=23
    01fe80010000000f8098022d5de9f9854f5c87d0100200
[5] AuthorizationRes (OK) payloadType=0x8001 bytes=23
    01fe80010000000f8098022d5de9f9854f5c87d0100200
[6] AuthorizationRes (OK) payloadType=0x8001 bytes=23
    01fe80010000000f8098022d5de9f9854f5c87d0100200
[7] AuthorizationRes (OK) payloadType=0x8001 bytes=23
    01fe80010000000f8098022d5de9f9854f5c87d0100200
[8] AuthorizationRes (OK) payloadType=0x8001 bytes=23
    01fe80010000000f8098022d5de9f9854f5c87d0100200
[9] AuthorizationRes (OK) payloadType=0x8001 bytes=23
    01fe80010000000f8098022d5de9f9854f5c87d0100200
[10] AuthorizationRes (OK) payloadType=0x8001 bytes=23
    01fe80010000000f8098022d5de9f9854f5c87d0100200
[11] AuthorizationRes (OK) payloadType=0x8001 bytes=23
    01fe80010000000f8098022d5de9f9854f5c87d0100200
[12] AuthorizationRes (OK) payloadType=0x8001 bytes=23
    01fe80010000000f8098022d5de9f9854f5c87d0100200
[13] AuthorizationRes (OK) payloadType=0x8001 bytes=23
    01fe80010000000f8098022d5de9f9854f5c87d0100200
[14] AuthorizationRes (OK) payloadType=0x8001 bytes=23
    01fe80010000000f8098022d5de9f9854f5c87d0100200
[15] AuthorizationRes (OK) payloadType=0x8001 bytes=23
    01fe80010000000f8098022d5de9f9854f5c87d0100200
[16] AuthorizationRes (OK) payloadType=0x8001 bytes=23
    01fe80010000000f8098022d5de9f9854f5c87d0100200
[17] AuthorizationRes (OK) payloadType=0x8001 bytes=23
    01fe80010000000f8098022d5de9f9854f5c87d0100200
[18] AuthorizationRes (OK) payloadType=0x8001 bytes=23
    01fe80010000000f8098022d5de9f9854f5c87d0100200
[19] AuthorizationRes (OK) payloadType=0x8001 bytes=23
    01fe80010000000f8098022d5de9f9854f5c87d0100200
[20] AuthorizationRes (OK) payloadType=0x8001 bytes=23
    01fe80010000000f8098022d5de9f9854f5c87d0100200
[21] AuthorizationRes (OK) payloadType=0x8001 bytes=23
    01fe80010000000f8098022d5de9f9854f5c87d0100200
[22] AuthorizationRes (OK) payloadType=0x8001 bytes=23
    01fe80010000000f8098022d5de9f9854f5c87d0100200
[23] AuthorizationRes (OK) payloadType=0x8001 bytes=23
    01fe80010000000f8098022d5de9f9854f5c87d0100200
[24] AuthorizationRes (OK) payloadType=0x8001 bytes=23
    01fe80010000000f8098022d5de9f9854f5c87d0100200
[25] AuthorizationRes (OK) payloadType=0x8001 bytes=23
    01fe80010000000f8098022d5de9f9854f5c87d0100200
[26] AuthorizationRes (OK) payloadType=0x8001 bytes=23
    01fe80010000000f8098022d5de9f9854f5c87d0100200
[27] AuthorizationRes (OK) payloadType=0x8001 bytes=23
    01fe80010000000f8098022d5de9f9854f5c87d0100200
[28] AuthorizationRes (OK) payloadType=0x8001 bytes=23
    01fe80010000000f8098022d5de9f9854f5c87d0100200
[29] AuthorizationRes (OK) payloadType=0x8001 bytes=23
    01fe80010000000f8098022d5de9f9854f5c87d0100200
[30] AuthorizationRes (OK) payloadType=0x8001 bytes=23
    01fe80010000000f8098022d5de9f9854f5c87d0100200
[31] AuthorizationRes (OK) payloadType=0x8001 bytes=23
    01fe80010000000f8098022d5de9f9854f5c87d0100200
[32] AuthorizationRes (OK) payloadType=0x8001 bytes=23
    01fe80010000000f8098022d5de9f9854f5c87d0100200
[33] AuthorizationRes (OK) payloadType=0x8001 bytes=23
    01fe80010000000f8098022d5de9f9854f5c87d0100200
[34] AuthorizationRes (OK) payloadType=0x8001 bytes=23
    01fe80010000000f8098022d5de9f9854f5c87d0100200
[35] AuthorizationRes (OK) payloadType=0x8001 bytes=23
    01fe80010000000f8098022d5de9f9854f5c87d0100200
[36] AuthorizationRes (OK) payloadType=0x8001 bytes=23
    01fe80010000000f8098022d5de9f9854f5c87d0100200
[37] AuthorizationRes (OK) payloadType=0x8001 bytes=23
    01fe80010000000f8098022d5de9f9854f5c87d0100200
[38] AuthorizationRes (OK) payloadType=0x8001 bytes=23
    01fe80010000000f8098022d5de9f9854f5c87d0100200
[39] AuthorizationRes (OK) payloadType=0x8001 bytes=23
    01fe80010000000f8098022d5de9f9854f5c87d0100200
[40] AuthorizationRes (OK) payloadType=0x8001 bytes=23
    01fe80010000000f8098022d5de9f9854f5c87d0100200
[41] AuthorizationRes (OK) payloadType=0x8001 bytes=23
    01fe80010000000f8098022d5de9f9854f5c87d0100200
[42] AuthorizationRes (OK) payloadType=0x8001 bytes=23
    01fe80010000000f8098022d5de9f9854f5c87d0100200
[43] AuthorizationRes (OK) payloadType=0x8001 bytes=23
    01fe80010000000f8098022d5de9f9854f5c87d0100200
[44] AuthorizationRes (OK) payloadType=0x8001 bytes=23
    01fe80010000000f8098022d5de9f9854f5c87d0100200
[45] AuthorizationRes (OK) payloadType=0x8001 bytes=23
    01fe80010000000f8098022d5de9f9854f5c87d0100200
[46] AuthorizationRes (OK) payloadType=0x8001 bytes=23
    01fe80010000000f8098022d5de9f9854f5c87d0100200
[47] AuthorizationRes (OK) payloadType=0x8001 bytes=23
    01fe80010000000f8098022d5de9f9854f5c87d0100200
[48] AuthorizationRes (OK) payloadType=0x8001 bytes=23
    01fe80010000000f8098022d5de9f9854f5c87d0100200
[49] AuthorizationRes (OK) payloadType=0x8001 bytes=23
    01fe80010000000f8098022d5de9f9854f5c87d0100200
[50] AuthorizationRes (OK) payloadType=0x8001 bytes=23
    01fe80010000000f8098022d5de9f9854f5c87d0100200
[51] AuthorizationRes (OK) payloadType=0x8001 bytes=23
    01fe80010000000f8098022d5de9f9854f5c87d0100200
[52] AuthorizationRes (OK) payloadType=0x8001 bytes=23
    01fe80010000000f8098022d5de9f9854f5c87d0100200
[53] AuthorizationRes (OK) payloadType=0x8001 bytes=23
    01fe80010000000f8098022d5de9f9854f5c87d0100200
[54] AuthorizationRes (OK) payloadType=0x8001 bytes=23
    01fe80010000000f8098022d5de9f9854f5c87d0100200
[55] AuthorizationRes (OK) payloadType=0x8001 bytes=23
    01fe80010000000f8098022d5de9f9854f5c87d0100200
[56] AuthorizationRes (OK) payloadType=0x8001 bytes=23
    01fe80010000000f8098022d5de9f9854f5c87d0100200
[57] AuthorizationRes (OK) payloadType=0x8001 bytes=23
    01fe80010000000f8098022d5de9f9854f5c87d0100200
[58] AuthorizationRes (OK) payloadType=0x8001 bytes=23
    01fe80010000000f8098022d5de9f9854f5c87d0100200
[59] AuthorizationRes (OK) payloadType=0x8001 bytes=23
    01fe80010000000f8098022d5de9f9854f5c87d0100200
[60] AuthorizationRes (OK) payloadType=0x8001 bytes=23
    01fe80010000000f8098022d5de9f9854f5c87d0100200
[61] AuthorizationRes (OK) payloadType=0x8001 bytes=23
    01fe80010000000f8098022d5de9f9854f5c87d0100200
[62] AuthorizationRes (OK) payloadType=0x8001 bytes=23
    01fe80010000000f8098022d5de9f9854f5c87d0100200
[63] AuthorizationRes (OK) payloadType=0x8001 bytes=23
    01fe80010000000f8098022d5de9f9854f5c87d0100200
[64] AuthorizationRes (OK) payloadType=0x8001 bytes=23
    01fe80010000000f8098022d5de9f9854f5c87d0100200
[65] AuthorizationRes (OK) payloadType=0x8001 bytes=23
    01fe80010000000f8098022d5de9f9854f5c87d0100200
[66] AuthorizationRes (OK) payloadType=0x8001 bytes=23
    01fe80010000000f8098022d5de9f9854f5c87d0100200
[67] AuthorizationRes (OK) payloadType=0x8001 bytes=23
    01fe80010000000f8098022d5de9f9854f5c87d0100200
[68] AuthorizationRes (OK) payloadType=0x8001 bytes=23
    01fe80010000000f8098022d5de9f9854f5c87d0100200
[69] AuthorizationRes (OK) payloadType=0x8001 bytes=23
    01fe80010000000f8098022d5de9f9854f5c87d0100200
[70] AuthorizationRes (OK) payloadType=0x8001 bytes=23
    01fe80010000000f8098022d5de9f9854f5c87d0100200
[71] AuthorizationRes (OK) payloadType=0x8001 bytes=23
    01fe80010000000f8098022d5de9f9854f5c87d0100200
[72] AuthorizationRes (OK) payloadType=0x8001 bytes=23
    01fe80010000000f8098022d5de9f9854f5c87d0100200
[73] AuthorizationRes (OK) payloadType=0x8001 bytes=23
    01fe80010000000f8098022d5de9f9854f5c87d0100200
[74] AuthorizationRes (OK) payloadType=0x8001 bytes=23
    01fe80010000000f8098022d5de9f9854f5c87d0100200
[75] AuthorizationRes (OK) payloadType=0x8001 bytes=23
    01fe80010000000f8098022d5de9f9854f5c87d0100200
[76] AuthorizationRes (OK) payloadType=0x8001 bytes=23
    01fe80010000000f8098022d5de9f9854f5c87d0100200
[77] AuthorizationRes (OK) payloadType=0x8001 bytes=23
    01fe80010000000f8098022d5de9f9854f5c87d0100200
[78] AuthorizationRes (OK) payloadType=0x8001 bytes=23
    01fe80010000000f8098022d5de9f9854f5c87d0100200
[79] AuthorizationRes (OK) payloadType=0x8001 bytes=23
    01fe80010000000f8098022d5de9f9854f5c87d0100200
[80] AuthorizationRes (OK) payloadType=0x8001 bytes=23
    01fe80010000000f8098022d5de9f9854f5c87d0100200
[81] AuthorizationRes (OK) payloadType=0x8001 bytes=23
    01fe80010000000f8098022d5de9f9854f5c87d0100200
[82] AuthorizationRes (OK) payloadType=0x8001 bytes=23
    01fe80010000000f8098022d5de9f9854f5c87d0100200
[83] AuthorizationRes (OK) payloadType=0x8001 bytes=23
    01fe80010000000f8098022d5de9f9854f5c87d0100200
[84] AuthorizationRes (OK) payloadType=0x8001 bytes=23
    01fe80010000000f8098022d5de9f9854f5c87d0100200
[85] AuthorizationRes (OK) payloadType=0x8001 bytes=23
    01fe80010000000f8098022d5de9f9854f5c87d0100200
[86] AuthorizationRes (OK) payloadType=0x8001 bytes=23
    01fe80010000000f8098022d5de9f9854f5c87d0100200
[87] AuthorizationRes (OK) payloadType=0x8001 bytes=23
    01fe80010000000f8098022d5de9f9854f5c87d0100200
[88] AuthorizationRes (OK) payloadType=0x8001 bytes=23
    01fe80010000000f8098022d5de9f9854f5c87d0100200
[89] AuthorizationRes (OK) payloadType=0x8001 bytes=23
    01fe80010000000f8098022d5de9f9854f5c87d0100200
[90] AuthorizationRes (OK) payloadType=0x8001 bytes=23
    01fe80010000000f8098022d5de9f9854f5c87d0100200
[91] AuthorizationRes (OK) payloadType=0x8001 bytes=23
    01fe80010000000f8098022d5de9f9854f5c87d0100200
[92] AuthorizationRes (OK) payloadType=0x8001 bytes=23
    01fe80010000000f8098022d5de9f9854f5c87d0100200
[93] AuthorizationRes (OK) payloadType=0x8001 bytes=23
    01fe80010000000f8098022d5de9f9854f5c87d0100200
[94] AuthorizationRes (OK) payloadType=0x8001 bytes=23
    01fe80010000000f8098022d5de9f9854f5c87d0100200
[95] AuthorizationRes (OK) payloadType=0x8001 bytes=23
    01fe80010000000f8098022d5de9f9854f5c87d0100200
[96] AuthorizationRes (OK) payloadType=0x8001 bytes=23
    01fe80010000000f8098022d5de9f9854f5c87d0100200
[97] AuthorizationRes (OK) payloadType=0x8001 bytes=23
    01fe80010000000f8098022d5de9f9854f5c87d0100200
[98] AuthorizationRes (OK) payloadType=0x8001 bytes=23
    01fe80010000000f8098022d5de9f9854f5c87d0100200
[99] AuthorizationRes (OK) payloadType=0x8001 bytes=23
    01fe80010000000f8098022d5de9f9854f5c87d0100200
[100] AuthorizationRes (OK) payloadType=0x8001 bytes=23
    01fe80010000000f8098022d5de9f9854f5c87d0100200
[101] AuthorizationRes (OK) payloadType=0x8001 bytes=23
    01fe80010000000f8098022d5de9f9854f5c87d0100200
[102] AuthorizationRes (OK) payloadType=0x8001 bytes=23
    01fe80010000000f8098022d5de9f9854f5c87d0100200
[103] AuthorizationRes (OK) payloadType=0x8001 bytes=23
    01fe80010000000f8098022d5de9f9854f5c87d0100200
[104] AuthorizationRes (OK) payloadType=0x8001 bytes=23
    01fe80010000000f8098022d5de9f9854f5c87d0100200
[105] AuthorizationRes (OK) payloadType=0x8001 bytes=23
    01fe80010000000f8098022d5de9f9854f5c87d0100200
[106] AuthorizationRes (OK) payloadType=0x8001 bytes=23
    01fe80010000000f8098022d5de9f9854f5c87d0100200
[107] AuthorizationRes (OK) payloadType=0x8001 bytes=23
    01fe80010000000f8098022d5de9f9854f5c87d0100200
[108] AuthorizationRes (OK) payloadType=0x8001 bytes=23
    01fe80010000000f8098022d5de9f9854f5c87d0100200
[109] AuthorizationRes (OK) payloadType=0x8001 bytes=23
    01fe80010000000f8098022d5de9f9854f5c87d0100200
[110] AuthorizationRes (OK) payloadType=0x8001 bytes=23
    01fe80010000000f8098022d5de9f9854f5c87d0100200
[111] AuthorizationRes (OK) payloadType=0x8001 bytes=23
    01fe80010000000f8098022d5de9f9854f5c87d0100200
[112] AuthorizationRes (OK) payloadType=0x8001 bytes=23
    01fe80010000000f8098022d5de9f9854f5c87d0100200
[113] AuthorizationRes (OK) payloadType=0x8001 bytes=23
    01fe80010000000f8098022d5de9f9854f5c87d0100200
[114] AuthorizationRes (OK) payloadType=0x8001 bytes=23
    01fe80010000000f8098022d5de9f9854f5c87d0100200
[115] AuthorizationRes (OK) payloadType=0x8001 bytes=23
    01fe80010000000f8098022d5de9f9854f5c87d0100200
[116] AuthorizationRes (OK) payloadType=0x8001 bytes=23
    01fe80010000000f8098022d5de9f9854f5c87d0100200
[117] AuthorizationRes (OK) payloadType=0x8001 bytes=23
    01fe80010000000f8098022d5de9f9854f5c87d0100200
[118] AuthorizationRes (OK) payloadType=0x8001 bytes=23
    01fe80010000000f8098022d5de9f9854f5c87d0100200
[119] AuthorizationRes (OK) payloadType=0x8001 bytes=23
    01fe80010000000f8098022d5de9f9854f5c87d0100200
[120] AuthorizationRes (OK) payloadType=0x8001 bytes=23
    01fe80010000000f8098022d5de9f9854f5c87d0100200
[121] AuthorizationRes (OK) payloadType=0x8001 bytes=23
    01fe80010000000f8098022d5de9f9854f5c87d0100200
[122] AuthorizationRes (OK) payloadType=0x8001 bytes=23
    01fe80010000000f8098022d5de9f9854f5c87d0100200
[123] AuthorizationRes (OK) payloadType=0x8001 bytes=23
    01fe80010000000f8098022d5de9f9854f5c87d0100200
[124] AuthorizationRes (OK) payloadType=0x8001 bytes=23
    01fe80010000000f8098022d5de9f9854f5c87d0100200
[125] AuthorizationRes (OK) payloadType=0x8001 bytes=23
    01fe80010000000f8098022d5de9f9854f5c87d0100200
[126] AuthorizationRes (OK) payloadType=0x8001 bytes=23
    01fe80010000000f8098022d5de9f9854f5c87d0100200
[127] AuthorizationRes (OK) payloadType=0x8001 bytes=23
    01fe80010000000f8098022d5de9f9854f5c87d0100200
[128] AuthorizationRes (OK) payloadType=0x8001 bytes=23
    01fe80010000000f8098022d5de9f9854f5c87d0100200
[129] AuthorizationRes (OK) payloadType=0x8001 bytes=23
    01fe80010000000f8098022d5de9f9854f5c87d0100200
[130] AuthorizationRes (OK) payloadType=0x8001 bytes=23
    01fe80010000000f8098022d5de9f9854f5c87d0100200
[131] AuthorizationRes (OK) payloadType=0x8001 bytes=23
    01fe80010000000f8098022d5de9f9854f5c87d0100200
[132] AuthorizationRes (OK) payloadType=0x8001 bytes=23
    01fe80010000000f8098022d5de9f9854f5c87d0100200
[133] AuthorizationRes (OK) payloadType=0x8001 bytes=23
    01fe80010000000f8098022d5de9f9854f5c87d0100200
[134] AuthorizationRes (OK) payloadType=0x8001 bytes=23
    01fe80010000000f8098022d5de9f9854f5c87d0100200
[135] AuthorizationRes (OK) payloadType=0x8001 bytes=23
    01fe80010000000f8098022d5de9f9854f5c87d0100200
[136] AuthorizationRes (OK) payloadType=0x8001 bytes=23
    01fe80010000000f8098022d5de9f9854f5c87d0100200
[137] AuthorizationRes (OK) payloadType=0x8001 bytes=23
    01fe80010000000f8098022d5de9f9854f5c87d0100200
[138] AuthorizationRes (OK) payloadType=0x8001 bytes=23
    01fe80010000000f8098022d5de9f9854f5c87d0100200
[139] AuthorizationRes (OK) payloadType=0x8001 bytes=23
    01fe80010000000f8098022d5de9f9854f5c87d0100200
[140] AuthorizationRes (OK) payloadType=0x8001 bytes=23
    01fe80010000000f8098022d5de9f9854f5c87d0100200
[141] AuthorizationRes (OK) payloadType=0x8001 bytes=23
    01fe80010000000f8098022d5de9f9854f5c87d0100200
[142] AuthorizationRes (OK) payloadType=0x8001 bytes=23
    01fe80010000000f8098022d5de9f9854f5c87d0100200
[143] AuthorizationRes (OK) payloadType=0x8001 bytes=23
    01fe80010000000f8098022d5de9f9854f5c87d0100200
[144] AuthorizationRes (OK) payloadType=0x8001 bytes=23
    01fe80010000000f8098022d5de9f9854f5c87d0100200
[145] AuthorizationRes (OK) payloadType=0x8001 bytes=23
    01fe80010000000f8098022d5de9f9854f5c87d0100200
[146] AuthorizationRes (OK) payloadType=0x8001 bytes=23
    01fe80010000000f8098022d5de9f9854f5c87d0100200
[147] AuthorizationRes (OK) payloadType=0x8001 bytes=23
    01fe80010000000f8098022d5de9f9854f5c87d0100200
[148] AuthorizationRes (OK) payloadType=0x8001 bytes=23
    01fe80010000000f8098022d5de9f9854f5c87d0100200
[149] AuthorizationRes (OK) payloadType=0x8001 bytes=23
    01fe80010000000f8098022d5de9f9854f5c87d0100200
[150] AuthorizationRes (OK) payloadType=0x8001 bytes=23
    01fe80010000000f8098022d5de9f9854f5c87d0100200
[151] AuthorizationRes (OK) payloadType=0x8001 bytes=23
    01fe80010000000f8098022d5de9f9854f5c87d0100200
[152] AuthorizationRes (OK) payloadType=0x8001 bytes=23
    01fe80010000000f8098022d5de9f9854f5c87d0100200
[153] AuthorizationRes (OK) payloadType=0x8001 bytes=23
    01fe80010000000f8098022d5de9f9854f5c87d0100200
[154] AuthorizationRes (OK) payloadType=0x8001 bytes=23
    01fe80010000000f8098022d5de9f9854f5c87d0100200
[155] AuthorizationRes (OK) payloadType=0x8001 bytes=23
    01fe80010000000f8098022d5de9f9854f5c87d0100200
[156] AuthorizationRes (OK) payloadType=0x8001 bytes=23
    01fe80010000000f8098022d5de9f9854f5c87d0100200
[157] AuthorizationRes (OK) payloadType=0x8001 bytes=23
    01fe80010000000f8098022d5de9f9854f5c87d0100200
[158] AuthorizationRes (OK) payloadType=0x8001 bytes=23
    01fe80010000000f8098022d5de9f9854f5c87d0100200
[159] AuthorizationRes (OK) payloadType=0x8001 bytes=23
    01fe80010000000f8098022d5de9f9854f5c87d0100200
[160] AuthorizationRes (OK) payloadType=0x8001 bytes=23
    01fe80010000000f8098022d5de9f9854f5c87d0100200
[161] AuthorizationRes (OK) payloadType=0x8001 bytes=23
    01fe80010000000f8098022d5de9f9854f5c87d0100200
[162] AuthorizationRes (OK) payloadType=0x8001 bytes=23
    01fe80010000000f8098022d5de9f9854f5c87d0100200
[163] AuthorizationRes (OK) payloadType=0x8001 bytes=23
    01fe80010000000f8098022d5de9f9854f5c87d0100200
[164] AuthorizationRes (OK) payloadType=0x8001 bytes=23
    01fe80010000000f8098022d5de9f9854f5c87d0100200
[165] AuthorizationRes (OK) payloadType=0x8001 bytes=23
    01fe80010000000f8098022d5de9f9854f5c87d0100200
[166] AuthorizationRes (OK) payloadType=0x8001 bytes=23
    01fe80010000000f8098022d5de9f9854f5c87d0100200
[167] AuthorizationRes (OK) payloadType=0x8001 bytes=23
    01fe80010000000f8098022d5de9f9854f5c87d0100200
[168] AuthorizationRes (OK) payloadType=0x8001 bytes=23
    01fe80010000000f8098022d5de9f9854f5c87d0100200
[169] AuthorizationRes (OK) payloadType=0x8001 bytes=23
    01fe80010000000f8098022d5de9f9854f5c87d0100200
[170] AuthorizationRes (OK) payloadType=0x8001 bytes=23
    01fe80010000000f8098022d5de9f9854f5c87d0100200
[171] AuthorizationRes (OK) payloadType=0x8001 bytes=23
    01fe80010000000f8098022d5de9f9854f5c87d0100200
[172] AuthorizationRes (OK) payloadType=0x8001 bytes=23
    01fe80010000000f8098022d5de9f9854f5c87d0100200
[173] AuthorizationRes (OK) payloadType=0x8001 bytes=23
    01fe80010000000f8098022d5de9f9854f5c87d0100200
[174] AuthorizationRes (OK) payloadType=0x8001 bytes=23
    01fe80010000000f8098022d5de9f9854f5c87d0100200
[175] AuthorizationRes (OK) payloadType=0x8001 bytes=23
    01fe80010000000f8098022d5de9f9854f5c87d0100200
[176] AuthorizationRes (OK) payloadType=0x8001 bytes=23
    01fe80010000000f8098022d5de9f9854f5c87d0100200
[177] AuthorizationRes (OK) payloadType=0x8001 bytes=23
    01fe80010000000f8098022d5de9f9854f5c87d0100200
[178] AuthorizationRes (OK) payloadType=0x8001 bytes=23
    01fe80010000000f8098022d5de9f9854f5c87d0100200
[179] AuthorizationRes (OK) payloadType=0x8001 bytes=23
    01fe80010000000f8098022d5de9f9854f5c87d0100200
[180] AuthorizationRes (OK) payloadType=0x8001 bytes=23
    01fe80010000000f8098022d5de9f9854f5c87d0100200
[181] AuthorizationRes (OK) payloadType=0x8001 bytes=23
    01fe80010000000f8098022d5de9f9854f5c87d0100200
[182] AuthorizationRes (OK) payloadType=0x8001 bytes=23
    01fe80010000000f8098022d5de9f9854f5c87d0100200
[183] AuthorizationRes (OK) payloadType=0x8001 bytes=23
    01fe80010000000f8098022d5de9f9854f5c87d0100200
[184] AuthorizationRes (OK) payloadType=0x8001 bytes=23
    01fe80010000000f8098022d5de9f9854f5c87d0100200
[185] AuthorizationRes (OK) payloadType=0x8001 bytes=23
    01fe80010000000f8098022d5de9f9854f5c87d0100200
[186] AuthorizationRes (OK) payloadType=0x8001 bytes=23
    01fe80010000000f8098022d5de9f9854f5c87d0100200
[187] AuthorizationRes (OK) payloadType=0x8001 bytes=23
    01fe80010000000f8098022d5de9f9854f5c87d0100200
[188] AuthorizationRes (OK) payloadType=0x8001 bytes=23
    01fe80010000000f8098022d5de9f9854f5c87d0100200
[189] AuthorizationRes (OK) payloadType=0x8001 bytes=23
    01fe80010000000f8098022d5de9f9854f5c87d0100200
[190] AuthorizationRes (OK) payloadType=0x8001 bytes=23
    01fe80010000000f8098022d5de9f9854f5c87d0100200
[191] AuthorizationRes (OK) payloadType=0x8001 bytes=23
    01fe80010000000f8098022d5de9f9854f5c87d0100200
[192] AuthorizationRes (OK) payloadType=0x8001 bytes=23
    01fe80010000000f8098022d5de9f9854f5c87d0100200
[193] AuthorizationRes (OK) payloadType=0x8001 bytes=23
    01fe80010000000f8098022d5de9f9854f5c87d0100200
[194] AuthorizationRes (OK) payloadType=0x8001 bytes=23
    01fe80010000000f8098022d5de9f9854f5c87d0100200
[195] AuthorizationRes (OK) payloadType=0x8001 bytes=23
    01fe80010000000f8098022d5de9f9854f5c87d0100200
[196] AuthorizationRes (OK) payloadType=0x8001 bytes=23
    01fe80010000000f8098022d5de9f9854f5c87d0100200
[197] AuthorizationRes (OK) payloadType=0x8001 bytes=23
    01fe80010000000f8098022d5de9f9854f5c87d0100200
[198] AuthorizationRes (OK) payloadType=0x8001 bytes=23
    01fe80010000000f8098022d5de9f9854f5c87d0100200
[199] AuthorizationRes (OK) payloadType=0x8001 bytes=23
    01fe80010000000f8098022d5de9f9854f5c87d0100200
[200] AuthorizationRes (OK) payloadType=0x8001 bytes=23
    01fe80010000000f8098022d5de9f9854f5c87d0100200
[201] AuthorizationRes (OK) payloadType=0x8001 bytes=23
    01fe80010000000f8098022d5de9f9854f5c87d0100200
[202] AuthorizationRes (OK) payloadType=0x8001 bytes=23
    01fe80010000000f8098022d5de9f9854f5c87d0100200
[203] AuthorizationRes (OK) payloadType=0x8001 bytes=23
    01fe80010000000f8098022d5de9f9854f5c87d0100200
[204] AuthorizationRes (OK) payloadType=0x8001 bytes=23
    01fe80010000000f8098022d5de9f9854f5c87d0100200
[205] AuthorizationRes (OK) payloadType=0x8001 bytes=23
    01fe80010000000f8098022d5de9f9854f5c87d0100200
[206] AuthorizationRes (OK) payloadType=0x8001 bytes=23
    01fe80010000000f8098022d5de9f9854f5c87d0100200
[207] AuthorizationRes (OK) payloadType=0x8001 bytes=23
    01fe80010000000f8098022d5de9f9854f5c87d0100200
[208] AuthorizationRes (OK) payloadType=0x8001 bytes=23
    01fe80010000000f8098022d5de9f9854f5c87d0100200
[209] AuthorizationRes (OK) payloadType=0x8001 bytes=23
    01fe80010000000f8098022d5de9f9854f5c87d0100200
[210] AuthorizationRes (OK) payloadType=0x8001 bytes=23
    01fe80010000000f8098022d5de9f9854f5c87d0100200
[211] AuthorizationRes (OK) payloadType=0x8001 bytes=23
    01fe80010000000f8098022d5de9f9854f5c87d0100200
[212] AuthorizationRes (OK) payloadType=0x8001 bytes=23
    01fe80010000000f8098022d5de9f9854f5c87d0100200
[213] AuthorizationRes (OK) payloadType=0x8001 bytes=23
    01fe80010000000f8098022d5de9f9854f5c87d0100200
[214] AuthorizationRes (OK) payloadType=0x8001 bytes=23
    01fe80010000000f8098022d5de9f9854f5c87d0100200
[215] AuthorizationRes (OK) payloadType=0x8001 bytes=23
    01fe80010000000f8098022d5de9f9854f5c87d0100200
[216] AuthorizationRes (OK) payloadType=0x8001 bytes=23
    01fe80010000000f8098022d5de9f9854f5c87d0100200
[217] AuthorizationRes (OK) payloadType=0x8001 bytes=23
    01fe80010000000f8098022d5de9f9854f5c87d0100200
[218] AuthorizationRes (OK) payloadType=0x8001 bytes=23
    01fe80010000000f8098022d5de9f9854f5c87d0100200
[219] AuthorizationRes (OK) payloadType=0x8001 bytes=23
    01fe80010000000f8098022d5de9f9854f5c87d0100200
[220] AuthorizationRes (OK) payloadType=0x8001 bytes=23
    01fe80010000000f8098022d5de9f9854f5c87d0100200
[221] AuthorizationRes (OK) payloadType=0x8001 bytes=23
    01fe80010000000f8098022d5de9f9854f5c87d0100200
[222] AuthorizationRes (OK) payloadType=0x8001 bytes=23
    01fe80010000000f8098022d5de9f9854f5c87d0100200
[223] AuthorizationRes (OK) payloadType=0x8001 bytes=23
    01fe80010000000f8098022d5de9f9854f5c87d0100200
[224] AuthorizationRes (OK) payloadType=0x8001 bytes=23
    01fe80010000000f8098022d5de9f9854f5c87d0100200
[225] AuthorizationRes (OK) payloadType=0x8001 bytes=23
    01fe80010000000f8098022d5de9f9854f5c87d0100200
[226] AuthorizationRes (OK) payloadType=0x8001 bytes=23
    01fe80010000000f8098022d5de9f9854f5c87d0100200
[227] AuthorizationRes (OK) payloadType=0x8001 bytes=23
    01fe80010000000f8098022d5de9f9854f5c87d0100200
[228] AuthorizationRes (OK) payloadType=0x8001 bytes=23
    01fe80010000000f8098022d5de9f9854f5c87d0100200
[229] AuthorizationRes (OK) payloadType=0x8001 bytes=23
    01fe80010000000f8098022d5de9f9854f5c87d0100200
[230] AuthorizationRes (OK) payloadType=0x8001 bytes=23
    01fe80010000000f8098022d5de9f9854f5c87d0100200
[231] AuthorizationRes (OK) payloadType=0x8001 bytes=23
    01fe80010000000f8098022d5de9f9854f5c87d0100200
[232] AuthorizationRes (OK) payloadType=0x8001 bytes=23
    01fe80010000000f8098022d5de9f9854f5c87d0100200
[233] AuthorizationRes (OK) payloadType=0x8001 bytes=23
    01fe80010000000f8098022d5de9f9854f5c87d0100200
[234] AuthorizationRes (OK) payloadType=0x8001 bytes=23
    01fe80010000000f8098022d5de9f9854f5c87d0100200
[235] AuthorizationRes (OK) payloadType=0x8001 bytes=23
    01fe80010000000f8098022d5de9f9854f5c87d0100200
[236] AuthorizationRes (OK) payloadType=0x8001 bytes=23
    01fe80010000000f8098022d5de9f9854f5c87d0100200
[237] AuthorizationRes (OK) payloadType=0x8001 bytes=23
    01fe80010000000f8098022d5de9f9854f5c87d0100200
[238] AuthorizationRes (OK) payloadType=0x8001 bytes=23
    01fe80010000000f8098022d5de9f9854f5c87d0100200
[239] AuthorizationRes (OK) payloadType=0x8001 bytes=23
    01fe80010000000f8098022d5de9f9854f5c87d0100200
[240] AuthorizationRes (OK) payloadType=0x8001 bytes=23
    01fe80010000000f8098022d5de9f9854f5c87d0100200
[241] AuthorizationRes (OK) payloadType=0x8001 bytes=23
    01fe80010000000f8098022d5de9f9854f5c87d0100200
[242] AuthorizationRes (OK) payloadType=0x8001 bytes=23
    01fe80010000000f8098022d5de9f9854f5c87d0100200
[243] AuthorizationRes (OK) payloadType=0x8001 bytes=23
    01fe80010000000f8098022d5de9f9854f5c87d0100200
[244] AuthorizationRes (OK) payloadType=0x8001 bytes=23
    01fe80010000000f8098022d5de9f9854f5c87d0100200
[245] AuthorizationRes (OK) payloadType=0x8001 bytes=23
    01fe80010000000f8098022d5de9f9854f5c87d0100200
[246] AuthorizationRes (OK) payloadType=0x8001 bytes=23
    01fe80010000000f8098022d5de9f9854f5c87d0100200
[247] AuthorizationRes (OK) payloadType=0x8001 bytes=23
    01fe80010000000f8098022d5de9f9854f5c87d0100200
[248] AuthorizationRes (OK) payloadType=0x8001 bytes=23
    01fe80010000000f8098022d5de9f9854f5c87d0100200
[249] AuthorizationRes (OK) payloadType=0x8001 bytes=23
    01fe80010000000f8098022d5de9f9854f5c87d0100200
[250] AuthorizationRes (OK) payloadType=0x8001 bytes=23
    01fe80010000000f8098022d5de9f9854f5c87d0100200
[251] AuthorizationRes (OK) payloadType=0x8001 bytes=23
    01fe80010000000f8098022d5de9f9854f5c87d0100200
[252] AuthorizationRes (OK) payloadType=0x8001 bytes=23
    01fe80010000000f8098022d5de9f9854f5c87d0100200
[253] AuthorizationRes (OK) payloadType=0x8001 bytes=23
    01fe80010000000f8098022d5de9f9854f5c87d0100200
[254] AuthorizationRes (OK) payloadType=0x8001 bytes=23
    01fe80010000000f8098022d5de9f9854f5c87d0100200
[255] AuthorizationRes (OK) payloadType=0x8001 bytes=23
    01fe80010000000f8098022d5de9f9854f5c87d0100200
[256] AuthorizationRes (OK) payloadType=0x8001 bytes=23
    01fe80010000000f8098022d5de9f9854f5c87d0100200
[257] AuthorizationRes (OK) payloadType=0x8001 bytes=23
    01fe80010000000f8098022d5de9f9854f5c87d0100200
[258] AuthorizationRes (OK) payloadType=0x8001 bytes=23
    01fe80010000000f8098022d5de9f9854f5c87d0100200
[259] AuthorizationRes (OK) payloadType=0x8001 bytes=23
    01fe80010000000f8098022d5de9f9854f5c87d0100200
[260] AuthorizationRes (OK) payloadType=0x8001 bytes=23
    01fe80010000000f8098022d5de9f9854f5c87d0100200
[261] AuthorizationRes (OK) payloadType=0x8001 bytes=23
    01fe80010000000f8098022d5de9f9854f5c87d0100200
[262] AuthorizationRes (OK) payloadType=0x8001 bytes=23
    01fe80010000000f8098022d5de9f9854f5c87d0100200
[263] AuthorizationRes (OK) payloadType=0x8001 bytes=23
    01fe80010000000f8098022d5de9f9854f5c87d0100200
[264] AuthorizationRes (OK) payloadType=0x8001 bytes=23
    01fe80010000000f8098022d5de9f9854f5c87d0100200
[265] AuthorizationRes (OK) payloadType=0x8001 bytes=23
    01fe80010000000f8098022d5de9f9854f5c87d0100200
[266] AuthorizationRes (OK) payloadType=0x8001 bytes=23
    01fe80010000000f8098022d5de9f9854f5c87d0100200
[267] AuthorizationRes (OK) payloadType=0x8001 bytes=23
    01fe80010000000f8098022d5de9f9854f5c87d0100200
[268] AuthorizationRes (OK) payloadType=0x8001 bytes=23
    01fe80010000000f8098022d5de9f9854f5c87d0100200
[269] AuthorizationRes (OK) payloadType=0x8001 bytes=23
    01fe80010000000f8098022d5de9f9854f5c87d0100200
[270] AuthorizationRes (OK) payloadType=0x8001 bytes=23
    01fe80010000000f8098022d5de9f9854f5c87d0100200
[271] AuthorizationRes (OK) payloadType=0x8001 bytes=23
    01fe80010000000f8098022d5de9f9854f5c87d0100200
[272] AuthorizationRes (OK) payloadType=0x8001 bytes=23
    01fe80010000000f8098022d5de9f9854f5c87d0100200
[273] AuthorizationRes (OK) payloadType=0x8001 bytes=23
    01fe80010000000f8098022d5de9f9854f5c87d0100200
[274] AuthorizationRes (OK) payloadType=0x8001 bytes=23
    01fe80010000000f8098022d5de9f9854f5c87d0100200
[275] AuthorizationRes (OK) payloadType=0x8001 bytes=23
    01fe80010000000f8098022d5de9f9854f5c87d0100200
[276] AuthorizationRes (OK) payloadType=0x8001 bytes=23
    01fe80010000000f8098022d5de9f9854f5c87d0100200
[277] AuthorizationRes (OK) payloadType=0x8001 bytes=23
    01fe80010000000f8098022d5de9f9854f5c87d0100200
[278] AuthorizationRes (OK) payloadType=0x8001 bytes=23
    01fe80010000000f8098022d5de9f9854f5c87d0100200
[279] AuthorizationRes (OK) payloadType=0x8001 bytes=23
    01fe80010000000f8098022d5de9f9854f5c87d0100200
[280] AuthorizationRes (OK) payloadType=0x8001 bytes=23
    01fe80010000000f8098022d5de9f9854f5c87d0100200
[281] AuthorizationRes (OK) payloadType=0x8001 bytes=23
    01fe80010000000f8098022d5de9f9854f5c87d0100200
[282] AuthorizationRes (OK) payloadType=0x8001 bytes=23
    01fe80010000000f8098022d5de9f9854f5c87d0100200
[283] AuthorizationRes (OK) payloadType=0x8001 bytes=23
    01fe80010000000f8098022d5de9f9854f5c87d0100200
[284] AuthorizationRes (OK) payloadType=0x8001 bytes=23
    01fe80010000000f8098022d5de9f9854f5c87d0100200
[285] AuthorizationRes (OK) payloadType=0x8001 bytes=23
    01fe80010000000f8098022d5de9f9854f5c87d0100200
[286] AuthorizationRes (OK) payloadType=0x8001 bytes=23
    01fe80010000000f8098022d5de9f9854f5c87d0100200
[287] AuthorizationRes (OK) payloadType=0x8001 bytes=23
    01fe80010000000f8098022d5de9f9854f5c87d0100200
[288] AuthorizationRes (OK) payloadType=0x8001 bytes=23
    01fe80010000000f8098022d5de9f9854f5c87d0100200
[289] AuthorizationRes (OK) payloadType=0x8001 bytes=23
    01fe80010000000f8098022d5de9f9854f5c87d0100200
[290] AuthorizationRes (OK) payloadType=0x8001 bytes=23
    01fe80010000000f8098022d5de9f9854f5c87d0100200
[291] AuthorizationRes (OK) payloadType=0x8001 bytes=23
    01fe80010000000f8098022d5de9f9854f5c87d0100200
[292] AuthorizationRes (OK) payloadType=0x8001 bytes=23
    01fe80010000000f8098022d5de9f9854f5c87d0100200
[293] AuthorizationRes (OK) payloadType=0x8001 bytes=23
    01fe80010000000f8098022d5de9f9854f5c87d0100200
[294] AuthorizationRes (OK) payloadType=0x8001 bytes=23
    01fe80010000000f8098022d5de9f9854f5c87d0100200
[295] AuthorizationRes (OK) payloadType=0x8001 bytes=23
    01fe80010000000f8098022d5de9f9854f5c87d0100200
[296] AuthorizationRes (OK) payloadType=0x8001 bytes=23
    01fe80010000000f8098022d5de9f9854f5c87d0100200
[297] AuthorizationRes (OK) payloadType=0x8001 bytes=23
    01fe80010000000f8098022d5de9f9854f5c87d0100200
[298] AuthorizationRes (OK) payloadType=0x8001 bytes=23
    01fe80010000000f8098022d5de9f9854f5c87d0100200
[299] AuthorizationRes (OK) payloadType=0x8001 bytes=23
    01fe80010000000f8098022d5de9f9854f5c87d0100200
[300] AuthorizationRes (OK) payloadType=0x8001 bytes=23
    01fe80010000000f8098022d5de9f9854f5c87d0100200
[301] AuthorizationRes (OK) payloadType=0x8001 bytes=23
    01fe80010000000f8098022d5de9f9854f5c87d0100200
[302] AuthorizationRes (OK) payloadType=0x8001 bytes=23
    01fe80010000000f8098022d5de9f9854f5c87d0100200
[303] AuthorizationRes (OK) payloadType=0x8001 bytes=23
    01fe80010000000f8098022d5de9f9854f5c87d0100200
[304] AuthorizationRes (OK) payloadType=0x8001 bytes=23
    01fe80010000000f8098022d5de9f9854f5c87d0100200
[305] AuthorizationRes (OK) payloadType=0x8001 bytes=23
    01fe80010000000f8098022d5de9f9854f5c87d0100200
[306] AuthorizationRes (OK) payloadType=0x8001 bytes=23
    01fe80010000000f8098022d5de9f9854f5c87d0100200
[307] AuthorizationRes (OK) payloadType=0x8001 bytes=23
    01fe80010000000f8098022d5de9f9854f5c87d0100200
[308] AuthorizationRes (OK) payloadType=0x8001 bytes=23
    01fe80010000000f8098022d5de9f9854f5c87d0100200
[309] AuthorizationRes (OK) payloadType=0x8001 bytes=23
    01fe80010000000f8098022d5de9f9854f5c87d0100200
[310] AuthorizationRes (OK) payloadType=0x8001 bytes=23
    01fe80010000000f8098022d5de9f9854f5c87d0100200
[311] AuthorizationRes (OK) payloadType=0x8001 bytes=23
    01fe80010000000f8098022d5de9f9854f5c87d0100200
[312] AuthorizationRes (OK) payloadType=0x8001 bytes=23
    01fe80010000000f8098022d5de9f9854f5c87d0100200
[313] AuthorizationRes (OK) payloadType=0x8001 bytes=23
    01fe80010000000f8098022d5de9f9854f5c87d0100200
[314] AuthorizationRes (OK) payloadType=0x8001 bytes=23
    01fe80010000000f8098022d5de9f9854f5c87d0100200
[315] AuthorizationRes (OK) payloadType=0x8001 bytes=23
    01fe80010000000f8098022d5de9f9854f5c87d0100200
[316] AuthorizationRes (OK) payloadType=0x8001 bytes=23
    01fe80010000000f8098022d5de9f9854f5c87d0100200
[317] AuthorizationRes (OK) payloadType=0x8001 bytes=23
    01fe80010000000f8098022d5de9f9854f5c87d0100200
[318] AuthorizationRes (OK) payloadType=0x8001 bytes=23
    01fe80010000000f8098022d5de9f9854f5c87d0100200
[319] AuthorizationRes (OK) payloadType=0x8001 bytes=23
    01fe80010000000f8098022d5de9f9854f5c87d0100200
[320] AuthorizationRes (OK) payloadType=0x8001 bytes=23
    01fe80010000000f8098022d5de9f9854f5c87d0100200
[321] AuthorizationRes (OK) payloadType=0x8001 bytes=23
    01fe80010000000f8098022d5de9f9854f5c87d0100200
[322] AuthorizationRes (OK) payloadType=0x8001 bytes=23
    01fe80010000000f8098022d5de9f9854f5c87d0100200
[323] AuthorizationRes (OK) payloadType=0x8001 bytes=23
    01fe80010000000f8098022d5de9f9854f5c87d0100200
[324] AuthorizationRes (OK) payloadType=0x8001 bytes=23
    01fe80010000000f8098022d5de9f9854f5c87d0100200
[325] AuthorizationRes (OK) payloadType=0x8001 bytes=23
    01fe80010000000f8098022d5de9f9854f5c87d0100200
[326] AuthorizationRes (OK) payloadType=0x8001 bytes=23
    01fe80010000000f8098022d5de9f9854f5c87d0100200
[327] AuthorizationRes (OK) payloadType=0x8001 bytes=23
    01fe80010000000f8098022d5de9f9854f5c87d0100200
[328] AuthorizationRes (OK) payloadType=0x8001 bytes=23
    01fe80010000000f8098022d5de9f9854f5c87d0100200
[329] AuthorizationRes (OK) payloadType=0x8001 bytes=23
    01fe80010000000f8098022d5de9f9854f5c87d0100200
[330] AuthorizationRes (OK) payloadType=0x8001 bytes=23
    01fe80010000000f8098022d5de9f9854f5c87d0100200
[331] AuthorizationRes (OK) payloadType=0x8001 bytes=23
    01fe80010000000f8098022d5de9f9854f5c87d0100200
[332] AuthorizationRes (OK) payloadType=0x8001 bytes=23
    01fe80010000000f8098022d5de9f9854f5c87d0100200
[333] AuthorizationRes (OK) payloadType=0x8001 bytes=23
    01fe80010000000f8098022d5de9f9854f5c87d0100200
[334] AuthorizationRes (OK) payloadType=0x8001 bytes=23
    01fe80010000000f8098022d5de9f9854f5c87d0100200
[335] AuthorizationRes (OK) payloadType=0x8001 bytes=23
    01fe80010000000f8098022d5de9f9854f5c87d0100200
[336] AuthorizationRes (OK) payloadType=0x8001 bytes=23
    01fe80010000000f8098022d5de9f9854f5c87d0100200
[337] AuthorizationRes (OK) payloadType=0x8001 bytes=23
    01fe80010000000f8098022d5de9f9854f5c87d0100200
[338] AuthorizationRes (OK) payloadType=0x8001 bytes=23
    01fe80010000000f8098022d5de9f9854f5c87d0100200
[339] AuthorizationRes (OK) payloadType=0x8001 bytes=23
    01fe80010000000f8098022d5de9f9854f5c87d0100200
[340] AuthorizationRes (OK) payloadType=0x8001 bytes=23
    01fe80010000000f8098022d5de9f9854f5c87d0100200
[341] AuthorizationRes (OK) payloadType=0x8001 bytes=23
    01fe80010000000f8098022d5de9f9854f5c87d0100200
[342] AuthorizationRes (OK) payloadType=0x8001 bytes=23
    01fe80010000000f8098022d5de9f9854f5c87d0100200
[343] AuthorizationRes (OK) payloadType=0x8001 bytes=23
    01fe80010000000f8098022d5de9f9854f5c87d0100200
[344] AuthorizationRes (OK) payloadType=0x8001 bytes=23
    01fe80010000000f8098022d5de9f9854f5c87d0100200
[345] AuthorizationRes (OK) payloadType=0x8001 bytes=23
    01fe80010000000f8098022d5de9f9854f5c87d0100200
[346] AuthorizationRes (OK) payloadType=0x8001 bytes=23
    01fe80010000000f8098022d5de9f9854f5c87d0100200
[347] AuthorizationRes (OK) payloadType=0x8001 bytes=23
    01fe80010000000f8098022d5de9f9854f5c87d0100200
[348] AuthorizationRes (OK) payloadType=0x8001 bytes=23
    01fe80010000000f8098022d5de9f9854f5c87d0100200
[349] AuthorizationRes (OK) payloadType=0x8001 bytes=23
    01fe80010000000f8098022d5de9f9854f5c87d0100200
[350] AuthorizationRes (OK) payloadType=0x8001 bytes=23
    01fe80010000000f8098022d5de9f9854f5c87d0100200
[351] AuthorizationRes (OK) payloadType=0x8001 bytes=23
    01fe80010000000f8098022d5de9f9854f5c87d0100200
[352] AuthorizationRes (OK) payloadType=0x8001 bytes=23
    01fe80010000000f8098022d5de9f9854f5c87d0100200
[353] AuthorizationRes (OK) payloadType=0x8001 bytes=23
    01fe80010000000f8098022d5de9f9854f5c87d0100200
[354] AuthorizationRes (OK) payloadType=0x8001 bytes=23
    01fe80010000000f8098022d5de9f9854f5c87d0100200
[355] AuthorizationRes (OK) payloadType=0x8001 bytes=23
    01fe80010000000f8098022d5de9f9854f5c87d0100200
[356] AuthorizationRes (OK) payloadType=0x8001 bytes=23
    01fe80010000000f8098022d5de9f9854f5c87d0100200
[357] AuthorizationRes (OK) payloadType=0x8001 bytes=23
    01fe80010000000f8098022d5de9f9854f5c87d0100200
[358] AuthorizationRes (OK) payloadType=0x8001 bytes=23
    01fe80010000000f8098022d5de9f9854f5c87d0100200
[359] AuthorizationRes (OK) payloadType=0x8001 bytes=23
    01fe80010000000f8098022d5de9f9854f5c87d0100200
[360] AuthorizationRes (OK) payloadType=0x8001 bytes=23
    01fe80010000000f8098022d5de9f9854f5c87d0100200
[361] AuthorizationRes (OK) payloadType=0x8001 bytes=23
    01fe80010000000f8098022d5de9f9854f5c87d0100200
[362] AuthorizationRes (OK) payloadType=0x8001 bytes=23
    01fe80010000000f8098022d5de9f9854f5c87d0100200
[363] AuthorizationRes (OK) payloadType=0x8001 bytes=23
    01fe80010000000f8098022d5de9f9854f5c87d0100200
[364] AuthorizationRes (OK) payloadType=0x8001 bytes=23
    01fe80010000000f8098022d5de9f9854f5c87d0100200
[365] AuthorizationRes (OK) payloadType=0x8001 bytes=23
    01fe80010000000f8098022d5de9f9854f5c87d0100200
[366] AuthorizationRes (OK) payloadType=0x8001 bytes=23
    01fe80010000000f8098022d5de9f9854f5c87d0100200
[367] AuthorizationRes (OK) payloadType=0x8001 bytes=23
    01fe80010000000f8098022d5de9f9854f5c87d0100200
[368] AuthorizationRes (OK) payloadType=0x8001 bytes=23
    01fe80010000000f8098022d5de9f9854f5c87d0100200
[369] AuthorizationRes (OK) payloadType=0x8001 bytes=23
    01fe80010000000f8098022d5de9f9854f5c87d0100200
[370] AuthorizationRes (OK) payloadType=0x8001 bytes=23
    01fe80010000000f8098022d5de9f9854f5c87d0100200
[371] AuthorizationRes (OK) payloadType=0x8001 bytes=23
    01fe80010000000f8098022d5de9f9854f5c87d0100200
[372] AuthorizationRes (OK) payloadType=0x8001 bytes=23
    01fe80010000000f8098022d5de9f9854f5c87d0100200
[373] AuthorizationRes (OK) payloadType=0x8001 bytes=23
    01fe80010000000f8098022d5de9f9854f5c87d0100200
[374] AuthorizationRes (OK) payloadType=0x8001 bytes=23
    01fe80010000000f8098022d5de9f9854f5c87d0100200
[375] AuthorizationRes (OK) payloadType=0x8001 bytes=23
    01fe80010000000f8098022d5de9f9854f5c87d0100200
[376] AuthorizationRes (OK) payloadType=0x8001 bytes=23
    01fe80010000000f8098022d5de9f9854f5c87d0100200
[377] AuthorizationRes (OK) payloadType=0x8001 bytes=23
    01fe80010000000f8098022d5de9f9854f5c87d0100200
[378] AuthorizationRes (OK) payloadType=0x8001 bytes=23
    01fe80010000000f8098022d5de9f9854f5c87d0100200
[379] AuthorizationRes (OK) payloadType=0x8001 bytes=23
    01fe80010000000f8098022d5de9f9854f5c87d0100200
[380] AuthorizationRes (OK) payloadType=0x8001 bytes=23
    01fe80010000000f8098022d5de9f9854f5c87d0100200
[381] AuthorizationRes (OK) payloadType=0x8001 bytes=23
    01fe80010000000f8098022d5de9f9854f5c87d0100200
[382] AuthorizationRes (OK) payloadType=0x8001 bytes=23
    01fe80010000000f8098022d5de9f9854f5c87d0100200
[383] AuthorizationRes (OK) payloadType=0x8001 bytes=23
    01fe80010000000f8098022d5de9f9854f5c87d0100200
[384] AuthorizationRes (OK) payloadType=0x8001 bytes=23
    01fe80010000000f8098022d5de9f9854f5c87d0100200
[385] AuthorizationRes (OK) payloadType=0x8001 bytes=23
    01fe80010000000f8098022d5de9f9854f5c87d0100200
[386] AuthorizationRes (OK) payloadType=0x8001 bytes=23
    01fe80010000000f8098022d5de9f9854f5c87d0100200
[387] AuthorizationRes (OK) payloadType=0x8001 bytes=23
    01fe80010000000f8098022d5de9f9854f5c87d0100200
[388] AuthorizationRes (OK) payloadType=0x8001 bytes=23
    01fe80010000000f8098022d5de9f9854f5c87d0100200
[389] AuthorizationRes (OK) payloadType=0x8001 bytes=23
    01fe80010000000f8098022d5de9f9854f5c87d0100200
[390] AuthorizationRes (OK) payloadType=0x8001 bytes=23
    01fe80010000000f8098022d5de9f9854f5c87d0100200
[391] AuthorizationRes (OK) payloadType=0x8001 bytes=23
    01fe80010000000f8098022d5de9f9854f5c87d0100200
[392] AuthorizationRes (OK) payloadType=0x8001 bytes=23
    01fe80010000000f8098022d5de9f9854f5c87d0100200
[393] AuthorizationRes (OK) payloadType=0x8001 bytes=23
    01fe80010000000f8098022d5de9f9854f5c87d0100200
[394] AuthorizationRes (OK) payloadType=0x8001 bytes=23
    01fe80010000000f8098022d5de9f9854f5c87d0100200
[395] AuthorizationRes (OK) payloadType=0x8001 bytes=23
    01fe80010000000f8098022d5de9f9854f5c87d0100200
[396] AuthorizationRes (OK) payloadType=0x8001 bytes=23
    01fe80010000000f8098022d5de9f9854f5c87d0100200
[397] AuthorizationRes (OK) payloadType=0x8001 bytes=23
    01fe80010000000f8098022d5de9f9854f5c87d0100200
