# Frames as recorded, per direction. Ordering within a direction is real;
# the two directions are not interleaved, because the recording has no timestamps.

## EV -> station: 309 byte(s), 10 frame(s)
[0] SupportedAppProtocolReq payloadType=0x8001 bytes=45
    01fe8001000000258000f3ab9371d34b9b79d39ba321d34b9b79d189a98989c1d1699181d20a18010000040040
[1] SessionSetupReq payloadType=0x8002 bytes=33
    01fe800200000019808c0400000000000000000bdd5cad30620422ab21a1981880
[2] AuthorizationSetupReq payloadType=0x8002 bytes=25
    01fe800200000011800804075ac159839b4b5d8bed5cad3062
[3] AuthorizationReq payloadType=0x8002 bytes=26
    01fe800200000012800004075ac159839b4b5d8bed5cad306200
[4] ServiceDiscoveryReq payloadType=0x8002 bytes=26
    01fe800200000012807c04075ac159839b4b5d8bed5cad306280
[5] ServiceDetailReq payloadType=0x8002 bytes=27
    01fe800200000013807404075ac159839b4b5d8bed5cad30620080
[6] ServiceSelectionReq payloadType=0x8002 bytes=29
    01fe800200000015808404075ac159839b4b5d8bed5cad306200401080
[7] AC_ChargeParameterDiscoveryReq payloadType=0x8003 bytes=33
    01fe800300000019801004075ac159839b4b5d8bed5cad30620810981122000008
[8] ScheduleExchangeReq payloadType=0x8002 bytes=28
    01fe800200000014806c04075ac159839b4b5d8bed5cad3062000680
[9] PowerDeliveryReq payloadType=0x8002 bytes=37
    01fe80020000001d805404075ac159839b4b5d8bed5cad306200000100420480e041805124

## station -> EV: 635 byte(s), 10 frame(s)
[0] SupportedAppProtocolRes (OK_SuccessfulNegotiation) payloadType=0x8001 bytes=12
    01fe80010000000480400040
[1] SessionSetupRes (OK_NewSessionEstablished) payloadType=0x8002 bytes=43
    01fe800200000023809004075ac159839b4b5d8bdd5cad3062040451114a9413960a914c4c8ccd0d4a8c40
[2] AuthorizationSetupRes (OK) payloadType=0x8002 bytes=28
    01fe800200000014800c04075ac159839b4b5d8bed5cad3062000400
[3] AuthorizationRes (OK) payloadType=0x8002 bytes=27
    01fe800200000013800404075ac159839b4b5d8bed5cad30620000
[4] ServiceDiscoveryRes (OK) payloadType=0x8002 bytes=36
    01fe80020000001c808004075ac159839b4b5d8bed5cad30620000010000400010001405
[5] ServiceDetailRes (OK) payloadType=0x8002 bytes=352
    01fe800200000158807804075ac159839b4b5d8bed5cad30620000400002d0dbdb9b9958dd1bdc980200d436f6e74726f6c4d6f6465601005115594d1539bdb5a5b985b159bdb1d1859d959cc020134d6f62696c6974794e656564734d6f6465600802541c9a58da5b99d800200202d0dbdb9b9958dd1bdc980600d436f6e74726f6c4d6f6465601005115594d1539bdb5a5b985b159bdb1d1859d959cc020134d6f62696c6974794e656564734d6f6465600802541c9a58da5b99d800200402d0dbdb9b9958dd1bdc980200d436f6e74726f6c4d6f6465600805115594d1539bdb5a5b985b159bdb1d1859d959cc020134d6f62696c6974794e656564734d6f6465600802541c9a58da5b99d800200602d0dbdb9b9958dd1bdc980600d436f6e74726f6c4d6f6465600805115594d1539bdb5a5b985b159bdb1d1859d959cc020134d6f62696c6974794e656564734d6f6465600802541c9a58da5b99d80028
[6] ServiceSelectionRes (OK) payloadType=0x8002 bytes=27
    01fe800200000013808804075ac159839b4b5d8bed5cad30620000
[7] AC_ChargeParameterDiscoveryRes (OK) payloadType=0x8003 bytes=40
    01fe800300000020801404075ac159839b4b5d8bed5cad3062000408500891001584043f04413940
[8] ScheduleExchangeRes (OK) payloadType=0x8002 bytes=43
    01fe800200000023807004075ac159839b4b5d8bed5cad3062000400417dab95a60c840518284000012940
[9] PowerDeliveryRes (FAILED_ContactorError) payloadType=0x8002 bytes=27
    01fe800200000013805804075ac159839b4b5d8c1d5cad30622e40
