# Frames as recorded, per direction. Ordering within a direction is real;
# the two directions are not interleaved, because the recording has no timestamps.

## EV -> station: 1729 byte(s), 61 frame(s)
[0] SupportedAppProtocolReq payloadType=0x8001 bytes=45
    01fe8001000000258000f3ab9371d34b9b79d39ba321d34b9b79d189a98989c1d1699181d22218010000040040
[1] SessionSetupReq payloadType=0x8002 bytes=33
    01fe800200000019808c0400000000000000000d1d1cad30620422ab21a1981880
[2] AuthorizationSetupReq payloadType=0x8002 bytes=25
    01fe80020000001180080466b2d7bae3839bab0d1d1cad3062
[3] AuthorizationReq payloadType=0x8002 bytes=26
    01fe80020000001280000466b2d7bae3839bab0d1d1cad306200
[4] ServiceDiscoveryReq payloadType=0x8002 bytes=26
    01fe800200000012807c0466b2d7bae3839bab0d1d1cad306280
[5] ServiceDetailReq payloadType=0x8002 bytes=27
    01fe80020000001380740466b2d7bae3839bab0d1d1cad30620100
[6] ServiceSelectionReq payloadType=0x8002 bytes=29
    01fe80020000001580840466b2d7bae3839bab0d2d1cad306200800080
[7] DC_ChargeParameterDiscoveryReq payloadType=0x8004 bytes=49
    01fe800400000029803c0466b2d7bae3839bab0d2d1cad3062881088270400000200320041000000800f40304001902800
[8] ScheduleExchangeReq payloadType=0x8002 bytes=42
    01fe800200000022806c0466b2d7bae3839bab0d2d1cad30620000901c03c14020c07810607808300a20
[9] DC_CableCheckReq payloadType=0x8004 bytes=25
    01fe800400000011802c0466b2d7bae3839bab0d2d1cad3062
[10] DC_CableCheckReq payloadType=0x8004 bytes=25
    01fe800400000011802c0466b2d7bae3839bab0d2d1cad3062
[11] DC_CableCheckReq payloadType=0x8004 bytes=25
    01fe800400000011802c0466b2d7bae3839bab0d2d1cad3062
[12] DC_CableCheckReq payloadType=0x8004 bytes=25
    01fe800400000011802c0466b2d7bae3839bab0d2d1cad3062
[13] DC_CableCheckReq payloadType=0x8004 bytes=25
    01fe800400000011802c0466b2d7bae3839bab0d2d1cad3062
[14] DC_CableCheckReq payloadType=0x8004 bytes=25
    01fe800400000011802c0466b2d7bae3839bab0d2d1cad3062
[15] DC_CableCheckReq payloadType=0x8004 bytes=25
    01fe800400000011802c0466b2d7bae3839bab0d2d1cad3062
[16] DC_CableCheckReq payloadType=0x8004 bytes=25
    01fe800400000011802c0466b2d7bae3839bab0d3d1cad3062
[17] DC_CableCheckReq payloadType=0x8004 bytes=25
    01fe800400000011802c0466b2d7bae3839bab0d3d1cad3062
[18] DC_CableCheckReq payloadType=0x8004 bytes=25
    01fe800400000011802c0466b2d7bae3839bab0d3d1cad3062
[19] DC_CableCheckReq payloadType=0x8004 bytes=25
    01fe800400000011802c0466b2d7bae3839bab0d3d1cad3062
[20] DC_CableCheckReq payloadType=0x8004 bytes=25
    01fe800400000011802c0466b2d7bae3839bab0d3d1cad3062
[21] DC_CableCheckReq payloadType=0x8004 bytes=25
    01fe800400000011802c0466b2d7bae3839bab0d3d1cad3062
[22] DC_CableCheckReq payloadType=0x8004 bytes=25
    01fe800400000011802c0466b2d7bae3839bab0d3d1cad3062
[23] DC_CableCheckReq payloadType=0x8004 bytes=25
    01fe800400000011802c0466b2d7bae3839bab0d3d1cad3062
[24] DC_CableCheckReq payloadType=0x8004 bytes=25
    01fe800400000011802c0466b2d7bae3839bab0d3d1cad3062
[25] DC_CableCheckReq payloadType=0x8004 bytes=25
    01fe800400000011802c0466b2d7bae3839bab0d3d1cad3062
[26] DC_CableCheckReq payloadType=0x8004 bytes=25
    01fe800400000011802c0466b2d7bae3839bab0d4d1cad3062
[27] DC_CableCheckReq payloadType=0x8004 bytes=25
    01fe800400000011802c0466b2d7bae3839bab0d4d1cad3062
[28] DC_CableCheckReq payloadType=0x8004 bytes=25
    01fe800400000011802c0466b2d7bae3839bab0d4d1cad3062
[29] DC_CableCheckReq payloadType=0x8004 bytes=25
    01fe800400000011802c0466b2d7bae3839bab0d4d1cad3062
[30] DC_CableCheckReq payloadType=0x8004 bytes=25
    01fe800400000011802c0466b2d7bae3839bab0d4d1cad3062
[31] DC_CableCheckReq payloadType=0x8004 bytes=25
    01fe800400000011802c0466b2d7bae3839bab0d4d1cad3062
[32] DC_CableCheckReq payloadType=0x8004 bytes=25
    01fe800400000011802c0466b2d7bae3839bab0d4d1cad3062
[33] DC_CableCheckReq payloadType=0x8004 bytes=25
    01fe800400000011802c0466b2d7bae3839bab0d4d1cad3062
[34] DC_CableCheckReq payloadType=0x8004 bytes=25
    01fe800400000011802c0466b2d7bae3839bab0d4d1cad3062
[35] DC_CableCheckReq payloadType=0x8004 bytes=25
    01fe800400000011802c0466b2d7bae3839bab0d4d1cad3062
[36] DC_CableCheckReq payloadType=0x8004 bytes=25
    01fe800400000011802c0466b2d7bae3839bab0d5d1cad3062
[37] DC_CableCheckReq payloadType=0x8004 bytes=25
    01fe800400000011802c0466b2d7bae3839bab0d5d1cad3062
[38] DC_CableCheckReq payloadType=0x8004 bytes=25
    01fe800400000011802c0466b2d7bae3839bab0d5d1cad3062
[39] DC_CableCheckReq payloadType=0x8004 bytes=25
    01fe800400000011802c0466b2d7bae3839bab0d5d1cad3062
[40] DC_CableCheckReq payloadType=0x8004 bytes=25
    01fe800400000011802c0466b2d7bae3839bab0d5d1cad3062
[41] DC_CableCheckReq payloadType=0x8004 bytes=25
    01fe800400000011802c0466b2d7bae3839bab0d5d1cad3062
[42] DC_CableCheckReq payloadType=0x8004 bytes=25
    01fe800400000011802c0466b2d7bae3839bab0d5d1cad3062
[43] DC_CableCheckReq payloadType=0x8004 bytes=25
    01fe800400000011802c0466b2d7bae3839bab0d5d1cad3062
[44] DC_CableCheckReq payloadType=0x8004 bytes=25
    01fe800400000011802c0466b2d7bae3839bab0d5d1cad3062
[45] DC_CableCheckReq payloadType=0x8004 bytes=25
    01fe800400000011802c0466b2d7bae3839bab0d5d1cad3062
[46] DC_CableCheckReq payloadType=0x8004 bytes=25
    01fe800400000011802c0466b2d7bae3839bab0d6d1cad3062
[47] DC_CableCheckReq payloadType=0x8004 bytes=25
    01fe800400000011802c0466b2d7bae3839bab0d6d1cad3062
[48] DC_CableCheckReq payloadType=0x8004 bytes=25
    01fe800400000011802c0466b2d7bae3839bab0d6d1cad3062
[49] DC_CableCheckReq payloadType=0x8004 bytes=25
    01fe800400000011802c0466b2d7bae3839bab0d6d1cad3062
[50] DC_CableCheckReq payloadType=0x8004 bytes=25
    01fe800400000011802c0466b2d7bae3839bab0d6d1cad3062
[51] DC_CableCheckReq payloadType=0x8004 bytes=25
    01fe800400000011802c0466b2d7bae3839bab0d6d1cad3062
[52] DC_CableCheckReq payloadType=0x8004 bytes=25
    01fe800400000011802c0466b2d7bae3839bab0d6d1cad3062
[53] DC_PreChargeReq payloadType=0x8004 bytes=33
    01fe80040000001980440466b2d7bae3839bab0d6d1cad30620100000080090030
[54] PowerDeliveryReq payloadType=0x8002 bytes=35
    01fe80020000001b80540466b2d7bae3839bab0d6d1cad30620000000480e041805124
[55] DC_ChargeLoopReq payloadType=0x8004 bytes=60
    01fe80040000003480340466b2d7bae3839bab0d6d1cad306281001200631203810603c08303c041805020c0c810600208007d04007a018200320040
[56] DC_ChargeLoopReq payloadType=0x8004 bytes=60
    01fe80040000003480340466b2d7bae3839bab0d7d1cad306281001200631203810603c08303c041805020c0c810600208007d04007a018200320040
[57] DC_ChargeLoopReq payloadType=0x8004 bytes=60
    01fe80040000003480340466b2d7bae3839bab0d7d1cad306281001200631203810603c08303c041805020c0c810600208007d04007a018200320040
[58] PowerDeliveryReq payloadType=0x8002 bytes=27
    01fe80020000001380540466b2d7bae3839bab0d7d1cad30620140
[59] DC_WeldingDetectionReq payloadType=0x8004 bytes=26
    01fe800400000012804c0466b2d7bae3839bab0d7d1cad306200
[60] SessionStopReq payloadType=0x8002 bytes=26
    01fe80020000001280940466b2d7bae3839bab0d7d1cad306228

## station -> EV: 1882 byte(s), 61 frame(s)
[0] SupportedAppProtocolRes (OK_SuccessfulNegotiation) payloadType=0x8001 bytes=12
    01fe80010000000480400040
[1] SessionSetupRes (OK_NewSessionEstablished) payloadType=0x8002 bytes=43
    01fe80020000002380900466b2d7bae3839bab0d1d1cad3062040451114a9413960a914c4c8ccd0d4a8c40
[2] AuthorizationSetupRes (OK) payloadType=0x8002 bytes=28
    01fe800200000014800c0466b2d7bae3839bab0d1d1cad3062000400
[3] AuthorizationRes (OK) payloadType=0x8002 bytes=27
    01fe80020000001380040466b2d7bae3839bab0d1d1cad30620000
[4] ServiceDiscoveryRes (OK) payloadType=0x8002 bytes=32
    01fe80020000001880800466b2d7bae3839bab0d1d1cad306200000200018050
[5] ServiceDetailRes (OK) payloadType=0x8002 bytes=146
    01fe80020000008a80780466b2d7bae3839bab0d1d1cad30620000800002d0dbdb9b9958dd1bdc980400d436f6e74726f6c4d6f6465601004d35bd89a5b1a5d1e539959591cd35bd919580200950726963696e67600080080b436f6e6e6563746f7260100350dbdb9d1c9bdb135bd91958020134d6f62696c6974794e656564734d6f6465600802541c9a58da5b99d800280
[6] ServiceSelectionRes (OK) payloadType=0x8002 bytes=27
    01fe80020000001380880466b2d7bae3839bab0d2d1cad30620000
[7] DC_ChargeParameterDiscoveryRes (OK) payloadType=0x8004 bytes=52
    01fe80040000002c80400466b2d7bae3839bab0d2d1cad30620044106e0581fc3403c0fe1a01e07d0e80703f8542301fc3403c40
[8] ScheduleExchangeRes (OK) payloadType=0x8002 bytes=28
    01fe80020000001480700466b2d7bae3839bab0d2d1cad3062000340
[9] DC_CableCheckRes (OK) payloadType=0x8004 bytes=27
    01fe80040000001380300466b2d7bae3839bab0d2d1cad30620010
[10] DC_CableCheckRes (OK) payloadType=0x8004 bytes=27
    01fe80040000001380300466b2d7bae3839bab0d2d1cad30620010
[11] DC_CableCheckRes (OK) payloadType=0x8004 bytes=27
    01fe80040000001380300466b2d7bae3839bab0d2d1cad30620010
[12] DC_CableCheckRes (OK) payloadType=0x8004 bytes=27
    01fe80040000001380300466b2d7bae3839bab0d2d1cad30620010
[13] DC_CableCheckRes (OK) payloadType=0x8004 bytes=27
    01fe80040000001380300466b2d7bae3839bab0d2d1cad30620010
[14] DC_CableCheckRes (OK) payloadType=0x8004 bytes=27
    01fe80040000001380300466b2d7bae3839bab0d2d1cad30620010
[15] DC_CableCheckRes (OK) payloadType=0x8004 bytes=27
    01fe80040000001380300466b2d7bae3839bab0d2d1cad30620010
[16] DC_CableCheckRes (OK) payloadType=0x8004 bytes=27
    01fe80040000001380300466b2d7bae3839bab0d3d1cad30620010
[17] DC_CableCheckRes (OK) payloadType=0x8004 bytes=27
    01fe80040000001380300466b2d7bae3839bab0d3d1cad30620010
[18] DC_CableCheckRes (OK) payloadType=0x8004 bytes=27
    01fe80040000001380300466b2d7bae3839bab0d3d1cad30620010
[19] DC_CableCheckRes (OK) payloadType=0x8004 bytes=27
    01fe80040000001380300466b2d7bae3839bab0d3d1cad30620010
[20] DC_CableCheckRes (OK) payloadType=0x8004 bytes=27
    01fe80040000001380300466b2d7bae3839bab0d3d1cad30620010
[21] DC_CableCheckRes (OK) payloadType=0x8004 bytes=27
    01fe80040000001380300466b2d7bae3839bab0d3d1cad30620010
[22] DC_CableCheckRes (OK) payloadType=0x8004 bytes=27
    01fe80040000001380300466b2d7bae3839bab0d3d1cad30620010
[23] DC_CableCheckRes (OK) payloadType=0x8004 bytes=27
    01fe80040000001380300466b2d7bae3839bab0d3d1cad30620010
[24] DC_CableCheckRes (OK) payloadType=0x8004 bytes=27
    01fe80040000001380300466b2d7bae3839bab0d3d1cad30620010
[25] DC_CableCheckRes (OK) payloadType=0x8004 bytes=27
    01fe80040000001380300466b2d7bae3839bab0d3d1cad30620010
[26] DC_CableCheckRes (OK) payloadType=0x8004 bytes=27
    01fe80040000001380300466b2d7bae3839bab0d4d1cad30620010
[27] DC_CableCheckRes (OK) payloadType=0x8004 bytes=27
    01fe80040000001380300466b2d7bae3839bab0d4d1cad30620010
[28] DC_CableCheckRes (OK) payloadType=0x8004 bytes=27
    01fe80040000001380300466b2d7bae3839bab0d4d1cad30620010
[29] DC_CableCheckRes (OK) payloadType=0x8004 bytes=27
    01fe80040000001380300466b2d7bae3839bab0d4d1cad30620010
[30] DC_CableCheckRes (OK) payloadType=0x8004 bytes=27
    01fe80040000001380300466b2d7bae3839bab0d4d1cad30620010
[31] DC_CableCheckRes (OK) payloadType=0x8004 bytes=27
    01fe80040000001380300466b2d7bae3839bab0d4d1cad30620010
[32] DC_CableCheckRes (OK) payloadType=0x8004 bytes=27
    01fe80040000001380300466b2d7bae3839bab0d4d1cad30620010
[33] DC_CableCheckRes (OK) payloadType=0x8004 bytes=27
    01fe80040000001380300466b2d7bae3839bab0d4d1cad30620010
[34] DC_CableCheckRes (OK) payloadType=0x8004 bytes=27
    01fe80040000001380300466b2d7bae3839bab0d4d1cad30620010
[35] DC_CableCheckRes (OK) payloadType=0x8004 bytes=27
    01fe80040000001380300466b2d7bae3839bab0d4d1cad30620010
[36] DC_CableCheckRes (OK) payloadType=0x8004 bytes=27
    01fe80040000001380300466b2d7bae3839bab0d5d1cad30620010
[37] DC_CableCheckRes (OK) payloadType=0x8004 bytes=27
    01fe80040000001380300466b2d7bae3839bab0d5d1cad30620010
[38] DC_CableCheckRes (OK) payloadType=0x8004 bytes=27
    01fe80040000001380300466b2d7bae3839bab0d5d1cad30620010
[39] DC_CableCheckRes (OK) payloadType=0x8004 bytes=27
    01fe80040000001380300466b2d7bae3839bab0d5d1cad30620010
[40] DC_CableCheckRes (OK) payloadType=0x8004 bytes=27
    01fe80040000001380300466b2d7bae3839bab0d5d1cad30620010
[41] DC_CableCheckRes (OK) payloadType=0x8004 bytes=27
    01fe80040000001380300466b2d7bae3839bab0d5d1cad30620010
[42] DC_CableCheckRes (OK) payloadType=0x8004 bytes=27
    01fe80040000001380300466b2d7bae3839bab0d5d1cad30620010
[43] DC_CableCheckRes (OK) payloadType=0x8004 bytes=27
    01fe80040000001380300466b2d7bae3839bab0d5d1cad30620010
[44] DC_CableCheckRes (OK) payloadType=0x8004 bytes=27
    01fe80040000001380300466b2d7bae3839bab0d5d1cad30620010
[45] DC_CableCheckRes (OK) payloadType=0x8004 bytes=27
    01fe80040000001380300466b2d7bae3839bab0d5d1cad30620010
[46] DC_CableCheckRes (OK) payloadType=0x8004 bytes=27
    01fe80040000001380300466b2d7bae3839bab0d6d1cad30620010
[47] DC_CableCheckRes (OK) payloadType=0x8004 bytes=27
    01fe80040000001380300466b2d7bae3839bab0d6d1cad30620010
[48] DC_CableCheckRes (OK) payloadType=0x8004 bytes=27
    01fe80040000001380300466b2d7bae3839bab0d6d1cad30620010
[49] DC_CableCheckRes (OK) payloadType=0x8004 bytes=27
    01fe80040000001380300466b2d7bae3839bab0d6d1cad30620010
[50] DC_CableCheckRes (OK) payloadType=0x8004 bytes=27
    01fe80040000001380300466b2d7bae3839bab0d6d1cad30620010
[51] DC_CableCheckRes (OK) payloadType=0x8004 bytes=27
    01fe80040000001380300466b2d7bae3839bab0d6d1cad30620010
[52] DC_CableCheckRes (OK) payloadType=0x8004 bytes=27
    01fe80040000001380300466b2d7bae3839bab0d6d1cad30620000
[53] DC_PreChargeRes (OK) payloadType=0x8004 bytes=30
    01fe80040000001680480466b2d7bae3839bab0d6d1cad30620010000000
[54] PowerDeliveryRes (OK) payloadType=0x8002 bytes=27
    01fe80020000001380580466b2d7bae3839bab0d6d1cad30620040
[55] DC_ChargeLoopRes (OK) payloadType=0x8004 bytes=52
    01fe80040000002c80380466b2d7bae3839bab0d6d1cad306200640000020000000070810a01103f8680781f8240ac0fe1508c00
[56] DC_ChargeLoopRes (OK) payloadType=0x8004 bytes=52
    01fe80040000002c80380466b2d7bae3839bab0d7d1cad306200640000020000000070810a01103f8680781f8240ac0fe1508c00
[57] DC_ChargeLoopRes (OK) payloadType=0x8004 bytes=54
    01fe80040000002e80380466b2d7bae3839bab0d7d1cad30620063e8740381fc2807c00070810a01103f8680781f8240ac0fe1508c00
[58] PowerDeliveryRes (OK) payloadType=0x8002 bytes=27
    01fe80020000001380580466b2d7bae3839bab0d7d1cad30620040
[59] DC_WeldingDetectionRes (OK) payloadType=0x8004 bytes=30
    01fe80040000001680500466b2d7bae3839bab0d7d1cad30620010000000
[60] SessionStopRes (OK) payloadType=0x8002 bytes=27
    01fe80020000001380980466b2d7bae3839bab0d7d1cad30620000
