# Frames as recorded, per direction. Ordering within a direction is real;
# the two directions are not interleaved, because the recording has no timestamps.

## EV -> station: 1560 byte(s), 56 frame(s)
[0] SupportedAppProtocolReq payloadType=0x8001 bytes=79
    01fe8001000000478000ebab9371d34b9b79d189a98989c1d191d191818999d26b9b3a232b30020000040001e75726e3a69736f3a7374643a69736f3a31353131383a2d32303a44430020000100880
[1] SessionSetupReq payloadType=0x8002 bytes=33
    01fe800200000019808c0400000000000000000fed3cad30620422ab21a1981880
[2] AuthorizationSetupReq payloadType=0x8002 bytes=25
    01fe800200000011800804573dedb973fdc6d08fed3cad3062
[3] AuthorizationReq payloadType=0x8002 bytes=26
    01fe800200000012800004573dedb973fdc6d08fed3cad306200
[4] ServiceDiscoveryReq payloadType=0x8002 bytes=26
    01fe800200000012807c04573dedb973fdc6d08fed3cad306280
[5] ServiceDetailReq payloadType=0x8002 bytes=27
    01fe800200000013807404573dedb973fdc6d08fed3cad30620100
[6] ServiceSelectionReq payloadType=0x8002 bytes=29
    01fe800200000015808404573dedb973fdc6d08ffd3cad306200800880
[7] DC_ChargeParameterDiscoveryReq payloadType=0x8004 bytes=49
    01fe800400000029803c04573dedb973fdc6d08ffd3cad3062881088270400000200320041000000800f40304001902800
[8] ScheduleExchangeReq payloadType=0x8002 bytes=28
    01fe800200000014806c04573dedb973fdc6d08ffd3cad3062000680
[9] DC_CableCheckReq payloadType=0x8004 bytes=25
    01fe800400000011802c04573dedb973fdc6d08ffd3cad3062
[10] DC_CableCheckReq payloadType=0x8004 bytes=25
    01fe800400000011802c04573dedb973fdc6d08ffd3cad3062
[11] DC_CableCheckReq payloadType=0x8004 bytes=25
    01fe800400000011802c04573dedb973fdc6d08ffd3cad3062
[12] DC_CableCheckReq payloadType=0x8004 bytes=25
    01fe800400000011802c04573dedb973fdc6d08ffd3cad3062
[13] DC_CableCheckReq payloadType=0x8004 bytes=25
    01fe800400000011802c04573dedb973fdc6d08ffd3cad3062
[14] DC_CableCheckReq payloadType=0x8004 bytes=25
    01fe800400000011802c04573dedb973fdc6d08ffd3cad3062
[15] DC_CableCheckReq payloadType=0x8004 bytes=25
    01fe800400000011802c04573dedb973fdc6d0880d4cad3062
[16] DC_CableCheckReq payloadType=0x8004 bytes=25
    01fe800400000011802c04573dedb973fdc6d0880d4cad3062
[17] DC_CableCheckReq payloadType=0x8004 bytes=25
    01fe800400000011802c04573dedb973fdc6d0880d4cad3062
[18] DC_CableCheckReq payloadType=0x8004 bytes=25
    01fe800400000011802c04573dedb973fdc6d0880d4cad3062
[19] DC_CableCheckReq payloadType=0x8004 bytes=25
    01fe800400000011802c04573dedb973fdc6d0880d4cad3062
[20] DC_CableCheckReq payloadType=0x8004 bytes=25
    01fe800400000011802c04573dedb973fdc6d0880d4cad3062
[21] DC_CableCheckReq payloadType=0x8004 bytes=25
    01fe800400000011802c04573dedb973fdc6d0880d4cad3062
[22] DC_CableCheckReq payloadType=0x8004 bytes=25
    01fe800400000011802c04573dedb973fdc6d0880d4cad3062
[23] DC_CableCheckReq payloadType=0x8004 bytes=25
    01fe800400000011802c04573dedb973fdc6d0880d4cad3062
[24] DC_CableCheckReq payloadType=0x8004 bytes=25
    01fe800400000011802c04573dedb973fdc6d0880d4cad3062
[25] DC_CableCheckReq payloadType=0x8004 bytes=25
    01fe800400000011802c04573dedb973fdc6d0881d4cad3062
[26] DC_CableCheckReq payloadType=0x8004 bytes=25
    01fe800400000011802c04573dedb973fdc6d0881d4cad3062
[27] DC_CableCheckReq payloadType=0x8004 bytes=25
    01fe800400000011802c04573dedb973fdc6d0881d4cad3062
[28] DC_CableCheckReq payloadType=0x8004 bytes=25
    01fe800400000011802c04573dedb973fdc6d0881d4cad3062
[29] DC_CableCheckReq payloadType=0x8004 bytes=25
    01fe800400000011802c04573dedb973fdc6d0881d4cad3062
[30] DC_CableCheckReq payloadType=0x8004 bytes=25
    01fe800400000011802c04573dedb973fdc6d0881d4cad3062
[31] DC_CableCheckReq payloadType=0x8004 bytes=25
    01fe800400000011802c04573dedb973fdc6d0881d4cad3062
[32] DC_CableCheckReq payloadType=0x8004 bytes=25
    01fe800400000011802c04573dedb973fdc6d0881d4cad3062
[33] DC_CableCheckReq payloadType=0x8004 bytes=25
    01fe800400000011802c04573dedb973fdc6d0881d4cad3062
[34] DC_CableCheckReq payloadType=0x8004 bytes=25
    01fe800400000011802c04573dedb973fdc6d0881d4cad3062
[35] DC_CableCheckReq payloadType=0x8004 bytes=25
    01fe800400000011802c04573dedb973fdc6d0882d4cad3062
[36] DC_CableCheckReq payloadType=0x8004 bytes=25
    01fe800400000011802c04573dedb973fdc6d0882d4cad3062
[37] DC_CableCheckReq payloadType=0x8004 bytes=25
    01fe800400000011802c04573dedb973fdc6d0882d4cad3062
[38] DC_CableCheckReq payloadType=0x8004 bytes=25
    01fe800400000011802c04573dedb973fdc6d0882d4cad3062
[39] DC_CableCheckReq payloadType=0x8004 bytes=25
    01fe800400000011802c04573dedb973fdc6d0882d4cad3062
[40] DC_CableCheckReq payloadType=0x8004 bytes=25
    01fe800400000011802c04573dedb973fdc6d0882d4cad3062
[41] DC_CableCheckReq payloadType=0x8004 bytes=25
    01fe800400000011802c04573dedb973fdc6d0882d4cad3062
[42] DC_CableCheckReq payloadType=0x8004 bytes=25
    01fe800400000011802c04573dedb973fdc6d0882d4cad3062
[43] DC_CableCheckReq payloadType=0x8004 bytes=25
    01fe800400000011802c04573dedb973fdc6d0882d4cad3062
[44] DC_CableCheckReq payloadType=0x8004 bytes=25
    01fe800400000011802c04573dedb973fdc6d0882d4cad3062
[45] DC_CableCheckReq payloadType=0x8004 bytes=25
    01fe800400000011802c04573dedb973fdc6d0883d4cad3062
[46] DC_CableCheckReq payloadType=0x8004 bytes=25
    01fe800400000011802c04573dedb973fdc6d0883d4cad3062
[47] DC_CableCheckReq payloadType=0x8004 bytes=25
    01fe800400000011802c04573dedb973fdc6d0883d4cad3062
[48] DC_PreChargeReq payloadType=0x8004 bytes=33
    01fe800400000019804404573dedb973fdc6d0883d4cad30620100000080090030
[49] PowerDeliveryReq payloadType=0x8002 bytes=37
    01fe80020000001d805404573dedb973fdc6d0883d4cad306200000100420480e041805124
[50] DC_ChargeLoopReq payloadType=0x8004 bytes=38
    01fe80040000001e803404573dedb973fdc6d0883d4cad3062810012006464003c02002400ca
[51] DC_ChargeLoopReq payloadType=0x8004 bytes=38
    01fe80040000001e803404573dedb973fdc6d0883d4cad3062810012006464003c02002400ca
[52] DC_ChargeLoopReq payloadType=0x8004 bytes=38
    01fe80040000001e803404573dedb973fdc6d0883d4cad3062810012006464003c02002400ca
[53] PowerDeliveryReq payloadType=0x8002 bytes=27
    01fe800200000013805404573dedb973fdc6d0883d4cad30620140
[54] DC_WeldingDetectionReq payloadType=0x8004 bytes=26
    01fe800400000012804c04573dedb973fdc6d0883d4cad306200
[55] SessionStopReq payloadType=0x8002 bytes=26
    01fe800200000012809404573dedb973fdc6d0883d4cad306228

## station -> EV: 1761 byte(s), 56 frame(s)
[0] SupportedAppProtocolRes (OK_SuccessfulNegotiation) payloadType=0x8001 bytes=12
    01fe80010000000480400080
[1] SessionSetupRes (OK_NewSessionEstablished) payloadType=0x8002 bytes=43
    01fe800200000023809004573dedb973fdc6d08fed3cad3062040451114a9413960a914c4c8ccd0d4a8c40
[2] AuthorizationSetupRes (OK) payloadType=0x8002 bytes=28
    01fe800200000014800c04573dedb973fdc6d08fed3cad3062000500
[3] AuthorizationRes (OK) payloadType=0x8002 bytes=27
    01fe800200000013800404573dedb973fdc6d08fed3cad30620000
[4] ServiceDiscoveryRes (OK) payloadType=0x8002 bytes=32
    01fe800200000018808004573dedb973fdc6d08fed3cad306200000200018050
[5] ServiceDetailRes (OK) payloadType=0x8002 bytes=146
    01fe80020000008a807804573dedb973fdc6d08fed3cad30620000800002d0dbdb9b9958dd1bdc980400d436f6e74726f6c4d6f6465601004d35bd89a5b1a5d1e539959591cd35bd919580200950726963696e67600080080b436f6e6e6563746f7260100350dbdb9d1c9bdb135bd91958020134d6f62696c6974794e656564734d6f6465600802541c9a58da5b99d800280
[6] ServiceSelectionRes (OK) payloadType=0x8002 bytes=27
    01fe800200000013808804573dedb973fdc6d08ffd3cad30620000
[7] DC_ChargeParameterDiscoveryRes (OK) payloadType=0x8004 bytes=52
    01fe80040000002c804004573dedb973fdc6d08ffd3cad30620044106e0581fc3403c0fe1a01e07d0e80703f8542301fc3403c40
[8] ScheduleExchangeRes (OK) payloadType=0x8002 bytes=44
    01fe800200000024807004573dedb973fdc6d08ffd3cad306200040041ffa795a60c84051828408500892940
[9] DC_CableCheckRes (OK) payloadType=0x8004 bytes=27
    01fe800400000013803004573dedb973fdc6d08ffd3cad30620010
[10] DC_CableCheckRes (OK) payloadType=0x8004 bytes=27
    01fe800400000013803004573dedb973fdc6d08ffd3cad30620010
[11] DC_CableCheckRes (OK) payloadType=0x8004 bytes=27
    01fe800400000013803004573dedb973fdc6d08ffd3cad30620010
[12] DC_CableCheckRes (OK) payloadType=0x8004 bytes=27
    01fe800400000013803004573dedb973fdc6d08ffd3cad30620010
[13] DC_CableCheckRes (OK) payloadType=0x8004 bytes=27
    01fe800400000013803004573dedb973fdc6d08ffd3cad30620010
[14] DC_CableCheckRes (OK) payloadType=0x8004 bytes=27
    01fe800400000013803004573dedb973fdc6d08ffd3cad30620010
[15] DC_CableCheckRes (OK) payloadType=0x8004 bytes=27
    01fe800400000013803004573dedb973fdc6d0880d4cad30620010
[16] DC_CableCheckRes (OK) payloadType=0x8004 bytes=27
    01fe800400000013803004573dedb973fdc6d0880d4cad30620010
[17] DC_CableCheckRes (OK) payloadType=0x8004 bytes=27
    01fe800400000013803004573dedb973fdc6d0880d4cad30620010
[18] DC_CableCheckRes (OK) payloadType=0x8004 bytes=27
    01fe800400000013803004573dedb973fdc6d0880d4cad30620010
[19] DC_CableCheckRes (OK) payloadType=0x8004 bytes=27
    01fe800400000013803004573dedb973fdc6d0880d4cad30620010
[20] DC_CableCheckRes (OK) payloadType=0x8004 bytes=27
    01fe800400000013803004573dedb973fdc6d0880d4cad30620010
[21] DC_CableCheckRes (OK) payloadType=0x8004 bytes=27
    01fe800400000013803004573dedb973fdc6d0880d4cad30620010
[22] DC_CableCheckRes (OK) payloadType=0x8004 bytes=27
    01fe800400000013803004573dedb973fdc6d0880d4cad30620010
[23] DC_CableCheckRes (OK) payloadType=0x8004 bytes=27
    01fe800400000013803004573dedb973fdc6d0880d4cad30620010
[24] DC_CableCheckRes (OK) payloadType=0x8004 bytes=27
    01fe800400000013803004573dedb973fdc6d0880d4cad30620010
[25] DC_CableCheckRes (OK) payloadType=0x8004 bytes=27
    01fe800400000013803004573dedb973fdc6d0881d4cad30620010
[26] DC_CableCheckRes (OK) payloadType=0x8004 bytes=27
    01fe800400000013803004573dedb973fdc6d0881d4cad30620010
[27] DC_CableCheckRes (OK) payloadType=0x8004 bytes=27
    01fe800400000013803004573dedb973fdc6d0881d4cad30620010
[28] DC_CableCheckRes (OK) payloadType=0x8004 bytes=27
    01fe800400000013803004573dedb973fdc6d0881d4cad30620010
[29] DC_CableCheckRes (OK) payloadType=0x8004 bytes=27
    01fe800400000013803004573dedb973fdc6d0881d4cad30620010
[30] DC_CableCheckRes (OK) payloadType=0x8004 bytes=27
    01fe800400000013803004573dedb973fdc6d0881d4cad30620010
[31] DC_CableCheckRes (OK) payloadType=0x8004 bytes=27
    01fe800400000013803004573dedb973fdc6d0881d4cad30620010
[32] DC_CableCheckRes (OK) payloadType=0x8004 bytes=27
    01fe800400000013803004573dedb973fdc6d0881d4cad30620010
[33] DC_CableCheckRes (OK) payloadType=0x8004 bytes=27
    01fe800400000013803004573dedb973fdc6d0881d4cad30620010
[34] DC_CableCheckRes (OK) payloadType=0x8004 bytes=27
    01fe800400000013803004573dedb973fdc6d0881d4cad30620010
[35] DC_CableCheckRes (OK) payloadType=0x8004 bytes=27
    01fe800400000013803004573dedb973fdc6d0882d4cad30620010
[36] DC_CableCheckRes (OK) payloadType=0x8004 bytes=27
    01fe800400000013803004573dedb973fdc6d0882d4cad30620010
[37] DC_CableCheckRes (OK) payloadType=0x8004 bytes=27
    01fe800400000013803004573dedb973fdc6d0882d4cad30620010
[38] DC_CableCheckRes (OK) payloadType=0x8004 bytes=27
    01fe800400000013803004573dedb973fdc6d0882d4cad30620010
[39] DC_CableCheckRes (OK) payloadType=0x8004 bytes=27
    01fe800400000013803004573dedb973fdc6d0882d4cad30620010
[40] DC_CableCheckRes (OK) payloadType=0x8004 bytes=27
    01fe800400000013803004573dedb973fdc6d0882d4cad30620010
[41] DC_CableCheckRes (OK) payloadType=0x8004 bytes=27
    01fe800400000013803004573dedb973fdc6d0882d4cad30620010
[42] DC_CableCheckRes (OK) payloadType=0x8004 bytes=27
    01fe800400000013803004573dedb973fdc6d0882d4cad30620010
[43] DC_CableCheckRes (OK) payloadType=0x8004 bytes=27
    01fe800400000013803004573dedb973fdc6d0882d4cad30620010
[44] DC_CableCheckRes (OK) payloadType=0x8004 bytes=27
    01fe800400000013803004573dedb973fdc6d0882d4cad30620010
[45] DC_CableCheckRes (OK) payloadType=0x8004 bytes=27
    01fe800400000013803004573dedb973fdc6d0883d4cad30620010
[46] DC_CableCheckRes (OK) payloadType=0x8004 bytes=27
    01fe800400000013803004573dedb973fdc6d0883d4cad30620010
[47] DC_CableCheckRes (OK) payloadType=0x8004 bytes=27
    01fe800400000013803004573dedb973fdc6d0883d4cad30620000
[48] DC_PreChargeRes (OK) payloadType=0x8004 bytes=30
    01fe800400000016804804573dedb973fdc6d0883d4cad30620010000000
[49] PowerDeliveryRes (OK) payloadType=0x8002 bytes=27
    01fe800200000013805804573dedb973fdc6d0883d4cad30620040
[50] DC_ChargeLoopRes (OK) payloadType=0x8004 bytes=52
    01fe80040000002c803804573dedb973fdc6d0883d4cad306200640000020000000080810a01100fe1a01e03f8680780fe1508c0
[51] DC_ChargeLoopRes (OK) payloadType=0x8004 bytes=52
    01fe80040000002c803804573dedb973fdc6d0883d4cad306200640000020000000080810a01100fe1a01e03f8680780fe1508c0
[52] DC_ChargeLoopRes (OK) payloadType=0x8004 bytes=52
    01fe80040000002c803804573dedb973fdc6d0883d4cad306200640000020000000080810a01100fe1a01e03f0481580fe1508c0
[53] PowerDeliveryRes (OK) payloadType=0x8002 bytes=27
    01fe800200000013805804573dedb973fdc6d0883d4cad30620040
[54] DC_WeldingDetectionRes (OK) payloadType=0x8004 bytes=30
    01fe800400000016805004573dedb973fdc6d0883d4cad30620010000000
[55] SessionStopRes (OK) payloadType=0x8002 bytes=27
    01fe800200000013809804573dedb973fdc6d0883d4cad30620000
