2026-08-05 05:26:45.150902 [[1;37mINFO[0m] [1;32mmanager        [0m [1;36m[0m [1;30m:[0m[1;32m[0m:   [0;1;35;95m_[0;1;31;91m__[0;1;33;93m__[0;1;32;92m__[0;1;36;96m_[0m      [0;1;31;91m_[0;1;33;93m_[0m                [0;1;36;96m_[0m   
2026-08-05 05:26:45.151115 [[1;37mINFO[0m] [1;32mmanager        [0m [1;36m[0m [1;30m:[0m[1;32m[0m:  [0;1;31;91m|[0m  [0;1;33;93m_[0;1;32;92m__[0;1;36;96m_\[0m [0;1;34;94m\[0m    [0;1;33;93m/[0m [0;1;32;92m/[0m               [0;1;34;94m|[0m [0;1;35;95m|[0m
2026-08-05 05:26:45.151125 [[1;37mINFO[0m] [1;32mmanager        [0m [1;36m[0m [1;30m:[0m[1;32m[0m:  [0;1;33;93m|[0m [0;1;32;92m|_[0;1;36;96m_[0m   [0;1;35;95m\[0m [0;1;31;91m\[0m  [0;1;33;93m/[0m [0;1;32;92m/[0;1;36;96m__[0m [0;1;34;94m_[0m [0;1;35;95m_[0;1;31;91m_[0m [0;1;33;93m__[0;1;32;92m_[0m  [0;1;36;96m_[0;1;34;94m__[0;1;35;95m|[0m [0;1;31;91m|_[0m
2026-08-05 05:26:45.151131 [[1;37mINFO[0m] [1;32mmanager        [0m [1;36m[0m [1;30m:[0m[1;32m[0m:  [0;1;32;92m|[0m  [0;1;36;96m_[0;1;34;94m_|[0m   [0;1;31;91m\[0m [0;1;33;93m\[0;1;32;92m/[0m [0;1;36;96m/[0m [0;1;34;94m_[0m [0;1;35;95m\[0m [0;1;31;91m'_[0;1;33;93m_/[0m [0;1;32;92m_[0m [0;1;36;96m\[0;1;34;94m/[0m [0;1;35;95m__[0;1;31;91m|[0m [0;1;33;93m__[0;1;32;92m|[0m
2026-08-05 05:26:45.151137 [[1;37mINFO[0m] [1;32mmanager        [0m [1;36m[0m [1;30m:[0m[1;32m[0m:  [0;1;36;96m|[0m [0;1;34;94m|_[0;1;35;95m__[0;1;31;91m_[0m   [0;1;32;92m\[0m  [0;1;36;96m/[0m  [0;1;35;95m__[0;1;31;91m/[0m [0;1;33;93m|[0m [0;1;32;92m|[0m  [0;1;36;96m_[0;1;34;94m_/[0;1;35;95m\_[0;1;31;91m_[0m [0;1;33;93m\[0m [0;1;32;92m|_[0m
2026-08-05 05:26:45.151143 [[1;37mINFO[0m] [1;32mmanager        [0m [1;36m[0m [1;30m:[0m[1;32m[0m:  [0;1;34;94m|_[0;1;35;95m__[0;1;31;91m__[0;1;33;93m_|[0m   [0;1;36;96m\[0;1;34;94m/[0m [0;1;35;95m\_[0;1;31;91m__[0;1;33;93m|_[0;1;32;92m|[0m  [0;1;36;96m\[0;1;34;94m__[0;1;35;95m_|[0;1;31;91m|_[0;1;33;93m__[0;1;32;92m/\[0;1;36;96m__[0;1;34;94m|[0m
2026-08-05 05:26:45.151149 [[1;37mINFO[0m] [1;32mmanager        [0m [1;36m[0m [1;30m:[0m[1;32m[0m: 
2026-08-05 05:26:45.151155 [[1;37mINFO[0m] [1;32mmanager        [0m [1;36m[0m [1;30m:[0m[1;32m[0m: everest-framework 0.25.0-dev 2026.02.1
2026-08-05 05:26:45.151161 [[1;37mINFO[0m] [1;32mmanager        [0m [1;36m[0m [1;30m:[0m[1;32m[0m: everest-core 2026.02.1-dev 2026.02.1
2026-08-05 05:26:45.151168 [[1;37mINFO[0m] [1;32mmanager        [0m [1;36m[0m [1;30m:[0m[1;32m[0m: 
2026-08-05 05:26:45.151175 [[1;37mINFO[0m] [1;32mmanager        [0m [1;36m[0m [1;30m:[0m[1;32m[0m: Using MQTT broker localhost:1883
2026-08-05 05:26:45.171164 [[1;37mINFO[0m] [1;32mmanager        [0m [1;36m[0m [1;30m:[0m[1;32m[0m: Boot mode is set to YamlFile, loading module configs from YAML file
2026-08-05 05:26:45.171237 [[1;37mINFO[0m] [1;32mmanager        [0m [1;36m[0m [1;30m:[0m[1;32m[0m: Loading config file at: /home/ahzf/everest/configs-ours/config-d20-tls-ours.yaml
2026-08-05 05:26:45.292345 [[1;37mINFO[0m] [1;32mmanager        [0m [1;36m[0m [1;30m:[0m[1;32m[0m: Config loading completed in 141ms
2026-08-05 05:26:45.294440 [[1;37mINFO[0m] [1;32mmanager        [0m [1;36m[0m [1;30m:[0m[1;32m[0m: Starting 18 modules
2026-08-05 05:26:47.491432 [[1;37mINFO[0m] [1;32mev_api:EvAPI   [0m [1;36m[0m [1;30m:[0m[1;32m[0m: Module [1m[34mev_api[0m initialized [2167ms]
2026-08-05 05:26:47.555103 [[1;37mINFO[0m] [1;32menergy_manager:[0m [1;36m[0m [1;30m:[0m[1;32m[0m: Module [1m[34menergy_manager[0m initialized [2235ms]
2026-08-05 05:26:47.555388 [[1;37mINFO[0m] [1;32mimd:IMDSimulato[0m [1;36m[0m [1;30m:[0m[1;32m[0m: Module [1m[34mimd[0m initialized [2225ms]
2026-08-05 05:26:47.556563 [[1;37mINFO[0m] [1;32mapi_sink:Energy[0m [1;36m[0m [1;30m:[0m[1;32m[0m: Module [1m[34mapi_sink[0m initialized [2238ms]
2026-08-05 05:26:47.557095 [[1;37mINFO[0m] [1;32merror_history:E[0m [1;36m[0m [1;30m:[0m[1;32m[0m: Using database at "/tmp/error_history.db"
2026-08-05 05:26:47.557297 [[1;37mINFO[0m] [1;32merror_history:E[0m [1;36m[0m [1;30m:[0m[1;32m[0m: Checking database
2026-08-05 05:26:47.557544 [[1;37mINFO[0m] [1;32mslac:SlacSimula[0m [1;36m[0m [1;30m:[0m[1;32m[0m: Module [1m[34mslac[0m initialized [2219ms]
2026-08-05 05:26:47.558449 [[1;37mINFO[0m] [1;32merror_history:E[0m [1;36m[0m [1;30m:[0m[1;32m[0m: Module [1m[34merror_history[0m initialized [2234ms]
2026-08-05 05:26:47.558428 [[1;37mINFO[0m] [1;32mgrid_connection[0m [1;36m[0m [1;30m:[0m[1;32m[0m: Module [1m[34mgrid_connection_point[0m initialized [2229ms]
2026-08-05 05:26:47.558985 [[1;37mINFO[0m] [1;32mev_manager:EvMa[0m [1;36m[0m [1;30m:[0m[1;32m[0m: Module [1m[34mev_manager[0m initialized [2233ms]
2026-08-05 05:26:47.560187 [[1;37mINFO[0m] [1;32mauth:Auth      [0m [1;36m[0m [1;30m:[0m[1;32m[0m: Module [1m[34mauth[0m initialized [2237ms]
2026-08-05 05:26:47.562359 [[1;37mINFO[0m] [1;32mapi:API        [0m [1;36m[0m [1;30m:[0m[1;32m[0m: Module [1m[34mapi[0m initialized [2244ms]
2026-08-05 05:26:47.568514 [[1;37mINFO[0m] [1;32myeti_driver:Yet[0m [1;36m[0m [1;30m:[0m[1;32m[0m: Module [1m[34myeti_driver[0m initialized [2227ms]
2026-08-05 05:26:47.569562 [[1;37mINFO[0m] [1;32miso15118_charge[0m [1;36m[0m [1;30m:[0m[1;32m[0m: Module [1m[34miso15118_charger[0m initialized [2231ms]
2026-08-05 05:26:47.573928 [[1;37mINFO[0m] [1;32mevse_manager:Ev[0m [1;36m[0m [1;30m:[0m[1;32m[0m: Module [1m[34mevse_manager[0m initialized [2244ms]
2026-08-05 05:26:47.575390 [[1;37mINFO[0m] [1;32mtoken_validator[0m [1;36m[0m [1;30m:[0m[1;32m[0m: Module [1m[34mtoken_validator[0m initialized [2232ms]
2026-08-05 05:26:47.577265 [[1;37mINFO[0m] [1;32mtoken_provider:[0m [1;36m[0m [1;30m:[0m[1;32m[0m: Module [1m[34mtoken_provider[0m initialized [2235ms]
2026-08-05 05:26:47.610452 [[1;37mINFO[0m] [1;32mpowersupply_dc:[0m [1;36m[0m [1;30m:[0m[1;32m[0m: Module [1m[34mpowersupply_dc[0m initialized [2274ms]
2026-08-05 05:26:47.611918 [[1;37mINFO[0m] [1;32mevse_security:E[0m [1;36m[0m [1;30m:[0m[1;32m[0m: Module [1m[34mevse_security[0m initialized [2282ms]
2026-08-05 05:26:47.940819 [[1;37mINFO[0m] [1;32miso15118_car   [0m [1;36m[0m [1;30m:[0m[1;32m[0m: Module [1m[34miso15118_car[0m initialized [2228ms]
2026-08-05 05:26:47.989456 [[1;37mINFO[0m] [1;32mmanager        [0m [1;36m[0m [1;30m:[0m[1;32m[0m: Clearing retained topics published by manager during startup
2026-08-05 05:26:47.990804 [[1;37mINFO[0m] [1;32mmanager        [0m [1;36m[0m [1;30m:[0m[1;32m[0m: [1m[32m🚙🚙🚙 All modules are initialized. EVerest up and running [2845ms] 🚙🚙🚙[0m
2026-08-05 05:26:48.230341 [[1;33mWARN[0m] [1;32mauth:Auth      [0m [1;36mvoid module::ReservationHandler::load_reservations()[0m [1;30m:[0m[1;32m[0m: Can not load reservations because no storage was configured.
2026-08-05 05:26:48.497222 [[1;37mINFO[0m] [1;32mevse_manager:Ev[0m [1;36m[0m [1;30m:[0m[1;32m[0m: Ignoring BSP Event, BSP is not enabled yet.
2026-08-05 05:26:48.594938 [[1;37mINFO[0m] [1;32mevse_security:E[0m [1;36m[0m [1;30m:[0m[1;32m[0m: Requesting leaf certificate info: V2G
2026-08-05 05:26:48.598530 [[1;37mINFO[0m] [1;32mevse_security:E[0m [1;36m[0m [1;30m:[0m[1;32m[0m: Found valid leaf: ["/home/ahzf/everest/dist/etc/everest/certs/client/cso/CPO_CERT_CHAIN.pem"]
2026-08-05 05:26:48.598613 [[1;37mINFO[0m] [1;32mevse_security:E[0m [1;36m[0m [1;30m:[0m[1;32m[0m: Not requiring all valid leafs, returning
2026-08-05 05:26:48.681655 [[1;37mINFO[0m] [1;32mevse_security:E[0m [1;36m[0m [1;30m:[0m[1;32m[0m: Requesting certificate file: [V2G] file:"/home/ahzf/everest/dist/etc/everest/certs/ca/v2g/V2G_ROOT_CA.pem"
2026-08-05 05:26:48.726371 [[1;37mINFO[0m] [1;32mevse_security:E[0m [1;36m[0m [1;30m:[0m[1;32m[0m: Requesting certificate file: [MO] file:"/home/ahzf/everest/dist/etc/everest/certs/ca/mo/MO_ROOT_CA.pem"
2026-08-05 05:26:48.769634 [[1;37mINFO[0m] [1;32miso15118_charge[0m [1;36m[0m [1;30m:[0m[1;32m[0m: Using ethernet interface: eth0
2026-08-05 05:26:48.769722 [[1;37mINFO[0m] [1;32miso15118_charge[0m [1;36m[0m [1;30m:[0m[1;32m[0m: Starting SDP server with address: ::
2026-08-05 05:26:49.205314 [[1;37mINFO[0m] [1;32mevse_manager:Ev[0m [1;36m[0m [1;30m:[0m[1;32m[0m: Cleaning up any other transaction on start up
2026-08-05 05:26:49.342276 [[1;37mINFO[0m] [1;32mevse_manager:Ev[0m [1;36m[0m [1;30m:[0m[1;32m[0m: [1m[32m🌀🌀🌀 Ready to start charging 🌀🌀🌀[0m
2026-08-05 05:26:59.449236 [[1;37mINFO[0m] [1;32mev_manager:EvMa[0m [1;36m[0m [1;30m:[0m[1;32m[0m: Finished simulation.
2026-08-05 05:27:06.293987 [[1;37mINFO[0m] [1;32mevse_manager:Ev[0m [1;36m[0m [1;30m:[0m[1;32m[0m: SYS  Session logging started.
2026-08-05 05:27:06.294146 [[1;37mINFO[0m] [1;32mevse_manager:Ev[0m [1;36m[0m [1;30m:[0m[1;32m[0m: [1;34mEVSE IEC Session Started: EVConnected[1;0m
2026-08-05 05:27:06.295223 [[1;37mINFO[0m] [1;32mauth:Auth      [0m [1;36m[0m [1;30m:[0m[1;32m[0m: Plug In event for evse#1, starting auth
2026-08-05 05:27:06.295252 [[1;37mINFO[0m] [1;32mtoken_provider:[0m [1;36m[0m [1;30m:[0m[1;32m[0m: Publishing new dummy token: {
    "authorization_type": "RFID",
    "id_token": {
        "type": "ISO14443",
        "value": "[redacted] hash: CE55F71752B68164"
    },
    "parent_id_token": {
        "type": "ISO14443",
        "value": "[redacted] hash: CE55F71752B68164"
    }
}
2026-08-05 05:27:06.296113 [[1;37mINFO[0m] [1;32mauth:Auth      [0m [1;36m[0m [1;30m:[0m[1;32m[0m: Received new token: {
    "authorization_type": "RFID",
    "id_token": {
        "type": "ISO14443",
        "value": "[redacted] hash: CE55F71752B68164"
    },
    "parent_id_token": {
        "type": "ISO14443",
        "value": "[redacted] hash: CE55F71752B68164"
    }
}
2026-08-05 05:27:06.297326 [[1;37mINFO[0m] [1;32mtoken_validator[0m [1;36m[0m [1;30m:[0m[1;32m[0m: Got validation request for token: [redacted] hash: CE55F71752B68164
2026-08-05 05:27:06.547526 [[1;37mINFO[0m] [1;32mtoken_validator[0m [1;36m[0m [1;30m:[0m[1;32m[0m: Returning validation status: Accepted
2026-08-05 05:27:06.548852 [[1;37mINFO[0m] [1;32mauth:Auth      [0m [1;36m[0m [1;30m:[0m[1;32m[0m: Providing authorization to evse#1
2026-08-05 05:27:06.795040 [[1;37mINFO[0m] [1;32mevse_manager:Ev[0m [1;36m[0m [1;30m:[0m[1;32m[0m: [1;34mEVSE IEC Set PWM On (5.0%) took 0 ms[1;0m
2026-08-05 05:27:06.925819 [[1;37mINFO[0m] [1;32mauth:Auth      [0m [1;36m[0m [1;30m:[0m[1;32m[0m: Result for token: [redacted] hash: CE55F71752B68164: USED_TO_START_TRANSACTION
2026-08-05 05:27:06.937629 [[1;37mINFO[0m] [1;32mevse_manager:Ev[0m [1;36m[0m [1;30m:[0m[1;32m[0m: [1;34mEVSE IEC EIM Authorization received[1;0m
2026-08-05 05:27:06.981364 [[1;37mINFO[0m] [1;32mevse_manager:Ev[0m [1;36m[0m [1;30m:[0m[1;32m[0m: [1;34mEVSE IEC Transaction Started (0 kWh)[1;0m
2026-08-05 05:27:06.981795 [[1;37mINFO[0m] [1;32mevse_manager:Ev[0m [1;36m[0m [1;30m:[0m[1;32m[0m: [1;34mEVSE IEC DC mode. We are in 5percent mode so we can continue without further action.[1;0m
2026-08-05 05:27:06.981947 [[1;37mINFO[0m] [1;32mevse_manager:Ev[0m [1;36m[0m [1;30m:[0m[1;32m[0m: [1;34mEVSE IEC Charger state: Wait for Auth->PrepareCharging[1;0m
2026-08-05 05:27:08.305443 [[1;37mINFO[0m] [1;32mevse_manager:Ev[0m [1;36m[0m [1;30m:[0m[1;32m[0m: [1;34mEVSE ISO D-LINK_READY (true)[1;0m
2026-08-05 05:27:08.305443 [[1;37mINFO[0m] [1;32mevse_manager:Ev[0m [1;36m[0m [1;30m:[0m[1;32m[0m: [1;34mEVSE ISO SLAC MATCHED[1;0m
2026-08-05 05:27:08.837581 [[1;37mINFO[0m] [1;32mevse_manager:Ev[0m [1;36m[0m [1;30m:[0m[1;32m[0m:                                     [1;33mCAR IEC Event CarRequestedPower[1;0m
2026-08-05 05:27:19.597682 [[1;37mINFO[0m] [1;32miso15118_charge[0m [1;36m[0m [1;30m:[0m[1;32m[0m: Got SDP request from fe80::215:5dff:feca:a645%eth0
2026-08-05 05:27:19.601706 [[1;37mINFO[0m] [1;32miso15118_charge[0m [1;36m[0m [1;30m:[0m[1;32m[0m: Start TLS server [fe80::215:5dff:feca:a645%eth0]:50000
2026-08-05 05:27:19.603420 [[1;37mINFO[0m] [1;32miso15118_charge[0m [1;36m[0m [1;30m:[0m[1;32m[0m: Created logfile at: /mnt/d/Coding/OpenChargingCloud/ISO15118ConformanceTests/./260805_03-27-19.yaml
2026-08-05 05:27:31.070026 [[1;37mINFO[0m] [1;32miso15118_charge[0m [1;36m[0m [1;30m:[0m[1;32m[0m: Incoming connection from [fe80::215:5dff:feca:a645%eth0]:52622
2026-08-05 05:27:31.071488 [[1;37mINFO[0m] [1;32miso15118_charge[0m [1;36m[0m [1;30m:[0m[1;32m[0m: Client supports TLS1.3: Change verify mode to SSL_VERIFY_PEER and SSL_VERIFY_FAIL_IF_NO_PEER_CERT
2026-08-05 05:27:31.074984 [[1;37mINFO[0m] [1;32miso15118_charge[0m [1;36m[0m [1;30m:[0m[1;32m[0m: Handshake complete!
2026-08-05 05:27:31.075073 [[1;37mINFO[0m] [1;32miso15118_charge[0m [1;36m[0m [1;30m:[0m[1;32m[0m: Verify certificate result is okay
2026-08-05 05:27:31.075129 [[1;37mINFO[0m] [1;32miso15118_charge[0m [1;36m[0m [1;30m:[0m[1;32m[0m: Vehicle Cert is available
2026-08-05 05:27:31.077014 [[1;37mINFO[0m] [1;32mevse_manager:Ev[0m [1;36m[0m [1;30m:[0m[1;32m[0m:                                     [1;33mCAR ISO V2G SupportedAppProtocolReq[1;0m
2026-08-05 05:27:31.121472 [[1;37mINFO[0m] [1;32mevse_manager:Ev[0m [1;36m[0m [1;30m:[0m[1;32m[0m: [1;34mEVSE ISO V2G SupportedAppProtocolRes[1;0m
2026-08-05 05:27:31.136204 [[1;37mINFO[0m] [1;32miso15118_charge[0m [1;36m[0m [1;30m:[0m[1;32m[0m: Received session setup with evccid: EVCC01
2026-08-05 05:27:31.136773 [[1;37mINFO[0m] [1;32miso15118_charge[0m [1;36m[0m [1;30m:[0m[1;32m[0m: New session created with session_id: 0x50, 0x53, 0x12, 0x7D, 0xA8, 0xF6, 0xBE, 0xA0
2026-08-05 05:27:31.137306 [[1;37mINFO[0m] [1;32mevse_manager:Ev[0m [1;36m[0m [1;30m:[0m[1;32m[0m:                                     [1;33mCAR ISO V2G SessionSetupReq[1;0m
2026-08-05 05:27:31.185746 [[1;37mINFO[0m] [1;32mevse_manager:Ev[0m [1;36m[0m [1;30m:[0m[1;32m[0m: [1;34mEVSE ISO V2G SessionSetupRes[1;0m
2026-08-05 05:27:31.186386 [[1;37mINFO[0m] [1;32miso15118_charge[0m [1;36m[0m [1;30m:[0m[1;32m[0m: Timestamp: 1785900451
2026-08-05 05:27:31.229320 [[1;37mINFO[0m] [1;32mevse_manager:Ev[0m [1;36m[0m [1;30m:[0m[1;32m[0m:                                     [1;33mCAR ISO V2G AuthorizationSetupReq[1;0m
2026-08-05 05:27:31.317437 [[1;37mINFO[0m] [1;32mevse_manager:Ev[0m [1;36m[0m [1;30m:[0m[1;32m[0m: [1;34mEVSE ISO V2G AuthorizationSetupRes[1;0m
2026-08-05 05:27:31.317779 [[1;37mINFO[0m] [1;32mevse_manager:Ev[0m [1;36m[0m [1;30m:[0m[1;32m[0m:                                     [1;33mCAR ISO V2G AuthorizationReq[1;0m
2026-08-05 05:27:31.379188 [[1;37mINFO[0m] [1;32mevse_manager:Ev[0m [1;36m[0m [1;30m:[0m[1;32m[0m: [1;34mEVSE ISO V2G AuthorizationRes[1;0m
2026-08-05 05:27:31.380206 [[1;37mINFO[0m] [1;32mevse_manager:Ev[0m [1;36m[0m [1;30m:[0m[1;32m[0m:                                     [1;33mCAR ISO V2G ServiceDiscoveryReq[1;0m
2026-08-05 05:27:31.479457 [[1;37mINFO[0m] [1;32mevse_manager:Ev[0m [1;36m[0m [1;30m:[0m[1;32m[0m: [1;34mEVSE ISO V2G ServiceDiscoveryRes[1;0m
2026-08-05 05:27:31.481626 [[1;37mINFO[0m] [1;32miso15118_charge[0m [1;36m[0m [1;30m:[0m[1;32m[0m: Requested info about ServiceID: 2
2026-08-05 05:27:31.482168 [[1;37mINFO[0m] [1;32mevse_manager:Ev[0m [1;36m[0m [1;30m:[0m[1;32m[0m:                                     [1;33mCAR ISO V2G ServiceDetailReq[1;0m
2026-08-05 05:27:31.579433 [[1;37mINFO[0m] [1;32mevse_manager:Ev[0m [1;36m[0m [1;30m:[0m[1;32m[0m: [1;34mEVSE ISO V2G ServiceDetailRes[1;0m
2026-08-05 05:27:31.581878 [[1;37mINFO[0m] [1;32miso15118_charge[0m [1;36m[0m [1;30m:[0m[1;32m[0m: Selected DC service parameters: control mode: Scheduled, mobility needs mode: ProvidedByEvcc
2026-08-05 05:27:31.582520 [[1;37mINFO[0m] [1;32mevse_manager:Ev[0m [1;36m[0m [1;30m:[0m[1;32m[0m:                                     [1;33mCAR ISO V2G ServiceSelectionReq[1;0m
2026-08-05 05:27:31.582675 [[1;37mINFO[0m] [1;32mevse_manager:Ev[0m [1;36m[0m [1;30m:[0m[1;32m[0m:                                     [1;33mCAR ISO EV selected service: DC[1;0m
2026-08-05 05:27:31.682311 [[1;37mINFO[0m] [1;32miso15118_charge[0m [1;36m[0m [1;30m:[0m[1;32m[0m: Max charge current 200.000000A
2026-08-05 05:27:31.713280 [[1;37mINFO[0m] [1;32mevse_manager:Ev[0m [1;36m[0m [1;30m:[0m[1;32m[0m: Received EV maximum limits: {
    "dc_ev_maximum_current_limit": 200.0,
    "dc_ev_maximum_power_limit": 50000.0,
    "dc_ev_maximum_voltage_limit": 500.0
}
2026-08-05 05:27:31.713350 [[1;37mINFO[0m] [1;32mevse_manager:Ev[0m [1;36m[0m [1;30m:[0m[1;32m[0m: [1;34mEVSE ISO V2G ServiceSelectionRes[1;0m
2026-08-05 05:27:31.713562 [[1;37mINFO[0m] [1;32mevse_manager:Ev[0m [1;36m[0m [1;30m:[0m[1;32m[0m:                                     [1;33mCAR ISO V2G DcChargeParameterDiscoveryReq[1;0m
2026-08-05 05:27:31.801306 [[1;37mINFO[0m] [1;32mevse_manager:Ev[0m [1;36m[0m [1;30m:[0m[1;32m[0m: [1;34mEVSE ISO V2G DcChargeParameterDiscoveryRes[1;0m
2026-08-05 05:27:31.801536 [[1;37mINFO[0m] [1;32mevse_manager:Ev[0m [1;36m[0m [1;30m:[0m[1;32m[0m:                                     [1;33mCAR ISO V2G ScheduleExchangeReq[1;0m
2026-08-05 05:27:31.879905 [[1;37mINFO[0m] [1;32mevse_manager:Ev[0m [1;36m[0m [1;30m:[0m[1;32m[0m: [1;34mEVSE ISO V2G ScheduleExchangeRes[1;0m
2026-08-05 05:27:31.884470 [[1;37mINFO[0m] [1;32mevse_manager:Ev[0m [1;36m[0m [1;30m:[0m[1;32m[0m:                                     [1;33mCAR ISO V2G DcCableCheckReq[1;0m
2026-08-05 05:27:31.884647 [[1;37mINFO[0m] [1;32mevse_manager:Ev[0m [1;36m[0m [1;30m:[0m[1;32m[0m: [1;34mEVSE ISO Start cable check...[1;0m
2026-08-05 05:27:31.884835 [[1;37mINFO[0m] [1;32mevse_manager:Ev[0m [1;36m[0m [1;30m:[0m[1;32m[0m:                                     [1;33mCAR ISO DC HLC Close contactor (in CableCheck)[1;0m
2026-08-05 05:27:32.009313 [[1;37mINFO[0m] [1;32mevse_manager:Ev[0m [1;36m[0m [1;30m:[0m[1;32m[0m: [1;34mEVSE ISO V2G DcCableCheckRes[1;0m
2026-08-05 05:27:32.040306 [[1;37mINFO[0m] [1;32mevse_manager:Ev[0m [1;36m[0m [1;30m:[0m[1;32m[0m:                                     [1;33mCAR ISO V2G DcCableCheckReq[1;0m
2026-08-05 05:27:32.079975 [[1;37mINFO[0m] [1;32mevse_manager:Ev[0m [1;36m[0m [1;30m:[0m[1;32m[0m: [1;34mEVSE ISO V2G DcCableCheckRes[1;0m
2026-08-05 05:27:32.144231 [[1;37mINFO[0m] [1;32mevse_manager:Ev[0m [1;36m[0m [1;30m:[0m[1;32m[0m:                                     [1;33mCAR ISO V2G DcCableCheckReq[1;0m
2026-08-05 05:27:32.205425 [[1;37mINFO[0m] [1;32mevse_manager:Ev[0m [1;36m[0m [1;30m:[0m[1;32m[0m: [1;34mEVSE ISO V2G DcCableCheckRes[1;0m
2026-08-05 05:27:32.209959 [[1;37mINFO[0m] [1;32mevse_manager:Ev[0m [1;36m[0m [1;30m:[0m[1;32m[0m: [1;34mEVSE IEC Event PowerOn[1;0m
2026-08-05 05:27:32.253550 [[1;37mINFO[0m] [1;32mevse_manager:Ev[0m [1;36m[0m [1;30m:[0m[1;32m[0m:                                     [1;33mCAR ISO V2G DcCableCheckReq[1;0m
2026-08-05 05:27:32.301383 [[1;37mINFO[0m] [1;32mevse_manager:Ev[0m [1;36m[0m [1;30m:[0m[1;32m[0m: [1;34mEVSE ISO V2G DcCableCheckRes[1;0m
2026-08-05 05:27:32.309854 [[1;37mINFO[0m] [1;32mevse_manager:Ev[0m [1;36m[0m [1;30m:[0m[1;32m[0m: EV reports 500 V as maximum voltage
2026-08-05 05:27:32.310047 [[1;37mINFO[0m] [1;32mevse_manager:Ev[0m [1;36m[0m [1;30m:[0m[1;32m[0m: [1;34mEVSE IEC DC power supply set: 500.00V/2.00A, requested was 500.00V/2.00A.[1;0m
2026-08-05 05:27:32.353340 [[1;37mINFO[0m] [1;32mevse_manager:Ev[0m [1;36m[0m [1;30m:[0m[1;32m[0m: CableCheck: Using 500 V
2026-08-05 05:27:32.353430 [[1;37mINFO[0m] [1;32mevse_manager:Ev[0m [1;36m[0m [1;30m:[0m[1;32m[0m:                                     [1;33mCAR ISO V2G DcCableCheckReq[1;0m
2026-08-05 05:27:32.353467 [[1;37mINFO[0m] [1;32mevse_manager:Ev[0m [1;36m[0m [1;30m:[0m[1;32m[0m: [1;34mEVSE IEC DC power supply: switch ON called, ChargingPhase: CableCheck[1;0m
2026-08-05 05:27:32.354638 [[1;37mINFO[0m] [1;32mpowersupply_dc:[0m [1;36m[0m [1;30m:[0m[1;32m[0m: Set mode: Export ChargingPhase: CableCheck
2026-08-05 05:27:32.397292 [[1;37mINFO[0m] [1;32mevse_manager:Ev[0m [1;36m[0m [1;30m:[0m[1;32m[0m: [1;34mEVSE ISO V2G DcCableCheckRes[1;0m
2026-08-05 05:27:32.439302 [[1;37mINFO[0m] [1;32mevse_manager:Ev[0m [1;36m[0m [1;30m:[0m[1;32m[0m:                                     [1;33mCAR ISO V2G DcCableCheckReq[1;0m
2026-08-05 05:27:32.480718 [[1;37mINFO[0m] [1;32mevse_manager:Ev[0m [1;36m[0m [1;30m:[0m[1;32m[0m: [1;34mEVSE ISO V2G DcCableCheckRes[1;0m
2026-08-05 05:27:32.540139 [[1;37mINFO[0m] [1;32mevse_manager:Ev[0m [1;36m[0m [1;30m:[0m[1;32m[0m:                                     [1;33mCAR ISO V2G DcCableCheckReq[1;0m
2026-08-05 05:27:32.580621 [[1;37mINFO[0m] [1;32mevse_manager:Ev[0m [1;36m[0m [1;30m:[0m[1;32m[0m: [1;34mEVSE ISO V2G DcCableCheckRes[1;0m
2026-08-05 05:27:32.625447 [[1;37mINFO[0m] [1;32mevse_manager:Ev[0m [1;36m[0m [1;30m:[0m[1;32m[0m:                                     [1;33mCAR ISO V2G DcCableCheckReq[1;0m
2026-08-05 05:27:32.705533 [[1;37mINFO[0m] [1;32mevse_manager:Ev[0m [1;36m[0m [1;30m:[0m[1;32m[0m: [1;34mEVSE ISO V2G DcCableCheckRes[1;0m
2026-08-05 05:27:32.749327 [[1;37mINFO[0m] [1;32mevse_manager:Ev[0m [1;36m[0m [1;30m:[0m[1;32m[0m: CableCheck: IMD self test started.
2026-08-05 05:27:32.797382 [[1;37mINFO[0m] [1;32mevse_manager:Ev[0m [1;36m[0m [1;30m:[0m[1;32m[0m:                                     [1;33mCAR ISO V2G DcCableCheckReq[1;0m
2026-08-05 05:27:32.797599 [[1;37mINFO[0m] [1;32mevse_manager:Ev[0m [1;36m[0m [1;30m:[0m[1;32m[0m: [1;34mEVSE ISO V2G DcCableCheckRes[1;0m
2026-08-05 05:27:32.840308 [[1;37mINFO[0m] [1;32mevse_manager:Ev[0m [1;36m[0m [1;30m:[0m[1;32m[0m:                                     [1;33mCAR ISO V2G DcCableCheckReq[1;0m
2026-08-05 05:27:32.881085 [[1;37mINFO[0m] [1;32mevse_manager:Ev[0m [1;36m[0m [1;30m:[0m[1;32m[0m: [1;34mEVSE ISO V2G DcCableCheckRes[1;0m
2026-08-05 05:27:32.925743 [[1;37mINFO[0m] [1;32mevse_manager:Ev[0m [1;36m[0m [1;30m:[0m[1;32m[0m:                                     [1;33mCAR ISO V2G DcCableCheckReq[1;0m
2026-08-05 05:27:32.981123 [[1;37mINFO[0m] [1;32mevse_manager:Ev[0m [1;36m[0m [1;30m:[0m[1;32m[0m: [1;34mEVSE ISO V2G DcCableCheckRes[1;0m
2026-08-05 05:27:33.034256 [[1;37mINFO[0m] [1;32mevse_manager:Ev[0m [1;36m[0m [1;30m:[0m[1;32m[0m:                                     [1;33mCAR ISO V2G DcCableCheckReq[1;0m
2026-08-05 05:27:33.081135 [[1;37mINFO[0m] [1;32mevse_manager:Ev[0m [1;36m[0m [1;30m:[0m[1;32m[0m: [1;34mEVSE ISO V2G DcCableCheckRes[1;0m
2026-08-05 05:27:33.143287 [[1;37mINFO[0m] [1;32mevse_manager:Ev[0m [1;36m[0m [1;30m:[0m[1;32m[0m:                                     [1;33mCAR ISO V2G DcCableCheckReq[1;0m
2026-08-05 05:27:33.201311 [[1;37mINFO[0m] [1;32mevse_manager:Ev[0m [1;36m[0m [1;30m:[0m[1;32m[0m: [1;34mEVSE ISO V2G DcCableCheckRes[1;0m
2026-08-05 05:27:33.261298 [[1;37mINFO[0m] [1;32mevse_manager:Ev[0m [1;36m[0m [1;30m:[0m[1;32m[0m:                                     [1;33mCAR ISO V2G DcCableCheckReq[1;0m
2026-08-05 05:27:33.305421 [[1;37mINFO[0m] [1;32mevse_manager:Ev[0m [1;36m[0m [1;30m:[0m[1;32m[0m: [1;34mEVSE ISO V2G DcCableCheckRes[1;0m
2026-08-05 05:27:33.334015 [[1;37mINFO[0m] [1;32mevse_manager:Ev[0m [1;36m[0m [1;30m:[0m[1;32m[0m: [1;34mEVSE ISO Change HLC Limits: 22080W/200A, target_voltage 0, actual_voltage 500, bpt_active false[1;0m
2026-08-05 05:27:33.377329 [[1;37mINFO[0m] [1;32mevse_manager:Ev[0m [1;36m[0m [1;30m:[0m[1;32m[0m:                                     [1;33mCAR ISO V2G DcCableCheckReq[1;0m
2026-08-05 05:27:33.421375 [[1;37mINFO[0m] [1;32mevse_manager:Ev[0m [1;36m[0m [1;30m:[0m[1;32m[0m: [1;34mEVSE ISO V2G DcCableCheckRes[1;0m
2026-08-05 05:27:33.465289 [[1;37mINFO[0m] [1;32mevse_manager:Ev[0m [1;36m[0m [1;30m:[0m[1;32m[0m:                                     [1;33mCAR ISO V2G DcCableCheckReq[1;0m
2026-08-05 05:27:33.481520 [[1;37mINFO[0m] [1;32mevse_manager:Ev[0m [1;36m[0m [1;30m:[0m[1;32m[0m: [1;34mEVSE ISO V2G DcCableCheckRes[1;0m
2026-08-05 05:27:33.545083 [[1;37mINFO[0m] [1;32mevse_manager:Ev[0m [1;36m[0m [1;30m:[0m[1;32m[0m:                                     [1;33mCAR ISO V2G DcCableCheckReq[1;0m
2026-08-05 05:27:33.581582 [[1;37mINFO[0m] [1;32mevse_manager:Ev[0m [1;36m[0m [1;30m:[0m[1;32m[0m: [1;34mEVSE ISO V2G DcCableCheckRes[1;0m
2026-08-05 05:27:33.638703 [[1;37mINFO[0m] [1;32mevse_manager:Ev[0m [1;36m[0m [1;30m:[0m[1;32m[0m:                                     [1;33mCAR ISO V2G DcCableCheckReq[1;0m
2026-08-05 05:27:33.709252 [[1;37mINFO[0m] [1;32mevse_manager:Ev[0m [1;36m[0m [1;30m:[0m[1;32m[0m: [1;34mEVSE ISO V2G DcCableCheckRes[1;0m
2026-08-05 05:27:33.761329 [[1;37mINFO[0m] [1;32mevse_manager:Ev[0m [1;36m[0m [1;30m:[0m[1;32m[0m:                                     [1;33mCAR ISO V2G DcCableCheckReq[1;0m
2026-08-05 05:27:33.805312 [[1;37mINFO[0m] [1;32mevse_manager:Ev[0m [1;36m[0m [1;30m:[0m[1;32m[0m: [1;34mEVSE ISO V2G DcCableCheckRes[1;0m
2026-08-05 05:27:33.839492 [[1;37mINFO[0m] [1;32mevse_manager:Ev[0m [1;36m[0m [1;30m:[0m[1;32m[0m:                                     [1;33mCAR ISO V2G DcCableCheckReq[1;0m
2026-08-05 05:27:33.882012 [[1;37mINFO[0m] [1;32mevse_manager:Ev[0m [1;36m[0m [1;30m:[0m[1;32m[0m: [1;34mEVSE ISO V2G DcCableCheckRes[1;0m
2026-08-05 05:27:33.932595 [[1;37mINFO[0m] [1;32mevse_manager:Ev[0m [1;36m[0m [1;30m:[0m[1;32m[0m:                                     [1;33mCAR ISO V2G DcCableCheckReq[1;0m
2026-08-05 05:27:33.981929 [[1;37mINFO[0m] [1;32mevse_manager:Ev[0m [1;36m[0m [1;30m:[0m[1;32m[0m: [1;34mEVSE ISO V2G DcCableCheckRes[1;0m
2026-08-05 05:27:34.042221 [[1;37mINFO[0m] [1;32mevse_manager:Ev[0m [1;36m[0m [1;30m:[0m[1;32m[0m:                                     [1;33mCAR ISO V2G DcCableCheckReq[1;0m
2026-08-05 05:27:34.081977 [[1;37mINFO[0m] [1;32mevse_manager:Ev[0m [1;36m[0m [1;30m:[0m[1;32m[0m: [1;34mEVSE ISO V2G DcCableCheckRes[1;0m
2026-08-05 05:27:34.134563 [[1;37mINFO[0m] [1;32mevse_manager:Ev[0m [1;36m[0m [1;30m:[0m[1;32m[0m:                                     [1;33mCAR ISO V2G DcCableCheckReq[1;0m
2026-08-05 05:27:34.205435 [[1;37mINFO[0m] [1;32mevse_manager:Ev[0m [1;36m[0m [1;30m:[0m[1;32m[0m: [1;34mEVSE ISO V2G DcCableCheckRes[1;0m
2026-08-05 05:27:34.269401 [[1;37mINFO[0m] [1;32mevse_manager:Ev[0m [1;36m[0m [1;30m:[0m[1;32m[0m:                                     [1;33mCAR ISO V2G DcCableCheckReq[1;0m
2026-08-05 05:27:34.313281 [[1;37mINFO[0m] [1;32mevse_manager:Ev[0m [1;36m[0m [1;30m:[0m[1;32m[0m: [1;34mEVSE ISO V2G DcCableCheckRes[1;0m
2026-08-05 05:27:34.335198 [[1;37mINFO[0m] [1;32mevse_manager:Ev[0m [1;36m[0m [1;30m:[0m[1;32m[0m:                                     [1;33mCAR ISO V2G DcCableCheckReq[1;0m
2026-08-05 05:27:34.382324 [[1;37mINFO[0m] [1;32mevse_manager:Ev[0m [1;36m[0m [1;30m:[0m[1;32m[0m: [1;34mEVSE ISO V2G DcCableCheckRes[1;0m
2026-08-05 05:27:34.473347 [[1;37mINFO[0m] [1;32mevse_manager:Ev[0m [1;36m[0m [1;30m:[0m[1;32m[0m:                                     [1;33mCAR ISO V2G DcCableCheckReq[1;0m
2026-08-05 05:27:34.482300 [[1;37mINFO[0m] [1;32mevse_manager:Ev[0m [1;36m[0m [1;30m:[0m[1;32m[0m: [1;34mEVSE ISO V2G DcCableCheckRes[1;0m
2026-08-05 05:27:34.535910 [[1;37mINFO[0m] [1;32mevse_manager:Ev[0m [1;36m[0m [1;30m:[0m[1;32m[0m:                                     [1;33mCAR ISO V2G DcCableCheckReq[1;0m
2026-08-05 05:27:34.582347 [[1;37mINFO[0m] [1;32mevse_manager:Ev[0m [1;36m[0m [1;30m:[0m[1;32m[0m: [1;34mEVSE ISO V2G DcCableCheckRes[1;0m
2026-08-05 05:27:34.643662 [[1;37mINFO[0m] [1;32mevse_manager:Ev[0m [1;36m[0m [1;30m:[0m[1;32m[0m:                                     [1;33mCAR ISO V2G DcCableCheckReq[1;0m
2026-08-05 05:27:34.705471 [[1;37mINFO[0m] [1;32mevse_manager:Ev[0m [1;36m[0m [1;30m:[0m[1;32m[0m: [1;34mEVSE ISO V2G DcCableCheckRes[1;0m
2026-08-05 05:27:34.765390 [[1;37mINFO[0m] [1;32mevse_manager:Ev[0m [1;36m[0m [1;30m:[0m[1;32m[0m:                                     [1;33mCAR ISO V2G DcCableCheckReq[1;0m
2026-08-05 05:27:34.809321 [[1;37mINFO[0m] [1;32mevse_manager:Ev[0m [1;36m[0m [1;30m:[0m[1;32m[0m: [1;34mEVSE ISO V2G DcCableCheckRes[1;0m
2026-08-05 05:27:34.844760 [[1;37mINFO[0m] [1;32mevse_manager:Ev[0m [1;36m[0m [1;30m:[0m[1;32m[0m:                                     [1;33mCAR ISO V2G DcCableCheckReq[1;0m
2026-08-05 05:27:34.882701 [[1;37mINFO[0m] [1;32mevse_manager:Ev[0m [1;36m[0m [1;30m:[0m[1;32m[0m: [1;34mEVSE ISO V2G DcCableCheckRes[1;0m
2026-08-05 05:27:34.937801 [[1;37mINFO[0m] [1;32mevse_manager:Ev[0m [1;36m[0m [1;30m:[0m[1;32m[0m:                                     [1;33mCAR ISO V2G DcCableCheckReq[1;0m
2026-08-05 05:27:34.982663 [[1;37mINFO[0m] [1;32mevse_manager:Ev[0m [1;36m[0m [1;30m:[0m[1;32m[0m: [1;34mEVSE ISO V2G DcCableCheckRes[1;0m
2026-08-05 05:27:35.039915 [[1;37mINFO[0m] [1;32mevse_manager:Ev[0m [1;36m[0m [1;30m:[0m[1;32m[0m:                                     [1;33mCAR ISO V2G DcCableCheckReq[1;0m
2026-08-05 05:27:35.082791 [[1;37mINFO[0m] [1;32mevse_manager:Ev[0m [1;36m[0m [1;30m:[0m[1;32m[0m: [1;34mEVSE ISO V2G DcCableCheckRes[1;0m
2026-08-05 05:27:35.133059 [[1;37mINFO[0m] [1;32mevse_manager:Ev[0m [1;36m[0m [1;30m:[0m[1;32m[0m:                                     [1;33mCAR ISO V2G DcCableCheckReq[1;0m
2026-08-05 05:27:35.205329 [[1;37mINFO[0m] [1;32mevse_manager:Ev[0m [1;36m[0m [1;30m:[0m[1;32m[0m: [1;34mEVSE ISO V2G DcCableCheckRes[1;0m
2026-08-05 05:27:35.269296 [[1;37mINFO[0m] [1;32mevse_manager:Ev[0m [1;36m[0m [1;30m:[0m[1;32m[0m:                                     [1;33mCAR ISO V2G DcCableCheckReq[1;0m
2026-08-05 05:27:35.282995 [[1;37mINFO[0m] [1;32mevse_manager:Ev[0m [1;36m[0m [1;30m:[0m[1;32m[0m: [1;34mEVSE ISO V2G DcCableCheckRes[1;0m
2026-08-05 05:27:35.326419 [[1;37mINFO[0m] [1;32mevse_manager:Ev[0m [1;36m[0m [1;30m:[0m[1;32m[0m:                                     [1;33mCAR ISO V2G DcCableCheckReq[1;0m
2026-08-05 05:27:35.383272 [[1;37mINFO[0m] [1;32mevse_manager:Ev[0m [1;36m[0m [1;30m:[0m[1;32m[0m: [1;34mEVSE ISO V2G DcCableCheckRes[1;0m
2026-08-05 05:27:35.445594 [[1;37mINFO[0m] [1;32mevse_manager:Ev[0m [1;36m[0m [1;30m:[0m[1;32m[0m:                                     [1;33mCAR ISO V2G DcCableCheckReq[1;0m
2026-08-05 05:27:35.525281 [[1;37mINFO[0m] [1;32mevse_manager:Ev[0m [1;36m[0m [1;30m:[0m[1;32m[0m: [1;34mEVSE ISO V2G DcCableCheckRes[1;0m
2026-08-05 05:27:35.538995 [[1;37mINFO[0m] [1;32mevse_manager:Ev[0m [1;36m[0m [1;30m:[0m[1;32m[0m:                                     [1;33mCAR ISO V2G DcCableCheckReq[1;0m
2026-08-05 05:27:35.583281 [[1;37mINFO[0m] [1;32mevse_manager:Ev[0m [1;36m[0m [1;30m:[0m[1;32m[0m: [1;34mEVSE ISO V2G DcCableCheckRes[1;0m
2026-08-05 05:27:35.639488 [[1;37mINFO[0m] [1;32mevse_manager:Ev[0m [1;36m[0m [1;30m:[0m[1;32m[0m:                                     [1;33mCAR ISO V2G DcCableCheckReq[1;0m
2026-08-05 05:27:35.705410 [[1;37mINFO[0m] [1;32mevse_manager:Ev[0m [1;36m[0m [1;30m:[0m[1;32m[0m: [1;34mEVSE ISO V2G DcCableCheckRes[1;0m
2026-08-05 05:27:35.710787 [[1;37mINFO[0m] [1;32mevse_manager:Ev[0m [1;36m[0m [1;30m:[0m[1;32m[0m: [1;34mEVSE IEC Isolation monitor self test result: true[1;0m
2026-08-05 05:27:35.757298 [[1;37mINFO[0m] [1;32mevse_manager:Ev[0m [1;36m[0m [1;30m:[0m[1;32m[0m:                                     [1;33mCAR ISO V2G DcCableCheckReq[1;0m2026-08-05 05:27:35.757266 [[1;37mINFO[0m] [1;32mimd:IMDSimulato[0m [1;36m[0m [1;30m:[0m[1;32m[0m: Started simulated isolation monitoring with 1000 ms interval

2026-08-05 05:27:35.801225 [[1;37mINFO[0m] [1;32mevse_manager:Ev[0m [1;36m[0m [1;30m:[0m[1;32m[0m: CableCheck: Waiting for 1 isolation measurement sample(s)
2026-08-05 05:27:35.801377 [[1;37mINFO[0m] [1;32mevse_manager:Ev[0m [1;36m[0m [1;30m:[0m[1;32m[0m: [1;34mEVSE IEC Isolation measurement Ok R_F 900000.[1;0m
2026-08-05 05:27:35.801382 [[1;37mINFO[0m] [1;32mevse_manager:Ev[0m [1;36m[0m [1;30m:[0m[1;32m[0m: [1;34mEVSE ISO V2G DcCableCheckRes[1;0m
2026-08-05 05:27:35.845310 [[1;37mINFO[0m] [1;32mevse_manager:Ev[0m [1;36m[0m [1;30m:[0m[1;32m[0m:                                     [1;33mCAR ISO V2G DcCableCheckReq[1;0m
2026-08-05 05:27:35.845348 [[1;37mINFO[0m] [1;32mevse_manager:Ev[0m [1;36m[0m [1;30m:[0m[1;32m[0m: [1;34mEVSE IEC DC power supply OFF[1;0m
2026-08-05 05:27:35.846182 [[1;37mINFO[0m] [1;32mpowersupply_dc:[0m [1;36m[0m [1;30m:[0m[1;32m[0m: Set mode: Off ChargingPhase: CableCheck
2026-08-05 05:27:35.893333 [[1;37mINFO[0m] [1;32mevse_manager:Ev[0m [1;36m[0m [1;30m:[0m[1;32m[0m: [1;34mEVSE ISO V2G DcCableCheckRes[1;0m
2026-08-05 05:27:35.925685 [[1;37mINFO[0m] [1;32mevse_manager:Ev[0m [1;36m[0m [1;30m:[0m[1;32m[0m:                                     [1;33mCAR ISO V2G DcCableCheckReq[1;0m
2026-08-05 05:27:35.983580 [[1;37mINFO[0m] [1;32mevse_manager:Ev[0m [1;36m[0m [1;30m:[0m[1;32m[0m: [1;34mEVSE ISO V2G DcCableCheckRes[1;0m
2026-08-05 05:27:36.025598 [[1;37mINFO[0m] [1;32mevse_manager:Ev[0m [1;36m[0m [1;30m:[0m[1;32m[0m:                                     [1;33mCAR ISO V2G DcCableCheckReq[1;0m
2026-08-05 05:27:36.084284 [[1;37mINFO[0m] [1;32mevse_manager:Ev[0m [1;36m[0m [1;30m:[0m[1;32m[0m: [1;34mEVSE ISO V2G DcCableCheckRes[1;0m
2026-08-05 05:27:36.125835 [[1;37mINFO[0m] [1;32mevse_manager:Ev[0m [1;36m[0m [1;30m:[0m[1;32m[0m:                                     [1;33mCAR ISO V2G DcCableCheckReq[1;0m
2026-08-05 05:27:36.162726 [[1;37mINFO[0m] [1;32mevse_manager:Ev[0m [1;36m[0m [1;30m:[0m[1;32m[0m: CableCheck done, output is below 60V
2026-08-05 05:27:36.205503 [[1;37mINFO[0m] [1;32mevse_manager:Ev[0m [1;36m[0m [1;30m:[0m[1;32m[0m: [1;34mEVSE ISO V2G DcCableCheckRes[1;0m
2026-08-05 05:27:36.273297 [[1;37mINFO[0m] [1;32mevse_manager:Ev[0m [1;36m[0m [1;30m:[0m[1;32m[0m:                                     [1;33mCAR ISO V2G DcCableCheckReq[1;0m
2026-08-05 05:27:36.283808 [[1;37mINFO[0m] [1;32mevse_manager:Ev[0m [1;36m[0m [1;30m:[0m[1;32m[0m: [1;34mEVSE ISO V2G DcCableCheckRes[1;0m
2026-08-05 05:27:36.284767 [[1;37mINFO[0m] [1;32mevse_manager:Ev[0m [1;36m[0m [1;30m:[0m[1;32m[0m:                                     [1;33mCAR ISO V2G DcPreChargeReq[1;0m
2026-08-05 05:27:36.329436 [[1;37mINFO[0m] [1;32mevse_manager:Ev[0m [1;36m[0m [1;30m:[0m[1;32m[0m: [1;34mEVSE IEC DC power supply set: 400.00V/1.00A, requested was 400.00V/0.00A.[1;0m
2026-08-05 05:27:36.373370 [[1;37mINFO[0m] [1;32mevse_manager:Ev[0m [1;36m[0m [1;30m:[0m[1;32m[0m: [1;34mEVSE IEC DC power supply: switch ON called, ChargingPhase: PreCharge[1;0m
2026-08-05 05:27:36.374333 [[1;37mINFO[0m] [1;32mpowersupply_dc:[0m [1;36m[0m [1;30m:[0m[1;32m[0m: Set mode: Export ChargingPhase: PreCharge
2026-08-05 05:27:36.417351 [[1;37mINFO[0m] [1;32mevse_manager:Ev[0m [1;36m[0m [1;30m:[0m[1;32m[0m: [1;34mEVSE ISO V2G DcPreChargeRes[1;0m
2026-08-05 05:27:36.417577 [[1;37mINFO[0m] [1;32mevse_manager:Ev[0m [1;36m[0m [1;30m:[0m[1;32m[0m:                                     [1;33mCAR ISO V2G PowerDeliveryReq[1;0m
2026-08-05 05:27:36.484062 [[1;37mINFO[0m] [1;32mevse_manager:Ev[0m [1;36m[0m [1;30m:[0m[1;32m[0m: [1;34mEVSE ISO V2G PowerDeliveryRes[1;0m
2026-08-05 05:27:36.488540 [[1;37mINFO[0m] [1;32mevse_manager:Ev[0m [1;36m[0m [1;30m:[0m[1;32m[0m:                                     [1;33mCAR ISO V2G DcChargeLoopReq[1;0m
2026-08-05 05:27:36.488540 [[1;37mINFO[0m] [1;32mevse_manager:Ev[0m [1;36m[0m [1;30m:[0m[1;32m[0m: [1;34mEVSE IEC DC power supply: switch ON in export mode[1;0m
2026-08-05 05:27:36.489792 [[1;37mINFO[0m] [1;32mpowersupply_dc:[0m [1;36m[0m [1;30m:[0m[1;32m[0m: Set mode: Export ChargingPhase: Charging
2026-08-05 05:27:36.537387 [[1;37mINFO[0m] [1;32mevse_manager:Ev[0m [1;36m[0m [1;30m:[0m[1;32m[0m: [1;34mEVSE IEC DC power supply set: 400.00V/1.00A, requested was 400.00V/0.00A.[1;0m
2026-08-05 05:27:36.537387 [[1;37mINFO[0m] [1;32mevse_manager:Ev[0m [1;36m[0m [1;30m:[0m[1;32m[0m: [1;34mEVSE IEC DC power supply set: 400.00V/1.20A, requested was 400.00V/1.20A.[1;0m
2026-08-05 05:27:36.538466 [[1;37mINFO[0m] [1;32mevse_manager:Ev[0m [1;36m[0m [1;30m:[0m[1;32m[0m: [1;34mEVSE ISO Change HLC Limits: 22080W/55.2A, target_voltage 400, actual_voltage 0, bpt_active false[1;0m
2026-08-05 05:27:36.581326 [[1;37mINFO[0m] [1;32mevse_manager:Ev[0m [1;36m[0m [1;30m:[0m[1;32m[0m: VoltagePlausibilityMonitor, start monitoring
2026-08-05 05:27:36.616418 [[1;37mINFO[0m] [1;32mevse_manager:Ev[0m [1;36m[0m [1;30m:[0m[1;32m[0m: [1;34mEVSE IEC Charger state: PrepareCharging->Charging[1;0m
2026-08-05 05:27:36.617188 [[1;37mINFO[0m] [1;32mevse_manager:Ev[0m [1;36m[0m [1;30m:[0m[1;32m[0m: [1;34mEVSE ISO V2G DcChargeLoopRes[1;0m
2026-08-05 05:27:36.617655 [[1;37mINFO[0m] [1;32mevse_manager:Ev[0m [1;36m[0m [1;30m:[0m[1;32m[0m: Timing statistics (Plugin to CurrentDemand)
2026-08-05 05:27:36.617674 [[1;37mINFO[0m] [1;32mevse_manager:Ev[0m [1;36m[0m [1;30m:[0m[1;32m[0m: -------------------------------------------
2026-08-05 05:27:36.617682 [[1;37mINFO[0m] [1;32mevse_manager:Ev[0m [1;36m[0m [1;30m:[0m[1;32m[0m: ConnSetup | HLC_PWM_5%_ON: 719 ms | D-LINK_READY: 1512 ms | Auth EIM Done: 22967 ms | Total: 25767 ms
2026-08-05 05:27:36.617688 [[1;37mINFO[0m] [1;32mevse_manager:Ev[0m [1;36m[0m [1;30m:[0m[1;32m[0m: CableCheck | <60V: 0 ms | Relay On: 424 ms | EVInfo: 0 ms | VRampUp: 349 ms | Self test: 3051 ms | Measure: 90 ms | VRampDown: 361 ms | Total: 4345 ms
2026-08-05 05:27:36.617694 [[1;37mINFO[0m] [1;32mevse_manager:Ev[0m [1;36m[0m [1;30m:[0m[1;32m[0m: PrepareCharging | Charging started: 387 ms | Total: 387 ms
2026-08-05 05:27:36.617700 [[1;37mINFO[0m] [1;32mevse_manager:Ev[0m [1;36m[0m [1;30m:[0m[1;32m[0m: Total duration all phases: 30500 ms
2026-08-05 05:27:36.661309 [[1;37mINFO[0m] [1;32mevse_manager:Ev[0m [1;36m[0m [1;30m:[0m[1;32m[0m: [1;34mEVSE IEC DC power supply set: 400.00V/4.28A, requested was 400.00V/4.28A.[1;0m
2026-08-05 05:27:36.661376 [[1;37mINFO[0m] [1;32mevse_manager:Ev[0m [1;36m[0m [1;30m:[0m[1;32m[0m:                                     [1;33mCAR ISO V2G DcChargeLoopReq[1;0m
2026-08-05 05:27:36.661336 [[1;37mINFO[0m] [1;32mevse_manager:Ev[0m [1;36m[0m [1;30m:[0m[1;32m[0m: [1;34mEVSE IEC DC power supply set: 400.00V/55.20A, requested was 400.00V/55.20A.[1;0m
2026-08-05 05:27:36.674083 [[1;33mWARN[0m] [1;32mevse_manager:Ev[0m [1;36mvoid module::EvseManager::process_dc_ev_target_voltage_current(const types::iso15118::DcEvseMaximumLimits&)[0m [1;30m:[0m[1;32m[0m: EV ignores new EVSE max limits. Setting target current to new EVSE max limits
2026-08-05 05:27:36.717341 [[1;37mINFO[0m] [1;32mevse_manager:Ev[0m [1;36m[0m [1;30m:[0m[1;32m[0m: [1;34mEVSE ISO V2G DcChargeLoopRes[1;0m
2026-08-05 05:27:36.761350 [[1;37mINFO[0m] [1;32mevse_manager:Ev[0m [1;36m[0m [1;30m:[0m[1;32m[0m:                                     [1;33mCAR ISO V2G DcChargeLoopReq[1;0m
2026-08-05 05:27:36.761381 [[1;37mINFO[0m] [1;32mevse_manager:Ev[0m [1;36m[0m [1;30m:[0m[1;32m[0m: [1;34mEVSE IEC DC power supply set: 400.00V/55.20A, requested was 400.00V/55.20A.[1;0m
2026-08-05 05:27:36.805417 [[1;37mINFO[0m] [1;32mevse_manager:Ev[0m [1;36m[0m [1;30m:[0m[1;32m[0m: [1;34mEVSE IEC Isolation measurement Ok R_F 900000.[1;0m
2026-08-05 05:27:36.805577 [[1;37mINFO[0m] [1;32mevse_manager:Ev[0m [1;36m[0m [1;30m:[0m[1;32m[0m: [1;34mEVSE ISO V2G DcChargeLoopRes[1;0m
2026-08-05 05:27:36.806327 [[1;33mWARN[0m] [1;32mevse_manager:Ev[0m [1;36mvoid module::EvseManager::process_dc_ev_target_voltage_current(const types::iso15118::DcEvseMaximumLimits&)[0m [1;30m:[0m[1;32m[0m: EV ignores new EVSE max limits. Setting target current to new EVSE max limits
2026-08-05 05:27:36.849267 [[1;37mINFO[0m] [1;32mevse_manager:Ev[0m [1;36m[0m [1;30m:[0m[1;32m[0m: VoltagePlausibilityMonitor, stop monitoring
2026-08-05 05:27:36.849325 [[1;37mINFO[0m] [1;32mevse_manager:Ev[0m [1;36m[0m [1;30m:[0m[1;32m[0m:                                     [1;33mCAR ISO V2G PowerDeliveryReq[1;0m
2026-08-05 05:27:36.849386 [[1;37mINFO[0m] [1;32mevse_manager:Ev[0m [1;36m[0m [1;30m:[0m[1;32m[0m: [1;34mEVSE IEC DC power supply OFF[1;0m
2026-08-05 05:27:36.850207 [[1;37mINFO[0m] [1;32mpowersupply_dc:[0m [1;36m[0m [1;30m:[0m[1;32m[0m: Set mode: Off ChargingPhase: Charging
2026-08-05 05:27:36.893322 [[1;37mINFO[0m] [1;32mevse_manager:Ev[0m [1;36m[0m [1;30m:[0m[1;32m[0m: [1;34mEVSE IEC DC power supply OFF[1;0m
2026-08-05 05:27:36.893399 [[1;37mINFO[0m] [1;32mevse_manager:Ev[0m [1;36m[0m [1;30m:[0m[1;32m[0m: [1;34mEVSE ISO V2G PowerDeliveryRes[1;0m
2026-08-05 05:27:36.893707 [[1;37mINFO[0m] [1;32mevse_manager:Ev[0m [1;36m[0m [1;30m:[0m[1;32m[0m:                                     [1;33mCAR ISO V2G DcWeldingDetectionReq[1;0m
2026-08-05 05:27:36.897116 [[1;37mINFO[0m] [1;32mpowersupply_dc:[0m [1;36m[0m [1;30m:[0m[1;32m[0m: Set mode: Off ChargingPhase: Other
2026-08-05 05:27:36.938158 [[1;37mINFO[0m] [1;32mimd:IMDSimulato[0m [1;36m[0m [1;30m:[0m[1;32m[0m: Stopped simulated isolation monitoring
2026-08-05 05:27:36.984354 [[1;37mINFO[0m] [1;32mevse_manager:Ev[0m [1;36m[0m [1;30m:[0m[1;32m[0m: [1;34mEVSE ISO V2G DcWeldingDetectionRes[1;0m
2026-08-05 05:27:36.985955 [[1;37mINFO[0m] [1;32mevse_manager:Ev[0m [1;36m[0m [1;30m:[0m[1;32m[0m:                                     [1;33mCAR ISO V2G SessionStopReq[1;0m
2026-08-05 05:27:37.084898 [[1;37mINFO[0m] [1;32mevse_manager:Ev[0m [1;36m[0m [1;30m:[0m[1;32m[0m: [1;34mEVSE ISO V2G SessionStopRes[1;0m
2026-08-05 05:27:41.824653 [[1;37mINFO[0m] [1;32mevse_manager:Ev[0m [1;36m[0m [1;30m:[0m[1;32m[0m: [1;34mEVSE IEC DC power supply set: 400.00V/55.20A, requested was 400.00V/55.20A.[1;0m
2026-08-05 05:27:41.869377 [[1;37mINFO[0m] [1;32mevse_manager:Ev[0m [1;36m[0m [1;30m:[0m[1;32m[0m: [1;34mEVSE IEC DC power supply: switch ON called, ChargingPhase: Other[1;0m
2026-08-05 05:27:41.870378 [[1;37mINFO[0m] [1;32mpowersupply_dc:[0m [1;36m[0m [1;30m:[0m[1;32m[0m: Set mode: Export ChargingPhase: Other
2026-08-05 05:27:41.913281 [[1;33mWARN[0m] [1;32mevse_manager:Ev[0m [1;36mvoid module::EvseManager::process_dc_ev_target_voltage_current(const types::iso15118::DcEvseMaximumLimits&)[0m [1;30m:[0m[1;32m[0m: EV ignores new EVSE max limits. Setting target current to new EVSE max limits
2026-08-05 05:27:42.084239 [[1;37mINFO[0m] [1;32miso15118_charge[0m [1;36m[0m [1;30m:[0m[1;32m[0m: Closing TLS connection
2026-08-05 05:27:42.084484 [[1;37mINFO[0m] [1;32miso15118_charge[0m [1;36m[0m [1;30m:[0m[1;32m[0m: TLS connection closed gracefully
2026-08-05 05:27:42.084503 [[1;37mINFO[0m] [1;32miso15118_charge[0m [1;36m[0m [1;30m:[0m[1;32m[0m: Connection is closed
2026-08-05 05:27:42.101233 [[1;37mINFO[0m] [1;32mevse_manager:Ev[0m [1;36m[0m [1;30m:[0m[1;32m[0m: [1;34mEVSE ISO D-LINK_TERMINATE.req[1;0m
2026-08-05 05:27:42.101415 [[1;37mINFO[0m] [1;32mevse_manager:Ev[0m [1;36m[0m [1;30m:[0m[1;32m[0m: [1;34mEVSE IEC Set PWM Off[1;0m
2026-08-05 05:27:42.193238 [[1;37mINFO[0m] [1;32mevse_manager:Ev[0m [1;36m[0m [1;30m:[0m[1;32m[0m: [1;34mEVSE ISO SLAC UNMATCHED[1;0m
2026-08-05 05:27:42.193294 [[1;37mINFO[0m] [1;32mevse_manager:Ev[0m [1;36m[0m [1;30m:[0m[1;32m[0m: [1;34mEVSE ISO D-LINK_READY (false)[1;0m
2026-08-05 05:27:43.105767 [[1;37mINFO[0m] [1;32mevse_manager:Ev[0m [1;36m[0m [1;30m:[0m[1;32m[0m: [1;34mEVSE ISO Change HLC Limits: 22080W/55.2A, target_voltage 400, actual_voltage 400, bpt_active false[1;0m
2026-08-05 05:27:48.146715 [[1;33mWARN[0m] [1;32mevse_manager:Ev[0m [1;36mstd::queue<module::CPEvent> module::IECStateMachine::state_machine(std::optional<module::RawCPState>)[0m [1;30m:[0m[1;32m[0m: Timeout of 6 seconds reached, EV did not go back to state B after PWM was switched off. Powering off under load.
2026-08-05 05:27:48.252122 [[1;37mINFO[0m] [1;32mevse_manager:Ev[0m [1;36m[0m [1;30m:[0m[1;32m[0m: [1;34mEVSE IEC DC power supply set: 400.00V/55.20A, requested was 400.00V/55.20A.[1;0m
2026-08-05 05:27:48.253920 [[1;33mWARN[0m] [1;32mevse_manager:Ev[0m [1;36mvoid module::EvseManager::process_dc_ev_target_voltage_current(const types::iso15118::DcEvseMaximumLimits&)[0m [1;30m:[0m[1;32m[0m: EV ignores new EVSE max limits. Setting target current to new EVSE max limits
2026-08-05 05:27:48.297275 [[1;37mINFO[0m] [1;32mevse_manager:Ev[0m [1;36m[0m [1;30m:[0m[1;32m[0m: [1;34mEVSE IEC Event PowerOff[1;0m
2026-08-05 05:27:53.302747 [[1;33mWARN[0m] [1;32mevse_manager:Ev[0m [1;36mvoid module::EvseManager::process_dc_ev_target_voltage_current(const types::iso15118::DcEvseMaximumLimits&)[0m [1;30m:[0m[1;32m[0m: EV ignores new EVSE max limits. Setting target current to new EVSE max limits
