Test run for /home/ahzf/i15118/ISO15118ConformanceTests.Simulation/bin/Release/net10.0/ISO15118ConformanceTests.Simulation.dll (.NETCoreApp,Version=v10.0)
A total of 1 test files matched the specified pattern.
/home/ahzf/i15118/ISO15118ConformanceTests.Simulation/bin/Release/net10.0/ISO15118ConformanceTests.Simulation.dll
NUnit Adapter 4.6.0.0: Test execution started
Running selected tests in /home/ahzf/i15118/ISO15118ConformanceTests.Simulation/bin/Release/net10.0/ISO15118ConformanceTests.Simulation.dll
   NUnit3TestExecutor discovered 1 of 1 NUnit test cases using Current Discovery mode, Explicit run
Connecting to their SECC at [fe80::215:5dff:fe07:f821%2]:64109 ...
TLS: Tls12, TLS_ECDHE_ECDSA_WITH_AES_128_CBC_SHA256, their station DC=CPO, C=DE, O=EVerest, CN=SECCCert
PnC: contract DC=MO, C=DE, O=EVerest, CN=UKSWI123456789A (+2 sub-CA(s)), 256-bit EC.
Provisioning: Install with DC=MO, C=DE, O=EVerest, CN=UKSWI123456789A (+2 sub-CA(s)), 256-bit EC.
Recorded:
  /tmp/certupd-install/everest-iso15118-2-dc-forward.ev-to-station.bin
  /tmp/certupd-install/everest-iso15118-2-dc-forward.station-to-ev.bin
  /tmp/certupd-install/everest-iso15118-2-dc-forward.frames.log
  /tmp/certupd-install/everest-iso15118-2-dc-forward.flow.md
  /tmp/certupd-install/everest-iso15118-2-dc-forward.trace-not-built.txt

NUnit Adapter 4.6.0.0: Test execution complete
  Failed OurEvcc_AgainstTheirEvseV2G_RunsToCompletion [4 s]
  Error Message:
   cloud.charging.open.protocols.ISO15118.Session.SessionAborted : the station answered CertificateInstallationResType with FAILED; the session ends here.
  Stack Trace:
     at cloud.charging.open.protocols.ISO15118.StateMachines.Iso2.Evcc2.RefuseOnFailure(BodyBaseType body) in /home/ahzf/i15118/libs/EVSimulatorApp/libs/WWCP_ISO15118/WWCP_ISO15118_Session/StateMachines/Iso2/Evcc2.cs:line 867
   at cloud.charging.open.protocols.ISO15118.StateMachines.Iso2.Evcc2.Send[T](BodyBaseType requestBody, CancellationToken ct, SignatureType signature) in /home/ahzf/i15118/libs/EVSimulatorApp/libs/WWCP_ISO15118/WWCP_ISO15118_Session/StateMachines/Iso2/Evcc2.cs:line 824
   at cloud.charging.open.protocols.ISO15118.StateMachines.Iso2.Evcc2.RunCertificateProvisioningAsync(Iso2CertInstallOptions options, CancellationToken ct) in /home/ahzf/i15118/libs/EVSimulatorApp/libs/WWCP_ISO15118/WWCP_ISO15118_Session/StateMachines/Iso2/Evcc2.cs:line 653
   at cloud.charging.open.protocols.ISO15118.StateMachines.Iso2.Evcc2.RunAsync(CancellationToken ct) in /home/ahzf/i15118/libs/EVSimulatorApp/libs/WWCP_ISO15118/WWCP_ISO15118_Session/StateMachines/Iso2/Evcc2.cs:line 340
   at ISO15118ConformanceTests.Simulation.Interop.InteropSession.RunEvccAsync(Stream stream, ProtocolVariant protocol, PowerMode mode, CancellationToken ct, Boolean preferDynamic, PncEvccOptions pnc, Boolean mcs, Boolean bptFirst, Boolean requestMeterInfo, Nullable`1 silentInChargeLoop, Byte[] sendSessionId, IReadOnlyList`1 supportedServiceIds, Iso2CertInstallOptions certificateProvisioning, Boolean renegotiate, Nullable`1 ongoingTimeout) in /home/ahzf/i15118/ISO15118ConformanceTests.Simulation/Interop/InteropSession.cs:line 276
   at ISO15118ConformanceTests.Simulation.Interop.EverestInteropTests.OurEvcc_AgainstTheirEvseV2G_RunsToCompletion() in /home/ahzf/i15118/ISO15118ConformanceTests.Simulation/Interop/EverestInteropTests.cs:line 157
   at NUnit.Framework.Internal.TaskAwaitAdapter.GenericAdapter`1.BlockUntilCompleted()
   at NUnit.Framework.Internal.MessagePumpStrategy.NoMessagePumpStrategy.WaitForCompletion(AwaitAdapter awaiter)
   at NUnit.Framework.Internal.AsyncToSyncAdapter.Await[TResult](Func`1 invoke)
   at NUnit.Framework.Internal.AsyncToSyncAdapter.Await(Func`1 invoke)
   at NUnit.Framework.Internal.Commands.TestMethodCommand.RunTestMethod(TestExecutionContext context)
   at NUnit.Framework.Internal.Commands.TestMethodCommand.Execute(TestExecutionContext context)
   at NUnit.Framework.Internal.Execution.SimpleWorkItem.<>c__DisplayClass3_0.<PerformWork>b__0()
   at NUnit.Framework.Internal.ContextUtils.<>c__DisplayClass1_0`1.<DoIsolated>b__0(Object _)
   at System.Threading.ExecutionContext.RunInternal(ExecutionContext executionContext, ContextCallback callback, Object state)
--- End of stack trace from previous location ---
   at System.Threading.ExecutionContext.RunInternal(ExecutionContext executionContext, ContextCallback callback, Object state)
   at NUnit.Framework.Internal.ContextUtils.DoIsolated(ContextCallback callback, Object state)
   at NUnit.Framework.Internal.ContextUtils.DoIsolated[T](Func`1 func)
   at NUnit.Framework.Internal.Execution.SimpleWorkItem.PerformWork()

  Standard Output Messages:
 Connecting to their SECC at [fe80::215:5dff:fe07:f821%2]:64109 ...
 TLS: Tls12, TLS_ECDHE_ECDSA_WITH_AES_128_CBC_SHA256, their station DC=CPO, C=DE, O=EVerest, CN=SECCCert
 PnC: contract DC=MO, C=DE, O=EVerest, CN=UKSWI123456789A (+2 sub-CA(s)), 256-bit EC.
 Provisioning: Install with DC=MO, C=DE, O=EVerest, CN=UKSWI123456789A (+2 sub-CA(s)), 256-bit EC.
 Recorded:
   /tmp/certupd-install/everest-iso15118-2-dc-forward.ev-to-station.bin
   /tmp/certupd-install/everest-iso15118-2-dc-forward.station-to-ev.bin
   /tmp/certupd-install/everest-iso15118-2-dc-forward.frames.log
   /tmp/certupd-install/everest-iso15118-2-dc-forward.flow.md
   /tmp/certupd-install/everest-iso15118-2-dc-forward.trace-not-built.txt



Test Run Failed.
Total tests: 1
     Failed: 1
 Total time: 5.6803 Seconds
