# Frames as recorded, per direction. Ordering within a direction is real;
# the two directions are not interleaved, because the recording has no timestamps.

## EV -> station: 580 byte(s), 15 frame(s)
[0] SupportedAppProtocolReq payloadType=0x8001 bytes=45
    01fe8001000000258000f3ab9371d34b9b79d39ba321d34b9b79d189a98989c1d1699181d22218010000040040
[1] SessionSetupReq payloadType=0x8002 bytes=47
    01fe800200000027808c0418181818181818180e6a4d4d30620b22a2232b23291899199a1a9b1b9c1cad2d2d2d1c00
[2] AuthorizationSetupReq payloadType=0x8002 bytes=25
    01fe8002000000118008041fcdccb1019981548e7a4d4d3062
[3] AuthorizationReq payloadType=0x8002 bytes=26
    01fe8002000000128000041fcdccb1019981548e7a4d4d306200
[4] ServiceDiscoveryReq payloadType=0x8002 bytes=29
    01fe800200000015807c041fcdccb1019981548e7a4d4d306200400c40
[5] ServiceDetailReq payloadType=0x8002 bytes=27
    01fe8002000000138074041fcdccb1019981548e7a4d4d30620300
[6] ServiceSelectionReq payloadType=0x8002 bytes=29
    01fe8002000000158084041fcdccb1019981548e7a4d4d306201800880
[7] DC_ChargeParameterDiscoveryReq payloadType=0x8004 bytes=68
    01fe80040000003c803c041fcdccb1019981548e7a4d4d30620810a01f04007a8081f8291640fa1520a0800e80204005b010280408601282003d00c0fc124d607d0ed0a0
[8] ScheduleExchangeReq payloadType=0x8002 bytes=43
    01fe800200000023806c041fcdccb1019981548e7a4d4d30627e80000001402043c0a41021586807d00020
[9] DC_CableCheckReq payloadType=0x8004 bytes=25
    01fe800400000011802c041fcdccb1019981548e7a4d4d3062
[10] DC_PreChargeReq payloadType=0x8004 bytes=33
    01fe8004000000198044041fcdccb1019981548e7a4d4d306221000000800ca020
[11] DC_PreChargeReq payloadType=0x8004 bytes=34
    01fe80040000001a8044041fcdccb1019981548e7a4d4d3062210010c06080086030
[12] DC_PreChargeReq payloadType=0x8004 bytes=34
    01fe80040000001a8044041fcdccb1019981548e7a4d4d3062010010c06080086030
[13] PowerDeliveryReq payloadType=0x8002 bytes=27
    01fe8002000000138054041fcdccb1019981548e7a4d4d30620040
[14] DC_ChargeLoopReq payloadType=0x8004 bytes=88
    01fe8004000000508034041fcdccb1019981548e7a4d4d306201e00000a006430106086202002180c00002043c0a41021586807d0000408500f82003d4040fc148b20800e80204005b010204300941001e80607e0926b200

## station -> EV: 615 byte(s), 15 frame(s)
[0] SupportedAppProtocolRes (OK_SuccessfulNegotiation) payloadType=0x8001 bytes=12
    01fe80010000000480400040
[1] SessionSetupRes (OK_NewSessionEstablished) payloadType=0x8002 bytes=37
    01fe80020000001d8090041fcdccb1019981548e7a4d4d30620402d1114a905090ca914c40
[2] AuthorizationSetupRes (OK) payloadType=0x8002 bytes=28
    01fe800200000014800c041fcdccb1019981548e7a4d4d3062000400
[3] AuthorizationRes (OK) payloadType=0x8002 bytes=27
    01fe8002000000138004041fcdccb1019981548e7a4d4d30620000
[4] ServiceDiscoveryRes (OK) payloadType=0x8002 bytes=32
    01fe8002000000188080041fcdccb1019981548e7a4d4d306200200210018450
[5] ServiceDetailRes (OK) payloadType=0x8002 bytes=146
    01fe80020000008a8078041fcdccb1019981548e7a4d4d30620001800402d0dbdb9b9958dd1bdc980200d436f6e74726f6c4d6f6465601004d35bd89a5b1a5d1e539959591cd35bd919580200950726963696e67600080080b436f6e6e6563746f7260080350dbdb9d1c9bdb135bd91958020134d6f62696c6974794e656564734d6f6465600802541c9a58da5b99d800280
[6] ServiceSelectionRes (OK) payloadType=0x8002 bytes=27
    01fe8002000000138088041fcdccb1019981548e7a4d4d30620000
[7] DC_ChargeParameterDiscoveryRes (OK) payloadType=0x8004 bytes=63
    01fe8004000000378040041fcdccb1019981548e7a4d4d3062000408441382000001001900208000004007a0182000c8481088270400000200320041000000
[8] ScheduleExchangeRes (OK) payloadType=0x8002 bytes=30
    01fe8002000000168070041fcdccb1019981548e7a4d4d30620000000040
[9] DC_CableCheckRes (OK) payloadType=0x8004 bytes=27
    01fe8004000000138030041fcdccb1019981548e7a4d4d30620000
[10] DC_PreChargeRes (OK) payloadType=0x8004 bytes=31
    01fe8004000000178048041fcdccb1019981548e7a4d4d30620010010c0600
[11] DC_PreChargeRes (OK) payloadType=0x8004 bytes=31
    01fe8004000000178048041fcdccb1019981548e7a4d4d30620010010c0600
[12] DC_PreChargeRes (OK) payloadType=0x8004 bytes=31
    01fe8004000000178048041fcdccb1019981548e7a4d4d30620010010c0600
[13] PowerDeliveryRes (OK) payloadType=0x8002 bytes=27
    01fe8002000000138058041fcdccb1019981548e7a4d4d30620040
[14] DC_ChargeLoopRes (OK) payloadType=0x8004 bytes=66
    01fe80040000003a8038041fcdccb1019981548e7a4d4d30620064003c02002400c0001081088270400000200320041001e806081088270400000200320041000640
