2026-08-10 18:17:37.967075 [INFO] manager          ::   ________      __                _   
2026-08-10 18:17:37.967278 [INFO] manager          ::  |  ____\ \    / /               | |
2026-08-10 18:17:37.967287 [INFO] manager          ::  | |__   \ \  / /__ _ __ ___  ___| |_
2026-08-10 18:17:37.967293 [INFO] manager          ::  |  __|   \ \/ / _ \ '__/ _ \/ __| __|
2026-08-10 18:17:37.967299 [INFO] manager          ::  | |____   \  /  __/ | |  __/\__ \ |_
2026-08-10 18:17:37.967305 [INFO] manager          ::  |______|   \/ \___|_|  \___||___/\__|
2026-08-10 18:17:37.967310 [INFO] manager          :: 
2026-08-10 18:17:37.967316 [INFO] manager          :: everest-framework 0.25.0-dev 2026.02.1
2026-08-10 18:17:37.967322 [INFO] manager          :: everest-core 2026.02.1-dev 2026.02.1
2026-08-10 18:17:37.967328 [INFO] manager          :: 
2026-08-10 18:17:37.967334 [INFO] manager          :: Using MQTT broker localhost:1883
2026-08-10 18:17:37.990823 [INFO] manager          :: Boot mode is set to YamlFile, loading module configs from YAML file
2026-08-10 18:17:37.990979 [INFO] manager          :: Loading config file at: /home/ahzf/everest/configs-ours/config-d20-tls12-ours.yaml
2026-08-10 18:17:38.137546 [INFO] manager          :: Config loading completed in 170ms
2026-08-10 18:17:38.140001 [INFO] manager          :: Starting 18 modules
2026-08-10 18:17:40.371451 [INFO] api_sink:Energy  :: Module api_sink initialized [2194ms]
2026-08-10 18:17:40.392095 [INFO] api:API          :: Module api initialized [2218ms]
2026-08-10 18:17:40.395999 [INFO] auth:Auth        :: Module auth initialized [2213ms]
2026-08-10 18:17:40.402200 [INFO] energy_manager:  :: Module energy_manager initialized [2213ms]
2026-08-10 18:17:40.402901 [INFO] ev_api:EvAPI     :: Module ev_api initialized [2205ms]
2026-08-10 18:17:40.407375 [INFO] error_history:E  :: Using database at "/tmp/error_history.db"
2026-08-10 18:17:40.407791 [INFO] error_history:E  :: Checking database
2026-08-10 18:17:40.408810 [INFO] grid_connection  :: Module grid_connection_point initialized [2194ms]
2026-08-10 18:17:40.410088 [INFO] error_history:E  :: Module error_history initialized [2217ms]
2026-08-10 18:17:40.417655 [INFO] imd:IMDSimulato  :: Module imd initialized [2197ms]
2026-08-10 18:17:40.432521 [INFO] evse_security:E  :: Module evse_security initialized [2217ms]
2026-08-10 18:17:40.434065 [INFO] evse_manager:Ev  :: Module evse_manager initialized [2217ms]
2026-08-10 18:17:40.435404 [INFO] powersupply_dc:  :: Module powersupply_dc initialized [2198ms]
2026-08-10 18:17:40.436022 [INFO] ev_manager:EvMa  :: Module ev_manager initialized [2234ms]
2026-08-10 18:17:40.439716 [INFO] iso15118_charge  :: Module iso15118_charger initialized [2203ms]
2026-08-10 18:17:40.448477 [INFO] slac:SlacSimula  :: Module slac initialized [2206ms]
2026-08-10 18:17:40.449358 [INFO] token_provider:  :: Module token_provider initialized [2201ms]
2026-08-10 18:17:40.459139 [INFO] token_validator  :: Module token_validator initialized [2207ms]
2026-08-10 18:17:40.462961 [INFO] yeti_driver:Yet  :: Module yeti_driver initialized [2208ms]
2026-08-10 18:17:41.090015 [INFO] iso15118_car     :: Module iso15118_car initialized [2207ms]
2026-08-10 18:17:41.133913 [INFO] manager          :: Clearing retained topics published by manager during startup
2026-08-10 18:17:41.135373 [INFO] manager          :: 🚙🚙🚙 All modules are initialized. EVerest up and running [3174ms] 🚙🚙🚙
2026-08-10 18:17:41.322902 [WARN] auth:Auth       void module::ReservationHandler::load_reservations() :: Can not load reservations because no storage was configured.
2026-08-10 18:17:41.641678 [INFO] evse_manager:Ev  :: Ignoring BSP Event, BSP is not enabled yet.
2026-08-10 18:17:41.739515 [INFO] evse_security:E  :: Requesting leaf certificate info: V2G
2026-08-10 18:17:41.744283 [INFO] evse_security:E  :: Found valid leaf: ["/home/ahzf/everest/dist/etc/everest/certs/client/cso/CPO_CERT_CHAIN.pem"]
2026-08-10 18:17:41.744379 [INFO] evse_security:E  :: Not requiring all valid leafs, returning
2026-08-10 18:17:41.830566 [INFO] evse_security:E  :: Requesting certificate file: [V2G] file:"/home/ahzf/everest/dist/etc/everest/certs/ca/v2g/V2G_ROOT_CA.pem"
2026-08-10 18:17:41.875499 [INFO] evse_security:E  :: Requesting certificate file: [MO] file:"/home/ahzf/everest/dist/etc/everest/certs/ca/mo/MO_ROOT_CA.pem"
2026-08-10 18:17:41.922210 [INFO] iso15118_charge  :: Using ethernet interface: eth0
2026-08-10 18:17:41.922310 [INFO] iso15118_charge  :: Starting SDP server with address: ::
2026-08-10 18:17:42.105861 [INFO] evse_manager:Ev  :: Cleaning up any other transaction on start up
2026-08-10 18:17:42.238949 [INFO] evse_manager:Ev  :: 🌀🌀🌀 Ready to start charging 🌀🌀🌀
2026-08-10 18:17:45.974224 [INFO] iso15118_charge  :: Got SDP request from fe80::215:5dff:fe6b:3d4%eth0
2026-08-10 18:17:45.978550 [INFO] iso15118_charge  :: Start TLS server [fe80::215:5dff:fe6b:3d4%eth0]:50000
2026-08-10 18:17:45.979447 [INFO] iso15118_charge  :: Created logfile at: /home/ahzf/everest/./260810_16-17-45.yaml
2026-08-10 18:17:46.503435 [INFO] iso15118_charge  :: Incoming connection from [fe80::215:5dff:fe6b:3d4%eth0]:43518
2026-08-10 18:17:46.503822 [INFO] iso15118_charge  :: Client supports TLS1.3: Change verify mode to SSL_VERIFY_PEER and SSL_VERIFY_FAIL_IF_NO_PEER_CERT
2026-08-10 18:17:46.506348 [ERRO] iso15118_charge module::charger::ISO15118_chargerImpl::init()::<lambda(const iso15118::LogLevel&, const std::string&)> :: Shutdown loop() because of: Failed to SSL_accept(): 1: C0F6FFAB28760000:error:0A0000C7:SSL routines:tls_process_client_certificate:peer did not return a certificate:../ssl/statem/statem_srvr.c:3751:
