2026-08-10 18:17:51.031555 [INFO] manager          ::   ________      __                _   
2026-08-10 18:17:51.031735 [INFO] manager          ::  |  ____\ \    / /               | |
2026-08-10 18:17:51.031745 [INFO] manager          ::  | |__   \ \  / /__ _ __ ___  ___| |_
2026-08-10 18:17:51.031750 [INFO] manager          ::  |  __|   \ \/ / _ \ '__/ _ \/ __| __|
2026-08-10 18:17:51.031756 [INFO] manager          ::  | |____   \  /  __/ | |  __/\__ \ |_
2026-08-10 18:17:51.031762 [INFO] manager          ::  |______|   \/ \___|_|  \___||___/\__|
2026-08-10 18:17:51.031767 [INFO] manager          :: 
2026-08-10 18:17:51.031773 [INFO] manager          :: everest-framework 0.25.0-dev 2026.02.1
2026-08-10 18:17:51.031779 [INFO] manager          :: everest-core 2026.02.1-dev 2026.02.1
2026-08-10 18:17:51.031785 [INFO] manager          :: 
2026-08-10 18:17:51.031791 [INFO] manager          :: Using MQTT broker localhost:1883
2026-08-10 18:17:51.052545 [INFO] manager          :: Boot mode is set to YamlFile, loading module configs from YAML file
2026-08-10 18:17:51.052652 [INFO] manager          :: Loading config file at: /home/ahzf/everest/configs-ours/config-d20-tls12-ours.yaml
2026-08-10 18:17:51.181793 [INFO] manager          :: Config loading completed in 149ms
2026-08-10 18:17:51.183834 [INFO] manager          :: Starting 18 modules
2026-08-10 18:17:53.422009 [INFO] energy_manager:  :: Module energy_manager initialized [2211ms]
2026-08-10 18:17:53.422386 [INFO] ev_api:EvAPI     :: Module ev_api initialized [2210ms]
2026-08-10 18:17:53.424475 [INFO] yeti_driver:Yet  :: Module yeti_driver initialized [2197ms]
2026-08-10 18:17:53.425409 [INFO] iso15118_charge  :: Module iso15118_charger initialized [2201ms]
2026-08-10 18:17:53.434885 [INFO] api_sink:Energy  :: Module api_sink initialized [2227ms]
2026-08-10 18:17:53.435014 [INFO] grid_connection  :: Module grid_connection_point initialized [2216ms]
2026-08-10 18:17:53.458517 [INFO] imd:IMDSimulato  :: Module imd initialized [2238ms]
2026-08-10 18:17:53.460489 [INFO] token_provider:  :: Module token_provider initialized [2232ms]2026-08-10 18:17:53.460456 [INFO] evse_security:E  :: Module evse_security initialized [2241ms]
2026-08-10 18:17:53.460630 [INFO] token_validator  :: Module token_validator initialized [2232ms]
2026-08-10 18:17:53.461356 [INFO] error_history:E  :: Using database at "/tmp/error_history.db"
2026-08-10 18:17:53.461543 [INFO] error_history:E  :: Checking database
2026-08-10 18:17:53.462189 [INFO] powersupply_dc:  :: Module powersupply_dc initialized [2240ms]
2026-08-10 18:17:53.462878 [INFO] error_history:E  :: Module error_history initialized [2252ms]
2026-08-10 18:17:53.465584 [INFO] ev_manager:EvMa  :: Module ev_manager initialized [2249ms]
2026-08-10 18:17:53.466409 [INFO] api:API          :: Module api initialized [2258ms]
2026-08-10 18:17:53.471640 [INFO] evse_manager:Ev  :: Module evse_manager initialized [2252ms]
2026-08-10 18:17:53.504249 [INFO] slac:SlacSimula  :: Module slac initialized [2279ms]
2026-08-10 18:17:53.506049 [INFO] auth:Auth        :: Module auth initialized [2296ms]
2026-08-10 18:17:53.869626 [INFO] iso15118_car     :: Module iso15118_car initialized [2221ms]
2026-08-10 18:17:53.870378 [INFO] manager          :: Clearing retained topics published by manager during startup
2026-08-10 18:17:53.871769 [INFO] manager          :: 🚙🚙🚙 All modules are initialized. EVerest up and running [2846ms] 🚙🚙🚙
2026-08-10 18:17:54.070235 [WARN] auth:Auth       void module::ReservationHandler::load_reservations() :: Can not load reservations because no storage was configured.
2026-08-10 18:17:54.381716 [INFO] evse_manager:Ev  :: Ignoring BSP Event, BSP is not enabled yet.
2026-08-10 18:17:54.475349 [INFO] evse_security:E  :: Requesting leaf certificate info: V2G
2026-08-10 18:17:54.479362 [INFO] evse_security:E  :: Found valid leaf: ["/home/ahzf/everest/dist/etc/everest/certs/client/cso/CPO_CERT_CHAIN.pem"]
2026-08-10 18:17:54.479434 [INFO] evse_security:E  :: Not requiring all valid leafs, returning
2026-08-10 18:17:54.521992 [INFO] evse_security:E  :: Requesting certificate file: [V2G] file:"/home/ahzf/everest/dist/etc/everest/certs/ca/v2g/V2G_ROOT_CA.pem"
2026-08-10 18:17:54.570162 [INFO] evse_security:E  :: Requesting certificate file: [MO] file:"/home/ahzf/everest/dist/etc/everest/certs/ca/mo/MO_ROOT_CA.pem"
2026-08-10 18:17:54.605994 [INFO] iso15118_charge  :: Using ethernet interface: eth0
2026-08-10 18:17:54.606078 [INFO] iso15118_charge  :: Starting SDP server with address: ::
2026-08-10 18:17:55.049883 [INFO] evse_manager:Ev  :: Cleaning up any other transaction on start up
2026-08-10 18:17:55.182871 [INFO] evse_manager:Ev  :: 🌀🌀🌀 Ready to start charging 🌀🌀🌀
2026-08-10 18:17:59.038981 [INFO] iso15118_charge  :: Got SDP request from fe80::215:5dff:fe6b:3d4%eth0
2026-08-10 18:17:59.043289 [INFO] iso15118_charge  :: Start TLS server [fe80::215:5dff:fe6b:3d4%eth0]:50000
2026-08-10 18:17:59.043536 [INFO] iso15118_charge  :: Created logfile at: /home/ahzf/everest/./260810_16-17-59.yaml
2026-08-10 18:17:59.567484 [INFO] iso15118_charge  :: Incoming connection from [fe80::215:5dff:fe6b:3d4%eth0]:46814
2026-08-10 18:17:59.569240 [INFO] iso15118_charge  :: Handshake complete!
2026-08-10 18:17:59.569702 [ERRO] iso15118_charge module::charger::ISO15118_chargerImpl::init()::<lambda(const iso15118::LogLevel&, const std::string&)> :: Shutting down session because of: Failed to SSL_read_ex(): 6
2026-08-10 18:17:59.569725 [INFO] iso15118_charge  :: Restarting session ...
2026-08-10 18:17:59.569733 [INFO] iso15118_charge  :: Closing TLS connection
2026-08-10 18:17:59.569820 [INFO] iso15118_charge  :: TLS connection closed gracefully
2026-08-10 18:17:59.569839 [INFO] iso15118_charge  :: Connection is closed
