  Determining projects to restore...
  Restored /home/ahzf/i15118/libs/EVSimulatorApp/libs/WWCP_ISO15118/WWCP_ISO15118_V2GTP/WWCP_ISO15118_V2GTP.csproj (in 180 ms).
  Restored /home/ahzf/i15118/libs/EVSimulatorApp/libs/WWCP_ISO15118/WWCP_ISO15118_NetworkInterfaces/WWCP_ISO15118_NetworkInterfaces.csproj (in 180 ms).
  Restored /home/ahzf/i15118/libs/EVSimulatorApp/libs/WWCP_ISO15118/WWCP_ISO15118_PKI/WWCP_ISO15118_PKIBuilder/WWCP_ISO15118_PKIBuilder.csproj (in 298 ms).
  Restored /home/ahzf/i15118/libs/EVSimulatorApp/libs/Styx/Styx/Styx.csproj (in 298 ms).
  Restored /home/ahzf/i15118/libs/EVSimulatorApp/libs/WWCP_ISO15118/WWCP_ISO15118_2/WWCP_ISO15118_2.csproj (in 298 ms).
  Restored /home/ahzf/i15118/libs/EVSimulatorApp/libs/WWCP_ISO15118/WWCP_ISO15118_EXI/WWCP_ISO15118_EXI.csproj (in 298 ms).
  Restored /home/ahzf/i15118/libs/EVSimulatorApp/libs/WWCP_ISO15118/WWCP_ISO15118_20.DC/WWCP_ISO15118_20.DC.csproj (in 298 ms).
  Restored /home/ahzf/i15118/libs/EVSimulatorApp/libs/WWCP_ISO15118/WWCP_ISO15118_20.ACDP/WWCP_ISO15118_20.ACDP.csproj (in 85 ms).
  Restored /home/ahzf/i15118/libs/EVSimulatorApp/libs/WWCP_ISO15118/WWCP_ISO15118_SDP/WWCP_ISO15118_SDP.csproj (in 298 ms).
  Restored /home/ahzf/i15118/libs/EVSimulatorApp/libs/WWCP_ISO15118/WWCP_ISO15118_20.AC/WWCP_ISO15118_20.AC.csproj (in 298 ms).
  Restored /home/ahzf/i15118/libs/EVSimulatorApp/libs/WWCP_ISO15118/WWCP_ISO15118_XMLDSig/WWCP_ISO15118_XMLDSig.csproj (in 298 ms).
  Restored /home/ahzf/i15118/libs/EVSimulatorApp/libs/WWCP_ISO15118/WWCP_ISO15118_EXI_SourceGenerator/WWCP_ISO15118_EXI_SourceGenerator.csproj (in 324 ms).
  Restored /home/ahzf/i15118/libs/EVSimulatorApp/libs/WWCP_ISO15118/WWCP_ISO15118_20.CommonMessages/WWCP_ISO15118_20.CommonMessages.csproj (in 6 ms).
  Restored /home/ahzf/i15118/libs/EVSimulatorApp/libs/WWCP_ISO15118/WWCP_ISO15118_20.WPT/WWCP_ISO15118_20.WPT.csproj (in 4 ms).
  Restored /home/ahzf/i15118/libs/EVSimulatorApp/libs/WWCP_ISO15118/WWCP_ISO15118_EXI_Dispatch/WWCP_ISO15118_EXI_Dispatch.csproj (in 10 ms).
  Restored /home/ahzf/i15118/libs/EVSimulatorApp/libs/Hermod/Hermod/Hermod.csproj (in 388 ms).
  Restored /home/ahzf/i15118/libs/EVSimulatorApp/libs/WWCP_ISO15118/WWCP_ISO15118_SLAC/WWCP_ISO15118_SLAC.csproj (in 174 ms).
  Restored /home/ahzf/i15118/libs/EVSimulatorApp/libs/WWCP_ISO15118/WWCP_ISO15118_SharedCC/WWCP_ISO15118_SharedCC.csproj (in 389 ms).
  Restored /home/ahzf/i15118/libs/EVSimulatorApp/libs/WWCP_ISO15118/WWCP_ISO15118_SECC/WWCP_ISO15118_SECC.csproj (in 64 ms).
  Restored /home/ahzf/i15118/libs/EVSimulatorApp/libs/WWCP_ISO15118/WWCP_ISO15118_Session/WWCP_ISO15118_Session.csproj (in 66 ms).
  Restored /home/ahzf/i15118/libs/EVSimulatorApp/simulation/EVSimulatorApp.Ocpp/EVSimulatorApp.Ocpp.csproj (in 391 ms).
  Restored /home/ahzf/i15118/ISO15118ConformanceTests.Simulation/ISO15118ConformanceTests.Simulation.csproj (in 392 ms).
  Restored /home/ahzf/i15118/libs/EVSimulatorApp/libs/WWCP_ISO15118/WWCP_ISO15118_EVCC/WWCP_ISO15118_EVCC.csproj (in 392 ms).
/home/ahzf/i15118/libs/EVSimulatorApp/libs/WWCP_ISO15118/WWCP_ISO15118_EXI_SourceGenerator/Diagnostics.cs(41,13): warning RS2008: Enable analyzer release tracking for the analyzer project containing rule 'EXIGEN003' (https://github.com/dotnet/roslyn-analyzers/blob/main/src/Microsoft.CodeAnalysis.Analyzers/ReleaseTrackingAnalyzers.Help.md) [/home/ahzf/i15118/libs/EVSimulatorApp/libs/WWCP_ISO15118/WWCP_ISO15118_EXI_SourceGenerator/WWCP_ISO15118_EXI_SourceGenerator.csproj]
/home/ahzf/i15118/libs/EVSimulatorApp/libs/WWCP_ISO15118/WWCP_ISO15118_EXI_SourceGenerator/Diagnostics.cs(25,13): warning RS2008: Enable analyzer release tracking for the analyzer project containing rule 'EXIGEN001' (https://github.com/dotnet/roslyn-analyzers/blob/main/src/Microsoft.CodeAnalysis.Analyzers/ReleaseTrackingAnalyzers.Help.md) [/home/ahzf/i15118/libs/EVSimulatorApp/libs/WWCP_ISO15118/WWCP_ISO15118_EXI_SourceGenerator/WWCP_ISO15118_EXI_SourceGenerator.csproj]
/home/ahzf/i15118/libs/EVSimulatorApp/libs/WWCP_ISO15118/WWCP_ISO15118_EXI_SourceGenerator/Diagnostics.cs(33,13): warning RS2008: Enable analyzer release tracking for the analyzer project containing rule 'EXIGEN002' (https://github.com/dotnet/roslyn-analyzers/blob/main/src/Microsoft.CodeAnalysis.Analyzers/ReleaseTrackingAnalyzers.Help.md) [/home/ahzf/i15118/libs/EVSimulatorApp/libs/WWCP_ISO15118/WWCP_ISO15118_EXI_SourceGenerator/WWCP_ISO15118_EXI_SourceGenerator.csproj]
/home/ahzf/i15118/libs/EVSimulatorApp/libs/Hermod/Hermod/PKI/PKIFactory.cs(1488,28): warning SYSLIB0057: 'X509Certificate2.X509Certificate2(byte[], string?, X509KeyStorageFlags)' is obsolete: 'Loading certificate data through the constructor or Import is obsolete. Use X509CertificateLoader instead to load certificates.' (https://aka.ms/dotnet-warnings/SYSLIB0057) [/home/ahzf/i15118/libs/EVSimulatorApp/libs/Hermod/Hermod/Hermod.csproj]
/home/ahzf/i15118/libs/EVSimulatorApp/libs/Hermod/Hermod/SMTP/SMTPSubmissionClient/ISMTPSubmissionClient.cs(85,42): warning SYSLIB0021: 'MD5CryptoServiceProvider' is obsolete: 'Derived cryptographic types are obsolete. Use the Create method on the base type instead.' (https://aka.ms/dotnet-warnings/SYSLIB0021) [/home/ahzf/i15118/libs/EVSimulatorApp/libs/Hermod/Hermod/Hermod.csproj]
/home/ahzf/i15118/libs/EVSimulatorApp/libs/Hermod/Hermod/SMTP/SMTPSubmissionClient/ISMTPSubmissionClient.cs(106,34): warning SYSLIB0021: 'MD5CryptoServiceProvider' is obsolete: 'Derived cryptographic types are obsolete. Use the Create method on the base type instead.' (https://aka.ms/dotnet-warnings/SYSLIB0021) [/home/ahzf/i15118/libs/EVSimulatorApp/libs/Hermod/Hermod/Hermod.csproj]
/home/ahzf/i15118/libs/EVSimulatorApp/libs/Hermod/Hermod/SMTP/SMTPSubmissionClient/ISMTPSubmissionClient.cs(118,34): warning SYSLIB0021: 'MD5CryptoServiceProvider' is obsolete: 'Derived cryptographic types are obsolete. Use the Create method on the base type instead.' (https://aka.ms/dotnet-warnings/SYSLIB0021) [/home/ahzf/i15118/libs/EVSimulatorApp/libs/Hermod/Hermod/Hermod.csproj]
Test run for /home/ahzf/wsl-artifacts/bin/ISO15118ConformanceTests.Simulation/release/ISO15118ConformanceTests.Simulation.dll (.NETCoreApp,Version=v10.0)
A total of 1 test files matched the specified pattern.
Passed!  - Failed:     0, Passed:     1, Skipped:     0, Total:     1, Duration: 1 s - ISO15118ConformanceTests.Simulation.dll (net10.0)
