2026-08-15 13:47:59.852698 [INFO] manager          ::   ________      __                _   
2026-08-15 13:47:59.852875 [INFO] manager          ::  |  ____\ \    / /               | |
2026-08-15 13:47:59.852887 [INFO] manager          ::  | |__   \ \  / /__ _ __ ___  ___| |_
2026-08-15 13:47:59.852893 [INFO] manager          ::  |  __|   \ \/ / _ \ '__/ _ \/ __| __|
2026-08-15 13:47:59.852899 [INFO] manager          ::  | |____   \  /  __/ | |  __/\__ \ |_
2026-08-15 13:47:59.852905 [INFO] manager          ::  |______|   \/ \___|_|  \___||___/\__|
2026-08-15 13:47:59.852910 [INFO] manager          :: 
2026-08-15 13:47:59.852916 [INFO] manager          :: everest-framework 0.25.0-dev 2026.02.1
2026-08-15 13:47:59.852922 [INFO] manager          :: everest-core 2026.02.1-dev 2026.02.1
2026-08-15 13:47:59.852928 [INFO] manager          :: 
2026-08-15 13:47:59.852935 [INFO] manager          :: Using MQTT broker localhost:1883
2026-08-15 13:47:59.872449 [INFO] manager          :: Boot mode is set to YamlFile, loading module configs from YAML file
2026-08-15 13:47:59.872498 [INFO] manager          :: Loading config file at: /home/ahzf/everest/configs-ours/config-dc2-pnc-crashprobe.yaml
2026-08-15 13:47:59.996926 [INFO] manager          :: Config loading completed in 143ms
2026-08-15 13:47:59.998968 [INFO] manager          :: Starting 19 modules
2026-08-15 13:48:02.328980 [INFO] api_sink:Energy  :: Module api_sink initialized [2305ms]
2026-08-15 13:48:02.332156 [INFO] auth:Auth        :: Module auth initialized [2307ms]
2026-08-15 13:48:02.332568 [INFO] api:API          :: Module api initialized [2308ms]
2026-08-15 13:48:02.365489 [INFO] powersupply_dc:  :: Module powersupply_dc initialized [2324ms]
2026-08-15 13:48:02.365904 [INFO] grid_connection  :: Module grid_connection_point initialized [2330ms]
2026-08-15 13:48:02.366722 [INFO] evse_security:E  :: Module evse_security initialized [2331ms]
2026-08-15 13:48:02.366817 [INFO] token_provider:  :: Module token_provider initialized [2321ms]
2026-08-15 13:48:02.367083 [INFO] token_validator  :: Module token_validator initialized [2321ms]
2026-08-15 13:48:02.367470 [INFO] error_history:E  :: Using database at "/tmp/error_history.db"
2026-08-15 13:48:02.367615 [INFO] error_history:E  :: Checking database
2026-08-15 13:48:02.368000 [INFO] imd:IMDSimulato  :: Module imd initialized [2331ms]
2026-08-15 13:48:02.368351 [INFO] slac:SlacSimula  :: Module slac initialized [2323ms]
2026-08-15 13:48:02.368471 [INFO] yeti_driver:Yet  :: Module yeti_driver initialized [2323ms]
2026-08-15 13:48:02.369457 [INFO] error_history:E  :: Module error_history initialized [2339ms]
2026-08-15 13:48:02.370624 [INFO] ev_manager:EvMa  :: Module ev_manager initialized [2339ms]
2026-08-15 13:48:02.370700 [INFO] ovm:OVMSimulato  :: Can control the over voltage measurement values over the topic: everest_api/ovm/cmd/set_over_voltage_measurement_V via MQTT
2026-08-15 13:48:02.370760 [INFO] iso15118_charge  :: Module iso15118_charger initialized [2326ms]
2026-08-15 13:48:02.371018 [INFO] ovm:OVMSimulato  :: Module ovm initialized [2330ms]
2026-08-15 13:48:02.372082 [INFO] energy_manager:  :: Module energy_manager initialized [2343ms]
2026-08-15 13:48:02.372928 [INFO] ev_api:EvAPI     :: Module ev_api initialized [2342ms]
2026-08-15 13:48:02.383122 [INFO] evse_manager:Ev  :: Module evse_manager initialized [2347ms]
2026-08-15 13:48:02.764854 [INFO] iso15118_car     :: Module iso15118_car initialized [2326ms]
2026-08-15 13:48:02.808920 [INFO] manager          :: Clearing retained topics published by manager during startup
2026-08-15 13:48:02.810246 [INFO] manager          :: 🚙🚙🚙 All modules are initialized. EVerest up and running [2966ms] 🚙🚙🚙

2026-08-15 13:48:02.811442 [INFO] iso15118_charge  :: TLS server on eth0 is listening on port [fe80::215:5dff:fe07:f821%2]:64109
2026-08-15 13:48:02.857278 [INFO] evse_security:E  :: Requesting leaf certificate info: V2G
2026-08-15 13:48:02.861772 [INFO] evse_security:E  :: Found valid leaf: ["/home/ahzf/everest/dist/etc/everest/certs/client/cso/CPO_CERT_CHAIN.pem"]
2026-08-15 13:48:02.862119 [INFO] evse_security:E  :: Found valid leaf: ["/home/ahzf/everest/dist/etc/everest/certs/client/cso/SECC_LEAF.pem"]
2026-08-15 13:48:02.908641 [WARN] iso15118_charge void {anonymous}::log_handler(openssl::log_level_t, const std::string&) :: <n> certificates != <n> OCSP responses

2026-08-15 13:48:02.919646 [INFO] iso15118_charge  :: SDP socket setup succeeded
2026-08-15 13:48:02.957793 [WARN] auth:Auth       void module::ReservationHandler::load_reservations() :: Can not load reservations because no storage was configured.

2026-08-15 13:48:03.088999 [INFO] iso15118_charge  :: Ignoring bidirectional SupportedEnergyTransferMode
2026-08-15 13:48:03.270136 [INFO] ovm:OVMSimulato  :: Over voltage monitoring: stopped.
2026-08-15 13:48:03.315745 [INFO] evse_manager:Ev  :: Ignoring BSP Event, BSP is not enabled yet.

2026-08-15 13:48:03.457132 [INFO] iso15118_charge  :: Ignoring bidirectional SupportedEnergyTransferMode
2026-08-15 13:48:03.992921 [INFO] evse_manager:Ev  :: Cleaning up any other transaction on start up
2026-08-15 13:48:04.125936 [INFO] evse_manager:Ev  :: 🌀🌀🌀 Ready to start charging 🌀🌀🌀

2026-08-15 13:48:45.640126 [INFO] iso15118_charge  :: Incoming TLS connection
2026-08-15 13:48:45.650034 [ERRO] iso15118_charge void {anonymous}::log_handler(openssl::log_level_t, const std::string&) :: OcspCache::lookup: not in cache: d8817041a94bb65646ea392c812fcb4978ae4cf6

2026-08-15 13:48:45.718983 [INFO] iso15118_charge  :: Handling SupportedAppProtocolReq

2026-08-15 13:48:45.719442 [INFO] iso15118_charge  :: Protocol negotiation was successful. Selected protocol is ISO15118

2026-08-15 13:48:45.726115 [INFO] iso15118_charge  :: SessionSetupReq.EVCCID: AB:CD:EF:01:02:03

2026-08-15 13:48:45.726194 [INFO] iso15118_charge  :: No session_id found or not equal to the id from the preceding v2g session. Generating random session id.

2026-08-15 13:48:45.726206 [INFO] iso15118_charge  :: Created new session with id 0x8677c4842f666871

2026-08-15 13:48:45.930471 [INFO] iso15118_charge  :: SelectedPaymentOption: Contract
2026-08-15 13:48:46.131387 [ERRO] iso15118_charge void {anonymous}::log_handler(openssl::log_level_t, const std::string&) :: SSL_read: 0 1
C0C67F1AA2760000:error:0A000126:SSL routines::unexpected eof while reading:../ssl/record/rec_layer_s3.c:698:

2026-08-15 13:48:46.131539 [ERRO] iso15118_charge void dlog_func(dloglevel_t, const char*, int, const char*, const char*, ...) :: connection_read(header) failed: Success

2026-08-15 13:48:46.131555 [ERRO] iso15118_charge void dlog_func(dloglevel_t, const char*, int, const char*, const char*, ...) :: v2g_incoming_v2gtp() (previous message "Payment Details") failed

2026-08-15 13:48:46.131568 [INFO] iso15118_charge  :: v2g_dispatch_connection exited with -1

2026-08-15 13:48:46.134195 [INFO] iso15118_charge  :: Incoming TLS connection
2026-08-15 13:48:46.135330 [ERRO] iso15118_charge void {anonymous}::log_handler(openssl::log_level_t, const std::string&) :: OcspCache::lookup: not in cache: d8817041a94bb65646ea392c812fcb4978ae4cf6

2026-08-15 13:48:46.137985 [INFO] iso15118_charge  :: Handling SupportedAppProtocolReq

2026-08-15 13:48:46.138314 [INFO] iso15118_charge  :: Protocol negotiation was successful. Selected protocol is ISO15118

2026-08-15 13:48:46.140109 [INFO] iso15118_charge  :: SessionSetupReq.EVCCID: AB:CD:EF:01:02:03

2026-08-15 13:48:46.140155 [INFO] iso15118_charge  :: No session_id found or not equal to the id from the preceding v2g session. Generating random session id.

2026-08-15 13:48:46.140163 [INFO] iso15118_charge  :: Created new session with id 0x92f5281ef167fe1d

2026-08-15 13:48:46.337250 [INFO] iso15118_charge  :: SelectedPaymentOption: Contract
2026-08-15 13:48:46.435428 [ERRO] iso15118_charge void {anonymous}::log_handler(openssl::log_level_t, const std::string&) :: d2i_X509
C0C67F1AA2760000:error:0680007B:asn1 encoding routines:ASN1_get_object:header too long:../crypto/asn1/asn1_lib.c:105:
iso15118_charger:EvseV2G: /home/ahzf/everest/everest-core/lib/everest/tls/src/openssl_util.cpp:775: std::map<std::__cxx11::basic_string<char>, std::__cxx11::basic_string<char> > openssl::certificate_subject(const X509*): Assertion `cert != nullptr' failed.
2026-08-15 13:48:47.234775 [CRIT] manager         int {anonymous}::boot(const boost::program_options::variables_map&) :: Module iso15118_charger (pid: 2802) exited with status: 134. Terminating all modules.
2026-08-15 13:48:47.236066 [INFO] manager          :: SIGTERM of child: api (pid: 2769) succeeded.
2026-08-15 13:48:47.236328 [INFO] manager          :: SIGTERM of child: api_sink (pid: 2770) succeeded.
2026-08-15 13:48:47.236613 [INFO] manager          :: SIGTERM of child: auth (pid: 2771) succeeded.
2026-08-15 13:48:47.236830 [INFO] manager          :: SIGTERM of child: energy_manager (pid: 2772) succeeded.
2026-08-15 13:48:47.237049 [INFO] manager          :: SIGTERM of child: error_history (pid: 2773) succeeded.
2026-08-15 13:48:47.237240 [INFO] manager          :: SIGTERM of child: ev_api (pid: 2774) succeeded.
2026-08-15 13:48:47.237480 [INFO] manager          :: SIGTERM of child: ev_manager (pid: 2775) succeeded.
2026-08-15 13:48:47.237707 [INFO] manager          :: SIGTERM of child: evse_manager (pid: 2776) succeeded.
2026-08-15 13:48:47.237769 [INFO] manager          :: SIGTERM of child: evse_security (pid: 2777) succeeded.
2026-08-15 13:48:47.237814 [INFO] manager          :: SIGTERM of child: grid_connection_point (pid: 2778) succeeded.
2026-08-15 13:48:47.237865 [INFO] manager          :: SIGTERM of child: imd (pid: 2794) succeeded.
2026-08-15 13:48:47.237912 [INFO] manager          :: SIGTERM of child: iso15118_car (pid: 2800) succeeded.
2026-08-15 13:48:47.237985 [INFO] manager          :: SIGTERM of child: ovm (pid: 2809) succeeded.
2026-08-15 13:48:47.238061 [INFO] manager          :: SIGTERM of child: powersupply_dc (pid: 2818) succeeded.
2026-08-15 13:48:47.238128 [INFO] manager          :: SIGTERM of child: slac (pid: 2832) succeeded.
2026-08-15 13:48:47.238172 [INFO] manager          :: SIGTERM of child: token_provider (pid: 2834) succeeded.
2026-08-15 13:48:47.238216 [INFO] manager          :: SIGTERM of child: token_validator (pid: 2835) succeeded.
2026-08-15 13:48:47.238263 [INFO] manager          :: SIGTERM of child: yeti_driver (pid: 2836) succeeded.
2026-08-15 13:48:47.238300 [CRIT] manager         int {anonymous}::boot(const boost::program_options::variables_map&) :: Exiting manager.
