# Frames as recorded, per direction. Ordering within a direction is real;
# the two directions are not interleaved, because the recording has no timestamps.

## EV -> station: 1551 byte(s), 57 frame(s)
[0] SupportedAppProtocolReq payloadType=0x8001 bytes=45
    01fe8001000000258000f3ab9371d34b9b79d39ba321d34b9b79d189a98989c1d1699181d22218010000040040
[1] SessionSetupReq payloadType=0x8002 bytes=33
    01fe800200000019808c0400000000000000000f5fdcbd30620422ab21a1981880
[2] AuthorizationSetupReq payloadType=0x8002 bytes=25
    01fe8002000000118008044c2eef7d3aefa3538f5fdcbd3062
[3] AuthorizationReq payloadType=0x8002 bytes=26
    01fe8002000000128000044c2eef7d3aefa3538f5fdcbd306200
[4] ServiceDiscoveryReq payloadType=0x8002 bytes=26
    01fe800200000012807c044c2eef7d3aefa3538f5fdcbd306280
[5] ServiceDetailReq payloadType=0x8002 bytes=27
    01fe8002000000138074044c2eef7d3aefa3538f5fdcbd30620400
[6] ServiceSelectionReq payloadType=0x8002 bytes=29
    01fe8002000000158084044c2eef7d3aefa3538f6fdcbd306202000880
[7] DC_ChargeParameterDiscoveryReq payloadType=0x8004 bytes=49
    01fe800400000029803c044c2eef7d3aefa3538f6fdcbd3062881088270400000200320041000000800f40304001902800
[8] ScheduleExchangeReq payloadType=0x8002 bytes=28
    01fe800200000014806c044c2eef7d3aefa3538f6fdcbd3062000680
[9] DC_CableCheckReq payloadType=0x8004 bytes=25
    01fe800400000011802c044c2eef7d3aefa3538f6fdcbd3062
[10] DC_CableCheckReq payloadType=0x8004 bytes=25
    01fe800400000011802c044c2eef7d3aefa3538f6fdcbd3062
[11] DC_CableCheckReq payloadType=0x8004 bytes=25
    01fe800400000011802c044c2eef7d3aefa3538f6fdcbd3062
[12] DC_CableCheckReq payloadType=0x8004 bytes=25
    01fe800400000011802c044c2eef7d3aefa3538f6fdcbd3062
[13] DC_CableCheckReq payloadType=0x8004 bytes=25
    01fe800400000011802c044c2eef7d3aefa3538f6fdcbd3062
[14] DC_CableCheckReq payloadType=0x8004 bytes=25
    01fe800400000011802c044c2eef7d3aefa3538f6fdcbd3062
[15] DC_CableCheckReq payloadType=0x8004 bytes=25
    01fe800400000011802c044c2eef7d3aefa3538f6fdcbd3062
[16] DC_CableCheckReq payloadType=0x8004 bytes=25
    01fe800400000011802c044c2eef7d3aefa3538f7fdcbd3062
[17] DC_CableCheckReq payloadType=0x8004 bytes=25
    01fe800400000011802c044c2eef7d3aefa3538f7fdcbd3062
[18] DC_CableCheckReq payloadType=0x8004 bytes=25
    01fe800400000011802c044c2eef7d3aefa3538f7fdcbd3062
[19] DC_CableCheckReq payloadType=0x8004 bytes=25
    01fe800400000011802c044c2eef7d3aefa3538f7fdcbd3062
[20] DC_CableCheckReq payloadType=0x8004 bytes=25
    01fe800400000011802c044c2eef7d3aefa3538f7fdcbd3062
[21] DC_CableCheckReq payloadType=0x8004 bytes=25
    01fe800400000011802c044c2eef7d3aefa3538f7fdcbd3062
[22] DC_CableCheckReq payloadType=0x8004 bytes=25
    01fe800400000011802c044c2eef7d3aefa3538f7fdcbd3062
[23] DC_CableCheckReq payloadType=0x8004 bytes=25
    01fe800400000011802c044c2eef7d3aefa3538f7fdcbd3062
[24] DC_CableCheckReq payloadType=0x8004 bytes=25
    01fe800400000011802c044c2eef7d3aefa3538f7fdcbd3062
[25] DC_CableCheckReq payloadType=0x8004 bytes=25
    01fe800400000011802c044c2eef7d3aefa3538f7fdcbd3062
[26] DC_CableCheckReq payloadType=0x8004 bytes=25
    01fe800400000011802c044c2eef7d3aefa3538f8fdcbd3062
[27] DC_CableCheckReq payloadType=0x8004 bytes=25
    01fe800400000011802c044c2eef7d3aefa3538f8fdcbd3062
[28] DC_CableCheckReq payloadType=0x8004 bytes=25
    01fe800400000011802c044c2eef7d3aefa3538f8fdcbd3062
[29] DC_CableCheckReq payloadType=0x8004 bytes=25
    01fe800400000011802c044c2eef7d3aefa3538f8fdcbd3062
[30] DC_CableCheckReq payloadType=0x8004 bytes=25
    01fe800400000011802c044c2eef7d3aefa3538f8fdcbd3062
[31] DC_CableCheckReq payloadType=0x8004 bytes=25
    01fe800400000011802c044c2eef7d3aefa3538f8fdcbd3062
[32] DC_CableCheckReq payloadType=0x8004 bytes=25
    01fe800400000011802c044c2eef7d3aefa3538f8fdcbd3062
[33] DC_CableCheckReq payloadType=0x8004 bytes=25
    01fe800400000011802c044c2eef7d3aefa3538f8fdcbd3062
[34] DC_CableCheckReq payloadType=0x8004 bytes=25
    01fe800400000011802c044c2eef7d3aefa3538f8fdcbd3062
[35] DC_CableCheckReq payloadType=0x8004 bytes=25
    01fe800400000011802c044c2eef7d3aefa3538f8fdcbd3062
[36] DC_CableCheckReq payloadType=0x8004 bytes=25
    01fe800400000011802c044c2eef7d3aefa3538f9fdcbd3062
[37] DC_CableCheckReq payloadType=0x8004 bytes=25
    01fe800400000011802c044c2eef7d3aefa3538f9fdcbd3062
[38] DC_CableCheckReq payloadType=0x8004 bytes=25
    01fe800400000011802c044c2eef7d3aefa3538f9fdcbd3062
[39] DC_CableCheckReq payloadType=0x8004 bytes=25
    01fe800400000011802c044c2eef7d3aefa3538f9fdcbd3062
[40] DC_CableCheckReq payloadType=0x8004 bytes=25
    01fe800400000011802c044c2eef7d3aefa3538f9fdcbd3062
[41] DC_CableCheckReq payloadType=0x8004 bytes=25
    01fe800400000011802c044c2eef7d3aefa3538f9fdcbd3062
[42] DC_CableCheckReq payloadType=0x8004 bytes=25
    01fe800400000011802c044c2eef7d3aefa3538f9fdcbd3062
[43] DC_CableCheckReq payloadType=0x8004 bytes=25
    01fe800400000011802c044c2eef7d3aefa3538f9fdcbd3062
[44] DC_CableCheckReq payloadType=0x8004 bytes=25
    01fe800400000011802c044c2eef7d3aefa3538f9fdcbd3062
[45] DC_CableCheckReq payloadType=0x8004 bytes=25
    01fe800400000011802c044c2eef7d3aefa3538f9fdcbd3062
[46] DC_CableCheckReq payloadType=0x8004 bytes=25
    01fe800400000011802c044c2eef7d3aefa3538fafdcbd3062
[47] DC_CableCheckReq payloadType=0x8004 bytes=25
    01fe800400000011802c044c2eef7d3aefa3538fafdcbd3062
[48] DC_CableCheckReq payloadType=0x8004 bytes=25
    01fe800400000011802c044c2eef7d3aefa3538fafdcbd3062
[49] DC_PreChargeReq payloadType=0x8004 bytes=33
    01fe8004000000198044044c2eef7d3aefa3538fafdcbd30620100000080090030
[50] PowerDeliveryReq payloadType=0x8002 bytes=37
    01fe80020000001d8054044c2eef7d3aefa3538fafdcbd306200000100420480e041805124
[51] DC_ChargeLoopReq payloadType=0x8004 bytes=38
    01fe80040000001e8034044c2eef7d3aefa3538fafdcbd3062810012006464003c02002400ca
[52] DC_ChargeLoopReq payloadType=0x8004 bytes=38
    01fe80040000001e8034044c2eef7d3aefa3538fafdcbd3062810012006464003c02002400ca
[53] DC_ChargeLoopReq payloadType=0x8004 bytes=38
    01fe80040000001e8034044c2eef7d3aefa3538fafdcbd3062810012006464003c02002400ca
[54] PowerDeliveryReq payloadType=0x8002 bytes=27
    01fe8002000000138054044c2eef7d3aefa3538fafdcbd30620140
[55] DC_WeldingDetectionReq payloadType=0x8004 bytes=26
    01fe800400000012804c044c2eef7d3aefa3538fafdcbd306200
[56] SessionStopReq payloadType=0x8002 bytes=26
    01fe8002000000128094044c2eef7d3aefa3538fbfdcbd306228

## station -> EV: 1790 byte(s), 57 frame(s)
[0] SupportedAppProtocolRes (OK_SuccessfulNegotiation) payloadType=0x8001 bytes=12
    01fe80010000000480400040
[1] SessionSetupRes (OK_NewSessionEstablished) payloadType=0x8002 bytes=43
    01fe8002000000238090044c2eef7d3aefa3538f5fdcbd3062040451114a9413960a914c4c8ccd0d4a8c40
[2] AuthorizationSetupRes (OK) payloadType=0x8002 bytes=28
    01fe800200000014800c044c2eef7d3aefa3538f5fdcbd3062000400
[3] AuthorizationRes (OK) payloadType=0x8002 bytes=27
    01fe8002000000138004044c2eef7d3aefa3538f5fdcbd30620000
[4] ServiceDiscoveryRes (OK) payloadType=0x8002 bytes=32
    01fe8002000000188080044c2eef7d3aefa3538f5fdcbd306200000800024050
[5] ServiceDetailRes (OK) payloadType=0x8002 bytes=146
    01fe80020000008a8078044c2eef7d3aefa3538f5fdcbd30620002000002d0dbdb9b9958dd1bdc980200d436f6e74726f6c4d6f6465601004d35bd89a5b1a5d1e539959591cd35bd919580200950726963696e67600080080b436f6e6e6563746f7260080350dbdb9d1c9bdb135bd91958020134d6f62696c6974794e656564734d6f6465600802541c9a58da5b99d800280
[6] ServiceSelectionRes (OK) payloadType=0x8002 bytes=27
    01fe8002000000138088044c2eef7d3aefa3538f6fdcbd30620000
[7] DC_ChargeParameterDiscoveryRes (OK) payloadType=0x8004 bytes=52
    01fe80040000002c8040044c2eef7d3aefa3538f6fdcbd30620044106e0581fc3403c0fe1a01e07d0e80703f8542301fc3403c40
[8] ScheduleExchangeRes (OK) payloadType=0x8002 bytes=44
    01fe8002000000248070044c2eef7d3aefa3538f6fdcbd306200040041edfb97a60c84051828408500892940
[9] DC_CableCheckRes (OK) payloadType=0x8004 bytes=27
    01fe8004000000138030044c2eef7d3aefa3538f6fdcbd30620010
[10] DC_CableCheckRes (OK) payloadType=0x8004 bytes=27
    01fe8004000000138030044c2eef7d3aefa3538f6fdcbd30620010
[11] DC_CableCheckRes (OK) payloadType=0x8004 bytes=27
    01fe8004000000138030044c2eef7d3aefa3538f6fdcbd30620010
[12] DC_CableCheckRes (OK) payloadType=0x8004 bytes=27
    01fe8004000000138030044c2eef7d3aefa3538f6fdcbd30620010
[13] DC_CableCheckRes (OK) payloadType=0x8004 bytes=27
    01fe8004000000138030044c2eef7d3aefa3538f6fdcbd30620010
[14] DC_CableCheckRes (OK) payloadType=0x8004 bytes=27
    01fe8004000000138030044c2eef7d3aefa3538f6fdcbd30620010
[15] DC_CableCheckRes (OK) payloadType=0x8004 bytes=27
    01fe8004000000138030044c2eef7d3aefa3538f6fdcbd30620010
[16] DC_CableCheckRes (OK) payloadType=0x8004 bytes=27
    01fe8004000000138030044c2eef7d3aefa3538f7fdcbd30620010
[17] DC_CableCheckRes (OK) payloadType=0x8004 bytes=27
    01fe8004000000138030044c2eef7d3aefa3538f7fdcbd30620010
[18] DC_CableCheckRes (OK) payloadType=0x8004 bytes=27
    01fe8004000000138030044c2eef7d3aefa3538f7fdcbd30620010
[19] DC_CableCheckRes (OK) payloadType=0x8004 bytes=27
    01fe8004000000138030044c2eef7d3aefa3538f7fdcbd30620010
[20] DC_CableCheckRes (OK) payloadType=0x8004 bytes=27
    01fe8004000000138030044c2eef7d3aefa3538f7fdcbd30620010
[21] DC_CableCheckRes (OK) payloadType=0x8004 bytes=27
    01fe8004000000138030044c2eef7d3aefa3538f7fdcbd30620010
[22] DC_CableCheckRes (OK) payloadType=0x8004 bytes=27
    01fe8004000000138030044c2eef7d3aefa3538f7fdcbd30620010
[23] DC_CableCheckRes (OK) payloadType=0x8004 bytes=27
    01fe8004000000138030044c2eef7d3aefa3538f7fdcbd30620010
[24] DC_CableCheckRes (OK) payloadType=0x8004 bytes=27
    01fe8004000000138030044c2eef7d3aefa3538f7fdcbd30620010
[25] DC_CableCheckRes (OK) payloadType=0x8004 bytes=27
    01fe8004000000138030044c2eef7d3aefa3538f7fdcbd30620010
[26] DC_CableCheckRes (OK) payloadType=0x8004 bytes=27
    01fe8004000000138030044c2eef7d3aefa3538f8fdcbd30620010
[27] DC_CableCheckRes (OK) payloadType=0x8004 bytes=27
    01fe8004000000138030044c2eef7d3aefa3538f8fdcbd30620010
[28] DC_CableCheckRes (OK) payloadType=0x8004 bytes=27
    01fe8004000000138030044c2eef7d3aefa3538f8fdcbd30620010
[29] DC_CableCheckRes (OK) payloadType=0x8004 bytes=27
    01fe8004000000138030044c2eef7d3aefa3538f8fdcbd30620010
[30] DC_CableCheckRes (OK) payloadType=0x8004 bytes=27
    01fe8004000000138030044c2eef7d3aefa3538f8fdcbd30620010
[31] DC_CableCheckRes (OK) payloadType=0x8004 bytes=27
    01fe8004000000138030044c2eef7d3aefa3538f8fdcbd30620010
[32] DC_CableCheckRes (OK) payloadType=0x8004 bytes=27
    01fe8004000000138030044c2eef7d3aefa3538f8fdcbd30620010
[33] DC_CableCheckRes (OK) payloadType=0x8004 bytes=27
    01fe8004000000138030044c2eef7d3aefa3538f8fdcbd30620010
[34] DC_CableCheckRes (OK) payloadType=0x8004 bytes=27
    01fe8004000000138030044c2eef7d3aefa3538f8fdcbd30620010
[35] DC_CableCheckRes (OK) payloadType=0x8004 bytes=27
    01fe8004000000138030044c2eef7d3aefa3538f8fdcbd30620010
[36] DC_CableCheckRes (OK) payloadType=0x8004 bytes=27
    01fe8004000000138030044c2eef7d3aefa3538f9fdcbd30620010
[37] DC_CableCheckRes (OK) payloadType=0x8004 bytes=27
    01fe8004000000138030044c2eef7d3aefa3538f9fdcbd30620010
[38] DC_CableCheckRes (OK) payloadType=0x8004 bytes=27
    01fe8004000000138030044c2eef7d3aefa3538f9fdcbd30620010
[39] DC_CableCheckRes (OK) payloadType=0x8004 bytes=27
    01fe8004000000138030044c2eef7d3aefa3538f9fdcbd30620010
[40] DC_CableCheckRes (OK) payloadType=0x8004 bytes=27
    01fe8004000000138030044c2eef7d3aefa3538f9fdcbd30620010
[41] DC_CableCheckRes (OK) payloadType=0x8004 bytes=27
    01fe8004000000138030044c2eef7d3aefa3538f9fdcbd30620010
[42] DC_CableCheckRes (OK) payloadType=0x8004 bytes=27
    01fe8004000000138030044c2eef7d3aefa3538f9fdcbd30620010
[43] DC_CableCheckRes (OK) payloadType=0x8004 bytes=27
    01fe8004000000138030044c2eef7d3aefa3538f9fdcbd30620010
[44] DC_CableCheckRes (OK) payloadType=0x8004 bytes=27
    01fe8004000000138030044c2eef7d3aefa3538f9fdcbd30620010
[45] DC_CableCheckRes (OK) payloadType=0x8004 bytes=27
    01fe8004000000138030044c2eef7d3aefa3538f9fdcbd30620010
[46] DC_CableCheckRes (OK) payloadType=0x8004 bytes=27
    01fe8004000000138030044c2eef7d3aefa3538fafdcbd30620010
[47] DC_CableCheckRes (OK) payloadType=0x8004 bytes=27
    01fe8004000000138030044c2eef7d3aefa3538fafdcbd30620010
[48] DC_CableCheckRes (OK) payloadType=0x8004 bytes=27
    01fe8004000000138030044c2eef7d3aefa3538fafdcbd30620000
[49] DC_PreChargeRes (OK) payloadType=0x8004 bytes=30
    01fe8004000000168048044c2eef7d3aefa3538fafdcbd30620010000000
[50] PowerDeliveryRes (OK) payloadType=0x8002 bytes=27
    01fe8002000000138058044c2eef7d3aefa3538fafdcbd30620040
[51] DC_ChargeLoopRes (OK) payloadType=0x8004 bytes=52
    01fe80040000002c8038044c2eef7d3aefa3538fafdcbd306200640000020000000080810a01100fe1a01e03f8680780fe1508c0
[52] DC_ChargeLoopRes (OK) payloadType=0x8004 bytes=52
    01fe80040000002c8038044c2eef7d3aefa3538fafdcbd306200640000020000000080810a01100fe1a01e03f8680780fe1508c0
[53] DC_ChargeLoopRes (OK) payloadType=0x8004 bytes=54
    01fe80040000002e8038044c2eef7d3aefa3538fafdcbd30620063e8740381fc2807c00080810a01100fe1a01e03f8680780fe1508c0
[54] PowerDeliveryRes (OK) payloadType=0x8002 bytes=27
    01fe8002000000138058044c2eef7d3aefa3538fafdcbd30620040
[55] DC_WeldingDetectionRes (OK) payloadType=0x8004 bytes=30
    01fe8004000000168050044c2eef7d3aefa3538fafdcbd30620010000000
[56] SessionStopRes (OK) payloadType=0x8002 bytes=27
    01fe8002000000138098044c2eef7d3aefa3538fbfdcbd30620000
