2026-08-05 11:09:29.617891 [INFO] manager          ::   ________      __                _   
2026-08-05 11:09:29.618039 [INFO] manager          ::  |  ____\ \    / /               | |
2026-08-05 11:09:29.618048 [INFO] manager          ::  | |__   \ \  / /__ _ __ ___  ___| |_
2026-08-05 11:09:29.618053 [INFO] manager          ::  |  __|   \ \/ / _ \ '__/ _ \/ __| __|
2026-08-05 11:09:29.618059 [INFO] manager          ::  | |____   \  /  __/ | |  __/\__ \ |_
2026-08-05 11:09:29.618065 [INFO] manager          ::  |______|   \/ \___|_|  \___||___/\__|
2026-08-05 11:09:29.618070 [INFO] manager          :: 
2026-08-05 11:09:29.618075 [INFO] manager          :: everest-framework 0.25.0-dev 2026.02.1
2026-08-05 11:09:29.618081 [INFO] manager          :: everest-core 2026.02.1-dev 2026.02.1
2026-08-05 11:09:29.618087 [INFO] manager          :: 
2026-08-05 11:09:29.618093 [INFO] manager          :: Using MQTT broker localhost:1883
2026-08-05 11:09:29.641966 [INFO] manager          :: Boot mode is set to YamlFile, loading module configs from YAML file
2026-08-05 11:09:29.642028 [INFO] manager          :: Loading config file at: /home/ahzf/everest/configs-ours/config-mcs-ours.yaml
2026-08-05 11:09:29.776217 [INFO] manager          :: Config loading completed in 158ms
2026-08-05 11:09:29.779245 [INFO] manager          :: Starting 18 modules
2026-08-05 11:09:32.098210 [INFO] api_sink:Energy  :: Module api_sink initialized [2291ms]
2026-08-05 11:09:32.130903 [INFO] api:API          :: Module api initialized [2327ms]
2026-08-05 11:09:32.182095 [INFO] energy_manager:  :: Module energy_manager initialized [2364ms]
2026-08-05 11:09:32.184768 [INFO] auth:Auth        :: Module auth initialized [2371ms]
2026-08-05 11:09:32.214977 [INFO] ev_api:EvAPI     :: Module ev_api initialized [2391ms]
2026-08-05 11:09:32.216225 [INFO] error_history:E  :: Using database at "/tmp/error_history.db"
2026-08-05 11:09:32.216331 [INFO] error_history:E  :: Checking database
2026-08-05 11:09:32.222561 [INFO] error_history:E  :: Module error_history initialized [2402ms]
2026-08-05 11:09:32.284498 [INFO] ev_manager:EvMa  :: Module ev_manager initialized [2456ms]
2026-08-05 11:09:32.295105 [INFO] evse_manager:Ev  :: Module evse_manager initialized [2455ms]
2026-08-05 11:09:32.308099 [INFO] evse_security:E  :: Module evse_security initialized [2468ms]
2026-08-05 11:09:32.310007 [INFO] imd:IMDSimulato  :: Module imd initialized [2466ms]
2026-08-05 11:09:32.369954 [INFO] powersupply_dc:  :: Module powersupply_dc initialized [2516ms]
2026-08-05 11:09:32.372302 [INFO] iso15118_charge  :: Module iso15118_charger initialized [2518ms]
2026-08-05 11:09:32.395415 [INFO] slac:SlacSimula  :: Module slac initialized [2539ms]
2026-08-05 11:09:32.395588 [INFO] token_provider:  :: Module token_provider initialized [2532ms]
2026-08-05 11:09:32.428715 [INFO] yeti_driver:Yet  :: Module yeti_driver initialized [2562ms]
2026-08-05 11:09:32.429265 [INFO] token_validator  :: Module token_validator initialized [2565ms]
2026-08-05 11:09:32.495599 [INFO] grid_connection  :: Module grid_connection_point initialized [2656ms]
2026-08-05 11:09:32.581515 [INFO] iso15118_car     :: Module iso15118_car initialized [2217ms]
2026-08-05 11:09:32.582229 [INFO] manager          :: Clearing retained topics published by manager during startup
2026-08-05 11:09:32.583500 [INFO] manager          :: 🚙🚙🚙 All modules are initialized. EVerest up and running [2976ms] 🚙🚙🚙
2026-08-05 11:09:32.782052 [WARN] auth:Auth       void module::ReservationHandler::load_reservations() :: Can not load reservations because no storage was configured.
2026-08-05 11:09:33.093160 [INFO] evse_manager:Ev  :: Ignoring BSP Event, BSP is not enabled yet.
2026-08-05 11:09:33.229425 [INFO] evse_security:E  :: Requesting leaf certificate info: V2G
2026-08-05 11:09:33.234073 [INFO] evse_security:E  :: Found valid leaf: ["/home/ahzf/everest/dist/etc/everest/certs/client/cso/CPO_CERT_CHAIN.pem"]
2026-08-05 11:09:33.234140 [INFO] evse_security:E  :: Not requiring all valid leafs, returning
2026-08-05 11:09:33.322231 [INFO] evse_security:E  :: Requesting certificate file: [V2G] file:"/home/ahzf/everest/dist/etc/everest/certs/ca/v2g/V2G_ROOT_CA.pem"
2026-08-05 11:09:33.367118 [INFO] evse_security:E  :: Requesting certificate file: [MO] file:"/home/ahzf/everest/dist/etc/everest/certs/ca/mo/MO_ROOT_CA.pem"
2026-08-05 11:09:33.409566 [INFO] iso15118_charge  :: Using ethernet interface: eth0
2026-08-05 11:09:33.409652 [INFO] iso15118_charge  :: Starting SDP server with address: ::
2026-08-05 11:09:33.545358 [INFO] evse_manager:Ev  :: Cleaning up any other transaction on start up
2026-08-05 11:09:33.634551 [INFO] evse_manager:Ev  :: 🌀🌀🌀 Ready to start charging 🌀🌀🌀
2026-08-05 11:11:44.969274 [INFO] ev_manager:EvMa  :: Finished simulation.
2026-08-05 11:11:51.859449 [INFO] evse_manager:Ev  :: SYS  Session logging started.
2026-08-05 11:11:51.859671 [INFO] evse_manager:Ev  :: EVSE IEC Session Started: EVConnected
2026-08-05 11:11:51.861202 [INFO] auth:Auth        :: Plug In event for evse#1, starting auth
2026-08-05 11:11:51.861182 [INFO] token_provider:  :: Publishing new dummy token: {
    "authorization_type": "RFID",
    "id_token": {
        "type": "ISO14443",
        "value": "[redacted] hash: CE55F71752B68164"
    },
    "parent_id_token": {
        "type": "ISO14443",
        "value": "[redacted] hash: CE55F71752B68164"
    }
}
2026-08-05 11:11:51.862171 [INFO] auth:Auth        :: Received new token: {
    "authorization_type": "RFID",
    "id_token": {
        "type": "ISO14443",
        "value": "[redacted] hash: CE55F71752B68164"
    },
    "parent_id_token": {
        "type": "ISO14443",
        "value": "[redacted] hash: CE55F71752B68164"
    }
}
2026-08-05 11:11:51.905478 [INFO] token_validator  :: Got validation request for token: [redacted] hash: CE55F71752B68164
2026-08-05 11:11:52.155721 [INFO] token_validator  :: Returning validation status: Accepted
2026-08-05 11:11:52.156934 [INFO] auth:Auth        :: Providing authorization to evse#1
2026-08-05 11:11:52.360949 [INFO] evse_manager:Ev  :: EVSE IEC Set PWM On (5.0%) took 0 ms
2026-08-05 11:11:52.493876 [INFO] auth:Auth        :: Result for token: [redacted] hash: CE55F71752B68164: USED_TO_START_TRANSACTION
2026-08-05 11:11:52.505521 [INFO] evse_manager:Ev  :: EVSE IEC EIM Authorization received
2026-08-05 11:11:52.549547 [INFO] evse_manager:Ev  :: EVSE IEC Transaction Started (0 kWh)
2026-08-05 11:11:52.550059 [INFO] evse_manager:Ev  :: EVSE IEC DC mode. We are in 5percent mode so we can continue without further action.
2026-08-05 11:11:52.550440 [INFO] evse_manager:Ev  :: EVSE IEC Charger state: Wait for Auth->PrepareCharging
2026-08-05 11:11:53.933509 [INFO] evse_manager:Ev  :: EVSE ISO SLAC MATCHED
2026-08-05 11:11:53.933509 [INFO] evse_manager:Ev  :: EVSE ISO D-LINK_READY (true)
2026-08-05 11:11:54.483204 [INFO] evse_manager:Ev  ::                                     CAR IEC Event CarRequestedPower
2026-08-05 11:12:18.059449 [INFO] iso15118_charge  :: Got SDP request from fe80::215:5dff:feca:a645%eth0
2026-08-05 11:12:18.059829 [INFO] iso15118_charge  :: Created logfile at: /home/ahzf/everest/dist/./260805_09-12-18.yaml
2026-08-05 11:12:44.602588 [INFO] iso15118_charge  :: Incoming connection from [fe80::215:5dff:feca:a645%eth0]:42338
2026-08-05 11:12:44.609317 [INFO] evse_manager:Ev  ::                                     CAR ISO V2G SupportedAppProtocolReq
2026-08-05 11:12:44.609606 [INFO] evse_manager:Ev  :: EVSE ISO V2G SupportedAppProtocolRes
2026-08-05 11:12:44.620214 [INFO] iso15118_charge  :: Received session setup with evccid: EVCC01
2026-08-05 11:12:44.620989 [INFO] iso15118_charge  :: New session created with session_id: 0xD3, 0x76, 0x0B, 0xB5, 0xDA, 0x9E, 0x3D, 0xCE
2026-08-05 11:12:44.621073 [INFO] evse_manager:Ev  ::                                     CAR ISO V2G SessionSetupReq
2026-08-05 11:12:44.717378 [INFO] iso15118_charge  :: Timestamp: 1785921164
2026-08-05 11:12:44.749681 [INFO] evse_manager:Ev  :: EVSE ISO V2G SessionSetupRes
2026-08-05 11:12:44.750023 [INFO] evse_manager:Ev  ::                                     CAR ISO V2G AuthorizationSetupReq
2026-08-05 11:12:44.837315 [INFO] evse_manager:Ev  :: EVSE ISO V2G AuthorizationSetupRes
2026-08-05 11:12:44.837613 [INFO] evse_manager:Ev  ::                                     CAR ISO V2G AuthorizationReq
2026-08-05 11:12:44.908959 [INFO] evse_manager:Ev  :: EVSE ISO V2G AuthorizationRes
2026-08-05 11:12:44.910133 [INFO] evse_manager:Ev  ::                                     CAR ISO V2G ServiceDiscoveryReq
2026-08-05 11:12:45.011668 [INFO] iso15118_charge  :: Requested info about ServiceID: 8
2026-08-05 11:12:45.013194 [INFO] evse_manager:Ev  :: EVSE ISO V2G ServiceDiscoveryRes
2026-08-05 11:12:45.013397 [INFO] evse_manager:Ev  ::                                     CAR ISO V2G ServiceDetailReq
2026-08-05 11:12:45.111798 [INFO] iso15118_charge  :: Selected MCS service parameters: control mode: Scheduled, mobility needs mode: ProvidedByEvcc
2026-08-05 11:12:45.113306 [INFO] evse_manager:Ev  ::                                     CAR ISO EV selected service: MCS
2026-08-05 11:12:45.113304 [INFO] evse_manager:Ev  :: EVSE ISO V2G ServiceDetailRes
2026-08-05 11:12:45.113500 [INFO] evse_manager:Ev  ::                                     CAR ISO V2G ServiceSelectionReq
2026-08-05 11:12:45.209354 [INFO] evse_manager:Ev  :: EVSE ISO V2G ServiceSelectionRes
2026-08-05 11:12:45.212237 [INFO] iso15118_charge  :: Max charge current 200.000000A
2026-08-05 11:12:45.212647 [INFO] evse_manager:Ev  ::                                     CAR ISO V2G DcChargeParameterDiscoveryReq
2026-08-05 11:12:45.212976 [INFO] evse_manager:Ev  :: Received EV maximum limits: {
    "dc_ev_maximum_current_limit": 200.0,
    "dc_ev_maximum_power_limit": 50000.0,
    "dc_ev_maximum_voltage_limit": 500.0
}
2026-08-05 11:12:45.309470 [INFO] evse_manager:Ev  :: EVSE ISO V2G DcChargeParameterDiscoveryRes
2026-08-05 11:12:45.313791 [INFO] evse_manager:Ev  ::                                     CAR ISO V2G ScheduleExchangeReq
2026-08-05 11:12:45.421272 [INFO] evse_manager:Ev  :: EVSE ISO V2G ScheduleExchangeRes
2026-08-05 11:12:45.421449 [INFO] evse_manager:Ev  :: EVSE ISO Start cable check...
2026-08-05 11:12:45.421517 [INFO] evse_manager:Ev  ::                                     CAR ISO V2G DcCableCheckReq
2026-08-05 11:12:45.421574 [INFO] evse_manager:Ev  ::                                     CAR ISO DC HLC Close contactor (in CableCheck)
2026-08-05 11:12:45.521348 [INFO] evse_manager:Ev  :: EVSE ISO V2G DcCableCheckRes
2026-08-05 11:12:45.613239 [INFO] evse_manager:Ev  ::                                     CAR ISO V2G DcCableCheckReq
2026-08-05 11:12:45.613469 [INFO] evse_manager:Ev  :: EVSE ISO V2G DcCableCheckRes
2026-08-05 11:12:45.697272 [INFO] evse_manager:Ev  ::                                     CAR ISO V2G DcCableCheckReq
2026-08-05 11:12:45.709761 [INFO] evse_manager:Ev  :: EVSE ISO V2G DcCableCheckRes
2026-08-05 11:12:45.723993 [INFO] evse_manager:Ev  :: EVSE IEC Event PowerOn
2026-08-05 11:12:45.765420 [INFO] evse_manager:Ev  ::                                     CAR ISO V2G DcCableCheckReq
2026-08-05 11:12:45.809756 [INFO] evse_manager:Ev  :: EVSE ISO V2G DcCableCheckRes
2026-08-05 11:12:45.822134 [INFO] evse_manager:Ev  :: EV reports 500 V as maximum voltage
2026-08-05 11:12:45.822458 [INFO] evse_manager:Ev  :: EVSE IEC DC power supply set: 500.00V/2.00A, requested was 500.00V/2.00A.
2026-08-05 11:12:45.865365 [INFO] evse_manager:Ev  :: CableCheck: Using 500 V
2026-08-05 11:12:45.865524 [INFO] evse_manager:Ev  :: EVSE IEC DC power supply: switch ON called, ChargingPhase: CableCheck
2026-08-05 11:12:45.866666 [INFO] powersupply_dc:  :: Set mode: Export ChargingPhase: CableCheck
2026-08-05 11:12:45.913366 [INFO] evse_manager:Ev  ::                                     CAR ISO V2G DcCableCheckReq
2026-08-05 11:12:45.913627 [INFO] evse_manager:Ev  :: EVSE ISO V2G DcCableCheckRes
2026-08-05 11:12:45.967843 [INFO] evse_manager:Ev  ::                                     CAR ISO V2G DcCableCheckReq
2026-08-05 11:12:46.021237 [INFO] evse_manager:Ev  :: EVSE ISO V2G DcCableCheckRes
2026-08-05 11:12:46.109408 [INFO] evse_manager:Ev  :: CableCheck: IMD self test started.
2026-08-05 11:12:46.109425 [INFO] evse_manager:Ev  ::                                     CAR ISO V2G DcCableCheckReq
2026-08-05 11:12:46.109903 [INFO] evse_manager:Ev  :: EVSE ISO V2G DcCableCheckRes
2026-08-05 11:12:46.167232 [INFO] evse_manager:Ev  ::                                     CAR ISO V2G DcCableCheckReq
2026-08-05 11:12:46.210116 [INFO] evse_manager:Ev  :: EVSE ISO V2G DcCableCheckRes
2026-08-05 11:12:46.274336 [INFO] evse_manager:Ev  ::                                     CAR ISO V2G DcCableCheckReq
2026-08-05 11:12:46.310199 [INFO] evse_manager:Ev  :: EVSE ISO V2G DcCableCheckRes
2026-08-05 11:12:46.368845 [INFO] evse_manager:Ev  ::                                     CAR ISO V2G DcCableCheckReq
2026-08-05 11:12:46.421224 [INFO] evse_manager:Ev  :: EVSE ISO V2G DcCableCheckRes
2026-08-05 11:12:46.476161 [INFO] evse_manager:Ev  ::                                     CAR ISO V2G DcCableCheckReq
2026-08-05 11:12:46.521301 [INFO] evse_manager:Ev  :: EVSE ISO V2G DcCableCheckRes
2026-08-05 11:12:46.524333 [INFO] evse_manager:Ev  :: EVSE ISO Change HLC Limits: 22080W/200A, target_voltage 0, actual_voltage 500, bpt_active false
2026-08-05 11:12:46.613421 [INFO] evse_manager:Ev  ::                                     CAR ISO V2G DcCableCheckReq
2026-08-05 11:12:46.613653 [INFO] evse_manager:Ev  :: EVSE ISO V2G DcCableCheckRes
2026-08-05 11:12:46.701700 [INFO] evse_manager:Ev  ::                                     CAR ISO V2G DcCableCheckReq
2026-08-05 11:12:46.745314 [INFO] evse_manager:Ev  :: EVSE ISO V2G DcCableCheckRes
2026-08-05 11:12:46.773163 [INFO] evse_manager:Ev  ::                                     CAR ISO V2G DcCableCheckReq
2026-08-05 11:12:46.810532 [INFO] evse_manager:Ev  :: EVSE ISO V2G DcCableCheckRes
2026-08-05 11:12:46.865434 [INFO] evse_manager:Ev  ::                                     CAR ISO V2G DcCableCheckReq
2026-08-05 11:12:46.910926 [INFO] evse_manager:Ev  :: EVSE ISO V2G DcCableCheckRes
2026-08-05 11:12:46.965706 [INFO] evse_manager:Ev  ::                                     CAR ISO V2G DcCableCheckReq
2026-08-05 11:12:47.025185 [INFO] evse_manager:Ev  :: EVSE ISO V2G DcCableCheckRes
2026-08-05 11:12:47.052327 [INFO] evse_manager:Ev  ::                                     CAR ISO V2G DcCableCheckReq
2026-08-05 11:12:47.157219 [INFO] evse_manager:Ev  :: EVSE ISO V2G DcCableCheckRes
2026-08-05 11:12:47.168150 [INFO] evse_manager:Ev  ::                                     CAR ISO V2G DcCableCheckReq
2026-08-05 11:12:47.211069 [INFO] evse_manager:Ev  :: EVSE ISO V2G DcCableCheckRes
2026-08-05 11:12:47.266144 [INFO] evse_manager:Ev  ::                                     CAR ISO V2G DcCableCheckReq
2026-08-05 11:12:47.311017 [INFO] evse_manager:Ev  :: EVSE ISO V2G DcCableCheckRes
2026-08-05 11:12:47.352575 [INFO] evse_manager:Ev  ::                                     CAR ISO V2G DcCableCheckReq
2026-08-05 11:12:47.425234 [INFO] evse_manager:Ev  :: EVSE ISO V2G DcCableCheckRes
2026-08-05 11:12:47.465269 [INFO] evse_manager:Ev  ::                                     CAR ISO V2G DcCableCheckReq
2026-08-05 11:12:47.525232 [INFO] evse_manager:Ev  :: EVSE ISO V2G DcCableCheckRes
2026-08-05 11:12:47.550272 [INFO] evse_manager:Ev  ::                                     CAR ISO V2G DcCableCheckReq
2026-08-05 11:12:47.613224 [INFO] evse_manager:Ev  :: EVSE ISO V2G DcCableCheckRes
2026-08-05 11:12:47.701358 [INFO] evse_manager:Ev  ::                                     CAR ISO V2G DcCableCheckReq
2026-08-05 11:12:47.745137 [INFO] evse_manager:Ev  :: EVSE ISO V2G DcCableCheckRes
2026-08-05 11:12:47.750600 [INFO] evse_manager:Ev  ::                                     CAR ISO V2G DcCableCheckReq
2026-08-05 11:12:47.811293 [INFO] evse_manager:Ev  :: EVSE ISO V2G DcCableCheckRes
2026-08-05 11:12:47.865857 [INFO] evse_manager:Ev  ::                                     CAR ISO V2G DcCableCheckReq
2026-08-05 11:12:47.911484 [INFO] evse_manager:Ev  :: EVSE ISO V2G DcCableCheckRes
2026-08-05 11:12:47.966002 [INFO] evse_manager:Ev  ::                                     CAR ISO V2G DcCableCheckReq
2026-08-05 11:12:48.033263 [INFO] evse_manager:Ev  :: EVSE ISO V2G DcCableCheckRes
2026-08-05 11:12:48.066098 [INFO] evse_manager:Ev  ::                                     CAR ISO V2G DcCableCheckReq
2026-08-05 11:12:48.113167 [INFO] evse_manager:Ev  :: EVSE ISO V2G DcCableCheckRes
2026-08-05 11:12:48.197357 [INFO] evse_manager:Ev  ::                                     CAR ISO V2G DcCableCheckReq
2026-08-05 11:12:48.211545 [INFO] evse_manager:Ev  :: EVSE ISO V2G DcCableCheckRes
2026-08-05 11:12:48.266068 [INFO] evse_manager:Ev  ::                                     CAR ISO V2G DcCableCheckReq
2026-08-05 11:12:48.311658 [INFO] evse_manager:Ev  :: EVSE ISO V2G DcCableCheckRes
2026-08-05 11:12:48.366231 [INFO] evse_manager:Ev  ::                                     CAR ISO V2G DcCableCheckReq
2026-08-05 11:12:48.425180 [INFO] evse_manager:Ev  :: EVSE ISO V2G DcCableCheckRes
2026-08-05 11:12:48.465492 [INFO] evse_manager:Ev  ::                                     CAR ISO V2G DcCableCheckReq
2026-08-05 11:12:48.529190 [INFO] evse_manager:Ev  :: EVSE ISO V2G DcCableCheckRes
2026-08-05 11:12:48.552547 [INFO] evse_manager:Ev  ::                                     CAR ISO V2G DcCableCheckReq
2026-08-05 11:12:48.613250 [INFO] evse_manager:Ev  :: EVSE ISO V2G DcCableCheckRes
2026-08-05 11:12:48.697304 [INFO] evse_manager:Ev  ::                                     CAR ISO V2G DcCableCheckReq
2026-08-05 11:12:48.711768 [INFO] evse_manager:Ev  :: EVSE ISO V2G DcCableCheckRes
2026-08-05 11:12:48.751691 [INFO] evse_manager:Ev  ::                                     CAR ISO V2G DcCableCheckReq
2026-08-05 11:12:48.812003 [INFO] evse_manager:Ev  :: EVSE ISO V2G DcCableCheckRes
2026-08-05 11:12:48.865974 [INFO] evse_manager:Ev  ::                                     CAR ISO V2G DcCableCheckReq
2026-08-05 11:12:48.911993 [INFO] evse_manager:Ev  :: EVSE ISO V2G DcCableCheckRes
2026-08-05 11:12:48.951958 [INFO] evse_manager:Ev  ::                                     CAR ISO V2G DcCableCheckReq
2026-08-05 11:12:49.033383 [INFO] evse_manager:Ev  :: EVSE ISO V2G DcCableCheckRes
2026-08-05 11:12:49.113244 [INFO] evse_manager:Ev  :: EVSE IEC Isolation monitor self test result: true
2026-08-05 11:12:49.113303 [INFO] evse_manager:Ev  ::                                     CAR ISO V2G DcCableCheckReq
2026-08-05 11:12:49.113734 [INFO] evse_manager:Ev  :: EVSE ISO V2G DcCableCheckRes
2026-08-05 11:12:49.125191 [INFO] imd:IMDSimulato  :: Started simulated isolation monitoring with 1000 ms interval
2026-08-05 11:12:49.157253 [INFO] evse_manager:Ev  :: CableCheck: Waiting for 1 isolation measurement sample(s)
2026-08-05 11:12:49.157461 [INFO] evse_manager:Ev  :: EVSE IEC Isolation measurement Ok R_F 900000.
2026-08-05 11:12:49.201325 [INFO] evse_manager:Ev  ::                                     CAR ISO V2G DcCableCheckReq
2026-08-05 11:12:49.201421 [INFO] evse_manager:Ev  :: EVSE IEC DC power supply OFF
2026-08-05 11:12:49.202333 [INFO] powersupply_dc:  :: Set mode: Off ChargingPhase: CableCheck
2026-08-05 11:12:49.253466 [INFO] evse_manager:Ev  :: EVSE ISO V2G DcCableCheckRes
2026-08-05 11:12:49.262582 [INFO] evse_manager:Ev  ::                                     CAR ISO V2G DcCableCheckReq
2026-08-05 11:12:49.312400 [INFO] evse_manager:Ev  :: EVSE ISO V2G DcCableCheckRes
2026-08-05 11:12:49.370346 [INFO] evse_manager:Ev  ::                                     CAR ISO V2G DcCableCheckReq
2026-08-05 11:12:49.429153 [INFO] evse_manager:Ev  :: EVSE ISO V2G DcCableCheckRes
2026-08-05 11:12:49.463057 [INFO] evse_manager:Ev  ::                                     CAR ISO V2G DcCableCheckReq
2026-08-05 11:12:49.537216 [INFO] evse_manager:Ev  :: EVSE ISO V2G DcCableCheckRes
2026-08-05 11:12:49.570146 [INFO] evse_manager:Ev  ::                                     CAR ISO V2G DcCableCheckReq
2026-08-05 11:12:49.570188 [INFO] evse_manager:Ev  :: CableCheck done, output is below 60V
2026-08-05 11:12:49.617374 [INFO] evse_manager:Ev  :: EVSE ISO V2G DcCableCheckRes
2026-08-05 11:12:49.705368 [INFO] evse_manager:Ev  ::                                     CAR ISO V2G DcCableCheckReq
2026-08-05 11:12:49.712310 [INFO] evse_manager:Ev  :: EVSE ISO V2G DcCableCheckRes
2026-08-05 11:12:49.713423 [INFO] evse_manager:Ev  ::                                     CAR ISO V2G DcPreChargeReq
2026-08-05 11:12:49.757492 [INFO] evse_manager:Ev  :: EVSE IEC DC power supply set: 400.00V/1.00A, requested was 400.00V/0.00A.
2026-08-05 11:12:49.801360 [INFO] evse_manager:Ev  :: EVSE IEC DC power supply: switch ON called, ChargingPhase: PreCharge
2026-08-05 11:12:49.802344 [INFO] powersupply_dc:  :: Set mode: Export ChargingPhase: PreCharge
2026-08-05 11:12:49.845459 [INFO] evse_manager:Ev  :: EVSE ISO V2G DcPreChargeRes
2026-08-05 11:12:49.845664 [INFO] evse_manager:Ev  ::                                     CAR ISO V2G PowerDeliveryReq
2026-08-05 11:12:49.845969 [INFO] evse_manager:Ev  :: EVSE ISO Change HLC Limits: 22080W/55.2A, target_voltage 400, actual_voltage 0, bpt_active false
2026-08-05 11:12:49.933395 [INFO] evse_manager:Ev  :: EVSE ISO V2G PowerDeliveryRes
2026-08-05 11:12:49.933481 [INFO] evse_manager:Ev  :: EVSE IEC DC power supply: switch ON in export mode
2026-08-05 11:12:49.933395 [INFO] evse_manager:Ev  :: EVSE IEC DC power supply set: 400.00V/1.00A, requested was 400.00V/0.00A.
2026-08-05 11:12:49.933703 [INFO] evse_manager:Ev  ::                                     CAR ISO V2G DcChargeLoopReq
2026-08-05 11:12:49.934505 [INFO] powersupply_dc:  :: Set mode: Export ChargingPhase: Charging
2026-08-05 11:12:49.977278 [INFO] evse_manager:Ev  :: EVSE IEC DC power supply set: 400.00V/1.07A, requested was 400.00V/1.07A.
2026-08-05 11:12:49.977278 [INFO] evse_manager:Ev  :: EVSE IEC DC power supply set: 400.00V/1.00A, requested was 400.00V/0.00A.
2026-08-05 11:12:50.025292 [WARN] evse_manager:Ev void module::EvseManager::process_dc_ev_target_voltage_current(const types::iso15118::DcEvseMaximumLimits&) :: EV ignores new EVSE max limits. Setting target current to new EVSE max limits
2026-08-05 11:12:50.025333 [INFO] evse_manager:Ev  :: VoltagePlausibilityMonitor, start monitoring
2026-08-05 11:12:50.025418 [INFO] evse_manager:Ev  :: EVSE ISO V2G DcChargeLoopRes
2026-08-05 11:12:50.029701 [INFO] evse_manager:Ev  :: EVSE IEC Charger state: PrepareCharging->Charging
2026-08-05 11:12:50.030257 [INFO] evse_manager:Ev  :: Timing statistics (Plugin to CurrentDemand)
2026-08-05 11:12:50.030275 [INFO] evse_manager:Ev  :: -------------------------------------------
2026-08-05 11:12:50.030281 [INFO] evse_manager:Ev  :: ConnSetup | HLC_PWM_5%_ON: 639 ms | D-LINK_READY: 1572 ms | Auth EIM Done: 50859 ms | Total: 53655 ms
2026-08-05 11:12:50.030287 [INFO] evse_manager:Ev  :: CableCheck | <60V: 0 ms | Relay On: 400 ms | EVInfo: 0 ms | VRampUp: 244 ms | Self test: 3046 ms | Measure: 43 ms | VRampDown: 412 ms | Total: 4239 ms
2026-08-05 11:12:50.030293 [INFO] evse_manager:Ev  :: PrepareCharging | Charging started: 369 ms | Total: 369 ms
2026-08-05 11:12:50.030299 [INFO] evse_manager:Ev  :: Total duration all phases: 58264 ms
2026-08-05 11:12:50.073198 [INFO] evse_manager:Ev  ::                                     CAR ISO V2G DcChargeLoopReq
2026-08-05 11:12:50.073219 [INFO] evse_manager:Ev  :: EVSE IEC DC power supply set: 400.00V/3.45A, requested was 400.00V/3.45A.
2026-08-05 11:12:50.117365 [INFO] evse_manager:Ev  :: EVSE ISO V2G DcChargeLoopRes
2026-08-05 11:12:50.142793 [INFO] evse_manager:Ev  :: EVSE IEC Isolation measurement Ok R_F 900000.
2026-08-05 11:12:50.229165 [INFO] evse_manager:Ev  ::                                     CAR ISO V2G DcChargeLoopReq
2026-08-05 11:12:50.229182 [INFO] evse_manager:Ev  :: EVSE IEC DC power supply set: 400.00V/7.33A, requested was 400.00V/7.33A.
2026-08-05 11:12:50.229478 [INFO] evse_manager:Ev  :: EVSE ISO V2G DcChargeLoopRes
2026-08-05 11:12:50.277236 [WARN] evse_manager:Ev void module::EvseManager::process_dc_ev_target_voltage_current(const types::iso15118::DcEvseMaximumLimits&) :: EV ignores new EVSE max limits. Setting target current to new EVSE max limits
2026-08-05 11:12:50.277294 [INFO] evse_manager:Ev  ::                                     CAR ISO V2G PowerDeliveryReq
2026-08-05 11:12:50.277283 [INFO] evse_manager:Ev  :: VoltagePlausibilityMonitor, stop monitoring
2026-08-05 11:12:50.277401 [INFO] evse_manager:Ev  :: EVSE IEC DC power supply OFF
2026-08-05 11:12:50.277541 [INFO] evse_manager:Ev  :: EVSE IEC DC power supply OFF
2026-08-05 11:12:50.278408 [INFO] powersupply_dc:  :: Set mode: Off ChargingPhase: Charging
2026-08-05 11:12:50.278728 [INFO] powersupply_dc:  :: Set mode: Off ChargingPhase: Charging
2026-08-05 11:12:50.322146 [INFO] imd:IMDSimulato  :: Stopped simulated isolation monitoring
2026-08-05 11:12:50.369552 [INFO] evse_manager:Ev  :: EVSE ISO V2G PowerDeliveryRes
2026-08-05 11:12:50.369875 [INFO] evse_manager:Ev  ::                                     CAR ISO V2G DcWeldingDetectionReq
2026-08-05 11:12:50.425232 [INFO] evse_manager:Ev  :: EVSE ISO V2G DcWeldingDetectionRes
2026-08-05 11:12:50.425479 [INFO] evse_manager:Ev  ::                                     CAR ISO V2G SessionStopReq
2026-08-05 11:12:50.541289 [INFO] evse_manager:Ev  :: EVSE ISO V2G SessionStopRes
2026-08-05 11:12:55.338426 [INFO] evse_manager:Ev  :: EVSE IEC DC power supply set: 400.00V/55.20A, requested was 400.00V/55.20A.
2026-08-05 11:12:55.381455 [INFO] evse_manager:Ev  :: EVSE IEC DC power supply: switch ON called, ChargingPhase: Other
2026-08-05 11:12:55.385459 [INFO] powersupply_dc:  :: Set mode: Export ChargingPhase: Other
2026-08-05 11:12:55.389189 [WARN] evse_manager:Ev void module::EvseManager::process_dc_ev_target_voltage_current(const types::iso15118::DcEvseMaximumLimits&) :: EV ignores new EVSE max limits. Setting target current to new EVSE max limits
2026-08-05 11:12:55.512549 [INFO] iso15118_charge  :: Closing TCP connection
2026-08-05 11:12:56.322360 [INFO] evse_manager:Ev  :: EVSE ISO Change HLC Limits: 22080W/55.2A, target_voltage 400, actual_voltage 400, bpt_active false
2026-08-05 11:12:57.513052 [INFO] iso15118_charge  :: TCP connection closed gracefully
2026-08-05 11:12:57.513182 [INFO] iso15118_charge  :: Connection is closed
2026-08-05 11:12:57.529470 [INFO] evse_manager:Ev  :: EVSE ISO D-LINK_TERMINATE.req
2026-08-05 11:12:57.529714 [INFO] evse_manager:Ev  :: EVSE IEC Set PWM Off
2026-08-05 11:12:57.665438 [INFO] evse_manager:Ev  :: EVSE ISO SLAC UNMATCHED
2026-08-05 11:12:57.665779 [INFO] evse_manager:Ev  :: EVSE ISO D-LINK_READY (false)
2026-08-05 11:13:01.398263 [INFO] evse_manager:Ev  :: EVSE IEC DC power supply set: 400.00V/55.20A, requested was 400.00V/55.20A.
2026-08-05 11:13:01.441265 [WARN] evse_manager:Ev void module::EvseManager::process_dc_ev_target_voltage_current(const types::iso15118::DcEvseMaximumLimits&) :: EV ignores new EVSE max limits. Setting target current to new EVSE max limits
2026-08-05 11:13:03.575085 [WARN] evse_manager:Ev std::queue<module::CPEvent> module::IECStateMachine::state_machine(std::optional<module::RawCPState>) :: Timeout of 6 seconds reached, EV did not go back to state B after PWM was switched off. Powering off under load.
2026-08-05 11:13:03.827201 [INFO] evse_manager:Ev  :: EVSE IEC Event PowerOff
2026-08-05 11:13:06.530575 [WARN] evse_manager:Ev void module::EvseManager::process_dc_ev_target_voltage_current(const types::iso15118::DcEvseMaximumLimits&) :: EV ignores new EVSE max limits. Setting target current to new EVSE max limits
2026-08-05 11:13:42.125335 [INFO] ev_manager:EvMa  :: Finished simulation.
2026-08-05 11:13:42.428280 [INFO] evse_manager:Ev  ::                                     CAR IEC Event CarUnplugged
2026-08-05 11:13:42.428464 [INFO] evse_manager:Ev  :: EVSE IEC Stop in Charging: [EV unplugged]
2026-08-05 11:13:42.428569 [INFO] evse_manager:Ev  :: EVSE IEC Charger state: Charging->StoppingCharging
2026-08-05 11:13:42.517366 [INFO] evse_manager:Ev  :: EVSE IEC Charger state: StoppingCharging->Finished
2026-08-05 11:13:42.561585 [INFO] evse_manager:Ev  :: EVSE IEC Transaction Finished: EVDisconnected (0.28929443359375 kWh)
2026-08-05 11:13:42.561973 [INFO] evse_manager:Ev  :: EVSE IEC DC power supply OFF
2026-08-05 11:13:42.605370 [INFO] powersupply_dc:  :: Set mode: Off ChargingPhase: Other
2026-08-05 11:13:42.782885 [INFO] evse_manager:Ev  :: EVSE IEC Session Finished
2026-08-05 11:13:42.783031 [INFO] evse_manager:Ev  :: SYS  Session logging stopped.
2026-08-05 11:13:42.825478 [INFO] evse_manager:Ev  :: All errors cleared
2026-08-05 11:13:42.825622 [INFO] evse_manager:Ev  :: All errors cleared
2026-08-05 11:13:48.662108 [INFO] evse_manager:Ev  :: SYS  Session logging started.
2026-08-05 11:13:48.662244 [INFO] evse_manager:Ev  :: EVSE IEC Session Started: EVConnected
2026-08-05 11:13:48.663235 [INFO] auth:Auth        :: Plug In event for evse#1, starting auth
2026-08-05 11:13:48.663285 [INFO] token_provider:  :: Publishing new dummy token: {
    "authorization_type": "RFID",
    "id_token": {
        "type": "ISO14443",
        "value": "[redacted] hash: CE55F71752B68164"
    },
    "parent_id_token": {
        "type": "ISO14443",
        "value": "[redacted] hash: CE55F71752B68164"
    }
}
2026-08-05 11:13:48.664055 [INFO] auth:Auth        :: Received new token: {
    "authorization_type": "RFID",
    "id_token": {
        "type": "ISO14443",
        "value": "[redacted] hash: CE55F71752B68164"
    },
    "parent_id_token": {
        "type": "ISO14443",
        "value": "[redacted] hash: CE55F71752B68164"
    }
}
2026-08-05 11:13:48.665119 [INFO] token_validator  :: Got validation request for token: [redacted] hash: CE55F71752B68164
2026-08-05 11:13:48.915291 [INFO] token_validator  :: Returning validation status: Accepted
2026-08-05 11:13:48.916376 [INFO] auth:Auth        :: Providing authorization to evse#1
2026-08-05 11:13:49.163085 [INFO] evse_manager:Ev  :: EVSE IEC Set PWM On (5.0%) took 0 ms
2026-08-05 11:13:49.294115 [INFO] auth:Auth        :: Result for token: [redacted] hash: CE55F71752B68164: USED_TO_START_TRANSACTION
2026-08-05 11:13:49.305455 [INFO] evse_manager:Ev  :: EVSE IEC EIM Authorization received
2026-08-05 11:13:49.349220 [INFO] evse_manager:Ev  :: EVSE IEC Transaction Started (0.28929443359375 kWh)
2026-08-05 11:13:49.349636 [INFO] evse_manager:Ev  :: EVSE IEC DC mode. We are in 5percent mode so we can continue without further action.
2026-08-05 11:13:49.349800 [INFO] evse_manager:Ev  :: EVSE IEC Charger state: Wait for Auth->PrepareCharging
2026-08-05 11:13:50.729289 [INFO] evse_manager:Ev  :: EVSE ISO SLAC MATCHED
2026-08-05 11:13:50.729293 [INFO] evse_manager:Ev  :: EVSE ISO D-LINK_READY (true)
2026-08-05 11:13:51.288997 [INFO] evse_manager:Ev  ::                                     CAR IEC Event CarRequestedPower
2026-08-05 11:14:05.931029 [INFO] iso15118_charge  :: Got SDP request from fe80::215:5dff:feca:a645%eth0
2026-08-05 11:14:29.502519 [INFO] iso15118_charge  :: Incoming connection from [fe80::215:5dff:feca:a645%eth0]:36428
2026-08-05 11:14:29.519088 [INFO] iso15118_charge  :: Received session setup with evccid: EVCC01
2026-08-05 11:14:29.519386 [INFO] iso15118_charge  :: New session created with session_id: 0x98, 0x5D, 0xDE, 0xFA, 0x75, 0xDF, 0x46, 0xA7
2026-08-05 11:14:29.549426 [INFO] evse_manager:Ev  ::                                     CAR ISO V2G SupportedAppProtocolReq
2026-08-05 11:14:29.549712 [INFO] evse_manager:Ev  :: EVSE ISO V2G SupportedAppProtocolRes
2026-08-05 11:14:29.561383 [INFO] evse_manager:Ev  ::                                     CAR ISO V2G SessionSetupReq
2026-08-05 11:14:29.609081 [INFO] evse_manager:Ev  :: EVSE ISO V2G SessionSetupRes
2026-08-05 11:14:29.616422 [INFO] iso15118_charge  :: Timestamp: 1785921269
2026-08-05 11:14:29.616947 [INFO] evse_manager:Ev  ::                                     CAR ISO V2G AuthorizationSetupReq
2026-08-05 11:14:29.749458 [INFO] evse_manager:Ev  :: EVSE ISO V2G AuthorizationSetupRes
2026-08-05 11:14:29.749686 [INFO] evse_manager:Ev  ::                                     CAR ISO V2G AuthorizationReq
2026-08-05 11:14:29.809330 [INFO] evse_manager:Ev  :: EVSE ISO V2G AuthorizationRes
2026-08-05 11:14:29.810469 [INFO] evse_manager:Ev  ::                                     CAR ISO V2G ServiceDiscoveryReq
2026-08-05 11:14:29.909255 [INFO] evse_manager:Ev  :: EVSE ISO V2G ServiceDiscoveryRes
2026-08-05 11:14:29.912040 [INFO] iso15118_charge  :: Requested info about ServiceID: 8
2026-08-05 11:14:29.912488 [INFO] evse_manager:Ev  ::                                     CAR ISO V2G ServiceDetailReq
2026-08-05 11:14:30.009206 [INFO] evse_manager:Ev  :: EVSE ISO V2G ServiceDetailRes
2026-08-05 11:14:30.012184 [INFO] iso15118_charge  :: Selected MCS service parameters: control mode: Scheduled, mobility needs mode: ProvidedByEvcc
2026-08-05 11:14:30.053235 [INFO] evse_manager:Ev  ::                                     CAR ISO V2G ServiceSelectionReq
2026-08-05 11:14:30.053334 [INFO] evse_manager:Ev  ::                                     CAR ISO EV selected service: MCS
2026-08-05 11:14:30.109533 [INFO] evse_manager:Ev  :: EVSE ISO V2G ServiceSelectionRes
2026-08-05 11:14:30.112436 [INFO] iso15118_charge  :: Max charge current 200.000000A
2026-08-05 11:14:30.112899 [INFO] evse_manager:Ev  ::                                     CAR ISO V2G DcChargeParameterDiscoveryReq
2026-08-05 11:14:30.113197 [INFO] evse_manager:Ev  :: Received EV maximum limits: {
    "dc_ev_maximum_current_limit": 200.0,
    "dc_ev_maximum_power_limit": 50000.0,
    "dc_ev_maximum_voltage_limit": 500.0
}
2026-08-05 11:14:30.221294 [INFO] evse_manager:Ev  :: EVSE ISO V2G DcChargeParameterDiscoveryRes
2026-08-05 11:14:30.221527 [INFO] evse_manager:Ev  ::                                     CAR ISO V2G ScheduleExchangeReq
2026-08-05 11:14:30.309666 [INFO] evse_manager:Ev  :: EVSE ISO V2G ScheduleExchangeRes
2026-08-05 11:14:30.314304 [INFO] evse_manager:Ev  ::                                     CAR ISO V2G DcCableCheckReq
2026-08-05 11:14:30.314432 [INFO] evse_manager:Ev  :: EVSE ISO Start cable check...
2026-08-05 11:14:30.314539 [INFO] evse_manager:Ev  ::                                     CAR ISO DC HLC Close contactor (in CableCheck)
2026-08-05 11:14:30.409729 [INFO] evse_manager:Ev  :: EVSE ISO V2G DcCableCheckRes
2026-08-05 11:14:30.463772 [INFO] evse_manager:Ev  ::                                     CAR ISO V2G DcCableCheckReq
2026-08-05 11:14:30.505421 [INFO] evse_manager:Ev  :: EVSE IEC Event PowerOn
2026-08-05 11:14:30.514848 [INFO] evse_manager:Ev  :: EV reports 500 V as maximum voltage
2026-08-05 11:14:30.514988 [INFO] evse_manager:Ev  :: EVSE IEC DC power supply set: 500.00V/2.00A, requested was 500.00V/2.00A.
2026-08-05 11:14:30.515472 [INFO] evse_manager:Ev  :: EVSE ISO V2G DcCableCheckRes
2026-08-05 11:14:30.557248 [INFO] evse_manager:Ev  :: CableCheck: Using 500 V
2026-08-05 11:14:30.557361 [INFO] evse_manager:Ev  :: EVSE IEC DC power supply: switch ON called, ChargingPhase: CableCheck
2026-08-05 11:14:30.558163 [INFO] powersupply_dc:  :: Set mode: Export ChargingPhase: CableCheck
2026-08-05 11:14:30.601453 [INFO] evse_manager:Ev  ::                                     CAR ISO V2G DcCableCheckReq
2026-08-05 11:14:30.609805 [INFO] evse_manager:Ev  :: EVSE ISO V2G DcCableCheckRes
2026-08-05 11:14:30.664925 [INFO] evse_manager:Ev  ::                                     CAR ISO V2G DcCableCheckReq
2026-08-05 11:14:30.721168 [INFO] evse_manager:Ev  :: CableCheck: IMD self test started.
2026-08-05 11:14:30.721305 [INFO] evse_manager:Ev  :: EVSE ISO V2G DcCableCheckRes
2026-08-05 11:14:30.797607 [INFO] evse_manager:Ev  ::                                     CAR ISO V2G DcCableCheckReq
2026-08-05 11:14:30.841310 [INFO] evse_manager:Ev  :: EVSE ISO V2G DcCableCheckRes
2026-08-05 11:14:30.868706 [INFO] evse_manager:Ev  ::                                     CAR ISO V2G DcCableCheckReq
2026-08-05 11:14:30.909933 [INFO] evse_manager:Ev  :: EVSE ISO V2G DcCableCheckRes
2026-08-05 11:14:30.972630 [INFO] evse_manager:Ev  ::                                     CAR ISO V2G DcCableCheckReq
2026-08-05 11:14:31.021373 [INFO] evse_manager:Ev  :: EVSE ISO V2G DcCableCheckRes
2026-08-05 11:14:31.055943 [INFO] evse_manager:Ev  ::                                     CAR ISO V2G DcCableCheckReq
2026-08-05 11:14:31.062703 [INFO] evse_manager:Ev  :: EVSE ISO Change HLC Limits: 22080W/200A, target_voltage 0, actual_voltage 500, bpt_active false
2026-08-05 11:14:31.149278 [INFO] evse_manager:Ev  :: EVSE ISO V2G DcCableCheckRes
2026-08-05 11:14:31.193387 [INFO] evse_manager:Ev  ::                                     CAR ISO V2G DcCableCheckReq
2026-08-05 11:14:31.237312 [INFO] evse_manager:Ev  :: EVSE ISO V2G DcCableCheckRes
2026-08-05 11:14:31.297231 [INFO] evse_manager:Ev  ::                                     CAR ISO V2G DcCableCheckReq
2026-08-05 11:14:31.310279 [INFO] evse_manager:Ev  :: EVSE ISO V2G DcCableCheckRes
2026-08-05 11:14:31.371423 [INFO] evse_manager:Ev  ::                                     CAR ISO V2G DcCableCheckReq
2026-08-05 11:14:31.410376 [INFO] evse_manager:Ev  :: EVSE ISO V2G DcCableCheckRes
2026-08-05 11:14:31.513255 [INFO] evse_manager:Ev  ::                                     CAR ISO V2G DcCableCheckReq
2026-08-05 11:14:31.513565 [INFO] evse_manager:Ev  :: EVSE ISO V2G DcCableCheckRes
2026-08-05 11:14:31.571692 [INFO] evse_manager:Ev  ::                                     CAR ISO V2G DcCableCheckReq
2026-08-05 11:14:31.610418 [INFO] evse_manager:Ev  :: EVSE ISO V2G DcCableCheckRes
2026-08-05 11:14:31.671298 [INFO] evse_manager:Ev  ::                                     CAR ISO V2G DcCableCheckReq
2026-08-05 11:14:31.725310 [INFO] evse_manager:Ev  :: EVSE ISO V2G DcCableCheckRes
2026-08-05 11:14:31.801271 [INFO] evse_manager:Ev  ::                                     CAR ISO V2G DcCableCheckReq
2026-08-05 11:14:31.810661 [INFO] evse_manager:Ev  :: EVSE ISO V2G DcCableCheckRes
2026-08-05 11:14:31.871549 [INFO] evse_manager:Ev  ::                                     CAR ISO V2G DcCableCheckReq
2026-08-05 11:14:31.910728 [INFO] evse_manager:Ev  :: EVSE ISO V2G DcCableCheckRes
2026-08-05 11:14:31.955996 [INFO] evse_manager:Ev  ::                                     CAR ISO V2G DcCableCheckReq
2026-08-05 11:14:32.025287 [INFO] evse_manager:Ev  :: EVSE ISO V2G DcCableCheckRes
2026-08-05 11:14:32.058044 [INFO] evse_manager:Ev  ::                                     CAR ISO V2G DcCableCheckReq
2026-08-05 11:14:32.110920 [INFO] evse_manager:Ev  :: EVSE ISO V2G DcCableCheckRes
2026-08-05 11:14:32.156318 [INFO] evse_manager:Ev  ::                                     CAR ISO V2G DcCableCheckReq
2026-08-05 11:14:32.245304 [INFO] evse_manager:Ev  :: EVSE ISO V2G DcCableCheckRes
2026-08-05 11:14:32.297273 [INFO] evse_manager:Ev  ::                                     CAR ISO V2G DcCableCheckReq
2026-08-05 11:14:32.311059 [INFO] evse_manager:Ev  :: EVSE ISO V2G DcCableCheckRes
2026-08-05 11:14:32.371758 [INFO] evse_manager:Ev  ::                                     CAR ISO V2G DcCableCheckReq
2026-08-05 11:14:32.411110 [INFO] evse_manager:Ev  :: EVSE ISO V2G DcCableCheckRes
2026-08-05 11:14:32.509219 [INFO] evse_manager:Ev  ::                                     CAR ISO V2G DcCableCheckReq
2026-08-05 11:14:32.553284 [INFO] evse_manager:Ev  :: EVSE ISO V2G DcCableCheckRes
2026-08-05 11:14:32.571761 [INFO] evse_manager:Ev  ::                                     CAR ISO V2G DcCableCheckReq
2026-08-05 11:14:32.611145 [INFO] evse_manager:Ev  :: EVSE ISO V2G DcCableCheckRes
2026-08-05 11:14:32.671873 [INFO] evse_manager:Ev  ::                                     CAR ISO V2G DcCableCheckReq
2026-08-05 11:14:32.721220 [INFO] evse_manager:Ev  :: EVSE ISO V2G DcCableCheckRes
2026-08-05 11:14:32.756009 [INFO] evse_manager:Ev  ::                                     CAR ISO V2G DcCableCheckReq
2026-08-05 11:14:32.811287 [INFO] evse_manager:Ev  :: EVSE ISO V2G DcCableCheckRes
2026-08-05 11:14:32.871553 [INFO] evse_manager:Ev  ::                                     CAR ISO V2G DcCableCheckReq
2026-08-05 11:14:32.911534 [INFO] evse_manager:Ev  :: EVSE ISO V2G DcCableCheckRes
2026-08-05 11:14:32.957134 [INFO] evse_manager:Ev  ::                                     CAR ISO V2G DcCableCheckReq
2026-08-05 11:14:33.033227 [INFO] evse_manager:Ev  :: EVSE ISO V2G DcCableCheckRes
2026-08-05 11:14:33.065299 [INFO] evse_manager:Ev  ::                                     CAR ISO V2G DcCableCheckReq
2026-08-05 11:14:33.111462 [INFO] evse_manager:Ev  :: EVSE ISO V2G DcCableCheckRes
2026-08-05 11:14:33.174322 [INFO] evse_manager:Ev  ::                                     CAR ISO V2G DcCableCheckReq
2026-08-05 11:14:33.225440 [INFO] evse_manager:Ev  :: EVSE ISO V2G DcCableCheckRes
2026-08-05 11:14:33.269165 [INFO] evse_manager:Ev  ::                                     CAR ISO V2G DcCableCheckReq
2026-08-05 11:14:33.313184 [INFO] evse_manager:Ev  :: EVSE ISO V2G DcCableCheckRes
2026-08-05 11:14:33.374770 [INFO] evse_manager:Ev  ::                                     CAR ISO V2G DcCableCheckReq
2026-08-05 11:14:33.411779 [INFO] evse_manager:Ev  :: EVSE ISO V2G DcCableCheckRes
2026-08-05 11:14:33.509228 [INFO] evse_manager:Ev  ::                                     CAR ISO V2G DcCableCheckReq
2026-08-05 11:14:33.553226 [INFO] evse_manager:Ev  :: EVSE ISO V2G DcCableCheckRes
2026-08-05 11:14:33.577236 [INFO] evse_manager:Ev  ::                                     CAR ISO V2G DcCableCheckReq
2026-08-05 11:14:33.611710 [INFO] evse_manager:Ev  :: EVSE ISO V2G DcCableCheckRes
2026-08-05 11:14:33.669383 [INFO] evse_manager:Ev  ::                                     CAR ISO V2G DcCableCheckReq
2026-08-05 11:14:33.725229 [INFO] evse_manager:Ev  :: EVSE IEC Isolation monitor self test result: true
2026-08-05 11:14:33.725244 [INFO] evse_manager:Ev  :: EVSE ISO V2G DcCableCheckRes
2026-08-05 11:14:33.737216 [INFO] imd:IMDSimulato  :: Started simulated isolation monitoring with 1000 ms interval
2026-08-05 11:14:33.773363 [INFO] evse_manager:Ev  :: CableCheck: Waiting for 1 isolation measurement sample(s)
2026-08-05 11:14:33.773499 [INFO] evse_manager:Ev  :: EVSE IEC Isolation measurement Ok R_F 900000.
2026-08-05 11:14:33.773500 [INFO] evse_manager:Ev  ::                                     CAR ISO V2G DcCableCheckReq
2026-08-05 11:14:33.817365 [INFO] evse_manager:Ev  :: EVSE IEC DC power supply OFF
2026-08-05 11:14:33.818480 [INFO] powersupply_dc:  :: Set mode: Off ChargingPhase: CableCheck
2026-08-05 11:14:33.861322 [INFO] evse_manager:Ev  :: EVSE ISO V2G DcCableCheckRes
2026-08-05 11:14:33.871168 [INFO] evse_manager:Ev  ::                                     CAR ISO V2G DcCableCheckReq
2026-08-05 11:14:33.912086 [INFO] evse_manager:Ev  :: EVSE ISO V2G DcCableCheckRes
2026-08-05 11:14:33.978178 [INFO] evse_manager:Ev  ::                                     CAR ISO V2G DcCableCheckReq
2026-08-05 11:14:34.033232 [INFO] evse_manager:Ev  :: EVSE ISO V2G DcCableCheckRes
2026-08-05 11:14:34.071876 [INFO] evse_manager:Ev  ::                                     CAR ISO V2G DcCableCheckReq
2026-08-05 11:14:34.112339 [INFO] evse_manager:Ev  :: EVSE ISO V2G DcCableCheckRes
2026-08-05 11:14:34.165072 [INFO] evse_manager:Ev  ::                                     CAR ISO V2G DcCableCheckReq
2026-08-05 11:14:34.181394 [INFO] evse_manager:Ev  :: CableCheck done, output is below 60V
2026-08-05 11:14:34.269227 [INFO] evse_manager:Ev  :: EVSE ISO V2G DcCableCheckRes
2026-08-05 11:14:34.313119 [INFO] evse_manager:Ev  ::                                     CAR ISO V2G DcCableCheckReq
2026-08-05 11:14:34.313379 [INFO] evse_manager:Ev  :: EVSE ISO V2G DcCableCheckRes
2026-08-05 11:14:34.313693 [INFO] evse_manager:Ev  ::                                     CAR ISO V2G DcPreChargeReq
2026-08-05 11:14:34.314098 [INFO] evse_manager:Ev  :: EVSE ISO Change HLC Limits: 22080W/200A, target_voltage 0, actual_voltage 0, bpt_active false
2026-08-05 11:14:34.357489 [INFO] evse_manager:Ev  :: EVSE IEC DC power supply set: 400.00V/1.00A, requested was 400.00V/0.00A.
2026-08-05 11:14:34.401303 [INFO] evse_manager:Ev  :: EVSE IEC DC power supply: switch ON called, ChargingPhase: PreCharge
2026-08-05 11:14:34.405320 [INFO] powersupply_dc:  :: Set mode: Export ChargingPhase: PreCharge
2026-08-05 11:14:34.445336 [INFO] evse_manager:Ev  :: EVSE ISO V2G DcPreChargeRes
2026-08-05 11:14:34.445542 [INFO] evse_manager:Ev  ::                                     CAR ISO V2G PowerDeliveryReq
2026-08-05 11:14:34.553297 [INFO] evse_manager:Ev  :: EVSE IEC DC power supply: switch ON in export mode
2026-08-05 11:14:34.553320 [INFO] evse_manager:Ev  :: EVSE IEC DC power supply set: 400.00V/120.00A, requested was 400.00V/120.00A.
2026-08-05 11:14:34.553300 [INFO] evse_manager:Ev  :: EVSE ISO V2G PowerDeliveryRes
2026-08-05 11:14:34.553750 [INFO] evse_manager:Ev  ::                                     CAR ISO V2G DcChargeLoopReq
2026-08-05 11:14:34.554443 [INFO] powersupply_dc:  :: Set mode: Export ChargingPhase: Charging
2026-08-05 11:14:34.597438 [INFO] evse_manager:Ev  :: EVSE IEC DC power supply set: 400.00V/1.00A, requested was 400.00V/0.00A.
2026-08-05 11:14:34.641300 [INFO] evse_manager:Ev  :: EVSE ISO V2G DcChargeLoopRes
2026-08-05 11:14:34.641877 [INFO] evse_manager:Ev  :: VoltagePlausibilityMonitor, start monitoring
2026-08-05 11:14:34.678080 [INFO] evse_manager:Ev  ::                                     CAR ISO V2G DcChargeLoopReq
2026-08-05 11:14:34.678196 [INFO] evse_manager:Ev  :: EVSE IEC DC power supply set: 400.00V/120.00A, requested was 400.00V/120.00A.
2026-08-05 11:14:34.711813 [INFO] evse_manager:Ev  :: EVSE IEC Charger state: PrepareCharging->Charging
2026-08-05 11:14:34.713088 [INFO] evse_manager:Ev  :: Timing statistics (Plugin to CurrentDemand)
2026-08-05 11:14:34.713111 [INFO] evse_manager:Ev  :: -------------------------------------------
2026-08-05 11:14:34.713118 [INFO] evse_manager:Ev  :: ConnSetup | HLC_PWM_5%_ON: 635 ms | D-LINK_READY: 1567 ms | Auth EIM Done: 38888 ms | Total: 41745 ms
2026-08-05 11:14:34.713124 [INFO] evse_manager:Ev  :: CableCheck | <60V: 0 ms | Relay On: 200 ms | EVInfo: 0 ms | VRampUp: 163 ms | Self test: 3047 ms | Measure: 47 ms | VRampDown: 407 ms | Total: 3910 ms
2026-08-05 11:14:34.713129 [INFO] evse_manager:Ev  :: PrepareCharging | Charging started: 487 ms | Total: 487 ms
2026-08-05 11:14:34.713135 [INFO] evse_manager:Ev  :: Total duration all phases: 46143 ms
2026-08-05 11:14:34.761256 [INFO] evse_manager:Ev  :: EVSE ISO V2G DcChargeLoopRes
2026-08-05 11:14:34.761323 [INFO] evse_manager:Ev  :: EVSE IEC Isolation measurement Ok R_F 900000.
2026-08-05 11:14:34.849305 [INFO] evse_manager:Ev  ::                                     CAR ISO V2G DcChargeLoopReq
2026-08-05 11:14:34.849319 [INFO] evse_manager:Ev  :: EVSE IEC DC power supply set: 400.00V/55.20A, requested was 400.00V/55.20A.
2026-08-05 11:14:34.849595 [INFO] evse_manager:Ev  :: EVSE ISO V2G DcChargeLoopRes
2026-08-05 11:14:34.893373 [WARN] evse_manager:Ev void module::EvseManager::process_dc_ev_target_voltage_current(const types::iso15118::DcEvseMaximumLimits&) :: EV ignores new EVSE max limits. Setting target current to new EVSE max limits
2026-08-05 11:14:34.893494 [INFO] evse_manager:Ev  :: VoltagePlausibilityMonitor, stop monitoring
2026-08-05 11:14:34.893503 [INFO] evse_manager:Ev  ::                                     CAR ISO V2G PowerDeliveryReq
2026-08-05 11:14:34.893539 [INFO] evse_manager:Ev  :: EVSE IEC DC power supply OFF
2026-08-05 11:14:34.893615 [INFO] evse_manager:Ev  :: EVSE IEC DC power supply OFF
2026-08-05 11:14:34.894538 [INFO] powersupply_dc:  :: Set mode: Off ChargingPhase: Charging
2026-08-05 11:14:34.941357 [INFO] evse_manager:Ev  :: EVSE ISO V2G PowerDeliveryRes
2026-08-05 11:14:34.941516 [INFO] powersupply_dc:  :: Set mode: Off ChargingPhase: Charging
2026-08-05 11:14:34.941912 [INFO] evse_manager:Ev  ::                                     CAR ISO V2G DcWeldingDetectionReq
2026-08-05 11:14:34.942086 [INFO] imd:IMDSimulato  :: Stopped simulated isolation monitoring
2026-08-05 11:14:35.037214 [INFO] evse_manager:Ev  :: EVSE ISO V2G DcWeldingDetectionRes
2026-08-05 11:14:35.037455 [INFO] evse_manager:Ev  ::                                     CAR ISO V2G SessionStopReq
2026-08-05 11:14:35.113197 [INFO] evse_manager:Ev  :: EVSE ISO V2G SessionStopRes
2026-08-05 11:14:35.558427 [INFO] evse_manager:Ev  :: EVSE ISO Change HLC Limits: 22080W/55.2A, target_voltage 400, actual_voltage 0, bpt_active false
2026-08-05 11:14:35.645355 [INFO] evse_manager:Ev  :: EVSE IEC DC power supply set: 400.00V/55.20A, requested was 400.00V/55.20A.
2026-08-05 11:14:40.112611 [INFO] iso15118_charge  :: Closing TCP connection
2026-08-05 11:14:40.719602 [INFO] evse_manager:Ev  :: EVSE IEC DC power supply set: 400.00V/55.20A, requested was 400.00V/55.20A.
2026-08-05 11:14:40.761223 [INFO] evse_manager:Ev  :: EVSE IEC DC power supply: switch ON called, ChargingPhase: Other
2026-08-05 11:14:40.777287 [INFO] powersupply_dc:  :: Set mode: Export ChargingPhase: Other
2026-08-05 11:14:40.805395 [WARN] evse_manager:Ev void module::EvseManager::process_dc_ev_target_voltage_current(const types::iso15118::DcEvseMaximumLimits&) :: EV ignores new EVSE max limits. Setting target current to new EVSE max limits
2026-08-05 11:14:42.071080 [INFO] evse_manager:Ev  :: EVSE ISO Change HLC Limits: 22080W/55.2A, target_voltage 400, actual_voltage 400, bpt_active false
2026-08-05 11:14:42.113033 [INFO] iso15118_charge  :: TCP connection closed gracefully
2026-08-05 11:14:42.113126 [INFO] iso15118_charge  :: Connection is closed
2026-08-05 11:14:42.113832 [INFO] evse_manager:Ev  :: EVSE ISO D-LINK_TERMINATE.req
2026-08-05 11:14:42.113977 [INFO] evse_manager:Ev  :: EVSE IEC Set PWM Off
2026-08-05 11:14:42.205394 [INFO] evse_manager:Ev  :: EVSE ISO D-LINK_READY (false)
2026-08-05 11:14:42.205394 [INFO] evse_manager:Ev  :: EVSE ISO SLAC UNMATCHED
2026-08-05 11:14:47.213658 [INFO] evse_manager:Ev  :: EVSE IEC DC power supply set: 400.00V/55.20A, requested was 400.00V/55.20A.
2026-08-05 11:14:47.257334 [WARN] evse_manager:Ev void module::EvseManager::process_dc_ev_target_voltage_current(const types::iso15118::DcEvseMaximumLimits&) :: EV ignores new EVSE max limits. Setting target current to new EVSE max limits
2026-08-05 11:14:48.158951 [WARN] evse_manager:Ev std::queue<module::CPEvent> module::IECStateMachine::state_machine(std::optional<module::RawCPState>) :: Timeout of 6 seconds reached, EV did not go back to state B after PWM was switched off. Powering off under load.
2026-08-05 11:14:48.301244 [INFO] evse_manager:Ev  :: EVSE IEC Event PowerOff
2026-08-05 11:14:49.161241 [INFO] ev_manager:EvMa  :: Finished simulation.
2026-08-05 11:14:49.437412 [INFO] evse_manager:Ev  ::                                     CAR IEC Event CarUnplugged
2026-08-05 11:14:49.437578 [INFO] evse_manager:Ev  :: EVSE IEC Stop in Charging: [EV unplugged]
2026-08-05 11:14:49.437664 [INFO] evse_manager:Ev  :: EVSE IEC Charger state: Charging->StoppingCharging
2026-08-05 11:14:49.525414 [INFO] evse_manager:Ev  :: EVSE IEC Charger state: StoppingCharging->Finished
2026-08-05 11:14:49.569595 [INFO] evse_manager:Ev  :: EVSE IEC Transaction Finished: EVDisconnected (0.34245556640625 kWh)
2026-08-05 11:14:49.569909 [INFO] evse_manager:Ev  :: EVSE IEC DC power supply OFF
2026-08-05 11:14:49.613498 [INFO] powersupply_dc:  :: Set mode: Off ChargingPhase: Other
2026-08-05 11:14:49.749437 [INFO] evse_manager:Ev  :: EVSE IEC Session Finished
2026-08-05 11:14:49.749627 [INFO] evse_manager:Ev  :: SYS  Session logging stopped.
2026-08-05 11:14:49.793470 [INFO] evse_manager:Ev  :: All errors cleared
2026-08-05 11:14:49.793642 [INFO] evse_manager:Ev  :: All errors cleared
2026-08-05 11:14:56.022106 [INFO] evse_manager:Ev  :: SYS  Session logging started.
2026-08-05 11:14:56.022302 [INFO] evse_manager:Ev  :: EVSE IEC Session Started: EVConnected
2026-08-05 11:14:56.023820 [INFO] auth:Auth        :: Plug In event for evse#1, starting auth
2026-08-05 11:14:56.023820 [INFO] token_provider:  :: Publishing new dummy token: {
    "authorization_type": "RFID",
    "id_token": {
        "type": "ISO14443",
        "value": "[redacted] hash: CE55F71752B68164"
    },
    "parent_id_token": {
        "type": "ISO14443",
        "value": "[redacted] hash: CE55F71752B68164"
    }
}
2026-08-05 11:14:56.024815 [INFO] auth:Auth        :: Received new token: {
    "authorization_type": "RFID",
    "id_token": {
        "type": "ISO14443",
        "value": "[redacted] hash: CE55F71752B68164"
    },
    "parent_id_token": {
        "type": "ISO14443",
        "value": "[redacted] hash: CE55F71752B68164"
    }
}
2026-08-05 11:14:56.025730 [INFO] token_validator  :: Got validation request for token: [redacted] hash: CE55F71752B68164
2026-08-05 11:14:56.275940 [INFO] token_validator  :: Returning validation status: Accepted
2026-08-05 11:14:56.277249 [INFO] auth:Auth        :: Providing authorization to evse#1
2026-08-05 11:14:56.523483 [INFO] evse_manager:Ev  :: EVSE IEC Set PWM On (5.0%) took 0 ms
2026-08-05 11:14:56.661791 [INFO] auth:Auth        :: Result for token: [redacted] hash: CE55F71752B68164: USED_TO_START_TRANSACTION
2026-08-05 11:14:56.665560 [INFO] evse_manager:Ev  :: EVSE IEC EIM Authorization received
2026-08-05 11:14:56.709363 [INFO] evse_manager:Ev  :: EVSE IEC Transaction Started (0.34245556640625 kWh)
2026-08-05 11:14:56.709875 [INFO] evse_manager:Ev  :: EVSE IEC DC mode. We are in 5percent mode so we can continue without further action.
2026-08-05 11:14:56.710003 [INFO] evse_manager:Ev  :: EVSE IEC Charger state: Wait for Auth->PrepareCharging
2026-08-05 11:14:57.965600 [INFO] evse_manager:Ev  :: EVSE ISO SLAC MATCHED
2026-08-05 11:14:58.009425 [INFO] evse_manager:Ev  :: EVSE ISO D-LINK_READY (true)
2026-08-05 11:14:58.347228 [INFO] evse_manager:Ev  ::                                     CAR IEC Event CarRequestedPower
2026-08-05 11:15:12.986747 [INFO] iso15118_charge  :: Got SDP request from fe80::215:5dff:feca:a645%eth0
2026-08-05 11:15:28.629927 [INFO] iso15118_charge  :: Incoming connection from [fe80::215:5dff:feca:a645%eth0]:54796
2026-08-05 11:15:28.635160 [INFO] evse_manager:Ev  ::                                     CAR ISO V2G SupportedAppProtocolReq
2026-08-05 11:15:28.646028 [INFO] iso15118_charge  :: Received session setup with evccid: EVCC01
2026-08-05 11:15:28.646341 [INFO] iso15118_charge  :: New session created with session_id: 0x1A, 0xE8, 0x19, 0x97, 0xE3, 0x9F, 0x00, 0x91
2026-08-05 11:15:28.701257 [INFO] evse_manager:Ev  :: EVSE ISO V2G SupportedAppProtocolRes
2026-08-05 11:15:28.701456 [INFO] evse_manager:Ev  ::                                     CAR ISO V2G SessionSetupReq
2026-08-05 11:15:28.744362 [INFO] iso15118_charge  :: Timestamp: 1785921328
2026-08-05 11:15:28.749297 [INFO] evse_manager:Ev  :: EVSE ISO V2G SessionSetupRes
2026-08-05 11:15:28.750268 [INFO] evse_manager:Ev  ::                                     CAR ISO V2G AuthorizationSetupReq
2026-08-05 11:15:28.835604 [INFO] evse_manager:Ev  :: EVSE ISO V2G AuthorizationSetupRes
2026-08-05 11:15:28.839466 [INFO] evse_manager:Ev  ::                                     CAR ISO V2G AuthorizationReq
2026-08-05 11:15:28.935838 [INFO] evse_manager:Ev  :: EVSE ISO V2G AuthorizationRes
2026-08-05 11:15:28.937175 [INFO] evse_manager:Ev  ::                                     CAR ISO V2G ServiceDiscoveryReq
2026-08-05 11:15:29.035724 [INFO] evse_manager:Ev  :: EVSE ISO V2G ServiceDiscoveryRes
2026-08-05 11:15:29.038734 [INFO] iso15118_charge  :: Requested info about ServiceID: 8
2026-08-05 11:15:29.039168 [INFO] evse_manager:Ev  ::                                     CAR ISO V2G ServiceDetailReq
2026-08-05 11:15:29.135852 [INFO] evse_manager:Ev  :: EVSE ISO V2G ServiceDetailRes
2026-08-05 11:15:29.138769 [INFO] iso15118_charge  :: Selected MCS service parameters: control mode: Dynamic, mobility needs mode: ProvidedByEvcc
2026-08-05 11:15:29.139228 [INFO] evse_manager:Ev  ::                                     CAR ISO V2G ServiceSelectionReq
2026-08-05 11:15:29.139264 [INFO] evse_manager:Ev  ::                                     CAR ISO EV selected service: MCS
2026-08-05 11:15:29.235954 [INFO] evse_manager:Ev  :: EVSE ISO V2G ServiceSelectionRes
2026-08-05 11:15:29.238871 [INFO] iso15118_charge  :: Max charge current 200.000000A
2026-08-05 11:15:29.281331 [INFO] evse_manager:Ev  ::                                     CAR ISO V2G DcChargeParameterDiscoveryReq
2026-08-05 11:15:29.281305 [INFO] evse_manager:Ev  :: Received EV maximum limits: {
    "dc_ev_maximum_current_limit": 200.0,
    "dc_ev_maximum_power_limit": 50000.0,
    "dc_ev_maximum_voltage_limit": 500.0
}
2026-08-05 11:15:29.335887 [INFO] evse_manager:Ev  :: EVSE ISO V2G DcChargeParameterDiscoveryRes
2026-08-05 11:15:29.340568 [INFO] evse_manager:Ev  ::                                     CAR ISO V2G ScheduleExchangeReq
2026-08-05 11:15:29.436121 [INFO] evse_manager:Ev  :: EVSE ISO V2G ScheduleExchangeRes
2026-08-05 11:15:29.439873 [INFO] evse_manager:Ev  ::                                     CAR ISO V2G DcCableCheckReq
2026-08-05 11:15:29.440047 [INFO] evse_manager:Ev  :: EVSE ISO Start cable check...
2026-08-05 11:15:29.440162 [INFO] evse_manager:Ev  ::                                     CAR ISO DC HLC Close contactor (in CableCheck)
2026-08-05 11:15:29.512148 [INFO] evse_manager:Ev  :: EVSE IEC Event PowerOn
2026-08-05 11:15:29.540410 [INFO] evse_manager:Ev  :: EV reports 500 V as maximum voltage
2026-08-05 11:15:29.540594 [INFO] evse_manager:Ev  :: EVSE IEC DC power supply set: 500.00V/2.00A, requested was 500.00V/2.00A.
2026-08-05 11:15:29.541182 [INFO] evse_manager:Ev  :: EVSE ISO V2G DcCableCheckRes
2026-08-05 11:15:29.542277 [INFO] evse_manager:Ev  :: CableCheck: Using 500 V
2026-08-05 11:15:29.542337 [INFO] evse_manager:Ev  :: EVSE IEC DC power supply: switch ON called, ChargingPhase: CableCheck
2026-08-05 11:15:29.585224 [INFO] evse_manager:Ev  ::                                     CAR ISO V2G DcCableCheckReq2026-08-05 11:15:29.585254 [INFO] powersupply_dc:  :: Set mode: Export ChargingPhase: CableCheck

2026-08-05 11:15:29.636702 [INFO] evse_manager:Ev  :: EVSE ISO V2G DcCableCheckRes
2026-08-05 11:15:29.689048 [INFO] evse_manager:Ev  ::                                     CAR ISO V2G DcCableCheckReq
2026-08-05 11:15:29.736337 [INFO] evse_manager:Ev  :: EVSE ISO V2G DcCableCheckRes
2026-08-05 11:15:29.785339 [INFO] evse_manager:Ev  :: CableCheck: IMD self test started.
2026-08-05 11:15:29.829384 [INFO] evse_manager:Ev  ::                                     CAR ISO V2G DcCableCheckReq
2026-08-05 11:15:29.830372 [INFO] evse_manager:Ev  :: EVSE ISO Change HLC Limits: 22080W/200A, target_voltage 0, actual_voltage 500, bpt_active false
2026-08-05 11:15:29.873287 [INFO] evse_manager:Ev  :: EVSE ISO V2G DcCableCheckRes
2026-08-05 11:15:29.925412 [INFO] evse_manager:Ev  ::                                     CAR ISO V2G DcCableCheckReq
2026-08-05 11:15:29.969273 [INFO] evse_manager:Ev  :: EVSE ISO V2G DcCableCheckRes
2026-08-05 11:15:29.989633 [INFO] evse_manager:Ev  ::                                     CAR ISO V2G DcCableCheckReq
2026-08-05 11:15:30.036507 [INFO] evse_manager:Ev  :: EVSE ISO V2G DcCableCheckRes
2026-08-05 11:15:30.077905 [INFO] evse_manager:Ev  ::                                     CAR ISO V2G DcCableCheckReq
2026-08-05 11:15:30.136642 [INFO] evse_manager:Ev  :: EVSE ISO V2G DcCableCheckRes
2026-08-05 11:15:30.178908 [INFO] evse_manager:Ev  ::                                     CAR ISO V2G DcCableCheckReq
2026-08-05 11:15:30.236827 [INFO] evse_manager:Ev  :: EVSE ISO V2G DcCableCheckRes
2026-08-05 11:15:30.325397 [INFO] evse_manager:Ev  ::                                     CAR ISO V2G DcCableCheckReq
2026-08-05 11:15:30.336837 [INFO] evse_manager:Ev  :: EVSE ISO V2G DcCableCheckRes
2026-08-05 11:15:30.392351 [INFO] evse_manager:Ev  ::                                     CAR ISO V2G DcCableCheckReq
2026-08-05 11:15:30.436883 [INFO] evse_manager:Ev  :: EVSE ISO V2G DcCableCheckRes
2026-08-05 11:15:30.492139 [INFO] evse_manager:Ev  ::                                     CAR ISO V2G DcCableCheckReq
2026-08-05 11:15:30.557400 [INFO] evse_manager:Ev  :: EVSE ISO V2G DcCableCheckRes
2026-08-05 11:15:30.592814 [INFO] evse_manager:Ev  ::                                     CAR ISO V2G DcCableCheckReq
2026-08-05 11:15:30.637062 [INFO] evse_manager:Ev  :: EVSE ISO V2G DcCableCheckRes
2026-08-05 11:15:30.692470 [INFO] evse_manager:Ev  ::                                     CAR ISO V2G DcCableCheckReq
2026-08-05 11:15:30.737076 [INFO] evse_manager:Ev  :: EVSE ISO V2G DcCableCheckRes
2026-08-05 11:15:30.781289 [INFO] evse_manager:Ev  ::                                     CAR ISO V2G DcCableCheckReq
2026-08-05 11:15:30.837145 [INFO] evse_manager:Ev  :: EVSE ISO V2G DcCableCheckRes
2026-08-05 11:15:30.893062 [INFO] evse_manager:Ev  ::                                     CAR ISO V2G DcCableCheckReq
2026-08-05 11:15:30.981232 [INFO] evse_manager:Ev  :: EVSE ISO V2G DcCableCheckRes
2026-08-05 11:15:30.981474 [INFO] evse_manager:Ev  ::                                     CAR ISO V2G DcCableCheckReq
2026-08-05 11:15:31.037205 [INFO] evse_manager:Ev  :: EVSE ISO V2G DcCableCheckRes
2026-08-05 11:15:31.077836 [INFO] evse_manager:Ev  ::                                     CAR ISO V2G DcCableCheckReq
2026-08-05 11:15:31.137288 [INFO] evse_manager:Ev  :: EVSE ISO V2G DcCableCheckRes
2026-08-05 11:15:31.178018 [INFO] evse_manager:Ev  ::                                     CAR ISO V2G DcCableCheckReq
2026-08-05 11:15:31.237527 [INFO] evse_manager:Ev  :: EVSE ISO V2G DcCableCheckRes
2026-08-05 11:15:31.281199 [INFO] evse_manager:Ev  ::                                     CAR ISO V2G DcCableCheckReq
2026-08-05 11:15:31.373309 [INFO] evse_manager:Ev  :: EVSE ISO V2G DcCableCheckRes
2026-08-05 11:15:31.393380 [INFO] evse_manager:Ev  ::                                     CAR ISO V2G DcCableCheckReq
2026-08-05 11:15:31.437504 [INFO] evse_manager:Ev  :: EVSE ISO V2G DcCableCheckRes
2026-08-05 11:15:31.479095 [INFO] evse_manager:Ev  ::                                     CAR ISO V2G DcCableCheckReq
2026-08-05 11:15:31.557423 [INFO] evse_manager:Ev  :: EVSE ISO V2G DcCableCheckRes
2026-08-05 11:15:31.592241 [INFO] evse_manager:Ev  ::                                     CAR ISO V2G DcCableCheckReq
2026-08-05 11:15:31.637681 [INFO] evse_manager:Ev  :: EVSE ISO V2G DcCableCheckRes
2026-08-05 11:15:31.677770 [INFO] evse_manager:Ev  ::                                     CAR ISO V2G DcCableCheckReq
2026-08-05 11:15:31.737641 [INFO] evse_manager:Ev  :: EVSE ISO V2G DcCableCheckRes
2026-08-05 11:15:31.785270 [INFO] evse_manager:Ev  ::                                     CAR ISO V2G DcCableCheckReq
2026-08-05 11:15:31.837628 [INFO] evse_manager:Ev  :: EVSE ISO V2G DcCableCheckRes
2026-08-05 11:15:31.892273 [INFO] evse_manager:Ev  ::                                     CAR ISO V2G DcCableCheckReq
2026-08-05 11:15:31.937865 [INFO] evse_manager:Ev  :: EVSE ISO V2G DcCableCheckRes
2026-08-05 11:15:31.990459 [INFO] evse_manager:Ev  ::                                     CAR ISO V2G DcCableCheckReq
2026-08-05 11:15:32.037913 [INFO] evse_manager:Ev  :: EVSE ISO V2G DcCableCheckRes
2026-08-05 11:15:32.077857 [INFO] evse_manager:Ev  ::                                     CAR ISO V2G DcCableCheckReq
2026-08-05 11:15:32.137910 [INFO] evse_manager:Ev  :: EVSE ISO V2G DcCableCheckRes
2026-08-05 11:15:32.192310 [INFO] evse_manager:Ev  ::                                     CAR ISO V2G DcCableCheckReq
2026-08-05 11:15:32.238074 [INFO] evse_manager:Ev  :: EVSE ISO V2G DcCableCheckRes
2026-08-05 11:15:32.329336 [INFO] evse_manager:Ev  ::                                     CAR ISO V2G DcCableCheckReq
2026-08-05 11:15:32.337896 [INFO] evse_manager:Ev  :: EVSE ISO V2G DcCableCheckRes
2026-08-05 11:15:32.392493 [INFO] evse_manager:Ev  ::                                     CAR ISO V2G DcCableCheckReq
2026-08-05 11:15:32.438331 [INFO] evse_manager:Ev  :: EVSE ISO V2G DcCableCheckRes
2026-08-05 11:15:32.492296 [INFO] evse_manager:Ev  ::                                     CAR ISO V2G DcCableCheckReq
2026-08-05 11:15:32.557281 [INFO] evse_manager:Ev  :: EVSE ISO V2G DcCableCheckRes
2026-08-05 11:15:32.592604 [INFO] evse_manager:Ev  ::                                     CAR ISO V2G DcCableCheckReq
2026-08-05 11:15:32.638295 [INFO] evse_manager:Ev  :: EVSE ISO V2G DcCableCheckRes
2026-08-05 11:15:32.692361 [INFO] evse_manager:Ev  ::                                     CAR ISO V2G DcCableCheckReq
2026-08-05 11:15:32.738293 [INFO] evse_manager:Ev  :: EVSE ISO V2G DcCableCheckRes
2026-08-05 11:15:32.781266 [INFO] evse_manager:Ev  :: EVSE IEC Isolation monitor self test result: true
2026-08-05 11:15:32.781406 [INFO] evse_manager:Ev  ::                                     CAR ISO V2G DcCableCheckReq
2026-08-05 11:15:32.785194 [INFO] imd:IMDSimulato  :: Started simulated isolation monitoring with 1000 ms interval
2026-08-05 11:15:32.825264 [INFO] evse_manager:Ev  :: CableCheck: Waiting for 1 isolation measurement sample(s)
2026-08-05 11:15:32.825502 [INFO] evse_manager:Ev  :: EVSE IEC Isolation measurement Ok R_F 900000.
2026-08-05 11:15:32.869302 [INFO] evse_manager:Ev  :: EVSE ISO V2G DcCableCheckRes
2026-08-05 11:15:32.869450 [INFO] evse_manager:Ev  :: EVSE IEC DC power supply OFF
2026-08-05 11:15:32.870402 [INFO] powersupply_dc:  :: Set mode: Off ChargingPhase: CableCheck
2026-08-05 11:15:32.913443 [INFO] evse_manager:Ev  ::                                     CAR ISO V2G DcCableCheckReq
2026-08-05 11:15:32.938396 [INFO] evse_manager:Ev  :: EVSE ISO V2G DcCableCheckRes
2026-08-05 11:15:32.977919 [INFO] evse_manager:Ev  ::                                     CAR ISO V2G DcCableCheckReq
2026-08-05 11:15:33.038391 [INFO] evse_manager:Ev  :: EVSE ISO V2G DcCableCheckRes
2026-08-05 11:15:33.133194 [INFO] evse_manager:Ev  ::                                     CAR ISO V2G DcCableCheckReq
2026-08-05 11:15:33.138398 [INFO] evse_manager:Ev  :: EVSE ISO V2G DcCableCheckRes
2026-08-05 11:15:33.177729 [INFO] evse_manager:Ev  ::                                     CAR ISO V2G DcCableCheckReq
2026-08-05 11:15:33.238687 [INFO] evse_manager:Ev  :: EVSE ISO V2G DcCableCheckRes
2026-08-05 11:15:33.240455 [INFO] evse_manager:Ev  :: CableCheck done, output is below 60V
2026-08-05 11:15:33.285351 [INFO] evse_manager:Ev  ::                                     CAR ISO V2G DcCableCheckReq
2026-08-05 11:15:33.369278 [INFO] evse_manager:Ev  :: EVSE ISO V2G DcCableCheckRes
2026-08-05 11:15:33.378260 [INFO] evse_manager:Ev  ::                                     CAR ISO V2G DcCableCheckReq
2026-08-05 11:15:33.438911 [INFO] evse_manager:Ev  :: EVSE ISO V2G DcCableCheckRes
2026-08-05 11:15:33.439700 [INFO] evse_manager:Ev  ::                                     CAR ISO V2G DcPreChargeReq
2026-08-05 11:15:33.485431 [INFO] evse_manager:Ev  :: EVSE IEC DC power supply set: 400.00V/1.00A, requested was 400.00V/0.00A.
2026-08-05 11:15:33.515111 [INFO] evse_manager:Ev  :: EVSE IEC DC power supply: switch ON called, ChargingPhase: PreCharge
2026-08-05 11:15:33.529293 [INFO] powersupply_dc:  :: Set mode: Export ChargingPhase: PreCharge
2026-08-05 11:15:33.557402 [INFO] evse_manager:Ev  :: EVSE ISO V2G DcPreChargeRes
2026-08-05 11:15:33.557722 [INFO] evse_manager:Ev  ::                                     CAR ISO V2G PowerDeliveryReq
2026-08-05 11:15:33.639004 [INFO] evse_manager:Ev  :: EVSE ISO V2G PowerDeliveryRes
2026-08-05 11:15:33.643481 [INFO] evse_manager:Ev  ::                                     CAR ISO V2G DcChargeLoopReq
2026-08-05 11:15:33.643481 [INFO] evse_manager:Ev  :: EVSE IEC DC power supply: switch ON in export mode
2026-08-05 11:15:33.643564 [INFO] evse_manager:Ev  :: EVSE IEC DC power supply set: 500.00V/125.00A, requested was 500.00V/125.00A.
2026-08-05 11:15:33.644794 [INFO] powersupply_dc:  :: Set mode: Export ChargingPhase: Charging
2026-08-05 11:15:33.685431 [INFO] evse_manager:Ev  :: EVSE IEC DC power supply set: 400.00V/1.00A, requested was 400.00V/0.00A.
2026-08-05 11:15:33.733169 [INFO] evse_manager:Ev  :: VoltagePlausibilityMonitor, start monitoring
2026-08-05 11:15:33.738768 [INFO] evse_manager:Ev  :: EVSE ISO V2G DcChargeLoopRes
2026-08-05 11:15:33.818587 [INFO] evse_manager:Ev  :: EVSE IEC Charger state: PrepareCharging->Charging
2026-08-05 11:15:33.819224 [INFO] evse_manager:Ev  ::                                     CAR ISO V2G DcChargeLoopReq
2026-08-05 11:15:33.819657 [INFO] evse_manager:Ev  :: Timing statistics (Plugin to CurrentDemand)
2026-08-05 11:15:33.819675 [INFO] evse_manager:Ev  :: -------------------------------------------
2026-08-05 11:15:33.819681 [INFO] evse_manager:Ev  :: ConnSetup | HLC_PWM_5%_ON: 680 ms | D-LINK_READY: 1487 ms | Auth EIM Done: 30740 ms | Total: 33554 ms
2026-08-05 11:15:33.819687 [INFO] evse_manager:Ev  :: CableCheck | <60V: 0 ms | Relay On: 100 ms | EVInfo: 0 ms | VRampUp: 196 ms | Self test: 3044 ms | Measure: 43 ms | VRampDown: 414 ms | Total: 3845 ms
2026-08-05 11:15:33.819693 [INFO] evse_manager:Ev  :: PrepareCharging | Charging started: 534 ms | Total: 534 ms
2026-08-05 11:15:33.819699 [INFO] evse_manager:Ev  :: Total duration all phases: 37934 ms
2026-08-05 11:15:33.819809 [INFO] evse_manager:Ev  :: EVSE IEC Isolation measurement Ok R_F 900000.
2026-08-05 11:15:33.819813 [INFO] evse_manager:Ev  :: EVSE IEC DC power supply set: 500.00V/55.20A, requested was 500.00V/55.20A.
2026-08-05 11:15:33.861338 [INFO] evse_manager:Ev  :: EVSE ISO V2G DcChargeLoopRes
2026-08-05 11:15:33.905302 [INFO] evse_manager:Ev  ::                                     CAR ISO V2G DcChargeLoopReq
2026-08-05 11:15:33.939078 [INFO] evse_manager:Ev  :: EVSE ISO V2G DcChargeLoopRes
2026-08-05 11:15:33.978462 [INFO] evse_manager:Ev  :: VoltagePlausibilityMonitor, stop monitoring
2026-08-05 11:15:33.978473 [INFO] evse_manager:Ev  ::                                     CAR ISO V2G PowerDeliveryReq
2026-08-05 11:15:33.978557 [INFO] evse_manager:Ev  :: EVSE IEC DC power supply OFF
2026-08-05 11:15:33.979363 [INFO] powersupply_dc:  :: Set mode: Off ChargingPhase: Charging
2026-08-05 11:15:34.021290 [INFO] evse_manager:Ev  :: EVSE IEC DC power supply OFF
2026-08-05 11:15:34.022201 [INFO] powersupply_dc:  :: Set mode: Off ChargingPhase: Other
2026-08-05 11:15:34.065311 [INFO] evse_manager:Ev  :: EVSE ISO V2G PowerDeliveryRes
2026-08-05 11:15:34.065574 [INFO] evse_manager:Ev  ::                                     CAR ISO V2G DcWeldingDetectionReq
2026-08-05 11:15:34.066052 [INFO] imd:IMDSimulato  :: Stopped simulated isolation monitoring
2026-08-05 11:15:34.110314 [INFO] evse_manager:Ev  :: EVSE ISO Change HLC Limits: 22080W/55.2A, target_voltage 500, actual_voltage 400, bpt_active false
2026-08-05 11:15:34.153258 [INFO] evse_manager:Ev  :: EVSE ISO V2G DcWeldingDetectionRes
2026-08-05 11:15:34.153468 [INFO] evse_manager:Ev  ::                                     CAR ISO V2G SessionStopReq
2026-08-05 11:15:34.197328 [INFO] evse_manager:Ev  :: EVSE IEC DC power supply set: 500.00V/55.20A, requested was 500.00V/55.20A.
2026-08-05 11:15:34.241355 [INFO] evse_manager:Ev  :: EVSE ISO V2G SessionStopRes
2026-08-05 11:15:35.286540 [INFO] evse_manager:Ev  :: EVSE ISO Change HLC Limits: 22080W/44.16A, target_voltage 500, actual_voltage 0, bpt_active false
2026-08-05 11:15:39.238703 [INFO] iso15118_charge  :: Closing TCP connection
2026-08-05 11:15:40.427566 [INFO] evse_manager:Ev  :: EVSE IEC DC power supply set: 500.00V/44.16A, requested was 500.00V/44.16A.
2026-08-05 11:15:40.469379 [INFO] evse_manager:Ev  :: EVSE IEC DC power supply: switch ON called, ChargingPhase: Other
2026-08-05 11:15:40.473161 [INFO] powersupply_dc:  :: Set mode: Export ChargingPhase: Other
2026-08-05 11:15:40.513321 [WARN] evse_manager:Ev void module::EvseManager::process_dc_ev_target_voltage_current(const types::iso15118::DcEvseMaximumLimits&) :: EV ignores new EVSE max limits. Setting target current to new EVSE max limits
2026-08-05 11:15:41.239042 [INFO] iso15118_charge  :: TCP connection closed gracefully
2026-08-05 11:15:41.239131 [INFO] iso15118_charge  :: Connection is closed
2026-08-05 11:15:41.240052 [INFO] evse_manager:Ev  :: EVSE ISO D-LINK_TERMINATE.req
2026-08-05 11:15:41.240200 [INFO] evse_manager:Ev  :: EVSE IEC Set PWM Off
2026-08-05 11:15:41.377496 [INFO] evse_manager:Ev  :: EVSE ISO SLAC UNMATCHED
2026-08-05 11:15:41.377511 [INFO] evse_manager:Ev  :: EVSE ISO D-LINK_READY (false)
2026-08-05 11:15:41.713557 [INFO] evse_manager:Ev  :: EVSE ISO Change HLC Limits: 22080W/44.16A, target_voltage 500, actual_voltage 500, bpt_active false
2026-08-05 11:15:47.286788 [WARN] evse_manager:Ev std::queue<module::CPEvent> module::IECStateMachine::state_machine(std::optional<module::RawCPState>) :: Timeout of 6 seconds reached, EV did not go back to state B after PWM was switched off. Powering off under load.
2026-08-05 11:15:47.373425 [INFO] evse_manager:Ev  :: EVSE IEC Event PowerOff
2026-08-05 11:15:51.879108 [WARN] evse_manager:Ev void module::EvseManager::process_dc_ev_target_voltage_current(const types::iso15118::DcEvseMaximumLimits&) :: EV ignores new EVSE max limits. Setting target current to new EVSE max limits
