2026-08-11 03:59:39.611131 [INFO] manager          ::   ________      __                _   
2026-08-11 03:59:39.611307 [INFO] manager          ::  |  ____\ \    / /               | |
2026-08-11 03:59:39.611317 [INFO] manager          ::  | |__   \ \  / /__ _ __ ___  ___| |_
2026-08-11 03:59:39.611322 [INFO] manager          ::  |  __|   \ \/ / _ \ '__/ _ \/ __| __|
2026-08-11 03:59:39.611328 [INFO] manager          ::  | |____   \  /  __/ | |  __/\__ \ |_
2026-08-11 03:59:39.611334 [INFO] manager          ::  |______|   \/ \___|_|  \___||___/\__|
2026-08-11 03:59:39.611339 [INFO] manager          :: 
2026-08-11 03:59:39.611345 [INFO] manager          :: everest-framework 0.25.0-dev 2026.02.1
2026-08-11 03:59:39.611351 [INFO] manager          :: everest-core 2026.02.1-dev 2026.02.1
2026-08-11 03:59:39.611357 [INFO] manager          :: 
2026-08-11 03:59:39.611384 [INFO] manager          :: Using MQTT broker localhost:1883
2026-08-11 03:59:39.632125 [INFO] manager          :: Boot mode is set to YamlFile, loading module configs from YAML file
2026-08-11 03:59:39.632192 [INFO] manager          :: Loading config file at: /home/ahzf/everest/configs-ours/config-d20-ours.yaml
2026-08-11 03:59:39.759531 [INFO] manager          :: Config loading completed in 148ms
2026-08-11 03:59:39.761561 [INFO] manager          :: Starting 18 modules
2026-08-11 03:59:41.989496 [INFO] imd:IMDSimulato  :: Module imd initialized [2191ms]2026-08-11 03:59:41.989439 [INFO] powersupply_dc:  :: Module powersupply_dc initialized [2183ms]
2026-08-11 03:59:41.989710 [INFO] error_history:E  :: Using database at "/tmp/error_history.db"
2026-08-11 03:59:41.989853 [INFO] error_history:E  :: Checking database
2026-08-11 03:59:41.989988 [INFO] grid_connection  :: Module grid_connection_point initialized [2191ms]
2026-08-11 03:59:41.990883 [INFO] slac:SlacSimula  :: Module slac initialized [2185ms]2026-08-11 03:59:41.991032 [INFO] error_history:E  :: Module error_history initialized [2198ms]
2026-08-11 03:59:41.991389 [INFO] evse_security:E  :: Module evse_security initialized [2191ms]
2026-08-11 03:59:41.992059 [INFO] token_validator  :: Module token_validator initialized [2180ms]
2026-08-11 03:59:41.992556 [INFO] iso15118_charge  :: Module iso15118_charger initialized [2187ms]
2026-08-11 03:59:41.993713 [INFO] auth:Auth        :: Module auth initialized [2204ms]
2026-08-11 03:59:41.993756 [INFO] api:API          :: Module api initialized [2207ms]
2026-08-11 03:59:41.995670 [INFO] ev_manager:EvMa  :: Module ev_manager initialized [2203ms]
2026-08-11 03:59:41.996168 [INFO] yeti_driver:Yet  :: Module yeti_driver initialized [2185ms]
2026-08-11 03:59:41.997292 [INFO] energy_manager:  :: Module energy_manager initialized [2207ms]
2026-08-11 03:59:41.997347 [INFO] api_sink:Energy  :: Module api_sink initialized [2210ms]
2026-08-11 03:59:42.004144 [INFO] evse_manager:Ev  :: Module evse_manager initialized [2204ms]
2026-08-11 03:59:42.035438 [INFO] ev_api:EvAPI     :: Module ev_api initialized [2243ms]
2026-08-11 03:59:42.055708 [INFO] token_provider:  :: Module token_provider initialized [2246ms]
2026-08-11 03:59:42.408741 [INFO] iso15118_car     :: Module iso15118_car initialized [2191ms]
2026-08-11 03:59:42.453958 [INFO] manager          :: Clearing retained topics published by manager during startup
2026-08-11 03:59:42.455429 [INFO] manager          :: 🚙🚙🚙 All modules are initialized. EVerest up and running [2850ms] 🚙🚙🚙
2026-08-11 03:59:42.607097 [WARN] auth:Auth       void module::ReservationHandler::load_reservations() :: Can not load reservations because no storage was configured.
2026-08-11 03:59:42.969725 [INFO] evse_manager:Ev  :: Ignoring BSP Event, BSP is not enabled yet.
2026-08-11 03:59:43.058294 [INFO] evse_security:E  :: Requesting leaf certificate info: V2G
2026-08-11 03:59:43.062411 [INFO] evse_security:E  :: Found valid leaf: ["/home/ahzf/everest/dist/etc/everest/certs/client/cso/CPO_CERT_CHAIN.pem"]
2026-08-11 03:59:43.062524 [INFO] evse_security:E  :: Not requiring all valid leafs, returning
2026-08-11 03:59:43.146527 [INFO] evse_security:E  :: Requesting certificate file: [V2G] file:"/home/ahzf/everest/dist/etc/everest/certs/ca/v2g/V2G_ROOT_CA.pem"
2026-08-11 03:59:43.191033 [INFO] evse_security:E  :: Requesting certificate file: [MO] file:"/home/ahzf/everest/dist/etc/everest/certs/ca/mo/MO_ROOT_CA.pem"
2026-08-11 03:59:43.234082 [INFO] iso15118_charge  :: Using ethernet interface: eth0
2026-08-11 03:59:43.234171 [INFO] iso15118_charge  :: Starting SDP server with address: ::
2026-08-11 03:59:43.601865 [INFO] evse_manager:Ev  :: Cleaning up any other transaction on start up
2026-08-11 03:59:43.783274 [INFO] evse_manager:Ev  :: 🌀🌀🌀 Ready to start charging 🌀🌀🌀
2026-08-11 03:59:51.882021 [INFO] ev_manager:EvMa  :: Finished simulation.
2026-08-11 03:59:57.606030 [INFO] iso15118_charge  :: Got SDP request from fe80::215:5dff:fe6b:3d4%eth0
2026-08-11 03:59:57.606400 [INFO] iso15118_charge  :: Created logfile at: /home/ahzf/everest/./260811_01-59-57.yaml
2026-08-11 03:59:58.420974 [INFO] evse_manager:Ev  :: SYS  Session logging started.
2026-08-11 03:59:58.421231 [INFO] evse_manager:Ev  :: EVSE IEC Session Started: EVConnected
2026-08-11 03:59:58.422849 [INFO] auth:Auth        :: Plug In event for evse#1, starting auth
2026-08-11 03:59:58.422871 [INFO] token_provider:  :: Publishing new dummy token: {
    "authorization_type": "RFID",
    "id_token": {
        "type": "ISO14443",
        "value": "[redacted] hash: CE55F71752B68164"
    },
    "parent_id_token": {
        "type": "ISO14443",
        "value": "[redacted] hash: CE55F71752B68164"
    }
}
2026-08-11 03:59:58.424003 [INFO] auth:Auth        :: Received new token: {
    "authorization_type": "RFID",
    "id_token": {
        "type": "ISO14443",
        "value": "[redacted] hash: CE55F71752B68164"
    },
    "parent_id_token": {
        "type": "ISO14443",
        "value": "[redacted] hash: CE55F71752B68164"
    }
}
2026-08-11 03:59:58.425827 [INFO] token_validator  :: Got validation request for token: [redacted] hash: CE55F71752B68164
2026-08-11 03:59:58.676090 [INFO] token_validator  :: Returning validation status: Accepted
2026-08-11 03:59:58.677545 [INFO] auth:Auth        :: Providing authorization to evse#1
2026-08-11 03:59:58.922361 [INFO] evse_manager:Ev  :: EVSE IEC Set PWM On (5.0%) took 0 ms
2026-08-11 03:59:59.070118 [INFO] evse_manager:Ev  :: EVSE IEC EIM Authorization received
2026-08-11 03:59:59.071361 [INFO] auth:Auth        :: Result for token: [redacted] hash: CE55F71752B68164: USED_TO_START_TRANSACTION
2026-08-11 03:59:59.118633 [INFO] evse_manager:Ev  :: EVSE IEC Transaction Started (0 kWh)
2026-08-11 03:59:59.119261 [INFO] evse_manager:Ev  :: EVSE IEC DC mode. We are in 5percent mode so we can continue without further action.
2026-08-11 03:59:59.119553 [INFO] evse_manager:Ev  :: EVSE IEC Charger state: Wait for Auth->PrepareCharging
2026-08-11 04:00:00.513752 [INFO] evse_manager:Ev  :: EVSE ISO SLAC MATCHED
2026-08-11 04:00:00.514108 [INFO] evse_manager:Ev  :: EVSE ISO D-LINK_READY (true)
2026-08-11 04:00:01.054403 [INFO] evse_manager:Ev  ::                                     CAR IEC Event CarRequestedPower
2026-08-11 04:00:16.574099 [INFO] iso15118_charge  :: Incoming connection from [fe80::215:5dff:fe6b:3d4%eth0]:35244
2026-08-11 04:00:16.589638 [INFO] iso15118_charge  :: Received session setup with evccid: EVCC01
2026-08-11 04:00:16.590049 [INFO] iso15118_charge  :: New session created with session_id: 0x4F, 0x00, 0xAF, 0xA7, 0x02, 0x9F, 0x8C, 0xFB
2026-08-11 04:00:16.617958 [INFO] evse_manager:Ev  ::                                     CAR ISO V2G SupportedAppProtocolReq
2026-08-11 04:00:16.621751 [INFO] evse_manager:Ev  :: EVSE ISO V2G SupportedAppProtocolRes
2026-08-11 04:00:16.622004 [INFO] evse_manager:Ev  ::                                     CAR ISO V2G SessionSetupReq
2026-08-11 04:00:16.687735 [INFO] iso15118_charge  :: Timestamp: 1786413616
2026-08-11 04:00:16.725899 [INFO] evse_manager:Ev  :: EVSE ISO V2G SessionSetupRes
2026-08-11 04:00:16.726142 [INFO] evse_manager:Ev  ::                                     CAR ISO V2G AuthorizationSetupReq
2026-08-11 04:00:16.821927 [INFO] evse_manager:Ev  :: EVSE ISO V2G AuthorizationSetupRes
