Test run for /home/ahzf/wsl-artifacts/bin/ISO15118ConformanceTests.Simulation/release/ISO15118ConformanceTests.Simulation.dll (.NETCoreApp,Version=v10.0)
A total of 1 test files matched the specified pattern.
/home/ahzf/wsl-artifacts/bin/ISO15118ConformanceTests.Simulation/release/ISO15118ConformanceTests.Simulation.dll
NUnit Adapter 4.6.0.0: Test execution started
Running selected tests in /home/ahzf/wsl-artifacts/bin/ISO15118ConformanceTests.Simulation/release/ISO15118ConformanceTests.Simulation.dll
   NUnit3TestExecutor discovered 1 of 1 NUnit test cases using Current Discovery mode, Explicit run
SDP: request from [fe80::215:5dff:fedf:2f0c%2]:38947 — ISO_15118_2, TLS, TCP
SDP: answered [fe80::215:5dff:fedf:2f0c%2]:38947 with [fe80::215:5dff:fedf:2f0c%2]:15118 (TLS, TCP), 28 byte(s).
TLS: their client certificate is DC=OEM, C=DE, O=Pionix, CN=WMIV1234567890ABCDEX.
TLS (station): presenting DC=CPO, C=DE, O=EVerest, CN=SECCCert (+2 chain certificate(s)), TLS 1.3, requiring a client certificate (accept-any)
SDP: advertising [fe80::215:5dff:fedf:2f0c%2]:15118 (TLS) on eth0 — their EV should discover this station rather than be pointed at it.
Waiting for their PyEvJosev on [::]:15118 (TLS) ...
TLS: Tls13, TLS_AES_256_GCM_SHA384, client certificate DC=OEM, C=DE, O=Pionix, CN=WMIV1234567890ABCDEX.
TLS: Tls13, TLS_AES_256_GCM_SHA384, server DC=OEM, C=DE, O=Pionix, CN=WMIV1234567890ABCDEX, client certificate presented (mutual)
Recorded:
  /home/ahzf/everest/run/revtls-strict/everest-iso15118-20-ac-reverse-tls.ev-to-station.bin
  /home/ahzf/everest/run/revtls-strict/everest-iso15118-20-ac-reverse-tls.station-to-ev.bin
  /home/ahzf/everest/run/revtls-strict/everest-iso15118-20-ac-reverse-tls.frames.log
  /home/ahzf/everest/run/revtls-strict/everest-iso15118-20-ac-reverse-tls.flow.md
  /home/ahzf/everest/run/revtls-strict/everest-iso15118-20-ac-reverse-tls.trace-not-built.txt

NUnit Adapter 4.6.0.0: Test execution complete
  Failed TheirPyEvJosev_AgainstOurSecc_RunsToCompletion [18 s]
  Error Message:
   cloud.charging.open.protocols.ISO15118.Session.SessionAborted : SECC sequence timeout: EV silent for > 500 ms in the charge loop
  Stack Trace:
     at cloud.charging.open.protocols.ISO15118.StateMachines.Iso20.Secc20Base.RunAsync(Stream stream, CancellationToken ct) in /mnt/d/Coding/OpenChargingCloud/ISO15118ConformanceTests/libs/EVSimulatorApp/libs/WWCP_ISO15118/WWCP_ISO15118_Session/StateMachines/Iso20/Secc20Base.cs:line 729
   at ISO15118ConformanceTests.Simulation.Interop.InteropSession.RunSeccAsync(Stream stream, ProtocolVariant protocol, PowerMode mode, CancellationToken ct, Boolean preferDynamic, Boolean offerPlugAndCharge, Boolean mcs, Action`1 observed, Boolean requestRenegotiation) in /mnt/d/Coding/OpenChargingCloud/ISO15118ConformanceTests/ISO15118ConformanceTests.Simulation/Interop/InteropSession.cs:line 330
   at ISO15118ConformanceTests.Simulation.Interop.EverestInteropTests.TheirPyEvJosev_AgainstOurSecc_RunsToCompletion() in /mnt/d/Coding/OpenChargingCloud/ISO15118ConformanceTests/ISO15118ConformanceTests.Simulation/Interop/EverestInteropTests.cs:line 342
   at ISO15118ConformanceTests.Simulation.Interop.EverestInteropTests.TheirPyEvJosev_AgainstOurSecc_RunsToCompletion() in /mnt/d/Coding/OpenChargingCloud/ISO15118ConformanceTests/ISO15118ConformanceTests.Simulation/Interop/EverestInteropTests.cs:line 370
   at NUnit.Framework.Internal.TaskAwaitAdapter.GenericAdapter`1.BlockUntilCompleted()
   at NUnit.Framework.Internal.MessagePumpStrategy.NoMessagePumpStrategy.WaitForCompletion(AwaitAdapter awaiter)
   at NUnit.Framework.Internal.AsyncToSyncAdapter.Await[TResult](Func`1 invoke)
   at NUnit.Framework.Internal.AsyncToSyncAdapter.Await(Func`1 invoke)
   at NUnit.Framework.Internal.Commands.TestMethodCommand.RunTestMethod(TestExecutionContext context)
   at NUnit.Framework.Internal.Commands.TestMethodCommand.Execute(TestExecutionContext context)
   at NUnit.Framework.Internal.Execution.SimpleWorkItem.<>c__DisplayClass3_0.<PerformWork>b__0()
   at NUnit.Framework.Internal.ContextUtils.<>c__DisplayClass1_0`1.<DoIsolated>b__0(Object _)
   at System.Threading.ExecutionContext.RunInternal(ExecutionContext executionContext, ContextCallback callback, Object state)
--- End of stack trace from previous location ---
   at System.Threading.ExecutionContext.RunInternal(ExecutionContext executionContext, ContextCallback callback, Object state)
   at NUnit.Framework.Internal.ContextUtils.DoIsolated(ContextCallback callback, Object state)
   at NUnit.Framework.Internal.ContextUtils.DoIsolated[T](Func`1 func)
   at NUnit.Framework.Internal.Execution.SimpleWorkItem.PerformWork()

  Standard Output Messages:
 TLS (station): presenting DC=CPO, C=DE, O=EVerest, CN=SECCCert (+2 chain certificate(s)), TLS 1.3, requiring a client certificate (accept-any)
 SDP: advertising [fe80::215:5dff:fedf:2f0c%2]:15118 (TLS) on eth0 — their EV should discover this station rather than be pointed at it.
 Waiting for their PyEvJosev on [::]:15118 (TLS) ...
 TLS: Tls13, TLS_AES_256_GCM_SHA384, client certificate DC=OEM, C=DE, O=Pionix, CN=WMIV1234567890ABCDEX.
 TLS: Tls13, TLS_AES_256_GCM_SHA384, server DC=OEM, C=DE, O=Pionix, CN=WMIV1234567890ABCDEX, client certificate presented (mutual)
 Recorded:
   /home/ahzf/everest/run/revtls-strict/everest-iso15118-20-ac-reverse-tls.ev-to-station.bin
   /home/ahzf/everest/run/revtls-strict/everest-iso15118-20-ac-reverse-tls.station-to-ev.bin
   /home/ahzf/everest/run/revtls-strict/everest-iso15118-20-ac-reverse-tls.frames.log
   /home/ahzf/everest/run/revtls-strict/everest-iso15118-20-ac-reverse-tls.flow.md
   /home/ahzf/everest/run/revtls-strict/everest-iso15118-20-ac-reverse-tls.trace-not-built.txt



Test Run Failed.
Total tests: 1
     Failed: 1
 Total time: 18.8564 Seconds
