2026-08-14 15:55:31.253713 [INFO] manager          ::   ________      __                _   
2026-08-14 15:55:31.253899 [INFO] manager          ::  |  ____\ \    / /               | |
2026-08-14 15:55:31.253910 [INFO] manager          ::  | |__   \ \  / /__ _ __ ___  ___| |_
2026-08-14 15:55:31.253916 [INFO] manager          ::  |  __|   \ \/ / _ \ '__/ _ \/ __| __|
2026-08-14 15:55:31.253922 [INFO] manager          ::  | |____   \  /  __/ | |  __/\__ \ |_
2026-08-14 15:55:31.253927 [INFO] manager          ::  |______|   \/ \___|_|  \___||___/\__|
2026-08-14 15:55:31.253933 [INFO] manager          :: 
2026-08-14 15:55:31.253938 [INFO] manager          :: everest-framework 0.25.0-dev 2026.02.1
2026-08-14 15:55:31.253944 [INFO] manager          :: everest-core 2026.02.1-dev 2026.02.1
2026-08-14 15:55:31.253950 [INFO] manager          :: 
2026-08-14 15:55:31.253957 [INFO] manager          :: Using MQTT broker localhost:1883
2026-08-14 15:55:31.274440 [INFO] manager          :: Boot mode is set to YamlFile, loading module configs from YAML file
2026-08-14 15:55:31.274497 [INFO] manager          :: Loading config file at: /home/ahzf/everest/configs-ours/config-ac20-reverse-ours.yaml
2026-08-14 15:55:31.386760 [INFO] manager          :: Config loading completed in 132ms
2026-08-14 15:55:31.388556 [INFO] manager          :: Starting 15 modules
2026-08-14 15:55:33.386126 [INFO] energy_manager:  :: Module energy_manager initialized [1974ms]
2026-08-14 15:55:33.386705 [INFO] api_sink:Energy  :: Module api_sink initialized [1977ms]
2026-08-14 15:55:33.388691 [INFO] ev_manager:EvMa  :: Module ev_manager initialized [1972ms]
2026-08-14 15:55:33.388958 [INFO] connector_1_pow  :: Module connector_1_powerpath initialized [1977ms]
2026-08-14 15:55:33.392680 [INFO] api:API          :: Module api initialized [1983ms]
2026-08-14 15:55:33.398854 [INFO] grid_connection  :: Module grid_connection_point initialized [1979ms]
2026-08-14 15:55:33.399410 [WARN] evse_security:E evse_security::EvseSecurity::EvseSecurity(const evse_security::FilePaths&, const std::optional<std::__cxx11::basic_string<char> >&, const std::optional<long unsigned int>&, const std::optional<long unsigned int>&, const std::optional<std::chrono::duration<long int> >&, const std::optional<std::chrono::duration<long int> >&) :: Could not find configured MF bundle file at: /home/ahzf/everest/dist/etc/everest/certs/ca/mf/MF_ROOT_CA.pem, creating default!
2026-08-14 15:55:33.399622 [INFO] evse_security:E  :: Module evse_security initialized [1980ms]
2026-08-14 15:55:33.399702 [INFO] slac:SlacSimula  :: Module slac initialized [1976ms]
2026-08-14 15:55:33.400573 [INFO] evse_manager:Ev  :: Module evse_manager initialized [1981ms]
2026-08-14 15:55:33.401382 [INFO] token_validator  :: Module token_validator initialized [1976ms]
2026-08-14 15:55:33.401858 [INFO] token_provider:  :: Module token_provider initialized [1976ms]
2026-08-14 15:55:33.402569 [INFO] iso15118_charge  :: Module iso15118_charger initialized [1977ms]
2026-08-14 15:55:33.412175 [INFO] error_history:E  :: Using database at "/tmp/error_history.db"
2026-08-14 15:55:33.412332 [INFO] error_history:E  :: Checking database
2026-08-14 15:55:33.413338 [INFO] auth:Auth        :: Module auth initialized [2001ms]
2026-08-14 15:55:33.413859 [INFO] error_history:E  :: Module error_history initialized [2001ms]
2026-08-14 15:55:33.772428 [INFO] iso15118_car     :: Module iso15118_car initialized [1976ms]
2026-08-14 15:55:33.818872 [INFO] manager          :: Clearing retained topics published by manager during startup
2026-08-14 15:55:33.819843 [INFO] manager          :: 🚙🚙🚙 All modules are initialized. EVerest up and running [2572ms] 🚙🚙🚙
2026-08-14 15:55:34.043114 [WARN] auth:Auth       void module::ReservationHandler::load_reservations() :: Can not load reservations because no storage was configured.
2026-08-14 15:55:34.263071 [INFO] evse_security:E  :: Requesting leaf certificate info: V2G
2026-08-14 15:55:34.266782 [INFO] evse_security:E  :: Found valid leaf: ["/home/ahzf/everest/dist/etc/everest/certs/client/cso/CPO_CERT_CHAIN.pem"]
2026-08-14 15:55:34.266856 [INFO] evse_security:E  :: Not requiring all valid leafs, returning
2026-08-14 15:55:34.270204 [INFO] evse_manager:Ev  :: AC HLC mode enabled.
2026-08-14 15:55:34.351267 [INFO] evse_security:E  :: Requesting certificate file: [V2G] file:"/home/ahzf/everest/dist/etc/everest/certs/ca/v2g/V2G_ROOT_CA.pem"
2026-08-14 15:55:34.354658 [INFO] evse_manager:Ev  :: Ignoring BSP Event, BSP is not enabled yet.
2026-08-14 15:55:34.395616 [INFO] evse_security:E  :: Requesting certificate file: [MO] file:"/home/ahzf/everest/dist/etc/everest/certs/ca/mo/MO_ROOT_CA.pem"
2026-08-14 15:55:34.438845 [INFO] iso15118_charge  :: Using ethernet interface: lo
2026-08-14 15:55:34.438927 [INFO] iso15118_charge  :: Starting SDP server with address: ::
2026-08-14 15:55:34.442878 [INFO] evse_manager:Ev  :: Cleaning up any other transaction on start up
2026-08-14 15:55:34.611588 [INFO] evse_manager:Ev  :: 🌀🌀🌀 Ready to start charging 🌀🌀🌀
2026-08-14 15:55:38.130624 [INFO] connector_1_pow  :: Lock connector
2026-08-14 15:55:38.359670 [INFO] evse_manager:Ev  :: SYS  Session logging started.
2026-08-14 15:55:38.359836 [INFO] evse_manager:Ev  :: EVSE IEC Session Started: EVConnected
2026-08-14 15:55:38.361557 [INFO] auth:Auth        :: Plug In event for evse#1, starting auth
2026-08-14 15:55:38.361492 [INFO] token_provider:  :: Publishing new dummy token: {
    "authorization_type": "RFID",
    "id_token": {
        "type": "ISO14443",
        "value": "[redacted] hash: 29F2679CA504908"
    },
    "parent_id_token": {
        "type": "ISO14443",
        "value": "[redacted] hash: 29F2679CA504908"
    }
}
2026-08-14 15:55:38.362647 [INFO] auth:Auth        :: Received new token: {
    "authorization_type": "RFID",
    "id_token": {
        "type": "ISO14443",
        "value": "[redacted] hash: 29F2679CA504908"
    },
    "parent_id_token": {
        "type": "ISO14443",
        "value": "[redacted] hash: 29F2679CA504908"
    }
}
2026-08-14 15:55:38.407090 [INFO] token_validator  :: Got validation request for token: [redacted] hash: 29F2679CA504908
2026-08-14 15:55:38.657337 [INFO] token_validator  :: Returning validation status: Accepted
2026-08-14 15:55:38.658725 [INFO] auth:Auth        :: Providing authorization to evse#1
2026-08-14 15:55:38.703431 [INFO] evse_manager:Ev  :: EVSE IEC EIM Authorization received
2026-08-14 15:55:38.704685 [INFO] auth:Auth        :: Result for token: [redacted] hash: 29F2679CA504908: USED_TO_START_TRANSACTION
2026-08-14 15:55:38.790871 [INFO] evse_manager:Ev  :: EVSE IEC Transaction Started (0 kWh)
2026-08-14 15:55:38.791366 [INFO] evse_manager:Ev  :: EVSE IEC AC mode, HLC enabled(X1), matching already started. We are in X1 so we can go directly to nominal PWM.
2026-08-14 15:55:38.791496 [INFO] evse_manager:Ev  :: EVSE IEC Charger state: Wait for Auth->PrepareCharging
2026-08-14 15:55:38.792196 [INFO] evse_manager:Ev  :: EVSE IEC Set PWM On (53.3%) took 0 ms
2026-08-14 15:55:40.390704 [INFO] evse_manager:Ev  :: EVSE ISO SLAC MATCHED
2026-08-14 15:55:40.390731 [INFO] evse_manager:Ev  :: EVSE ISO D-LINK_READY (true)
2026-08-14 15:55:40.496938 [WARN] iso15118_car    pybind11_init_everestpy(pybind11::module_&)::<lambda(const std::string&)> :: The port 15118 does not match the mandatory UDP server port 15118.
2026-08-14 15:55:46.125194 [INFO] evse_manager:Ev  ::                                     CAR IEC Event CarRequestedPower
2026-08-14 15:55:46.125355 [INFO] evse_manager:Ev  :: EVSE IEC Charger state: PrepareCharging->Charging
2026-08-14 15:55:46.375846 [INFO] evse_manager:Ev  :: EVSE IEC Event PowerOn
2026-08-14 15:55:53.825966 [ERRO] iso15118_car    pybind11_init_everestpy(pybind11::module_&)::<lambda(const std::string&)> :: EVCC tried to initiate a V2GCommunicationSession, but maximum number of SDP retry cycles (1) is now reached. Shutting down high-level communication. Unplug and plug in the cable again if you want to start anew.
Traceback (most recent call last):
  File "/home/ahzf/everest/dist/libexec/everest/modules/PyEvJosev/../../3rd_party/josev/iso15118/evcc/comm_session_handler.py", line 584, in get_from_rcv_queue
    await self.restart_sdp(True)
  File "/home/ahzf/everest/dist/libexec/everest/modules/PyEvJosev/../../3rd_party/josev/iso15118/evcc/comm_session_handler.py", line 401, in restart_sdp
    raise SDPFailedError(
    ...<3 lines>...
    )
iso15118.shared.exceptions.SDPFailedError: EVCC tried to initiate a V2GCommunicationSession, but maximum number of SDP retry cycles (1) is now reached. Shutting down high-level communication. Unplug and plug in the cable again if you want to start anew.
2026-08-14 15:56:09.426794 [INFO] ev_manager:EvMa  :: Finished simulation.
2026-08-14 15:56:09.858743 [INFO] evse_manager:Ev  :: EVSE ISO D-LINK_READY (false)
2026-08-14 15:56:09.858747 [INFO] evse_manager:Ev  :: EVSE ISO SLAC UNMATCHED
2026-08-14 15:56:09.902837 [INFO] evse_manager:Ev  ::                                     CAR IEC Event CarUnplugged
2026-08-14 15:56:09.903019 [INFO] evse_manager:Ev  :: EVSE IEC Stop in Charging: [EV unplugged]
2026-08-14 15:56:09.903112 [INFO] evse_manager:Ev  :: EVSE IEC Charger state: Charging->StoppingCharging
2026-08-14 15:56:09.903780 [INFO] evse_manager:Ev  :: EVSE IEC Set PWM Off
2026-08-14 15:56:09.903913 [INFO] connector_1_pow  :: Unlock connector
2026-08-14 15:56:09.947263 [INFO] evse_manager:Ev  :: EVSE IEC Event PowerOff
2026-08-14 15:56:09.947417 [INFO] evse_manager:Ev  :: EVSE IEC Charger state: StoppingCharging->Finished
2026-08-14 15:56:09.991058 [INFO] evse_manager:Ev  :: EVSE IEC Transaction Finished: EVDisconnected (0.068 kWh)
2026-08-14 15:56:10.166914 [INFO] evse_manager:Ev  :: EVSE IEC Session Finished
2026-08-14 15:56:10.167088 [INFO] evse_manager:Ev  :: SYS  Session logging stopped.
2026-08-14 15:56:10.211054 [INFO] evse_manager:Ev  :: All errors cleared
2026-08-14 15:56:10.211206 [INFO] evse_manager:Ev  :: All errors cleared
