2026-08-15 13:49:39.442347 [INFO] manager          ::   ________      __                _   
2026-08-15 13:49:39.442564 [INFO] manager          ::  |  ____\ \    / /               | |
2026-08-15 13:49:39.442574 [INFO] manager          ::  | |__   \ \  / /__ _ __ ___  ___| |_
2026-08-15 13:49:39.442580 [INFO] manager          ::  |  __|   \ \/ / _ \ '__/ _ \/ __| __|
2026-08-15 13:49:39.442586 [INFO] manager          ::  | |____   \  /  __/ | |  __/\__ \ |_
2026-08-15 13:49:39.442592 [INFO] manager          ::  |______|   \/ \___|_|  \___||___/\__|
2026-08-15 13:49:39.442598 [INFO] manager          :: 
2026-08-15 13:49:39.442604 [INFO] manager          :: everest-framework 0.25.0-dev 2026.02.1
2026-08-15 13:49:39.442610 [INFO] manager          :: everest-core 2026.02.1-dev 2026.02.1
2026-08-15 13:49:39.442616 [INFO] manager          :: 
2026-08-15 13:49:39.442623 [INFO] manager          :: Using MQTT broker localhost:1883
2026-08-15 13:49:39.463254 [INFO] manager          :: Boot mode is set to YamlFile, loading module configs from YAML file
2026-08-15 13:49:39.463311 [INFO] manager          :: Loading config file at: /home/ahzf/everest/configs-ours/config-dc2-pnc-crashprobe.yaml
2026-08-15 13:49:39.590837 [INFO] manager          :: Config loading completed in 148ms
2026-08-15 13:49:39.593058 [INFO] manager          :: Starting 19 modules
2026-08-15 13:49:41.924186 [INFO] powersupply_dc:  :: Module powersupply_dc initialized [2286ms]
2026-08-15 13:49:41.924908 [INFO] slac:SlacSimula  :: Module slac initialized [2286ms]
2026-08-15 13:49:41.927586 [INFO] ovm:OVMSimulato  :: Can control the over voltage measurement values over the topic: everest_api/ovm/cmd/set_over_voltage_measurement_V via MQTT
2026-08-15 13:49:41.927850 [INFO] ovm:OVMSimulato  :: Module ovm initialized [2289ms]
2026-08-15 13:49:41.927959 [INFO] iso15118_charge  :: Module iso15118_charger initialized [2289ms]
2026-08-15 13:49:41.931891 [INFO] energy_manager:  :: Module energy_manager initialized [2310ms]
2026-08-15 13:49:41.932203 [INFO] api_sink:Energy  :: Module api_sink initialized [2314ms]
2026-08-15 13:49:41.933518 [INFO] ev_manager:EvMa  :: Module ev_manager initialized [2308ms]
2026-08-15 13:49:41.935289 [INFO] evse_security:E  :: Module evse_security initialized [2305ms]
2026-08-15 13:49:41.947402 [INFO] evse_manager:Ev  :: Module evse_manager initialized [2317ms]
2026-08-15 13:49:41.951042 [INFO] imd:IMDSimulato  :: Module imd initialized [2319ms]
2026-08-15 13:49:41.951532 [INFO] grid_connection  :: Module grid_connection_point initialized [2321ms]
2026-08-15 13:49:41.953010 [INFO] token_validator  :: Module token_validator initialized [2309ms]
2026-08-15 13:49:41.953688 [INFO] api:API          :: Module api initialized [2335ms]
2026-08-15 13:49:41.953807 [INFO] ev_api:EvAPI     :: Module ev_api initialized [2330ms]
2026-08-15 13:49:41.955059 [INFO] yeti_driver:Yet  :: Module yeti_driver initialized [2311ms]
2026-08-15 13:49:41.955408 [INFO] error_history:E  :: Using database at "/tmp/error_history.db"
2026-08-15 13:49:41.955551 [INFO] error_history:E  :: Checking database
2026-08-15 13:49:41.955390 [INFO] token_provider:  :: Module token_provider initialized [2311ms]
2026-08-15 13:49:41.957746 [INFO] error_history:E  :: Module error_history initialized [2333ms]
2026-08-15 13:49:41.957924 [INFO] auth:Auth        :: Module auth initialized [2338ms]
2026-08-15 13:49:42.353256 [INFO] iso15118_car     :: Module iso15118_car initialized [2295ms]
2026-08-15 13:49:42.353972 [INFO] manager          :: Clearing retained topics published by manager during startup
2026-08-15 13:49:42.355835 [INFO] manager          :: 🚙🚙🚙 All modules are initialized. EVerest up and running [2922ms] 🚙🚙🚙

2026-08-15 13:49:42.357621 [INFO] iso15118_charge  :: TLS server on eth0 is listening on port [fe80::215:5dff:fe07:f821%2]:64109
2026-08-15 13:49:42.401680 [INFO] evse_security:E  :: Requesting leaf certificate info: V2G
2026-08-15 13:49:42.406646 [INFO] evse_security:E  :: Found valid leaf: ["/home/ahzf/everest/dist/etc/everest/certs/client/cso/CPO_CERT_CHAIN.pem"]
2026-08-15 13:49:42.407057 [INFO] evse_security:E  :: Found valid leaf: ["/home/ahzf/everest/dist/etc/everest/certs/client/cso/SECC_LEAF.pem"]
2026-08-15 13:49:42.448127 [WARN] iso15118_charge void {anonymous}::log_handler(openssl::log_level_t, const std::string&) :: <n> certificates != <n> OCSP responses

2026-08-15 13:49:42.460341 [INFO] iso15118_charge  :: SDP socket setup succeeded
2026-08-15 13:49:42.505937 [WARN] auth:Auth       void module::ReservationHandler::load_reservations() :: Can not load reservations because no storage was configured.

2026-08-15 13:49:42.597344 [INFO] iso15118_charge  :: Ignoring bidirectional SupportedEnergyTransferMode
2026-08-15 13:49:42.778066 [INFO] ovm:OVMSimulato  :: Over voltage monitoring: stopped.
2026-08-15 13:49:42.872880 [INFO] evse_manager:Ev  :: Ignoring BSP Event, BSP is not enabled yet.

2026-08-15 13:49:42.921887 [INFO] iso15118_charge  :: Ignoring bidirectional SupportedEnergyTransferMode
2026-08-15 13:49:43.512920 [INFO] evse_manager:Ev  :: Cleaning up any other transaction on start up
2026-08-15 13:49:43.650086 [INFO] evse_manager:Ev  :: 🌀🌀🌀 Ready to start charging 🌀🌀🌀

2026-08-15 13:49:59.304516 [INFO] iso15118_charge  :: Incoming TLS connection
2026-08-15 13:49:59.315433 [ERRO] iso15118_charge void {anonymous}::log_handler(openssl::log_level_t, const std::string&) :: OcspCache::lookup: not in cache: d8817041a94bb65646ea392c812fcb4978ae4cf6

2026-08-15 13:49:59.403133 [INFO] iso15118_charge  :: Handling SupportedAppProtocolReq

2026-08-15 13:49:59.403726 [INFO] iso15118_charge  :: Protocol negotiation was successful. Selected protocol is ISO15118

2026-08-15 13:49:59.413118 [INFO] iso15118_charge  :: SessionSetupReq.EVCCID: AB:CD:EF:01:02:03

2026-08-15 13:49:59.413211 [INFO] iso15118_charge  :: No session_id found or not equal to the id from the preceding v2g session. Generating random session id.

2026-08-15 13:49:59.413221 [INFO] iso15118_charge  :: Created new session with id 0x73d394461d895991

2026-08-15 13:49:59.617982 [INFO] iso15118_charge  :: SelectedPaymentOption: Contract
2026-08-15 13:49:59.819219 [ERRO] iso15118_charge void {anonymous}::log_handler(openssl::log_level_t, const std::string&) :: SSL_read: 0 1
C0E67F27B8770000:error:0A000126:SSL routines::unexpected eof while reading:../ssl/record/rec_layer_s3.c:698:

2026-08-15 13:49:59.819350 [ERRO] iso15118_charge void dlog_func(dloglevel_t, const char*, int, const char*, const char*, ...) :: connection_read(header) failed: Success

2026-08-15 13:49:59.819366 [ERRO] iso15118_charge void dlog_func(dloglevel_t, const char*, int, const char*, const char*, ...) :: v2g_incoming_v2gtp() (previous message "Payment Details") failed

2026-08-15 13:49:59.819378 [INFO] iso15118_charge  :: v2g_dispatch_connection exited with -1

2026-08-15 13:49:59.823262 [INFO] iso15118_charge  :: Incoming TLS connection
2026-08-15 13:49:59.824516 [ERRO] iso15118_charge void {anonymous}::log_handler(openssl::log_level_t, const std::string&) :: OcspCache::lookup: not in cache: d8817041a94bb65646ea392c812fcb4978ae4cf6

2026-08-15 13:49:59.827987 [INFO] iso15118_charge  :: Handling SupportedAppProtocolReq

2026-08-15 13:49:59.828571 [INFO] iso15118_charge  :: Protocol negotiation was successful. Selected protocol is ISO15118

2026-08-15 13:49:59.830765 [INFO] iso15118_charge  :: SessionSetupReq.EVCCID: AB:CD:EF:01:02:03

2026-08-15 13:49:59.830842 [INFO] iso15118_charge  :: No session_id found or not equal to the id from the preceding v2g session. Generating random session id.

2026-08-15 13:49:59.830851 [INFO] iso15118_charge  :: Created new session with id 0x7eb4ff0e007bfa0f

2026-08-15 13:50:00.033526 [INFO] iso15118_charge  :: SelectedPaymentOption: Contract
2026-08-15 13:50:00.132799 [ERRO] iso15118_charge void {anonymous}::log_handler(openssl::log_level_t, const std::string&) :: d2i_X509
C0E67F27B8770000:error:0680007B:asn1 encoding routines:ASN1_get_object:header too long:../crypto/asn1/asn1_lib.c:105:
iso15118_charger:EvseV2G: /home/ahzf/everest/everest-core/lib/everest/tls/src/openssl_util.cpp:775: std::map<std::__cxx11::basic_string<char>, std::__cxx11::basic_string<char> > openssl::certificate_subject(const X509*): Assertion `cert != nullptr' failed.
2026-08-15 13:50:00.878551 [CRIT] manager         int {anonymous}::boot(const boost::program_options::variables_map&) :: Module iso15118_charger (pid: 3876) exited with status: 134. Terminating all modules.
2026-08-15 13:50:00.880073 [INFO] manager          :: SIGTERM of child: api (pid: 3845) succeeded.
2026-08-15 13:50:00.880275 [INFO] manager          :: SIGTERM of child: api_sink (pid: 3846) succeeded.
2026-08-15 13:50:00.880487 [INFO] manager          :: SIGTERM of child: auth (pid: 3847) succeeded.
2026-08-15 13:50:00.880605 [INFO] manager          :: SIGTERM of child: energy_manager (pid: 3848) succeeded.
2026-08-15 13:50:00.880792 [INFO] manager          :: SIGTERM of child: error_history (pid: 3849) succeeded.
2026-08-15 13:50:00.881022 [INFO] manager          :: SIGTERM of child: ev_api (pid: 3850) succeeded.
2026-08-15 13:50:00.881236 [INFO] manager          :: SIGTERM of child: ev_manager (pid: 3851) succeeded.
2026-08-15 13:50:00.881524 [INFO] manager          :: SIGTERM of child: evse_manager (pid: 3852) succeeded.
2026-08-15 13:50:00.881846 [INFO] manager          :: SIGTERM of child: evse_security (pid: 3853) succeeded.
2026-08-15 13:50:00.882116 [INFO] manager          :: SIGTERM of child: grid_connection_point (pid: 3854) succeeded.
2026-08-15 13:50:00.882301 [INFO] manager          :: SIGTERM of child: imd (pid: 3855) succeeded.
2026-08-15 13:50:00.882401 [INFO] manager          :: SIGTERM of child: iso15118_car (pid: 3868) succeeded.
2026-08-15 13:50:00.882516 [INFO] manager          :: SIGTERM of child: ovm (pid: 3884) succeeded.
2026-08-15 13:50:00.882675 [INFO] manager          :: SIGTERM of child: powersupply_dc (pid: 3893) succeeded.
2026-08-15 13:50:00.882916 [INFO] manager          :: SIGTERM of child: slac (pid: 3901) succeeded.
2026-08-15 13:50:00.883117 [INFO] manager          :: SIGTERM of child: token_provider (pid: 3909) succeeded.
2026-08-15 13:50:00.883378 [INFO] manager          :: SIGTERM of child: token_validator (pid: 3911) succeeded.
2026-08-15 13:50:00.883593 [INFO] manager          :: SIGTERM of child: yeti_driver (pid: 3930) succeeded.
2026-08-15 13:50:00.883639 [CRIT] manager         int {anonymous}::boot(const boost::program_options::variables_map&) :: Exiting manager.
