2026-08-15 03:29:39.062555 [INFO] manager          ::   ________      __                _   
2026-08-15 03:29:39.062685 [INFO] manager          ::  |  ____\ \    / /               | |
2026-08-15 03:29:39.062695 [INFO] manager          ::  | |__   \ \  / /__ _ __ ___  ___| |_
2026-08-15 03:29:39.062701 [INFO] manager          ::  |  __|   \ \/ / _ \ '__/ _ \/ __| __|
2026-08-15 03:29:39.062707 [INFO] manager          ::  | |____   \  /  __/ | |  __/\__ \ |_
2026-08-15 03:29:39.062712 [INFO] manager          ::  |______|   \/ \___|_|  \___||___/\__|
2026-08-15 03:29:39.062718 [INFO] manager          :: 
2026-08-15 03:29:39.062724 [INFO] manager          :: everest-framework 0.25.0-dev 2026.02.1
2026-08-15 03:29:39.062730 [INFO] manager          :: everest-core 2026.02.1-dev 2026.02.1
2026-08-15 03:29:39.062735 [INFO] manager          :: 
2026-08-15 03:29:39.062742 [INFO] manager          :: Using MQTT broker localhost:1883
2026-08-15 03:29:39.083372 [INFO] manager          :: Boot mode is set to YamlFile, loading module configs from YAML file
2026-08-15 03:29:39.083445 [INFO] manager          :: Loading config file at: /home/ahzf/everest/configs-ours/config-ac2-reverse-ours.yaml
2026-08-15 03:29:39.206324 [INFO] manager          :: Config loading completed in 143ms
2026-08-15 03:29:39.208358 [INFO] manager          :: Starting 15 modules
2026-08-15 03:29:41.205634 [INFO] connector_1_pow  :: Module connector_1_powerpath initialized [1973ms]
2026-08-15 03:29:41.230741 [INFO] energy_manager:  :: Module energy_manager initialized [1998ms]2026-08-15 03:29:41.230785 [INFO] token_validator  :: Module token_validator initialized [1980ms]

2026-08-15 03:29:41.232548 [INFO] slac:SlacSimula  :: Module slac initialized [1986ms]
2026-08-15 03:29:41.233630 [INFO] token_provider:  :: Module token_provider initialized [1984ms]
2026-08-15 03:29:41.234456 [INFO] grid_connection  :: Module grid_connection_point initialized [1993ms]
2026-08-15 03:29:41.234614 [INFO] ev_manager:EvMa  :: Module ev_manager initialized [1998ms]
2026-08-15 03:29:41.235123 [INFO] auth:Auth        :: Module auth initialized [2002ms]
2026-08-15 03:29:41.237402 [INFO] api:API          :: Module api initialized [2007ms]
2026-08-15 03:29:41.248215 [INFO] evse_security:E  :: Module evse_security initialized [2005ms]
2026-08-15 03:29:41.248728 [INFO] error_history:E  :: Using database at "/tmp/error_history.db"
2026-08-15 03:29:41.248855 [INFO] error_history:E  :: Checking database
2026-08-15 03:29:41.249947 [INFO] iso15118_charge  :: Module iso15118_charger initialized [2005ms]
2026-08-15 03:29:41.250523 [INFO] error_history:E  :: Module error_history initialized [2014ms]
2026-08-15 03:29:41.259079 [INFO] evse_manager:Ev  :: Module evse_manager initialized [2018ms]
2026-08-15 03:29:41.275213 [INFO] api_sink:Energy  :: Module api_sink initialized [2045ms]
2026-08-15 03:29:41.605469 [INFO] iso15118_car     :: Module iso15118_car initialized [1986ms]
2026-08-15 03:29:41.606239 [INFO] manager          :: Clearing retained topics published by manager during startup
2026-08-15 03:29:41.607532 [INFO] manager          :: 🚙🚙🚙 All modules are initialized. EVerest up and running [2550ms] 🚙🚙🚙
2026-08-15 03:29:41.831030 [WARN] auth:Auth       void module::ReservationHandler::load_reservations() :: Can not load reservations because no storage was configured.
2026-08-15 03:29:42.054064 [INFO] evse_manager:Ev  :: AC HLC mode enabled.
2026-08-15 03:29:42.055059 [INFO] evse_security:E  :: Requesting leaf certificate info: V2G
2026-08-15 03:29:42.059112 [INFO] evse_security:E  :: Found valid leaf: ["/home/ahzf/everest/dist/etc/everest/certs/client/cso/CPO_CERT_CHAIN.pem"]
2026-08-15 03:29:42.059191 [INFO] evse_security:E  :: Not requiring all valid leafs, returning
2026-08-15 03:29:42.142680 [INFO] evse_manager:Ev  :: Ignoring BSP Event, BSP is not enabled yet.
2026-08-15 03:29:42.143340 [INFO] evse_security:E  :: Requesting certificate file: [V2G] file:"/home/ahzf/everest/dist/etc/everest/certs/ca/v2g/V2G_ROOT_CA.pem"
2026-08-15 03:29:42.187769 [INFO] evse_manager:Ev  :: Cleaning up any other transaction on start up
2026-08-15 03:29:42.187882 [INFO] evse_security:E  :: Requesting certificate file: [MO] file:"/home/ahzf/everest/dist/etc/everest/certs/ca/mo/MO_ROOT_CA.pem"
2026-08-15 03:29:42.231160 [INFO] iso15118_charge  :: Using ethernet interface: lo
2026-08-15 03:29:42.231289 [INFO] iso15118_charge  :: Starting SDP server with address: ::
2026-08-15 03:29:42.363834 [INFO] evse_manager:Ev  :: 🌀🌀🌀 Ready to start charging 🌀🌀🌀
2026-08-15 03:29:45.699034 [INFO] connector_1_pow  :: Lock connector
2026-08-15 03:29:45.792061 [INFO] evse_manager:Ev  :: SYS  Session logging started.
2026-08-15 03:29:45.792206 [INFO] evse_manager:Ev  :: EVSE IEC Session Started: EVConnected
2026-08-15 03:29:45.793331 [INFO] token_provider:  :: Publishing new dummy token: {
    "authorization_type": "RFID",
    "id_token": {
        "type": "ISO14443",
        "value": "[redacted] hash: 29F2679CA504908"
    },
    "parent_id_token": {
        "type": "ISO14443",
        "value": "[redacted] hash: 29F2679CA504908"
    }
}
2026-08-15 03:29:45.793463 [INFO] auth:Auth        :: Plug In event for evse#1, starting auth
2026-08-15 03:29:45.794228 [INFO] auth:Auth        :: Received new token: {
    "authorization_type": "RFID",
    "id_token": {
        "type": "ISO14443",
        "value": "[redacted] hash: 29F2679CA504908"
    },
    "parent_id_token": {
        "type": "ISO14443",
        "value": "[redacted] hash: 29F2679CA504908"
    }
}
2026-08-15 03:29:45.795640 [INFO] token_validator  :: Got validation request for token: [redacted] hash: 29F2679CA504908
2026-08-15 03:29:46.045849 [INFO] token_validator  :: Returning validation status: Accepted
2026-08-15 03:29:46.047015 [INFO] auth:Auth        :: Providing authorization to evse#1
2026-08-15 03:29:46.093314 [INFO] evse_manager:Ev  :: EVSE IEC EIM Authorization received
2026-08-15 03:29:46.094170 [INFO] auth:Auth        :: Result for token: [redacted] hash: 29F2679CA504908: USED_TO_START_TRANSACTION
2026-08-15 03:29:46.138835 [INFO] evse_manager:Ev  :: EVSE IEC Transaction Started (0 kWh)
2026-08-15 03:29:46.139291 [INFO] evse_manager:Ev  :: EVSE IEC AC mode, HLC enabled(X1), matching already started. We are in X1 so we can go directly to nominal PWM.
2026-08-15 03:29:46.139357 [INFO] evse_manager:Ev  :: EVSE IEC Charger state: Wait for Auth->PrepareCharging
2026-08-15 03:29:46.139997 [INFO] evse_manager:Ev  :: EVSE IEC Set PWM On (53.3%) took 0 ms
2026-08-15 03:29:47.902968 [INFO] evse_manager:Ev  :: EVSE ISO SLAC MATCHED
2026-08-15 03:29:47.902981 [INFO] evse_manager:Ev  :: EVSE ISO D-LINK_READY (true)
2026-08-15 03:29:48.048748 [WARN] iso15118_car    pybind11_init_everestpy(pybind11::module_&)::<lambda(const std::string&)> :: The port 15118 does not match the mandatory UDP server port 15118.
2026-08-15 03:29:52.405769 [INFO] evse_manager:Ev  ::                                     CAR IEC Event CarRequestedPower
2026-08-15 03:29:52.405965 [INFO] evse_manager:Ev  :: EVSE IEC Charger state: PrepareCharging->Charging
2026-08-15 03:29:52.656489 [INFO] evse_manager:Ev  :: EVSE IEC Event PowerOn
2026-08-15 03:30:16.055431 [INFO] evse_manager:Ev  ::                                     CAR IEC Event CarRequestedStopPower
2026-08-15 03:30:16.055600 [INFO] evse_manager:Ev  :: EVSE IEC Stop in Charging: [IEC stop]
2026-08-15 03:30:16.055692 [INFO] evse_manager:Ev  :: EVSE IEC Charger state: Charging->StoppingCharging
2026-08-15 03:30:16.056368 [INFO] evse_manager:Ev  :: EVSE IEC Set PWM Off
2026-08-15 03:30:16.142812 [INFO] evse_manager:Ev  :: EVSE IEC Event PowerOff
2026-08-15 03:30:16.142994 [INFO] evse_manager:Ev  :: EVSE IEC Charger state: StoppingCharging->Car Paused
2026-08-15 03:30:16.143624 [INFO] evse_manager:Ev  :: EVSE IEC Soft overcurrent event (L1:16.05956, L2:16.05956, L3:16.05956, limit 0.55), starting timer.
2026-08-15 03:30:16.143696 [INFO] evse_manager:Ev  :: EVSE IEC Set PWM On (53.3%) took 0 ms
2026-08-15 03:30:21.874764 [INFO] ev_manager:EvMa  :: Finished simulation.
2026-08-15 03:30:22.170655 [INFO] connector_1_pow  :: Unlock connector
2026-08-15 03:30:22.218807 [INFO] evse_manager:Ev  :: EVSE ISO SLAC UNMATCHED
2026-08-15 03:30:22.218863 [INFO] evse_manager:Ev  :: EVSE ISO D-LINK_READY (false)
2026-08-15 03:30:22.306918 [INFO] evse_manager:Ev  ::                                     CAR IEC Event CarUnplugged
2026-08-15 03:30:22.307327 [INFO] evse_manager:Ev  :: EVSE IEC Stop in ChargingPausedEV: [EV unplugged]
2026-08-15 03:30:22.307584 [INFO] evse_manager:Ev  :: EVSE IEC Charger state: Car Paused->StoppingCharging
2026-08-15 03:30:22.308078 [INFO] evse_manager:Ev  :: EVSE IEC Set PWM Off
2026-08-15 03:30:22.442854 [INFO] evse_manager:Ev  :: EVSE IEC Charger state: StoppingCharging->Finished
2026-08-15 03:30:22.487117 [INFO] evse_manager:Ev  :: EVSE IEC Transaction Finished: EVDisconnected (0.068 kWh)
2026-08-15 03:30:22.662823 [INFO] evse_manager:Ev  :: EVSE IEC Session Finished
2026-08-15 03:30:22.663003 [INFO] evse_manager:Ev  :: SYS  Session logging stopped.
2026-08-15 03:30:22.706942 [INFO] evse_manager:Ev  :: All errors cleared
2026-08-15 03:30:22.707084 [INFO] evse_manager:Ev  :: All errors cleared
