2026-08-15 01:28:29.901262 [INFO] manager          ::   ________      __                _   
2026-08-15 01:28:29.902060 [INFO] manager          ::  |  ____\ \    / /               | |
2026-08-15 01:28:29.902075 [INFO] manager          ::  | |__   \ \  / /__ _ __ ___  ___| |_
2026-08-15 01:28:29.902112 [INFO] manager          ::  |  __|   \ \/ / _ \ '__/ _ \/ __| __|
2026-08-15 01:28:29.902121 [INFO] manager          ::  | |____   \  /  __/ | |  __/\__ \ |_
2026-08-15 01:28:29.902127 [INFO] manager          ::  |______|   \/ \___|_|  \___||___/\__|
2026-08-15 01:28:29.902176 [INFO] manager          :: 
2026-08-15 01:28:29.902190 [INFO] manager          :: everest-framework 0.25.0-dev 2026.02.1
2026-08-15 01:28:29.902196 [INFO] manager          :: everest-core 2026.02.1-dev 2026.02.1
2026-08-15 01:28:29.902202 [INFO] manager          :: 
2026-08-15 01:28:29.902209 [INFO] manager          :: Using MQTT broker localhost:1883
2026-08-15 01:28:29.930524 [INFO] manager          :: Boot mode is set to YamlFile, loading module configs from YAML file
2026-08-15 01:28:29.930599 [INFO] manager          :: Loading config file at: /home/ahzf/everest/configs-ours/config-dc20-dynamic-reverse-ours.yaml
2026-08-15 01:28:30.069922 [INFO] manager          :: Config loading completed in 167ms
2026-08-15 01:28:30.075445 [INFO] manager          :: Starting 18 modules
2026-08-15 01:28:32.339817 [INFO] energy_manager:  :: Module energy_manager initialized [2221ms]
2026-08-15 01:28:32.340686 [INFO] ev_api:EvAPI     :: Module ev_api initialized [2221ms]
2026-08-15 01:28:32.340983 [INFO] api_sink:Energy  :: Module api_sink initialized [2231ms]
2026-08-15 01:28:32.343867 [INFO] error_history:E  :: Using database at "/tmp/error_history.db"
2026-08-15 01:28:32.344071 [INFO] error_history:E  :: Checking database
2026-08-15 01:28:32.346286 [INFO] api:API          :: Module api initialized [2237ms]
2026-08-15 01:28:32.349352 [INFO] imd:IMDSimulato  :: Module imd initialized [2202ms]
2026-08-15 01:28:32.350684 [INFO] error_history:E  :: Module error_history initialized [2231ms]
2026-08-15 01:28:32.352255 [INFO] grid_connection  :: Module grid_connection_point initialized [2213ms]
2026-08-15 01:28:32.354061 [INFO] ev_manager:EvMa  :: Module ev_manager initialized [2225ms]
2026-08-15 01:28:32.355609 [INFO] evse_security:E  :: Module evse_security initialized [2211ms]
2026-08-15 01:28:32.355940 [INFO] auth:Auth        :: Module auth initialized [2238ms]
2026-08-15 01:28:32.369397 [INFO] slac:SlacSimula  :: Module slac initialized [2207ms]
2026-08-15 01:28:32.376975 [INFO] powersupply_dc:  :: Module powersupply_dc initialized [2214ms]
2026-08-15 01:28:32.377759 [INFO] token_provider:  :: Module token_provider initialized [2208ms]
2026-08-15 01:28:32.381006 [INFO] iso15118_charge  :: Module iso15118_charger initialized [2219ms]
2026-08-15 01:28:32.386126 [INFO] evse_manager:Ev  :: Module evse_manager initialized [2239ms]
2026-08-15 01:28:32.395194 [INFO] token_validator  :: Module token_validator initialized [2221ms]
2026-08-15 01:28:32.400671 [INFO] yeti_driver:Yet  :: Module yeti_driver initialized [2225ms]
2026-08-15 01:28:32.998701 [INFO] iso15118_car     :: Module iso15118_car initialized [2210ms]
2026-08-15 01:28:33.042895 [INFO] manager          :: Clearing retained topics published by manager during startup
2026-08-15 01:28:33.043938 [INFO] manager          :: 🚙🚙🚙 All modules are initialized. EVerest up and running [3172ms] 🚙🚙🚙
2026-08-15 01:28:33.175383 [WARN] auth:Auth       void module::ReservationHandler::load_reservations() :: Can not load reservations because no storage was configured.
2026-08-15 01:28:33.558733 [INFO] evse_manager:Ev  :: Ignoring BSP Event, BSP is not enabled yet.
2026-08-15 01:28:33.695211 [INFO] evse_security:E  :: Requesting leaf certificate info: V2G
2026-08-15 01:28:33.699776 [INFO] evse_security:E  :: Found valid leaf: ["/home/ahzf/everest/dist/etc/everest/certs/client/cso/CPO_CERT_CHAIN.pem"]
2026-08-15 01:28:33.699853 [INFO] evse_security:E  :: Not requiring all valid leafs, returning
2026-08-15 01:28:33.743164 [INFO] evse_security:E  :: Requesting certificate file: [V2G] file:"/home/ahzf/everest/dist/etc/everest/certs/ca/v2g/V2G_ROOT_CA.pem"
2026-08-15 01:28:33.787167 [INFO] evse_security:E  :: Requesting certificate file: [MO] file:"/home/ahzf/everest/dist/etc/everest/certs/ca/mo/MO_ROOT_CA.pem"
2026-08-15 01:28:33.827262 [INFO] iso15118_charge  :: Using ethernet interface: lo
2026-08-15 01:28:33.827378 [INFO] iso15118_charge  :: Starting SDP server with address: ::
2026-08-15 01:28:33.966883 [INFO] evse_manager:Ev  :: Cleaning up any other transaction on start up
2026-08-15 01:28:34.103840 [INFO] evse_manager:Ev  :: 🌀🌀🌀 Ready to start charging 🌀🌀🌀
2026-08-15 01:28:37.492845 [INFO] evse_manager:Ev  :: SYS  Session logging started.
2026-08-15 01:28:37.493021 [INFO] evse_manager:Ev  :: EVSE IEC Session Started: EVConnected
2026-08-15 01:28:37.494754 [INFO] auth:Auth        :: Plug In event for evse#1, starting auth
2026-08-15 01:28:37.494761 [INFO] token_provider:  :: Publishing new dummy token: {
    "authorization_type": "RFID",
    "id_token": {
        "type": "ISO14443",
        "value": "[redacted] hash: CE55F71752B68164"
    },
    "parent_id_token": {
        "type": "ISO14443",
        "value": "[redacted] hash: CE55F71752B68164"
    }
}
2026-08-15 01:28:37.495718 [INFO] auth:Auth        :: Received new token: {
    "authorization_type": "RFID",
    "id_token": {
        "type": "ISO14443",
        "value": "[redacted] hash: CE55F71752B68164"
    },
    "parent_id_token": {
        "type": "ISO14443",
        "value": "[redacted] hash: CE55F71752B68164"
    }
}
2026-08-15 01:28:37.496999 [INFO] token_validator  :: Got validation request for token: [redacted] hash: CE55F71752B68164
2026-08-15 01:28:37.747183 [INFO] token_validator  :: Returning validation status: Accepted
2026-08-15 01:28:37.748516 [INFO] auth:Auth        :: Providing authorization to evse#1
2026-08-15 01:28:37.994542 [INFO] evse_manager:Ev  :: EVSE IEC Set PWM On (5.0%) took 0 ms
2026-08-15 01:28:38.138926 [INFO] evse_manager:Ev  :: EVSE IEC EIM Authorization received
2026-08-15 01:28:38.139953 [INFO] auth:Auth        :: Result for token: [redacted] hash: CE55F71752B68164: USED_TO_START_TRANSACTION
2026-08-15 01:28:38.226857 [INFO] evse_manager:Ev  :: EVSE IEC Transaction Started (0 kWh)
2026-08-15 01:28:38.227230 [INFO] evse_manager:Ev  :: EVSE IEC DC mode. We are in 5percent mode so we can continue without further action.
2026-08-15 01:28:38.227301 [INFO] evse_manager:Ev  :: EVSE IEC Charger state: Wait for Auth->PrepareCharging
2026-08-15 01:28:39.622674 [INFO] evse_manager:Ev  :: EVSE ISO SLAC MATCHED
2026-08-15 01:28:39.622726 [INFO] evse_manager:Ev  :: EVSE ISO D-LINK_READY (true)
2026-08-15 01:28:39.714001 [WARN] iso15118_car    pybind11_init_everestpy(pybind11::module_&)::<lambda(const std::string&)> :: The port 15118 does not match the mandatory UDP server port 15118.
2026-08-15 01:28:45.350585 [INFO] evse_manager:Ev  ::                                     CAR IEC Event CarRequestedPower
2026-08-15 01:29:04.727322 [INFO] evse_manager:Ev  ::                                     CAR IEC Event CarRequestedStopPower
2026-08-15 01:29:04.770781 [INFO] evse_manager:Ev  :: EVSE IEC Charger state: PrepareCharging->EVSE Paused
2026-08-15 01:29:04.771134 [INFO] evse_manager:Ev  :: EVSE IEC Set PWM Off
2026-08-15 01:29:04.855784 [INFO] evse_manager:Ev  :: EVSE ISO SLAC MATCHING
2026-08-15 01:29:04.855828 [INFO] evse_manager:Ev  :: EVSE IEC Charger state: EVSE Paused->PrepareCharging
2026-08-15 01:29:04.856491 [INFO] evse_manager:Ev  :: EVSE IEC Set PWM On (5.0%) took 0 ms
2026-08-15 01:29:13.478646 [INFO] ev_manager:EvMa  :: Finished simulation.
2026-08-15 01:29:13.862669 [INFO] evse_manager:Ev  :: EVSE ISO SLAC UNMATCHED
2026-08-15 01:29:13.862674 [INFO] evse_manager:Ev  :: EVSE ISO D-LINK_READY (false)
2026-08-15 01:29:13.910841 [INFO] evse_manager:Ev  ::                                     CAR IEC Event CarUnplugged
2026-08-15 01:29:13.911014 [INFO] evse_manager:Ev  :: EVSE IEC Stop in PrepareCharging: [EV unplugged]
2026-08-15 01:29:13.911110 [INFO] evse_manager:Ev  :: EVSE IEC Charger state: PrepareCharging->StoppingCharging
2026-08-15 01:29:13.911597 [INFO] evse_manager:Ev  :: EVSE IEC Set PWM Off
2026-08-15 01:29:13.958774 [INFO] evse_manager:Ev  :: EVSE IEC Charger state: StoppingCharging->Finished
2026-08-15 01:29:14.007872 [INFO] evse_manager:Ev  :: EVSE IEC Transaction Finished: EVDisconnected (0 kWh)
2026-08-15 01:29:14.186704 [INFO] evse_manager:Ev  :: EVSE IEC Session Finished
2026-08-15 01:29:14.186879 [INFO] evse_manager:Ev  :: SYS  Session logging stopped.
2026-08-15 01:29:14.230811 [INFO] evse_manager:Ev  :: All errors cleared
2026-08-15 01:29:14.230954 [INFO] evse_manager:Ev  :: All errors cleared
