2026-08-14 17:17:16.158275 [INFO] manager          ::   ________      __                _   
2026-08-14 17:17:16.158477 [INFO] manager          ::  |  ____\ \    / /               | |
2026-08-14 17:17:16.158486 [INFO] manager          ::  | |__   \ \  / /__ _ __ ___  ___| |_
2026-08-14 17:17:16.158492 [INFO] manager          ::  |  __|   \ \/ / _ \ '__/ _ \/ __| __|
2026-08-14 17:17:16.158498 [INFO] manager          ::  | |____   \  /  __/ | |  __/\__ \ |_
2026-08-14 17:17:16.158503 [INFO] manager          ::  |______|   \/ \___|_|  \___||___/\__|
2026-08-14 17:17:16.158509 [INFO] manager          :: 
2026-08-14 17:17:16.158514 [INFO] manager          :: everest-framework 0.25.0-dev 2026.02.1
2026-08-14 17:17:16.158520 [INFO] manager          :: everest-core 2026.02.1-dev 2026.02.1
2026-08-14 17:17:16.158527 [INFO] manager          :: 
2026-08-14 17:17:16.158533 [INFO] manager          :: Using MQTT broker localhost:1883
2026-08-14 17:17:16.181868 [INFO] manager          :: Boot mode is set to YamlFile, loading module configs from YAML file
2026-08-14 17:17:16.181920 [INFO] manager          :: Loading config file at: /home/ahzf/everest/configs-ours/config-dc20bpt-reverse-ours.yaml
2026-08-14 17:17:16.311023 [INFO] manager          :: Config loading completed in 152ms
2026-08-14 17:17:16.314055 [INFO] manager          :: Starting 18 modules
2026-08-14 17:17:18.547050 [INFO] api:API          :: Module api initialized [2200ms]
2026-08-14 17:17:18.551466 [INFO] api_sink:Energy  :: Module api_sink initialized [2200ms]
2026-08-14 17:17:18.569363 [INFO] auth:Auth        :: Module auth initialized [2208ms]
2026-08-14 17:17:18.570031 [INFO] ev_api:EvAPI     :: Module ev_api initialized [2199ms]
2026-08-14 17:17:18.570965 [INFO] evse_security:E  :: Module evse_security initialized [2179ms]
2026-08-14 17:17:18.571761 [INFO] ev_manager:EvMa  :: Module ev_manager initialized [2197ms]
2026-08-14 17:17:18.572202 [INFO] grid_connection  :: Module grid_connection_point initialized [2181ms]
2026-08-14 17:17:18.578433 [INFO] evse_manager:Ev  :: Module evse_manager initialized [2188ms]
2026-08-14 17:17:18.587204 [INFO] energy_manager:  :: Module energy_manager initialized [2225ms]
2026-08-14 17:17:18.589218 [INFO] imd:IMDSimulato  :: Module imd initialized [2195ms]
2026-08-14 17:17:18.589668 [INFO] error_history:E  :: Using database at "/tmp/error_history.db"
2026-08-14 17:17:18.589827 [INFO] error_history:E  :: Checking database
2026-08-14 17:17:18.592136 [INFO] error_history:E  :: Module error_history initialized [2225ms]
2026-08-14 17:17:18.615189 [INFO] token_validator  :: Module token_validator initialized [2185ms]
2026-08-14 17:17:18.618441 [INFO] yeti_driver:Yet  :: Module yeti_driver initialized [2186ms]
2026-08-14 17:17:18.624438 [INFO] slac:SlacSimula  :: Module slac initialized [2206ms]
2026-08-14 17:17:18.624616 [INFO] token_provider:  :: Module token_provider initialized [2199ms]
2026-08-14 17:17:18.635654 [INFO] powersupply_dc:  :: Module powersupply_dc initialized [2221ms]
2026-08-14 17:17:18.637681 [INFO] iso15118_charge  :: Module iso15118_charger initialized [2223ms]
2026-08-14 17:17:19.194011 [INFO] iso15118_car     :: Module iso15118_car initialized [2197ms]
2026-08-14 17:17:19.194779 [INFO] manager          :: Clearing retained topics published by manager during startup
2026-08-14 17:17:19.197909 [INFO] manager          :: 🚙🚙🚙 All modules are initialized. EVerest up and running [3050ms] 🚙🚙🚙
2026-08-14 17:17:19.387713 [WARN] auth:Auth       void module::ReservationHandler::load_reservations() :: Can not load reservations because no storage was configured.
2026-08-14 17:17:19.603975 [INFO] evse_security:E  :: Requesting leaf certificate info: V2G
2026-08-14 17:17:19.608336 [INFO] evse_security:E  :: Found valid leaf: ["/home/ahzf/everest/dist/etc/everest/certs/client/cso/CPO_CERT_CHAIN.pem"]
2026-08-14 17:17:19.608411 [INFO] evse_security:E  :: Not requiring all valid leafs, returning
2026-08-14 17:17:19.691526 [INFO] evse_security:E  :: Requesting certificate file: [V2G] file:"/home/ahzf/everest/dist/etc/everest/certs/ca/v2g/V2G_ROOT_CA.pem"
2026-08-14 17:17:19.710689 [INFO] evse_manager:Ev  :: Ignoring BSP Event, BSP is not enabled yet.
2026-08-14 17:17:19.736179 [INFO] evse_security:E  :: Requesting certificate file: [MO] file:"/home/ahzf/everest/dist/etc/everest/certs/ca/mo/MO_ROOT_CA.pem"
2026-08-14 17:17:19.778936 [INFO] iso15118_charge  :: Using ethernet interface: lo
2026-08-14 17:17:19.779008 [INFO] iso15118_charge  :: Starting SDP server with address: ::
2026-08-14 17:17:20.258816 [INFO] evse_manager:Ev  :: Cleaning up any other transaction on start up
2026-08-14 17:17:20.391663 [INFO] evse_manager:Ev  :: 🌀🌀🌀 Ready to start charging 🌀🌀🌀
2026-08-14 17:17:23.620026 [INFO] evse_manager:Ev  :: SYS  Session logging started.
2026-08-14 17:17:23.620188 [INFO] evse_manager:Ev  :: EVSE IEC Session Started: EVConnected
2026-08-14 17:17:23.621279 [INFO] auth:Auth        :: Plug In event for evse#1, starting auth
2026-08-14 17:17:23.621331 [INFO] token_provider:  :: Publishing new dummy token: {
    "authorization_type": "RFID",
    "id_token": {
        "type": "ISO14443",
        "value": "[redacted] hash: CE55F71752B68164"
    },
    "parent_id_token": {
        "type": "ISO14443",
        "value": "[redacted] hash: CE55F71752B68164"
    }
}
2026-08-14 17:17:23.622243 [INFO] auth:Auth        :: Received new token: {
    "authorization_type": "RFID",
    "id_token": {
        "type": "ISO14443",
        "value": "[redacted] hash: CE55F71752B68164"
    },
    "parent_id_token": {
        "type": "ISO14443",
        "value": "[redacted] hash: CE55F71752B68164"
    }
}
2026-08-14 17:17:23.667015 [INFO] token_validator  :: Got validation request for token: [redacted] hash: CE55F71752B68164
2026-08-14 17:17:23.917240 [INFO] token_validator  :: Returning validation status: Accepted
2026-08-14 17:17:23.918394 [INFO] auth:Auth        :: Providing authorization to evse#1
2026-08-14 17:17:24.121121 [INFO] evse_manager:Ev  :: EVSE IEC Set PWM On (5.0%) took 0 ms
2026-08-14 17:17:24.262930 [INFO] evse_manager:Ev  :: EVSE IEC EIM Authorization received
2026-08-14 17:17:24.263925 [INFO] auth:Auth        :: Result for token: [redacted] hash: CE55F71752B68164: USED_TO_START_TRANSACTION
2026-08-14 17:17:24.347621 [INFO] evse_manager:Ev  :: EVSE IEC Transaction Started (0 kWh)
2026-08-14 17:17:24.347997 [INFO] evse_manager:Ev  :: EVSE IEC DC mode. We are in 5percent mode so we can continue without further action.
2026-08-14 17:17:24.348137 [INFO] evse_manager:Ev  :: EVSE IEC Charger state: Wait for Auth->PrepareCharging
2026-08-14 17:17:25.774605 [INFO] evse_manager:Ev  :: EVSE ISO SLAC MATCHED
2026-08-14 17:17:25.774700 [INFO] evse_manager:Ev  :: EVSE ISO D-LINK_READY (true)
2026-08-14 17:17:25.885475 [WARN] iso15118_car    pybind11_init_everestpy(pybind11::module_&)::<lambda(const std::string&)> :: The port 15118 does not match the mandatory UDP server port 15118.
2026-08-14 17:17:31.502621 [INFO] evse_manager:Ev  ::                                     CAR IEC Event CarRequestedPower
2026-08-14 17:17:50.918801 [INFO] evse_manager:Ev  ::                                     CAR IEC Event CarRequestedStopPower
2026-08-14 17:17:50.962798 [INFO] evse_manager:Ev  :: EVSE IEC Charger state: PrepareCharging->EVSE Paused
2026-08-14 17:17:50.963191 [INFO] evse_manager:Ev  :: EVSE IEC Set PWM Off
2026-08-14 17:17:51.054804 [INFO] evse_manager:Ev  :: EVSE ISO SLAC MATCHING
2026-08-14 17:17:51.054835 [INFO] evse_manager:Ev  :: EVSE IEC Charger state: EVSE Paused->PrepareCharging
2026-08-14 17:17:51.055394 [INFO] evse_manager:Ev  :: EVSE IEC Set PWM On (5.0%) took 0 ms
2026-08-14 17:17:59.666661 [INFO] ev_manager:EvMa  :: Finished simulation.
2026-08-14 17:18:00.018884 [INFO] evse_manager:Ev  :: EVSE ISO D-LINK_READY (false)
2026-08-14 17:18:00.018884 [INFO] evse_manager:Ev  :: EVSE ISO SLAC UNMATCHED
2026-08-14 17:18:00.062828 [INFO] evse_manager:Ev  ::                                     CAR IEC Event CarUnplugged
2026-08-14 17:18:00.062996 [INFO] evse_manager:Ev  :: EVSE IEC Stop in PrepareCharging: [EV unplugged]
2026-08-14 17:18:00.063089 [INFO] evse_manager:Ev  :: EVSE IEC Charger state: PrepareCharging->StoppingCharging
2026-08-14 17:18:00.063558 [INFO] evse_manager:Ev  :: EVSE IEC Set PWM Off
2026-08-14 17:18:00.106693 [INFO] evse_manager:Ev  :: EVSE IEC Charger state: StoppingCharging->Finished
2026-08-14 17:18:00.150983 [INFO] evse_manager:Ev  :: EVSE IEC Transaction Finished: EVDisconnected (0 kWh)
2026-08-14 17:18:00.244158 [INFO] evse_manager:Ev  :: EVSE IEC Session Finished
2026-08-14 17:18:00.244295 [INFO] evse_manager:Ev  :: SYS  Session logging stopped.
2026-08-14 17:18:00.286722 [INFO] evse_manager:Ev  :: All errors cleared
2026-08-14 17:18:00.286863 [INFO] evse_manager:Ev  :: All errors cleared
