# Frames as recorded, per direction. Ordering within a direction is real;
# the two directions are not interleaved, because the recording has no timestamps.

## EV -> station: 225 byte(s), 8 frame(s)
[0] SupportedAppProtocolReq payloadType=0x8001 bytes=44
    01fe8001000000248000ebab9371d34b9b79d189a98989c1d191d191818999d26b9b3a232b30020000040040
[1] SessionSetupReq payloadType=0x8001 bytes=22
    01fe80010000000e8098004011d01801f7e81aae4400
[2] ServiceDiscoveryReq payloadType=0x8001 bytes=21
    01fe80010000000d809802328eb7d8342473c911b8
[3] PaymentServiceSelectionReq payloadType=0x8001 bytes=24
    01fe800100000010809802328eb7d8342473c91132001280
[4] AuthorizationReq payloadType=0x8001 bytes=21
    01fe80010000000d809802328eb7d8342473c91008
[5] ChargeParameterDiscoveryReq payloadType=0x8001 bytes=42
    01fe800100000022809802328eb7d8342473c910918002080000c60f4030210288800830ac1b020c0000
[6] PowerDeliveryReq payloadType=0x8001 bytes=29
    01fe800100000015809802328eb7d8342473c91150000000028a0522c0
[7] SessionStopReq payloadType=0x8001 bytes=22
    01fe80010000000e809802328eb7d8342473c911f000

## station -> EV: 218 byte(s), 8 frame(s)
[0] SupportedAppProtocolRes (OK_SuccessfulNegotiation) payloadType=0x8001 bytes=12
    01fe80010000000480400040
[1] SessionSetupRes (OK_NewSessionEstablished) payloadType=0x8001 bytes=38
    01fe80010000001e809802328eb7d8342473c911e0202d1114a905090ca914c410141f1f40a0
[2] ServiceDiscoveryRes (OK) payloadType=0x8001 bytes=31
    01fe800100000017809802328eb7d8342473c911c00008004011050c050248
[3] PaymentServiceSelectionRes (OK) payloadType=0x8001 bytes=22
    01fe80010000000e809802328eb7d8342473c9114000
[4] AuthorizationRes (OK) payloadType=0x8001 bytes=23
    01fe80010000000f809802328eb7d8342473c910100000
[5] ChargeParameterDiscoveryRes (OK) payloadType=0x8001 bytes=45
    01fe800100000025809802328eb7d8342473c910a00000000000240700c50f8550a80000006207300818604000
[6] PowerDeliveryRes (OK) payloadType=0x8001 bytes=25
    01fe800100000011809802328eb7d8342473c9116000000000
[7] SessionStopRes (OK) payloadType=0x8001 bytes=22
    01fe80010000000e809802328eb7d8342473c9120000
