# Frames as recorded, per direction. Ordering within a direction is real;
# the two directions are not interleaved, because the recording has no timestamps.

## EV -> station: 934 byte(s), 25 frame(s)
[0] SupportedAppProtocolReq payloadType=0x8001 bytes=44
    01fe8001000000248000ebab9371d34b9b79d189a98989c1d191d191818999d26b9b3a232b30020000040040
[1] SessionSetupReq payloadType=0x8001 bytes=22
    01fe80010000000e8098004011d01801f7e81d792800
[2] ServiceDiscoveryReq payloadType=0x8001 bytes=21
    01fe80010000000d80980238a1510f6383dc9cd1b8
[3] PaymentServiceSelectionReq payloadType=0x8001 bytes=24
    01fe80010000001080980238a1510f6383dc9cd132001280
[4] AuthorizationReq payloadType=0x8001 bytes=21
    01fe80010000000d80980238a1510f6383dc9cd008
[5] ChargeParameterDiscoveryReq payloadType=0x8001 bytes=41
    01fe80010000002180980238a1510f6383dc9cd0918002194000dc0830882711081e03e118c1685240
[6] CableCheckReq payloadType=0x8001 bytes=24
    01fe80010000001080980238a1510f6383dc9cd031001b80
[7] PreChargeReq payloadType=0x8001 bytes=32
    01fe80010000001880980238a1510f6383dc9cd171001b81081383804180a000
[8] PowerDeliveryReq payloadType=0x8001 bytes=33
    01fe80010000001980980238a1510f6383dc9cd150000000028a0dc28200371000
[9] CurrentDemandReq payloadType=0x8001 bytes=45
    01fe80010000002580980238a1510f6383dc9cd0d1001b810600001081e03e01061104e4020400022103c07c00
[10] CurrentDemandReq payloadType=0x8001 bytes=45
    01fe80010000002580980238a1510f6383dc9cd0d1001b810604801081e03e01061104e4020400022103c07c00
[11] CurrentDemandReq payloadType=0x8001 bytes=45
    01fe80010000002580980238a1510f6383dc9cd0d1001b810609c01081e03e01061104e4020400022103c07c00
[12] CurrentDemandReq payloadType=0x8001 bytes=45
    01fe80010000002580980238a1510f6383dc9cd0d1001b81060fc01081e03e01061104e4020400022103c07c00
[13] CurrentDemandReq payloadType=0x8001 bytes=46
    01fe80010000002680980238a1510f6383dc9cd0d1001b81061500201081e03e01061104e4020400022103c07c00
[14] CurrentDemandReq payloadType=0x8001 bytes=46
    01fe80010000002680980238a1510f6383dc9cd0d1001b81061a40201081e03e01061104e4020400022103c07c00
[15] CurrentDemandReq payloadType=0x8001 bytes=46
    01fe80010000002680980238a1510f6383dc9cd0d1001b81061040401081e03e01061104e4020400022103c07c00
[16] CurrentDemandReq payloadType=0x8001 bytes=46
    01fe80010000002680980238a1510f6383dc9cd0d1001b81061580401081e03e01061104e4020400022103c07c00
[17] CurrentDemandReq payloadType=0x8001 bytes=47
    01fe80010000002780980238a1510f6383dc9cd0d1001b81061580401081e03e01061104e402041280a22103c07c00
[18] CurrentDemandReq payloadType=0x8001 bytes=46
    01fe80010000002680980238a1510f6383dc9cd0d1001b81061580401081e03e01061104e4020400022103c07c00
[19] CurrentDemandReq payloadType=0x8001 bytes=46
    01fe80010000002680980238a1510f6383dc9cd0d1001b810611c0401081e03e01061104e4020400022103c07c00
[20] CurrentDemandReq payloadType=0x8001 bytes=45
    01fe80010000002580980238a1510f6383dc9cd0d1001b810607801081e03e01061104e4020400022103c07c00
[21] CurrentDemandReq payloadType=0x8001 bytes=45
    01fe80010000002580980238a1510f6383dc9cd0d1001b810600001081e03e01061104e4020400022103c07c00
[22] PowerDeliveryReq payloadType=0x8001 bytes=33
    01fe80010000001980980238a1510f6383dc9cd151000000028a0dc28200371000
[23] WeldingDetectionReq payloadType=0x8001 bytes=24
    01fe80010000001080980238a1510f6383dc9cd210001b80
[24] SessionStopReq payloadType=0x8001 bytes=22
    01fe80010000000e80980238a1510f6383dc9cd1f000

## station -> EV: 958 byte(s), 25 frame(s)
[0] SupportedAppProtocolRes (OK_SuccessfulNegotiation) payloadType=0x8001 bytes=12
    01fe80010000000480400040
[1] SessionSetupRes (OK_NewSessionEstablished) payloadType=0x8001 bytes=38
    01fe80010000001e80980238a1510f6383dc9cd1e0202d1114a905090ca914c410141f1f40a0
[2] ServiceDiscoveryRes (OK) payloadType=0x8001 bytes=31
    01fe80010000001780980238a1510f6383dc9cd1c00008004011110c050648
[3] PaymentServiceSelectionRes (OK) payloadType=0x8001 bytes=22
    01fe80010000000e80980238a1510f6383dc9cd14000
[4] AuthorizationRes (OK) payloadType=0x8001 bytes=23
    01fe80010000000f80980238a1510f6383dc9cd0100000
[5] ChargeParameterDiscoveryRes (OK) payloadType=0x8001 bytes=62
    01fe80010000003680980238a1510f6383dc9cd0a00000000000240700c50f8550aa00004206186400820a130ea06207a0181860000620640088c3001100
[6] CableCheckRes (OK) payloadType=0x8001 bytes=26
    01fe80010000001280980238a1510f6383dc9cd0400000021000
[7] PreChargeRes (OK) payloadType=0x8001 bytes=30
    01fe80010000001680980238a1510f6383dc9cd180000002103102180c00
[8] PowerDeliveryRes (OK) payloadType=0x8001 bytes=26
    01fe80010000001280980238a1510f6383dc9cd1600400010800
[9] CurrentDemandRes (OK) payloadType=0x8001 bytes=47
    01fe80010000002780980238a1510f6383dc9cd0e0000002103102400c0c3078000182d1114a905090ca914c400200
[10] CurrentDemandRes (OK) payloadType=0x8001 bytes=47
    01fe80010000002780980238a1510f6383dc9cd0e0000002103102400c0c3078000182d1114a905090ca914c400200
[11] CurrentDemandRes (OK) payloadType=0x8001 bytes=47
    01fe80010000002780980238a1510f6383dc9cd0e0000002103102400c0c3078000182d1114a905090ca914c400200
[12] CurrentDemandRes (OK) payloadType=0x8001 bytes=47
    01fe80010000002780980238a1510f6383dc9cd0e0000002103102400c0c3078000182d1114a905090ca914c400200
[13] CurrentDemandRes (OK) payloadType=0x8001 bytes=47
    01fe80010000002780980238a1510f6383dc9cd0e0000002103102400c0c3078000182d1114a905090ca914c400200
[14] CurrentDemandRes (OK) payloadType=0x8001 bytes=47
    01fe80010000002780980238a1510f6383dc9cd0e0000002103102400c0c3078000182d1114a905090ca914c400200
[15] CurrentDemandRes (OK) payloadType=0x8001 bytes=47
    01fe80010000002780980238a1510f6383dc9cd0e0000002103102400c0c3078000182d1114a905090ca914c400200
[16] CurrentDemandRes (OK) payloadType=0x8001 bytes=47
    01fe80010000002780980238a1510f6383dc9cd0e0000002103102400c0c3078000182d1114a905090ca914c400200
[17] CurrentDemandRes (OK) payloadType=0x8001 bytes=47
    01fe80010000002780980238a1510f6383dc9cd0e0000002103102400c0c3078000182d1114a905090ca914c400200
[18] CurrentDemandRes (OK) payloadType=0x8001 bytes=47
    01fe80010000002780980238a1510f6383dc9cd0e0000002103102400c0c3078000182d1114a905090ca914c400200
[19] CurrentDemandRes (OK) payloadType=0x8001 bytes=47
    01fe80010000002780980238a1510f6383dc9cd0e0000002103102400c0c3078000182d1114a905090ca914c400200
[20] CurrentDemandRes (OK) payloadType=0x8001 bytes=47
    01fe80010000002780980238a1510f6383dc9cd0e0000002103102400c0c3078000182d1114a905090ca914c400200
[21] CurrentDemandRes (OK) payloadType=0x8001 bytes=47
    01fe80010000002780980238a1510f6383dc9cd0e0000002103102400c0c3078000182d1114a905090ca914c400200
[22] PowerDeliveryRes (OK) payloadType=0x8001 bytes=26
    01fe80010000001280980238a1510f6383dc9cd1600400010800
[23] WeldingDetectionRes (OK) payloadType=0x8001 bytes=29
    01fe80010000001580980238a1510f6383dc9cd2200000021031001400
[24] SessionStopRes (OK) payloadType=0x8001 bytes=22
    01fe80010000000e80980238a1510f6383dc9cd20000
