# Frames as recorded, per direction. Ordering within a direction is real;
# the two directions are not interleaved, because the recording has no timestamps.

## EV -> station: 421 byte(s), 13 frame(s)
[0] SupportedAppProtocolReq payloadType=0x8001 bytes=45
    01fe8001000000258000f3ab9371d34b9b79d39ba321d34b9b79d189a98989c1d1699181d22218010000040040
[1] SessionSetupReq payloadType=0x8002 bytes=33
    01fe800200000019808c0400000000000000000ecfab8d30620422ab21a1981880
[2] AuthorizationSetupReq payloadType=0x8002 bytes=25
    01fe8002000000118008041b9c1c1c9c1b9b1a8ecfab8d3062
[3] AuthorizationReq payloadType=0x8002 bytes=26
    01fe8002000000128000041b9c1c1c9c1b9b1a8ecfab8d306200
[4] ServiceDiscoveryReq payloadType=0x8002 bytes=26
    01fe800200000012807c041b9c1c1c9c1b9b1a8ecfab8d306280
[5] ServiceDetailReq payloadType=0x8002 bytes=27
    01fe8002000000138074041b9c1c1c9c1b9b1a8ecfab8d30620100
[6] ServiceSelectionReq payloadType=0x8002 bytes=29
    01fe8002000000158084041b9c1c1c9c1b9b1a8ecfab8d306200800880
[7] DC_ChargeParameterDiscoveryReq payloadType=0x8004 bytes=49
    01fe800400000029803c041b9c1c1c9c1b9b1a8ecfab8d3062881088270400000200320041000000800f40304001902800
[8] ScheduleExchangeReq payloadType=0x8002 bytes=28
    01fe800200000014806c041b9c1c1c9c1b9b1a8ecfab8d3062000680
[9] DC_CableCheckReq payloadType=0x8004 bytes=25
    01fe800400000011802c041b9c1c1c9c1b9b1a8ecfab8d3062
[10] DC_PreChargeReq payloadType=0x8004 bytes=33
    01fe8004000000198044041b9c1c1c9c1b9b1a8ecfab8d30620100000080090030
[11] PowerDeliveryReq payloadType=0x8002 bytes=37
    01fe80020000001d8054041b9c1c1c9c1b9b1a8ecfab8d306200000100420480e041805124
[12] DC_ChargeLoopReq payloadType=0x8004 bytes=38
    01fe80040000001e8034041b9c1c1c9c1b9b1a8ecfab8d3062810012006464003c02002400ca

## station -> EV: 411 byte(s), 12 frame(s)
[0] SupportedAppProtocolRes (OK_SuccessfulNegotiation) payloadType=0x8001 bytes=12
    01fe80010000000480400040
[1] SessionSetupRes (OK_NewSessionEstablished) payloadType=0x8002 bytes=36
    01fe80020000001c8090041b9c1c1c9c1b9b1a8ecfab8d3062040296968c0c0c0c0c0c00
[2] AuthorizationSetupRes (OK) payloadType=0x8002 bytes=28
    01fe800200000014800c041b9c1c1c9c1b9b1a8ecfab8d3062000400
[3] AuthorizationRes (OK) payloadType=0x8002 bytes=27
    01fe8002000000138004041b9c1c1c9c1b9b1a8ecfab8d30620000
[4] ServiceDiscoveryRes (OK) payloadType=0x8002 bytes=30
    01fe8002000000168080041b9c1c1c9c1b9b1a8ecfab8d30620000020140
[5] ServiceDetailRes (OK) payloadType=0x8002 bytes=87
    01fe80020000004f8078041b9c1c1c9c1b9b1a8ecfab8d30620000800202d0dbdb9b9958dd1bdc980400d436f6e74726f6c4d6f6465601004d35bd89a5b1a5d1e539959591cd35bd919580400950726963696e676000a0
[6] ServiceSelectionRes (OK) payloadType=0x8002 bytes=27
    01fe8002000000138088041b9c1c1c9c1b9b1a8ecfab8d30620000
[7] DC_ChargeParameterDiscoveryRes (OK) payloadType=0x8004 bytes=50
    01fe80040000002a8040041b9c1c1c9c1b9b1a8ecfab8d30620044180582003d00c10005807d0ecd60104100202003e80440
[8] ScheduleExchangeRes (OK) payloadType=0x8002 bytes=29
    01fe8002000000158070041b9c1c1c9c1b9b1a8ecfab8d306200020008
[9] DC_CableCheckRes (FAILED) payloadType=0x8004 bytes=27
    01fe8004000000138030041b9c1c1c9c1b9b1a8ecfab8d30622a00
[10] DC_PreChargeRes (OK) payloadType=0x8004 bytes=31
    01fe8004000000178048041b9c1c1c9c1b9b1a8ecfab8d3062001001200600
[11] PowerDeliveryRes (OK) payloadType=0x8002 bytes=27
    01fe8002000000138058041b9c1c1c9c1b9b1a8ecfab8d30620040
