2026-08-14 17:18:26.656198 [INFO] manager          ::   ________      __                _   
2026-08-14 17:18:26.656375 [INFO] manager          ::  |  ____\ \    / /               | |
2026-08-14 17:18:26.656384 [INFO] manager          ::  | |__   \ \  / /__ _ __ ___  ___| |_
2026-08-14 17:18:26.656390 [INFO] manager          ::  |  __|   \ \/ / _ \ '__/ _ \/ __| __|
2026-08-14 17:18:26.656396 [INFO] manager          ::  | |____   \  /  __/ | |  __/\__ \ |_
2026-08-14 17:18:26.656402 [INFO] manager          ::  |______|   \/ \___|_|  \___||___/\__|
2026-08-14 17:18:26.656407 [INFO] manager          :: 
2026-08-14 17:18:26.656413 [INFO] manager          :: everest-framework 0.25.0-dev 2026.02.1
2026-08-14 17:18:26.656419 [INFO] manager          :: everest-core 2026.02.1-dev 2026.02.1
2026-08-14 17:18:26.656425 [INFO] manager          :: 
2026-08-14 17:18:26.656431 [INFO] manager          :: Using MQTT broker localhost:1883
2026-08-14 17:18:26.676033 [INFO] manager          :: Boot mode is set to YamlFile, loading module configs from YAML file
2026-08-14 17:18:26.676081 [INFO] manager          :: Loading config file at: /home/ahzf/everest/configs-ours/config-dc20bpt-reverse-ours.yaml
2026-08-14 17:18:26.793862 [INFO] manager          :: Config loading completed in 137ms
2026-08-14 17:18:26.795693 [INFO] manager          :: Starting 18 modules
2026-08-14 17:18:29.022339 [INFO] auth:Auth        :: Module auth initialized [2199ms]
2026-08-14 17:18:29.022499 [INFO] api:API          :: Module api initialized [2203ms]
2026-08-14 17:18:29.026771 [INFO] imd:IMDSimulato  :: Module imd initialized [2195ms]
2026-08-14 17:18:29.027799 [INFO] grid_connection  :: Module grid_connection_point initialized [2197ms]
2026-08-14 17:18:29.027827 [WARN] evse_security:E evse_security::EvseSecurity::EvseSecurity(const evse_security::FilePaths&, const std::optional<std::__cxx11::basic_string<char> >&, const std::optional<long unsigned int>&, const std::optional<long unsigned int>&, const std::optional<std::chrono::duration<long int> >&, const std::optional<std::chrono::duration<long int> >&) :: Could not find configured CSMS bundle file at: /home/ahzf/everest/dist/etc/everest/certs/ca/csms/CSMS_ROOT_CA.pem, creating default!
2026-08-14 17:18:29.028132 [WARN] evse_security:E evse_security::EvseSecurity::EvseSecurity(const evse_security::FilePaths&, const std::optional<std::__cxx11::basic_string<char> >&, const std::optional<long unsigned int>&, const std::optional<long unsigned int>&, const std::optional<std::chrono::duration<long int> >&, const std::optional<std::chrono::duration<long int> >&) :: Could not find configured MF bundle file at: /home/ahzf/everest/dist/etc/everest/certs/ca/mf/MF_ROOT_CA.pem, creating default!
2026-08-14 17:18:29.028253 [INFO] evse_security:E  :: Module evse_security initialized [2199ms]
2026-08-14 17:18:29.039524 [INFO] ev_api:EvAPI     :: Module ev_api initialized [2214ms]
2026-08-14 17:18:29.039811 [INFO] api_sink:Energy  :: Module api_sink initialized [2219ms]
2026-08-14 17:18:29.041428 [INFO] error_history:E  :: Using database at "/tmp/error_history.db"
2026-08-14 17:18:29.041561 [INFO] error_history:E  :: Checking database
2026-08-14 17:18:29.041856 [INFO] ev_manager:EvMa  :: Module ev_manager initialized [2216ms]
2026-08-14 17:18:29.042711 [INFO] evse_manager:Ev  :: Module evse_manager initialized [2213ms]
2026-08-14 17:18:29.043202 [INFO] error_history:E  :: Module error_history initialized [2220ms]
2026-08-14 17:18:29.055102 [INFO] token_validator  :: Module token_validator initialized [2216ms]
2026-08-14 17:18:29.055630 [INFO] powersupply_dc:  :: Module powersupply_dc initialized [2222ms]
2026-08-14 17:18:29.056702 [INFO] slac:SlacSimula  :: Module slac initialized [2222ms]
2026-08-14 17:18:29.057248 [INFO] token_provider:  :: Module token_provider initialized [2219ms]
2026-08-14 17:18:29.057880 [INFO] iso15118_charge  :: Module iso15118_charger initialized [2221ms]
2026-08-14 17:18:29.057920 [INFO] yeti_driver:Yet  :: Module yeti_driver initialized [2219ms]
2026-08-14 17:18:29.083097 [INFO] energy_manager:  :: Module energy_manager initialized [2262ms]
2026-08-14 17:18:29.454385 [INFO] iso15118_car     :: Module iso15118_car initialized [2202ms]
2026-08-14 17:18:29.498829 [INFO] manager          :: Clearing retained topics published by manager during startup
2026-08-14 17:18:29.500370 [INFO] manager          :: 🚙🚙🚙 All modules are initialized. EVerest up and running [2849ms] 🚙🚙🚙
2026-08-14 17:18:29.643856 [WARN] auth:Auth       void module::ReservationHandler::load_reservations() :: Can not load reservations because no storage was configured.
2026-08-14 17:18:30.006621 [INFO] evse_manager:Ev  :: Ignoring BSP Event, BSP is not enabled yet.
2026-08-14 17:18:30.103507 [INFO] evse_security:E  :: Requesting leaf certificate info: V2G
2026-08-14 17:18:30.107374 [INFO] evse_security:E  :: Found valid leaf: ["/home/ahzf/everest/dist/etc/everest/certs/client/cso/CPO_CERT_CHAIN.pem"]
2026-08-14 17:18:30.107491 [INFO] evse_security:E  :: Not requiring all valid leafs, returning
2026-08-14 17:18:30.191350 [INFO] evse_security:E  :: Requesting certificate file: [V2G] file:"/home/ahzf/everest/dist/etc/everest/certs/ca/v2g/V2G_ROOT_CA.pem"
2026-08-14 17:18:30.236011 [INFO] evse_security:E  :: Requesting certificate file: [MO] file:"/home/ahzf/everest/dist/etc/everest/certs/ca/mo/MO_ROOT_CA.pem"
2026-08-14 17:18:30.278862 [INFO] iso15118_charge  :: Using ethernet interface: lo
2026-08-14 17:18:30.278933 [INFO] iso15118_charge  :: Starting SDP server with address: ::
2026-08-14 17:18:30.646808 [INFO] evse_manager:Ev  :: Cleaning up any other transaction on start up
2026-08-14 17:18:30.783727 [INFO] evse_manager:Ev  :: 🌀🌀🌀 Ready to start charging 🌀🌀🌀
2026-08-14 17:18:33.656541 [INFO] evse_manager:Ev  :: SYS  Session logging started.
2026-08-14 17:18:33.656681 [INFO] evse_manager:Ev  :: EVSE IEC Session Started: EVConnected
2026-08-14 17:18:33.657710 [INFO] auth:Auth        :: Plug In event for evse#1, starting auth
2026-08-14 17:18:33.657700 [INFO] token_provider:  :: Publishing new dummy token: {
    "authorization_type": "RFID",
    "id_token": {
        "type": "ISO14443",
        "value": "[redacted] hash: CE55F71752B68164"
    },
    "parent_id_token": {
        "type": "ISO14443",
        "value": "[redacted] hash: CE55F71752B68164"
    }
}
2026-08-14 17:18:33.658597 [INFO] auth:Auth        :: Received new token: {
    "authorization_type": "RFID",
    "id_token": {
        "type": "ISO14443",
        "value": "[redacted] hash: CE55F71752B68164"
    },
    "parent_id_token": {
        "type": "ISO14443",
        "value": "[redacted] hash: CE55F71752B68164"
    }
}
2026-08-14 17:18:33.659834 [INFO] token_validator  :: Got validation request for token: [redacted] hash: CE55F71752B68164
2026-08-14 17:18:33.910007 [INFO] token_validator  :: Returning validation status: Accepted
2026-08-14 17:18:33.911292 [INFO] auth:Auth        :: Providing authorization to evse#1
2026-08-14 17:18:34.157474 [INFO] evse_manager:Ev  :: EVSE IEC Set PWM On (5.0%) took 0 ms
2026-08-14 17:18:34.342810 [INFO] evse_manager:Ev  :: EVSE IEC EIM Authorization received
2026-08-14 17:18:34.343813 [INFO] auth:Auth        :: Result for token: [redacted] hash: CE55F71752B68164: USED_TO_START_TRANSACTION
2026-08-14 17:18:34.391675 [INFO] evse_manager:Ev  :: EVSE IEC Transaction Started (0 kWh)
2026-08-14 17:18:34.392055 [INFO] evse_manager:Ev  :: EVSE IEC DC mode. We are in 5percent mode so we can continue without further action.
2026-08-14 17:18:34.392202 [INFO] evse_manager:Ev  :: EVSE IEC Charger state: Wait for Auth->PrepareCharging
2026-08-14 17:18:35.798974 [INFO] evse_manager:Ev  :: EVSE ISO SLAC MATCHED
2026-08-14 17:18:35.798974 [INFO] evse_manager:Ev  :: EVSE ISO D-LINK_READY (true)
2026-08-14 17:18:36.057344 [WARN] iso15118_car    pybind11_init_everestpy(pybind11::module_&)::<lambda(const std::string&)> :: The port 15118 does not match the mandatory UDP server port 15118.
2026-08-14 17:18:41.553039 [INFO] evse_manager:Ev  ::                                     CAR IEC Event CarRequestedPower
2026-08-14 17:19:00.958823 [INFO] evse_manager:Ev  ::                                     CAR IEC Event CarRequestedStopPower
2026-08-14 17:19:01.002681 [INFO] evse_manager:Ev  :: EVSE IEC Charger state: PrepareCharging->EVSE Paused
2026-08-14 17:19:01.003070 [INFO] evse_manager:Ev  :: EVSE IEC Set PWM Off
2026-08-14 17:19:01.094772 [INFO] evse_manager:Ev  :: EVSE ISO SLAC MATCHING
2026-08-14 17:19:01.094844 [INFO] evse_manager:Ev  :: EVSE IEC Charger state: EVSE Paused->PrepareCharging
2026-08-14 17:19:01.095314 [INFO] evse_manager:Ev  :: EVSE IEC Set PWM On (5.0%) took 0 ms
2026-08-14 17:19:09.574776 [INFO] ev_manager:EvMa  :: Finished simulation.
2026-08-14 17:19:09.826726 [INFO] evse_manager:Ev  :: EVSE ISO SLAC UNMATCHED
2026-08-14 17:19:09.826740 [INFO] evse_manager:Ev  :: EVSE ISO D-LINK_READY (false)
2026-08-14 17:19:09.870829 [INFO] evse_manager:Ev  ::                                     CAR IEC Event CarUnplugged
2026-08-14 17:19:09.870997 [INFO] evse_manager:Ev  :: EVSE IEC Stop in PrepareCharging: [EV unplugged]
2026-08-14 17:19:09.871117 [INFO] evse_manager:Ev  :: EVSE IEC Charger state: PrepareCharging->StoppingCharging
2026-08-14 17:19:09.871534 [INFO] evse_manager:Ev  :: EVSE IEC Set PWM Off
2026-08-14 17:19:09.914740 [INFO] evse_manager:Ev  :: EVSE IEC Charger state: StoppingCharging->Finished
2026-08-14 17:19:09.958990 [INFO] evse_manager:Ev  :: EVSE IEC Transaction Finished: EVDisconnected (0 kWh)
2026-08-14 17:19:10.094767 [INFO] evse_manager:Ev  :: EVSE IEC Session Finished
2026-08-14 17:19:10.094891 [INFO] evse_manager:Ev  :: SYS  Session logging stopped.
2026-08-14 17:19:10.139570 [INFO] evse_manager:Ev  :: All errors cleared
2026-08-14 17:19:10.139706 [INFO] evse_manager:Ev  :: All errors cleared
