searching all 2^32 mt19937 seeds for 49 SessionID(s)
threads: 16
  RECOVERED D3760BB5DA9E3DCE  <- mt19937 seed 0x03f4644f
  RECOVERED B477E13D7C7F2DED  <- mt19937 seed 0x096d0f3a
  RECOVERED DA70ACE0D2D25596  <- mt19937 seed 0x0b1bd639
  RECOVERED C082691821183314  <- mt19937 seed 0x12bedf92
  RECOVERED 987BD555B94FD1A6  <- mt19937 seed 0x0c43d27f
  RECOVERED C8112993FD13663B  <- mt19937 seed 0x165a868c
  RECOVERED 4F00AFA7029F8CFB  <- mt19937 seed 0x276f9d1d
  RECOVERED 4E5CE837A3B0296C  <- mt19937 seed 0x27698af4
  RECOVERED 873A0C955E545319  <- mt19937 seed 0x394cc636
  RECOVERED 25E3265CC5F013C3  <- mt19937 seed 0x3090e1c5
  RECOVERED 1AE81997E39F0091  <- mt19937 seed 0x386a04fa
  RECOVERED 52419B82EEE39D32  <- mt19937 seed 0x38ba20ab
  RECOVERED 1839D16BD9B81FD8  <- mt19937 seed 0x4f3470b7
  RECOVERED F6FE4912DB3ECCC6  <- mt19937 seed 0x5abdbf08
  RECOVERED 8F825AE13202B38F  <- mt19937 seed 0x51f10164
  RECOVERED 729480761B9AB095  <- mt19937 seed 0x553e47bc
  RECOVERED EF83134FABE5E365  <- mt19937 seed 0x5958367c
  RECOVERED 34532E7E6EA4C26C  <- mt19937 seed 0x5720ae34
  RECOVERED A0F3F5D291E415DF  <- mt19937 seed 0x5d77aed5
  RECOVERED C2B92F49573CF35A  <- mt19937 seed 0x5c7e6fe4
  RECOVERED 552ACFF42CBDE28E  <- mt19937 seed 0x67b643d4
  RECOVERED 1BF7F1F9DC630240  <- mt19937 seed 0x6bda76f4
  RECOVERED 2B1217C0F3F9F02C  <- mt19937 seed 0x6641a5cd
  RECOVERED 930C5835D1FFC4ED  <- mt19937 seed 0x7cbf8acc
  RECOVERED 985DDEFA75DF46A7  <- mt19937 seed 0x884d2710
  RECOVERED F4C6FEC155CC2194  <- mt19937 seed 0xa64257e0
  RECOVERED CD65AF75C7073756  <- mt19937 seed 0x98fd7f44
  RECOVERED C50C788574E1265B  <- mt19937 seed 0xb1b6c699
  RECOVERED 972911021F592E32  <- mt19937 seed 0xb70f42fc
  RECOVERED 167A43CA6395F838  <- mt19937 seed 0x87aa7b53
  RECOVERED 8A0D6F7B8CE9C155  <- mt19937 seed 0xa623b17d
  RECOVERED 653AD0B3F4F48BD3  <- mt19937 seed 0xa0a066f1
  RECOVERED CB580C977A437291  <- mt19937 seed 0xaf97730e
  RECOVERED DA42FB01CBAF080F  <- mt19937 seed 0x9237d9d6
  RECOVERED 58EDFF0CEC6FCCC9  <- mt19937 seed 0xcd2baff7
  RECOVERED 21AEA42BAF4CD3F6  <- mt19937 seed 0xba7162ae
  RECOVERED DDC2953EE35753AB  <- mt19937 seed 0xccee602f
  RECOVERED 0EB582B3073696BB  <- mt19937 seed 0xd7906a65
  RECOVERED AE7BDB72E7FB8DA1  <- mt19937 seed 0xc2aba14e
  RECOVERED 1032B1B2D609F3EA  <- mt19937 seed 0xe3a3def5
  RECOVERED 312FD636C52184BC  <- mt19937 seed 0xe4a5016c
  RECOVERED 3D8005E20582757E  <- mt19937 seed 0xcb53e35e
  RECOVERED D9634AC10B9612CA  <- mt19937 seed 0xd31a137d
  RECOVERED C6CC08CD07FC883B  <- mt19937 seed 0xf0d0c6cd
  RECOVERED 5155F4866C92D986  <- mt19937 seed 0xe039b416
  RECOVERED 76F4890363AF2858  <- mt19937 seed 0xdac81e3b
  RECOVERED C6A717C950C5E585  <- mt19937 seed 0xe576b456
  RECOVERED 5053127DA8F6BEA0  <- mt19937 seed 0xee25dcea
  RECOVERED 62A98E1503949A9F  <- mt19937 seed 0xf55a388b

searched 2^32 seeds in 639.0 s
recovered 49 of 49 SessionID(s)
