2026-08-10 19:24:53.846104 [INFO] manager          ::   ________      __                _   
2026-08-10 19:24:53.846281 [INFO] manager          ::  |  ____\ \    / /               | |
2026-08-10 19:24:53.846290 [INFO] manager          ::  | |__   \ \  / /__ _ __ ___  ___| |_
2026-08-10 19:24:53.846296 [INFO] manager          ::  |  __|   \ \/ / _ \ '__/ _ \/ __| __|
2026-08-10 19:24:53.846302 [INFO] manager          ::  | |____   \  /  __/ | |  __/\__ \ |_
2026-08-10 19:24:53.846307 [INFO] manager          ::  |______|   \/ \___|_|  \___||___/\__|
2026-08-10 19:24:53.846313 [INFO] manager          :: 
2026-08-10 19:24:53.846318 [INFO] manager          :: everest-framework 0.25.0-dev 2026.02.1
2026-08-10 19:24:53.846324 [INFO] manager          :: everest-core 2026.02.1-dev 2026.02.1
2026-08-10 19:24:53.846330 [INFO] manager          :: 
2026-08-10 19:24:53.846336 [INFO] manager          :: Using MQTT broker localhost:1883
2026-08-10 19:24:53.866841 [INFO] manager          :: Boot mode is set to YamlFile, loading module configs from YAML file
2026-08-10 19:24:53.866902 [INFO] manager          :: Loading config file at: /home/ahzf/everest/configs-ours/config-d20-ours.yaml
2026-08-10 19:24:53.997371 [INFO] manager          :: Config loading completed in 151ms
2026-08-10 19:24:53.999762 [INFO] manager          :: Starting 18 modules
2026-08-10 19:24:56.232954 [INFO] error_history:E  :: Using database at "/tmp/error_history.db"
2026-08-10 19:24:56.233148 [INFO] error_history:E  :: Checking database
2026-08-10 19:24:56.233694 [INFO] auth:Auth        :: Module auth initialized [2208ms]
2026-08-10 19:24:56.234163 [INFO] error_history:E  :: Module error_history initialized [2207ms]
2026-08-10 19:24:56.245059 [INFO] evse_manager:Ev  :: Module evse_manager initialized [2211ms]
2026-08-10 19:24:56.250600 [INFO] token_validator  :: Module token_validator initialized [2207ms]
2026-08-10 19:24:56.253647 [INFO] energy_manager:  :: Module energy_manager initialized [2226ms]
2026-08-10 19:24:56.255417 [INFO] powersupply_dc:  :: Module powersupply_dc initialized [2215ms]
2026-08-10 19:24:56.255551 [INFO] ev_api:EvAPI     :: Module ev_api initialized [2228ms]
2026-08-10 19:24:56.255640 [INFO] yeti_driver:Yet  :: Module yeti_driver initialized [2212ms]
2026-08-10 19:24:56.255715 [INFO] api_sink:Energy  :: Module api_sink initialized [2232ms]
2026-08-10 19:24:56.256439 [INFO] evse_security:E  :: Module evse_security initialized [2222ms]
2026-08-10 19:24:56.257059 [INFO] ev_manager:EvMa  :: Module ev_manager initialized [2226ms]
2026-08-10 19:24:56.259949 [INFO] iso15118_charge  :: Module iso15118_charger initialized [2220ms]2026-08-10 19:24:56.259949 [INFO] slac:SlacSimula  :: Module slac initialized [2221ms]
2026-08-10 19:24:56.261534 [INFO] token_provider:  :: Module token_provider initialized [2217ms]
2026-08-10 19:24:56.263785 [INFO] api:API          :: Module api initialized [2240ms]
2026-08-10 19:24:56.282902 [INFO] imd:IMDSimulato  :: Module imd initialized [2249ms]
2026-08-10 19:24:56.283502 [INFO] grid_connection  :: Module grid_connection_point initialized [2249ms]
2026-08-10 19:24:56.621840 [INFO] iso15118_car     :: Module iso15118_car initialized [2192ms]
2026-08-10 19:24:56.669975 [INFO] manager          :: Clearing retained topics published by manager during startup
2026-08-10 19:24:56.671491 [INFO] manager          :: 🚙🚙🚙 All modules are initialized. EVerest up and running [2831ms] 🚙🚙🚙
2026-08-10 19:24:56.942278 [WARN] auth:Auth       void module::ReservationHandler::load_reservations() :: Can not load reservations because no storage was configured.
2026-08-10 19:24:57.209678 [INFO] evse_manager:Ev  :: Ignoring BSP Event, BSP is not enabled yet.
2026-08-10 19:24:57.518148 [INFO] evse_security:E  :: Requesting leaf certificate info: V2G
2026-08-10 19:24:57.521991 [INFO] evse_security:E  :: Found valid leaf: ["/home/ahzf/everest/dist/etc/everest/certs/client/cso/CPO_CERT_CHAIN.pem"]
2026-08-10 19:24:57.522077 [INFO] evse_security:E  :: Not requiring all valid leafs, returning
2026-08-10 19:24:57.606240 [INFO] evse_security:E  :: Requesting certificate file: [V2G] file:"/home/ahzf/everest/dist/etc/everest/certs/ca/v2g/V2G_ROOT_CA.pem"
2026-08-10 19:24:57.650887 [INFO] evse_security:E  :: Requesting certificate file: [MO] file:"/home/ahzf/everest/dist/etc/everest/certs/ca/mo/MO_ROOT_CA.pem"
2026-08-10 19:24:57.697938 [INFO] iso15118_charge  :: Using ethernet interface: eth0
2026-08-10 19:24:57.698015 [INFO] iso15118_charge  :: Starting SDP server with address: ::
2026-08-10 19:24:57.929799 [INFO] evse_manager:Ev  :: Cleaning up any other transaction on start up
2026-08-10 19:24:58.066426 [INFO] evse_manager:Ev  :: 🌀🌀🌀 Ready to start charging 🌀🌀🌀
2026-08-10 19:25:02.189679 [INFO] ev_manager:EvMa  :: Finished simulation.
2026-08-10 19:25:08.578556 [INFO] evse_manager:Ev  :: SYS  Session logging started.
2026-08-10 19:25:08.578716 [INFO] evse_manager:Ev  :: EVSE IEC Session Started: EVConnected
2026-08-10 19:25:08.579883 [INFO] auth:Auth        :: Plug In event for evse#1, starting auth2026-08-10 19:25:08.579829 [INFO] token_provider:  :: Publishing new dummy token: {
    "authorization_type": "RFID",
    "id_token": {
        "type": "ISO14443",
        "value": "[redacted] hash: CE55F71752B68164"
    },
    "parent_id_token": {
        "type": "ISO14443",
        "value": "[redacted] hash: CE55F71752B68164"
    }
}
2026-08-10 19:25:08.580698 [INFO] auth:Auth        :: Received new token: {
    "authorization_type": "RFID",
    "id_token": {
        "type": "ISO14443",
        "value": "[redacted] hash: CE55F71752B68164"
    },
    "parent_id_token": {
        "type": "ISO14443",
        "value": "[redacted] hash: CE55F71752B68164"
    }
}
2026-08-10 19:25:08.626135 [INFO] token_validator  :: Got validation request for token: [redacted] hash: CE55F71752B68164
2026-08-10 19:25:08.876368 [INFO] token_validator  :: Returning validation status: Accepted
2026-08-10 19:25:08.877649 [INFO] auth:Auth        :: Providing authorization to evse#1
2026-08-10 19:25:09.079727 [INFO] evse_manager:Ev  :: EVSE IEC Set PWM On (5.0%) took 0 ms
2026-08-10 19:25:09.222105 [INFO] evse_manager:Ev  :: EVSE IEC EIM Authorization received
2026-08-10 19:25:09.223159 [INFO] auth:Auth        :: Result for token: [redacted] hash: CE55F71752B68164: USED_TO_START_TRANSACTION
2026-08-10 19:25:09.265743 [INFO] evse_manager:Ev  :: EVSE IEC Transaction Started (0 kWh)
2026-08-10 19:25:09.266105 [INFO] evse_manager:Ev  :: EVSE IEC DC mode. We are in 5percent mode so we can continue without further action.
2026-08-10 19:25:09.266229 [INFO] evse_manager:Ev  :: EVSE IEC Charger state: Wait for Auth->PrepareCharging
2026-08-10 19:25:10.722052 [INFO] evse_manager:Ev  :: EVSE ISO SLAC MATCHED
2026-08-10 19:25:10.722182 [INFO] evse_manager:Ev  :: EVSE ISO D-LINK_READY (true)
2026-08-10 19:25:11.239726 [INFO] evse_manager:Ev  ::                                     CAR IEC Event CarRequestedPower
2026-08-10 19:25:44.970576 [INFO] iso15118_charge  :: Got SDP request from fe80::215:5dff:fe6b:3d4%eth0
2026-08-10 19:25:44.970995 [INFO] iso15118_charge  :: Created logfile at: /home/ahzf/everest/./260810_17-25-44.yaml
2026-08-10 19:26:10.654179 [INFO] iso15118_charge  :: Incoming connection from [fe80::215:5dff:fe6b:3d4%eth0]:41474
2026-08-10 19:26:10.662207 [INFO] evse_manager:Ev  ::                                     CAR ISO V2G SupportedAppProtocolReq
2026-08-10 19:26:10.675652 [INFO] iso15118_charge  :: Received session setup with evccid: EVCC01
2026-08-10 19:26:10.676016 [INFO] iso15118_charge  :: New session created with session_id: 0x76, 0xF4, 0x89, 0x03, 0x63, 0xAF, 0x28, 0x58
2026-08-10 19:26:10.710150 [INFO] evse_manager:Ev  :: EVSE ISO V2G SupportedAppProtocolRes
2026-08-10 19:26:10.710564 [INFO] evse_manager:Ev  ::                                     CAR ISO V2G SessionSetupReq
2026-08-10 19:26:10.762763 [INFO] evse_manager:Ev  :: EVSE ISO V2G SessionSetupRes
2026-08-10 19:26:10.772023 [INFO] iso15118_charge  :: Timestamp: 1786382770
2026-08-10 19:26:10.772769 [INFO] evse_manager:Ev  ::                                     CAR ISO V2G AuthorizationSetupReq
2026-08-10 19:26:10.873792 [INFO] evse_manager:Ev  :: EVSE ISO V2G AuthorizationSetupRes
2026-08-10 19:26:10.874049 [INFO] evse_manager:Ev  ::                                     CAR ISO V2G AuthorizationReq
2026-08-10 19:26:10.962820 [INFO] evse_manager:Ev  :: EVSE ISO V2G AuthorizationRes
2026-08-10 19:26:10.964222 [INFO] evse_manager:Ev  ::                                     CAR ISO V2G ServiceDiscoveryReq
2026-08-10 19:26:11.066404 [INFO] iso15118_charge  :: Requested info about ServiceID: 2
2026-08-10 19:26:11.085735 [INFO] evse_manager:Ev  :: EVSE ISO V2G ServiceDiscoveryRes
2026-08-10 19:26:11.085995 [INFO] evse_manager:Ev  ::                                     CAR ISO V2G ServiceDetailReq
2026-08-10 19:26:11.163238 [INFO] evse_manager:Ev  :: EVSE ISO V2G ServiceDetailRes
2026-08-10 19:26:11.166251 [INFO] iso15118_charge  :: Selected DC service parameters: control mode: Scheduled, mobility needs mode: ProvidedByEvcc
2026-08-10 19:26:11.166804 [INFO] evse_manager:Ev  ::                                     CAR ISO V2G ServiceSelectionReq
2026-08-10 19:26:11.210012 [INFO] evse_manager:Ev  ::                                     CAR ISO EV selected service: DC
2026-08-10 19:26:11.263135 [INFO] evse_manager:Ev  :: EVSE ISO V2G ServiceSelectionRes
2026-08-10 19:26:11.267247 [INFO] iso15118_charge  :: Max charge current 200.000000A
2026-08-10 19:26:11.268104 [INFO] evse_manager:Ev  ::                                     CAR ISO V2G DcChargeParameterDiscoveryReq
2026-08-10 19:26:11.309949 [INFO] evse_manager:Ev  :: Received EV maximum limits: {
    "dc_ev_maximum_current_limit": 200.0,
    "dc_ev_maximum_power_limit": 50000.0,
    "dc_ev_maximum_voltage_limit": 500.0
}
2026-08-10 19:26:11.397705 [INFO] evse_manager:Ev  :: EVSE ISO V2G DcChargeParameterDiscoveryRes
2026-08-10 19:26:11.397895 [INFO] evse_manager:Ev  ::                                     CAR ISO V2G ScheduleExchangeReq
2026-08-10 19:26:11.485821 [INFO] evse_manager:Ev  :: EVSE ISO V2G ScheduleExchangeRes
2026-08-10 19:26:11.485957 [INFO] evse_manager:Ev  :: EVSE ISO Start cable check...
2026-08-10 19:26:11.486145 [INFO] evse_manager:Ev  ::                                     CAR ISO V2G DcCableCheckReq
2026-08-10 19:26:11.486237 [INFO] evse_manager:Ev  ::                                     CAR ISO DC HLC Close contactor (in CableCheck)
2026-08-10 19:26:11.581860 [INFO] evse_manager:Ev  :: EVSE IEC Event PowerOn
2026-08-10 19:26:11.581897 [INFO] evse_manager:Ev  :: EVSE ISO V2G DcCableCheckRes
2026-08-10 19:26:11.586419 [INFO] evse_manager:Ev  :: EV reports 500 V as maximum voltage
2026-08-10 19:26:11.586513 [INFO] evse_manager:Ev  :: EVSE IEC DC power supply set: 500.00V/2.00A, requested was 500.00V/2.00A.
2026-08-10 19:26:11.629826 [INFO] evse_manager:Ev  :: CableCheck: Using 500 V
2026-08-10 19:26:11.629947 [INFO] evse_manager:Ev  :: EVSE IEC DC power supply: switch ON called, ChargingPhase: CableCheck
2026-08-10 19:26:11.629965 [INFO] evse_manager:Ev  ::                                     CAR ISO V2G DcCableCheckReq
2026-08-10 19:26:11.630839 [INFO] powersupply_dc:  :: Set mode: Export ChargingPhase: CableCheck
2026-08-10 19:26:11.677900 [INFO] evse_manager:Ev  :: EVSE ISO V2G DcCableCheckRes
2026-08-10 19:26:11.721101 [INFO] evse_manager:Ev  ::                                     CAR ISO V2G DcCableCheckReq
2026-08-10 19:26:11.763499 [INFO] evse_manager:Ev  :: EVSE ISO V2G DcCableCheckRes
2026-08-10 19:26:11.828994 [INFO] evse_manager:Ev  ::                                     CAR ISO V2G DcCableCheckReq
2026-08-10 19:26:11.873873 [INFO] evse_manager:Ev  :: EVSE ISO V2G DcCableCheckRes
2026-08-10 19:26:11.875193 [INFO] evse_manager:Ev  :: CableCheck: IMD self test started.
2026-08-10 19:26:11.950084 [INFO] evse_manager:Ev  ::                                     CAR ISO V2G DcCableCheckReq
2026-08-10 19:26:11.993797 [INFO] evse_manager:Ev  :: EVSE ISO V2G DcCableCheckRes
2026-08-10 19:26:12.018837 [INFO] evse_manager:Ev  ::                                     CAR ISO V2G DcCableCheckReq
2026-08-10 19:26:12.089807 [INFO] evse_manager:Ev  :: EVSE ISO V2G DcCableCheckRes
2026-08-10 19:26:12.129062 [INFO] evse_manager:Ev  ::                                     CAR ISO V2G DcCableCheckReq
2026-08-10 19:26:12.164048 [INFO] evse_manager:Ev  :: EVSE ISO V2G DcCableCheckRes
2026-08-10 19:26:12.222402 [INFO] evse_manager:Ev  ::                                     CAR ISO V2G DcCableCheckReq
2026-08-10 19:26:12.263951 [INFO] evse_manager:Ev  :: EVSE ISO V2G DcCableCheckRes
2026-08-10 19:26:12.315913 [INFO] evse_manager:Ev  ::                                     CAR ISO V2G DcCableCheckReq
2026-08-10 19:26:12.374019 [INFO] evse_manager:Ev  :: EVSE ISO V2G DcCableCheckRes
2026-08-10 19:26:12.453826 [INFO] evse_manager:Ev  ::                                     CAR ISO V2G DcCableCheckReq
2026-08-10 19:26:12.454866 [INFO] evse_manager:Ev  :: EVSE ISO Change HLC Limits: 22080W/200A, target_voltage 0, actual_voltage 500, bpt_active false
2026-08-10 19:26:12.497866 [INFO] evse_manager:Ev  :: EVSE ISO V2G DcCableCheckRes
2026-08-10 19:26:12.541841 [INFO] evse_manager:Ev  ::                                     CAR ISO V2G DcCableCheckReq
2026-08-10 19:26:12.585823 [INFO] evse_manager:Ev  :: EVSE ISO V2G DcCableCheckRes
2026-08-10 19:26:12.629717 [INFO] evse_manager:Ev  ::                                     CAR ISO V2G DcCableCheckReq
2026-08-10 19:26:12.665145 [INFO] evse_manager:Ev  :: EVSE ISO V2G DcCableCheckRes
2026-08-10 19:26:12.723242 [INFO] evse_manager:Ev  ::                                     CAR ISO V2G DcCableCheckReq
2026-08-10 19:26:12.764657 [INFO] evse_manager:Ev  :: EVSE ISO V2G DcCableCheckRes
2026-08-10 19:26:12.815688 [INFO] evse_manager:Ev  ::                                     CAR ISO V2G DcCableCheckReq
2026-08-10 19:26:12.878046 [INFO] evse_manager:Ev  :: EVSE ISO V2G DcCableCheckRes
2026-08-10 19:26:12.949806 [INFO] evse_manager:Ev  ::                                     CAR ISO V2G DcCableCheckReq
2026-08-10 19:26:12.964794 [INFO] evse_manager:Ev  :: EVSE ISO V2G DcCableCheckRes
2026-08-10 19:26:13.020934 [INFO] evse_manager:Ev  ::                                     CAR ISO V2G DcCableCheckReq
2026-08-10 19:26:13.093776 [INFO] evse_manager:Ev  :: EVSE ISO V2G DcCableCheckRes
2026-08-10 19:26:13.131054 [INFO] evse_manager:Ev  ::                                     CAR ISO V2G DcCableCheckReq
2026-08-10 19:26:13.164780 [INFO] evse_manager:Ev  :: EVSE ISO V2G DcCableCheckRes
2026-08-10 19:26:13.224728 [INFO] evse_manager:Ev  ::                                     CAR ISO V2G DcCableCheckReq
2026-08-10 19:26:13.264879 [INFO] evse_manager:Ev  :: EVSE ISO V2G DcCableCheckRes
2026-08-10 19:26:13.317289 [INFO] evse_manager:Ev  ::                                     CAR ISO V2G DcCableCheckReq
2026-08-10 19:26:13.381909 [INFO] evse_manager:Ev  :: EVSE ISO V2G DcCableCheckRes
2026-08-10 19:26:13.449766 [INFO] evse_manager:Ev  ::                                     CAR ISO V2G DcCableCheckReq
2026-08-10 19:26:13.465109 [INFO] evse_manager:Ev  :: EVSE ISO V2G DcCableCheckRes
2026-08-10 19:26:13.523397 [INFO] evse_manager:Ev  ::                                     CAR ISO V2G DcCableCheckReq
2026-08-10 19:26:13.585918 [INFO] evse_manager:Ev  :: EVSE ISO V2G DcCableCheckRes
2026-08-10 19:26:13.630157 [INFO] evse_manager:Ev  ::                                     CAR ISO V2G DcCableCheckReq
2026-08-10 19:26:13.674214 [INFO] evse_manager:Ev  :: EVSE ISO V2G DcCableCheckRes
2026-08-10 19:26:13.726370 [INFO] evse_manager:Ev  ::                                     CAR ISO V2G DcCableCheckReq
2026-08-10 19:26:13.765463 [INFO] evse_manager:Ev  :: EVSE ISO V2G DcCableCheckRes
2026-08-10 19:26:13.821827 [INFO] evse_manager:Ev  ::                                     CAR ISO V2G DcCableCheckReq
2026-08-10 19:26:13.877863 [INFO] evse_manager:Ev  :: EVSE ISO V2G DcCableCheckRes
2026-08-10 19:26:13.953766 [INFO] evse_manager:Ev  ::                                     CAR ISO V2G DcCableCheckReq
2026-08-10 19:26:13.965611 [INFO] evse_manager:Ev  :: EVSE ISO V2G DcCableCheckRes
2026-08-10 19:26:14.023164 [INFO] evse_manager:Ev  ::                                     CAR ISO V2G DcCableCheckReq
2026-08-10 19:26:14.105759 [INFO] evse_manager:Ev  :: EVSE ISO V2G DcCableCheckRes
2026-08-10 19:26:14.130669 [INFO] evse_manager:Ev  ::                                     CAR ISO V2G DcCableCheckReq
2026-08-10 19:26:14.165868 [INFO] evse_manager:Ev  :: EVSE ISO V2G DcCableCheckRes
2026-08-10 19:26:14.226310 [INFO] evse_manager:Ev  ::                                     CAR ISO V2G DcCableCheckReq
2026-08-10 19:26:14.265738 [INFO] evse_manager:Ev  :: EVSE ISO V2G DcCableCheckRes
2026-08-10 19:26:14.319715 [INFO] evse_manager:Ev  ::                                     CAR ISO V2G DcCableCheckReq
2026-08-10 19:26:14.421782 [INFO] evse_manager:Ev  :: EVSE ISO V2G DcCableCheckRes
2026-08-10 19:26:14.428830 [INFO] evse_manager:Ev  ::                                     CAR ISO V2G DcCableCheckReq
2026-08-10 19:26:14.465938 [INFO] evse_manager:Ev  :: EVSE ISO V2G DcCableCheckRes
2026-08-10 19:26:14.520436 [INFO] evse_manager:Ev  ::                                     CAR ISO V2G DcCableCheckReq
2026-08-10 19:26:14.585882 [INFO] evse_manager:Ev  :: EVSE ISO V2G DcCableCheckRes
2026-08-10 19:26:14.630218 [INFO] evse_manager:Ev  ::                                     CAR ISO V2G DcCableCheckReq
2026-08-10 19:26:14.666098 [INFO] evse_manager:Ev  :: EVSE ISO V2G DcCableCheckRes
2026-08-10 19:26:14.725784 [INFO] evse_manager:Ev  ::                                     CAR ISO V2G DcCableCheckReq
2026-08-10 19:26:14.766129 [INFO] evse_manager:Ev  :: EVSE ISO V2G DcCableCheckRes
2026-08-10 19:26:14.817789 [INFO] evse_manager:Ev  ::                                     CAR ISO V2G DcCableCheckReq
2026-08-10 19:26:14.877800 [INFO] evse_manager:Ev  :: EVSE ISO V2G DcCableCheckRes
2026-08-10 19:26:14.881712 [INFO] evse_manager:Ev  :: EVSE IEC Isolation monitor self test result: true
2026-08-10 19:26:14.925756 [INFO] imd:IMDSimulato  :: Started simulated isolation monitoring with 1000 ms interval
2026-08-10 19:26:14.926517 [INFO] evse_manager:Ev  :: CableCheck: Waiting for 1 isolation measurement sample(s)
2026-08-10 19:26:14.969808 [INFO] evse_manager:Ev  ::                                     CAR ISO V2G DcCableCheckReq
2026-08-10 19:26:14.969877 [INFO] evse_manager:Ev  :: EVSE IEC Isolation measurement Ok R_F 900000.
2026-08-10 19:26:14.970031 [INFO] evse_manager:Ev  :: EVSE ISO V2G DcCableCheckRes
2026-08-10 19:26:15.010819 [INFO] evse_manager:Ev  :: EVSE IEC DC power supply OFF
2026-08-10 19:26:15.011812 [INFO] powersupply_dc:  :: Set mode: Off ChargingPhase: CableCheck
2026-08-10 19:26:15.053952 [INFO] evse_manager:Ev  ::                                     CAR ISO V2G DcCableCheckReq
2026-08-10 19:26:15.109764 [INFO] evse_manager:Ev  :: EVSE ISO V2G DcCableCheckRes
2026-08-10 19:26:15.130498 [INFO] evse_manager:Ev  ::                                     CAR ISO V2G DcCableCheckReq
2026-08-10 19:26:15.166336 [INFO] evse_manager:Ev  :: EVSE ISO V2G DcCableCheckRes
2026-08-10 19:26:15.223037 [INFO] evse_manager:Ev  ::                                     CAR ISO V2G DcCableCheckReq
2026-08-10 19:26:15.266312 [INFO] evse_manager:Ev  :: EVSE ISO V2G DcCableCheckRes
2026-08-10 19:26:15.332545 [INFO] evse_manager:Ev  ::                                     CAR ISO V2G DcCableCheckReq
2026-08-10 19:26:15.335076 [INFO] evse_manager:Ev  :: CableCheck done, output is below 60V
2026-08-10 19:26:15.377776 [INFO] evse_manager:Ev  :: EVSE ISO V2G DcCableCheckRes
2026-08-10 19:26:15.469723 [INFO] evse_manager:Ev  ::                                     CAR ISO V2G DcCableCheckReq
2026-08-10 19:26:15.469974 [INFO] evse_manager:Ev  :: EVSE ISO V2G DcCableCheckRes
2026-08-10 19:26:15.470126 [INFO] evse_manager:Ev  ::                                     CAR ISO V2G DcPreChargeReq
2026-08-10 19:26:15.510179 [INFO] evse_manager:Ev  :: EVSE IEC DC power supply set: 400.00V/1.00A, requested was 400.00V/0.00A.
2026-08-10 19:26:15.544139 [INFO] evse_manager:Ev  :: EVSE IEC DC power supply: switch ON called, ChargingPhase: PreCharge
2026-08-10 19:26:15.553741 [INFO] powersupply_dc:  :: Set mode: Export ChargingPhase: PreCharge
2026-08-10 19:26:15.585854 [INFO] evse_manager:Ev  :: EVSE ISO V2G DcPreChargeRes
2026-08-10 19:26:15.586054 [INFO] evse_manager:Ev  ::                                     CAR ISO V2G PowerDeliveryReq
2026-08-10 19:26:15.666832 [INFO] evse_manager:Ev  :: EVSE ISO V2G PowerDeliveryRes
2026-08-10 19:26:15.670997 [INFO] iso15118_charge  :: Meter info is requested from EV
2026-08-10 19:26:15.671112 [INFO] evse_manager:Ev  ::                                     CAR ISO V2G DcChargeLoopReq
2026-08-10 19:26:15.671195 [INFO] evse_manager:Ev  :: EVSE IEC DC power supply: switch ON in export mode
2026-08-10 19:26:15.672057 [INFO] powersupply_dc:  :: Set mode: Export ChargingPhase: Charging
2026-08-10 19:26:15.714099 [INFO] evse_manager:Ev  :: EVSE IEC DC power supply set: 400.00V/1.05A, requested was 400.00V/1.05A.
2026-08-10 19:26:15.714071 [INFO] evse_manager:Ev  :: EVSE IEC DC power supply set: 400.00V/1.00A, requested was 400.00V/0.00A.
2026-08-10 19:26:15.757988 [INFO] evse_manager:Ev  :: VoltagePlausibilityMonitor, start monitoring
2026-08-10 19:26:15.759020 [INFO] evse_manager:Ev  :: EVSE ISO Change HLC Limits: 22080W/55.2A, target_voltage 400, actual_voltage 0, bpt_active false
2026-08-10 19:26:15.788044 [INFO] evse_manager:Ev  :: EVSE IEC Charger state: PrepareCharging->Charging
2026-08-10 19:26:15.788679 [INFO] evse_manager:Ev  :: EVSE ISO V2G DcChargeLoopRes
2026-08-10 19:26:15.789223 [INFO] evse_manager:Ev  :: Timing statistics (Plugin to CurrentDemand)
2026-08-10 19:26:15.789281 [INFO] evse_manager:Ev  :: -------------------------------------------
2026-08-10 19:26:15.789288 [INFO] evse_manager:Ev  :: ConnSetup | HLC_PWM_5%_ON: 631 ms | D-LINK_READY: 1643 ms | Auth EIM Done: 60051 ms | Total: 62995 ms
2026-08-10 19:26:15.789310 [INFO] evse_manager:Ev  :: CableCheck | <60V: 0 ms | Relay On: 100 ms | EVInfo: 0 ms | VRampUp: 245 ms | Self test: 3050 ms | Measure: 87 ms | VRampDown: 365 ms | Total: 3939 ms
2026-08-10 19:26:15.789317 [INFO] evse_manager:Ev  :: PrepareCharging | Charging started: 363 ms | Total: 363 ms
2026-08-10 19:26:15.789322 [INFO] evse_manager:Ev  :: Total duration all phases: 67298 ms
2026-08-10 19:26:15.833734 [INFO] iso15118_charge  :: Meter info is requested from EV
2026-08-10 19:26:15.833821 [INFO] evse_manager:Ev  :: EVSE IEC DC power supply set: 400.00V/4.02A, requested was 400.00V/4.02A.
2026-08-10 19:26:15.834022 [INFO] evse_manager:Ev  ::                                     CAR ISO V2G DcChargeLoopReq
2026-08-10 19:26:15.834112 [INFO] evse_manager:Ev  :: EVSE IEC DC power supply set: 400.00V/55.20A, requested was 400.00V/55.20A.
2026-08-10 19:26:15.881935 [WARN] evse_manager:Ev void module::EvseManager::process_dc_ev_target_voltage_current(const types::iso15118::DcEvseMaximumLimits&) :: EV ignores new EVSE max limits. Setting target current to new EVSE max limits
2026-08-10 19:26:15.882182 [INFO] evse_manager:Ev  :: EVSE ISO V2G DcChargeLoopRes
2026-08-10 19:26:15.926981 [INFO] iso15118_charge  :: Meter info is requested from EV
2026-08-10 19:26:15.929770 [INFO] evse_manager:Ev  ::                                     CAR ISO V2G DcChargeLoopReq
2026-08-10 19:26:15.929854 [INFO] evse_manager:Ev  :: EVSE IEC DC power supply set: 400.00V/55.20A, requested was 400.00V/55.20A.
2026-08-10 19:26:15.977788 [WARN] evse_manager:Ev void module::EvseManager::process_dc_ev_target_voltage_current(const types::iso15118::DcEvseMaximumLimits&) :: EV ignores new EVSE max limits. Setting target current to new EVSE max limits
2026-08-10 19:26:15.977827 [INFO] evse_manager:Ev  :: EVSE IEC Isolation measurement Ok R_F 900000.
2026-08-10 19:26:15.978076 [INFO] evse_manager:Ev  :: EVSE ISO V2G DcChargeLoopRes
2026-08-10 19:26:16.022255 [INFO] evse_manager:Ev  ::                                     CAR ISO V2G PowerDeliveryReq
2026-08-10 19:26:16.022468 [INFO] evse_manager:Ev  :: VoltagePlausibilityMonitor, stop monitoring
2026-08-10 19:26:16.022503 [INFO] evse_manager:Ev  :: EVSE IEC DC power supply OFF
2026-08-10 19:26:16.022772 [INFO] evse_manager:Ev  :: EVSE IEC DC power supply OFF
2026-08-10 19:26:16.023779 [INFO] powersupply_dc:  :: Set mode: Off ChargingPhase: Charging
2026-08-10 19:26:16.024049 [INFO] powersupply_dc:  :: Set mode: Off ChargingPhase: Charging
2026-08-10 19:26:16.070536 [INFO] imd:IMDSimulato  :: Stopped simulated isolation monitoring
2026-08-10 19:26:16.113739 [INFO] evse_manager:Ev  :: EVSE ISO V2G PowerDeliveryRes
2026-08-10 19:26:16.113975 [INFO] evse_manager:Ev  ::                                     CAR ISO V2G DcWeldingDetectionReq
2026-08-10 19:26:16.166977 [INFO] evse_manager:Ev  :: EVSE ISO V2G DcWeldingDetectionRes
2026-08-10 19:26:16.168831 [INFO] evse_manager:Ev  ::                                     CAR ISO V2G SessionStopReq
2026-08-10 19:26:16.266945 [INFO] evse_manager:Ev  :: EVSE ISO V2G SessionStopRes
2026-08-10 19:26:20.995674 [INFO] evse_manager:Ev  :: EVSE IEC DC power supply set: 400.00V/55.20A, requested was 400.00V/55.20A.
2026-08-10 19:26:21.041926 [INFO] evse_manager:Ev  :: EVSE IEC DC power supply: switch ON called, ChargingPhase: Other
2026-08-10 19:26:21.042970 [INFO] powersupply_dc:  :: Set mode: Export ChargingPhase: Other
2026-08-10 19:26:21.085940 [WARN] evse_manager:Ev void module::EvseManager::process_dc_ev_target_voltage_current(const types::iso15118::DcEvseMaximumLimits&) :: EV ignores new EVSE max limits. Setting target current to new EVSE max limits
2026-08-10 19:26:21.266467 [INFO] iso15118_charge  :: Closing TCP connection
2026-08-10 19:26:22.185007 [INFO] evse_manager:Ev  :: EVSE ISO Change HLC Limits: 22080W/55.2A, target_voltage 400, actual_voltage 400, bpt_active false
2026-08-10 19:26:23.266768 [INFO] iso15118_charge  :: TCP connection closed gracefully
2026-08-10 19:26:23.266849 [INFO] iso15118_charge  :: Connection is closed
2026-08-10 19:26:23.267668 [INFO] evse_manager:Ev  :: EVSE ISO D-LINK_TERMINATE.req
2026-08-10 19:26:23.267871 [INFO] evse_manager:Ev  :: EVSE IEC Set PWM Off
2026-08-10 19:26:23.357839 [INFO] evse_manager:Ev  :: EVSE ISO SLAC UNMATCHED
2026-08-10 19:26:23.357956 [INFO] evse_manager:Ev  :: EVSE ISO D-LINK_READY (false)
2026-08-10 19:26:27.318649 [INFO] evse_manager:Ev  :: EVSE IEC DC power supply set: 400.00V/55.20A, requested was 400.00V/55.20A.
2026-08-10 19:26:27.361757 [WARN] evse_manager:Ev void module::EvseManager::process_dc_ev_target_voltage_current(const types::iso15118::DcEvseMaximumLimits&) :: EV ignores new EVSE max limits. Setting target current to new EVSE max limits
2026-08-10 19:26:29.315423 [WARN] evse_manager:Ev std::queue<module::CPEvent> module::IECStateMachine::state_machine(std::optional<module::RawCPState>) :: Timeout of 6 seconds reached, EV did not go back to state B after PWM was switched off. Powering off under load.
2026-08-10 19:26:29.405841 [INFO] evse_manager:Ev  :: EVSE IEC Event PowerOff
2026-08-10 19:26:32.409515 [WARN] evse_manager:Ev void module::EvseManager::process_dc_ev_target_voltage_current(const types::iso15118::DcEvseMaximumLimits&) :: EV ignores new EVSE max limits. Setting target current to new EVSE max limits
