2026-08-15 03:30:54.035173 [INFO] manager          ::   ________      __                _   
2026-08-15 03:30:54.035341 [INFO] manager          ::  |  ____\ \    / /               | |
2026-08-15 03:30:54.035355 [INFO] manager          ::  | |__   \ \  / /__ _ __ ___  ___| |_
2026-08-15 03:30:54.035361 [INFO] manager          ::  |  __|   \ \/ / _ \ '__/ _ \/ __| __|
2026-08-15 03:30:54.035366 [INFO] manager          ::  | |____   \  /  __/ | |  __/\__ \ |_
2026-08-15 03:30:54.035372 [INFO] manager          ::  |______|   \/ \___|_|  \___||___/\__|
2026-08-15 03:30:54.035377 [INFO] manager          :: 
2026-08-15 03:30:54.035382 [INFO] manager          :: everest-framework 0.25.0-dev 2026.02.1
2026-08-15 03:30:54.035388 [INFO] manager          :: everest-core 2026.02.1-dev 2026.02.1
2026-08-15 03:30:54.035394 [INFO] manager          :: 
2026-08-15 03:30:54.035400 [INFO] manager          :: Using MQTT broker localhost:1883
2026-08-15 03:30:54.055727 [INFO] manager          :: Boot mode is set to YamlFile, loading module configs from YAML file
2026-08-15 03:30:54.055788 [INFO] manager          :: Loading config file at: /home/ahzf/everest/configs-ours/config-ac2-reverse-ours.yaml
2026-08-15 03:30:54.168153 [INFO] manager          :: Config loading completed in 132ms
2026-08-15 03:30:54.170374 [INFO] manager          :: Starting 15 modules
2026-08-15 03:30:56.167289 [INFO] slac:SlacSimula  :: Module slac initialized [1963ms]
2026-08-15 03:30:56.167924 [INFO] grid_connection  :: Module grid_connection_point initialized [1966ms]
2026-08-15 03:30:56.168272 [INFO] energy_manager:  :: Module energy_manager initialized [1971ms]2026-08-15 03:30:56.168348 [INFO] error_history:E  :: Using database at "/tmp/error_history.db"

2026-08-15 03:30:56.168514 [INFO] error_history:E  :: Checking database
2026-08-15 03:30:56.170893 [INFO] error_history:E  :: Module error_history initialized [1975ms]
2026-08-15 03:30:56.170930 [INFO] connector_1_pow  :: Module connector_1_powerpath initialized [1977ms]
2026-08-15 03:30:56.171010 [INFO] evse_security:E  :: Module evse_security initialized [1967ms]
2026-08-15 03:30:56.172216 [INFO] ev_manager:EvMa  :: Module ev_manager initialized [1974ms]
2026-08-15 03:30:56.173714 [INFO] auth:Auth        :: Module auth initialized [1979ms]
2026-08-15 03:30:56.174040 [INFO] api:API          :: Module api initialized [1980ms]
2026-08-15 03:30:56.179478 [INFO] iso15118_charge  :: Module iso15118_charger initialized [1972ms]
2026-08-15 03:30:56.188341 [INFO] evse_manager:Ev  :: Module evse_manager initialized [1985ms]
2026-08-15 03:30:56.190383 [INFO] token_validator  :: Module token_validator initialized [1981ms]
2026-08-15 03:30:56.191909 [INFO] token_provider:  :: Module token_provider initialized [1983ms]
2026-08-15 03:30:56.212004 [INFO] api_sink:Energy  :: Module api_sink initialized [2019ms]
2026-08-15 03:30:56.608904 [INFO] iso15118_car     :: Module iso15118_car initialized [1958ms]
2026-08-15 03:30:56.609685 [INFO] manager          :: Clearing retained topics published by manager during startup
2026-08-15 03:30:56.610963 [INFO] manager          :: 🚙🚙🚙 All modules are initialized. EVerest up and running [2581ms] 🚙🚙🚙
2026-08-15 03:30:56.835456 [WARN] auth:Auth       void module::ReservationHandler::load_reservations() :: Can not load reservations because no storage was configured.
2026-08-15 03:30:57.059004 [INFO] evse_security:E  :: Requesting leaf certificate info: V2G
2026-08-15 03:30:57.062417 [INFO] evse_security:E  :: Found valid leaf: ["/home/ahzf/everest/dist/etc/everest/certs/client/cso/CPO_CERT_CHAIN.pem"]
2026-08-15 03:30:57.062465 [INFO] evse_security:E  :: Not requiring all valid leafs, returning
2026-08-15 03:30:57.066541 [INFO] evse_manager:Ev  :: AC HLC mode enabled.
2026-08-15 03:30:57.115257 [INFO] evse_manager:Ev  :: Ignoring BSP Event, BSP is not enabled yet.
2026-08-15 03:30:57.151196 [INFO] evse_security:E  :: Requesting certificate file: [V2G] file:"/home/ahzf/everest/dist/etc/everest/certs/ca/v2g/V2G_ROOT_CA.pem"
2026-08-15 03:30:57.159151 [INFO] evse_manager:Ev  :: Cleaning up any other transaction on start up
2026-08-15 03:30:57.195945 [INFO] evse_security:E  :: Requesting certificate file: [MO] file:"/home/ahzf/everest/dist/etc/everest/certs/ca/mo/MO_ROOT_CA.pem"
2026-08-15 03:30:57.239001 [INFO] iso15118_charge  :: Using ethernet interface: lo
2026-08-15 03:30:57.239181 [INFO] iso15118_charge  :: Starting SDP server with address: ::
2026-08-15 03:30:57.335839 [INFO] evse_manager:Ev  :: 🌀🌀🌀 Ready to start charging 🌀🌀🌀
2026-08-15 03:31:00.922643 [INFO] connector_1_pow  :: Lock connector
2026-08-15 03:31:01.071803 [INFO] evse_manager:Ev  :: SYS  Session logging started.
2026-08-15 03:31:01.071948 [INFO] evse_manager:Ev  :: EVSE IEC Session Started: EVConnected
2026-08-15 03:31:01.073148 [INFO] auth:Auth        :: Plug In event for evse#1, starting auth
2026-08-15 03:31:01.073327 [INFO] token_provider:  :: Publishing new dummy token: {
    "authorization_type": "RFID",
    "id_token": {
        "type": "ISO14443",
        "value": "[redacted] hash: 29F2679CA504908"
    },
    "parent_id_token": {
        "type": "ISO14443",
        "value": "[redacted] hash: 29F2679CA504908"
    }
}
2026-08-15 03:31:01.074322 [INFO] auth:Auth        :: Received new token: {
    "authorization_type": "RFID",
    "id_token": {
        "type": "ISO14443",
        "value": "[redacted] hash: 29F2679CA504908"
    },
    "parent_id_token": {
        "type": "ISO14443",
        "value": "[redacted] hash: 29F2679CA504908"
    }
}
2026-08-15 03:31:01.075525 [INFO] token_validator  :: Got validation request for token: [redacted] hash: 29F2679CA504908
2026-08-15 03:31:01.325711 [INFO] token_validator  :: Returning validation status: Accepted
2026-08-15 03:31:01.326987 [INFO] auth:Auth        :: Providing authorization to evse#1
2026-08-15 03:31:01.383370 [INFO] evse_manager:Ev  :: EVSE IEC EIM Authorization received
2026-08-15 03:31:01.384235 [INFO] auth:Auth        :: Result for token: [redacted] hash: 29F2679CA504908: USED_TO_START_TRANSACTION
2026-08-15 03:31:01.470943 [INFO] evse_manager:Ev  :: EVSE IEC Transaction Started (0 kWh)
2026-08-15 03:31:01.471627 [INFO] evse_manager:Ev  :: EVSE IEC AC mode, HLC enabled(X1), matching already started. We are in X1 so we can go directly to nominal PWM.
2026-08-15 03:31:01.471786 [INFO] evse_manager:Ev  :: EVSE IEC Charger state: Wait for Auth->PrepareCharging
2026-08-15 03:31:01.472260 [INFO] evse_manager:Ev  :: EVSE IEC Set PWM On (53.3%) took 0 ms
2026-08-15 03:31:03.186865 [INFO] evse_manager:Ev  :: EVSE ISO SLAC MATCHED
2026-08-15 03:31:03.187167 [INFO] evse_manager:Ev  :: EVSE ISO D-LINK_READY (true)
2026-08-15 03:31:03.273526 [WARN] iso15118_car    pybind11_init_everestpy(pybind11::module_&)::<lambda(const std::string&)> :: The port 15118 does not match the mandatory UDP server port 15118.
2026-08-15 03:31:07.659808 [INFO] evse_manager:Ev  ::                                     CAR IEC Event CarRequestedPower
2026-08-15 03:31:07.660001 [INFO] evse_manager:Ev  :: EVSE IEC Charger state: PrepareCharging->Charging
2026-08-15 03:31:07.926743 [INFO] evse_manager:Ev  :: EVSE IEC Event PowerOn
2026-08-15 03:31:31.310939 [INFO] evse_manager:Ev  ::                                     CAR IEC Event CarRequestedStopPower
2026-08-15 03:31:31.311159 [INFO] evse_manager:Ev  :: EVSE IEC Stop in Charging: [IEC stop]
2026-08-15 03:31:31.311501 [INFO] evse_manager:Ev  :: EVSE IEC Charger state: Charging->StoppingCharging
2026-08-15 03:31:31.312009 [INFO] evse_manager:Ev  :: EVSE IEC Set PWM Off
2026-08-15 03:31:31.402822 [INFO] evse_manager:Ev  :: EVSE IEC Event PowerOff
2026-08-15 03:31:31.402999 [INFO] evse_manager:Ev  :: EVSE IEC Charger state: StoppingCharging->Car Paused
2026-08-15 03:31:31.403804 [INFO] evse_manager:Ev  :: EVSE IEC Set PWM On (53.3%) took 0 ms
2026-08-15 03:31:37.122837 [INFO] ev_manager:EvMa  :: Finished simulation.
2026-08-15 03:31:37.383521 [INFO] connector_1_pow  :: Unlock connector
2026-08-15 03:31:37.395441 [INFO] evse_manager:Ev  :: EVSE ISO SLAC UNMATCHED
2026-08-15 03:31:37.395450 [INFO] evse_manager:Ev  :: EVSE ISO D-LINK_READY (false)
2026-08-15 03:31:37.526733 [INFO] evse_manager:Ev  ::                                     CAR IEC Event CarUnplugged
2026-08-15 03:31:37.527042 [INFO] evse_manager:Ev  :: EVSE IEC Stop in ChargingPausedEV: [EV unplugged]
2026-08-15 03:31:37.527211 [INFO] evse_manager:Ev  :: EVSE IEC Charger state: Car Paused->StoppingCharging
2026-08-15 03:31:37.527764 [INFO] evse_manager:Ev  :: EVSE IEC Set PWM Off
2026-08-15 03:31:37.614736 [INFO] evse_manager:Ev  :: EVSE IEC Charger state: StoppingCharging->Finished
2026-08-15 03:31:37.658988 [INFO] evse_manager:Ev  :: EVSE IEC Transaction Finished: EVDisconnected (0.068 kWh)
2026-08-15 03:31:37.746757 [INFO] evse_manager:Ev  :: EVSE IEC Session Finished
2026-08-15 03:31:37.746919 [INFO] evse_manager:Ev  :: SYS  Session logging stopped.
2026-08-15 03:31:37.791038 [INFO] evse_manager:Ev  :: All errors cleared
2026-08-15 03:31:37.791193 [INFO] evse_manager:Ev  :: All errors cleared
