# Frames as recorded, per direction. Ordering within a direction is real;
# the two directions are not interleaved, because the recording has no timestamps.

## EV -> station: 455 byte(s), 15 frame(s)
[0] SupportedAppProtocolReq payloadType=0x8001 bytes=45
    01fe8001000000258000f3ab9371d34b9b79d39ba321d34b9b79d189a98989c1d1699181d20a18010000040040
[1] SessionSetupReq payloadType=0x8002 bytes=33
    01fe800200000019808c04000000000000000009d81f8d30620422ab21a1981880
[2] AuthorizationSetupReq payloadType=0x8002 bytes=25
    01fe80020000001180080468bfab137b0aecba09d81f8d3062
[3] AuthorizationReq payloadType=0x8002 bytes=26
    01fe80020000001280000468bfab137b0aecba09d81f8d306200
[4] ServiceDiscoveryReq payloadType=0x8002 bytes=26
    01fe800200000012807c0468bfab137b0aecba09d81f8d306280
[5] ServiceDetailReq payloadType=0x8002 bytes=27
    01fe80020000001380740468bfab137b0aecba09d81f8d30620080
[6] ServiceSelectionReq payloadType=0x8002 bytes=29
    01fe80020000001580840468bfab137b0aecba09d81f8d306200401080
[7] AC_ChargeParameterDiscoveryReq payloadType=0x8003 bytes=33
    01fe80030000001980100468bfab137b0aecba09d81f8d30620810981122000008
[8] ScheduleExchangeReq payloadType=0x8002 bytes=28
    01fe800200000014806c0468bfab137b0aecba09d81f8d3062000680
[9] PowerDeliveryReq payloadType=0x8002 bytes=37
    01fe80020000001d80540468bfab137b0aecba09e81f8d306200000100420480e041805124
[10] AC_ChargeLoopReq payloadType=0x8003 bytes=31
    01fe80030000001780080468bfab137b0aecba09f81f8d30628924084c0894
[11] AC_ChargeLoopReq payloadType=0x8003 bytes=31
    01fe80030000001780080468bfab137b0aecba09f81f8d30628924084c0894
[12] AC_ChargeLoopReq payloadType=0x8003 bytes=31
    01fe80030000001780080468bfab137b0aecba09f81f8d30628924084c0894
[13] PowerDeliveryReq payloadType=0x8002 bytes=27
    01fe80020000001380540468bfab137b0aecba09f81f8d30620140
[14] SessionStopReq payloadType=0x8002 bytes=26
    01fe80020000001280940468bfab137b0aecba09f81f8d306228

## station -> EV: 806 byte(s), 15 frame(s)
[0] SupportedAppProtocolRes (OK_SuccessfulNegotiation) payloadType=0x8001 bytes=12
    01fe80010000000480400040
[1] SessionSetupRes (OK_NewSessionEstablished) payloadType=0x8002 bytes=43
    01fe80020000002380900468bfab137b0aecba09d81f8d3062040451114a9413960a914c4c8ccd0d4a8c40
[2] AuthorizationSetupRes (OK) payloadType=0x8002 bytes=28
    01fe800200000014800c0468bfab137b0aecba09d81f8d3062000400
[3] AuthorizationRes (OK) payloadType=0x8002 bytes=27
    01fe80020000001380040468bfab137b0aecba09d81f8d30620000
[4] ServiceDiscoveryRes (OK) payloadType=0x8002 bytes=36
    01fe80020000001c80800468bfab137b0aecba09d81f8d30620000010000400010001405
[5] ServiceDetailRes (OK) payloadType=0x8002 bytes=352
    01fe80020000015880780468bfab137b0aecba09d81f8d30620000400002d0dbdb9b9958dd1bdc980200d436f6e74726f6c4d6f6465601005115594d1539bdb5a5b985b159bdb1d1859d959cc020134d6f62696c6974794e656564734d6f6465600802541c9a58da5b99d800200202d0dbdb9b9958dd1bdc980600d436f6e74726f6c4d6f6465601005115594d1539bdb5a5b985b159bdb1d1859d959cc020134d6f62696c6974794e656564734d6f6465600802541c9a58da5b99d800200402d0dbdb9b9958dd1bdc980200d436f6e74726f6c4d6f6465600805115594d1539bdb5a5b985b159bdb1d1859d959cc020134d6f62696c6974794e656564734d6f6465600802541c9a58da5b99d800200602d0dbdb9b9958dd1bdc980600d436f6e74726f6c4d6f6465600805115594d1539bdb5a5b985b159bdb1d1859d959cc020134d6f62696c6974794e656564734d6f6465600802541c9a58da5b99d80028
[6] ServiceSelectionRes (OK) payloadType=0x8002 bytes=27
    01fe80020000001380880468bfab137b0aecba09d81f8d30620000
[7] AC_ChargeParameterDiscoveryRes (OK) payloadType=0x8003 bytes=40
    01fe80030000002080140468bfab137b0aecba09d81f8d3062000408500891001584043f04413940
[8] ScheduleExchangeRes (OK) payloadType=0x8002 bytes=43
    01fe80020000002380700468bfab137b0aecba09d81f8d3062000400413b03f1a60c840518284000012940
[9] PowerDeliveryRes (OK) payloadType=0x8002 bytes=27
    01fe80020000001380580468bfab137b0aecba09f81f8d30620040
[10] AC_ChargeLoopRes (OK) payloadType=0x8003 bytes=39
    01fe80030000001f800c0468bfab137b0aecba09f81f8d30620032000008040850088a40000100
[11] AC_ChargeLoopRes (OK) payloadType=0x8003 bytes=39
    01fe80030000001f800c0468bfab137b0aecba09f81f8d30620032000008040850088a40000100
[12] AC_ChargeLoopRes (OK) payloadType=0x8003 bytes=39
    01fe80030000001f800c0468bfab137b0aecba09f81f8d30620032000008040850088a40000100
[13] PowerDeliveryRes (OK) payloadType=0x8002 bytes=27
    01fe80020000001380580468bfab137b0aecba09f81f8d30620040
[14] SessionStopRes (OK) payloadType=0x8002 bytes=27
    01fe80020000001380980468bfab137b0aecba09f81f8d30620000
