2026-08-13 19:38:00.272089 [INFO] manager          ::   ________      __                _   
2026-08-13 19:38:00.272315 [INFO] manager          ::  |  ____\ \    / /               | |
2026-08-13 19:38:00.272328 [INFO] manager          ::  | |__   \ \  / /__ _ __ ___  ___| |_
2026-08-13 19:38:00.272334 [INFO] manager          ::  |  __|   \ \/ / _ \ '__/ _ \/ __| __|
2026-08-13 19:38:00.272340 [INFO] manager          ::  | |____   \  /  __/ | |  __/\__ \ |_
2026-08-13 19:38:00.272346 [INFO] manager          ::  |______|   \/ \___|_|  \___||___/\__|
2026-08-13 19:38:00.272351 [INFO] manager          :: 
2026-08-13 19:38:00.272357 [INFO] manager          :: everest-framework 0.25.0-dev 2026.02.1
2026-08-13 19:38:00.272363 [INFO] manager          :: everest-core 2026.02.1-dev 2026.02.1
2026-08-13 19:38:00.272369 [INFO] manager          :: 
2026-08-13 19:38:00.272376 [INFO] manager          :: Using MQTT broker localhost:1883
2026-08-13 19:38:00.293425 [INFO] manager          :: Boot mode is set to YamlFile, loading module configs from YAML file
2026-08-13 19:38:00.293486 [INFO] manager          :: Loading config file at: /home/ahzf/everest/configs-ours/config-ac20-tls-ours.yaml
2026-08-13 19:38:00.410789 [INFO] manager          :: Config loading completed in 138ms
2026-08-13 19:38:00.412834 [INFO] manager          :: Starting 15 modules
2026-08-13 19:38:02.425424 [INFO] api_sink:Energy  :: Module api_sink initialized [1988ms]
2026-08-13 19:38:02.427685 [INFO] connector_1_pow  :: Module connector_1_powerpath initialized [1989ms]
2026-08-13 19:38:02.427887 [INFO] error_history:E  :: Using database at "/tmp/error_history.db"
2026-08-13 19:38:02.428127 [INFO] error_history:E  :: Checking database
2026-08-13 19:38:02.429904 [INFO] error_history:E  :: Module error_history initialized [1989ms]
2026-08-13 19:38:02.442844 [INFO] slac:SlacSimula  :: Module slac initialized [1988ms]
2026-08-13 19:38:02.443243 [INFO] token_provider:  :: Module token_provider initialized [1983ms]
2026-08-13 19:38:02.445986 [INFO] iso15118_charge  :: Module iso15118_charger initialized [1991ms]
2026-08-13 19:38:02.461855 [INFO] token_validator  :: Module token_validator initialized [2000ms]
2026-08-13 19:38:02.464220 [INFO] grid_connection  :: Module grid_connection_point initialized [2014ms]
2026-08-13 19:38:02.464340 [WARN] evse_security:E evse_security::EvseSecurity::EvseSecurity(const evse_security::FilePaths&, const std::optional<std::__cxx11::basic_string<char> >&, const std::optional<long unsigned int>&, const std::optional<long unsigned int>&, const std::optional<std::chrono::duration<long int> >&, const std::optional<std::chrono::duration<long int> >&) :: Could not find configured MF bundle file at: /home/ahzf/everest/dist/etc/everest/certs/ca/mf/MF_ROOT_CA.pem, creating default!
2026-08-13 19:38:02.464627 [INFO] evse_security:E  :: Module evse_security initialized [2018ms]
2026-08-13 19:38:02.467057 [INFO] ev_manager:EvMa  :: Module ev_manager initialized [2023ms]
2026-08-13 19:38:02.470488 [INFO] energy_manager:  :: Module energy_manager initialized [2031ms]
2026-08-13 19:38:02.475083 [INFO] api:API          :: Module api initialized [2037ms]
2026-08-13 19:38:02.476670 [INFO] auth:Auth        :: Module auth initialized [2039ms]
2026-08-13 19:38:02.479284 [INFO] evse_manager:Ev  :: Module evse_manager initialized [2032ms]
2026-08-13 19:38:02.902803 [INFO] iso15118_car     :: Module iso15118_car initialized [2048ms]
2026-08-13 19:38:02.903633 [INFO] manager          :: Clearing retained topics published by manager during startup
2026-08-13 19:38:02.904637 [INFO] manager          :: 🚙🚙🚙 All modules are initialized. EVerest up and running [2638ms] 🚙🚙🚙
2026-08-13 19:38:03.085541 [WARN] auth:Auth       void module::ReservationHandler::load_reservations() :: Can not load reservations because no storage was configured.
2026-08-13 19:38:03.176018 [INFO] evse_manager:Ev  :: Ignoring BSP Event, BSP is not enabled yet.
2026-08-13 19:38:03.307332 [INFO] evse_security:E  :: Requesting leaf certificate info: V2G
2026-08-13 19:38:03.310718 [INFO] evse_security:E  :: Found valid leaf: ["/home/ahzf/everest/dist/etc/everest/certs/client/cso/CPO_CERT_CHAIN.pem"]
2026-08-13 19:38:03.310849 [INFO] evse_security:E  :: Not requiring all valid leafs, returning
2026-08-13 19:38:03.312955 [INFO] evse_manager:Ev  :: AC HLC mode enabled.
2026-08-13 19:38:03.360546 [INFO] evse_security:E  :: Requesting certificate file: [V2G] file:"/home/ahzf/everest/dist/etc/everest/certs/ca/v2g/V2G_ROOT_CA.pem"
2026-08-13 19:38:03.404515 [INFO] evse_security:E  :: Requesting certificate file: [MO] file:"/home/ahzf/everest/dist/etc/everest/certs/ca/mo/MO_ROOT_CA.pem"
2026-08-13 19:38:03.440521 [INFO] iso15118_charge  :: Using ethernet interface: eth0
2026-08-13 19:38:03.440606 [INFO] iso15118_charge  :: Starting SDP server with address: ::
2026-08-13 19:38:03.564384 [INFO] evse_manager:Ev  :: Cleaning up any other transaction on start up
2026-08-13 19:38:03.741386 [INFO] evse_manager:Ev  :: 🌀🌀🌀 Ready to start charging 🌀🌀🌀
2026-08-13 19:38:26.656198 [INFO] ev_manager:EvMa  :: Finished simulation.
2026-08-13 19:38:33.047921 [INFO] connector_1_pow  :: Lock connector
2026-08-13 19:38:33.229200 [INFO] evse_manager:Ev  :: SYS  Session logging started.
2026-08-13 19:38:33.229384 [INFO] evse_manager:Ev  :: EVSE IEC Session Started: EVConnected
2026-08-13 19:38:33.230742 [INFO] auth:Auth        :: Plug In event for evse#1, starting auth
2026-08-13 19:38:33.230698 [INFO] token_provider:  :: Publishing new dummy token: {
    "authorization_type": "RFID",
    "id_token": {
        "type": "ISO14443",
        "value": "[redacted] hash: 29F2679CA504908"
    },
    "parent_id_token": {
        "type": "ISO14443",
        "value": "[redacted] hash: 29F2679CA504908"
    }
}
2026-08-13 19:38:33.231584 [INFO] auth:Auth        :: Received new token: {
    "authorization_type": "RFID",
    "id_token": {
        "type": "ISO14443",
        "value": "[redacted] hash: 29F2679CA504908"
    },
    "parent_id_token": {
        "type": "ISO14443",
        "value": "[redacted] hash: 29F2679CA504908"
    }
}
2026-08-13 19:38:33.232925 [INFO] token_validator  :: Got validation request for token: [redacted] hash: 29F2679CA504908
2026-08-13 19:38:33.483180 [INFO] token_validator  :: Returning validation status: Accepted
2026-08-13 19:38:33.484690 [INFO] auth:Auth        :: Providing authorization to evse#1
2026-08-13 19:38:33.530457 [INFO] evse_manager:Ev  :: EVSE IEC EIM Authorization received
2026-08-13 19:38:33.531586 [INFO] auth:Auth        :: Result for token: [redacted] hash: 29F2679CA504908: USED_TO_START_TRANSACTION
2026-08-13 19:38:33.572591 [INFO] evse_manager:Ev  :: EVSE IEC Transaction Started (0 kWh)
2026-08-13 19:38:33.573369 [INFO] evse_manager:Ev  :: EVSE IEC AC mode, HLC enabled(X1), matching already started. We are in X1 so we can go directly to nominal PWM.
2026-08-13 19:38:33.573531 [INFO] evse_manager:Ev  :: EVSE IEC Charger state: Wait for Auth->PrepareCharging
2026-08-13 19:38:33.574368 [INFO] evse_manager:Ev  :: EVSE IEC Set PWM On (53.3%) took 0 ms
2026-08-13 19:38:35.216458 [INFO] evse_manager:Ev  :: EVSE ISO SLAC MATCHED
2026-08-13 19:38:35.216468 [INFO] evse_manager:Ev  :: EVSE ISO D-LINK_READY (true)
2026-08-13 19:38:35.358283 [INFO] iso15118_charge  :: Got SDP request from fe80::215:5dff:feda:2c1f%eth0
2026-08-13 19:38:35.363631 [INFO] iso15118_charge  :: Start TLS server [fe80::215:5dff:feda:2c1f%eth0]:50000
2026-08-13 19:38:35.363970 [INFO] iso15118_charge  :: Created logfile at: /home/ahzf/everest/dist/./260813_17-38-35.yaml
2026-08-13 19:38:41.048641 [INFO] iso15118_charge  :: Incoming connection from [fe80::215:5dff:feda:2c1f%eth0]:55318
2026-08-13 19:38:41.194378 [INFO] iso15118_charge  :: Client supports TLS1.3: Change verify mode to SSL_VERIFY_PEER and SSL_VERIFY_FAIL_IF_NO_PEER_CERT
2026-08-13 19:38:41.440464 [INFO] iso15118_charge  :: Handshake complete!
2026-08-13 19:38:41.440590 [INFO] iso15118_charge  :: Verify certificate result is okay
2026-08-13 19:38:41.440677 [INFO] iso15118_charge  :: Vehicle Cert is available
2026-08-13 19:38:41.456033 [INFO] evse_manager:Ev  ::                                     CAR ISO V2G SupportedAppProtocolReq
2026-08-13 19:38:41.496594 [INFO] evse_manager:Ev  :: EVSE ISO V2G SupportedAppProtocolRes
2026-08-13 19:38:41.513785 [INFO] iso15118_charge  :: Received session setup with evccid: EVCC01
2026-08-13 19:38:41.514233 [INFO] iso15118_charge  :: New session created with session_id: 0xE5, 0x74, 0xA0, 0x87, 0xBA, 0xAB, 0x72, 0x68
2026-08-13 19:38:41.514766 [INFO] evse_manager:Ev  ::                                     CAR ISO V2G SessionSetupReq
2026-08-13 19:38:41.556709 [INFO] evse_manager:Ev  :: EVSE ISO V2G SessionSetupRes
2026-08-13 19:38:41.566679 [INFO] iso15118_charge  :: Timestamp: 1786642721
2026-08-13 19:38:41.644466 [INFO] evse_manager:Ev  ::                                     CAR ISO V2G AuthorizationSetupReq
2026-08-13 19:38:41.656574 [INFO] evse_manager:Ev  :: EVSE ISO V2G AuthorizationSetupRes
2026-08-13 19:38:41.662117 [INFO] evse_manager:Ev  ::                                     CAR ISO V2G AuthorizationReq
2026-08-13 19:38:41.756681 [INFO] evse_manager:Ev  :: EVSE ISO V2G AuthorizationRes
2026-08-13 19:38:41.758153 [INFO] evse_manager:Ev  ::                                     CAR ISO V2G ServiceDiscoveryReq
2026-08-13 19:38:41.857010 [INFO] evse_manager:Ev  :: EVSE ISO V2G ServiceDiscoveryRes
2026-08-13 19:38:41.865441 [INFO] iso15118_charge  :: Requested info about ServiceID: 5
2026-08-13 19:38:41.866276 [INFO] evse_manager:Ev  ::                                     CAR ISO V2G ServiceDetailReq
2026-08-13 19:38:41.956999 [INFO] evse_manager:Ev  :: EVSE ISO V2G ServiceDetailRes
2026-08-13 19:38:41.961756 [INFO] evse_manager:Ev  ::                                     CAR ISO V2G ServiceSelectionReq
2026-08-13 19:38:41.961756 [INFO] evse_manager:Ev  ::                                     CAR ISO EV selected service: AC_BPT
2026-08-13 19:38:42.057211 [INFO] evse_manager:Ev  :: EVSE ISO V2G ServiceSelectionRes
2026-08-13 19:38:42.062939 [INFO] evse_manager:Ev  ::                                     CAR ISO V2G AcChargeParameterDiscoveryReq
2026-08-13 19:38:42.196507 [INFO] evse_manager:Ev  :: EVSE ISO V2G AcChargeParameterDiscoveryRes
2026-08-13 19:38:42.196931 [INFO] evse_manager:Ev  ::                                     CAR ISO V2G ScheduleExchangeReq
2026-08-13 19:38:42.257423 [INFO] evse_manager:Ev  :: EVSE ISO V2G ScheduleExchangeRes
2026-08-13 19:38:42.266091 [INFO] iso15118_charge  :: Waiting for contactor is closed
2026-08-13 19:38:42.266657 [INFO] evse_manager:Ev  ::                                     CAR ISO V2G PowerDeliveryReq
2026-08-13 19:38:42.312567 [INFO] evse_manager:Ev  ::                                     CAR ISO AC HLC Close contactor
2026-08-13 19:38:42.855280 [INFO] evse_manager:Ev  ::                                     CAR IEC Event CarRequestedPower
2026-08-13 19:38:42.855591 [INFO] evse_manager:Ev  :: EVSE IEC Charger state: PrepareCharging->Charging
2026-08-13 19:38:43.105783 [INFO] evse_manager:Ev  :: EVSE IEC Event PowerOn
2026-08-13 19:38:43.152428 [INFO] evse_manager:Ev  :: EVSE ISO V2G PowerDeliveryRes
2026-08-13 19:38:43.196575 [INFO] evse_manager:Ev  ::                                     CAR ISO V2G AcChargeLoopReq
2026-08-13 19:38:43.252379 [INFO] evse_manager:Ev  :: EVSE ISO V2G AcChargeLoopRes
2026-08-13 19:38:43.400453 [INFO] evse_manager:Ev  ::                                     CAR ISO V2G AcChargeLoopReq
2026-08-13 19:38:43.444463 [INFO] evse_manager:Ev  :: EVSE ISO V2G AcChargeLoopRes
2026-08-13 19:38:43.444959 [INFO] evse_manager:Ev  ::                                     CAR ISO V2G AcChargeLoopReq
2026-08-13 19:38:43.472984 [INFO] evse_manager:Ev  :: EVSE ISO V2G AcChargeLoopRes
2026-08-13 19:38:43.561486 [INFO] evse_manager:Ev  ::                                     CAR ISO V2G PowerDeliveryReq
2026-08-13 19:38:43.604687 [INFO] evse_manager:Ev  :: EVSE ISO V2G PowerDeliveryRes
2026-08-13 19:38:43.604687 [INFO] evse_manager:Ev  ::                                     CAR ISO AC HLC Open contactor
2026-08-13 19:38:43.656411 [INFO] evse_manager:Ev  ::                                     CAR ISO V2G SessionStopReq
2026-08-13 19:38:43.700384 [INFO] evse_manager:Ev  :: EVSE ISO V2G SessionStopRes
2026-08-13 19:38:48.672684 [INFO] iso15118_charge  :: Closing TLS connection
2026-08-13 19:38:48.672920 [INFO] iso15118_charge  :: TLS connection closed gracefully
2026-08-13 19:38:48.672936 [INFO] iso15118_charge  :: Connection is closed
2026-08-13 19:38:48.684218 [INFO] evse_manager:Ev  :: EVSE ISO D-LINK_TERMINATE.req
2026-08-13 19:38:48.684383 [INFO] evse_manager:Ev  :: EVSE IEC Set PWM Off
2026-08-13 19:38:48.728763 [INFO] evse_manager:Ev  :: EVSE IEC Set PWM On (53.3%) took 0 ms
2026-08-13 19:38:48.772375 [INFO] evse_manager:Ev  :: EVSE ISO SLAC UNMATCHED
2026-08-13 19:38:48.772415 [INFO] evse_manager:Ev  :: EVSE ISO D-LINK_READY (false)
