2026-08-13 19:36:53.715271 [INFO] manager          ::   ________      __                _   
2026-08-13 19:36:53.715464 [INFO] manager          ::  |  ____\ \    / /               | |
2026-08-13 19:36:53.715473 [INFO] manager          ::  | |__   \ \  / /__ _ __ ___  ___| |_
2026-08-13 19:36:53.715479 [INFO] manager          ::  |  __|   \ \/ / _ \ '__/ _ \/ __| __|
2026-08-13 19:36:53.715485 [INFO] manager          ::  | |____   \  /  __/ | |  __/\__ \ |_
2026-08-13 19:36:53.715491 [INFO] manager          ::  |______|   \/ \___|_|  \___||___/\__|
2026-08-13 19:36:53.715497 [INFO] manager          :: 
2026-08-13 19:36:53.715503 [INFO] manager          :: everest-framework 0.25.0-dev 2026.02.1
2026-08-13 19:36:53.715509 [INFO] manager          :: everest-core 2026.02.1-dev 2026.02.1
2026-08-13 19:36:53.715527 [INFO] manager          :: 
2026-08-13 19:36:53.715534 [INFO] manager          :: Using MQTT broker localhost:1883
2026-08-13 19:36:53.737461 [INFO] manager          :: Boot mode is set to YamlFile, loading module configs from YAML file
2026-08-13 19:36:53.737529 [INFO] manager          :: Loading config file at: /home/ahzf/everest/configs-ours/config-ac20-tls-ours.yaml
2026-08-13 19:36:53.867106 [INFO] manager          :: Config loading completed in 151ms
2026-08-13 19:36:53.869541 [INFO] manager          :: Starting 15 modules
2026-08-13 19:36:55.860493 [INFO] grid_connection  :: Module grid_connection_point initialized [1957ms]
2026-08-13 19:36:55.861853 [INFO] error_history:E  :: Using database at "/tmp/error_history.db"
2026-08-13 19:36:55.862036 [INFO] error_history:E  :: Checking database
2026-08-13 19:36:55.863857 [INFO] error_history:E  :: Module error_history initialized [1963ms]
2026-08-13 19:36:55.901518 [INFO] token_validator  :: Module token_validator initialized [1988ms]
2026-08-13 19:36:55.901748 [INFO] energy_manager:  :: Module energy_manager initialized [2004ms]
2026-08-13 19:36:55.902113 [INFO] slac:SlacSimula  :: Module slac initialized [1995ms]
2026-08-13 19:36:55.902258 [INFO] api_sink:Energy  :: Module api_sink initialized [2008ms]
2026-08-13 19:36:55.903080 [INFO] ev_manager:EvMa  :: Module ev_manager initialized [2003ms]
2026-08-13 19:36:55.904032 [WARN] evse_security:E evse_security::EvseSecurity::EvseSecurity(const evse_security::FilePaths&, const std::optional<std::__cxx11::basic_string<char> >&, const std::optional<long unsigned int>&, const std::optional<long unsigned int>&, const std::optional<std::chrono::duration<long int> >&, const std::optional<std::chrono::duration<long int> >&) :: Could not find configured MF bundle file at: /home/ahzf/everest/dist/etc/everest/certs/ca/mf/MF_ROOT_CA.pem, creating default!
2026-08-13 19:36:55.904346 [INFO] evse_security:E  :: Module evse_security initialized [2001ms]
2026-08-13 19:36:55.904297 [INFO] token_provider:  :: Module token_provider initialized [1994ms]
2026-08-13 19:36:55.905539 [INFO] api:API          :: Module api initialized [2012ms]
2026-08-13 19:36:55.905614 [INFO] iso15118_charge  :: Module iso15118_charger initialized [1997ms]
2026-08-13 19:36:55.917778 [INFO] evse_manager:Ev  :: Module evse_manager initialized [2015ms]
2026-08-13 19:36:55.946817 [INFO] connector_1_pow  :: Module connector_1_powerpath initialized [2050ms]
2026-08-13 19:36:55.948487 [INFO] auth:Auth        :: Module auth initialized [2052ms]
2026-08-13 19:36:56.307270 [INFO] iso15118_car     :: Module iso15118_car initialized [1992ms]
2026-08-13 19:36:56.308144 [INFO] manager          :: Clearing retained topics published by manager during startup
2026-08-13 19:36:56.308967 [INFO] manager          :: 🚙🚙🚙 All modules are initialized. EVerest up and running [2600ms] 🚙🚙🚙
2026-08-13 19:36:56.492706 [WARN] auth:Auth       void module::ReservationHandler::load_reservations() :: Can not load reservations because no storage was configured.
2026-08-13 19:36:56.712112 [INFO] evse_security:E  :: Requesting leaf certificate info: V2G
2026-08-13 19:36:56.715938 [INFO] evse_security:E  :: Found valid leaf: ["/home/ahzf/everest/dist/etc/everest/certs/client/cso/CPO_CERT_CHAIN.pem"]
2026-08-13 19:36:56.716033 [INFO] evse_security:E  :: Not requiring all valid leafs, returning
2026-08-13 19:36:56.723902 [INFO] evse_manager:Ev  :: AC HLC mode enabled.
2026-08-13 19:36:56.760468 [INFO] evse_security:E  :: Requesting certificate file: [V2G] file:"/home/ahzf/everest/dist/etc/everest/certs/ca/v2g/V2G_ROOT_CA.pem"
2026-08-13 19:36:56.804760 [INFO] evse_security:E  :: Requesting certificate file: [MO] file:"/home/ahzf/everest/dist/etc/everest/certs/ca/mo/MO_ROOT_CA.pem"
2026-08-13 19:36:56.815006 [INFO] evse_manager:Ev  :: Ignoring BSP Event, BSP is not enabled yet.
2026-08-13 19:36:56.840439 [INFO] iso15118_charge  :: Using ethernet interface: eth0
2026-08-13 19:36:56.840602 [INFO] iso15118_charge  :: Starting SDP server with address: ::
2026-08-13 19:36:56.908234 [INFO] evse_manager:Ev  :: Cleaning up any other transaction on start up
2026-08-13 19:36:57.045715 [INFO] evse_manager:Ev  :: 🌀🌀🌀 Ready to start charging 🌀🌀🌀
2026-08-13 19:37:20.044109 [INFO] ev_manager:EvMa  :: Finished simulation.
2026-08-13 19:37:26.455250 [INFO] connector_1_pow  :: Lock connector
2026-08-13 19:37:26.594195 [INFO] evse_manager:Ev  :: SYS  Session logging started.
2026-08-13 19:37:26.594493 [INFO] evse_manager:Ev  :: EVSE IEC Session Started: EVConnected
2026-08-13 19:37:26.596416 [INFO] auth:Auth        :: Plug In event for evse#1, starting auth
2026-08-13 19:37:26.596347 [INFO] token_provider:  :: Publishing new dummy token: {
    "authorization_type": "RFID",
    "id_token": {
        "type": "ISO14443",
        "value": "[redacted] hash: 29F2679CA504908"
    },
    "parent_id_token": {
        "type": "ISO14443",
        "value": "[redacted] hash: 29F2679CA504908"
    }
}
2026-08-13 19:37:26.597477 [INFO] auth:Auth        :: Received new token: {
    "authorization_type": "RFID",
    "id_token": {
        "type": "ISO14443",
        "value": "[redacted] hash: 29F2679CA504908"
    },
    "parent_id_token": {
        "type": "ISO14443",
        "value": "[redacted] hash: 29F2679CA504908"
    }
}
2026-08-13 19:37:26.599230 [INFO] token_validator  :: Got validation request for token: [redacted] hash: 29F2679CA504908
2026-08-13 19:37:26.849476 [INFO] token_validator  :: Returning validation status: Accepted
2026-08-13 19:37:26.850976 [INFO] auth:Auth        :: Providing authorization to evse#1
2026-08-13 19:37:26.936902 [INFO] evse_manager:Ev  :: EVSE IEC EIM Authorization received
2026-08-13 19:37:26.938096 [INFO] auth:Auth        :: Result for token: [redacted] hash: 29F2679CA504908: USED_TO_START_TRANSACTION
2026-08-13 19:37:27.024339 [INFO] evse_manager:Ev  :: EVSE IEC Transaction Started (0 kWh)
2026-08-13 19:37:27.024852 [INFO] evse_manager:Ev  :: EVSE IEC AC mode, HLC enabled(X1), matching already started. We are in X1 so we can go directly to nominal PWM.
2026-08-13 19:37:27.024922 [INFO] evse_manager:Ev  :: EVSE IEC Charger state: Wait for Auth->PrepareCharging
2026-08-13 19:37:27.025321 [INFO] evse_manager:Ev  :: EVSE IEC Set PWM On (53.3%) took 0 ms
2026-08-13 19:37:28.616265 [INFO] evse_manager:Ev  :: EVSE ISO SLAC MATCHED
2026-08-13 19:37:28.616266 [INFO] evse_manager:Ev  :: EVSE ISO D-LINK_READY (true)
2026-08-13 19:37:28.790115 [INFO] iso15118_charge  :: Got SDP request from fe80::215:5dff:feda:2c1f%eth0
2026-08-13 19:37:28.794105 [INFO] iso15118_charge  :: Start TLS server [fe80::215:5dff:feda:2c1f%eth0]:50000
2026-08-13 19:37:28.794332 [INFO] iso15118_charge  :: Created logfile at: /home/ahzf/everest/dist/./260813_17-37-28.yaml
2026-08-13 19:37:33.307200 [INFO] iso15118_charge  :: Incoming connection from [fe80::215:5dff:feda:2c1f%eth0]:36732
2026-08-13 19:37:33.417641 [INFO] iso15118_charge  :: Client supports TLS1.3: Change verify mode to SSL_VERIFY_PEER and SSL_VERIFY_FAIL_IF_NO_PEER_CERT
2026-08-13 19:37:33.599242 [INFO] iso15118_charge  :: Handshake complete!
2026-08-13 19:37:33.599339 [INFO] iso15118_charge  :: Verify certificate result is okay
2026-08-13 19:37:33.599396 [INFO] iso15118_charge  :: Vehicle Cert is available
2026-08-13 19:37:33.611856 [INFO] evse_manager:Ev  ::                                     CAR ISO V2G SupportedAppProtocolReq
2026-08-13 19:37:33.656512 [INFO] evse_manager:Ev  :: EVSE ISO V2G SupportedAppProtocolRes
2026-08-13 19:37:33.669357 [INFO] iso15118_charge  :: Received session setup with evccid: EVCC01
2026-08-13 19:37:33.669959 [INFO] iso15118_charge  :: New session created with session_id: 0x0A, 0xE5, 0x86, 0x57, 0x33, 0x48, 0xA1, 0xE6
2026-08-13 19:37:33.670114 [INFO] evse_manager:Ev  ::                                     CAR ISO V2G SessionSetupReq
2026-08-13 19:37:33.716558 [INFO] evse_manager:Ev  :: EVSE ISO V2G SessionSetupRes
2026-08-13 19:37:33.720780 [INFO] iso15118_charge  :: Timestamp: 1786642653
2026-08-13 19:37:33.808125 [INFO] evse_manager:Ev  ::                                     CAR ISO V2G AuthorizationSetupReq
2026-08-13 19:37:33.856184 [INFO] evse_manager:Ev  :: EVSE ISO V2G AuthorizationSetupRes
2026-08-13 19:37:33.856495 [INFO] evse_manager:Ev  ::                                     CAR ISO V2G AuthorizationReq
2026-08-13 19:37:33.912314 [INFO] evse_manager:Ev  :: EVSE ISO V2G AuthorizationRes
2026-08-13 19:37:33.913942 [INFO] evse_manager:Ev  ::                                     CAR ISO V2G ServiceDiscoveryReq
2026-08-13 19:37:34.018517 [INFO] iso15118_charge  :: Requested info about ServiceID: 5
2026-08-13 19:37:34.036377 [INFO] evse_manager:Ev  :: EVSE ISO V2G ServiceDiscoveryRes
2026-08-13 19:37:34.036713 [INFO] evse_manager:Ev  ::                                     CAR ISO V2G ServiceDetailReq
2026-08-13 19:37:34.112794 [INFO] evse_manager:Ev  :: EVSE ISO V2G ServiceDetailRes
2026-08-13 19:37:34.117462 [INFO] evse_manager:Ev  ::                                     CAR ISO V2G ServiceSelectionReq
2026-08-13 19:37:34.117603 [INFO] evse_manager:Ev  ::                                     CAR ISO EV selected service: AC_BPT
2026-08-13 19:37:34.212714 [INFO] evse_manager:Ev  :: EVSE ISO V2G ServiceSelectionRes
2026-08-13 19:37:34.216938 [INFO] evse_manager:Ev  ::                                     CAR ISO V2G AcChargeParameterDiscoveryReq
2026-08-13 19:37:34.312888 [INFO] evse_manager:Ev  :: EVSE ISO V2G AcChargeParameterDiscoveryRes
2026-08-13 19:37:34.318490 [INFO] evse_manager:Ev  ::                                     CAR ISO V2G ScheduleExchangeReq
2026-08-13 19:37:34.418534 [INFO] iso15118_charge  :: Waiting for contactor is closed
2026-08-13 19:37:34.452287 [INFO] evse_manager:Ev  :: EVSE ISO V2G ScheduleExchangeRes
2026-08-13 19:37:34.452571 [INFO] evse_manager:Ev  ::                                     CAR ISO V2G PowerDeliveryReq
2026-08-13 19:37:34.460397 [INFO] evse_manager:Ev  ::                                     CAR ISO AC HLC Close contactor
2026-08-13 19:37:34.998000 [INFO] evse_manager:Ev  ::                                     CAR IEC Event CarRequestedPower
2026-08-13 19:37:34.998189 [INFO] evse_manager:Ev  :: EVSE IEC Charger state: PrepareCharging->Charging
2026-08-13 19:37:35.250885 [INFO] evse_manager:Ev  :: EVSE IEC Event PowerOn
2026-08-13 19:37:35.296484 [INFO] evse_manager:Ev  :: EVSE ISO V2G PowerDeliveryRes
2026-08-13 19:37:35.296936 [INFO] evse_manager:Ev  ::                                     CAR ISO V2G AcChargeLoopReq
2026-08-13 19:37:35.355095 [INFO] evse_manager:Ev  :: EVSE ISO V2G AcChargeLoopRes
2026-08-13 19:37:35.416534 [INFO] evse_manager:Ev  ::                                     CAR ISO V2G AcChargeLoopReq
2026-08-13 19:37:35.504044 [INFO] evse_manager:Ev  :: EVSE ISO V2G AcChargeLoopRes
2026-08-13 19:37:35.548122 [INFO] evse_manager:Ev  ::                                     CAR ISO V2G AcChargeLoopReq
2026-08-13 19:37:35.592209 [INFO] evse_manager:Ev  :: EVSE ISO V2G AcChargeLoopRes
2026-08-13 19:37:35.636153 [INFO] evse_manager:Ev  ::                                     CAR ISO V2G PowerDeliveryReq
2026-08-13 19:37:35.656342 [INFO] evse_manager:Ev  ::                                     CAR ISO AC HLC Open contactor
2026-08-13 19:37:35.656342 [INFO] evse_manager:Ev  :: EVSE ISO V2G PowerDeliveryRes
2026-08-13 19:37:35.700313 [INFO] evse_manager:Ev  ::                                     CAR ISO V2G SessionStopReq
2026-08-13 19:37:35.755311 [INFO] evse_manager:Ev  :: EVSE ISO V2G SessionStopRes
2026-08-13 19:37:40.754911 [INFO] iso15118_charge  :: Closing TLS connection
2026-08-13 19:37:40.755154 [INFO] iso15118_charge  :: TLS connection closed gracefully
2026-08-13 19:37:40.755166 [INFO] iso15118_charge  :: Connection is closed
2026-08-13 19:37:40.756246 [INFO] evse_manager:Ev  :: EVSE ISO D-LINK_TERMINATE.req
2026-08-13 19:37:40.756413 [INFO] evse_manager:Ev  :: EVSE IEC Set PWM Off
2026-08-13 19:37:40.767385 [INFO] evse_manager:Ev  :: EVSE IEC Set PWM On (53.3%) took 0 ms
2026-08-13 19:37:40.812280 [INFO] evse_manager:Ev  :: EVSE ISO SLAC UNMATCHED
2026-08-13 19:37:40.812339 [INFO] evse_manager:Ev  :: EVSE ISO D-LINK_READY (false)
