2026-08-13 19:32:14.272157 [INFO] manager          ::   ________      __                _   
2026-08-13 19:32:14.272351 [INFO] manager          ::  |  ____\ \    / /               | |
2026-08-13 19:32:14.272361 [INFO] manager          ::  | |__   \ \  / /__ _ __ ___  ___| |_
2026-08-13 19:32:14.272367 [INFO] manager          ::  |  __|   \ \/ / _ \ '__/ _ \/ __| __|
2026-08-13 19:32:14.272373 [INFO] manager          ::  | |____   \  /  __/ | |  __/\__ \ |_
2026-08-13 19:32:14.272378 [INFO] manager          ::  |______|   \/ \___|_|  \___||___/\__|
2026-08-13 19:32:14.272384 [INFO] manager          :: 
2026-08-13 19:32:14.272389 [INFO] manager          :: everest-framework 0.25.0-dev 2026.02.1
2026-08-13 19:32:14.272395 [INFO] manager          :: everest-core 2026.02.1-dev 2026.02.1
2026-08-13 19:32:14.272402 [INFO] manager          :: 
2026-08-13 19:32:14.272408 [INFO] manager          :: Using MQTT broker localhost:1883
2026-08-13 19:32:14.296706 [INFO] manager          :: Boot mode is set to YamlFile, loading module configs from YAML file
2026-08-13 19:32:14.296790 [INFO] manager          :: Loading config file at: /home/ahzf/everest/configs-ours/config-ac20-tls-ours.yaml
2026-08-13 19:32:14.422520 [INFO] manager          :: Config loading completed in 150ms
2026-08-13 19:32:14.425032 [INFO] manager          :: Starting 15 modules
2026-08-13 19:32:16.368652 [INFO] api_sink:Energy  :: Module api_sink initialized [1917ms]
2026-08-13 19:32:16.416873 [INFO] api:API          :: Module api initialized [1966ms]
2026-08-13 19:32:16.442938 [INFO] connector_1_pow  :: Module connector_1_powerpath initialized [1989ms]
2026-08-13 19:32:16.444456 [INFO] auth:Auth        :: Module auth initialized [1991ms]
2026-08-13 19:32:16.456415 [INFO] token_validator  :: Module token_validator initialized [1985ms]
2026-08-13 19:32:16.458597 [INFO] slac:SlacSimula  :: Module slac initialized [1993ms]
2026-08-13 19:32:16.458683 [INFO] error_history:E  :: Using database at "/tmp/error_history.db"
2026-08-13 19:32:16.458954 [INFO] error_history:E  :: Checking database
2026-08-13 19:32:16.458905 [INFO] token_provider:  :: Module token_provider initialized [1990ms]
2026-08-13 19:32:16.460379 [WARN] evse_security:E evse_security::EvseSecurity::EvseSecurity(const evse_security::FilePaths&, const std::optional<std::__cxx11::basic_string<char> >&, const std::optional<long unsigned int>&, const std::optional<long unsigned int>&, const std::optional<std::chrono::duration<long int> >&, const std::optional<std::chrono::duration<long int> >&) :: Could not find configured MF bundle file at: /home/ahzf/everest/dist/etc/everest/certs/ca/mf/MF_ROOT_CA.pem, creating default!
2026-08-13 19:32:16.461076 [INFO] evse_security:E  :: Module evse_security initialized [1998ms]
2026-08-13 19:32:16.461282 [INFO] error_history:E  :: Module error_history initialized [2002ms]
2026-08-13 19:32:16.461486 [INFO] iso15118_charge  :: Module iso15118_charger initialized [1995ms]
2026-08-13 19:32:16.461501 [INFO] grid_connection  :: Module grid_connection_point initialized [2001ms]
2026-08-13 19:32:16.463287 [INFO] ev_manager:EvMa  :: Module ev_manager initialized [2005ms]
2026-08-13 19:32:16.468572 [INFO] energy_manager:  :: Module energy_manager initialized [2015ms]
2026-08-13 19:32:16.475561 [INFO] evse_manager:Ev  :: Module evse_manager initialized [2014ms]
2026-08-13 19:32:16.822084 [INFO] iso15118_car     :: Module iso15118_car initialized [1967ms]
2026-08-13 19:32:16.868293 [INFO] manager          :: Clearing retained topics published by manager during startup
2026-08-13 19:32:16.869311 [INFO] manager          :: 🚙🚙🚙 All modules are initialized. EVerest up and running [2603ms] 🚙🚙🚙
2026-08-13 19:32:17.052346 [WARN] auth:Auth       void module::ReservationHandler::load_reservations() :: Can not load reservations because no storage was configured.
2026-08-13 19:32:17.271833 [INFO] evse_security:E  :: Requesting leaf certificate info: V2G
2026-08-13 19:32:17.275626 [INFO] evse_security:E  :: Found valid leaf: ["/home/ahzf/everest/dist/etc/everest/certs/client/cso/CPO_CERT_CHAIN.pem"]
2026-08-13 19:32:17.275727 [INFO] evse_security:E  :: Not requiring all valid leafs, returning
2026-08-13 19:32:17.320453 [INFO] evse_security:E  :: Requesting certificate file: [V2G] file:"/home/ahzf/everest/dist/etc/everest/certs/ca/v2g/V2G_ROOT_CA.pem"
2026-08-13 19:32:17.323890 [INFO] evse_manager:Ev  :: AC HLC mode enabled.
2026-08-13 19:32:17.364455 [INFO] evse_security:E  :: Requesting certificate file: [MO] file:"/home/ahzf/everest/dist/etc/everest/certs/ca/mo/MO_ROOT_CA.pem"
2026-08-13 19:32:17.400457 [INFO] iso15118_charge  :: Using ethernet interface: eth0
2026-08-13 19:32:17.400539 [INFO] iso15118_charge  :: Starting SDP server with address: ::
2026-08-13 19:32:17.416154 [INFO] evse_manager:Ev  :: Ignoring BSP Event, BSP is not enabled yet.
2026-08-13 19:32:17.461570 [INFO] evse_manager:Ev  :: Cleaning up any other transaction on start up
2026-08-13 19:32:17.637545 [INFO] evse_manager:Ev  :: 🌀🌀🌀 Ready to start charging 🌀🌀🌀
2026-08-13 19:32:40.648239 [INFO] ev_manager:EvMa  :: Finished simulation.
2026-08-13 19:32:47.015964 [INFO] connector_1_pow  :: Lock connector
2026-08-13 19:32:47.153259 [INFO] evse_manager:Ev  :: SYS  Session logging started.
2026-08-13 19:32:47.153468 [INFO] evse_manager:Ev  :: EVSE IEC Session Started: EVConnected
2026-08-13 19:32:47.154943 [INFO] auth:Auth        :: Plug In event for evse#1, starting auth
2026-08-13 19:32:47.155046 [INFO] token_provider:  :: Publishing new dummy token: {
    "authorization_type": "RFID",
    "id_token": {
        "type": "ISO14443",
        "value": "[redacted] hash: 29F2679CA504908"
    },
    "parent_id_token": {
        "type": "ISO14443",
        "value": "[redacted] hash: 29F2679CA504908"
    }
}
2026-08-13 19:32:47.156052 [INFO] auth:Auth        :: Received new token: {
    "authorization_type": "RFID",
    "id_token": {
        "type": "ISO14443",
        "value": "[redacted] hash: 29F2679CA504908"
    },
    "parent_id_token": {
        "type": "ISO14443",
        "value": "[redacted] hash: 29F2679CA504908"
    }
}
2026-08-13 19:32:47.157690 [INFO] token_validator  :: Got validation request for token: [redacted] hash: 29F2679CA504908
2026-08-13 19:32:47.407957 [INFO] token_validator  :: Returning validation status: Accepted
2026-08-13 19:32:47.409552 [INFO] auth:Auth        :: Providing authorization to evse#1
2026-08-13 19:32:47.454927 [INFO] evse_manager:Ev  :: EVSE IEC EIM Authorization received
2026-08-13 19:32:47.456089 [INFO] auth:Auth        :: Result for token: [redacted] hash: 29F2679CA504908: USED_TO_START_TRANSACTION
2026-08-13 19:32:47.500301 [INFO] evse_manager:Ev  :: EVSE IEC Transaction Started (0 kWh)
2026-08-13 19:32:47.500801 [INFO] evse_manager:Ev  :: EVSE IEC AC mode, HLC enabled(X1), matching already started. We are in X1 so we can go directly to nominal PWM.
2026-08-13 19:32:47.501003 [INFO] evse_manager:Ev  :: EVSE IEC Charger state: Wait for Auth->PrepareCharging
2026-08-13 19:32:47.501759 [INFO] evse_manager:Ev  :: EVSE IEC Set PWM On (53.3%) took 0 ms
2026-08-13 19:32:49.180323 [INFO] evse_manager:Ev  :: EVSE ISO SLAC MATCHED
2026-08-13 19:32:49.180391 [INFO] evse_manager:Ev  :: EVSE ISO D-LINK_READY (true)
2026-08-13 19:32:49.355799 [INFO] iso15118_charge  :: Got SDP request from fe80::215:5dff:feda:2c1f%eth0
2026-08-13 19:32:49.360062 [INFO] iso15118_charge  :: Start TLS server [fe80::215:5dff:feda:2c1f%eth0]:50000
2026-08-13 19:32:49.360354 [INFO] iso15118_charge  :: Created logfile at: /home/ahzf/everest/dist/./260813_17-32-49.yaml
2026-08-13 19:32:53.787305 [INFO] iso15118_charge  :: Incoming connection from [fe80::215:5dff:feda:2c1f%eth0]:53364
2026-08-13 19:32:53.913632 [INFO] iso15118_charge  :: Client supports TLS1.3: Change verify mode to SSL_VERIFY_PEER and SSL_VERIFY_FAIL_IF_NO_PEER_CERT
2026-08-13 19:32:54.094643 [ERRO] iso15118_charge module::charger::ISO15118_chargerImpl::init()::<lambda(const iso15118::LogLevel&, const std::string&)> :: Shutdown loop() because of: Failed to SSL_accept(): 1: C076BCDF6A7B0000:error:0A000086:SSL routines:tls_process_client_certificate:certificate verify failed:../ssl/statem/statem_srvr.c:3764:
2026-08-13 19:33:17.529103 [INFO] evse_manager:Ev  :: EVSE IEC EV did not transition to state C, trying one legacy wakeup according to IEC61851-1 A.5.3
2026-08-13 19:33:17.529381 [INFO] evse_manager:Ev  :: EVSE IEC Charger state: PrepareCharging->T_step_EF
2026-08-13 19:33:17.529859 [INFO] evse_manager:Ev  :: EVSE IEC Enter T_step_EF
2026-08-13 19:33:17.530024 [INFO] evse_manager:Ev  :: EVSE IEC Set PWM F
2026-08-13 19:33:17.732399 [INFO] evse_manager:Ev  ::                                     CAR IEC Event BCDtoEF
2026-08-13 19:33:17.732898 [INFO] evse_manager:Ev  :: EVSE ISO SLAC UNMATCHED
2026-08-13 19:33:17.733005 [INFO] evse_manager:Ev  :: EVSE ISO D-LINK_READY (false)
2026-08-13 19:33:21.536792 [INFO] evse_manager:Ev  :: EVSE IEC Pause in X1 for EV READY regulations
2026-08-13 19:33:21.537017 [INFO] evse_manager:Ev  :: EVSE IEC Set PWM Off
2026-08-13 19:33:22.187068 [INFO] evse_manager:Ev  ::                                     CAR IEC Event CarRequestedStopPower
2026-08-13 19:33:22.232146 [INFO] evse_manager:Ev  :: EVSE ISO SLAC MATCHING
2026-08-13 19:33:22.232271 [INFO] evse_manager:Ev  ::                                     CAR IEC Event EFtoBCD
2026-08-13 19:33:22.332608 [INFO] evse_manager:Ev  :: EVSE IEC Exit T_step_EF
2026-08-13 19:33:22.332856 [INFO] evse_manager:Ev  :: EVSE IEC Set PWM On (53.3%) took 0 ms
2026-08-13 19:33:22.380213 [INFO] evse_manager:Ev  :: EVSE IEC Charger state: T_step_EF->PrepareCharging
2026-08-13 19:33:32.392574 [INFO] evse_manager:Ev  :: EVSE IEC Charger state: PrepareCharging->Car Paused
