2026-08-13 19:34:19.020679 [INFO] manager          ::   ________      __                _   
2026-08-13 19:34:19.020886 [INFO] manager          ::  |  ____\ \    / /               | |
2026-08-13 19:34:19.020895 [INFO] manager          ::  | |__   \ \  / /__ _ __ ___  ___| |_
2026-08-13 19:34:19.020901 [INFO] manager          ::  |  __|   \ \/ / _ \ '__/ _ \/ __| __|
2026-08-13 19:34:19.020907 [INFO] manager          ::  | |____   \  /  __/ | |  __/\__ \ |_
2026-08-13 19:34:19.020913 [INFO] manager          ::  |______|   \/ \___|_|  \___||___/\__|
2026-08-13 19:34:19.020919 [INFO] manager          :: 
2026-08-13 19:34:19.020925 [INFO] manager          :: everest-framework 0.25.0-dev 2026.02.1
2026-08-13 19:34:19.020931 [INFO] manager          :: everest-core 2026.02.1-dev 2026.02.1
2026-08-13 19:34:19.020938 [INFO] manager          :: 
2026-08-13 19:34:19.020945 [INFO] manager          :: Using MQTT broker localhost:1883
2026-08-13 19:34:19.042726 [INFO] manager          :: Boot mode is set to YamlFile, loading module configs from YAML file
2026-08-13 19:34:19.042790 [INFO] manager          :: Loading config file at: /home/ahzf/everest/configs-ours/config-ac20-tls-ours.yaml
2026-08-13 19:34:19.167595 [INFO] manager          :: Config loading completed in 146ms
2026-08-13 19:34:19.169820 [INFO] manager          :: Starting 15 modules
2026-08-13 19:34:21.173759 [INFO] api_sink:Energy  :: Module api_sink initialized [1979ms]
2026-08-13 19:34:21.189866 [INFO] energy_manager:  :: Module energy_manager initialized [1993ms]
2026-08-13 19:34:21.193770 [INFO] iso15118_charge  :: Module iso15118_charger initialized [1984ms]
2026-08-13 19:34:21.212398 [INFO] error_history:E  :: Using database at "/tmp/error_history.db"2026-08-13 19:34:21.212338 [INFO] token_provider:  :: Module token_provider initialized [1996ms]

2026-08-13 19:34:21.212734 [INFO] error_history:E  :: Checking database
2026-08-13 19:34:21.215124 [INFO] error_history:E  :: Module error_history initialized [2014ms]
2026-08-13 19:34:21.216745 [INFO] slac:SlacSimula  :: Module slac initialized [2006ms]
2026-08-13 19:34:21.221771 [INFO] token_validator  :: Module token_validator initialized [2007ms]
2026-08-13 19:34:21.223420 [INFO] grid_connection  :: Module grid_connection_point initialized [2017ms]
2026-08-13 19:34:21.228011 [INFO] ev_manager:EvMa  :: Module ev_manager initialized [2027ms]
2026-08-13 19:34:21.237802 [INFO] connector_1_pow  :: Module connector_1_powerpath initialized [2041ms]
2026-08-13 19:34:21.239467 [INFO] evse_manager:Ev  :: Module evse_manager initialized [2033ms]
2026-08-13 19:34:21.275474 [WARN] evse_security:E evse_security::EvseSecurity::EvseSecurity(const evse_security::FilePaths&, const std::optional<std::__cxx11::basic_string<char> >&, const std::optional<long unsigned int>&, const std::optional<long unsigned int>&, const std::optional<std::chrono::duration<long int> >&, const std::optional<std::chrono::duration<long int> >&) :: Could not find configured MF bundle file at: /home/ahzf/everest/dist/etc/everest/certs/ca/mf/MF_ROOT_CA.pem, creating default!
2026-08-13 19:34:21.275966 [INFO] evse_security:E  :: Module evse_security initialized [2070ms]
2026-08-13 19:34:21.278848 [INFO] auth:Auth        :: Module auth initialized [2082ms]
2026-08-13 19:34:21.279940 [INFO] api:API          :: Module api initialized [2085ms]
2026-08-13 19:34:21.636734 [INFO] iso15118_car     :: Module iso15118_car initialized [1985ms]
2026-08-13 19:34:21.684471 [INFO] manager          :: Clearing retained topics published by manager during startup
2026-08-13 19:34:21.686614 [INFO] manager          :: 🚙🚙🚙 All modules are initialized. EVerest up and running [2673ms] 🚙🚙🚙
2026-08-13 19:34:21.916492 [WARN] auth:Auth       void module::ReservationHandler::load_reservations() :: Can not load reservations because no storage was configured.
2026-08-13 19:34:22.089945 [INFO] evse_security:E  :: Requesting leaf certificate info: V2G
2026-08-13 19:34:22.094577 [INFO] evse_security:E  :: Found valid leaf: ["/home/ahzf/everest/dist/etc/everest/certs/client/cso/CPO_CERT_CHAIN.pem"]
2026-08-13 19:34:22.094765 [INFO] evse_security:E  :: Not requiring all valid leafs, returning
2026-08-13 19:34:22.144695 [INFO] evse_security:E  :: Requesting certificate file: [V2G] file:"/home/ahzf/everest/dist/etc/everest/certs/ca/v2g/V2G_ROOT_CA.pem"
2026-08-13 19:34:22.188762 [INFO] evse_security:E  :: Requesting certificate file: [MO] file:"/home/ahzf/everest/dist/etc/everest/certs/ca/mo/MO_ROOT_CA.pem"
2026-08-13 19:34:22.192129 [INFO] evse_manager:Ev  :: Ignoring BSP Event, BSP is not enabled yet.
2026-08-13 19:34:22.196947 [INFO] evse_manager:Ev  :: AC HLC mode enabled.
2026-08-13 19:34:22.228577 [INFO] iso15118_charge  :: Using ethernet interface: eth0
2026-08-13 19:34:22.228682 [INFO] iso15118_charge  :: Starting SDP server with address: ::
2026-08-13 19:34:22.736608 [INFO] evse_manager:Ev  :: Cleaning up any other transaction on start up
2026-08-13 19:34:22.825103 [INFO] evse_manager:Ev  :: 🌀🌀🌀 Ready to start charging 🌀🌀🌀
2026-08-13 19:34:45.416218 [INFO] ev_manager:EvMa  :: Finished simulation.
2026-08-13 19:34:51.832569 [INFO] connector_1_pow  :: Lock connector
2026-08-13 19:34:52.013643 [INFO] evse_manager:Ev  :: SYS  Session logging started.
2026-08-13 19:34:52.013907 [INFO] evse_manager:Ev  :: EVSE IEC Session Started: EVConnected
2026-08-13 19:34:52.015931 [INFO] auth:Auth        :: Plug In event for evse#1, starting auth2026-08-13 19:34:52.015785 [INFO] token_provider:  :: Publishing new dummy token: {
    "authorization_type": "RFID",
    "id_token": {
        "type": "ISO14443",
        "value": "[redacted] hash: 29F2679CA504908"
    },
    "parent_id_token": {
        "type": "ISO14443",
        "value": "[redacted] hash: 29F2679CA504908"
    }
}

2026-08-13 19:34:52.017129 [INFO] auth:Auth        :: Received new token: {
    "authorization_type": "RFID",
    "id_token": {
        "type": "ISO14443",
        "value": "[redacted] hash: 29F2679CA504908"
    },
    "parent_id_token": {
        "type": "ISO14443",
        "value": "[redacted] hash: 29F2679CA504908"
    }
}
2026-08-13 19:34:52.019063 [INFO] token_validator  :: Got validation request for token: [redacted] hash: 29F2679CA504908
2026-08-13 19:34:52.269626 [INFO] token_validator  :: Returning validation status: Accepted
2026-08-13 19:34:52.274407 [INFO] auth:Auth        :: Providing authorization to evse#1
2026-08-13 19:34:52.362544 [INFO] auth:Auth        :: Result for token: [redacted] hash: 29F2679CA504908: USED_TO_START_TRANSACTION
2026-08-13 19:34:52.416063 [INFO] evse_manager:Ev  :: EVSE IEC EIM Authorization received
2026-08-13 19:34:52.504790 [INFO] evse_manager:Ev  :: EVSE IEC Transaction Started (0 kWh)
2026-08-13 19:34:52.505584 [INFO] evse_manager:Ev  :: EVSE IEC AC mode, HLC enabled(X1), matching already started. We are in X1 so we can go directly to nominal PWM.
2026-08-13 19:34:52.505804 [INFO] evse_manager:Ev  :: EVSE IEC Charger state: Wait for Auth->PrepareCharging
2026-08-13 19:34:52.506900 [INFO] evse_manager:Ev  :: EVSE IEC Set PWM On (53.3%) took 0 ms
2026-08-13 19:34:53.996544 [INFO] evse_manager:Ev  :: EVSE ISO D-LINK_READY (true)
2026-08-13 19:34:53.996545 [INFO] evse_manager:Ev  :: EVSE ISO SLAC MATCHED
2026-08-13 19:34:54.094400 [INFO] iso15118_charge  :: Got SDP request from fe80::215:5dff:feda:2c1f%eth0
2026-08-13 19:34:54.099126 [INFO] iso15118_charge  :: Start TLS server [fe80::215:5dff:feda:2c1f%eth0]:50000
2026-08-13 19:34:54.099554 [INFO] iso15118_charge  :: Created logfile at: /home/ahzf/everest/dist/./260813_17-34-54.yaml
2026-08-13 19:34:58.483988 [INFO] iso15118_charge  :: Incoming connection from [fe80::215:5dff:feda:2c1f%eth0]:37406
2026-08-13 19:34:58.586081 [INFO] iso15118_charge  :: Client supports TLS1.3: Change verify mode to SSL_VERIFY_PEER and SSL_VERIFY_FAIL_IF_NO_PEER_CERT
2026-08-13 19:34:58.764835 [INFO] iso15118_charge  :: Handshake complete!
2026-08-13 19:34:58.764939 [INFO] iso15118_charge  :: Verify certificate result is okay
2026-08-13 19:34:58.765000 [INFO] iso15118_charge  :: Vehicle Cert is available
2026-08-13 19:34:58.780035 [INFO] evse_manager:Ev  ::                                     CAR ISO V2G SupportedAppProtocolReq
2026-08-13 19:34:58.820339 [INFO] evse_manager:Ev  :: EVSE ISO V2G SupportedAppProtocolRes
2026-08-13 19:34:58.827879 [INFO] iso15118_charge  :: Received session setup with evccid: EVCC01
2026-08-13 19:34:58.828209 [INFO] iso15118_charge  :: New session created with session_id: 0x57, 0xD0, 0x0E, 0xE5, 0x3E, 0x4B, 0xD2, 0xE9
2026-08-13 19:34:58.828580 [INFO] evse_manager:Ev  ::                                     CAR ISO V2G SessionSetupReq
2026-08-13 19:34:58.876518 [INFO] evse_manager:Ev  :: EVSE ISO V2G SessionSetupRes
2026-08-13 19:34:58.886139 [INFO] iso15118_charge  :: Timestamp: 1786642498
2026-08-13 19:34:58.920184 [INFO] evse_manager:Ev  ::                                     CAR ISO V2G AuthorizationSetupReq
2026-08-13 19:34:58.976422 [INFO] evse_manager:Ev  :: EVSE ISO V2G AuthorizationSetupRes
2026-08-13 19:34:58.980211 [INFO] evse_manager:Ev  ::                                     CAR ISO V2G AuthorizationReq
2026-08-13 19:34:59.076794 [INFO] evse_manager:Ev  :: EVSE ISO V2G AuthorizationRes
2026-08-13 19:34:59.077894 [INFO] evse_manager:Ev  ::                                     CAR ISO V2G ServiceDiscoveryReq
2026-08-13 19:34:59.176816 [INFO] evse_manager:Ev  :: EVSE ISO V2G ServiceDiscoveryRes
2026-08-13 19:34:59.179933 [INFO] iso15118_charge  :: Requested info about ServiceID: 1
2026-08-13 19:34:59.180587 [INFO] evse_manager:Ev  ::                                     CAR ISO V2G ServiceDetailReq
2026-08-13 19:34:59.277013 [INFO] evse_manager:Ev  :: EVSE ISO V2G ServiceDetailRes
2026-08-13 19:34:59.281423 [INFO] evse_manager:Ev  ::                                     CAR ISO V2G ServiceSelectionReq
2026-08-13 19:34:59.281440 [INFO] evse_manager:Ev  ::                                     CAR ISO EV selected service: AC
2026-08-13 19:34:59.420188 [INFO] evse_manager:Ev  :: EVSE ISO V2G ServiceSelectionRes
2026-08-13 19:34:59.420623 [INFO] evse_manager:Ev  ::                                     CAR ISO V2G AcChargeParameterDiscoveryReq
2026-08-13 19:34:59.476888 [INFO] evse_manager:Ev  :: EVSE ISO V2G AcChargeParameterDiscoveryRes
2026-08-13 19:34:59.480929 [INFO] evse_manager:Ev  ::                                     CAR ISO V2G ScheduleExchangeReq
2026-08-13 19:34:59.577340 [INFO] evse_manager:Ev  :: EVSE ISO V2G ScheduleExchangeRes
2026-08-13 19:34:59.582839 [INFO] iso15118_charge  :: Waiting for contactor is closed
2026-08-13 19:34:59.583264 [INFO] evse_manager:Ev  ::                                     CAR ISO V2G PowerDeliveryReq
2026-08-13 19:34:59.624240 [INFO] evse_manager:Ev  ::                                     CAR ISO AC HLC Close contactor
2026-08-13 19:35:00.378416 [INFO] evse_manager:Ev  ::                                     CAR IEC Event CarRequestedPower
2026-08-13 19:35:00.378578 [INFO] evse_manager:Ev  :: EVSE IEC Charger state: PrepareCharging->Charging
2026-08-13 19:35:00.630985 [INFO] evse_manager:Ev  :: EVSE IEC Event PowerOn
2026-08-13 19:35:00.672092 [INFO] evse_manager:Ev  :: EVSE ISO V2G PowerDeliveryRes
2026-08-13 19:35:00.672269 [INFO] evse_manager:Ev  ::                                     CAR ISO V2G AcChargeLoopReq
2026-08-13 19:35:00.764647 [INFO] evse_manager:Ev  :: EVSE ISO V2G AcChargeLoopRes
2026-08-13 19:35:00.823250 [INFO] evse_manager:Ev  ::                                     CAR ISO V2G AcChargeLoopReq
2026-08-13 19:35:00.868256 [INFO] evse_manager:Ev  :: EVSE ISO V2G AcChargeLoopRes
2026-08-13 19:35:00.972813 [INFO] evse_manager:Ev  ::                                     CAR ISO V2G AcChargeLoopReq
2026-08-13 19:35:00.973097 [INFO] evse_manager:Ev  :: EVSE ISO V2G AcChargeLoopRes
2026-08-13 19:35:01.060204 [INFO] evse_manager:Ev  ::                                     CAR ISO V2G PowerDeliveryReq
2026-08-13 19:35:01.072345 [INFO] evse_manager:Ev  ::                                     CAR ISO AC HLC Open contactor
2026-08-13 19:35:01.072444 [INFO] evse_manager:Ev  :: EVSE ISO V2G PowerDeliveryRes
2026-08-13 19:35:01.116344 [INFO] evse_manager:Ev  ::                                     CAR ISO V2G SessionStopReq
2026-08-13 19:35:01.165508 [INFO] evse_manager:Ev  :: EVSE ISO V2G SessionStopRes
2026-08-13 19:35:06.164745 [INFO] iso15118_charge  :: Closing TLS connection
2026-08-13 19:35:06.165019 [INFO] iso15118_charge  :: TLS connection closed gracefully
2026-08-13 19:35:06.165046 [INFO] iso15118_charge  :: Connection is closed
2026-08-13 19:35:06.166088 [INFO] evse_manager:Ev  :: EVSE ISO D-LINK_TERMINATE.req
2026-08-13 19:35:06.166263 [INFO] evse_manager:Ev  :: EVSE IEC Set PWM Off
2026-08-13 19:35:06.237767 [INFO] evse_manager:Ev  :: EVSE IEC Set PWM On (53.3%) took 0 ms
2026-08-13 19:35:06.238452 [INFO] evse_manager:Ev  :: EVSE ISO SLAC UNMATCHED
2026-08-13 19:35:06.280185 [INFO] evse_manager:Ev  :: EVSE ISO D-LINK_READY (false)
