# Frames as recorded, per direction. Ordering within a direction is real;
# the two directions are not interleaved, because the recording has no timestamps.

## EV -> station: 481 byte(s), 16 frame(s)
[0] SupportedAppProtocolReq payloadType=0x8001 bytes=45
    01fe8001000000258000f3ab9371d34b9b79d39ba321d34b9b79d189a98989c1d1699181d20a18010000040040
[1] SessionSetupReq payloadType=0x8002 bytes=33
    01fe800200000019808c0400000000000000000d9fbf5d30620422ab21a1981880
[2] AuthorizationSetupReq payloadType=0x8002 bytes=25
    01fe80020000001180080438d0cb1db47a8a0f0d9fbf5d3062
[3] AuthorizationReq payloadType=0x8002 bytes=26
    01fe80020000001280000438d0cb1db47a8a0f0d9fbf5d306200
[4] AuthorizationReq payloadType=0x8002 bytes=26
    01fe80020000001280000438d0cb1db47a8a0f0d9fbf5d306200
[5] ServiceDiscoveryReq payloadType=0x8002 bytes=26
    01fe800200000012807c0438d0cb1db47a8a0f0d9fbf5d306280
[6] ServiceDetailReq payloadType=0x8002 bytes=27
    01fe80020000001380740438d0cb1db47a8a0f0d9fbf5d30620080
[7] ServiceSelectionReq payloadType=0x8002 bytes=29
    01fe80020000001580840438d0cb1db47a8a0f0dafbf5d306200401080
[8] AC_ChargeParameterDiscoveryReq payloadType=0x8003 bytes=33
    01fe80030000001980100438d0cb1db47a8a0f0dafbf5d30620810981122000008
[9] ScheduleExchangeReq payloadType=0x8002 bytes=28
    01fe800200000014806c0438d0cb1db47a8a0f0dafbf5d3062000680
[10] PowerDeliveryReq payloadType=0x8002 bytes=37
    01fe80020000001d80540438d0cb1db47a8a0f0dafbf5d306200000100420480e041805124
[11] AC_ChargeLoopReq payloadType=0x8003 bytes=31
    01fe80030000001780080438d0cb1db47a8a0f0dbfbf5d30628924084c0894
[12] AC_ChargeLoopReq payloadType=0x8003 bytes=31
    01fe80030000001780080438d0cb1db47a8a0f0dbfbf5d30628924084c0894
[13] AC_ChargeLoopReq payloadType=0x8003 bytes=31
    01fe80030000001780080438d0cb1db47a8a0f0dbfbf5d30628924084c0894
[14] PowerDeliveryReq payloadType=0x8002 bytes=27
    01fe80020000001380540438d0cb1db47a8a0f0dbfbf5d30620140
[15] SessionStopReq payloadType=0x8002 bytes=26
    01fe80020000001280940438d0cb1db47a8a0f0dbfbf5d306228

## station -> EV: 833 byte(s), 16 frame(s)
[0] SupportedAppProtocolRes (OK_SuccessfulNegotiation) payloadType=0x8001 bytes=12
    01fe80010000000480400040
[1] SessionSetupRes (OK_NewSessionEstablished) payloadType=0x8002 bytes=43
    01fe80020000002380900438d0cb1db47a8a0f0d9fbf5d3062040451114a9413960a914c4c8ccd0d4a8c40
[2] AuthorizationSetupRes (OK) payloadType=0x8002 bytes=28
    01fe800200000014800c0438d0cb1db47a8a0f0d9fbf5d3062000400
[3] AuthorizationRes (OK) payloadType=0x8002 bytes=27
    01fe80020000001380040438d0cb1db47a8a0f0d9fbf5d30620010
[4] AuthorizationRes (OK) payloadType=0x8002 bytes=27
    01fe80020000001380040438d0cb1db47a8a0f0d9fbf5d30620000
[5] ServiceDiscoveryRes (OK) payloadType=0x8002 bytes=36
    01fe80020000001c80800438d0cb1db47a8a0f0d9fbf5d30620000010000400010001405
[6] ServiceDetailRes (OK) payloadType=0x8002 bytes=352
    01fe80020000015880780438d0cb1db47a8a0f0d9fbf5d30620000400002d0dbdb9b9958dd1bdc980200d436f6e74726f6c4d6f6465601005115594d1539bdb5a5b985b159bdb1d1859d959cc020134d6f62696c6974794e656564734d6f6465600802541c9a58da5b99d800200202d0dbdb9b9958dd1bdc980600d436f6e74726f6c4d6f6465601005115594d1539bdb5a5b985b159bdb1d1859d959cc020134d6f62696c6974794e656564734d6f6465600802541c9a58da5b99d800200402d0dbdb9b9958dd1bdc980200d436f6e74726f6c4d6f6465600805115594d1539bdb5a5b985b159bdb1d1859d959cc020134d6f62696c6974794e656564734d6f6465600802541c9a58da5b99d800200602d0dbdb9b9958dd1bdc980600d436f6e74726f6c4d6f6465600805115594d1539bdb5a5b985b159bdb1d1859d959cc020134d6f62696c6974794e656564734d6f6465600802541c9a58da5b99d80028
[7] ServiceSelectionRes (OK) payloadType=0x8002 bytes=27
    01fe80020000001380880438d0cb1db47a8a0f0dafbf5d30620000
[8] AC_ChargeParameterDiscoveryRes (OK) payloadType=0x8003 bytes=40
    01fe80030000002080140438d0cb1db47a8a0f0dafbf5d3062000408500891001584043f04413940
[9] ScheduleExchangeRes (OK) payloadType=0x8002 bytes=43
    01fe80020000002380700438d0cb1db47a8a0f0dafbf5d306200040041b5f7eba60c840518284000012940
[10] PowerDeliveryRes (OK) payloadType=0x8002 bytes=27
    01fe80020000001380580438d0cb1db47a8a0f0dbfbf5d30620040
[11] AC_ChargeLoopRes (OK) payloadType=0x8003 bytes=39
    01fe80030000001f800c0438d0cb1db47a8a0f0dbfbf5d30620032000008040850088a40000100
[12] AC_ChargeLoopRes (OK) payloadType=0x8003 bytes=39
    01fe80030000001f800c0438d0cb1db47a8a0f0dbfbf5d30620032000008040850088a40000100
[13] AC_ChargeLoopRes (OK) payloadType=0x8003 bytes=39
    01fe80030000001f800c0438d0cb1db47a8a0f0dbfbf5d30620032000008040850088a40000100
[14] PowerDeliveryRes (OK) payloadType=0x8002 bytes=27
    01fe80020000001380580438d0cb1db47a8a0f0dbfbf5d30620040
[15] SessionStopRes (OK) payloadType=0x8002 bytes=27
    01fe80020000001380980438d0cb1db47a8a0f0dbfbf5d30620000
