# Frames as recorded, per direction. Ordering within a direction is real;
# the two directions are not interleaved, because the recording has no timestamps.

## EV -> station: 111 byte(s), 4 frame(s)
[0] SupportedAppProtocolReq payloadType=0x8001 bytes=44
    01fe8001000000248000ebab9371d34b9b79d189a98989c1d191d191818999d26b9b3a232b30020000040040
[1] SessionSetupReq payloadType=0x8001 bytes=22
    01fe80010000000e8098004011d01801f7e81d792800
[2] ServiceDiscoveryReq payloadType=0x8001 bytes=21
    01fe80010000000d8098022216f388302e5af9d1b8
[3] PaymentServiceSelectionReq payloadType=0x8001 bytes=24
    01fe8001000000108098022216f388302e5af9d132001280

## station -> EV: 103 byte(s), 4 frame(s)
[0] SupportedAppProtocolRes (OK_SuccessfulNegotiation) payloadType=0x8001 bytes=12
    01fe80010000000480400040
[1] SessionSetupRes (OK_NewSessionEstablished) payloadType=0x8001 bytes=38
    01fe80010000001e8098022216f388302e5af9d1e0202d1114a905090ca914c41e585a7a60c0
[2] ServiceDiscoveryRes (OK) payloadType=0x8001 bytes=31
    01fe8001000000178098022216f388302e5af9d1c00008004011110c050648
[3] PaymentServiceSelectionRes (OK) payloadType=0x8001 bytes=22
    01fe80010000000e8098022216f388302e5af9d14000
