2026-08-15 01:30:51.057216 [INFO] manager          ::   ________      __                _   
2026-08-15 01:30:51.057357 [INFO] manager          ::  |  ____\ \    / /               | |
2026-08-15 01:30:51.057367 [INFO] manager          ::  | |__   \ \  / /__ _ __ ___  ___| |_
2026-08-15 01:30:51.057372 [INFO] manager          ::  |  __|   \ \/ / _ \ '__/ _ \/ __| __|
2026-08-15 01:30:51.057378 [INFO] manager          ::  | |____   \  /  __/ | |  __/\__ \ |_
2026-08-15 01:30:51.057384 [INFO] manager          ::  |______|   \/ \___|_|  \___||___/\__|
2026-08-15 01:30:51.057389 [INFO] manager          :: 
2026-08-15 01:30:51.057395 [INFO] manager          :: everest-framework 0.25.0-dev 2026.02.1
2026-08-15 01:30:51.057401 [INFO] manager          :: everest-core 2026.02.1-dev 2026.02.1
2026-08-15 01:30:51.057406 [INFO] manager          :: 
2026-08-15 01:30:51.057412 [INFO] manager          :: Using MQTT broker localhost:1883
2026-08-15 01:30:51.077126 [INFO] manager          :: Boot mode is set to YamlFile, loading module configs from YAML file
2026-08-15 01:30:51.077172 [INFO] manager          :: Loading config file at: /home/ahzf/everest/configs-ours/config-dc20-dynamic-reverse-ours.yaml
2026-08-15 01:30:51.197952 [INFO] manager          :: Config loading completed in 140ms
2026-08-15 01:30:51.200621 [INFO] manager          :: Starting 18 modules
2026-08-15 01:30:53.418314 [INFO] iso15118_charge  :: Module iso15118_charger initialized [2177ms]
2026-08-15 01:30:53.419216 [INFO] api:API          :: Module api initialized [2196ms]
2026-08-15 01:30:53.436939 [INFO] evse_manager:Ev  :: Module evse_manager initialized [2201ms]
2026-08-15 01:30:53.453404 [INFO] imd:IMDSimulato  :: Module imd initialized [2218ms]
2026-08-15 01:30:53.453555 [INFO] powersupply_dc:  :: Module powersupply_dc initialized [2214ms]
2026-08-15 01:30:53.453999 [INFO] api_sink:Energy  :: Module api_sink initialized [2231ms]
2026-08-15 01:30:53.454773 [INFO] slac:SlacSimula  :: Module slac initialized [2213ms]
2026-08-15 01:30:53.455080 [INFO] token_provider:  :: Module token_provider initialized [2212ms]
2026-08-15 01:30:53.455316 [INFO] grid_connection  :: Module grid_connection_point initialized [2221ms]
2026-08-15 01:30:53.455577 [INFO] ev_api:EvAPI     :: Module ev_api initialized [2228ms]
2026-08-15 01:30:53.456282 [WARN] evse_security:E evse_security::EvseSecurity::EvseSecurity(const evse_security::FilePaths&, const std::optional<std::__cxx11::basic_string<char> >&, const std::optional<long unsigned int>&, const std::optional<long unsigned int>&, const std::optional<std::chrono::duration<long int> >&, const std::optional<std::chrono::duration<long int> >&) :: Could not find configured MF bundle file at: /home/ahzf/everest/dist/etc/everest/certs/ca/mf/MF_ROOT_CA.pem, creating default!
2026-08-15 01:30:53.456635 [INFO] evse_security:E  :: Module evse_security initialized [2221ms]
2026-08-15 01:30:53.456661 [INFO] yeti_driver:Yet  :: Module yeti_driver initialized [2213ms]
2026-08-15 01:30:53.457103 [INFO] auth:Auth        :: Module auth initialized [2231ms]
2026-08-15 01:30:53.457433 [INFO] energy_manager:  :: Module energy_manager initialized [2230ms]
2026-08-15 01:30:53.459962 [INFO] token_validator  :: Module token_validator initialized [2214ms]
2026-08-15 01:30:53.463465 [INFO] error_history:E  :: Using database at "/tmp/error_history.db"
2026-08-15 01:30:53.463624 [INFO] error_history:E  :: Checking database
2026-08-15 01:30:53.465327 [INFO] error_history:E  :: Module error_history initialized [2238ms]
2026-08-15 01:30:53.489525 [INFO] ev_manager:EvMa  :: Module ev_manager initialized [2260ms]
2026-08-15 01:30:53.818452 [INFO] iso15118_car     :: Module iso15118_car initialized [2191ms]
2026-08-15 01:30:53.819212 [INFO] manager          :: Clearing retained topics published by manager during startup
2026-08-15 01:30:53.820344 [INFO] manager          :: 🚙🚙🚙 All modules are initialized. EVerest up and running [2768ms] 🚙🚙🚙
2026-08-15 01:30:53.967022 [WARN] auth:Auth       void module::ReservationHandler::load_reservations() :: Can not load reservations because no storage was configured.
2026-08-15 01:30:54.366653 [INFO] evse_manager:Ev  :: Ignoring BSP Event, BSP is not enabled yet.
2026-08-15 01:30:54.423374 [INFO] evse_security:E  :: Requesting leaf certificate info: V2G
2026-08-15 01:30:54.428008 [INFO] evse_security:E  :: Found valid leaf: ["/home/ahzf/everest/dist/etc/everest/certs/client/cso/CPO_CERT_CHAIN.pem"]
2026-08-15 01:30:54.428107 [INFO] evse_security:E  :: Not requiring all valid leafs, returning
2026-08-15 01:30:54.475180 [INFO] evse_security:E  :: Requesting certificate file: [V2G] file:"/home/ahzf/everest/dist/etc/everest/certs/ca/v2g/V2G_ROOT_CA.pem"
2026-08-15 01:30:54.519022 [INFO] evse_security:E  :: Requesting certificate file: [MO] file:"/home/ahzf/everest/dist/etc/everest/certs/ca/mo/MO_ROOT_CA.pem"
2026-08-15 01:30:54.547054 [INFO] evse_manager:Ev  :: Cleaning up any other transaction on start up
2026-08-15 01:30:54.555087 [INFO] iso15118_charge  :: Using ethernet interface: lo
2026-08-15 01:30:54.555235 [INFO] iso15118_charge  :: Starting SDP server with address: ::
2026-08-15 01:30:54.716028 [INFO] evse_manager:Ev  :: 🌀🌀🌀 Ready to start charging 🌀🌀🌀
2026-08-15 01:30:58.603923 [INFO] evse_manager:Ev  :: SYS  Session logging started.
2026-08-15 01:30:58.604110 [INFO] evse_manager:Ev  :: EVSE IEC Session Started: EVConnected
2026-08-15 01:30:58.605143 [INFO] token_provider:  :: Publishing new dummy token: {
    "authorization_type": "RFID",
    "id_token": {
        "type": "ISO14443",
        "value": "[redacted] hash: CE55F71752B68164"
    },
    "parent_id_token": {
        "type": "ISO14443",
        "value": "[redacted] hash: CE55F71752B68164"
    }
}
2026-08-15 01:30:58.605246 [INFO] auth:Auth        :: Plug In event for evse#1, starting auth
2026-08-15 01:30:58.606088 [INFO] auth:Auth        :: Received new token: {
    "authorization_type": "RFID",
    "id_token": {
        "type": "ISO14443",
        "value": "[redacted] hash: CE55F71752B68164"
    },
    "parent_id_token": {
        "type": "ISO14443",
        "value": "[redacted] hash: CE55F71752B68164"
    }
}
2026-08-15 01:30:58.607305 [INFO] token_validator  :: Got validation request for token: [redacted] hash: CE55F71752B68164
2026-08-15 01:30:58.857474 [INFO] token_validator  :: Returning validation status: Accepted
2026-08-15 01:30:58.858647 [INFO] auth:Auth        :: Providing authorization to evse#1
2026-08-15 01:30:59.104861 [INFO] evse_manager:Ev  :: EVSE IEC Set PWM On (5.0%) took 0 ms
2026-08-15 01:30:59.246838 [INFO] evse_manager:Ev  :: EVSE IEC EIM Authorization received
2026-08-15 01:30:59.247929 [INFO] auth:Auth        :: Result for token: [redacted] hash: CE55F71752B68164: USED_TO_START_TRANSACTION
2026-08-15 01:30:59.291650 [INFO] evse_manager:Ev  :: EVSE IEC Transaction Started (0 kWh)
2026-08-15 01:30:59.292054 [INFO] evse_manager:Ev  :: EVSE IEC DC mode. We are in 5percent mode so we can continue without further action.
2026-08-15 01:30:59.292249 [INFO] evse_manager:Ev  :: EVSE IEC Charger state: Wait for Auth->PrepareCharging
2026-08-15 01:31:00.654705 [INFO] evse_manager:Ev  :: EVSE ISO D-LINK_READY (true)
2026-08-15 01:31:00.654705 [INFO] evse_manager:Ev  :: EVSE ISO SLAC MATCHED
2026-08-15 01:31:00.891133 [WARN] iso15118_car    pybind11_init_everestpy(pybind11::module_&)::<lambda(const std::string&)> :: The port 15118 does not match the mandatory UDP server port 15118.
2026-08-15 01:31:06.375173 [INFO] evse_manager:Ev  ::                                     CAR IEC Event CarRequestedPower
2026-08-15 01:31:25.755419 [INFO] evse_manager:Ev  ::                                     CAR IEC Event CarRequestedStopPower
2026-08-15 01:31:25.798819 [INFO] evse_manager:Ev  :: EVSE IEC Charger state: PrepareCharging->EVSE Paused
2026-08-15 01:31:25.799272 [INFO] evse_manager:Ev  :: EVSE IEC Set PWM Off
2026-08-15 01:31:25.886673 [INFO] evse_manager:Ev  :: EVSE ISO SLAC MATCHING
2026-08-15 01:31:25.886715 [INFO] evse_manager:Ev  :: EVSE IEC Charger state: EVSE Paused->PrepareCharging
2026-08-15 01:31:25.887288 [INFO] evse_manager:Ev  :: EVSE IEC Set PWM On (5.0%) took 0 ms
2026-08-15 01:31:34.898663 [INFO] ev_manager:EvMa  :: Finished simulation.
2026-08-15 01:31:35.138739 [INFO] evse_manager:Ev  :: EVSE ISO D-LINK_READY (false)
2026-08-15 01:31:35.138739 [INFO] evse_manager:Ev  :: EVSE ISO SLAC UNMATCHED
2026-08-15 01:31:35.226899 [INFO] evse_manager:Ev  ::                                     CAR IEC Event CarUnplugged
2026-08-15 01:31:35.227112 [INFO] evse_manager:Ev  :: EVSE IEC Stop in PrepareCharging: [EV unplugged]
2026-08-15 01:31:35.227213 [INFO] evse_manager:Ev  :: EVSE IEC Charger state: PrepareCharging->StoppingCharging
2026-08-15 01:31:35.227750 [INFO] evse_manager:Ev  :: EVSE IEC Set PWM Off
2026-08-15 01:31:35.318774 [INFO] evse_manager:Ev  :: EVSE IEC Charger state: StoppingCharging->Finished
2026-08-15 01:31:35.363158 [INFO] evse_manager:Ev  :: EVSE IEC Transaction Finished: EVDisconnected (0 kWh)
2026-08-15 01:31:35.490847 [INFO] evse_manager:Ev  :: EVSE IEC Session Finished
2026-08-15 01:31:35.491051 [INFO] evse_manager:Ev  :: SYS  Session logging stopped.
2026-08-15 01:31:35.578821 [INFO] evse_manager:Ev  :: All errors cleared
2026-08-15 01:31:35.578968 [INFO] evse_manager:Ev  :: All errors cleared
