# Frames as recorded, per direction. Ordering within a direction is real;
# the two directions are not interleaved, because the recording has no timestamps.

## EV -> station: 260 byte(s), 8 frame(s)
[0] SupportedAppProtocolReq payloadType=0x8001 bytes=45
    01fe8001000000258000f3ab9371d34b9b79d39ba321d34b9b79d189a98989c1d1699181d22218010000040040
[1] SessionSetupReq payloadType=0x8002 bytes=33
    01fe800200000019808c04000000000000000009489ccd30620422ab21a1981880
[2] AuthorizationSetupReq payloadType=0x8002 bytes=25
    01fe80020000001180080428aafa4336496cc309489ccd3062
[3] AuthorizationReq payloadType=0x8002 bytes=26
    01fe80020000001280000428aafa4336496cc309589ccd306200
[4] ServiceDiscoveryReq payloadType=0x8002 bytes=26
    01fe800200000012807c0428aafa4336496cc309589ccd306280
[5] ServiceDetailReq payloadType=0x8002 bytes=27
    01fe80020000001380740428aafa4336496cc309589ccd30620480
[6] ServiceSelectionReq payloadType=0x8002 bytes=29
    01fe80020000001580840428aafa4336496cc309589ccd306202400880
[7] DC_ChargeParameterDiscoveryReq payloadType=0x8004 bytes=49
    01fe800400000029803c0428aafa4336496cc309589ccd3062881088270400000200320041000000800f40304001902800

## station -> EV: 420 byte(s), 8 frame(s)
[0] SupportedAppProtocolRes (OK_SuccessfulNegotiation) payloadType=0x8001 bytes=12
    01fe80010000000480400040
[1] SessionSetupRes (OK_NewSessionEstablished) payloadType=0x8002 bytes=43
    01fe80020000002380900428aafa4336496cc309489ccd3062040451114a9413960a914c4c8ccd0d4a8c40
[2] AuthorizationSetupRes (OK) payloadType=0x8002 bytes=28
    01fe800200000014800c0428aafa4336496cc309489ccd3062000400
[3] AuthorizationRes (OK) payloadType=0x8002 bytes=27
    01fe80020000001380040428aafa4336496cc309589ccd30620000
[4] ServiceDiscoveryRes (OK) payloadType=0x8002 bytes=32
    01fe80020000001880800428aafa4336496cc309589ccd306200000800024050
[5] ServiceDetailRes (OK) payloadType=0x8002 bytes=205
    01fe8002000000c580780428aafa4336496cc309589ccd30620002400002d0dbdb9b9958dd1bdc980200d436f6e74726f6c4d6f6465601004d35bd89a5b1a5d1e539959591cd35bd919580200950726963696e6760000310941510da185b9b995b180200f47656e657261746f724d6f6465600880080b436f6e6e6563746f7260080350dbdb9d1c9bdb135bd91958020134d6f62696c6974794e656564734d6f6465600802541c9a58da5b99d80000c4250544368616e6e656c600803d1d95b995c985d1bdc935bd9195802280
[6] ServiceSelectionRes (OK) payloadType=0x8002 bytes=27
    01fe80020000001380880428aafa4336496cc309589ccd30620000
[7] DC_ChargeParameterDiscoveryRes (FAILED_WrongChargeParameter) payloadType=0x8004 bytes=46
    01fe80040000002680400428aafa4336496cc309589ccd30624e4400000200000100000080000040000020000040
