INFO    2026-08-15 13:48:57,743 - iso15118.evcc.evcc_settings (48): EVCC environment settings:
INFO    2026-08-15 13:48:57,744 - iso15118.evcc.evcc_settings (50): PKI_PATH                      : /venv/lib/python3.10/site-packages/iso15118/shared/pki/
INFO    2026-08-15 13:48:57,744 - iso15118.evcc.evcc_settings (50): MESSAGE_LOG_JSON              : True
INFO    2026-08-15 13:48:57,744 - iso15118.evcc.evcc_settings (50): MESSAGE_LOG_EXI               : False
INFO    2026-08-15 13:48:57,744 - iso15118.evcc.evcc_settings (50): ENABLE_TLS_1_3                : False
INFO    2026-08-15 13:48:57,744 - iso15118.evcc.evcc_settings (52): NETWORK_INTERFACE             : eth0
INFO    2026-08-15 13:48:57,744 - iso15118.evcc.evcc_settings (52): LOG_LEVEL                     : INFO
INFO    2026-08-15 13:48:57,744 - iso15118.evcc.evcc_settings (52): EVCC_CONFIG_PATH              : /tmp/evcc_config_ac_plain.json
INFO    2026-08-15 13:48:57,750 - iso15118.evcc.evcc_config (120): EVCC Settings
INFO    2026-08-15 13:48:57,750 - iso15118.evcc.evcc_config (123): supported_energy_services     : [<ServiceV20.AC: 1>]
INFO    2026-08-15 13:48:57,750 - iso15118.evcc.evcc_config (123): is_cert_install_needed        : False
INFO    2026-08-15 13:48:57,750 - iso15118.evcc.evcc_config (123): use_tls                       : False
INFO    2026-08-15 13:48:57,750 - iso15118.evcc.evcc_config (123): sdp_retry_cycles              : 1
INFO    2026-08-15 13:48:57,750 - iso15118.evcc.evcc_config (123): max_contract_certs            : 3
INFO    2026-08-15 13:48:57,750 - iso15118.evcc.evcc_config (123): enforce_tls                   : False
INFO    2026-08-15 13:48:57,750 - iso15118.evcc.evcc_config (123): supported_protocols           : [<Protocol.ISO_15118_20_AC: (<Namespace.ISO_V20_AC: 'urn:iso:std:iso:15118:-20:AC'>, <enum 'ISOV20PayloadTypes'>)>]
INFO    2026-08-15 13:48:57,750 - iso15118.evcc.evcc_config (123): energy_transfer_mode          : AC_three_phase_core
INFO    2026-08-15 13:48:57,750 - iso15118.evcc.evcc_config (123): max_supporting_points         : 1024
INFO    2026-08-15 13:48:57,751 - iso15118.evcc.evcc_config (123): charge_loop_cycle             : 10
INFO    2026-08-15 13:48:57,751 - iso15118.evcc.evcc_config (123): charge_loop_delay_time        : 0
INFO    2026-08-15 13:48:58,934 - iso15118.shared.exi_codec (177): EXI Codec version: 1.55
INFO    2026-08-15 13:48:58,935 - iso15118.evcc (30): Starting 15118 version: 0.31.2
INFO    2026-08-15 13:48:58,935 - iso15118.evcc.comm_session_handler (313): Communication session handler started
INFO    2026-08-15 13:48:58,935 - iso15118.evcc.comm_session_handler (398): Remaining SDP requests: 50
INFO    2026-08-15 13:48:59,035 - iso15118.evcc.comm_session_handler (335): Sending SDPRequest: [Security: NO_TLS, Protocol: TCP]
INFO    2026-08-15 13:48:59,041 - iso15118.evcc.transport.udp_client (105): Received datagram from UDP server at address ('fe80::215:5dff:fe07:f821', 15118, 0, 2)
INFO    2026-08-15 13:48:59,041 - iso15118.evcc.comm_session_handler (485): SDPResponse received: [ IP address: fe80::215:5dff:fe07:f821, Port: 55000 , Security: NO_TLS , Transport: TCP ]
INFO    2026-08-15 13:48:59,041 - iso15118.evcc.comm_session_handler (416): Starting TCP client, trying to connect to fe80::215:5dff:fe07:f821 at port 55000 ...
INFO    2026-08-15 13:48:59,042 - iso15118.evcc.comm_session_handler (423): TCP client connected
INFO    2026-08-15 13:48:59,051 - iso15118.shared.comm_session (344): Starting a new communication session
INFO    2026-08-15 13:48:59,051 - iso15118.shared.states (139): Entered state SupportedAppProtocol
INFO    2026-08-15 13:48:59,051 - iso15118.shared.exi_codec (248): Message to encode (ns=urn:iso:15118:2:2010:AppProtocol): {"supportedAppProtocolReq": {"AppProtocol": [{"ProtocolNamespace": "urn:iso:std:iso:15118:-20:AC", "VersionNumberMajor": 1, "VersionNumberMinor": 0, "SchemaID": 1, "Priority": 1}]}}
INFO    2026-08-15 13:48:59,097 - iso15118.shared.comm_session (431): Sent supportedAppProtocolReq
INFO    2026-08-15 13:48:59,193 - iso15118.shared.exi_codec (302): Decoded message (ns=urn:iso:15118:2:2010:AppProtocol): {"supportedAppProtocolRes":{"ResponseCode":"OK_SuccessfulNegotiation","SchemaID":1}}
INFO    2026-08-15 13:48:59,193 - iso15118.shared.comm_session (235): supportedAppProtocolRes received
INFO    2026-08-15 13:48:59,193 - iso15118.evcc.states.sap_states (159): Chosen protocol: ISO_15118_20_AC
INFO    2026-08-15 13:48:59,194 - iso15118.shared.exi_codec (248): Message to encode (ns=urn:iso:std:iso:15118:-20:CommonMessages): {"SessionSetupReq": {"Header": {"SessionID": "0000000000000000", "TimeStamp": 1786801739}, "EVCCID": "WMIV1234567890ABCDEX"}}
INFO    2026-08-15 13:48:59,337 - iso15118.shared.comm_session (431): Sent SessionSetupReq
INFO    2026-08-15 13:48:59,337 - iso15118.shared.states (139): Entered state SessionSetup
INFO    2026-08-15 13:48:59,421 - iso15118.shared.exi_codec (302): Decoded message (ns=urn:iso:std:iso:15118:-20:CommonMessages): {"SessionSetupRes":{"Header":{"SessionID":"CD1C738D683B4B8F","TimeStamp":1786801739},"ResponseCode":"OK_NewSessionEstablished","EVSEID":"DE*ABC*E1"}}
INFO    2026-08-15 13:48:59,422 - iso15118.shared.comm_session (235): SessionSetupRes received
INFO    2026-08-15 13:48:59,422 - iso15118.shared.exi_codec (248): Message to encode (ns=urn:iso:std:iso:15118:-20:CommonMessages): {"AuthorizationSetupReq": {"Header": {"SessionID": "CD1C738D683B4B8F", "TimeStamp": 1786801739}}}
INFO    2026-08-15 13:48:59,468 - iso15118.shared.comm_session (431): Sent AuthorizationSetupReq
INFO    2026-08-15 13:48:59,468 - iso15118.shared.states (139): Entered state AuthorizationSetup
INFO    2026-08-15 13:48:59,517 - iso15118.shared.exi_codec (302): Decoded message (ns=urn:iso:std:iso:15118:-20:CommonMessages): {"AuthorizationSetupRes":{"Header":{"SessionID":"CD1C738D683B4B8F","TimeStamp":1786801739},"ResponseCode":"OK","AuthorizationServices":["PnC","EIM"],"CertificateInstallationService":true,"PnC_ASResAuthorizationMode":{"GenChallenge":"Y6Ly+Q/ainlOLD2ltFAx7w=="}}}
INFO    2026-08-15 13:48:59,517 - iso15118.shared.comm_session (235): AuthorizationSetupRes received
INFO    2026-08-15 13:48:59,519 - iso15118.shared.exi_codec (248): Message to encode (ns=urn:iso:std:iso:15118:-20:CommonMessages): {"PnC_AReqAuthorizationMode": {"Id": "id1", "GenChallenge": "Y6Ly+Q/ainlOLD2ltFAx7w==", "ContractCertificateChain": {"Certificate": "MIICYjCCAgmgAwIBAgICMEQwCgYIKoZIzj0EAwIwVjEiMCAGA1UEAwwZUEtJLUV4dF9DUlRfTU9fU1VCMl9WQUxJRDEPMA0GA1UECgwGU3dpdGNoMQswCQYDVQQGEwJVSzESMBAGCgmSJomT8ixkARkWAk1PMB4XDTI2MDgxNTAyMDMxNVoXDTI4MDgxNDAyMDMxNVowTDEYMBYGA1UEAwwPVUtTV0kxMjM0NTY3OTFBMQ8wDQYDVQQKDAZTd2l0Y2gxCzAJBgNVBAYTAlVLMRIwEAYKCZImiZPyLGQBGRYCTU8wWTATBgcqhkjOPQIBBggqhkjOPQMBBwNCAARJCI6G904LN7hbUen7z0Dlqd6NDq1ckbDJ5OPgJmRiF8+zRYZNgMKTIbLdcETXw3pfagcmAUD/JoI7M5D7N0mdo4HQMIHNMAwGA1UdEwEB/wQCMAAwDgYDVR0PAQH/BAQDAgPoMB0GA1UdDgQWBBRE+h4t56/3kWOUUtzVNEtNXxQd8DBtBggrBgEFBQcBAQRhMF8wJAYIKwYBBQUHMAGGGGh0dHBzOi8vd3d3LmV4YW1wbGUuY29tLzA3BggrBgEFBQcwAoYraHR0cHM6Ly93d3cuZXhhbXBsZS5jb20vSW50ZXJtZWRpYXRlLUNBLmNlcjAfBgNVHSMEGDAWgBTY+xFw6nlfEMKp+iUVzmOlJVon5jAKBggqhkjOPQQDAgNHADBEAiBMM5M5h8bfsR4xK0miyyXfZWm1cG8LXTYzSZ2ceJu2pgIgWBKuIUJ0fsNx11gNbC6pxA18oLVxx1bESSejiUy/h3k=", "SubCertificates": {"Certificate": ["MIICcjCCAhmgAwIBAgICMEMwCgYIKoZIzj0EAwIwVjEiMCAGA1UEAwwZUEtJLUV4dF9DUlRfTU9fU1VCMV9WQUxJRDEPMA0GA1UECgwGU3dpdGNoMQswCQYDVQQGEwJVSzESMBAGCgmSJomT8ixkARkWAk1PMB4XDTI2MDgxNTAyMDMxNVoXDTMwMDgxNDAyMDMxNVowVjEiMCAGA1UEAwwZUEtJLUV4dF9DUlRfTU9fU1VCMl9WQUxJRDEPMA0GA1UECgwGU3dpdGNoMQswCQYDVQQGEwJVSzESMBAGCgmSJomT8ixkARkWAk1PMFkwEwYHKoZIzj0CAQYIKoZIzj0DAQcDQgAE1zD0xkjQ2PWX1wAmAQmIgzwkZ12e7GCYzk4p9hYhQc17cdVJd/4wZ1UCgJ3S0JxXePy7tRhvOuUgKTT2+2tq5KOB1jCB0zASBgNVHRMBAf8ECDAGAQH/AgEAMA4GA1UdDwEB/wQEAwIBxjAdBgNVHQ4EFgQU2PsRcOp5XxDCqfolFc5jpSVaJ+YwbQYIKwYBBQUHAQEEYTBfMCQGCCsGAQUFBzABhhhodHRwczovL3d3dy5leGFtcGxlLmNvbS8wNwYIKwYBBQUHMAKGK2h0dHBzOi8vd3d3LmV4YW1wbGUuY29tL0ludGVybWVkaWF0ZS1DQS5jZXIwHwYDVR0jBBgwFoAU5kvWX0endwnWuISFWcm46g+KpD0wCgYIKoZIzj0EAwIDRwAwRAIgA/F3adpfLAoYi7QA/rvGsIt1aR/70WjJl30sz+cuMZgCIGZ3zjbWACK4xw72gIhoCx3Ff3XGnMAOD7LFIThL9Q0C", "MIICYjCCAgigAwIBAgICMEIwCgYIKoZIzj0EAwIwRTERMA8GA1UEAwwITU9Sb290Q0ExDzANBgNVBAoMBlN3aXRjaDELMAkGA1UEBhMCVUsxEjAQBgoJkiaJk/IsZAEZFgJNTzAeFw0yNjA4MTUwMjAzMTVaFw0zMDA4MTQwMjAzMTVaMFYxIjAgBgNVBAMMGVBLSS1FeHRfQ1JUX01PX1NVQjFfVkFMSUQxDzANBgNVBAoMBlN3aXRjaDELMAkGA1UEBhMCVUsxEjAQBgoJkiaJk/IsZAEZFgJNTzBZMBMGByqGSM49AgEGCCqGSM49AwEHA0IABAnS7e4CLRBPp8eOGzVPe5c+YvUhmg+B8BQvY3Rq0zSuV0RlCAaK5peF6loyeApig4HkEbwfK4XJ2HncUx2VCmCjgdYwgdMwEgYDVR0TAQH/BAgwBgEB/wIBATAOBgNVHQ8BAf8EBAMCAQYwHQYDVR0OBBYEFOZL1l9Hp3cJ1riEhVnJuOoPiqQ9MG0GCCsGAQUFBwEBBGEwXzAkBggrBgEFBQcwAYYYaHR0cHM6Ly93d3cuZXhhbXBsZS5jb20vMDcGCCsGAQUFBzAChitodHRwczovL3d3dy5leGFtcGxlLmNvbS9JbnRlcm1lZGlhdGUtQ0EuY2VyMB8GA1UdIwQYMBaAFOa6edTdpn46XspbLN+OxVt8htiSMAoGCCqGSM49BAMCA0gAMEUCIBa5CAo7xr/BERcuURVSfxd5+0GAfWYRa+rLxFnYEYhNAiEA8Au9b1UJ5vDcDo61js7CCu+RfK8edY8iVxrsg103YYg="]}}}}
INFO    2026-08-15 13:48:59,577 - iso15118.shared.exi_codec (248): Message to encode (ns=http://www.w3.org/2000/09/xmldsig#): {"SignedInfo": {"CanonicalizationMethod": {"Algorithm": "http://www.w3.org/TR/canonical-exi/"}, "SignatureMethod": {"Algorithm": "http://www.w3.org/2001/04/xmldsig-more#ecdsa-sha256"}, "Reference": [{"Transforms": {"Transform": [{"Algorithm": "http://www.w3.org/TR/canonical-exi/"}]}, "DigestMethod": {"Algorithm": "http://www.w3.org/2001/04/xmlenc#sha256"}, "DigestValue": "t3MzTZnHhkjAyghMw15GvuwaRHgHh0+NQ2KF0+adKp4=", "URI": "#id1"}]}}
INFO    2026-08-15 13:48:59,641 - iso15118.shared.exi_codec (248): Message to encode (ns=urn:iso:std:iso:15118:-20:CommonMessages): {"AuthorizationReq": {"Header": {"SessionID": "CD1C738D683B4B8F", "TimeStamp": 1786801739, "Signature": {"SignedInfo": {"CanonicalizationMethod": {"Algorithm": "http://www.w3.org/TR/canonical-exi/"}, "SignatureMethod": {"Algorithm": "http://www.w3.org/2001/04/xmldsig-more#ecdsa-sha256"}, "Reference": [{"Transforms": {"Transform": [{"Algorithm": "http://www.w3.org/TR/canonical-exi/"}]}, "DigestMethod": {"Algorithm": "http://www.w3.org/2001/04/xmlenc#sha256"}, "DigestValue": "t3MzTZnHhkjAyghMw15GvuwaRHgHh0+NQ2KF0+adKp4=", "URI": "#id1"}]}, "SignatureValue": {"value": "SZTLs0y+wOeMs1Rfu/F9WpBteyq7RK13wiaNusbz6rWOXF9YadJzwHtMqEycIw6JrLf+oX+dpmEf4ndORb5nUQ=="}}}, "SelectedAuthorizationService": "PnC", "PnC_AReqAuthorizationMode": {"Id": "id1", "GenChallenge": "Y6Ly+Q/ainlOLD2ltFAx7w==", "ContractCertificateChain": {"Certificate": "MIICYjCCAgmgAwIBAgICMEQwCgYIKoZIzj0EAwIwVjEiMCAGA1UEAwwZUEtJLUV4dF9DUlRfTU9fU1VCMl9WQUxJRDEPMA0GA1UECgwGU3dpdGNoMQswCQYDVQQGEwJVSzESMBAGCgmSJomT8ixkARkWAk1PMB4XDTI2MDgxNTAyMDMxNVoXDTI4MDgxNDAyMDMxNVowTDEYMBYGA1UEAwwPVUtTV0kxMjM0NTY3OTFBMQ8wDQYDVQQKDAZTd2l0Y2gxCzAJBgNVBAYTAlVLMRIwEAYKCZImiZPyLGQBGRYCTU8wWTATBgcqhkjOPQIBBggqhkjOPQMBBwNCAARJCI6G904LN7hbUen7z0Dlqd6NDq1ckbDJ5OPgJmRiF8+zRYZNgMKTIbLdcETXw3pfagcmAUD/JoI7M5D7N0mdo4HQMIHNMAwGA1UdEwEB/wQCMAAwDgYDVR0PAQH/BAQDAgPoMB0GA1UdDgQWBBRE+h4t56/3kWOUUtzVNEtNXxQd8DBtBggrBgEFBQcBAQRhMF8wJAYIKwYBBQUHMAGGGGh0dHBzOi8vd3d3LmV4YW1wbGUuY29tLzA3BggrBgEFBQcwAoYraHR0cHM6Ly93d3cuZXhhbXBsZS5jb20vSW50ZXJtZWRpYXRlLUNBLmNlcjAfBgNVHSMEGDAWgBTY+xFw6nlfEMKp+iUVzmOlJVon5jAKBggqhkjOPQQDAgNHADBEAiBMM5M5h8bfsR4xK0miyyXfZWm1cG8LXTYzSZ2ceJu2pgIgWBKuIUJ0fsNx11gNbC6pxA18oLVxx1bESSejiUy/h3k=", "SubCertificates": {"Certificate": ["MIICcjCCAhmgAwIBAgICMEMwCgYIKoZIzj0EAwIwVjEiMCAGA1UEAwwZUEtJLUV4dF9DUlRfTU9fU1VCMV9WQUxJRDEPMA0GA1UECgwGU3dpdGNoMQswCQYDVQQGEwJVSzESMBAGCgmSJomT8ixkARkWAk1PMB4XDTI2MDgxNTAyMDMxNVoXDTMwMDgxNDAyMDMxNVowVjEiMCAGA1UEAwwZUEtJLUV4dF9DUlRfTU9fU1VCMl9WQUxJRDEPMA0GA1UECgwGU3dpdGNoMQswCQYDVQQGEwJVSzESMBAGCgmSJomT8ixkARkWAk1PMFkwEwYHKoZIzj0CAQYIKoZIzj0DAQcDQgAE1zD0xkjQ2PWX1wAmAQmIgzwkZ12e7GCYzk4p9hYhQc17cdVJd/4wZ1UCgJ3S0JxXePy7tRhvOuUgKTT2+2tq5KOB1jCB0zASBgNVHRMBAf8ECDAGAQH/AgEAMA4GA1UdDwEB/wQEAwIBxjAdBgNVHQ4EFgQU2PsRcOp5XxDCqfolFc5jpSVaJ+YwbQYIKwYBBQUHAQEEYTBfMCQGCCsGAQUFBzABhhhodHRwczovL3d3dy5leGFtcGxlLmNvbS8wNwYIKwYBBQUHMAKGK2h0dHBzOi8vd3d3LmV4YW1wbGUuY29tL0ludGVybWVkaWF0ZS1DQS5jZXIwHwYDVR0jBBgwFoAU5kvWX0endwnWuISFWcm46g+KpD0wCgYIKoZIzj0EAwIDRwAwRAIgA/F3adpfLAoYi7QA/rvGsIt1aR/70WjJl30sz+cuMZgCIGZ3zjbWACK4xw72gIhoCx3Ff3XGnMAOD7LFIThL9Q0C", "MIICYjCCAgigAwIBAgICMEIwCgYIKoZIzj0EAwIwRTERMA8GA1UEAwwITU9Sb290Q0ExDzANBgNVBAoMBlN3aXRjaDELMAkGA1UEBhMCVUsxEjAQBgoJkiaJk/IsZAEZFgJNTzAeFw0yNjA4MTUwMjAzMTVaFw0zMDA4MTQwMjAzMTVaMFYxIjAgBgNVBAMMGVBLSS1FeHRfQ1JUX01PX1NVQjFfVkFMSUQxDzANBgNVBAoMBlN3aXRjaDELMAkGA1UEBhMCVUsxEjAQBgoJkiaJk/IsZAEZFgJNTzBZMBMGByqGSM49AgEGCCqGSM49AwEHA0IABAnS7e4CLRBPp8eOGzVPe5c+YvUhmg+B8BQvY3Rq0zSuV0RlCAaK5peF6loyeApig4HkEbwfK4XJ2HncUx2VCmCjgdYwgdMwEgYDVR0TAQH/BAgwBgEB/wIBATAOBgNVHQ8BAf8EBAMCAQYwHQYDVR0OBBYEFOZL1l9Hp3cJ1riEhVnJuOoPiqQ9MG0GCCsGAQUFBwEBBGEwXzAkBggrBgEFBQcwAYYYaHR0cHM6Ly93d3cuZXhhbXBsZS5jb20vMDcGCCsGAQUFBzAChitodHRwczovL3d3dy5leGFtcGxlLmNvbS9JbnRlcm1lZGlhdGUtQ0EuY2VyMB8GA1UdIwQYMBaAFOa6edTdpn46XspbLN+OxVt8htiSMAoGCCqGSM49BAMCA0gAMEUCIBa5CAo7xr/BERcuURVSfxd5+0GAfWYRa+rLxFnYEYhNAiEA8Au9b1UJ5vDcDo61js7CCu+RfK8edY8iVxrsg103YYg="]}}}}}
INFO    2026-08-15 13:48:59,705 - iso15118.shared.comm_session (431): Sent AuthorizationReq
INFO    2026-08-15 13:48:59,705 - iso15118.shared.states (139): Entered state Authorization
INFO    2026-08-15 13:48:59,787 - iso15118.shared.exi_codec (302): Decoded message (ns=urn:iso:std:iso:15118:-20:CommonMessages): {"AuthorizationRes":{"Header":{"SessionID":"CD1C738D683B4B8F","TimeStamp":1786801739},"ResponseCode":"OK","EVSEProcessing":"Finished"}}
INFO    2026-08-15 13:48:59,788 - iso15118.shared.comm_session (235): AuthorizationRes received
INFO    2026-08-15 13:48:59,788 - iso15118.shared.exi_codec (248): Message to encode (ns=urn:iso:std:iso:15118:-20:CommonMessages): {"ServiceDiscoveryReq": {"Header": {"SessionID": "CD1C738D683B4B8F", "TimeStamp": 1786801739}}}
INFO    2026-08-15 13:48:59,836 - iso15118.shared.comm_session (431): Sent ServiceDiscoveryReq
INFO    2026-08-15 13:48:59,836 - iso15118.shared.states (139): Entered state ServiceDiscovery
INFO    2026-08-15 13:48:59,875 - iso15118.shared.exi_codec (302): Decoded message (ns=urn:iso:std:iso:15118:-20:CommonMessages): {"ServiceDiscoveryRes":{"Header":{"SessionID":"CD1C738D683B4B8F","TimeStamp":1786801739},"ResponseCode":"OK","ServiceRenegotiationSupported":true,"EnergyTransferServiceList":{"Service":[{"ServiceID":1,"FreeService":true},{"ServiceID":5,"FreeService":true}]}}}
INFO    2026-08-15 13:48:59,875 - iso15118.shared.comm_session (235): ServiceDiscoveryRes received
INFO    2026-08-15 13:48:59,876 - iso15118.shared.exi_codec (248): Message to encode (ns=urn:iso:std:iso:15118:-20:CommonMessages): {"ServiceDetailReq": {"Header": {"SessionID": "CD1C738D683B4B8F", "TimeStamp": 1786801739}, "ServiceID": 1}}
INFO    2026-08-15 13:48:59,908 - iso15118.shared.comm_session (431): Sent ServiceDetailReq
INFO    2026-08-15 13:48:59,908 - iso15118.shared.states (139): Entered state ServiceDetail
INFO    2026-08-15 13:48:59,951 - iso15118.shared.exi_codec (302): Decoded message (ns=urn:iso:std:iso:15118:-20:CommonMessages): {"ServiceDetailRes":{"Header":{"SessionID":"CD1C738D683B4B8F","TimeStamp":1786801739},"ResponseCode":"OK","ServiceID":1,"ServiceParameterList":{"ParameterSet":[{"ParameterSetID":1,"Parameter":[{"Name":"Connector","intValue":1},{"Name":"ControlMode","intValue":1},{"Name":"MobilityNeedsMode","intValue":1},{"Name":"Pricing","intValue":0}]},{"ParameterSetID":2,"Parameter":[{"Name":"Connector","intValue":1},{"Name":"ControlMode","intValue":2},{"Name":"MobilityNeedsMode","intValue":1},{"Name":"Pricing","intValue":0}]}]}}}
INFO    2026-08-15 13:48:59,952 - iso15118.shared.comm_session (235): ServiceDetailRes received
INFO    2026-08-15 13:48:59,952 - iso15118.evcc.states.iso15118_20_states (664): Selected Control Mode: 1
INFO    2026-08-15 13:48:59,952 - iso15118.shared.exi_codec (248): Message to encode (ns=urn:iso:std:iso:15118:-20:CommonMessages): {"ServiceSelectionReq": {"Header": {"SessionID": "CD1C738D683B4B8F", "TimeStamp": 1786801739}, "SelectedEnergyTransferService": {"ServiceID": 1, "ParameterSetID": 1}}}
INFO    2026-08-15 13:48:59,985 - iso15118.shared.comm_session (431): Sent ServiceSelectionReq
INFO    2026-08-15 13:48:59,985 - iso15118.shared.states (139): Entered state ServiceSelection
INFO    2026-08-15 13:49:00,020 - iso15118.shared.exi_codec (302): Decoded message (ns=urn:iso:std:iso:15118:-20:CommonMessages): {"ServiceSelectionRes":{"Header":{"SessionID":"CD1C738D683B4B8F","TimeStamp":1786801739},"ResponseCode":"OK"}}
INFO    2026-08-15 13:49:00,020 - iso15118.shared.comm_session (235): ServiceSelectionRes received
INFO    2026-08-15 13:49:00,021 - iso15118.shared.exi_codec (248): Message to encode (ns=urn:iso:std:iso:15118:-20:AC): {"AC_ChargeParameterDiscoveryReq": {"Header": {"SessionID": "CD1C738D683B4B8F", "TimeStamp": 1786801740}, "AC_CPDReqEnergyTransferMode": {"EVMaximumChargePower": {"Exponent": 3, "Value": 11}, "EVMinimumChargePower": {"Exponent": 0, "Value": 100}}}}
INFO    2026-08-15 13:49:00,059 - iso15118.shared.comm_session (431): Sent AC_ChargeParameterDiscoveryReq
INFO    2026-08-15 13:49:00,059 - iso15118.shared.states (139): Entered state ACChargeParameterDiscovery
INFO    2026-08-15 13:49:00,086 - iso15118.shared.exi_codec (302): Decoded message (ns=urn:iso:std:iso:15118:-20:AC): {"AC_ChargeParameterDiscoveryRes":{"Header":{"SessionID":"CD1C738D683B4B8F","TimeStamp":1786801740},"ResponseCode":"OK","AC_CPDResEnergyTransferMode":{"EVSEMaximumChargePower":{"Exponent":1,"Value":2200},"EVSEMinimumChargePower":{"Exponent":0,"Value":0},"EVSENominalFrequency":{"Exponent":0,"Value":50}}}}
INFO    2026-08-15 13:49:00,087 - iso15118.shared.comm_session (235): AC_ChargeParameterDiscoveryRes received
INFO    2026-08-15 13:49:00,087 - iso15118.shared.exi_codec (248): Message to encode (ns=urn:iso:std:iso:15118:-20:CommonMessages): {"ScheduleExchangeReq": {"Header": {"SessionID": "CD1C738D683B4B8F", "TimeStamp": 1786801740}, "MaximumSupportingPoints": 1024, "Scheduled_SEReqControlMode": {"DepartureTime": 7200, "EVTargetEnergyRequest": {"Exponent": 3, "Value": 10}, "EVMaximumEnergyRequest": {"Exponent": 3, "Value": 20}, "EVMinimumEnergyRequest": {"Exponent": -2, "Value": 5}, "EVEnergyOffer": {"EVPowerSchedule": {"TimeAnchor": 0, "EVPowerScheduleEntries": {"EVPowerScheduleEntry": [{"Duration": 3600, "Power": {"Exponent": 3, "Value": -10}}]}}, "EVAbsolutePriceSchedule": {"TimeAnchor": 0, "Currency": "EUR", "PriceAlgorithm": "urn:iso:std:iso:15118:-20:PriceAlgorithm:1-Power", "EVPriceRuleStacks": {"EVPriceRuleStack": [{"Duration": 0, "EVPriceRule": [{"EnergyFee": {"Exponent": 0, "Value": 0}, "PowerRangeStart": {"Exponent": 0, "Value": 0}}]}]}}}}}}
INFO    2026-08-15 13:49:00,129 - iso15118.shared.comm_session (431): Sent ScheduleExchangeReq
INFO    2026-08-15 13:49:00,129 - iso15118.shared.states (139): Entered state ScheduleExchange
INFO    2026-08-15 13:49:00,170 - iso15118.shared.exi_codec (302): Decoded message (ns=urn:iso:std:iso:15118:-20:CommonMessages): {"ScheduleExchangeRes":{"Header":{"SessionID":"CD1C738D683B4B8F","TimeStamp":1786801740},"ResponseCode":"OK","EVSEProcessing":"Finished","GoToPause":false,"Scheduled_SEResControlMode":{"ScheduleTuple":[{"ScheduleTupleID":1,"ChargingSchedule":{"PowerSchedule":{"TimeAnchor":0,"PowerScheduleEntries":{"PowerScheduleEntry":[{"Duration":3600,"Power":{"Exponent":0,"Value":100}}]}},"PriceLevelSchedule":{"TimeAnchor":0,"PriceScheduleID":1,"NumberOfPriceLevels":1,"PriceLevelScheduleEntries":{"PriceLevelScheduleEntry":[{"Duration":3600,"PriceLevel":0}]}}}}]}}}
INFO    2026-08-15 13:49:00,171 - iso15118.shared.comm_session (235): ScheduleExchangeRes received
INFO    2026-08-15 13:49:00,172 - iso15118.shared.exi_codec (248): Message to encode (ns=urn:iso:std:iso:15118:-20:CommonMessages): {"PowerDeliveryReq": {"Header": {"SessionID": "CD1C738D683B4B8F", "TimeStamp": 1786801740}, "EVProcessing": "Ongoing", "ChargeProgress": "Start"}}
INFO    2026-08-15 13:49:00,199 - iso15118.shared.comm_session (431): Sent PowerDeliveryReq
INFO    2026-08-15 13:49:00,200 - iso15118.shared.states (139): Entered state PowerDelivery
INFO    2026-08-15 13:49:00,229 - iso15118.shared.exi_codec (302): Decoded message (ns=urn:iso:std:iso:15118:-20:CommonMessages): {"PowerDeliveryRes":{"Header":{"SessionID":"CD1C738D683B4B8F","TimeStamp":1786801740},"ResponseCode":"OK"}}
INFO    2026-08-15 13:49:00,229 - iso15118.shared.comm_session (235): PowerDeliveryRes received
INFO    2026-08-15 13:49:00,229 - iso15118.shared.exi_codec (248): Message to encode (ns=urn:iso:std:iso:15118:-20:CommonMessages): {"PowerDeliveryReq": {"Header": {"SessionID": "CD1C738D683B4B8F", "TimeStamp": 1786801740}, "EVProcessing": "Finished", "ChargeProgress": "Start", "EVPowerProfile": {"TimeAnchor": 0, "EVPowerProfileEntries": {"EVPowerProfileEntry": [{"Duration": 3600, "Power": {"Exponent": 0, "Value": 100}}]}, "Scheduled_EVPPTControlMode": {"SelectedScheduleTupleID": 1, "PowerToleranceAcceptance": "PowerToleranceConfirmed"}}}}
INFO    2026-08-15 13:49:00,265 - iso15118.shared.comm_session (431): Sent PowerDeliveryReq
INFO    2026-08-15 13:49:00,265 - iso15118.shared.states (139): Entered state PowerDelivery
INFO    2026-08-15 13:49:00,300 - iso15118.shared.exi_codec (302): Decoded message (ns=urn:iso:std:iso:15118:-20:CommonMessages): {"PowerDeliveryRes":{"Header":{"SessionID":"CD1C738D683B4B8F","TimeStamp":1786801740},"ResponseCode":"OK"}}
INFO    2026-08-15 13:49:00,300 - iso15118.shared.comm_session (235): PowerDeliveryRes received
INFO    2026-08-15 13:49:00,301 - iso15118.shared.exi_codec (248): Message to encode (ns=urn:iso:std:iso:15118:-20:AC): {"AC_ChargeLoopReq": {"Header": {"SessionID": "CD1C738D683B4B8F", "TimeStamp": 1786801740}, "DisplayParameters": {"PresentSOC": 10, "ChargingComplete": false}, "MeterInfoRequested": false, "Scheduled_AC_CLReqControlMode": {"EVPresentActivePower": {"Exponent": 3, "Value": 200}}}}
INFO    2026-08-15 13:49:00,328 - iso15118.shared.comm_session (431): Sent AC_ChargeLoopReq
INFO    2026-08-15 13:49:00,328 - iso15118.shared.states (139): Entered state ACChargeLoop
INFO    2026-08-15 13:49:00,359 - iso15118.shared.exi_codec (302): Decoded message (ns=urn:iso:std:iso:15118:-20:AC): {"AC_ChargeLoopRes":{"Header":{"SessionID":"CD1C738D683B4B8F","TimeStamp":1786801740},"ResponseCode":"OK","Scheduled_AC_CLResControlMode":{}}}
INFO    2026-08-15 13:49:00,359 - iso15118.shared.comm_session (235): AC_ChargeLoopRes received
INFO    2026-08-15 13:49:00,359 - iso15118.evcc.states.iso15118_20_states (1294): Next ChargeLoop Req in 0 seconds
INFO    2026-08-15 13:49:00,360 - iso15118.shared.exi_codec (248): Message to encode (ns=urn:iso:std:iso:15118:-20:AC): {"AC_ChargeLoopReq": {"Header": {"SessionID": "CD1C738D683B4B8F", "TimeStamp": 1786801740}, "DisplayParameters": {"PresentSOC": 20, "ChargingComplete": false}, "MeterInfoRequested": false, "Scheduled_AC_CLReqControlMode": {"EVPresentActivePower": {"Exponent": 3, "Value": 200}}}}
INFO    2026-08-15 13:49:00,386 - iso15118.shared.comm_session (431): Sent AC_ChargeLoopReq
INFO    2026-08-15 13:49:00,386 - iso15118.shared.states (139): Entered state ACChargeLoop
INFO    2026-08-15 13:49:00,413 - iso15118.shared.exi_codec (302): Decoded message (ns=urn:iso:std:iso:15118:-20:AC): {"AC_ChargeLoopRes":{"Header":{"SessionID":"CD1C738D683B4B8F","TimeStamp":1786801740},"ResponseCode":"OK","Scheduled_AC_CLResControlMode":{}}}
INFO    2026-08-15 13:49:00,414 - iso15118.shared.comm_session (235): AC_ChargeLoopRes received
INFO    2026-08-15 13:49:00,414 - iso15118.evcc.states.iso15118_20_states (1294): Next ChargeLoop Req in 0 seconds
INFO    2026-08-15 13:49:00,414 - iso15118.shared.exi_codec (248): Message to encode (ns=urn:iso:std:iso:15118:-20:AC): {"AC_ChargeLoopReq": {"Header": {"SessionID": "CD1C738D683B4B8F", "TimeStamp": 1786801740}, "DisplayParameters": {"PresentSOC": 30, "ChargingComplete": false}, "MeterInfoRequested": false, "Scheduled_AC_CLReqControlMode": {"EVPresentActivePower": {"Exponent": 3, "Value": 200}}}}
INFO    2026-08-15 13:49:00,436 - iso15118.shared.comm_session (431): Sent AC_ChargeLoopReq
INFO    2026-08-15 13:49:00,436 - iso15118.shared.states (139): Entered state ACChargeLoop
INFO    2026-08-15 13:49:00,457 - iso15118.shared.exi_codec (302): Decoded message (ns=urn:iso:std:iso:15118:-20:AC): {"AC_ChargeLoopRes":{"Header":{"SessionID":"CD1C738D683B4B8F","TimeStamp":1786801740},"ResponseCode":"OK","Scheduled_AC_CLResControlMode":{}}}
INFO    2026-08-15 13:49:00,458 - iso15118.shared.comm_session (235): AC_ChargeLoopRes received
INFO    2026-08-15 13:49:00,458 - iso15118.evcc.states.iso15118_20_states (1294): Next ChargeLoop Req in 0 seconds
INFO    2026-08-15 13:49:00,458 - iso15118.shared.exi_codec (248): Message to encode (ns=urn:iso:std:iso:15118:-20:AC): {"AC_ChargeLoopReq": {"Header": {"SessionID": "CD1C738D683B4B8F", "TimeStamp": 1786801740}, "DisplayParameters": {"PresentSOC": 40, "ChargingComplete": false}, "MeterInfoRequested": false, "Scheduled_AC_CLReqControlMode": {"EVPresentActivePower": {"Exponent": 3, "Value": 200}}}}
INFO    2026-08-15 13:49:00,477 - iso15118.shared.comm_session (431): Sent AC_ChargeLoopReq
INFO    2026-08-15 13:49:00,477 - iso15118.shared.states (139): Entered state ACChargeLoop
INFO    2026-08-15 13:49:00,499 - iso15118.shared.exi_codec (302): Decoded message (ns=urn:iso:std:iso:15118:-20:AC): {"AC_ChargeLoopRes":{"Header":{"SessionID":"CD1C738D683B4B8F","TimeStamp":1786801740},"ResponseCode":"OK","Scheduled_AC_CLResControlMode":{}}}
INFO    2026-08-15 13:49:00,500 - iso15118.shared.comm_session (235): AC_ChargeLoopRes received
INFO    2026-08-15 13:49:00,500 - iso15118.evcc.states.iso15118_20_states (1294): Next ChargeLoop Req in 0 seconds
INFO    2026-08-15 13:49:00,500 - iso15118.shared.exi_codec (248): Message to encode (ns=urn:iso:std:iso:15118:-20:AC): {"AC_ChargeLoopReq": {"Header": {"SessionID": "CD1C738D683B4B8F", "TimeStamp": 1786801740}, "DisplayParameters": {"PresentSOC": 50, "ChargingComplete": false}, "MeterInfoRequested": false, "Scheduled_AC_CLReqControlMode": {"EVPresentActivePower": {"Exponent": 3, "Value": 200}}}}
INFO    2026-08-15 13:49:00,523 - iso15118.shared.comm_session (431): Sent AC_ChargeLoopReq
INFO    2026-08-15 13:49:00,523 - iso15118.shared.states (139): Entered state ACChargeLoop
INFO    2026-08-15 13:49:00,543 - iso15118.shared.exi_codec (302): Decoded message (ns=urn:iso:std:iso:15118:-20:AC): {"AC_ChargeLoopRes":{"Header":{"SessionID":"CD1C738D683B4B8F","TimeStamp":1786801740},"ResponseCode":"OK","Scheduled_AC_CLResControlMode":{}}}
INFO    2026-08-15 13:49:00,543 - iso15118.shared.comm_session (235): AC_ChargeLoopRes received
INFO    2026-08-15 13:49:00,543 - iso15118.evcc.states.iso15118_20_states (1294): Next ChargeLoop Req in 0 seconds
INFO    2026-08-15 13:49:00,544 - iso15118.shared.exi_codec (248): Message to encode (ns=urn:iso:std:iso:15118:-20:AC): {"AC_ChargeLoopReq": {"Header": {"SessionID": "CD1C738D683B4B8F", "TimeStamp": 1786801740}, "DisplayParameters": {"PresentSOC": 60, "ChargingComplete": false}, "MeterInfoRequested": false, "Scheduled_AC_CLReqControlMode": {"EVPresentActivePower": {"Exponent": 3, "Value": 200}}}}
INFO    2026-08-15 13:49:00,566 - iso15118.shared.comm_session (431): Sent AC_ChargeLoopReq
INFO    2026-08-15 13:49:00,566 - iso15118.shared.states (139): Entered state ACChargeLoop
INFO    2026-08-15 13:49:00,586 - iso15118.shared.exi_codec (302): Decoded message (ns=urn:iso:std:iso:15118:-20:AC): {"AC_ChargeLoopRes":{"Header":{"SessionID":"CD1C738D683B4B8F","TimeStamp":1786801740},"ResponseCode":"OK","Scheduled_AC_CLResControlMode":{}}}
INFO    2026-08-15 13:49:00,587 - iso15118.shared.comm_session (235): AC_ChargeLoopRes received
INFO    2026-08-15 13:49:00,587 - iso15118.evcc.states.iso15118_20_states (1294): Next ChargeLoop Req in 0 seconds
INFO    2026-08-15 13:49:00,587 - iso15118.shared.exi_codec (248): Message to encode (ns=urn:iso:std:iso:15118:-20:AC): {"AC_ChargeLoopReq": {"Header": {"SessionID": "CD1C738D683B4B8F", "TimeStamp": 1786801740}, "DisplayParameters": {"PresentSOC": 70, "ChargingComplete": false}, "MeterInfoRequested": false, "Scheduled_AC_CLReqControlMode": {"EVPresentActivePower": {"Exponent": 3, "Value": 200}}}}
INFO    2026-08-15 13:49:00,613 - iso15118.shared.comm_session (431): Sent AC_ChargeLoopReq
INFO    2026-08-15 13:49:00,613 - iso15118.shared.states (139): Entered state ACChargeLoop
INFO    2026-08-15 13:49:00,630 - iso15118.shared.exi_codec (302): Decoded message (ns=urn:iso:std:iso:15118:-20:AC): {"AC_ChargeLoopRes":{"Header":{"SessionID":"CD1C738D683B4B8F","TimeStamp":1786801740},"ResponseCode":"OK","Scheduled_AC_CLResControlMode":{}}}
INFO    2026-08-15 13:49:00,631 - iso15118.shared.comm_session (235): AC_ChargeLoopRes received
INFO    2026-08-15 13:49:00,631 - iso15118.evcc.states.iso15118_20_states (1294): Next ChargeLoop Req in 0 seconds
INFO    2026-08-15 13:49:00,631 - iso15118.shared.exi_codec (248): Message to encode (ns=urn:iso:std:iso:15118:-20:AC): {"AC_ChargeLoopReq": {"Header": {"SessionID": "CD1C738D683B4B8F", "TimeStamp": 1786801740}, "DisplayParameters": {"PresentSOC": 80, "ChargingComplete": false}, "MeterInfoRequested": false, "Scheduled_AC_CLReqControlMode": {"EVPresentActivePower": {"Exponent": 3, "Value": 200}}}}
INFO    2026-08-15 13:49:00,645 - iso15118.shared.comm_session (431): Sent AC_ChargeLoopReq
INFO    2026-08-15 13:49:00,645 - iso15118.shared.states (139): Entered state ACChargeLoop
INFO    2026-08-15 13:49:00,663 - iso15118.shared.exi_codec (302): Decoded message (ns=urn:iso:std:iso:15118:-20:AC): {"AC_ChargeLoopRes":{"Header":{"SessionID":"CD1C738D683B4B8F","TimeStamp":1786801740},"ResponseCode":"OK","Scheduled_AC_CLResControlMode":{}}}
INFO    2026-08-15 13:49:00,663 - iso15118.shared.comm_session (235): AC_ChargeLoopRes received
INFO    2026-08-15 13:49:00,663 - iso15118.evcc.states.iso15118_20_states (1294): Next ChargeLoop Req in 0 seconds
INFO    2026-08-15 13:49:00,664 - iso15118.shared.exi_codec (248): Message to encode (ns=urn:iso:std:iso:15118:-20:AC): {"AC_ChargeLoopReq": {"Header": {"SessionID": "CD1C738D683B4B8F", "TimeStamp": 1786801740}, "DisplayParameters": {"PresentSOC": 90, "ChargingComplete": false}, "MeterInfoRequested": false, "Scheduled_AC_CLReqControlMode": {"EVPresentActivePower": {"Exponent": 3, "Value": 200}}}}
INFO    2026-08-15 13:49:00,678 - iso15118.shared.comm_session (431): Sent AC_ChargeLoopReq
INFO    2026-08-15 13:49:00,678 - iso15118.shared.states (139): Entered state ACChargeLoop
INFO    2026-08-15 13:49:00,693 - iso15118.shared.exi_codec (302): Decoded message (ns=urn:iso:std:iso:15118:-20:AC): {"AC_ChargeLoopRes":{"Header":{"SessionID":"CD1C738D683B4B8F","TimeStamp":1786801740},"ResponseCode":"OK","Scheduled_AC_CLResControlMode":{}}}
INFO    2026-08-15 13:49:00,693 - iso15118.shared.comm_session (235): AC_ChargeLoopRes received
INFO    2026-08-15 13:49:00,693 - iso15118.evcc.states.iso15118_20_states (1294): Next ChargeLoop Req in 0 seconds
INFO    2026-08-15 13:49:00,693 - iso15118.shared.exi_codec (248): Message to encode (ns=urn:iso:std:iso:15118:-20:AC): {"AC_ChargeLoopReq": {"Header": {"SessionID": "CD1C738D683B4B8F", "TimeStamp": 1786801740}, "DisplayParameters": {"PresentSOC": 100, "ChargingComplete": true}, "MeterInfoRequested": false, "Scheduled_AC_CLReqControlMode": {"EVPresentActivePower": {"Exponent": 3, "Value": 200}}}}
INFO    2026-08-15 13:49:00,714 - iso15118.shared.comm_session (431): Sent AC_ChargeLoopReq
INFO    2026-08-15 13:49:00,714 - iso15118.shared.states (139): Entered state ACChargeLoop
INFO    2026-08-15 13:49:00,748 - iso15118.shared.exi_codec (302): Decoded message (ns=urn:iso:std:iso:15118:-20:AC): {"AC_ChargeLoopRes":{"Header":{"SessionID":"CD1C738D683B4B8F","TimeStamp":1786801740},"ResponseCode":"OK","Scheduled_AC_CLResControlMode":{}}}
INFO    2026-08-15 13:49:00,748 - iso15118.shared.comm_session (235): AC_ChargeLoopRes received
INFO    2026-08-15 13:49:00,749 - iso15118.shared.exi_codec (248): Message to encode (ns=urn:iso:std:iso:15118:-20:CommonMessages): {"PowerDeliveryReq": {"Header": {"SessionID": "CD1C738D683B4B8F", "TimeStamp": 1786801740}, "EVProcessing": "Finished", "ChargeProgress": "Stop"}}
INFO    2026-08-15 13:49:00,779 - iso15118.shared.comm_session (431): Sent PowerDeliveryReq
INFO    2026-08-15 13:49:00,779 - iso15118.shared.states (139): Entered state PowerDelivery
INFO    2026-08-15 13:49:00,818 - iso15118.shared.exi_codec (302): Decoded message (ns=urn:iso:std:iso:15118:-20:CommonMessages): {"PowerDeliveryRes":{"Header":{"SessionID":"CD1C738D683B4B8F","TimeStamp":1786801740},"ResponseCode":"OK"}}
INFO    2026-08-15 13:49:00,818 - iso15118.shared.comm_session (235): PowerDeliveryRes received
INFO    2026-08-15 13:49:00,819 - iso15118.shared.exi_codec (248): Message to encode (ns=urn:iso:std:iso:15118:-20:CommonMessages): {"SessionStopReq": {"Header": {"SessionID": "CD1C738D683B4B8F", "TimeStamp": 1786801740}, "ChargingSession": "Terminate"}}
INFO    2026-08-15 13:49:00,849 - iso15118.shared.comm_session (431): Sent SessionStopReq
INFO    2026-08-15 13:49:00,849 - iso15118.shared.states (139): Entered state SessionStop
INFO    2026-08-15 13:49:00,875 - iso15118.shared.exi_codec (302): Decoded message (ns=urn:iso:std:iso:15118:-20:CommonMessages): {"SessionStopRes":{"Header":{"SessionID":"CD1C738D683B4B8F","TimeStamp":1786801740},"ResponseCode":"OK"}}
INFO    2026-08-15 13:49:00,875 - iso15118.shared.comm_session (235): SessionStopRes received
INFO    2026-08-15 13:49:00,876 - iso15118.shared.comm_session (395): The data link will terminate in 2 seconds and the TCP connection will close in 5 seconds. 
INFO    2026-08-15 13:49:00,876 - iso15118.shared.comm_session (399): Reason: Communication session terminated
INFO    2026-08-15 13:49:02,878 - iso15118.shared.comm_session (410): terminated the data link
INFO    2026-08-15 13:49:05,882 - iso15118.shared.comm_session (417): TCP connection closed to peer with address ('fe80::215:5dff:fe07:f821', 55000, 0, 2)
