2026-08-13 20:36:05.565335 [INFO] manager          ::   ________      __                _   
2026-08-13 20:36:05.565551 [INFO] manager          ::  |  ____\ \    / /               | |
2026-08-13 20:36:05.565561 [INFO] manager          ::  | |__   \ \  / /__ _ __ ___  ___| |_
2026-08-13 20:36:05.565567 [INFO] manager          ::  |  __|   \ \/ / _ \ '__/ _ \/ __| __|
2026-08-13 20:36:05.565573 [INFO] manager          ::  | |____   \  /  __/ | |  __/\__ \ |_
2026-08-13 20:36:05.565578 [INFO] manager          ::  |______|   \/ \___|_|  \___||___/\__|
2026-08-13 20:36:05.565584 [INFO] manager          :: 
2026-08-13 20:36:05.565590 [INFO] manager          :: everest-framework 0.25.0-dev 2026.02.1
2026-08-13 20:36:05.565596 [INFO] manager          :: everest-core 2026.02.1-dev 2026.02.1
2026-08-13 20:36:05.565603 [INFO] manager          :: 
2026-08-13 20:36:05.565609 [INFO] manager          :: Using MQTT broker localhost:1883
2026-08-13 20:36:05.587195 [INFO] manager          :: Boot mode is set to YamlFile, loading module configs from YAML file
2026-08-13 20:36:05.587258 [INFO] manager          :: Loading config file at: /home/ahzf/everest/configs-ours/config-ac20-reverse-ours.yaml
2026-08-13 20:36:05.719185 [INFO] manager          :: Config loading completed in 153ms
2026-08-13 20:36:05.721912 [INFO] manager          :: Starting 15 modules
2026-08-13 20:36:07.724102 [INFO] token_validator  :: Module token_validator initialized [1962ms]
2026-08-13 20:36:07.725069 [INFO] api_sink:Energy  :: Module api_sink initialized [1980ms]
2026-08-13 20:36:07.727023 [INFO] ev_manager:EvMa  :: Module ev_manager initialized [1976ms]
2026-08-13 20:36:07.727575 [INFO] connector_1_pow  :: Module connector_1_powerpath initialized [1980ms]
2026-08-13 20:36:07.739764 [INFO] grid_connection  :: Module grid_connection_point initialized [1985ms]
2026-08-13 20:36:07.740004 [INFO] error_history:E  :: Using database at "/tmp/error_history.db"
2026-08-13 20:36:07.740143 [INFO] error_history:E  :: Checking database
2026-08-13 20:36:07.741891 [INFO] error_history:E  :: Module error_history initialized [1991ms]
2026-08-13 20:36:07.743733 [INFO] auth:Auth        :: Module auth initialized [1994ms]
2026-08-13 20:36:07.752390 [INFO] evse_manager:Ev  :: Module evse_manager initialized [1998ms]
2026-08-13 20:36:07.757313 [INFO] slac:SlacSimula  :: Module slac initialized [1997ms]
2026-08-13 20:36:07.757733 [INFO] evse_security:E  :: Module evse_security initialized [2000ms]
2026-08-13 20:36:07.758541 [INFO] token_provider:  :: Module token_provider initialized [1995ms]
2026-08-13 20:36:07.761430 [INFO] iso15118_charge  :: Module iso15118_charger initialized [2000ms]
2026-08-13 20:36:07.762269 [INFO] api:API          :: Module api initialized [2017ms]
2026-08-13 20:36:07.767704 [INFO] energy_manager:  :: Module energy_manager initialized [2016ms]
2026-08-13 20:36:08.165650 [INFO] iso15118_car     :: Module iso15118_car initialized [1975ms]
2026-08-13 20:36:08.208416 [INFO] manager          :: Clearing retained topics published by manager during startup
2026-08-13 20:36:08.209772 [INFO] manager          :: 🚙🚙🚙 All modules are initialized. EVerest up and running [2651ms] 🚙🚙🚙
2026-08-13 20:36:08.440506 [WARN] auth:Auth       void module::ReservationHandler::load_reservations() :: Can not load reservations because no storage was configured.
2026-08-13 20:36:08.612839 [INFO] evse_security:E  :: Requesting leaf certificate info: V2G
2026-08-13 20:36:08.616620 [INFO] evse_security:E  :: Found valid leaf: ["/home/ahzf/everest/dist/etc/everest/certs/client/cso/CPO_CERT_CHAIN.pem"]
2026-08-13 20:36:08.616699 [INFO] evse_security:E  :: Not requiring all valid leafs, returning
2026-08-13 20:36:08.667968 [INFO] evse_manager:Ev  :: AC HLC mode enabled.
2026-08-13 20:36:08.700694 [INFO] evse_security:E  :: Requesting certificate file: [V2G] file:"/home/ahzf/everest/dist/etc/everest/certs/ca/v2g/V2G_ROOT_CA.pem"
2026-08-13 20:36:08.714412 [INFO] evse_manager:Ev  :: Ignoring BSP Event, BSP is not enabled yet.
2026-08-13 20:36:08.745360 [INFO] evse_security:E  :: Requesting certificate file: [MO] file:"/home/ahzf/everest/dist/etc/everest/certs/ca/mo/MO_ROOT_CA.pem"
2026-08-13 20:36:08.760290 [INFO] evse_manager:Ev  :: Cleaning up any other transaction on start up
2026-08-13 20:36:08.788416 [INFO] iso15118_charge  :: Using ethernet interface: lo
2026-08-13 20:36:08.788517 [INFO] iso15118_charge  :: Starting SDP server with address: ::
2026-08-13 20:36:08.937413 [INFO] evse_manager:Ev  :: 🌀🌀🌀 Ready to start charging 🌀🌀🌀
2026-08-13 20:36:12.524066 [INFO] connector_1_pow  :: Lock connector
2026-08-13 20:36:12.753203 [INFO] evse_manager:Ev  :: SYS  Session logging started.
2026-08-13 20:36:12.753420 [INFO] evse_manager:Ev  :: EVSE IEC Session Started: EVConnected
2026-08-13 20:36:12.754820 [INFO] auth:Auth        :: Plug In event for evse#1, starting auth
2026-08-13 20:36:12.754907 [INFO] token_provider:  :: Publishing new dummy token: {
    "authorization_type": "RFID",
    "id_token": {
        "type": "ISO14443",
        "value": "[redacted] hash: 29F2679CA504908"
    },
    "parent_id_token": {
        "type": "ISO14443",
        "value": "[redacted] hash: 29F2679CA504908"
    }
}
2026-08-13 20:36:12.755935 [INFO] auth:Auth        :: Received new token: {
    "authorization_type": "RFID",
    "id_token": {
        "type": "ISO14443",
        "value": "[redacted] hash: 29F2679CA504908"
    },
    "parent_id_token": {
        "type": "ISO14443",
        "value": "[redacted] hash: 29F2679CA504908"
    }
}
2026-08-13 20:36:12.757323 [INFO] token_validator  :: Got validation request for token: [redacted] hash: 29F2679CA504908
2026-08-13 20:36:13.007615 [INFO] token_validator  :: Returning validation status: Accepted
2026-08-13 20:36:13.009028 [INFO] auth:Auth        :: Providing authorization to evse#1
2026-08-13 20:36:13.072731 [INFO] evse_manager:Ev  :: EVSE IEC EIM Authorization received
2026-08-13 20:36:13.073703 [INFO] auth:Auth        :: Result for token: [redacted] hash: 29F2679CA504908: USED_TO_START_TRANSACTION
2026-08-13 20:36:13.164317 [INFO] evse_manager:Ev  :: EVSE IEC Transaction Started (0 kWh)
2026-08-13 20:36:13.164844 [INFO] evse_manager:Ev  :: EVSE IEC AC mode, HLC enabled(X1), matching already started. We are in X1 so we can go directly to nominal PWM.
2026-08-13 20:36:13.164941 [INFO] evse_manager:Ev  :: EVSE IEC Charger state: Wait for Auth->PrepareCharging
2026-08-13 20:36:13.165544 [INFO] evse_manager:Ev  :: EVSE IEC Set PWM On (53.3%) took 0 ms
2026-08-13 20:36:14.788109 [INFO] evse_manager:Ev  :: EVSE ISO SLAC MATCHED
2026-08-13 20:36:14.788169 [INFO] evse_manager:Ev  :: EVSE ISO D-LINK_READY (true)
2026-08-13 20:36:14.832115 [WARN] iso15118_car    pybind11_init_everestpy(pybind11::module_&)::<lambda(const std::string&)> :: The port 15118 does not match the mandatory UDP server port 15118.
2026-08-13 20:36:20.518446 [INFO] evse_manager:Ev  ::                                     CAR IEC Event CarRequestedPower
2026-08-13 20:36:20.518618 [INFO] evse_manager:Ev  :: EVSE IEC Charger state: PrepareCharging->Charging
2026-08-13 20:36:20.769182 [INFO] evse_manager:Ev  :: EVSE IEC Event PowerOn
2026-08-13 20:36:44.176264 [INFO] evse_manager:Ev  ::                                     CAR IEC Event CarRequestedStopPower
2026-08-13 20:36:44.176481 [INFO] evse_manager:Ev  :: EVSE IEC Stop in Charging: [IEC stop]
2026-08-13 20:36:44.176580 [INFO] evse_manager:Ev  :: EVSE IEC Charger state: Charging->StoppingCharging
2026-08-13 20:36:44.177073 [INFO] evse_manager:Ev  :: EVSE IEC Set PWM Off
2026-08-13 20:36:44.220216 [INFO] evse_manager:Ev  :: EVSE IEC Event PowerOff
2026-08-13 20:36:44.220397 [INFO] evse_manager:Ev  :: EVSE IEC Charger state: StoppingCharging->Car Paused
2026-08-13 20:36:44.221245 [INFO] evse_manager:Ev  :: EVSE IEC Soft overcurrent event (L1:16.154997, L2:16.154997, L3:16.154997, limit 0.55), starting timer.
2026-08-13 20:36:44.221338 [INFO] evse_manager:Ev  :: EVSE IEC Set PWM On (53.3%) took 0 ms
2026-08-13 20:36:50.456178 [INFO] ev_manager:EvMa  :: Finished simulation.
2026-08-13 20:36:50.840332 [INFO] connector_1_pow  :: Unlock connector
2026-08-13 20:36:50.933351 [INFO] evse_manager:Ev  :: EVSE ISO SLAC UNMATCHED
2026-08-13 20:36:50.933597 [INFO] evse_manager:Ev  :: EVSE ISO D-LINK_READY (false)
2026-08-13 20:36:51.025046 [INFO] evse_manager:Ev  ::                                     CAR IEC Event CarUnplugged
2026-08-13 20:36:51.025225 [INFO] evse_manager:Ev  :: EVSE IEC Stop in ChargingPausedEV: [EV unplugged]
2026-08-13 20:36:51.025334 [INFO] evse_manager:Ev  :: EVSE IEC Charger state: Car Paused->StoppingCharging
2026-08-13 20:36:51.025937 [INFO] evse_manager:Ev  :: EVSE IEC Set PWM Off
2026-08-13 20:36:51.112149 [INFO] evse_manager:Ev  :: EVSE IEC Charger state: StoppingCharging->Finished
2026-08-13 20:36:51.156495 [INFO] evse_manager:Ev  :: EVSE IEC Transaction Finished: EVDisconnected (0.068 kWh)
2026-08-13 20:36:51.332216 [INFO] evse_manager:Ev  :: EVSE IEC Session Finished
2026-08-13 20:36:51.332390 [INFO] evse_manager:Ev  :: SYS  Session logging stopped.
2026-08-13 20:36:51.424424 [INFO] evse_manager:Ev  :: All errors cleared
2026-08-13 20:36:51.424573 [INFO] evse_manager:Ev  :: All errors cleared
