INFO    2026-07-22 16:53:01,313 - iso15118.evcc.evcc_settings (48): EVCC environment settings:
INFO    2026-07-22 16:53:01,313 - iso15118.evcc.evcc_settings (50): PKI_PATH                      : /venv/lib/python3.10/site-packages/iso15118/shared/pki/
INFO    2026-07-22 16:53:01,313 - iso15118.evcc.evcc_settings (50): MESSAGE_LOG_JSON              : True
INFO    2026-07-22 16:53:01,313 - iso15118.evcc.evcc_settings (50): MESSAGE_LOG_EXI               : False
INFO    2026-07-22 16:53:01,313 - iso15118.evcc.evcc_settings (50): ENABLE_TLS_1_3                : False
INFO    2026-07-22 16:53:01,314 - iso15118.evcc.evcc_settings (52): NETWORK_INTERFACE             : eth0
INFO    2026-07-22 16:53:01,314 - iso15118.evcc.evcc_settings (52): LOG_LEVEL                     : INFO
INFO    2026-07-22 16:53:01,314 - iso15118.evcc.evcc_settings (52): EVCC_CONFIG_PATH              : /venv/lib/python3.10/site-packages/iso15118/shared/examples/evcc/iso15118_2/evcc_config_pnc_ac.json
INFO    2026-07-22 16:53:01,320 - iso15118.evcc.evcc_config (120): EVCC Settings
INFO    2026-07-22 16:53:01,320 - iso15118.evcc.evcc_config (123): supported_energy_services     : [<ServiceV20.AC: 1>]
INFO    2026-07-22 16:53:01,320 - iso15118.evcc.evcc_config (123): is_cert_install_needed        : False
INFO    2026-07-22 16:53:01,321 - iso15118.evcc.evcc_config (123): use_tls                       : True
INFO    2026-07-22 16:53:01,321 - iso15118.evcc.evcc_config (123): sdp_retry_cycles              : 1
INFO    2026-07-22 16:53:01,321 - iso15118.evcc.evcc_config (123): max_contract_certs            : 3
INFO    2026-07-22 16:53:01,321 - iso15118.evcc.evcc_config (123): enforce_tls                   : False
INFO    2026-07-22 16:53:01,321 - iso15118.evcc.evcc_config (123): supported_protocols           : [<Protocol.ISO_15118_2: (<Namespace.ISO_V2_MSG_DEF: 'urn:iso:15118:2:2013:MsgDef'>, <enum 'ISOV2PayloadTypes'>)>]
INFO    2026-07-22 16:53:01,321 - iso15118.evcc.evcc_config (123): energy_transfer_mode          : AC_three_phase_core
INFO    2026-07-22 16:53:01,321 - iso15118.evcc.evcc_config (123): max_supporting_points         : 1024
INFO    2026-07-22 16:53:01,321 - iso15118.evcc.evcc_config (123): charge_loop_cycle             : 10
INFO    2026-07-22 16:53:01,321 - iso15118.evcc.evcc_config (123): charge_loop_delay_time        : 0
INFO    2026-07-22 16:53:02,943 - iso15118.shared.exi_codec (177): EXI Codec version: 1.55
INFO    2026-07-22 16:53:02,943 - iso15118.evcc (30): Starting 15118 version: 0.31.2
INFO    2026-07-22 16:53:02,943 - iso15118.evcc.comm_session_handler (313): Communication session handler started
INFO    2026-07-22 16:53:02,944 - iso15118.evcc.comm_session_handler (398): Remaining SDP requests: 50
INFO    2026-07-22 16:53:03,045 - iso15118.evcc.comm_session_handler (335): Sending SDPRequest: [Security: TLS, Protocol: TCP]
INFO    2026-07-22 16:53:03,059 - iso15118.evcc.transport.udp_client (105): Received datagram from UDP server at address ('fe80::215:5dff:fe46:863f', 15118, 0, 2)
INFO    2026-07-22 16:53:03,059 - iso15118.evcc.comm_session_handler (485): SDPResponse received: [ IP address: fe80::215:5dff:fe46:863f, Port: 55000 , Security: TLS , Transport: TCP ]
INFO    2026-07-22 16:53:03,059 - iso15118.evcc.comm_session_handler (416): Starting TLS client, trying to connect to fe80::215:5dff:fe46:863f at port 55000 ...
INFO    2026-07-22 16:53:03,155 - iso15118.evcc.comm_session_handler (423): TCP client connected
INFO    2026-07-22 16:53:03,163 - iso15118.shared.comm_session (344): Starting a new communication session
INFO    2026-07-22 16:53:03,163 - iso15118.shared.states (139): Entered state SupportedAppProtocol
INFO    2026-07-22 16:53:03,163 - iso15118.shared.exi_codec (248): Message to encode (ns=urn:iso:15118:2:2010:AppProtocol): {"supportedAppProtocolReq": {"AppProtocol": [{"ProtocolNamespace": "urn:iso:15118:2:2013:MsgDef", "VersionNumberMajor": 2, "VersionNumberMinor": 0, "SchemaID": 1, "Priority": 1}]}}
INFO    2026-07-22 16:53:03,228 - iso15118.shared.comm_session (431): Sent supportedAppProtocolReq
INFO    2026-07-22 16:53:03,332 - iso15118.shared.exi_codec (302): Decoded message (ns=urn:iso:15118:2:2010:AppProtocol): {"supportedAppProtocolRes":{"ResponseCode":"OK_SuccessfulNegotiation","SchemaID":1}}
INFO    2026-07-22 16:53:03,332 - iso15118.shared.comm_session (235): supportedAppProtocolRes received
INFO    2026-07-22 16:53:03,333 - iso15118.evcc.states.sap_states (159): Chosen protocol: ISO_15118_2
INFO    2026-07-22 16:53:03,333 - iso15118.shared.exi_codec (248): Message to encode (ns=urn:iso:15118:2:2013:MsgDef): {"V2G_Message": {"Header": {"SessionID": "00"}, "Body": {"SessionSetupReq": {"EVCCID": "00155D46863F"}}}}
INFO    2026-07-22 16:53:03,546 - iso15118.shared.comm_session (431): Sent SessionSetupReq
INFO    2026-07-22 16:53:03,547 - iso15118.shared.states (139): Entered state SessionSetup
INFO    2026-07-22 16:53:03,734 - iso15118.shared.exi_codec (302): Decoded message (ns=urn:iso:15118:2:2013:MsgDef): {"V2G_Message":{"Header":{"SessionID":"081B7E1F18FBADCF"},"Body":{"SessionSetupRes":{"ResponseCode":"OK_NewSessionEstablished","EVSEID":"DE*ABC*E1","EVSETimeStamp":1600000000}}}}
INFO    2026-07-22 16:53:03,735 - iso15118.shared.comm_session (235): SessionSetupRes received
INFO    2026-07-22 16:53:03,735 - iso15118.shared.exi_codec (248): Message to encode (ns=urn:iso:15118:2:2013:MsgDef): {"V2G_Message": {"Header": {"SessionID": "081B7E1F18FBADCF"}, "Body": {"ServiceDiscoveryReq": {}}}}
INFO    2026-07-22 16:53:03,847 - iso15118.shared.comm_session (431): Sent ServiceDiscoveryReq
INFO    2026-07-22 16:53:03,847 - iso15118.shared.states (139): Entered state ServiceDiscovery
INFO    2026-07-22 16:53:03,977 - iso15118.shared.exi_codec (302): Decoded message (ns=urn:iso:15118:2:2013:MsgDef): {"V2G_Message":{"Header":{"SessionID":"081B7E1F18FBADCF"},"Body":{"ServiceDiscoveryRes":{"ResponseCode":"OK","PaymentOptionList":{"PaymentOption":["Contract","ExternalPayment"]},"ChargeService":{"ServiceID":1,"ServiceName":"AC","ServiceCategory":"EVCharging","FreeService":true,"SupportedEnergyTransferMode":{"EnergyTransferMode":["AC_three_phase_core"]}}}}}}
INFO    2026-07-22 16:53:03,978 - iso15118.shared.comm_session (235): ServiceDiscoveryRes received
INFO    2026-07-22 16:53:03,979 - iso15118.shared.exi_codec (248): Message to encode (ns=urn:iso:15118:2:2013:MsgDef): {"V2G_Message": {"Header": {"SessionID": "081B7E1F18FBADCF"}, "Body": {"PaymentServiceSelectionReq": {"SelectedPaymentOption": "Contract", "SelectedServiceList": {"SelectedService": [{"ServiceID": 1}]}}}}}
INFO    2026-07-22 16:53:04,094 - iso15118.shared.comm_session (431): Sent PaymentServiceSelectionReq
INFO    2026-07-22 16:53:04,094 - iso15118.shared.states (139): Entered state PaymentServiceSelection
INFO    2026-07-22 16:53:04,196 - iso15118.shared.exi_codec (302): Decoded message (ns=urn:iso:15118:2:2013:MsgDef): {"V2G_Message":{"Header":{"SessionID":"081B7E1F18FBADCF"},"Body":{"PaymentServiceSelectionRes":{"ResponseCode":"OK"}}}}
INFO    2026-07-22 16:53:04,196 - iso15118.shared.comm_session (235): PaymentServiceSelectionRes received
INFO    2026-07-22 16:53:04,199 - iso15118.shared.exi_codec (248): Message to encode (ns=urn:iso:15118:2:2013:MsgDef): {"V2G_Message": {"Header": {"SessionID": "081B7E1F18FBADCF"}, "Body": {"PaymentDetailsReq": {"eMAID": "UKSWI123456791A", "ContractSignatureCertChain": {"Certificate": "MIICZDCCAgmgAwIBAgICMEQwCgYIKoZIzj0EAwIwVjEiMCAGA1UEAwwZUEtJLUV4dF9DUlRfTU9fU1VCMl9WQUxJRDEPMA0GA1UECgwGU3dpdGNoMQswCQYDVQQGEwJVSzESMBAGCgmSJomT8ixkARkWAk1PMB4XDTI2MDcyMTExNTMyMVoXDTI4MDcyMDExNTMyMVowTDEYMBYGA1UEAwwPVUtTV0kxMjM0NTY3OTFBMQ8wDQYDVQQKDAZTd2l0Y2gxCzAJBgNVBAYTAlVLMRIwEAYKCZImiZPyLGQBGRYCTU8wWTATBgcqhkjOPQIBBggqhkjOPQMBBwNCAASPcMR9PWoRGsJUtanwWG35is1JNazQouYmCqlvsiEKQDyLpSCTLAIwK0AJji7FDgbpHrOM+82YCirJywcZzauHo4HQMIHNMAwGA1UdEwEB/wQCMAAwDgYDVR0PAQH/BAQDAgPoMB0GA1UdDgQWBBQWT/G4zhwa/+ySeGEklHCy7y6GETBtBggrBgEFBQcBAQRhMF8wJAYIKwYBBQUHMAGGGGh0dHBzOi8vd3d3LmV4YW1wbGUuY29tLzA3BggrBgEFBQcwAoYraHR0cHM6Ly93d3cuZXhhbXBsZS5jb20vSW50ZXJtZWRpYXRlLUNBLmNlcjAfBgNVHSMEGDAWgBQE5KGTQteje6QejZgDDp+H+9PmajAKBggqhkjOPQQDAgNJADBGAiEAhnFc5UjTZQCbuZkmR7eHnJ03PMj+1B3F/ULTFnjHLI8CIQDFYbLbXqyvIRGSjDQVjoUmhpqvGg4exZyIgKf1iWnHaw==", "SubCertificates": {"Certificate": ["MIICcjCCAhmgAwIBAgICMEMwCgYIKoZIzj0EAwIwVjEiMCAGA1UEAwwZUEtJLUV4dF9DUlRfTU9fU1VCMV9WQUxJRDEPMA0GA1UECgwGU3dpdGNoMQswCQYDVQQGEwJVSzESMBAGCgmSJomT8ixkARkWAk1PMB4XDTI2MDcyMTExNTMyMVoXDTMwMDcyMDExNTMyMVowVjEiMCAGA1UEAwwZUEtJLUV4dF9DUlRfTU9fU1VCMl9WQUxJRDEPMA0GA1UECgwGU3dpdGNoMQswCQYDVQQGEwJVSzESMBAGCgmSJomT8ixkARkWAk1PMFkwEwYHKoZIzj0CAQYIKoZIzj0DAQcDQgAEHMR8BBuQ69sa5oonNzNyTMppyKA9JFnOKHlrSuleKsZoVFdRCpJlHFoUOmnxJ3wayr4tchFB3xB7jJjAckLZ46OB1jCB0zASBgNVHRMBAf8ECDAGAQH/AgEAMA4GA1UdDwEB/wQEAwIBxjAdBgNVHQ4EFgQUBOShk0LXo3ukHo2YAw6fh/vT5mowbQYIKwYBBQUHAQEEYTBfMCQGCCsGAQUFBzABhhhodHRwczovL3d3dy5leGFtcGxlLmNvbS8wNwYIKwYBBQUHMAKGK2h0dHBzOi8vd3d3LmV4YW1wbGUuY29tL0ludGVybWVkaWF0ZS1DQS5jZXIwHwYDVR0jBBgwFoAUIw4IOPzFFjrrThyNVhSk0fKtd+wwCgYIKoZIzj0EAwIDRwAwRAIgGCNE4tWgUqjzAxTow3Uf8HPoKnCT39oeZYFMGvM/LYYCIFAMF8lW7Xe8R54cYllDRUze2yNv30kI2CQ/LpZDgbcu", "MIICYzCCAgigAwIBAgICMEIwCgYIKoZIzj0EAwIwRTERMA8GA1UEAwwITU9Sb290Q0ExDzANBgNVBAoMBlN3aXRjaDELMAkGA1UEBhMCVUsxEjAQBgoJkiaJk/IsZAEZFgJNTzAeFw0yNjA3MjExMTUzMjFaFw0zMDA3MjAxMTUzMjFaMFYxIjAgBgNVBAMMGVBLSS1FeHRfQ1JUX01PX1NVQjFfVkFMSUQxDzANBgNVBAoMBlN3aXRjaDELMAkGA1UEBhMCVUsxEjAQBgoJkiaJk/IsZAEZFgJNTzBZMBMGByqGSM49AgEGCCqGSM49AwEHA0IABGX87iNhAe+7mzWkCS6yc3b4huU3NXoz1MH0PTcXKp2n5XPV+6+5/45AbhKSveAATuZUdQH6kGIOkRwA/KZ7u6yjgdYwgdMwEgYDVR0TAQH/BAgwBgEB/wIBATAOBgNVHQ8BAf8EBAMCAQYwHQYDVR0OBBYEFCMOCDj8xRY6604cjVYUpNHyrXfsMG0GCCsGAQUFBwEBBGEwXzAkBggrBgEFBQcwAYYYaHR0cHM6Ly93d3cuZXhhbXBsZS5jb20vMDcGCCsGAQUFBzAChitodHRwczovL3d3dy5leGFtcGxlLmNvbS9JbnRlcm1lZGlhdGUtQ0EuY2VyMB8GA1UdIwQYMBaAFJH0C7gAn6XBuT1ZPL8zNvr+zNl3MAoGCCqGSM49BAMCA0kAMEYCIQCGRcfkuKcJGq1zVhMJOMsJ1kWOiiHjQbMhQjobw8WqVwIhAOJ+7n6dWbsoc/v353G8L9R22c/+Y6t8BoYbGe5zimk4"]}}}}}}
INFO    2026-07-22 16:53:04,306 - iso15118.shared.comm_session (431): Sent PaymentDetailsReq
INFO    2026-07-22 16:53:04,306 - iso15118.shared.states (139): Entered state PaymentDetails
INFO    2026-07-22 16:53:04,396 - iso15118.shared.exi_codec (302): Decoded message (ns=urn:iso:15118:2:2013:MsgDef): {"V2G_Message":{"Header":{"SessionID":"081B7E1F18FBADCF"},"Body":{"PaymentDetailsRes":{"ResponseCode":"OK","GenChallenge":"zhZt9Y/YYSrE1L9osjQATA==","EVSETimeStamp":1784739184}}}}
INFO    2026-07-22 16:53:04,397 - iso15118.shared.comm_session (235): PaymentDetailsRes received
INFO    2026-07-22 16:53:04,397 - iso15118.shared.exi_codec (248): Message to encode (ns=urn:iso:15118:2:2013:MsgDef): {"AuthorizationReq": {"Id": "id1", "GenChallenge": "zhZt9Y/YYSrE1L9osjQATA=="}}
INFO    2026-07-22 16:53:04,491 - iso15118.shared.exi_codec (248): Message to encode (ns=http://www.w3.org/2000/09/xmldsig#): {"SignedInfo": {"CanonicalizationMethod": {"Algorithm": "http://www.w3.org/TR/canonical-exi/"}, "SignatureMethod": {"Algorithm": "http://www.w3.org/2001/04/xmldsig-more#ecdsa-sha256"}, "Reference": [{"Transforms": {"Transform": [{"Algorithm": "http://www.w3.org/TR/canonical-exi/"}]}, "DigestMethod": {"Algorithm": "http://www.w3.org/2001/04/xmlenc#sha256"}, "DigestValue": "FA9RQJ1qkhic+Z2ac+MeVOBSWZ/QCFsBWnSnUCIoS4A=", "URI": "#id1"}]}}
INFO    2026-07-22 16:53:04,580 - iso15118.shared.exi_codec (248): Message to encode (ns=urn:iso:15118:2:2013:MsgDef): {"V2G_Message": {"Header": {"SessionID": "081B7E1F18FBADCF", "Signature": {"SignedInfo": {"CanonicalizationMethod": {"Algorithm": "http://www.w3.org/TR/canonical-exi/"}, "SignatureMethod": {"Algorithm": "http://www.w3.org/2001/04/xmldsig-more#ecdsa-sha256"}, "Reference": [{"Transforms": {"Transform": [{"Algorithm": "http://www.w3.org/TR/canonical-exi/"}]}, "DigestMethod": {"Algorithm": "http://www.w3.org/2001/04/xmlenc#sha256"}, "DigestValue": "FA9RQJ1qkhic+Z2ac+MeVOBSWZ/QCFsBWnSnUCIoS4A=", "URI": "#id1"}]}, "SignatureValue": {"value": "A3pYOH1BiH6Y0vLO987u/2Kxbb28dkAUsUyejno3eLOSu6OpIQ5kq2hoMDrgPVdo/73fBVq1NYnz5Ga6sqP5Xw=="}}}, "Body": {"AuthorizationReq": {"Id": "id1", "GenChallenge": "zhZt9Y/YYSrE1L9osjQATA=="}}}}
INFO    2026-07-22 16:53:04,684 - iso15118.shared.comm_session (431): Sent AuthorizationReq
INFO    2026-07-22 16:53:04,684 - iso15118.shared.states (139): Entered state Authorization
INFO    2026-07-22 16:53:04,778 - iso15118.shared.exi_codec (302): Decoded message (ns=urn:iso:15118:2:2013:MsgDef): {"V2G_Message":{"Header":{"SessionID":"081B7E1F18FBADCF"},"Body":{"AuthorizationRes":{"ResponseCode":"OK","EVSEProcessing":"Finished"}}}}
INFO    2026-07-22 16:53:04,779 - iso15118.shared.comm_session (235): AuthorizationRes received
INFO    2026-07-22 16:53:04,780 - iso15118.shared.exi_codec (248): Message to encode (ns=urn:iso:15118:2:2013:MsgDef): {"V2G_Message": {"Header": {"SessionID": "081B7E1F18FBADCF"}, "Body": {"ChargeParameterDiscoveryReq": {"RequestedEnergyTransferMode": "AC_three_phase_core", "AC_EVChargeParameter": {"DepartureTime": 0, "EAmount": {"Value": 60, "Multiplier": 0, "Unit": "Wh"}, "EVMaxVoltage": {"Value": 400, "Multiplier": 0, "Unit": "V"}, "EVMaxCurrent": {"Value": 32000, "Multiplier": -3, "Unit": "A"}, "EVMinCurrent": {"Value": 10, "Multiplier": 0, "Unit": "A"}}}}}}
INFO    2026-07-22 16:53:04,849 - iso15118.shared.comm_session (431): Sent ChargeParameterDiscoveryReq
INFO    2026-07-22 16:53:04,849 - iso15118.shared.states (139): Entered state ChargeParameterDiscovery
INFO    2026-07-22 16:53:04,945 - iso15118.shared.exi_codec (302): Decoded message (ns=urn:iso:15118:2:2013:MsgDef): {"V2G_Message":{"Header":{"SessionID":"081B7E1F18FBADCF"},"Body":{"ChargeParameterDiscoveryRes":{"ResponseCode":"OK","EVSEProcessing":"Finished","SAScheduleList":{"SAScheduleTuple":[{"SAScheduleTupleID":1,"PMaxSchedule":{"PMaxScheduleEntry":[{"RelativeTimeInterval":{"start":0,"duration":3600},"PMax":{"Multiplier":0,"Unit":"W","Value":11000}}]}}]},"AC_EVSEChargeParameter":{"AC_EVSEStatus":{"NotificationMaxDelay":0,"EVSENotification":"None","RCD":false},"EVSENominalVoltage":{"Multiplier":0,"Unit":"V","Value":230},"EVSEMaxCurrent":{"Multiplier":0,"Unit":"A","Value":32}}}}}}
INFO    2026-07-22 16:53:04,946 - iso15118.shared.comm_session (235): ChargeParameterDiscoveryRes received
INFO    2026-07-22 16:53:04,948 - iso15118.shared.exi_codec (248): Message to encode (ns=urn:iso:15118:2:2013:MsgDef): {"V2G_Message": {"Header": {"SessionID": "081B7E1F18FBADCF"}, "Body": {"PowerDeliveryReq": {"ChargeProgress": "Start", "SAScheduleTupleID": 1, "ChargingProfile": {"ProfileEntry": [{"ChargingProfileEntryStart": 0, "ChargingProfileEntryMaxPower": {"Value": 11000, "Multiplier": 0, "Unit": "W"}}, {"ChargingProfileEntryStart": 3600, "ChargingProfileEntryMaxPower": {"Value": 0, "Multiplier": 0, "Unit": "W"}}]}}}}}
INFO    2026-07-22 16:53:05,033 - iso15118.shared.comm_session (431): Sent PowerDeliveryReq
INFO    2026-07-22 16:53:05,033 - iso15118.shared.states (139): Entered state PowerDelivery
INFO    2026-07-22 16:53:05,090 - iso15118.shared.exi_codec (302): Decoded message (ns=urn:iso:15118:2:2013:MsgDef): {"V2G_Message":{"Header":{"SessionID":"081B7E1F18FBADCF"},"Body":{"PowerDeliveryRes":{"ResponseCode":"OK","AC_EVSEStatus":{"NotificationMaxDelay":0,"EVSENotification":"None","RCD":false}}}}}
INFO    2026-07-22 16:53:05,090 - iso15118.shared.comm_session (235): PowerDeliveryRes received
INFO    2026-07-22 16:53:05,091 - iso15118.shared.exi_codec (248): Message to encode (ns=urn:iso:15118:2:2013:MsgDef): {"V2G_Message": {"Header": {"SessionID": "081B7E1F18FBADCF"}, "Body": {"ChargingStatusReq": {}}}}
INFO    2026-07-22 16:53:05,128 - iso15118.shared.comm_session (431): Sent ChargingStatusReq
INFO    2026-07-22 16:53:05,129 - iso15118.shared.states (139): Entered state ChargingStatus
INFO    2026-07-22 16:53:05,202 - iso15118.shared.exi_codec (302): Decoded message (ns=urn:iso:15118:2:2013:MsgDef): {"V2G_Message":{"Header":{"SessionID":"081B7E1F18FBADCF"},"Body":{"ChargingStatusRes":{"ResponseCode":"OK","EVSEID":"DE*ABC*E1","SAScheduleTupleID":1,"MeterInfo":{"MeterID":"VAN*M1","MeterReading":42,"TMeter":1784739185},"ReceiptRequired":true,"AC_EVSEStatus":{"NotificationMaxDelay":0,"EVSENotification":"None","RCD":false}}}}}
INFO    2026-07-22 16:53:05,202 - iso15118.shared.comm_session (235): ChargingStatusRes received
INFO    2026-07-22 16:53:05,203 - iso15118.shared.exi_codec (248): Message to encode (ns=urn:iso:15118:2:2013:MsgDef): {"MeteringReceiptReq": {"Id": "id1", "SessionID": "081B7E1F18FBADCF", "SAScheduleTupleID": 1, "MeterInfo": {"MeterID": "VAN*M1", "MeterReading": 42, "TMeter": 1784739185}}}
INFO    2026-07-22 16:53:05,264 - iso15118.shared.exi_codec (248): Message to encode (ns=http://www.w3.org/2000/09/xmldsig#): {"SignedInfo": {"CanonicalizationMethod": {"Algorithm": "http://www.w3.org/TR/canonical-exi/"}, "SignatureMethod": {"Algorithm": "http://www.w3.org/2001/04/xmldsig-more#ecdsa-sha256"}, "Reference": [{"Transforms": {"Transform": [{"Algorithm": "http://www.w3.org/TR/canonical-exi/"}]}, "DigestMethod": {"Algorithm": "http://www.w3.org/2001/04/xmlenc#sha256"}, "DigestValue": "U+EgVfBIOqIjSIHdDE3tS+yeTckTIEZ+k91cqvCgUNM=", "URI": "#id1"}]}}
INFO    2026-07-22 16:53:05,320 - iso15118.shared.exi_codec (248): Message to encode (ns=urn:iso:15118:2:2013:MsgDef): {"V2G_Message": {"Header": {"SessionID": "081B7E1F18FBADCF", "Signature": {"SignedInfo": {"CanonicalizationMethod": {"Algorithm": "http://www.w3.org/TR/canonical-exi/"}, "SignatureMethod": {"Algorithm": "http://www.w3.org/2001/04/xmldsig-more#ecdsa-sha256"}, "Reference": [{"Transforms": {"Transform": [{"Algorithm": "http://www.w3.org/TR/canonical-exi/"}]}, "DigestMethod": {"Algorithm": "http://www.w3.org/2001/04/xmlenc#sha256"}, "DigestValue": "U+EgVfBIOqIjSIHdDE3tS+yeTckTIEZ+k91cqvCgUNM=", "URI": "#id1"}]}, "SignatureValue": {"value": "wXDFmK244GmMyn+dqeSHeDGFguZXey9cWsbPv3Tfn+gNZzKwFXoZPEiXrstmwmSlOVUx7dq9vX3n583Ola/tOQ=="}}}, "Body": {"MeteringReceiptReq": {"Id": "id1", "SessionID": "081B7E1F18FBADCF", "SAScheduleTupleID": 1, "MeterInfo": {"MeterID": "VAN*M1", "MeterReading": 42, "TMeter": 1784739185}}}}}
INFO    2026-07-22 16:53:05,385 - iso15118.shared.comm_session (431): Sent MeteringReceiptReq
INFO    2026-07-22 16:53:05,385 - iso15118.shared.states (139): Entered state MeteringReceipt
INFO    2026-07-22 16:53:05,448 - iso15118.shared.exi_codec (302): Decoded message (ns=urn:iso:15118:2:2013:MsgDef): {"V2G_Message":{"Header":{"SessionID":"081B7E1F18FBADCF"},"Body":{"MeteringReceiptRes":{"ResponseCode":"OK","AC_EVSEStatus":{"NotificationMaxDelay":0,"EVSENotification":"None","RCD":false}}}}}
INFO    2026-07-22 16:53:05,449 - iso15118.shared.comm_session (235): MeteringReceiptRes received
INFO    2026-07-22 16:53:05,449 - iso15118.shared.exi_codec (248): Message to encode (ns=urn:iso:15118:2:2013:MsgDef): {"V2G_Message": {"Header": {"SessionID": "081B7E1F18FBADCF"}, "Body": {"ChargingStatusReq": {}}}}
INFO    2026-07-22 16:53:05,510 - iso15118.shared.comm_session (431): Sent ChargingStatusReq
INFO    2026-07-22 16:53:05,510 - iso15118.shared.states (139): Entered state ChargingStatus
INFO    2026-07-22 16:53:05,565 - iso15118.shared.exi_codec (302): Decoded message (ns=urn:iso:15118:2:2013:MsgDef): {"V2G_Message":{"Header":{"SessionID":"081B7E1F18FBADCF"},"Body":{"ChargingStatusRes":{"ResponseCode":"OK","EVSEID":"DE*ABC*E1","SAScheduleTupleID":1,"AC_EVSEStatus":{"NotificationMaxDelay":0,"EVSENotification":"None","RCD":false}}}}}
INFO    2026-07-22 16:53:05,566 - iso15118.shared.comm_session (235): ChargingStatusRes received
INFO    2026-07-22 16:53:05,566 - iso15118.evcc.states.iso15118_2_states (1180): Next ChargeLoop Req in 0 seconds
INFO    2026-07-22 16:53:05,567 - iso15118.shared.exi_codec (248): Message to encode (ns=urn:iso:15118:2:2013:MsgDef): {"V2G_Message": {"Header": {"SessionID": "081B7E1F18FBADCF"}, "Body": {"ChargingStatusReq": {}}}}
INFO    2026-07-22 16:53:05,614 - iso15118.shared.comm_session (431): Sent ChargingStatusReq
INFO    2026-07-22 16:53:05,615 - iso15118.shared.states (139): Entered state ChargingStatus
INFO    2026-07-22 16:53:05,669 - iso15118.shared.exi_codec (302): Decoded message (ns=urn:iso:15118:2:2013:MsgDef): {"V2G_Message":{"Header":{"SessionID":"081B7E1F18FBADCF"},"Body":{"ChargingStatusRes":{"ResponseCode":"OK","EVSEID":"DE*ABC*E1","SAScheduleTupleID":1,"AC_EVSEStatus":{"NotificationMaxDelay":0,"EVSENotification":"None","RCD":false}}}}}
INFO    2026-07-22 16:53:05,669 - iso15118.shared.comm_session (235): ChargingStatusRes received
INFO    2026-07-22 16:53:05,670 - iso15118.evcc.states.iso15118_2_states (1180): Next ChargeLoop Req in 0 seconds
INFO    2026-07-22 16:53:05,670 - iso15118.shared.exi_codec (248): Message to encode (ns=urn:iso:15118:2:2013:MsgDef): {"V2G_Message": {"Header": {"SessionID": "081B7E1F18FBADCF"}, "Body": {"ChargingStatusReq": {}}}}
INFO    2026-07-22 16:53:05,712 - iso15118.shared.comm_session (431): Sent ChargingStatusReq
INFO    2026-07-22 16:53:05,712 - iso15118.shared.states (139): Entered state ChargingStatus
INFO    2026-07-22 16:53:05,754 - iso15118.shared.exi_codec (302): Decoded message (ns=urn:iso:15118:2:2013:MsgDef): {"V2G_Message":{"Header":{"SessionID":"081B7E1F18FBADCF"},"Body":{"ChargingStatusRes":{"ResponseCode":"OK","EVSEID":"DE*ABC*E1","SAScheduleTupleID":1,"AC_EVSEStatus":{"NotificationMaxDelay":0,"EVSENotification":"None","RCD":false}}}}}
INFO    2026-07-22 16:53:05,754 - iso15118.shared.comm_session (235): ChargingStatusRes received
INFO    2026-07-22 16:53:05,754 - iso15118.evcc.states.iso15118_2_states (1180): Next ChargeLoop Req in 0 seconds
INFO    2026-07-22 16:53:05,755 - iso15118.shared.exi_codec (248): Message to encode (ns=urn:iso:15118:2:2013:MsgDef): {"V2G_Message": {"Header": {"SessionID": "081B7E1F18FBADCF"}, "Body": {"ChargingStatusReq": {}}}}
INFO    2026-07-22 16:53:05,798 - iso15118.shared.comm_session (431): Sent ChargingStatusReq
INFO    2026-07-22 16:53:05,799 - iso15118.shared.states (139): Entered state ChargingStatus
INFO    2026-07-22 16:53:05,839 - iso15118.shared.exi_codec (302): Decoded message (ns=urn:iso:15118:2:2013:MsgDef): {"V2G_Message":{"Header":{"SessionID":"081B7E1F18FBADCF"},"Body":{"ChargingStatusRes":{"ResponseCode":"OK","EVSEID":"DE*ABC*E1","SAScheduleTupleID":1,"AC_EVSEStatus":{"NotificationMaxDelay":0,"EVSENotification":"None","RCD":false}}}}}
INFO    2026-07-22 16:53:05,839 - iso15118.shared.comm_session (235): ChargingStatusRes received
INFO    2026-07-22 16:53:05,839 - iso15118.evcc.states.iso15118_2_states (1180): Next ChargeLoop Req in 0 seconds
INFO    2026-07-22 16:53:05,840 - iso15118.shared.exi_codec (248): Message to encode (ns=urn:iso:15118:2:2013:MsgDef): {"V2G_Message": {"Header": {"SessionID": "081B7E1F18FBADCF"}, "Body": {"ChargingStatusReq": {}}}}
INFO    2026-07-22 16:53:05,896 - iso15118.shared.comm_session (431): Sent ChargingStatusReq
INFO    2026-07-22 16:53:05,897 - iso15118.shared.states (139): Entered state ChargingStatus
INFO    2026-07-22 16:53:05,940 - iso15118.shared.exi_codec (302): Decoded message (ns=urn:iso:15118:2:2013:MsgDef): {"V2G_Message":{"Header":{"SessionID":"081B7E1F18FBADCF"},"Body":{"ChargingStatusRes":{"ResponseCode":"OK","EVSEID":"DE*ABC*E1","SAScheduleTupleID":1,"AC_EVSEStatus":{"NotificationMaxDelay":0,"EVSENotification":"None","RCD":false}}}}}
INFO    2026-07-22 16:53:05,941 - iso15118.shared.comm_session (235): ChargingStatusRes received
INFO    2026-07-22 16:53:05,941 - iso15118.evcc.states.iso15118_2_states (1180): Next ChargeLoop Req in 0 seconds
INFO    2026-07-22 16:53:05,942 - iso15118.shared.exi_codec (248): Message to encode (ns=urn:iso:15118:2:2013:MsgDef): {"V2G_Message": {"Header": {"SessionID": "081B7E1F18FBADCF"}, "Body": {"ChargingStatusReq": {}}}}
INFO    2026-07-22 16:53:05,982 - iso15118.shared.comm_session (431): Sent ChargingStatusReq
INFO    2026-07-22 16:53:05,982 - iso15118.shared.states (139): Entered state ChargingStatus
INFO    2026-07-22 16:53:06,037 - iso15118.shared.exi_codec (302): Decoded message (ns=urn:iso:15118:2:2013:MsgDef): {"V2G_Message":{"Header":{"SessionID":"081B7E1F18FBADCF"},"Body":{"ChargingStatusRes":{"ResponseCode":"OK","EVSEID":"DE*ABC*E1","SAScheduleTupleID":1,"AC_EVSEStatus":{"NotificationMaxDelay":0,"EVSENotification":"None","RCD":false}}}}}
INFO    2026-07-22 16:53:06,037 - iso15118.shared.comm_session (235): ChargingStatusRes received
INFO    2026-07-22 16:53:06,038 - iso15118.evcc.states.iso15118_2_states (1180): Next ChargeLoop Req in 0 seconds
INFO    2026-07-22 16:53:06,038 - iso15118.shared.exi_codec (248): Message to encode (ns=urn:iso:15118:2:2013:MsgDef): {"V2G_Message": {"Header": {"SessionID": "081B7E1F18FBADCF"}, "Body": {"ChargingStatusReq": {}}}}
INFO    2026-07-22 16:53:06,082 - iso15118.shared.comm_session (431): Sent ChargingStatusReq
INFO    2026-07-22 16:53:06,082 - iso15118.shared.states (139): Entered state ChargingStatus
INFO    2026-07-22 16:53:06,125 - iso15118.shared.exi_codec (302): Decoded message (ns=urn:iso:15118:2:2013:MsgDef): {"V2G_Message":{"Header":{"SessionID":"081B7E1F18FBADCF"},"Body":{"ChargingStatusRes":{"ResponseCode":"OK","EVSEID":"DE*ABC*E1","SAScheduleTupleID":1,"AC_EVSEStatus":{"NotificationMaxDelay":0,"EVSENotification":"None","RCD":false}}}}}
INFO    2026-07-22 16:53:06,126 - iso15118.shared.comm_session (235): ChargingStatusRes received
INFO    2026-07-22 16:53:06,126 - iso15118.evcc.states.iso15118_2_states (1180): Next ChargeLoop Req in 0 seconds
INFO    2026-07-22 16:53:06,127 - iso15118.shared.exi_codec (248): Message to encode (ns=urn:iso:15118:2:2013:MsgDef): {"V2G_Message": {"Header": {"SessionID": "081B7E1F18FBADCF"}, "Body": {"ChargingStatusReq": {}}}}
INFO    2026-07-22 16:53:06,184 - iso15118.shared.comm_session (431): Sent ChargingStatusReq
INFO    2026-07-22 16:53:06,184 - iso15118.shared.states (139): Entered state ChargingStatus
INFO    2026-07-22 16:53:06,241 - iso15118.shared.exi_codec (302): Decoded message (ns=urn:iso:15118:2:2013:MsgDef): {"V2G_Message":{"Header":{"SessionID":"081B7E1F18FBADCF"},"Body":{"ChargingStatusRes":{"ResponseCode":"OK","EVSEID":"DE*ABC*E1","SAScheduleTupleID":1,"AC_EVSEStatus":{"NotificationMaxDelay":0,"EVSENotification":"None","RCD":false}}}}}
INFO    2026-07-22 16:53:06,242 - iso15118.shared.comm_session (235): ChargingStatusRes received
INFO    2026-07-22 16:53:06,242 - iso15118.evcc.states.iso15118_2_states (1180): Next ChargeLoop Req in 0 seconds
INFO    2026-07-22 16:53:06,242 - iso15118.shared.exi_codec (248): Message to encode (ns=urn:iso:15118:2:2013:MsgDef): {"V2G_Message": {"Header": {"SessionID": "081B7E1F18FBADCF"}, "Body": {"ChargingStatusReq": {}}}}
INFO    2026-07-22 16:53:06,284 - iso15118.shared.comm_session (431): Sent ChargingStatusReq
INFO    2026-07-22 16:53:06,285 - iso15118.shared.states (139): Entered state ChargingStatus
INFO    2026-07-22 16:53:06,329 - iso15118.shared.exi_codec (302): Decoded message (ns=urn:iso:15118:2:2013:MsgDef): {"V2G_Message":{"Header":{"SessionID":"081B7E1F18FBADCF"},"Body":{"ChargingStatusRes":{"ResponseCode":"OK","EVSEID":"DE*ABC*E1","SAScheduleTupleID":1,"AC_EVSEStatus":{"NotificationMaxDelay":0,"EVSENotification":"None","RCD":false}}}}}
INFO    2026-07-22 16:53:06,330 - iso15118.shared.comm_session (235): ChargingStatusRes received
INFO    2026-07-22 16:53:06,330 - iso15118.evcc.states.iso15118_2_states (1180): Next ChargeLoop Req in 0 seconds
INFO    2026-07-22 16:53:06,330 - iso15118.shared.exi_codec (248): Message to encode (ns=urn:iso:15118:2:2013:MsgDef): {"V2G_Message": {"Header": {"SessionID": "081B7E1F18FBADCF"}, "Body": {"ChargingStatusReq": {}}}}
INFO    2026-07-22 16:53:06,363 - iso15118.shared.comm_session (431): Sent ChargingStatusReq
INFO    2026-07-22 16:53:06,363 - iso15118.shared.states (139): Entered state ChargingStatus
INFO    2026-07-22 16:53:06,412 - iso15118.shared.exi_codec (302): Decoded message (ns=urn:iso:15118:2:2013:MsgDef): {"V2G_Message":{"Header":{"SessionID":"081B7E1F18FBADCF"},"Body":{"ChargingStatusRes":{"ResponseCode":"OK","EVSEID":"DE*ABC*E1","SAScheduleTupleID":1,"AC_EVSEStatus":{"NotificationMaxDelay":0,"EVSENotification":"None","RCD":false}}}}}
INFO    2026-07-22 16:53:06,413 - iso15118.shared.comm_session (235): ChargingStatusRes received
INFO    2026-07-22 16:53:06,414 - iso15118.shared.exi_codec (248): Message to encode (ns=urn:iso:15118:2:2013:MsgDef): {"V2G_Message": {"Header": {"SessionID": "081B7E1F18FBADCF"}, "Body": {"PowerDeliveryReq": {"ChargeProgress": "Stop", "SAScheduleTupleID": 1}}}}
INFO    2026-07-22 16:53:06,463 - iso15118.shared.comm_session (431): Sent PowerDeliveryReq
INFO    2026-07-22 16:53:06,463 - iso15118.shared.states (139): Entered state PowerDelivery
INFO    2026-07-22 16:53:06,515 - iso15118.shared.exi_codec (302): Decoded message (ns=urn:iso:15118:2:2013:MsgDef): {"V2G_Message":{"Header":{"SessionID":"081B7E1F18FBADCF"},"Body":{"PowerDeliveryRes":{"ResponseCode":"OK","AC_EVSEStatus":{"NotificationMaxDelay":0,"EVSENotification":"None","RCD":false}}}}}
INFO    2026-07-22 16:53:06,516 - iso15118.shared.comm_session (235): PowerDeliveryRes received
INFO    2026-07-22 16:53:06,517 - iso15118.shared.exi_codec (248): Message to encode (ns=urn:iso:15118:2:2013:MsgDef): {"V2G_Message": {"Header": {"SessionID": "081B7E1F18FBADCF"}, "Body": {"SessionStopReq": {"ChargingSession": "Terminate"}}}}
INFO    2026-07-22 16:53:06,553 - iso15118.shared.comm_session (431): Sent SessionStopReq
INFO    2026-07-22 16:53:06,553 - iso15118.shared.states (139): Entered state SessionStop
INFO    2026-07-22 16:53:06,595 - iso15118.shared.exi_codec (302): Decoded message (ns=urn:iso:15118:2:2013:MsgDef): {"V2G_Message":{"Header":{"SessionID":"081B7E1F18FBADCF"},"Body":{"SessionStopRes":{"ResponseCode":"OK"}}}}
INFO    2026-07-22 16:53:06,595 - iso15118.shared.comm_session (235): SessionStopRes received
INFO    2026-07-22 16:53:06,596 - iso15118.shared.comm_session (395): The data link will terminate in 2 seconds and the TCP connection will close in 5 seconds. 
INFO    2026-07-22 16:53:06,596 - iso15118.shared.comm_session (399): Reason: Communication session terminated
INFO    2026-07-22 16:53:08,599 - iso15118.shared.comm_session (410): terminated the data link
INFO    2026-07-22 16:53:11,602 - iso15118.shared.comm_session (417): TCP connection closed to peer with address ('fe80::215:5dff:fe46:863f', 55000, 0, 2)
