INFO    2026-07-22 16:11:19,411 - iso15118.evcc.evcc_settings (48): EVCC environment settings:
INFO    2026-07-22 16:11:19,411 - iso15118.evcc.evcc_settings (50): PKI_PATH                      : /venv/lib/python3.10/site-packages/iso15118/shared/pki/
INFO    2026-07-22 16:11:19,411 - iso15118.evcc.evcc_settings (50): MESSAGE_LOG_JSON              : True
INFO    2026-07-22 16:11:19,411 - iso15118.evcc.evcc_settings (50): MESSAGE_LOG_EXI               : False
INFO    2026-07-22 16:11:19,411 - iso15118.evcc.evcc_settings (50): ENABLE_TLS_1_3                : False
INFO    2026-07-22 16:11:19,412 - iso15118.evcc.evcc_settings (52): NETWORK_INTERFACE             : eth0
INFO    2026-07-22 16:11:19,412 - iso15118.evcc.evcc_settings (52): LOG_LEVEL                     : INFO
INFO    2026-07-22 16:11:19,412 - iso15118.evcc.evcc_settings (52): EVCC_CONFIG_PATH              : /cfg/evcc_config.json
INFO    2026-07-22 16:11:19,422 - iso15118.evcc.evcc_config (120): EVCC Settings
INFO    2026-07-22 16:11:19,422 - iso15118.evcc.evcc_config (123): supported_energy_services     : [<ServiceV20.DC: 2>]
INFO    2026-07-22 16:11:19,422 - iso15118.evcc.evcc_config (123): is_cert_install_needed        : True
INFO    2026-07-22 16:11:19,422 - iso15118.evcc.evcc_config (123): use_tls                       : False
INFO    2026-07-22 16:11:19,422 - iso15118.evcc.evcc_config (123): sdp_retry_cycles              : 1
INFO    2026-07-22 16:11:19,422 - iso15118.evcc.evcc_config (123): max_contract_certs            : 3
INFO    2026-07-22 16:11:19,422 - iso15118.evcc.evcc_config (123): enforce_tls                   : False
INFO    2026-07-22 16:11:19,422 - iso15118.evcc.evcc_config (123): supported_protocols           : [<Protocol.ISO_15118_20_DC: (<Namespace.ISO_V20_DC: 'urn:iso:std:iso:15118:-20:DC'>, <enum 'ISOV20PayloadTypes'>)>]
INFO    2026-07-22 16:11:19,422 - iso15118.evcc.evcc_config (123): energy_transfer_mode          : AC_three_phase_core
INFO    2026-07-22 16:11:19,422 - iso15118.evcc.evcc_config (123): max_supporting_points         : 1024
INFO    2026-07-22 16:11:19,422 - iso15118.evcc.evcc_config (123): charge_loop_cycle             : 10
INFO    2026-07-22 16:11:19,423 - iso15118.evcc.evcc_config (123): charge_loop_delay_time        : 0
INFO    2026-07-22 16:11:21,202 - iso15118.shared.exi_codec (177): EXI Codec version: 1.55
INFO    2026-07-22 16:11:21,202 - iso15118.evcc (30): Starting 15118 version: 0.31.2
INFO    2026-07-22 16:11:21,202 - iso15118.evcc.comm_session_handler (313): Communication session handler started
INFO    2026-07-22 16:11:21,203 - iso15118.evcc.comm_session_handler (398): Remaining SDP requests: 50
INFO    2026-07-22 16:11:21,304 - iso15118.evcc.comm_session_handler (335): Sending SDPRequest: [Security: NO_TLS, Protocol: TCP]
INFO    2026-07-22 16:11:21,318 - iso15118.evcc.transport.udp_client (105): Received datagram from UDP server at address ('fe80::215:5dff:fe46:863f', 15118, 0, 2)
INFO    2026-07-22 16:11:21,318 - iso15118.evcc.comm_session_handler (485): SDPResponse received: [ IP address: fe80::215:5dff:fe46:863f, Port: 55000 , Security: NO_TLS , Transport: TCP ]
INFO    2026-07-22 16:11:21,319 - iso15118.evcc.comm_session_handler (416): Starting TCP client, trying to connect to fe80::215:5dff:fe46:863f at port 55000 ...
INFO    2026-07-22 16:11:21,323 - iso15118.evcc.comm_session_handler (423): TCP client connected
INFO    2026-07-22 16:11:21,341 - iso15118.shared.comm_session (344): Starting a new communication session
INFO    2026-07-22 16:11:21,341 - iso15118.shared.states (139): Entered state SupportedAppProtocol
INFO    2026-07-22 16:11:21,342 - iso15118.shared.exi_codec (248): Message to encode (ns=urn:iso:15118:2:2010:AppProtocol): {"supportedAppProtocolReq": {"AppProtocol": [{"ProtocolNamespace": "urn:iso:std:iso:15118:-20:DC", "VersionNumberMajor": 1, "VersionNumberMinor": 0, "SchemaID": 1, "Priority": 1}]}}
INFO    2026-07-22 16:11:21,412 - iso15118.shared.comm_session (431): Sent supportedAppProtocolReq
INFO    2026-07-22 16:11:21,585 - iso15118.shared.exi_codec (302): Decoded message (ns=urn:iso:15118:2:2010:AppProtocol): {"supportedAppProtocolRes":{"ResponseCode":"OK_SuccessfulNegotiation","SchemaID":1}}
INFO    2026-07-22 16:11:21,585 - iso15118.shared.comm_session (235): supportedAppProtocolRes received
INFO    2026-07-22 16:11:21,585 - iso15118.evcc.states.sap_states (159): Chosen protocol: ISO_15118_20_DC
INFO    2026-07-22 16:11:21,586 - iso15118.shared.exi_codec (248): Message to encode (ns=urn:iso:std:iso:15118:-20:CommonMessages): {"SessionSetupReq": {"Header": {"SessionID": "0000000000000000", "TimeStamp": 1784736681}, "EVCCID": "WMIV1234567890ABCDEX"}}
INFO    2026-07-22 16:11:21,806 - iso15118.shared.comm_session (431): Sent SessionSetupReq
INFO    2026-07-22 16:11:21,806 - iso15118.shared.states (139): Entered state SessionSetup
INFO    2026-07-22 16:11:21,986 - iso15118.shared.exi_codec (302): Decoded message (ns=urn:iso:std:iso:15118:-20:CommonMessages): {"SessionSetupRes":{"Header":{"SessionID":"7BFED9FE54C5BF61","TimeStamp":1784736681},"ResponseCode":"OK_NewSessionEstablished","EVSEID":"DE*ABC*E1"}}
INFO    2026-07-22 16:11:21,987 - iso15118.shared.comm_session (235): SessionSetupRes received
INFO    2026-07-22 16:11:21,987 - iso15118.shared.exi_codec (248): Message to encode (ns=urn:iso:std:iso:15118:-20:CommonMessages): {"AuthorizationSetupReq": {"Header": {"SessionID": "7BFED9FE54C5BF61", "TimeStamp": 1784736681}}}
INFO    2026-07-22 16:11:22,061 - iso15118.shared.comm_session (431): Sent AuthorizationSetupReq
INFO    2026-07-22 16:11:22,061 - iso15118.shared.states (139): Entered state AuthorizationSetup
INFO    2026-07-22 16:11:22,151 - iso15118.shared.exi_codec (302): Decoded message (ns=urn:iso:std:iso:15118:-20:CommonMessages): {"AuthorizationSetupRes":{"Header":{"SessionID":"7BFED9FE54C5BF61","TimeStamp":1784736682},"ResponseCode":"OK","AuthorizationServices":["PnC","EIM"],"CertificateInstallationService":true,"PnC_ASResAuthorizationMode":{"GenChallenge":"vLcp4d4s1+u+acHwIB+oow=="}}}
INFO    2026-07-22 16:11:22,151 - iso15118.shared.comm_session (235): AuthorizationSetupRes received
INFO    2026-07-22 16:11:22,154 - iso15118.shared.exi_codec (248): Message to encode (ns=urn:iso:std:iso:15118:-20:CommonMessages): {"OEMProvisioningCertificateChain": {"Id": "id1", "Certificate": "MIIB4DCCAYagAwIBAgICMEAwCgYIKoZIzj0EAwIwRzESMBAGA1UEAwwJT0VNU3ViQ0EyMQ8wDQYDVQQKDAZTd2l0Y2gxCzAJBgNVBAYTAlVLMRMwEQYKCZImiZPyLGQBGRYDT0VNMB4XDTI2MDcyMTExNTMyMVoXDTMwMDcyMDExNTMyMVowSTEUMBIGA1UEAwwLT0VNUHJvdkNlcnQxDzANBgNVBAoMBlN3aXRjaDELMAkGA1UEBhMCVUsxEzARBgoJkiaJk/IsZAEZFgNPRU0wWTATBgcqhkjOPQIBBggqhkjOPQMBBwNCAAQj8aufUWYEefCLZDU00mzi4gFZ3aam7qMfl1Z9uxlYe4D/FJMldIQjIIBvj9FhRv3XoPUeY6EkBYSKyM9PfIH1o2AwXjAMBgNVHRMBAf8EAjAAMA4GA1UdDwEB/wQEAwIDiDAdBgNVHQ4EFgQU5+mDkwSxgW64xnAvVMDJ2xu+AgAwHwYDVR0jBBgwFoAUx7VzMJWAj4Lu8EsNc3BkwwPasf0wCgYIKoZIzj0EAwIDSAAwRQIhANBNP8FbFyj7OWDd81k6E0GAkO94gGMVMLHh7hJ4jm01AiB46IZxvwO41uvK1hloZb5WnR/zWNh4uHWZJwlDknO1ig==", "SubCertificates": {"Certificate": ["MIIB5DCCAYqgAwIBAgICMD8wCgYIKoZIzj0EAwIwRzESMBAGA1UEAwwJT0VNU3ViQ0ExMQ8wDQYDVQQKDAZTd2l0Y2gxCzAJBgNVBAYTAlVLMRMwEQYKCZImiZPyLGQBGRYDT0VNMB4XDTI2MDcyMTExNTMyMFoXDTMwMDcyMDExNTMyMFowRzESMBAGA1UEAwwJT0VNU3ViQ0EyMQ8wDQYDVQQKDAZTd2l0Y2gxCzAJBgNVBAYTAlVLMRMwEQYKCZImiZPyLGQBGRYDT0VNMFkwEwYHKoZIzj0CAQYIKoZIzj0DAQcDQgAEwkS99Os/pms5BDv7dzpivMI/LBaXtQ8ZGT3ZfKza8FRMzsMdqNFIYnpdZZEn+htbODWhEEigeofJn/iS94V3OaNmMGQwEgYDVR0TAQH/BAgwBgEB/wIBADAOBgNVHQ8BAf8EBAMCAQYwHQYDVR0OBBYEFMe1czCVgI+C7vBLDXNwZMMD2rH9MB8GA1UdIwQYMBaAFOnxC3BoMEBd438dybLiHgEjnA9zMAoGCCqGSM49BAMCA0gAMEUCIQCSpzXsgqOuzJSyi8vO/v57wBOHpPMUJva+qepnV+yYNgIgE7pfyvnPy1sCOHgveAWtebiQQpdAdTAf2x1nOvyFNKg=", "MIIB5DCCAYqgAwIBAgICMD4wCgYIKoZIzj0EAwIwRzESMBAGA1UEAwwJT0VNUm9vdENBMQ8wDQYDVQQKDAZTd2l0Y2gxCzAJBgNVBAYTAlVLMRMwEQYKCZImiZPyLGQBGRYDT0VNMB4XDTI2MDcyMTExNTMyMFoXDTMwMDcyMDExNTMyMFowRzESMBAGA1UEAwwJT0VNU3ViQ0ExMQ8wDQYDVQQKDAZTd2l0Y2gxCzAJBgNVBAYTAlVLMRMwEQYKCZImiZPyLGQBGRYDT0VNMFkwEwYHKoZIzj0CAQYIKoZIzj0DAQcDQgAErtbSGfkyuzIESvzYdyf4WQWj+3H3JKutZO+AzeV2avhFSKo4VoUi4hj868PzUnwb70FYxdh1fTXAKRhTAvu6RKNmMGQwEgYDVR0TAQH/BAgwBgEB/wIBATAOBgNVHQ8BAf8EBAMCAQYwHQYDVR0OBBYEFOnxC3BoMEBd438dybLiHgEjnA9zMB8GA1UdIwQYMBaAFBLJt1yxgoX0BW/56v4y+YfDwMc6MAoGCCqGSM49BAMCA0gAMEUCIQCfl0Ypqicz+Nloo74+MhWZRRr+51tZGVTvM6IboCx4uQIgCEeXsieakDq23kriyWtF7cW2GlUj7oZi5HwvKxfum8A="]}}}
INFO    2026-07-22 16:11:22,261 - iso15118.shared.exi_codec (248): Message to encode (ns=http://www.w3.org/2000/09/xmldsig#): {"SignedInfo": {"CanonicalizationMethod": {"Algorithm": "http://www.w3.org/TR/canonical-exi/"}, "SignatureMethod": {"Algorithm": "http://www.w3.org/2001/04/xmldsig-more#ecdsa-sha256"}, "Reference": [{"Transforms": {"Transform": [{"Algorithm": "http://www.w3.org/TR/canonical-exi/"}]}, "DigestMethod": {"Algorithm": "http://www.w3.org/2001/04/xmlenc#sha256"}, "DigestValue": "CtBDY/O/MiKlYVxJV7UlQH5VOo1MYhCcukSTaJxW7EI=", "URI": "#id1"}]}}
INFO    2026-07-22 16:11:22,358 - iso15118.shared.exi_codec (248): Message to encode (ns=urn:iso:std:iso:15118:-20:CommonMessages): {"CertificateInstallationReq": {"Header": {"SessionID": "7BFED9FE54C5BF61", "TimeStamp": 1784736682, "Signature": {"SignedInfo": {"CanonicalizationMethod": {"Algorithm": "http://www.w3.org/TR/canonical-exi/"}, "SignatureMethod": {"Algorithm": "http://www.w3.org/2001/04/xmldsig-more#ecdsa-sha256"}, "Reference": [{"Transforms": {"Transform": [{"Algorithm": "http://www.w3.org/TR/canonical-exi/"}]}, "DigestMethod": {"Algorithm": "http://www.w3.org/2001/04/xmlenc#sha256"}, "DigestValue": "CtBDY/O/MiKlYVxJV7UlQH5VOo1MYhCcukSTaJxW7EI=", "URI": "#id1"}]}, "SignatureValue": {"value": "aQfN2sscBFZFNSblfnE2WB3jyzJUQgPGPJU11KEa93cRTngIhBv9jrFcaZZY9a7Q88gEf3DlsEX5EtUlr+8bdQ=="}}}, "OEMProvisioningCertificateChain": {"Id": "id1", "Certificate": "MIIB4DCCAYagAwIBAgICMEAwCgYIKoZIzj0EAwIwRzESMBAGA1UEAwwJT0VNU3ViQ0EyMQ8wDQYDVQQKDAZTd2l0Y2gxCzAJBgNVBAYTAlVLMRMwEQYKCZImiZPyLGQBGRYDT0VNMB4XDTI2MDcyMTExNTMyMVoXDTMwMDcyMDExNTMyMVowSTEUMBIGA1UEAwwLT0VNUHJvdkNlcnQxDzANBgNVBAoMBlN3aXRjaDELMAkGA1UEBhMCVUsxEzARBgoJkiaJk/IsZAEZFgNPRU0wWTATBgcqhkjOPQIBBggqhkjOPQMBBwNCAAQj8aufUWYEefCLZDU00mzi4gFZ3aam7qMfl1Z9uxlYe4D/FJMldIQjIIBvj9FhRv3XoPUeY6EkBYSKyM9PfIH1o2AwXjAMBgNVHRMBAf8EAjAAMA4GA1UdDwEB/wQEAwIDiDAdBgNVHQ4EFgQU5+mDkwSxgW64xnAvVMDJ2xu+AgAwHwYDVR0jBBgwFoAUx7VzMJWAj4Lu8EsNc3BkwwPasf0wCgYIKoZIzj0EAwIDSAAwRQIhANBNP8FbFyj7OWDd81k6E0GAkO94gGMVMLHh7hJ4jm01AiB46IZxvwO41uvK1hloZb5WnR/zWNh4uHWZJwlDknO1ig==", "SubCertificates": {"Certificate": ["MIIB5DCCAYqgAwIBAgICMD8wCgYIKoZIzj0EAwIwRzESMBAGA1UEAwwJT0VNU3ViQ0ExMQ8wDQYDVQQKDAZTd2l0Y2gxCzAJBgNVBAYTAlVLMRMwEQYKCZImiZPyLGQBGRYDT0VNMB4XDTI2MDcyMTExNTMyMFoXDTMwMDcyMDExNTMyMFowRzESMBAGA1UEAwwJT0VNU3ViQ0EyMQ8wDQYDVQQKDAZTd2l0Y2gxCzAJBgNVBAYTAlVLMRMwEQYKCZImiZPyLGQBGRYDT0VNMFkwEwYHKoZIzj0CAQYIKoZIzj0DAQcDQgAEwkS99Os/pms5BDv7dzpivMI/LBaXtQ8ZGT3ZfKza8FRMzsMdqNFIYnpdZZEn+htbODWhEEigeofJn/iS94V3OaNmMGQwEgYDVR0TAQH/BAgwBgEB/wIBADAOBgNVHQ8BAf8EBAMCAQYwHQYDVR0OBBYEFMe1czCVgI+C7vBLDXNwZMMD2rH9MB8GA1UdIwQYMBaAFOnxC3BoMEBd438dybLiHgEjnA9zMAoGCCqGSM49BAMCA0gAMEUCIQCSpzXsgqOuzJSyi8vO/v57wBOHpPMUJva+qepnV+yYNgIgE7pfyvnPy1sCOHgveAWtebiQQpdAdTAf2x1nOvyFNKg=", "MIIB5DCCAYqgAwIBAgICMD4wCgYIKoZIzj0EAwIwRzESMBAGA1UEAwwJT0VNUm9vdENBMQ8wDQYDVQQKDAZTd2l0Y2gxCzAJBgNVBAYTAlVLMRMwEQYKCZImiZPyLGQBGRYDT0VNMB4XDTI2MDcyMTExNTMyMFoXDTMwMDcyMDExNTMyMFowRzESMBAGA1UEAwwJT0VNU3ViQ0ExMQ8wDQYDVQQKDAZTd2l0Y2gxCzAJBgNVBAYTAlVLMRMwEQYKCZImiZPyLGQBGRYDT0VNMFkwEwYHKoZIzj0CAQYIKoZIzj0DAQcDQgAErtbSGfkyuzIESvzYdyf4WQWj+3H3JKutZO+AzeV2avhFSKo4VoUi4hj868PzUnwb70FYxdh1fTXAKRhTAvu6RKNmMGQwEgYDVR0TAQH/BAgwBgEB/wIBATAOBgNVHQ8BAf8EBAMCAQYwHQYDVR0OBBYEFOnxC3BoMEBd438dybLiHgEjnA9zMB8GA1UdIwQYMBaAFBLJt1yxgoX0BW/56v4y+YfDwMc6MAoGCCqGSM49BAMCA0gAMEUCIQCfl0Ypqicz+Nloo74+MhWZRRr+51tZGVTvM6IboCx4uQIgCEeXsieakDq23kriyWtF7cW2GlUj7oZi5HwvKxfum8A="]}}, "ListOfRootCertificateIDs": {"RootCertificateID": [{"X509IssuerName": "<Name(CN=V2GRootCA,O=Switch,C=UK,DC=V2G)>", "X509SerialNumber": 12345}]}, "MaximumContractCertificateChains": 3}}
INFO    2026-07-22 16:11:22,427 - iso15118.shared.comm_session (431): Sent CertificateInstallationReq
INFO    2026-07-22 16:11:22,427 - iso15118.shared.states (139): Entered state CertificateInstallation
INFO    2026-07-22 16:11:22,541 - iso15118.shared.exi_codec (302): Decoded message (ns=urn:iso:std:iso:15118:-20:CommonMessages): {"CertificateInstallationRes":{"Header":{"SessionID":"7BFED9FE54C5BF61","TimeStamp":1784736682,"Signature":{"SignedInfo":{"CanonicalizationMethod":{"Algorithm":"http://www.w3.org/TR/canonical-exi/"},"SignatureMethod":{"Algorithm":"http://www.w3.org/2001/04/xmldsig-more#ecdsa-sha512"},"Reference":[{"URI":"#sid1","Transforms":{"Transform":[{"Algorithm":"http://www.w3.org/TR/canonical-exi/"}]},"DigestMethod":{"Algorithm":"http://www.w3.org/2001/04/xmlenc#sha512"},"DigestValue":"MoCbQF9BEhRdqig92on1s4lHMfag8TZWYjVu5plUZKwJS8Khhn2u4UVGVenO1OxWVDwrZX50sg6HKuuAFNM93w=="}]},"SignatureValue":{"value":"AVd6WRPJviaiCe1KBsFgshVHMDqKojME30hfsKMlyCPL0wRGEqphtNv6LzpiSb1DQm2InbH62O//1LcdwELAg0CJAYqiuFtVIRGx1dsNBUIqPrs8yydMFWvIe9GEyZo0wDorP82HBj5dJ3KwAkPXeDPl38Iu2/VsHbTmlLVqreUX3V1m"}}},"ResponseCode":"OK","EVSEProcessing":"Finished","CPSCertificateChain":{"Certificate":"MIIBuDCCARmgAwIBAgIIWWeT5IpWBvgwCgYIKoZIzj0EAwQwHjEcMBoGA1UEAxMTVmFuYWhlaW1yIENQUyAoZGV2KTAeFw0yNjA3MjIxNjA2MjJaFw0yODA3MjIxNjExMjJaMB4xHDAaBgNVBAMTE1ZhbmFoZWltciBDUFMgKGRldikwgZswEAYHKoZIzj0CAQYFK4EEACMDgYYABAGaF/WHp9NJ4Xy5O9ORpk6mWKELDCiFMfeOaUwvNhfCvRiDl49lGcpUT3CAb8YYrbQ5Vt9KdU2fw+se2DU5YFCuEgDJr/bvgErqrCF6ae8CMewa0VzBfO+s7jEhy4TBp9LcI7d+w1G+NVqzBAQDu2qak1SQalINIaf4zqXPdP4y+LlezDAKBggqhkjOPQQDBAOBjAAwgYgCQgCDq8iCB3D0Xn+4oAdWE7HWSv6XYTpZsqdbwh/AWJTX5qVB2dvRPsq0mTBOt21d8fheeqbq9Hp+5CtctSIsGadrJAJCAe6ac/fZ+5+OH1alPyecBvsI9M9z+UdvWTDyeUvtaiC+4KCUxyJhklrk5sA0pHt6eghj7r5JyucwBlKiExWFjOWD"},"SignedInstallationData":{"Id":"sid1","ContractCertificateChain":{"Certificate":"MIIB5DCCAUWgAwIBAgIIe0pR8/fhZjQwCgYIKoZIzj0EAwQwNDEYMBYGA1UEChMPVmFuYWhlaW1yIChkZXYpMRgwFgYDVQQDDA9ERSpWQU4qQyowMDAwMDEwHhcNMjYwNzIyMTYwNjIyWhcNMjgwNzIyMTYxMTIyWjA0MRgwFgYDVQQKEw9WYW5haGVpbXIgKGRldikxGDAWBgNVBAMMD0RFKlZBTipDKjAwMDAwMTCBmzAQBgcqhkjOPQIBBgUrgQQAIwOBhgAEABzgHkb2mNHmVfC9bPjuEJGlTMEbVP7g065C9NTsAVXZ8sDlzOCdd+31sElwFlgmjJTxZZtSlYnc824dDA2tp7pUAC3/91pR6BLJ8f0RiMUKhSVMlh6Dy/iCvS1YdRXSvtulVDAZBbqMhgV5Fi5+dZHZGZI9sYyBiJsbT6K7S0mEdqhoMAoGCCqGSM49BAMEA4GMADCBiAJCATynnJlQrqOxL62YDcPchHD5zx8yimZTgM2NLxN+DRl5NaoAPsh78BVAvxD3AlkfxtW32DTiXh+SnyXMbIr87XUCAkIBID9EeYGpStbf4QC1WhE10SBZ2HSS9ubX7tBK/wIZgrT8+4mS1/hALa0Acxj2LuuLQt040A0DceZoAubIFJABDWE=","SubCertificates":{"Certificate":["MIIBuDCCARmgAwIBAgIIWWeT5IpWBvgwCgYIKoZIzj0EAwQwHjEcMBoGA1UEAxMTVmFuYWhlaW1yIENQUyAoZGV2KTAeFw0yNjA3MjIxNjA2MjJaFw0yODA3MjIxNjExMjJaMB4xHDAaBgNVBAMTE1ZhbmFoZWltciBDUFMgKGRldikwgZswEAYHKoZIzj0CAQYFK4EEACMDgYYABAGaF/WHp9NJ4Xy5O9ORpk6mWKELDCiFMfeOaUwvNhfCvRiDl49lGcpUT3CAb8YYrbQ5Vt9KdU2fw+se2DU5YFCuEgDJr/bvgErqrCF6ae8CMewa0VzBfO+s7jEhy4TBp9LcI7d+w1G+NVqzBAQDu2qak1SQalINIaf4zqXPdP4y+LlezDAKBggqhkjOPQQDBAOBjAAwgYgCQgCDq8iCB3D0Xn+4oAdWE7HWSv6XYTpZsqdbwh/AWJTX5qVB2dvRPsq0mTBOt21d8fheeqbq9Hp+5CtctSIsGadrJAJCAe6ac/fZ+5+OH1alPyecBvsI9M9z+UdvWTDyeUvtaiC+4KCUxyJhklrk5sA0pHt6eghj7r5JyucwBlKiExWFjOWD"]}},"ECDHCurve":"SECP521","DHPublicKey":"BAAef8gYff70SMSTWngU4Y7jz6PLNgHLx1qjttVJJRMDPDpW4vLJzz2siSiUlTOZDCZFxN41FD5QB04nJBa8vnIo5QF6tayoC6FYiWUOWnhOl1C55bdseMID9QDO9A3lygyBekiUd9Zi6OWLPJh+13zO3E/H8dqlCOPVq+F1EFXx0mY/jw==","SECP521_EncryptedPrivateKey":"x9FxNyKZxa9ovwvpnbCfLilHuKBJLdeSpBgr8e+Y5mwpuk94nvN0ZI2MeV8igcqVqRiml8+f2x/sOlwwSc5BUvNhax5hrQOHbRbmUe28ZtFUofKK48IqFYvhSw6eIw=="},"RemainingContractCertificateChains":0}}
INFO    2026-07-22 16:11:22,542 - iso15118.shared.comm_session (235): CertificateInstallationRes received
INFO    2026-07-22 16:11:22,542 - iso15118.shared.comm_session (395): The data link will terminate in 2 seconds and the TCP connection will close in 5 seconds. 
INFO    2026-07-22 16:11:22,542 - iso15118.shared.comm_session (399): Reason: NotImplementedError occurred while processing message  in state CertificateInstallation : CertificateInstallation not yet implemented. 
INFO    2026-07-22 16:11:24,544 - iso15118.shared.comm_session (410): terminated the data link
INFO    2026-07-22 16:11:27,548 - iso15118.shared.comm_session (417): TCP connection closed to peer with address ('fe80::215:5dff:fe46:863f', 55000, 0, 2)
ERROR    2026-07-22 16:11:27,549 - iso15118.evcc.comm_session_handler (569): EVCC tried to initiate a V2GCommunicationSession, but maximum number of SDP retry cycles (1) is now reached. Shutting down high-level communication. Unplug and plug in the cable again if you want to start anew.
Traceback (most recent call last):
  File "/venv/lib/python3.10/site-packages/iso15118/evcc/comm_session_handler.py", line 567, in get_from_rcv_queue
    await self.restart_sdp(True)
  File "/venv/lib/python3.10/site-packages/iso15118/evcc/comm_session_handler.py", line 384, in restart_sdp
    raise SDPFailedError(
iso15118.shared.exceptions.SDPFailedError: EVCC tried to initiate a V2GCommunicationSession, but maximum number of SDP retry cycles (1) is now reached. Shutting down high-level communication. Unplug and plug in the cable again if you want to start anew.
