2026-08-15 03:44:54.549100 [INFO] manager          ::   ________      __                _   
2026-08-15 03:44:54.549295 [INFO] manager          ::  |  ____\ \    / /               | |
2026-08-15 03:44:54.549305 [INFO] manager          ::  | |__   \ \  / /__ _ __ ___  ___| |_
2026-08-15 03:44:54.549310 [INFO] manager          ::  |  __|   \ \/ / _ \ '__/ _ \/ __| __|
2026-08-15 03:44:54.549317 [INFO] manager          ::  | |____   \  /  __/ | |  __/\__ \ |_
2026-08-15 03:44:54.549322 [INFO] manager          ::  |______|   \/ \___|_|  \___||___/\__|
2026-08-15 03:44:54.549328 [INFO] manager          :: 
2026-08-15 03:44:54.549333 [INFO] manager          :: everest-framework 0.25.0-dev 2026.02.1
2026-08-15 03:44:54.549339 [INFO] manager          :: everest-core 2026.02.1-dev 2026.02.1
2026-08-15 03:44:54.549346 [INFO] manager          :: 
2026-08-15 03:44:54.549353 [INFO] manager          :: Using MQTT broker localhost:1883
2026-08-15 03:44:54.575097 [INFO] manager          :: Boot mode is set to YamlFile, loading module configs from YAML file
2026-08-15 03:44:54.575156 [INFO] manager          :: Loading config file at: /home/ahzf/everest/configs-ours/config-ac20-reverse-ours.yaml
2026-08-15 03:44:54.714291 [INFO] manager          :: Config loading completed in 164ms
2026-08-15 03:44:54.716999 [INFO] manager          :: Starting 15 modules
2026-08-15 03:44:56.724059 [INFO] api_sink:Energy  :: Module api_sink initialized [1973ms]
2026-08-15 03:44:56.726761 [INFO] api:API          :: Module api initialized [1980ms]
2026-08-15 03:44:56.739714 [INFO] auth:Auth        :: Module auth initialized [1977ms]
2026-08-15 03:44:56.745395 [INFO] connector_1_pow  :: Module connector_1_powerpath initialized [1977ms]
2026-08-15 03:44:56.746480 [INFO] energy_manager:  :: Module energy_manager initialized [1969ms]
2026-08-15 03:44:56.748894 [INFO] error_history:E  :: Using database at "/tmp/error_history.db"
2026-08-15 03:44:56.749049 [INFO] error_history:E  :: Checking database
2026-08-15 03:44:56.751161 [INFO] error_history:E  :: Module error_history initialized [1970ms]
2026-08-15 03:44:56.753231 [INFO] ev_manager:EvMa  :: Module ev_manager initialized [1970ms]
2026-08-15 03:44:56.783138 [INFO] grid_connection  :: Module grid_connection_point initialized [1975ms]
2026-08-15 03:44:56.787755 [WARN] evse_security:E evse_security::EvseSecurity::EvseSecurity(const evse_security::FilePaths&, const std::optional<std::__cxx11::basic_string<char> >&, const std::optional<long unsigned int>&, const std::optional<long unsigned int>&, const std::optional<std::chrono::duration<long int> >&, const std::optional<std::chrono::duration<long int> >&) :: Could not find configured CSMS bundle file at: /home/ahzf/everest/dist/etc/everest/certs/ca/csms/CSMS_ROOT_CA.pem, creating default!
2026-08-15 03:44:56.788044 [WARN] evse_security:E evse_security::EvseSecurity::EvseSecurity(const evse_security::FilePaths&, const std::optional<std::__cxx11::basic_string<char> >&, const std::optional<long unsigned int>&, const std::optional<long unsigned int>&, const std::optional<std::chrono::duration<long int> >&, const std::optional<std::chrono::duration<long int> >&) :: Could not find configured MF bundle file at: /home/ahzf/everest/dist/etc/everest/certs/ca/mf/MF_ROOT_CA.pem, creating default!
2026-08-15 03:44:56.788199 [INFO] evse_security:E  :: Module evse_security initialized [1983ms]
2026-08-15 03:44:56.797242 [INFO] evse_manager:Ev  :: Module evse_manager initialized [1992ms]
2026-08-15 03:44:56.812321 [INFO] slac:SlacSimula  :: Module slac initialized [1984ms]
2026-08-15 03:44:56.814386 [INFO] iso15118_charge  :: Module iso15118_charger initialized [1986ms]
2026-08-15 03:44:56.817831 [INFO] token_validator  :: Module token_validator initialized [1980ms]
2026-08-15 03:44:56.820375 [INFO] token_provider:  :: Module token_provider initialized [1987ms]
2026-08-15 03:44:57.373712 [INFO] iso15118_car     :: Module iso15118_car initialized [1972ms]
2026-08-15 03:44:57.414829 [INFO] manager          :: Clearing retained topics published by manager during startup
2026-08-15 03:44:57.415915 [INFO] manager          :: 🚙🚙🚙 All modules are initialized. EVerest up and running [2879ms] 🚙🚙🚙
2026-08-15 03:44:57.565799 [WARN] auth:Auth       void module::ReservationHandler::load_reservations() :: Can not load reservations because no storage was configured.
2026-08-15 03:44:57.821010 [INFO] evse_security:E  :: Requesting leaf certificate info: V2G
2026-08-15 03:44:57.825011 [INFO] evse_security:E  :: Found valid leaf: ["/home/ahzf/everest/dist/etc/everest/certs/client/cso/CPO_CERT_CHAIN.pem"]
2026-08-15 03:44:57.825106 [INFO] evse_security:E  :: Not requiring all valid leafs, returning
2026-08-15 03:44:57.838863 [INFO] evse_manager:Ev  :: AC HLC mode enabled.
2026-08-15 03:44:57.907294 [INFO] evse_security:E  :: Requesting certificate file: [V2G] file:"/home/ahzf/everest/dist/etc/everest/certs/ca/v2g/V2G_ROOT_CA.pem"
2026-08-15 03:44:57.926767 [INFO] evse_manager:Ev  :: Ignoring BSP Event, BSP is not enabled yet.
2026-08-15 03:44:57.952453 [INFO] evse_security:E  :: Requesting certificate file: [MO] file:"/home/ahzf/everest/dist/etc/everest/certs/ca/mo/MO_ROOT_CA.pem"
2026-08-15 03:44:57.998991 [INFO] iso15118_charge  :: Using ethernet interface: lo
2026-08-15 03:44:57.999068 [INFO] iso15118_charge  :: Starting SDP server with address: ::
2026-08-15 03:44:58.014858 [INFO] evse_manager:Ev  :: Cleaning up any other transaction on start up
2026-08-15 03:44:58.151686 [INFO] evse_manager:Ev  :: 🌀🌀🌀 Ready to start charging 🌀🌀🌀
2026-08-15 03:45:01.478724 [INFO] connector_1_pow  :: Lock connector
2026-08-15 03:45:01.632124 [INFO] evse_manager:Ev  :: SYS  Session logging started.
2026-08-15 03:45:01.632278 [INFO] evse_manager:Ev  :: EVSE IEC Session Started: EVConnected
2026-08-15 03:45:01.633888 [INFO] auth:Auth        :: Plug In event for evse#1, starting auth
2026-08-15 03:45:01.633800 [INFO] token_provider:  :: Publishing new dummy token: {
    "authorization_type": "RFID",
    "id_token": {
        "type": "ISO14443",
        "value": "[redacted] hash: 29F2679CA504908"
    },
    "parent_id_token": {
        "type": "ISO14443",
        "value": "[redacted] hash: 29F2679CA504908"
    }
}
2026-08-15 03:45:01.635102 [INFO] auth:Auth        :: Received new token: {
    "authorization_type": "RFID",
    "id_token": {
        "type": "ISO14443",
        "value": "[redacted] hash: 29F2679CA504908"
    },
    "parent_id_token": {
        "type": "ISO14443",
        "value": "[redacted] hash: 29F2679CA504908"
    }
}
2026-08-15 03:45:01.636643 [INFO] token_validator  :: Got validation request for token: [redacted] hash: 29F2679CA504908
2026-08-15 03:45:01.886892 [INFO] token_validator  :: Returning validation status: Accepted
2026-08-15 03:45:01.888112 [INFO] auth:Auth        :: Providing authorization to evse#1
2026-08-15 03:45:01.933431 [INFO] evse_manager:Ev  :: EVSE IEC EIM Authorization received
2026-08-15 03:45:01.934258 [INFO] auth:Auth        :: Result for token: [redacted] hash: 29F2679CA504908: USED_TO_START_TRANSACTION
2026-08-15 03:45:01.982899 [INFO] evse_manager:Ev  :: EVSE IEC Transaction Started (0 kWh)
2026-08-15 03:45:01.983666 [INFO] evse_manager:Ev  :: EVSE IEC AC mode, HLC enabled(X1), matching already started. We are in X1 so we can go directly to nominal PWM.
2026-08-15 03:45:01.983758 [INFO] evse_manager:Ev  :: EVSE IEC Charger state: Wait for Auth->PrepareCharging
2026-08-15 03:45:01.984361 [INFO] evse_manager:Ev  :: EVSE IEC Set PWM On (53.3%) took 0 ms
2026-08-15 03:45:03.714885 [INFO] evse_manager:Ev  :: EVSE ISO D-LINK_READY (true)
2026-08-15 03:45:03.714885 [INFO] evse_manager:Ev  :: EVSE ISO SLAC MATCHED
2026-08-15 03:45:03.908640 [WARN] iso15118_car    pybind11_init_everestpy(pybind11::module_&)::<lambda(const std::string&)> :: The port 15118 does not match the mandatory UDP server port 15118.
2026-08-15 03:45:09.469099 [INFO] evse_manager:Ev  ::                                     CAR IEC Event CarRequestedPower
2026-08-15 03:45:09.469413 [INFO] evse_manager:Ev  :: EVSE IEC Charger state: PrepareCharging->Charging
2026-08-15 03:45:09.721039 [INFO] evse_manager:Ev  :: EVSE IEC Event PowerOn
2026-08-15 03:45:33.073771 [INFO] evse_manager:Ev  ::                                     CAR IEC Event CarRequestedStopPower
2026-08-15 03:45:33.074170 [INFO] evse_manager:Ev  :: EVSE IEC Stop in Charging: [IEC stop]
2026-08-15 03:45:33.074299 [INFO] evse_manager:Ev  :: EVSE IEC Charger state: Charging->StoppingCharging
2026-08-15 03:45:33.075247 [INFO] evse_manager:Ev  :: EVSE IEC Set PWM Off
2026-08-15 03:45:33.115599 [INFO] evse_manager:Ev  :: EVSE IEC Event PowerOff
2026-08-15 03:45:33.115761 [INFO] evse_manager:Ev  :: EVSE IEC Charger state: StoppingCharging->Car Paused
2026-08-15 03:45:33.116350 [INFO] evse_manager:Ev  :: EVSE IEC Set PWM On (53.3%) took 0 ms
2026-08-15 03:45:39.474559 [INFO] ev_manager:EvMa  :: Finished simulation.
2026-08-15 03:45:39.690594 [INFO] connector_1_pow  :: Unlock connector
2026-08-15 03:45:39.734613 [INFO] evse_manager:Ev  :: EVSE ISO SLAC UNMATCHED
2026-08-15 03:45:39.734673 [INFO] evse_manager:Ev  :: EVSE ISO D-LINK_READY (false)
2026-08-15 03:45:39.782696 [INFO] evse_manager:Ev  ::                                     CAR IEC Event CarUnplugged
2026-08-15 03:45:39.782844 [INFO] evse_manager:Ev  :: EVSE IEC Stop in ChargingPausedEV: [EV unplugged]
2026-08-15 03:45:39.782934 [INFO] evse_manager:Ev  :: EVSE IEC Charger state: Car Paused->StoppingCharging
2026-08-15 03:45:39.783379 [INFO] evse_manager:Ev  :: EVSE IEC Set PWM Off
2026-08-15 03:45:39.870702 [INFO] evse_manager:Ev  :: EVSE IEC Charger state: StoppingCharging->Finished
2026-08-15 03:45:39.919015 [INFO] evse_manager:Ev  :: EVSE IEC Transaction Finished: EVDisconnected (0.068 kWh)
2026-08-15 03:45:40.094881 [INFO] evse_manager:Ev  :: EVSE IEC Session Finished
2026-08-15 03:45:40.095089 [INFO] evse_manager:Ev  :: SYS  Session logging stopped.
2026-08-15 03:45:40.143025 [INFO] evse_manager:Ev  :: All errors cleared
2026-08-15 03:45:40.143165 [INFO] evse_manager:Ev  :: All errors cleared
