INFO    2026-08-15 02:08:33,970 - iso15118.evcc.evcc_settings (48): EVCC environment settings:
INFO    2026-08-15 02:08:33,970 - iso15118.evcc.evcc_settings (50): PKI_PATH                      : /venv/lib/python3.10/site-packages/iso15118/shared/pki/
INFO    2026-08-15 02:08:33,970 - iso15118.evcc.evcc_settings (50): MESSAGE_LOG_JSON              : True
INFO    2026-08-15 02:08:33,970 - iso15118.evcc.evcc_settings (50): MESSAGE_LOG_EXI               : False
INFO    2026-08-15 02:08:33,970 - iso15118.evcc.evcc_settings (50): ENABLE_TLS_1_3                : True
INFO    2026-08-15 02:08:33,971 - iso15118.evcc.evcc_settings (52): NETWORK_INTERFACE             : eth0
INFO    2026-08-15 02:08:33,971 - iso15118.evcc.evcc_settings (52): LOG_LEVEL                     : INFO
INFO    2026-08-15 02:08:33,971 - iso15118.evcc.evcc_settings (52): EVCC_CONFIG_PATH              : /tmp/evcc_config_dc_tls.json
INFO    2026-08-15 02:08:33,975 - iso15118.evcc.evcc_config (120): EVCC Settings
INFO    2026-08-15 02:08:33,975 - iso15118.evcc.evcc_config (123): supported_energy_services     : [<ServiceV20.DC: 2>]
INFO    2026-08-15 02:08:33,975 - iso15118.evcc.evcc_config (123): is_cert_install_needed        : False
INFO    2026-08-15 02:08:33,975 - iso15118.evcc.evcc_config (123): use_tls                       : True
INFO    2026-08-15 02:08:33,975 - iso15118.evcc.evcc_config (123): sdp_retry_cycles              : 1
INFO    2026-08-15 02:08:33,975 - iso15118.evcc.evcc_config (123): max_contract_certs            : 3
INFO    2026-08-15 02:08:33,975 - iso15118.evcc.evcc_config (123): enforce_tls                   : False
INFO    2026-08-15 02:08:33,975 - iso15118.evcc.evcc_config (123): supported_protocols           : [<Protocol.ISO_15118_20_DC: (<Namespace.ISO_V20_DC: 'urn:iso:std:iso:15118:-20:DC'>, <enum 'ISOV20PayloadTypes'>)>]
INFO    2026-08-15 02:08:33,975 - iso15118.evcc.evcc_config (123): energy_transfer_mode          : AC_three_phase_core
INFO    2026-08-15 02:08:33,975 - iso15118.evcc.evcc_config (123): max_supporting_points         : 1024
INFO    2026-08-15 02:08:33,975 - iso15118.evcc.evcc_config (123): charge_loop_cycle             : 10
INFO    2026-08-15 02:08:33,975 - iso15118.evcc.evcc_config (123): charge_loop_delay_time        : 0
INFO    2026-08-15 02:08:34,882 - iso15118.shared.exi_codec (177): EXI Codec version: 1.55
INFO    2026-08-15 02:08:34,883 - iso15118.evcc (30): Starting 15118 version: 0.31.2
INFO    2026-08-15 02:08:34,883 - iso15118.evcc.comm_session_handler (313): Communication session handler started
INFO    2026-08-15 02:08:34,883 - iso15118.evcc.comm_session_handler (398): Remaining SDP requests: 50
INFO    2026-08-15 02:08:34,984 - iso15118.evcc.comm_session_handler (335): Sending SDPRequest: [Security: TLS, Protocol: TCP]
INFO    2026-08-15 02:08:34,989 - iso15118.evcc.transport.udp_client (105): Received datagram from UDP server at address ('fe80::215:5dff:fedf:2f0c', 15118, 0, 2)
INFO    2026-08-15 02:08:34,989 - iso15118.evcc.comm_session_handler (485): SDPResponse received: [ IP address: fe80::215:5dff:fedf:2f0c, Port: 55000 , Security: TLS , Transport: TCP ]
INFO    2026-08-15 02:08:34,989 - iso15118.evcc.comm_session_handler (416): Starting TLS client, trying to connect to fe80::215:5dff:fedf:2f0c at port 55000 ...
INFO    2026-08-15 02:08:35,066 - iso15118.evcc.comm_session_handler (423): TCP client connected
INFO    2026-08-15 02:08:35,071 - iso15118.shared.comm_session (344): Starting a new communication session
INFO    2026-08-15 02:08:35,071 - iso15118.shared.states (139): Entered state SupportedAppProtocol
INFO    2026-08-15 02:08:35,071 - iso15118.shared.exi_codec (248): Message to encode (ns=urn:iso:15118:2:2010:AppProtocol): {"supportedAppProtocolReq": {"AppProtocol": [{"ProtocolNamespace": "urn:iso:std:iso:15118:-20:DC", "VersionNumberMajor": 1, "VersionNumberMinor": 0, "SchemaID": 1, "Priority": 1}]}}
INFO    2026-08-15 02:08:35,110 - iso15118.shared.comm_session (431): Sent supportedAppProtocolReq
INFO    2026-08-15 02:08:35,176 - iso15118.shared.exi_codec (302): Decoded message (ns=urn:iso:15118:2:2010:AppProtocol): {"supportedAppProtocolRes":{"ResponseCode":"OK_SuccessfulNegotiation","SchemaID":1}}
INFO    2026-08-15 02:08:35,176 - iso15118.shared.comm_session (235): supportedAppProtocolRes received
INFO    2026-08-15 02:08:35,177 - iso15118.evcc.states.sap_states (159): Chosen protocol: ISO_15118_20_DC
INFO    2026-08-15 02:08:35,177 - iso15118.shared.exi_codec (248): Message to encode (ns=urn:iso:std:iso:15118:-20:CommonMessages): {"SessionSetupReq": {"Header": {"SessionID": "0000000000000000", "TimeStamp": 1786759715}, "EVCCID": "WMIV1234567890ABCDEX"}}
INFO    2026-08-15 02:08:35,318 - iso15118.shared.comm_session (431): Sent SessionSetupReq
INFO    2026-08-15 02:08:35,319 - iso15118.shared.states (139): Entered state SessionSetup
INFO    2026-08-15 02:08:35,388 - iso15118.shared.exi_codec (302): Decoded message (ns=urn:iso:std:iso:15118:-20:CommonMessages): {"SessionSetupRes":{"Header":{"SessionID":"4CD862E22E305D2C","TimeStamp":1786759715},"ResponseCode":"OK_NewSessionEstablished","EVSEID":"DE*ABC*E1"}}
INFO    2026-08-15 02:08:35,389 - iso15118.shared.comm_session (235): SessionSetupRes received
INFO    2026-08-15 02:08:35,389 - iso15118.shared.exi_codec (248): Message to encode (ns=urn:iso:std:iso:15118:-20:CommonMessages): {"AuthorizationSetupReq": {"Header": {"SessionID": "4CD862E22E305D2C", "TimeStamp": 1786759715}}}
INFO    2026-08-15 02:08:35,435 - iso15118.shared.comm_session (431): Sent AuthorizationSetupReq
INFO    2026-08-15 02:08:35,435 - iso15118.shared.states (139): Entered state AuthorizationSetup
INFO    2026-08-15 02:08:35,481 - iso15118.shared.exi_codec (302): Decoded message (ns=urn:iso:std:iso:15118:-20:CommonMessages): {"AuthorizationSetupRes":{"Header":{"SessionID":"4CD862E22E305D2C","TimeStamp":1786759715},"ResponseCode":"OK","AuthorizationServices":["PnC","EIM"],"CertificateInstallationService":true,"PnC_ASResAuthorizationMode":{"GenChallenge":"oFudsBIRuaj2soH6hoqssg=="}}}
INFO    2026-08-15 02:08:35,481 - iso15118.shared.comm_session (235): AuthorizationSetupRes received
INFO    2026-08-15 02:08:35,481 - iso15118.shared.exi_codec (248): Message to encode (ns=urn:iso:std:iso:15118:-20:CommonMessages): {"PnC_AReqAuthorizationMode": {"Id": "id1", "GenChallenge": "oFudsBIRuaj2soH6hoqssg==", "ContractCertificateChain": {"Certificate": "MIICYjCCAgmgAwIBAgICMEQwCgYIKoZIzj0EAwIwVjEiMCAGA1UEAwwZUEtJLUV4dF9DUlRfTU9fU1VCMl9WQUxJRDEPMA0GA1UECgwGU3dpdGNoMQswCQYDVQQGEwJVSzESMBAGCgmSJomT8ixkARkWAk1PMB4XDTI2MDgxNTAyMDMxNVoXDTI4MDgxNDAyMDMxNVowTDEYMBYGA1UEAwwPVUtTV0kxMjM0NTY3OTFBMQ8wDQYDVQQKDAZTd2l0Y2gxCzAJBgNVBAYTAlVLMRIwEAYKCZImiZPyLGQBGRYCTU8wWTATBgcqhkjOPQIBBggqhkjOPQMBBwNCAARJCI6G904LN7hbUen7z0Dlqd6NDq1ckbDJ5OPgJmRiF8+zRYZNgMKTIbLdcETXw3pfagcmAUD/JoI7M5D7N0mdo4HQMIHNMAwGA1UdEwEB/wQCMAAwDgYDVR0PAQH/BAQDAgPoMB0GA1UdDgQWBBRE+h4t56/3kWOUUtzVNEtNXxQd8DBtBggrBgEFBQcBAQRhMF8wJAYIKwYBBQUHMAGGGGh0dHBzOi8vd3d3LmV4YW1wbGUuY29tLzA3BggrBgEFBQcwAoYraHR0cHM6Ly93d3cuZXhhbXBsZS5jb20vSW50ZXJtZWRpYXRlLUNBLmNlcjAfBgNVHSMEGDAWgBTY+xFw6nlfEMKp+iUVzmOlJVon5jAKBggqhkjOPQQDAgNHADBEAiBMM5M5h8bfsR4xK0miyyXfZWm1cG8LXTYzSZ2ceJu2pgIgWBKuIUJ0fsNx11gNbC6pxA18oLVxx1bESSejiUy/h3k=", "SubCertificates": {"Certificate": ["MIICcjCCAhmgAwIBAgICMEMwCgYIKoZIzj0EAwIwVjEiMCAGA1UEAwwZUEtJLUV4dF9DUlRfTU9fU1VCMV9WQUxJRDEPMA0GA1UECgwGU3dpdGNoMQswCQYDVQQGEwJVSzESMBAGCgmSJomT8ixkARkWAk1PMB4XDTI2MDgxNTAyMDMxNVoXDTMwMDgxNDAyMDMxNVowVjEiMCAGA1UEAwwZUEtJLUV4dF9DUlRfTU9fU1VCMl9WQUxJRDEPMA0GA1UECgwGU3dpdGNoMQswCQYDVQQGEwJVSzESMBAGCgmSJomT8ixkARkWAk1PMFkwEwYHKoZIzj0CAQYIKoZIzj0DAQcDQgAE1zD0xkjQ2PWX1wAmAQmIgzwkZ12e7GCYzk4p9hYhQc17cdVJd/4wZ1UCgJ3S0JxXePy7tRhvOuUgKTT2+2tq5KOB1jCB0zASBgNVHRMBAf8ECDAGAQH/AgEAMA4GA1UdDwEB/wQEAwIBxjAdBgNVHQ4EFgQU2PsRcOp5XxDCqfolFc5jpSVaJ+YwbQYIKwYBBQUHAQEEYTBfMCQGCCsGAQUFBzABhhhodHRwczovL3d3dy5leGFtcGxlLmNvbS8wNwYIKwYBBQUHMAKGK2h0dHBzOi8vd3d3LmV4YW1wbGUuY29tL0ludGVybWVkaWF0ZS1DQS5jZXIwHwYDVR0jBBgwFoAU5kvWX0endwnWuISFWcm46g+KpD0wCgYIKoZIzj0EAwIDRwAwRAIgA/F3adpfLAoYi7QA/rvGsIt1aR/70WjJl30sz+cuMZgCIGZ3zjbWACK4xw72gIhoCx3Ff3XGnMAOD7LFIThL9Q0C", "MIICYjCCAgigAwIBAgICMEIwCgYIKoZIzj0EAwIwRTERMA8GA1UEAwwITU9Sb290Q0ExDzANBgNVBAoMBlN3aXRjaDELMAkGA1UEBhMCVUsxEjAQBgoJkiaJk/IsZAEZFgJNTzAeFw0yNjA4MTUwMjAzMTVaFw0zMDA4MTQwMjAzMTVaMFYxIjAgBgNVBAMMGVBLSS1FeHRfQ1JUX01PX1NVQjFfVkFMSUQxDzANBgNVBAoMBlN3aXRjaDELMAkGA1UEBhMCVUsxEjAQBgoJkiaJk/IsZAEZFgJNTzBZMBMGByqGSM49AgEGCCqGSM49AwEHA0IABAnS7e4CLRBPp8eOGzVPe5c+YvUhmg+B8BQvY3Rq0zSuV0RlCAaK5peF6loyeApig4HkEbwfK4XJ2HncUx2VCmCjgdYwgdMwEgYDVR0TAQH/BAgwBgEB/wIBATAOBgNVHQ8BAf8EBAMCAQYwHQYDVR0OBBYEFOZL1l9Hp3cJ1riEhVnJuOoPiqQ9MG0GCCsGAQUFBwEBBGEwXzAkBggrBgEFBQcwAYYYaHR0cHM6Ly93d3cuZXhhbXBsZS5jb20vMDcGCCsGAQUFBzAChitodHRwczovL3d3dy5leGFtcGxlLmNvbS9JbnRlcm1lZGlhdGUtQ0EuY2VyMB8GA1UdIwQYMBaAFOa6edTdpn46XspbLN+OxVt8htiSMAoGCCqGSM49BAMCA0gAMEUCIBa5CAo7xr/BERcuURVSfxd5+0GAfWYRa+rLxFnYEYhNAiEA8Au9b1UJ5vDcDo61js7CCu+RfK8edY8iVxrsg103YYg="]}}}}
INFO    2026-08-15 02:08:35,540 - iso15118.shared.exi_codec (248): Message to encode (ns=http://www.w3.org/2000/09/xmldsig#): {"SignedInfo": {"CanonicalizationMethod": {"Algorithm": "http://www.w3.org/TR/canonical-exi/"}, "SignatureMethod": {"Algorithm": "http://www.w3.org/2001/04/xmldsig-more#ecdsa-sha256"}, "Reference": [{"Transforms": {"Transform": [{"Algorithm": "http://www.w3.org/TR/canonical-exi/"}]}, "DigestMethod": {"Algorithm": "http://www.w3.org/2001/04/xmlenc#sha256"}, "DigestValue": "Scek77AL4/u7qlZibvVn3q8RpPoKmSJ88Rqus+jqDwo=", "URI": "#id1"}]}}
INFO    2026-08-15 02:08:35,608 - iso15118.shared.exi_codec (248): Message to encode (ns=urn:iso:std:iso:15118:-20:CommonMessages): {"AuthorizationReq": {"Header": {"SessionID": "4CD862E22E305D2C", "TimeStamp": 1786759715, "Signature": {"SignedInfo": {"CanonicalizationMethod": {"Algorithm": "http://www.w3.org/TR/canonical-exi/"}, "SignatureMethod": {"Algorithm": "http://www.w3.org/2001/04/xmldsig-more#ecdsa-sha256"}, "Reference": [{"Transforms": {"Transform": [{"Algorithm": "http://www.w3.org/TR/canonical-exi/"}]}, "DigestMethod": {"Algorithm": "http://www.w3.org/2001/04/xmlenc#sha256"}, "DigestValue": "Scek77AL4/u7qlZibvVn3q8RpPoKmSJ88Rqus+jqDwo=", "URI": "#id1"}]}, "SignatureValue": {"value": "UbWHG8zPhzuiXUrKJxj4D1hCmIuWSUfZAeQDJyli7kezkAcIwRua0+X3CqvNK3VwzDjPy5eiH1HmBsguhX72gw=="}}}, "SelectedAuthorizationService": "PnC", "PnC_AReqAuthorizationMode": {"Id": "id1", "GenChallenge": "oFudsBIRuaj2soH6hoqssg==", "ContractCertificateChain": {"Certificate": "MIICYjCCAgmgAwIBAgICMEQwCgYIKoZIzj0EAwIwVjEiMCAGA1UEAwwZUEtJLUV4dF9DUlRfTU9fU1VCMl9WQUxJRDEPMA0GA1UECgwGU3dpdGNoMQswCQYDVQQGEwJVSzESMBAGCgmSJomT8ixkARkWAk1PMB4XDTI2MDgxNTAyMDMxNVoXDTI4MDgxNDAyMDMxNVowTDEYMBYGA1UEAwwPVUtTV0kxMjM0NTY3OTFBMQ8wDQYDVQQKDAZTd2l0Y2gxCzAJBgNVBAYTAlVLMRIwEAYKCZImiZPyLGQBGRYCTU8wWTATBgcqhkjOPQIBBggqhkjOPQMBBwNCAARJCI6G904LN7hbUen7z0Dlqd6NDq1ckbDJ5OPgJmRiF8+zRYZNgMKTIbLdcETXw3pfagcmAUD/JoI7M5D7N0mdo4HQMIHNMAwGA1UdEwEB/wQCMAAwDgYDVR0PAQH/BAQDAgPoMB0GA1UdDgQWBBRE+h4t56/3kWOUUtzVNEtNXxQd8DBtBggrBgEFBQcBAQRhMF8wJAYIKwYBBQUHMAGGGGh0dHBzOi8vd3d3LmV4YW1wbGUuY29tLzA3BggrBgEFBQcwAoYraHR0cHM6Ly93d3cuZXhhbXBsZS5jb20vSW50ZXJtZWRpYXRlLUNBLmNlcjAfBgNVHSMEGDAWgBTY+xFw6nlfEMKp+iUVzmOlJVon5jAKBggqhkjOPQQDAgNHADBEAiBMM5M5h8bfsR4xK0miyyXfZWm1cG8LXTYzSZ2ceJu2pgIgWBKuIUJ0fsNx11gNbC6pxA18oLVxx1bESSejiUy/h3k=", "SubCertificates": {"Certificate": ["MIICcjCCAhmgAwIBAgICMEMwCgYIKoZIzj0EAwIwVjEiMCAGA1UEAwwZUEtJLUV4dF9DUlRfTU9fU1VCMV9WQUxJRDEPMA0GA1UECgwGU3dpdGNoMQswCQYDVQQGEwJVSzESMBAGCgmSJomT8ixkARkWAk1PMB4XDTI2MDgxNTAyMDMxNVoXDTMwMDgxNDAyMDMxNVowVjEiMCAGA1UEAwwZUEtJLUV4dF9DUlRfTU9fU1VCMl9WQUxJRDEPMA0GA1UECgwGU3dpdGNoMQswCQYDVQQGEwJVSzESMBAGCgmSJomT8ixkARkWAk1PMFkwEwYHKoZIzj0CAQYIKoZIzj0DAQcDQgAE1zD0xkjQ2PWX1wAmAQmIgzwkZ12e7GCYzk4p9hYhQc17cdVJd/4wZ1UCgJ3S0JxXePy7tRhvOuUgKTT2+2tq5KOB1jCB0zASBgNVHRMBAf8ECDAGAQH/AgEAMA4GA1UdDwEB/wQEAwIBxjAdBgNVHQ4EFgQU2PsRcOp5XxDCqfolFc5jpSVaJ+YwbQYIKwYBBQUHAQEEYTBfMCQGCCsGAQUFBzABhhhodHRwczovL3d3dy5leGFtcGxlLmNvbS8wNwYIKwYBBQUHMAKGK2h0dHBzOi8vd3d3LmV4YW1wbGUuY29tL0ludGVybWVkaWF0ZS1DQS5jZXIwHwYDVR0jBBgwFoAU5kvWX0endwnWuISFWcm46g+KpD0wCgYIKoZIzj0EAwIDRwAwRAIgA/F3adpfLAoYi7QA/rvGsIt1aR/70WjJl30sz+cuMZgCIGZ3zjbWACK4xw72gIhoCx3Ff3XGnMAOD7LFIThL9Q0C", "MIICYjCCAgigAwIBAgICMEIwCgYIKoZIzj0EAwIwRTERMA8GA1UEAwwITU9Sb290Q0ExDzANBgNVBAoMBlN3aXRjaDELMAkGA1UEBhMCVUsxEjAQBgoJkiaJk/IsZAEZFgJNTzAeFw0yNjA4MTUwMjAzMTVaFw0zMDA4MTQwMjAzMTVaMFYxIjAgBgNVBAMMGVBLSS1FeHRfQ1JUX01PX1NVQjFfVkFMSUQxDzANBgNVBAoMBlN3aXRjaDELMAkGA1UEBhMCVUsxEjAQBgoJkiaJk/IsZAEZFgJNTzBZMBMGByqGSM49AgEGCCqGSM49AwEHA0IABAnS7e4CLRBPp8eOGzVPe5c+YvUhmg+B8BQvY3Rq0zSuV0RlCAaK5peF6loyeApig4HkEbwfK4XJ2HncUx2VCmCjgdYwgdMwEgYDVR0TAQH/BAgwBgEB/wIBATAOBgNVHQ8BAf8EBAMCAQYwHQYDVR0OBBYEFOZL1l9Hp3cJ1riEhVnJuOoPiqQ9MG0GCCsGAQUFBwEBBGEwXzAkBggrBgEFBQcwAYYYaHR0cHM6Ly93d3cuZXhhbXBsZS5jb20vMDcGCCsGAQUFBzAChitodHRwczovL3d3dy5leGFtcGxlLmNvbS9JbnRlcm1lZGlhdGUtQ0EuY2VyMB8GA1UdIwQYMBaAFOa6edTdpn46XspbLN+OxVt8htiSMAoGCCqGSM49BAMCA0gAMEUCIBa5CAo7xr/BERcuURVSfxd5+0GAfWYRa+rLxFnYEYhNAiEA8Au9b1UJ5vDcDo61js7CCu+RfK8edY8iVxrsg103YYg="]}}}}}
INFO    2026-08-15 02:08:35,680 - iso15118.shared.comm_session (431): Sent AuthorizationReq
INFO    2026-08-15 02:08:35,680 - iso15118.shared.states (139): Entered state Authorization
INFO    2026-08-15 02:08:35,750 - iso15118.shared.exi_codec (302): Decoded message (ns=urn:iso:std:iso:15118:-20:CommonMessages): {"AuthorizationRes":{"Header":{"SessionID":"4CD862E22E305D2C","TimeStamp":1786759715},"ResponseCode":"OK","EVSEProcessing":"Finished"}}
INFO    2026-08-15 02:08:35,750 - iso15118.shared.comm_session (235): AuthorizationRes received
INFO    2026-08-15 02:08:35,751 - iso15118.shared.exi_codec (248): Message to encode (ns=urn:iso:std:iso:15118:-20:CommonMessages): {"ServiceDiscoveryReq": {"Header": {"SessionID": "4CD862E22E305D2C", "TimeStamp": 1786759715}}}
INFO    2026-08-15 02:08:35,797 - iso15118.shared.comm_session (431): Sent ServiceDiscoveryReq
INFO    2026-08-15 02:08:35,797 - iso15118.shared.states (139): Entered state ServiceDiscovery
INFO    2026-08-15 02:08:35,845 - iso15118.shared.exi_codec (302): Decoded message (ns=urn:iso:std:iso:15118:-20:CommonMessages): {"ServiceDiscoveryRes":{"Header":{"SessionID":"4CD862E22E305D2C","TimeStamp":1786759715},"ResponseCode":"OK","ServiceRenegotiationSupported":true,"EnergyTransferServiceList":{"Service":[{"ServiceID":2,"FreeService":true},{"ServiceID":6,"FreeService":true}]}}}
INFO    2026-08-15 02:08:35,846 - iso15118.shared.comm_session (235): ServiceDiscoveryRes received
INFO    2026-08-15 02:08:35,846 - iso15118.shared.exi_codec (248): Message to encode (ns=urn:iso:std:iso:15118:-20:CommonMessages): {"ServiceDetailReq": {"Header": {"SessionID": "4CD862E22E305D2C", "TimeStamp": 1786759715}, "ServiceID": 2}}
INFO    2026-08-15 02:08:35,879 - iso15118.shared.comm_session (431): Sent ServiceDetailReq
INFO    2026-08-15 02:08:35,879 - iso15118.shared.states (139): Entered state ServiceDetail
INFO    2026-08-15 02:08:35,924 - iso15118.shared.exi_codec (302): Decoded message (ns=urn:iso:std:iso:15118:-20:CommonMessages): {"ServiceDetailRes":{"Header":{"SessionID":"4CD862E22E305D2C","TimeStamp":1786759715},"ResponseCode":"OK","ServiceID":2,"ServiceParameterList":{"ParameterSet":[{"ParameterSetID":1,"Parameter":[{"Name":"Connector","intValue":1},{"Name":"ControlMode","intValue":1},{"Name":"MobilityNeedsMode","intValue":1},{"Name":"Pricing","intValue":0}]},{"ParameterSetID":2,"Parameter":[{"Name":"Connector","intValue":1},{"Name":"ControlMode","intValue":2},{"Name":"MobilityNeedsMode","intValue":1},{"Name":"Pricing","intValue":0}]}]}}}
INFO    2026-08-15 02:08:35,925 - iso15118.shared.comm_session (235): ServiceDetailRes received
INFO    2026-08-15 02:08:35,925 - iso15118.evcc.states.iso15118_20_states (664): Selected Control Mode: 1
INFO    2026-08-15 02:08:35,926 - iso15118.shared.exi_codec (248): Message to encode (ns=urn:iso:std:iso:15118:-20:CommonMessages): {"ServiceSelectionReq": {"Header": {"SessionID": "4CD862E22E305D2C", "TimeStamp": 1786759715}, "SelectedEnergyTransferService": {"ServiceID": 2, "ParameterSetID": 1}}}
INFO    2026-08-15 02:08:35,959 - iso15118.shared.comm_session (431): Sent ServiceSelectionReq
INFO    2026-08-15 02:08:35,960 - iso15118.shared.states (139): Entered state ServiceSelection
INFO    2026-08-15 02:08:35,994 - iso15118.shared.exi_codec (302): Decoded message (ns=urn:iso:std:iso:15118:-20:CommonMessages): {"ServiceSelectionRes":{"Header":{"SessionID":"4CD862E22E305D2C","TimeStamp":1786759715},"ResponseCode":"OK"}}
INFO    2026-08-15 02:08:35,994 - iso15118.shared.comm_session (235): ServiceSelectionRes received
INFO    2026-08-15 02:08:35,995 - iso15118.shared.exi_codec (248): Message to encode (ns=urn:iso:std:iso:15118:-20:DC): {"DC_ChargeParameterDiscoveryReq": {"Header": {"SessionID": "4CD862E22E305D2C", "TimeStamp": 1786759715}, "DC_CPDReqEnergyTransferMode": {"EVMaximumChargePower": {"Exponent": 3, "Value": 300}, "EVMinimumChargePower": {"Exponent": 0, "Value": 100}, "EVMaximumChargeCurrent": {"Exponent": 0, "Value": 300}, "EVMinimumChargeCurrent": {"Exponent": 0, "Value": 10}, "EVMaximumVoltage": {"Exponent": 0, "Value": 1000}, "EVMinimumVoltage": {"Exponent": 0, "Value": 10}}}}
INFO    2026-08-15 02:08:36,040 - iso15118.shared.comm_session (431): Sent DC_ChargeParameterDiscoveryReq
INFO    2026-08-15 02:08:36,040 - iso15118.shared.states (139): Entered state DCChargeParameterDiscovery
INFO    2026-08-15 02:08:36,070 - iso15118.shared.exi_codec (302): Decoded message (ns=urn:iso:std:iso:15118:-20:DC): {"DC_ChargeParameterDiscoveryRes":{"Header":{"SessionID":"4CD862E22E305D2C","TimeStamp":1786759716},"ResponseCode":"OK","DC_CPDResEnergyTransferMode":{"EVSEMaximumChargePower":{"Exponent":1,"Value":5000},"EVSEMinimumChargePower":{"Exponent":0,"Value":0},"EVSEMaximumChargeCurrent":{"Exponent":0,"Value":200},"EVSEMinimumChargeCurrent":{"Exponent":0,"Value":0},"EVSEMaximumVoltage":{"Exponent":0,"Value":500},"EVSEMinimumVoltage":{"Exponent":0,"Value":50}}}}
INFO    2026-08-15 02:08:36,071 - iso15118.shared.comm_session (235): DC_ChargeParameterDiscoveryRes received
INFO    2026-08-15 02:08:36,071 - iso15118.shared.exi_codec (248): Message to encode (ns=urn:iso:std:iso:15118:-20:CommonMessages): {"ScheduleExchangeReq": {"Header": {"SessionID": "4CD862E22E305D2C", "TimeStamp": 1786759716}, "MaximumSupportingPoints": 1024, "Scheduled_SEReqControlMode": {"DepartureTime": 7200, "EVTargetEnergyRequest": {"Exponent": 3, "Value": 10}, "EVMaximumEnergyRequest": {"Exponent": 3, "Value": 20}, "EVMinimumEnergyRequest": {"Exponent": -2, "Value": 5}, "EVEnergyOffer": {"EVPowerSchedule": {"TimeAnchor": 0, "EVPowerScheduleEntries": {"EVPowerScheduleEntry": [{"Duration": 3600, "Power": {"Exponent": 3, "Value": -10}}]}}, "EVAbsolutePriceSchedule": {"TimeAnchor": 0, "Currency": "EUR", "PriceAlgorithm": "urn:iso:std:iso:15118:-20:PriceAlgorithm:1-Power", "EVPriceRuleStacks": {"EVPriceRuleStack": [{"Duration": 0, "EVPriceRule": [{"EnergyFee": {"Exponent": 0, "Value": 0}, "PowerRangeStart": {"Exponent": 0, "Value": 0}}]}]}}}}}}
INFO    2026-08-15 02:08:36,107 - iso15118.shared.comm_session (431): Sent ScheduleExchangeReq
INFO    2026-08-15 02:08:36,107 - iso15118.shared.states (139): Entered state ScheduleExchange
INFO    2026-08-15 02:08:36,150 - iso15118.shared.exi_codec (302): Decoded message (ns=urn:iso:std:iso:15118:-20:CommonMessages): {"ScheduleExchangeRes":{"Header":{"SessionID":"4CD862E22E305D2C","TimeStamp":1786759716},"ResponseCode":"OK","EVSEProcessing":"Finished","GoToPause":false,"Scheduled_SEResControlMode":{"ScheduleTuple":[{"ScheduleTupleID":1,"ChargingSchedule":{"PowerSchedule":{"TimeAnchor":0,"PowerScheduleEntries":{"PowerScheduleEntry":[{"Duration":3600,"Power":{"Exponent":0,"Value":100}}]}},"PriceLevelSchedule":{"TimeAnchor":0,"PriceScheduleID":1,"NumberOfPriceLevels":1,"PriceLevelScheduleEntries":{"PriceLevelScheduleEntry":[{"Duration":3600,"PriceLevel":0}]}}}}]}}}
INFO    2026-08-15 02:08:36,151 - iso15118.shared.comm_session (235): ScheduleExchangeRes received
INFO    2026-08-15 02:08:36,151 - iso15118.shared.exi_codec (248): Message to encode (ns=urn:iso:std:iso:15118:-20:DC): {"DC_CableCheckReq": {"Header": {"SessionID": "4CD862E22E305D2C", "TimeStamp": 1786759716}}}
INFO    2026-08-15 02:08:36,171 - iso15118.shared.comm_session (431): Sent DC_CableCheckReq
INFO    2026-08-15 02:08:36,171 - iso15118.shared.states (139): Entered state DCCableCheck
INFO    2026-08-15 02:08:36,189 - iso15118.shared.exi_codec (302): Decoded message (ns=urn:iso:std:iso:15118:-20:DC): {"DC_CableCheckRes":{"Header":{"SessionID":"4CD862E22E305D2C","TimeStamp":1786759716},"ResponseCode":"OK","EVSEProcessing":"Finished"}}
INFO    2026-08-15 02:08:36,189 - iso15118.shared.comm_session (235): DC_CableCheckRes received
INFO    2026-08-15 02:08:36,190 - iso15118.shared.exi_codec (248): Message to encode (ns=urn:iso:std:iso:15118:-20:DC): {"DC_PreChargeReq": {"Header": {"SessionID": "4CD862E22E305D2C", "TimeStamp": 1786759716}, "EVProcessing": "Ongoing", "EVPresentVoltage": {"Exponent": 3, "Value": 20}, "EVTargetVoltage": {"Exponent": 3, "Value": 20}}}
INFO    2026-08-15 02:08:36,208 - iso15118.shared.comm_session (431): Sent DC_PreChargeReq
INFO    2026-08-15 02:08:36,208 - iso15118.shared.states (139): Entered state DCPreCharge
INFO    2026-08-15 02:08:36,231 - iso15118.shared.exi_codec (302): Decoded message (ns=urn:iso:std:iso:15118:-20:DC): {"DC_PreChargeRes":{"Header":{"SessionID":"4CD862E22E305D2C","TimeStamp":1786759716},"ResponseCode":"OK","EVSEPresentVoltage":{"Exponent":0,"Value":390}}}
INFO    2026-08-15 02:08:36,232 - iso15118.shared.comm_session (235): DC_PreChargeRes received
INFO    2026-08-15 02:08:36,232 - iso15118.shared.exi_codec (248): Message to encode (ns=urn:iso:std:iso:15118:-20:DC): {"DC_PreChargeReq": {"Header": {"SessionID": "4CD862E22E305D2C", "TimeStamp": 1786759716}, "EVProcessing": "Ongoing", "EVPresentVoltage": {"Exponent": 3, "Value": 20}, "EVTargetVoltage": {"Exponent": 3, "Value": 20}}}
INFO    2026-08-15 02:08:36,255 - iso15118.shared.comm_session (431): Sent DC_PreChargeReq
INFO    2026-08-15 02:08:36,275 - iso15118.shared.exi_codec (302): Decoded message (ns=urn:iso:std:iso:15118:-20:DC): {"DC_PreChargeRes":{"Header":{"SessionID":"4CD862E22E305D2C","TimeStamp":1786759716},"ResponseCode":"OK","EVSEPresentVoltage":{"Exponent":0,"Value":390}}}
INFO    2026-08-15 02:08:36,276 - iso15118.shared.comm_session (235): DC_PreChargeRes received
INFO    2026-08-15 02:08:36,276 - iso15118.shared.exi_codec (248): Message to encode (ns=urn:iso:std:iso:15118:-20:DC): {"DC_PreChargeReq": {"Header": {"SessionID": "4CD862E22E305D2C", "TimeStamp": 1786759716}, "EVProcessing": "Ongoing", "EVPresentVoltage": {"Exponent": 3, "Value": 20}, "EVTargetVoltage": {"Exponent": 3, "Value": 20}}}
INFO    2026-08-15 02:08:36,303 - iso15118.shared.comm_session (431): Sent DC_PreChargeReq
INFO    2026-08-15 02:08:36,328 - iso15118.shared.exi_codec (302): Decoded message (ns=urn:iso:std:iso:15118:-20:DC): {"DC_PreChargeRes":{"Header":{"SessionID":"4CD862E22E305D2C","TimeStamp":1786759716},"ResponseCode":"OK","EVSEPresentVoltage":{"Exponent":0,"Value":390}}}
INFO    2026-08-15 02:08:36,328 - iso15118.shared.comm_session (235): DC_PreChargeRes received
INFO    2026-08-15 02:08:36,329 - iso15118.evcc.controller.simulator (574): Precharge complete.
INFO    2026-08-15 02:08:36,329 - iso15118.shared.exi_codec (248): Message to encode (ns=urn:iso:std:iso:15118:-20:DC): {"DC_PreChargeReq": {"Header": {"SessionID": "4CD862E22E305D2C", "TimeStamp": 1786759716}, "EVProcessing": "Finished", "EVPresentVoltage": {"Exponent": 3, "Value": 20}, "EVTargetVoltage": {"Exponent": 3, "Value": 20}}}
INFO    2026-08-15 02:08:36,355 - iso15118.shared.comm_session (431): Sent DC_PreChargeReq
INFO    2026-08-15 02:08:36,380 - iso15118.shared.exi_codec (302): Decoded message (ns=urn:iso:std:iso:15118:-20:DC): {"DC_PreChargeRes":{"Header":{"SessionID":"4CD862E22E305D2C","TimeStamp":1786759716},"ResponseCode":"OK","EVSEPresentVoltage":{"Exponent":0,"Value":390}}}
INFO    2026-08-15 02:08:36,381 - iso15118.shared.comm_session (235): DC_PreChargeRes received
INFO    2026-08-15 02:08:36,381 - iso15118.evcc.controller.simulator (574): Precharge complete.
INFO    2026-08-15 02:08:36,381 - iso15118.shared.exi_codec (248): Message to encode (ns=urn:iso:std:iso:15118:-20:CommonMessages): {"PowerDeliveryReq": {"Header": {"SessionID": "4CD862E22E305D2C", "TimeStamp": 1786759716}, "EVProcessing": "Ongoing", "ChargeProgress": "Start"}}
INFO    2026-08-15 02:08:36,417 - iso15118.shared.comm_session (431): Sent PowerDeliveryReq
INFO    2026-08-15 02:08:36,417 - iso15118.shared.states (139): Entered state PowerDelivery
INFO    2026-08-15 02:08:36,453 - iso15118.shared.exi_codec (302): Decoded message (ns=urn:iso:std:iso:15118:-20:CommonMessages): {"PowerDeliveryRes":{"Header":{"SessionID":"4CD862E22E305D2C","TimeStamp":1786759716},"ResponseCode":"OK"}}
INFO    2026-08-15 02:08:36,453 - iso15118.shared.comm_session (235): PowerDeliveryRes received
INFO    2026-08-15 02:08:36,453 - iso15118.shared.exi_codec (248): Message to encode (ns=urn:iso:std:iso:15118:-20:CommonMessages): {"PowerDeliveryReq": {"Header": {"SessionID": "4CD862E22E305D2C", "TimeStamp": 1786759716}, "EVProcessing": "Finished", "ChargeProgress": "Start", "EVPowerProfile": {"TimeAnchor": 0, "EVPowerProfileEntries": {"EVPowerProfileEntry": [{"Duration": 3600, "Power": {"Exponent": 0, "Value": 100}}]}, "Scheduled_EVPPTControlMode": {"SelectedScheduleTupleID": 1, "PowerToleranceAcceptance": "PowerToleranceConfirmed"}}}}
INFO    2026-08-15 02:08:36,489 - iso15118.shared.comm_session (431): Sent PowerDeliveryReq
INFO    2026-08-15 02:08:36,490 - iso15118.shared.states (139): Entered state PowerDelivery
INFO    2026-08-15 02:08:36,522 - iso15118.shared.exi_codec (302): Decoded message (ns=urn:iso:std:iso:15118:-20:CommonMessages): {"PowerDeliveryRes":{"Header":{"SessionID":"4CD862E22E305D2C","TimeStamp":1786759716},"ResponseCode":"OK"}}
INFO    2026-08-15 02:08:36,522 - iso15118.shared.comm_session (235): PowerDeliveryRes received
INFO    2026-08-15 02:08:36,523 - iso15118.shared.exi_codec (248): Message to encode (ns=urn:iso:std:iso:15118:-20:DC): {"DC_ChargeLoopReq": {"Header": {"SessionID": "4CD862E22E305D2C", "TimeStamp": 1786759716}, "DisplayParameters": {"PresentSOC": 10, "ChargingComplete": false}, "MeterInfoRequested": false, "EVPresentVoltage": {"Exponent": 3, "Value": 20}, "Scheduled_DC_CLReqControlMode": {"EVTargetCurrent": {"Exponent": 1, "Value": 20}, "EVTargetVoltage": {"Exponent": 1, "Value": 20}}}}
INFO    2026-08-15 02:08:36,545 - iso15118.shared.comm_session (431): Sent DC_ChargeLoopReq
INFO    2026-08-15 02:08:36,546 - iso15118.shared.states (139): Entered state DCChargeLoop
INFO    2026-08-15 02:08:36,584 - iso15118.shared.exi_codec (302): Decoded message (ns=urn:iso:std:iso:15118:-20:DC): {"DC_ChargeLoopRes":{"Header":{"SessionID":"4CD862E22E305D2C","TimeStamp":1786759716},"ResponseCode":"OK","EVSEPresentCurrent":{"Exponent":0,"Value":200},"EVSEPresentVoltage":{"Exponent":0,"Value":400},"EVSEPowerLimitAchieved":false,"EVSECurrentLimitAchieved":false,"EVSEVoltageLimitAchieved":false,"Scheduled_DC_CLResControlMode":{}}}
INFO    2026-08-15 02:08:36,584 - iso15118.shared.comm_session (235): DC_ChargeLoopRes received
INFO    2026-08-15 02:08:36,585 - iso15118.evcc.states.iso15118_20_states (1677): Next ChargeLoop Req in 0 seconds
INFO    2026-08-15 02:08:36,585 - iso15118.shared.exi_codec (248): Message to encode (ns=urn:iso:std:iso:15118:-20:DC): {"DC_ChargeLoopReq": {"Header": {"SessionID": "4CD862E22E305D2C", "TimeStamp": 1786759716}, "DisplayParameters": {"PresentSOC": 20, "ChargingComplete": false}, "MeterInfoRequested": false, "EVPresentVoltage": {"Exponent": 3, "Value": 20}, "Scheduled_DC_CLReqControlMode": {"EVTargetCurrent": {"Exponent": 1, "Value": 20}, "EVTargetVoltage": {"Exponent": 1, "Value": 20}}}}
INFO    2026-08-15 02:08:36,600 - iso15118.shared.comm_session (431): Sent DC_ChargeLoopReq
INFO    2026-08-15 02:08:36,620 - iso15118.shared.exi_codec (302): Decoded message (ns=urn:iso:std:iso:15118:-20:DC): {"DC_ChargeLoopRes":{"Header":{"SessionID":"4CD862E22E305D2C","TimeStamp":1786759716},"ResponseCode":"OK","EVSEPresentCurrent":{"Exponent":0,"Value":200},"EVSEPresentVoltage":{"Exponent":0,"Value":400},"EVSEPowerLimitAchieved":false,"EVSECurrentLimitAchieved":false,"EVSEVoltageLimitAchieved":false,"Scheduled_DC_CLResControlMode":{}}}
INFO    2026-08-15 02:08:36,620 - iso15118.shared.comm_session (235): DC_ChargeLoopRes received
INFO    2026-08-15 02:08:36,620 - iso15118.evcc.states.iso15118_20_states (1677): Next ChargeLoop Req in 0 seconds
INFO    2026-08-15 02:08:36,620 - iso15118.shared.exi_codec (248): Message to encode (ns=urn:iso:std:iso:15118:-20:DC): {"DC_ChargeLoopReq": {"Header": {"SessionID": "4CD862E22E305D2C", "TimeStamp": 1786759716}, "DisplayParameters": {"PresentSOC": 30, "ChargingComplete": false}, "MeterInfoRequested": false, "EVPresentVoltage": {"Exponent": 3, "Value": 20}, "Scheduled_DC_CLReqControlMode": {"EVTargetCurrent": {"Exponent": 1, "Value": 20}, "EVTargetVoltage": {"Exponent": 1, "Value": 20}}}}
INFO    2026-08-15 02:08:36,649 - iso15118.shared.comm_session (431): Sent DC_ChargeLoopReq
INFO    2026-08-15 02:08:36,680 - iso15118.shared.exi_codec (302): Decoded message (ns=urn:iso:std:iso:15118:-20:DC): {"DC_ChargeLoopRes":{"Header":{"SessionID":"4CD862E22E305D2C","TimeStamp":1786759716},"ResponseCode":"OK","EVSEPresentCurrent":{"Exponent":0,"Value":200},"EVSEPresentVoltage":{"Exponent":0,"Value":400},"EVSEPowerLimitAchieved":false,"EVSECurrentLimitAchieved":false,"EVSEVoltageLimitAchieved":false,"Scheduled_DC_CLResControlMode":{}}}
INFO    2026-08-15 02:08:36,681 - iso15118.shared.comm_session (235): DC_ChargeLoopRes received
INFO    2026-08-15 02:08:36,681 - iso15118.evcc.states.iso15118_20_states (1677): Next ChargeLoop Req in 0 seconds
INFO    2026-08-15 02:08:36,681 - iso15118.shared.exi_codec (248): Message to encode (ns=urn:iso:std:iso:15118:-20:DC): {"DC_ChargeLoopReq": {"Header": {"SessionID": "4CD862E22E305D2C", "TimeStamp": 1786759716}, "DisplayParameters": {"PresentSOC": 40, "ChargingComplete": false}, "MeterInfoRequested": false, "EVPresentVoltage": {"Exponent": 3, "Value": 20}, "Scheduled_DC_CLReqControlMode": {"EVTargetCurrent": {"Exponent": 1, "Value": 20}, "EVTargetVoltage": {"Exponent": 1, "Value": 20}}}}
INFO    2026-08-15 02:08:36,706 - iso15118.shared.comm_session (431): Sent DC_ChargeLoopReq
INFO    2026-08-15 02:08:36,731 - iso15118.shared.exi_codec (302): Decoded message (ns=urn:iso:std:iso:15118:-20:DC): {"DC_ChargeLoopRes":{"Header":{"SessionID":"4CD862E22E305D2C","TimeStamp":1786759716},"ResponseCode":"OK","EVSEPresentCurrent":{"Exponent":0,"Value":200},"EVSEPresentVoltage":{"Exponent":0,"Value":400},"EVSEPowerLimitAchieved":false,"EVSECurrentLimitAchieved":false,"EVSEVoltageLimitAchieved":false,"Scheduled_DC_CLResControlMode":{}}}
INFO    2026-08-15 02:08:36,731 - iso15118.shared.comm_session (235): DC_ChargeLoopRes received
INFO    2026-08-15 02:08:36,732 - iso15118.evcc.states.iso15118_20_states (1677): Next ChargeLoop Req in 0 seconds
INFO    2026-08-15 02:08:36,732 - iso15118.shared.exi_codec (248): Message to encode (ns=urn:iso:std:iso:15118:-20:DC): {"DC_ChargeLoopReq": {"Header": {"SessionID": "4CD862E22E305D2C", "TimeStamp": 1786759716}, "DisplayParameters": {"PresentSOC": 50, "ChargingComplete": false}, "MeterInfoRequested": false, "EVPresentVoltage": {"Exponent": 3, "Value": 20}, "Scheduled_DC_CLReqControlMode": {"EVTargetCurrent": {"Exponent": 1, "Value": 20}, "EVTargetVoltage": {"Exponent": 1, "Value": 20}}}}
INFO    2026-08-15 02:08:36,758 - iso15118.shared.comm_session (431): Sent DC_ChargeLoopReq
INFO    2026-08-15 02:08:36,779 - iso15118.shared.exi_codec (302): Decoded message (ns=urn:iso:std:iso:15118:-20:DC): {"DC_ChargeLoopRes":{"Header":{"SessionID":"4CD862E22E305D2C","TimeStamp":1786759716},"ResponseCode":"OK","EVSEPresentCurrent":{"Exponent":0,"Value":200},"EVSEPresentVoltage":{"Exponent":0,"Value":400},"EVSEPowerLimitAchieved":false,"EVSECurrentLimitAchieved":false,"EVSEVoltageLimitAchieved":false,"Scheduled_DC_CLResControlMode":{}}}
INFO    2026-08-15 02:08:36,779 - iso15118.shared.comm_session (235): DC_ChargeLoopRes received
INFO    2026-08-15 02:08:36,779 - iso15118.evcc.states.iso15118_20_states (1677): Next ChargeLoop Req in 0 seconds
INFO    2026-08-15 02:08:36,780 - iso15118.shared.exi_codec (248): Message to encode (ns=urn:iso:std:iso:15118:-20:DC): {"DC_ChargeLoopReq": {"Header": {"SessionID": "4CD862E22E305D2C", "TimeStamp": 1786759716}, "DisplayParameters": {"PresentSOC": 60, "ChargingComplete": false}, "MeterInfoRequested": false, "EVPresentVoltage": {"Exponent": 3, "Value": 20}, "Scheduled_DC_CLReqControlMode": {"EVTargetCurrent": {"Exponent": 1, "Value": 20}, "EVTargetVoltage": {"Exponent": 1, "Value": 20}}}}
INFO    2026-08-15 02:08:36,804 - iso15118.shared.comm_session (431): Sent DC_ChargeLoopReq
INFO    2026-08-15 02:08:36,826 - iso15118.shared.exi_codec (302): Decoded message (ns=urn:iso:std:iso:15118:-20:DC): {"DC_ChargeLoopRes":{"Header":{"SessionID":"4CD862E22E305D2C","TimeStamp":1786759716},"ResponseCode":"OK","EVSEPresentCurrent":{"Exponent":0,"Value":200},"EVSEPresentVoltage":{"Exponent":0,"Value":400},"EVSEPowerLimitAchieved":false,"EVSECurrentLimitAchieved":false,"EVSEVoltageLimitAchieved":false,"Scheduled_DC_CLResControlMode":{}}}
INFO    2026-08-15 02:08:36,826 - iso15118.shared.comm_session (235): DC_ChargeLoopRes received
INFO    2026-08-15 02:08:36,826 - iso15118.evcc.states.iso15118_20_states (1677): Next ChargeLoop Req in 0 seconds
INFO    2026-08-15 02:08:36,827 - iso15118.shared.exi_codec (248): Message to encode (ns=urn:iso:std:iso:15118:-20:DC): {"DC_ChargeLoopReq": {"Header": {"SessionID": "4CD862E22E305D2C", "TimeStamp": 1786759716}, "DisplayParameters": {"PresentSOC": 70, "ChargingComplete": false}, "MeterInfoRequested": false, "EVPresentVoltage": {"Exponent": 3, "Value": 20}, "Scheduled_DC_CLReqControlMode": {"EVTargetCurrent": {"Exponent": 1, "Value": 20}, "EVTargetVoltage": {"Exponent": 1, "Value": 20}}}}
INFO    2026-08-15 02:08:36,846 - iso15118.shared.comm_session (431): Sent DC_ChargeLoopReq
INFO    2026-08-15 02:08:36,869 - iso15118.shared.exi_codec (302): Decoded message (ns=urn:iso:std:iso:15118:-20:DC): {"DC_ChargeLoopRes":{"Header":{"SessionID":"4CD862E22E305D2C","TimeStamp":1786759716},"ResponseCode":"OK","EVSEPresentCurrent":{"Exponent":0,"Value":200},"EVSEPresentVoltage":{"Exponent":0,"Value":400},"EVSEPowerLimitAchieved":false,"EVSECurrentLimitAchieved":false,"EVSEVoltageLimitAchieved":false,"Scheduled_DC_CLResControlMode":{}}}
INFO    2026-08-15 02:08:36,870 - iso15118.shared.comm_session (235): DC_ChargeLoopRes received
INFO    2026-08-15 02:08:36,870 - iso15118.evcc.states.iso15118_20_states (1677): Next ChargeLoop Req in 0 seconds
INFO    2026-08-15 02:08:36,870 - iso15118.shared.exi_codec (248): Message to encode (ns=urn:iso:std:iso:15118:-20:DC): {"DC_ChargeLoopReq": {"Header": {"SessionID": "4CD862E22E305D2C", "TimeStamp": 1786759716}, "DisplayParameters": {"PresentSOC": 80, "ChargingComplete": false}, "MeterInfoRequested": false, "EVPresentVoltage": {"Exponent": 3, "Value": 20}, "Scheduled_DC_CLReqControlMode": {"EVTargetCurrent": {"Exponent": 1, "Value": 20}, "EVTargetVoltage": {"Exponent": 1, "Value": 20}}}}
INFO    2026-08-15 02:08:36,889 - iso15118.shared.comm_session (431): Sent DC_ChargeLoopReq
INFO    2026-08-15 02:08:36,908 - iso15118.shared.exi_codec (302): Decoded message (ns=urn:iso:std:iso:15118:-20:DC): {"DC_ChargeLoopRes":{"Header":{"SessionID":"4CD862E22E305D2C","TimeStamp":1786759716},"ResponseCode":"OK","EVSEPresentCurrent":{"Exponent":0,"Value":200},"EVSEPresentVoltage":{"Exponent":0,"Value":400},"EVSEPowerLimitAchieved":false,"EVSECurrentLimitAchieved":false,"EVSEVoltageLimitAchieved":false,"Scheduled_DC_CLResControlMode":{}}}
INFO    2026-08-15 02:08:36,908 - iso15118.shared.comm_session (235): DC_ChargeLoopRes received
INFO    2026-08-15 02:08:36,908 - iso15118.evcc.states.iso15118_20_states (1677): Next ChargeLoop Req in 0 seconds
INFO    2026-08-15 02:08:36,909 - iso15118.shared.exi_codec (248): Message to encode (ns=urn:iso:std:iso:15118:-20:DC): {"DC_ChargeLoopReq": {"Header": {"SessionID": "4CD862E22E305D2C", "TimeStamp": 1786759716}, "DisplayParameters": {"PresentSOC": 90, "ChargingComplete": false}, "MeterInfoRequested": false, "EVPresentVoltage": {"Exponent": 3, "Value": 20}, "Scheduled_DC_CLReqControlMode": {"EVTargetCurrent": {"Exponent": 1, "Value": 20}, "EVTargetVoltage": {"Exponent": 1, "Value": 20}}}}
INFO    2026-08-15 02:08:36,929 - iso15118.shared.comm_session (431): Sent DC_ChargeLoopReq
INFO    2026-08-15 02:08:36,947 - iso15118.shared.exi_codec (302): Decoded message (ns=urn:iso:std:iso:15118:-20:DC): {"DC_ChargeLoopRes":{"Header":{"SessionID":"4CD862E22E305D2C","TimeStamp":1786759716},"ResponseCode":"OK","EVSEPresentCurrent":{"Exponent":0,"Value":200},"EVSEPresentVoltage":{"Exponent":0,"Value":400},"EVSEPowerLimitAchieved":false,"EVSECurrentLimitAchieved":false,"EVSEVoltageLimitAchieved":false,"Scheduled_DC_CLResControlMode":{}}}
INFO    2026-08-15 02:08:36,947 - iso15118.shared.comm_session (235): DC_ChargeLoopRes received
INFO    2026-08-15 02:08:36,947 - iso15118.evcc.states.iso15118_20_states (1677): Next ChargeLoop Req in 0 seconds
INFO    2026-08-15 02:08:36,947 - iso15118.shared.exi_codec (248): Message to encode (ns=urn:iso:std:iso:15118:-20:DC): {"DC_ChargeLoopReq": {"Header": {"SessionID": "4CD862E22E305D2C", "TimeStamp": 1786759716}, "DisplayParameters": {"PresentSOC": 100, "ChargingComplete": true}, "MeterInfoRequested": false, "EVPresentVoltage": {"Exponent": 3, "Value": 20}, "Scheduled_DC_CLReqControlMode": {"EVTargetCurrent": {"Exponent": 1, "Value": 20}, "EVTargetVoltage": {"Exponent": 1, "Value": 20}}}}
INFO    2026-08-15 02:08:36,968 - iso15118.shared.comm_session (431): Sent DC_ChargeLoopReq
INFO    2026-08-15 02:08:36,987 - iso15118.shared.exi_codec (302): Decoded message (ns=urn:iso:std:iso:15118:-20:DC): {"DC_ChargeLoopRes":{"Header":{"SessionID":"4CD862E22E305D2C","TimeStamp":1786759716},"ResponseCode":"OK","EVSEPresentCurrent":{"Exponent":0,"Value":200},"EVSEPresentVoltage":{"Exponent":0,"Value":400},"EVSEPowerLimitAchieved":false,"EVSECurrentLimitAchieved":false,"EVSEVoltageLimitAchieved":false,"Scheduled_DC_CLResControlMode":{}}}
INFO    2026-08-15 02:08:36,988 - iso15118.shared.comm_session (235): DC_ChargeLoopRes received
INFO    2026-08-15 02:08:36,988 - iso15118.shared.exi_codec (248): Message to encode (ns=urn:iso:std:iso:15118:-20:CommonMessages): {"PowerDeliveryReq": {"Header": {"SessionID": "4CD862E22E305D2C", "TimeStamp": 1786759716}, "EVProcessing": "Finished", "ChargeProgress": "Stop"}}
INFO    2026-08-15 02:08:37,015 - iso15118.shared.comm_session (431): Sent PowerDeliveryReq
INFO    2026-08-15 02:08:37,015 - iso15118.shared.states (139): Entered state PowerDelivery
INFO    2026-08-15 02:08:37,044 - iso15118.shared.exi_codec (302): Decoded message (ns=urn:iso:std:iso:15118:-20:CommonMessages): {"PowerDeliveryRes":{"Header":{"SessionID":"4CD862E22E305D2C","TimeStamp":1786759717},"ResponseCode":"OK"}}
INFO    2026-08-15 02:08:37,044 - iso15118.shared.comm_session (235): PowerDeliveryRes received
INFO    2026-08-15 02:08:37,044 - iso15118.shared.exi_codec (248): Message to encode (ns=urn:iso:std:iso:15118:-20:DC): {"DC_WeldingDetectionReq": {"Header": {"SessionID": "4CD862E22E305D2C", "TimeStamp": 1786759717}, "EVProcessing": "Ongoing"}}
INFO    2026-08-15 02:08:37,060 - iso15118.shared.comm_session (431): Sent DC_WeldingDetectionReq
INFO    2026-08-15 02:08:37,060 - iso15118.shared.states (139): Entered state DCWeldingDetection
INFO    2026-08-15 02:08:37,082 - iso15118.shared.exi_codec (302): Decoded message (ns=urn:iso:std:iso:15118:-20:DC): {"DC_WeldingDetectionRes":{"Header":{"SessionID":"4CD862E22E305D2C","TimeStamp":1786759717},"ResponseCode":"OK","EVSEPresentVoltage":{"Exponent":0,"Value":5}}}
INFO    2026-08-15 02:08:37,082 - iso15118.shared.comm_session (235): DC_WeldingDetectionRes received
INFO    2026-08-15 02:08:37,082 - iso15118.shared.exi_codec (248): Message to encode (ns=urn:iso:std:iso:15118:-20:DC): {"DC_WeldingDetectionReq": {"Header": {"SessionID": "4CD862E22E305D2C", "TimeStamp": 1786759717}, "EVProcessing": "Ongoing"}}
INFO    2026-08-15 02:08:37,096 - iso15118.shared.comm_session (431): Sent DC_WeldingDetectionReq
INFO    2026-08-15 02:08:37,115 - iso15118.shared.exi_codec (302): Decoded message (ns=urn:iso:std:iso:15118:-20:DC): {"DC_WeldingDetectionRes":{"Header":{"SessionID":"4CD862E22E305D2C","TimeStamp":1786759717},"ResponseCode":"OK","EVSEPresentVoltage":{"Exponent":0,"Value":5}}}
INFO    2026-08-15 02:08:37,115 - iso15118.shared.comm_session (235): DC_WeldingDetectionRes received
INFO    2026-08-15 02:08:37,115 - iso15118.shared.exi_codec (248): Message to encode (ns=urn:iso:std:iso:15118:-20:DC): {"DC_WeldingDetectionReq": {"Header": {"SessionID": "4CD862E22E305D2C", "TimeStamp": 1786759717}, "EVProcessing": "Ongoing"}}
INFO    2026-08-15 02:08:37,134 - iso15118.shared.comm_session (431): Sent DC_WeldingDetectionReq
INFO    2026-08-15 02:08:37,148 - iso15118.shared.exi_codec (302): Decoded message (ns=urn:iso:std:iso:15118:-20:DC): {"DC_WeldingDetectionRes":{"Header":{"SessionID":"4CD862E22E305D2C","TimeStamp":1786759717},"ResponseCode":"OK","EVSEPresentVoltage":{"Exponent":0,"Value":5}}}
INFO    2026-08-15 02:08:37,148 - iso15118.shared.comm_session (235): DC_WeldingDetectionRes received
INFO    2026-08-15 02:08:37,149 - iso15118.shared.exi_codec (248): Message to encode (ns=urn:iso:std:iso:15118:-20:DC): {"DC_WeldingDetectionReq": {"Header": {"SessionID": "4CD862E22E305D2C", "TimeStamp": 1786759717}, "EVProcessing": "Ongoing"}}
INFO    2026-08-15 02:08:37,162 - iso15118.shared.comm_session (431): Sent DC_WeldingDetectionReq
INFO    2026-08-15 02:08:37,176 - iso15118.shared.exi_codec (302): Decoded message (ns=urn:iso:std:iso:15118:-20:DC): {"DC_WeldingDetectionRes":{"Header":{"SessionID":"4CD862E22E305D2C","TimeStamp":1786759717},"ResponseCode":"OK","EVSEPresentVoltage":{"Exponent":0,"Value":5}}}
INFO    2026-08-15 02:08:37,176 - iso15118.shared.comm_session (235): DC_WeldingDetectionRes received
INFO    2026-08-15 02:08:37,177 - iso15118.shared.exi_codec (248): Message to encode (ns=urn:iso:std:iso:15118:-20:DC): {"DC_WeldingDetectionReq": {"Header": {"SessionID": "4CD862E22E305D2C", "TimeStamp": 1786759717}, "EVProcessing": "Finished"}}
INFO    2026-08-15 02:08:37,193 - iso15118.shared.comm_session (431): Sent DC_WeldingDetectionReq
INFO    2026-08-15 02:08:37,210 - iso15118.shared.exi_codec (302): Decoded message (ns=urn:iso:std:iso:15118:-20:DC): {"DC_WeldingDetectionRes":{"Header":{"SessionID":"4CD862E22E305D2C","TimeStamp":1786759717},"ResponseCode":"OK","EVSEPresentVoltage":{"Exponent":0,"Value":5}}}
INFO    2026-08-15 02:08:37,210 - iso15118.shared.comm_session (235): DC_WeldingDetectionRes received
INFO    2026-08-15 02:08:37,211 - iso15118.shared.exi_codec (248): Message to encode (ns=urn:iso:std:iso:15118:-20:CommonMessages): {"SessionStopReq": {"Header": {"SessionID": "4CD862E22E305D2C", "TimeStamp": 1786759717}, "ChargingSession": "Terminate"}}
INFO    2026-08-15 02:08:37,231 - iso15118.shared.comm_session (431): Sent SessionStopReq
INFO    2026-08-15 02:08:37,232 - iso15118.shared.states (139): Entered state SessionStop
INFO    2026-08-15 02:08:37,255 - iso15118.shared.exi_codec (302): Decoded message (ns=urn:iso:std:iso:15118:-20:CommonMessages): {"SessionStopRes":{"Header":{"SessionID":"4CD862E22E305D2C","TimeStamp":1786759717},"ResponseCode":"OK"}}
INFO    2026-08-15 02:08:37,255 - iso15118.shared.comm_session (235): SessionStopRes received
INFO    2026-08-15 02:08:37,256 - iso15118.shared.comm_session (395): The data link will terminate in 2 seconds and the TCP connection will close in 5 seconds. 
INFO    2026-08-15 02:08:37,256 - iso15118.shared.comm_session (399): Reason: Communication session terminated
INFO    2026-08-15 02:08:39,258 - iso15118.shared.comm_session (410): terminated the data link
INFO    2026-08-15 02:08:42,262 - iso15118.shared.comm_session (417): TCP connection closed to peer with address ('fe80::215:5dff:fedf:2f0c', 55000, 0, 2)
