Test run for /home/ahzf/i15118/ISO15118ConformanceTests.Simulation/bin/Release/net10.0/ISO15118ConformanceTests.Simulation.dll (.NETCoreApp,Version=v10.0)
A total of 1 test files matched the specified pattern.
/home/ahzf/i15118/ISO15118ConformanceTests.Simulation/bin/Release/net10.0/ISO15118ConformanceTests.Simulation.dll
NUnit Adapter 4.6.0.0: Test execution started
Running selected tests in /home/ahzf/i15118/ISO15118ConformanceTests.Simulation/bin/Release/net10.0/ISO15118ConformanceTests.Simulation.dll
   NUnit3TestExecutor discovered 1 of 1 NUnit test cases using Current Discovery mode, Explicit run
Connecting to their SECC at [fe80::215:5dff:fe07:f821%2]:64109 ...
TLS: Tls12, TLS_ECDHE_ECDSA_WITH_AES_128_CBC_SHA256, their station DC=CPO, C=DE, O=EVerest, CN=SECCCert
PnC: contract DC=MO, C=DE, O=EVerest, CN=UKSWI123456789A (+2 sub-CA(s)), 256-bit EC.
Battery: 70.3 % of 60.0 kWh (started at 20.0 %, 30.16 kWh delivered) after 81 min simulated in 81 iteration(s) — target 70 % reached.
Authorization: pnc-signed
Recorded:
  /tmp/pnc-charge/everest-iso15118-2-dc-forward.ev-to-station.bin
  /tmp/pnc-charge/everest-iso15118-2-dc-forward.station-to-ev.bin
  /tmp/pnc-charge/everest-iso15118-2-dc-forward.frames.log
  /tmp/pnc-charge/everest-iso15118-2-dc-forward.flow.md
  /tmp/pnc-charge/everest-iso15118-2-dc-forward.trace-not-built.txt

NUnit Adapter 4.6.0.0: Test execution complete
  Passed OurEvcc_AgainstTheirEvseV2G_RunsToCompletion [1 m 34 s]
  Standard Output Messages:
 Connecting to their SECC at [fe80::215:5dff:fe07:f821%2]:64109 ...
 TLS: Tls12, TLS_ECDHE_ECDSA_WITH_AES_128_CBC_SHA256, their station DC=CPO, C=DE, O=EVerest, CN=SECCCert
 PnC: contract DC=MO, C=DE, O=EVerest, CN=UKSWI123456789A (+2 sub-CA(s)), 256-bit EC.
 Battery: 70.3 % of 60.0 kWh (started at 20.0 %, 30.16 kWh delivered) after 81 min simulated in 81 iteration(s) — target 70 % reached.
 Authorization: pnc-signed
 Recorded:
   /tmp/pnc-charge/everest-iso15118-2-dc-forward.ev-to-station.bin
   /tmp/pnc-charge/everest-iso15118-2-dc-forward.station-to-ev.bin
   /tmp/pnc-charge/everest-iso15118-2-dc-forward.frames.log
   /tmp/pnc-charge/everest-iso15118-2-dc-forward.flow.md
   /tmp/pnc-charge/everest-iso15118-2-dc-forward.trace-not-built.txt



Test Run Successful.
Total tests: 1
     Passed: 1
 Total time: 1.5939 Minutes
WALLCLOCK 96 s
