2026-08-16 05:24:30.641454 [INFO] evse_manager:Ev  :: EVSE ISO V2G CurrentDemandRes
2026-08-16 05:24:31.643139 [INFO] evse_manager:Ev  ::                                     CAR ISO V2G CurrentDemandReq
2026-08-16 05:24:31.740887 [INFO] evse_manager:Ev  :: EVSE ISO V2G CurrentDemandRes
2026-08-16 05:24:32.744933 [INFO] evse_manager:Ev  ::                                     CAR ISO V2G CurrentDemandReq
2026-08-16 05:24:32.843275 [INFO] evse_manager:Ev  :: EVSE ISO V2G CurrentDemandRes
2026-08-16 05:24:33.844928 [INFO] evse_manager:Ev  ::                                     CAR ISO V2G CurrentDemandReq
2026-08-16 05:24:33.968919 [INFO] evse_manager:Ev  :: EVSE ISO V2G CurrentDemandRes
2026-08-16 05:24:34.968881 [INFO] evse_manager:Ev  ::                                     CAR ISO V2G CurrentDemandReq
2026-08-16 05:24:35.076963 [INFO] evse_manager:Ev  :: EVSE ISO V2G CurrentDemandRes
2026-08-16 05:24:36.084860 [INFO] evse_manager:Ev  ::                                     CAR ISO V2G CurrentDemandReq
2026-08-16 05:24:36.136354 [INFO] evse_manager:Ev  :: EVSE ISO V2G CurrentDemandRes
2026-08-16 05:24:37.135569 [INFO] evse_manager:Ev  ::                                     CAR ISO V2G CurrentDemandReq
2026-08-16 05:24:37.233907 [INFO] evse_manager:Ev  :: EVSE ISO V2G CurrentDemandRes
2026-08-16 05:24:38.235448 [INFO] evse_manager:Ev  ::                                     CAR ISO V2G CurrentDemandReq
2026-08-16 05:24:38.333841 [INFO] evse_manager:Ev  :: EVSE ISO V2G CurrentDemandRes
2026-08-16 05:24:39.335164 [INFO] evse_manager:Ev  ::                                     CAR ISO V2G CurrentDemandReq
2026-08-16 05:24:39.473112 [INFO] evse_manager:Ev  :: EVSE ISO V2G CurrentDemandRes
2026-08-16 05:24:40.430898 [INFO] evse_manager:Ev  ::                                     CAR ISO V2G CurrentDemandReq
2026-08-16 05:24:40.528298 [INFO] evse_manager:Ev  :: EVSE ISO V2G CurrentDemandRes
2026-08-16 05:24:41.526815 [INFO] evse_manager:Ev  ::                                     CAR ISO V2G CurrentDemandReq
2026-08-16 05:24:41.632855 [INFO] evse_manager:Ev  :: EVSE ISO V2G CurrentDemandRes
2026-08-16 05:24:42.632898 [INFO] evse_manager:Ev  ::                                     CAR ISO V2G CurrentDemandReq
2026-08-16 05:24:42.723118 [INFO] evse_manager:Ev  :: EVSE ISO V2G CurrentDemandRes
2026-08-16 05:24:43.722680 [INFO] evse_manager:Ev  ::                                     CAR ISO V2G CurrentDemandReq
2026-08-16 05:24:43.821166 [INFO] evse_manager:Ev  :: EVSE ISO V2G CurrentDemandRes
2026-08-16 05:24:44.822796 [INFO] evse_manager:Ev  ::                                     CAR ISO V2G CurrentDemandReq
2026-08-16 05:24:44.921645 [INFO] evse_manager:Ev  :: EVSE ISO V2G CurrentDemandRes
2026-08-16 05:24:45.922604 [INFO] evse_manager:Ev  ::                                     CAR ISO V2G CurrentDemandReq
2026-08-16 05:24:46.057012 [INFO] evse_manager:Ev  :: EVSE ISO V2G CurrentDemandRes
2026-08-16 05:24:47.025032 [INFO] evse_manager:Ev  ::                                     CAR ISO V2G CurrentDemandReq
2026-08-16 05:24:47.128909 [INFO] evse_manager:Ev  :: EVSE ISO V2G CurrentDemandRes
2026-08-16 05:24:48.132875 [INFO] evse_manager:Ev  ::                                     CAR ISO V2G CurrentDemandReq
2026-08-16 05:24:48.222110 [INFO] evse_manager:Ev  :: EVSE ISO V2G CurrentDemandRes
2026-08-16 05:24:49.224040 [INFO] evse_manager:Ev  ::                                     CAR ISO V2G CurrentDemandReq
2026-08-16 05:24:49.321759 [INFO] evse_manager:Ev  :: EVSE ISO V2G CurrentDemandRes
2026-08-16 05:24:50.324058 [INFO] evse_manager:Ev  ::                                     CAR ISO V2G CurrentDemandReq
2026-08-16 05:24:50.422680 [INFO] evse_manager:Ev  :: EVSE ISO V2G CurrentDemandRes
2026-08-16 05:24:51.423002 [INFO] evse_manager:Ev  ::                                     CAR ISO V2G CurrentDemandReq
2026-08-16 05:24:51.520612 [INFO] evse_manager:Ev  :: EVSE ISO V2G CurrentDemandRes
2026-08-16 05:24:52.529043 [INFO] evse_manager:Ev  ::                                     CAR ISO V2G CurrentDemandReq
2026-08-16 05:24:52.641049 [INFO] evse_manager:Ev  :: EVSE ISO V2G CurrentDemandRes
2026-08-16 05:24:53.641063 [INFO] evse_manager:Ev  ::                                     CAR ISO V2G CurrentDemandReq
2026-08-16 05:24:53.712456 [INFO] evse_manager:Ev  :: EVSE ISO V2G CurrentDemandRes
2026-08-16 05:24:54.712589 [INFO] evse_manager:Ev  ::                                     CAR ISO V2G CurrentDemandReq
2026-08-16 05:24:54.811177 [INFO] evse_manager:Ev  :: EVSE ISO V2G CurrentDemandRes
2026-08-16 05:24:55.810532 [INFO] evse_manager:Ev  ::                                     CAR ISO V2G CurrentDemandReq
2026-08-16 05:24:55.909232 [INFO] evse_manager:Ev  :: EVSE ISO V2G CurrentDemandRes
2026-08-16 05:24:56.912351 [INFO] evse_manager:Ev  ::                                     CAR ISO V2G CurrentDemandReq
2026-08-16 05:24:57.049055 [INFO] evse_manager:Ev  :: EVSE ISO V2G CurrentDemandRes
2026-08-16 05:24:58.037054 [INFO] evse_manager:Ev  ::                                     CAR ISO V2G CurrentDemandReq
2026-08-16 05:24:58.110620 [INFO] evse_manager:Ev  :: EVSE ISO V2G CurrentDemandRes
2026-08-16 05:24:59.112101 [INFO] evse_manager:Ev  ::                                     CAR ISO V2G CurrentDemandReq
2026-08-16 05:24:59.209395 [INFO] evse_manager:Ev  :: EVSE ISO V2G CurrentDemandRes
2026-08-16 05:25:00.212692 [INFO] evse_manager:Ev  ::                                     CAR ISO V2G CurrentDemandReq
2026-08-16 05:25:00.310951 [INFO] evse_manager:Ev  :: EVSE ISO V2G CurrentDemandRes
2026-08-16 05:25:01.312894 [INFO] evse_manager:Ev  ::                                     CAR ISO V2G CurrentDemandReq
2026-08-16 05:25:01.411304 [INFO] evse_manager:Ev  :: EVSE ISO V2G CurrentDemandRes
2026-08-16 05:25:02.412929 [INFO] evse_manager:Ev  ::                                     CAR ISO V2G CurrentDemandReq
2026-08-16 05:25:02.541116 [INFO] evse_manager:Ev  :: EVSE ISO V2G CurrentDemandRes
2026-08-16 05:25:03.541068 [INFO] evse_manager:Ev  ::                                     CAR ISO V2G CurrentDemandReq
2026-08-16 05:25:03.652934 [INFO] evse_manager:Ev  :: EVSE ISO V2G CurrentDemandRes
2026-08-16 05:25:04.648843 [INFO] evse_manager:Ev  ::                                     CAR ISO V2G CurrentDemandReq
2026-08-16 05:25:04.710796 [INFO] evse_manager:Ev  :: EVSE ISO V2G CurrentDemandRes
2026-08-16 05:25:05.712098 [INFO] evse_manager:Ev  ::                                     CAR ISO V2G CurrentDemandReq
2026-08-16 05:25:05.810433 [INFO] evse_manager:Ev  :: EVSE ISO V2G CurrentDemandRes
2026-08-16 05:25:06.811840 [INFO] evse_manager:Ev  ::                                     CAR ISO V2G CurrentDemandReq
2026-08-16 05:25:06.910220 [INFO] evse_manager:Ev  :: EVSE ISO V2G CurrentDemandRes
2026-08-16 05:25:07.913361 [INFO] evse_manager:Ev  ::                                     CAR ISO V2G CurrentDemandReq
2026-08-16 05:25:08.044948 [INFO] evse_manager:Ev  :: EVSE ISO V2G CurrentDemandRes
2026-08-16 05:25:09.048995 [INFO] evse_manager:Ev  ::                                     CAR ISO V2G CurrentDemandReq
2026-08-16 05:25:09.109730 [INFO] evse_manager:Ev  :: EVSE ISO V2G CurrentDemandRes
2026-08-16 05:25:10.111968 [INFO] evse_manager:Ev  ::                                     CAR ISO V2G CurrentDemandReq
2026-08-16 05:25:10.228879 [INFO] evse_manager:Ev  :: EVSE ISO V2G CurrentDemandRes
2026-08-16 05:25:11.232828 [INFO] evse_manager:Ev  ::                                     CAR ISO V2G CurrentDemandReq
2026-08-16 05:25:11.309844 [INFO] evse_manager:Ev  :: EVSE ISO V2G CurrentDemandRes
2026-08-16 05:25:12.310863 [INFO] evse_manager:Ev  ::                                     CAR ISO V2G CurrentDemandReq
2026-08-16 05:25:12.408436 [INFO] evse_manager:Ev  :: EVSE ISO V2G CurrentDemandRes
2026-08-16 05:25:13.409469 [INFO] powersupply_dc:  :: Set mode: Off ChargingPhase: Charging
2026-08-16 05:25:13.452880 [INFO] evse_manager:Ev  ::                                     CAR ISO V2G PowerDeliveryReq
2026-08-16 05:25:13.541203 [INFO] evse_manager:Ev  :: EVSE ISO V2G PowerDeliveryRes
