Connecting to fe80::215:5dff:fe6b:3d4%eth0
Can't use SSL_get_servername
depth=2 CN=CPOSubCA1, O=EVerest, C=DE, DC=V2G
verify error:num=20:unable to get local issuer certificate
verify return:1
depth=1 CN=CPOSubCA2, O=EVerest, C=DE, DC=V2G
verify return:1
depth=0 CN=SECCCert, O=EVerest, C=DE, DC=CPO
verify return:1
CONNECTED(00000003)
OCSP response: no response sent
---
Certificate chain
 0 s:CN=SECCCert, O=EVerest, C=DE, DC=CPO
   i:CN=CPOSubCA2, O=EVerest, C=DE, DC=V2G
   a:PKEY: EC, (prime256v1); sigalg: ecdsa-with-SHA256
   v:NotBefore: Sep 26 07:38:34 2023 GMT; NotAfter: Feb 29 07:38:34 2040 GMT
 1 s:CN=CPOSubCA2, O=EVerest, C=DE, DC=V2G
   i:CN=CPOSubCA1, O=EVerest, C=DE, DC=V2G
   a:PKEY: EC, (prime256v1); sigalg: ecdsa-with-SHA256
   v:NotBefore: Sep 26 07:38:34 2023 GMT; NotAfter: Sep  2 07:38:34 2123 GMT
 2 s:CN=CPOSubCA1, O=EVerest, C=DE, DC=V2G
   i:CN=V2GRootCA, O=EVerest, C=DE, DC=V2G
   a:PKEY: EC, (prime256v1); sigalg: ecdsa-with-SHA256
   v:NotBefore: Sep 26 07:38:34 2023 GMT; NotAfter: Jun 21 07:38:34 2423 GMT
---
Server certificate
-----BEGIN CERTIFICATE-----
MIIB3jCCAYWgAwIBAgICMDwwCgYIKoZIzj0EAwIwSDESMBAGA1UEAwwJQ1BPU3Vi
Q0EyMRAwDgYDVQQKDAdFVmVyZXN0MQswCQYDVQQGEwJERTETMBEGCgmSJomT8ixk
ARkWA1YyRzAeFw0yMzA5MjYwNzM4MzRaFw00MDAyMjkwNzM4MzRaMEcxETAPBgNV
BAMMCFNFQ0NDZXJ0MRAwDgYDVQQKDAdFVmVyZXN0MQswCQYDVQQGEwJERTETMBEG
CgmSJomT8ixkARkWA0NQTzBZMBMGByqGSM49AgEGCCqGSM49AwEHA0IABKBdMxlw
3aS5nb5nJcL6wrXy7wpHuA1zQUHd4Lu9JjJjsmbFJ1aU/YjeNjd486cBnNFjef2J
k7ugxFPGzgcgCRijYDBeMAwGA1UdEwEB/wQCMAAwDgYDVR0PAQH/BAQDAgOIMB0G
A1UdDgQWBBTsh2ntDu+kucMCihpJHD7K+ayx2TAfBgNVHSMEGDAWgBQ2GWOJSW7N
ZiptYBlX9ycPXAzljzAKBggqhkjOPQQDAgNHADBEAiBm1ez6tTr5EBCL4lc0GxE2
gFBov4vf4QbI4V5/a8XlaAIgB+XyVyd20UJsJu6zIZS3mowJ1OMzZ8lWJxXAJznu
hQQ=
-----END CERTIFICATE-----
subject=CN=SECCCert, O=EVerest, C=DE, DC=CPO
issuer=CN=CPOSubCA2, O=EVerest, C=DE, DC=V2G
---
No client certificate CA names sent
Peer signing digest: SHA256
Peer signature type: ecdsa_secp256r1_sha256
Peer Temp Key: X25519, 253 bits
---
SSL handshake has read 2182 bytes and written 333 bytes
Verification error: unable to get local issuer certificate
---
New, TLSv1.2, Cipher is ECDHE-ECDSA-AES128-SHA256
Protocol: TLSv1.2
Server public key is 256 bit
Secure Renegotiation IS supported
Compression: NONE
Expansion: NONE
No ALPN negotiated
SSL-Session:
    Protocol  : TLSv1.2
    Cipher    : ECDHE-ECDSA-AES128-SHA256
    Session-ID: 279B58F28B78B3537B48B9CC9785A290F2FBE76A3826613F803537793A30D30E
    Session-ID-ctx: 
    Master-Key: 47C5A441B8D5DF7BE431E7823143A0D4CD9672987E15869CD82E8128C6A4FE0E8299B9058C997F081756703BFE4CD5B6
    PSK identity: None
    PSK identity hint: None
    SRP username: None
    TLS session ticket lifetime hint: 7200 (seconds)
    TLS session ticket:
    0000 - fd b2 72 ee 91 bd 8f d1-82 fa c9 0c f7 55 3c 6a   ..r..........U<j
    0010 - 22 b0 2f 34 dd 4c 43 0a-95 75 24 d2 bc d8 17 c0   "./4.LC..u$.....
    0020 - e2 27 c8 82 c3 97 4a 3d-6b 2c d1 c2 92 e2 d6 42   .'....J=k,.....B
    0030 - f4 81 02 10 c5 da 77 1b-cd af f5 ad 1d 9a d6 05   ......w.........
    0040 - 10 18 a0 d7 10 54 5a 56-ca 21 7d ff f1 e9 f3 fe   .....TZV.!}.....
    0050 - 65 cc 4c 22 24 0a 06 ea-fa 39 c5 13 54 f9 7d 61   e.L"$....9..T.}a
    0060 - b7 a0 5c b9 c5 71 e6 8e-4e 4d 19 5f 26 0b 5c 2a   ..\..q..NM._&.\*
    0070 - 19 2a 7a 1c 6d ba a1 74-0e 99 bb 14 b2 63 98 7d   .*z.m..t.....c.}
    0080 - a0 44 20 9f da 22 22 07-22 60 78 92 9e 11 1c c7   .D ..""."`x.....
    0090 - ce 1a 42 de f9 15 1f 44-63 c8 54 2f 5a c7 32 d7   ..B....Dc.T/Z.2.

    Start Time: 1786379922
    Timeout   : 7200 (sec)
    Verify return code: 20 (unable to get local issuer certificate)
    Extended master secret: yes
---
DONE
