Connecting to fe80::215:5dff:fe6b:3d4%eth0
Can't use SSL_get_servername
depth=2 CN=CPOSubCA1, O=EVerest, C=DE, DC=V2G
verify error:num=20:unable to get local issuer certificate
verify return:1
depth=1 CN=CPOSubCA2, O=EVerest, C=DE, DC=V2G
verify return:1
depth=0 CN=SECCCert, O=EVerest, C=DE, DC=CPO
verify return:1
CONNECTED(00000003)
OCSP response: no response sent
---
Certificate chain
 0 s:CN=SECCCert, O=EVerest, C=DE, DC=CPO
   i:CN=CPOSubCA2, O=EVerest, C=DE, DC=V2G
   a:PKEY: EC, (prime256v1); sigalg: ecdsa-with-SHA256
   v:NotBefore: Sep 26 07:38:34 2023 GMT; NotAfter: Feb 29 07:38:34 2040 GMT
 1 s:CN=CPOSubCA2, O=EVerest, C=DE, DC=V2G
   i:CN=CPOSubCA1, O=EVerest, C=DE, DC=V2G
   a:PKEY: EC, (prime256v1); sigalg: ecdsa-with-SHA256
   v:NotBefore: Sep 26 07:38:34 2023 GMT; NotAfter: Sep  2 07:38:34 2123 GMT
 2 s:CN=CPOSubCA1, O=EVerest, C=DE, DC=V2G
   i:CN=V2GRootCA, O=EVerest, C=DE, DC=V2G
   a:PKEY: EC, (prime256v1); sigalg: ecdsa-with-SHA256
   v:NotBefore: Sep 26 07:38:34 2023 GMT; NotAfter: Jun 21 07:38:34 2423 GMT
---
Server certificate
-----BEGIN CERTIFICATE-----
MIIB3jCCAYWgAwIBAgICMDwwCgYIKoZIzj0EAwIwSDESMBAGA1UEAwwJQ1BPU3Vi
Q0EyMRAwDgYDVQQKDAdFVmVyZXN0MQswCQYDVQQGEwJERTETMBEGCgmSJomT8ixk
ARkWA1YyRzAeFw0yMzA5MjYwNzM4MzRaFw00MDAyMjkwNzM4MzRaMEcxETAPBgNV
BAMMCFNFQ0NDZXJ0MRAwDgYDVQQKDAdFVmVyZXN0MQswCQYDVQQGEwJERTETMBEG
CgmSJomT8ixkARkWA0NQTzBZMBMGByqGSM49AgEGCCqGSM49AwEHA0IABKBdMxlw
3aS5nb5nJcL6wrXy7wpHuA1zQUHd4Lu9JjJjsmbFJ1aU/YjeNjd486cBnNFjef2J
k7ugxFPGzgcgCRijYDBeMAwGA1UdEwEB/wQCMAAwDgYDVR0PAQH/BAQDAgOIMB0G
A1UdDgQWBBTsh2ntDu+kucMCihpJHD7K+ayx2TAfBgNVHSMEGDAWgBQ2GWOJSW7N
ZiptYBlX9ycPXAzljzAKBggqhkjOPQQDAgNHADBEAiBm1ez6tTr5EBCL4lc0GxE2
gFBov4vf4QbI4V5/a8XlaAIgB+XyVyd20UJsJu6zIZS3mowJ1OMzZ8lWJxXAJznu
hQQ=
-----END CERTIFICATE-----
subject=CN=SECCCert, O=EVerest, C=DE, DC=CPO
issuer=CN=CPOSubCA2, O=EVerest, C=DE, DC=V2G
---
No client certificate CA names sent
Peer signing digest: SHA256
Peer signature type: ecdsa_secp256r1_sha256
Peer Temp Key: X25519, 253 bits
---
SSL handshake has read 2182 bytes and written 333 bytes
Verification error: unable to get local issuer certificate
---
New, TLSv1.2, Cipher is ECDHE-ECDSA-AES128-SHA256
Protocol: TLSv1.2
Server public key is 256 bit
Secure Renegotiation IS supported
Compression: NONE
Expansion: NONE
No ALPN negotiated
SSL-Session:
    Protocol  : TLSv1.2
    Cipher    : ECDHE-ECDSA-AES128-SHA256
    Session-ID: F18DA24527F2DECAA6F17DBC8C6505020ED452A9CF72C9B5768AB033E05CD264
    Session-ID-ctx: 
    Master-Key: 0E8908B357E00B5D733D17716D1A8FAA7680343EE8F391ECB8676A99F23DFE91D33B5D724677BF4F323F059CC70727E0
    PSK identity: None
    PSK identity hint: None
    SRP username: None
    TLS session ticket lifetime hint: 7200 (seconds)
    TLS session ticket:
    0000 - 01 82 ae b7 43 33 1c 41-4f b0 5c 4c b4 c4 2b 8e   ....C3.AO.\L..+.
    0010 - 47 9e 52 50 2a b4 2d 69-24 1b db aa 81 8e b0 4d   G.RP*.-i$......M
    0020 - 6e 87 f7 92 c4 b0 61 ef-95 db 29 c1 48 3d db 32   n.....a...).H=.2
    0030 - 5d 94 a1 76 26 88 33 7d-93 7b 20 71 c8 7e 48 f8   ]..v&.3}.{ q.~H.
    0040 - 1f 39 7d 74 04 fb 6e 9c-20 92 1d a8 b2 04 ff 0a   .9}t..n. .......
    0050 - b0 01 53 06 f0 c3 4f 8e-1c e1 7f 34 d9 a9 5b 8c   ..S...O....4..[.
    0060 - ec 84 b3 4d fb 19 b0 a7-34 5a 8d 9f 70 04 57 4b   ...M....4Z..p.WK
    0070 - c4 51 11 f0 7d 6f f1 31-d7 39 ec a5 cd 29 1b 58   .Q..}o.1.9...).X
    0080 - df d3 f1 94 b2 a3 37 68-c8 d7 97 30 f2 3a f4 4c   ......7h...0.:.L
    0090 - a0 93 16 ea 6b c2 8a f3-80 ba 92 1e 41 9b ac 21   ....k.......A..!

    Start Time: 1786380026
    Timeout   : 7200 (sec)
    Verify return code: 20 (unable to get local issuer certificate)
    Extended master secret: yes
---
DONE
