2026-08-10 18:38:46.321416 [INFO] manager          ::   ________      __                _   
2026-08-10 18:38:46.321589 [INFO] manager          ::  |  ____\ \    / /               | |
2026-08-10 18:38:46.321598 [INFO] manager          ::  | |__   \ \  / /__ _ __ ___  ___| |_
2026-08-10 18:38:46.321604 [INFO] manager          ::  |  __|   \ \/ / _ \ '__/ _ \/ __| __|
2026-08-10 18:38:46.321610 [INFO] manager          ::  | |____   \  /  __/ | |  __/\__ \ |_
2026-08-10 18:38:46.321615 [INFO] manager          ::  |______|   \/ \___|_|  \___||___/\__|
2026-08-10 18:38:46.321621 [INFO] manager          :: 
2026-08-10 18:38:46.321627 [INFO] manager          :: everest-framework 0.25.0-dev 2026.02.1
2026-08-10 18:38:46.321632 [INFO] manager          :: everest-core 2026.02.1-dev 2026.02.1
2026-08-10 18:38:46.321638 [INFO] manager          :: 
2026-08-10 18:38:46.321645 [INFO] manager          :: Using MQTT broker localhost:1883
2026-08-10 18:38:46.341736 [INFO] manager          :: Boot mode is set to YamlFile, loading module configs from YAML file
2026-08-10 18:38:46.341794 [INFO] manager          :: Loading config file at: /home/ahzf/everest/configs-ours/config-d20-tls12-ours.yaml
2026-08-10 18:38:46.472151 [INFO] manager          :: Config loading completed in 150ms
2026-08-10 18:38:46.474423 [INFO] manager          :: Starting 18 modules
2026-08-10 18:38:48.726464 [INFO] energy_manager:  :: Module energy_manager initialized [2223ms]
2026-08-10 18:38:48.727020 [INFO] ev_api:EvAPI     :: Module ev_api initialized [2221ms]
2026-08-10 18:38:48.728673 [INFO] powersupply_dc:  :: Module powersupply_dc initialized [2211ms]
2026-08-10 18:38:48.731805 [INFO] ev_manager:EvMa  :: Module ev_manager initialized [2226ms]
2026-08-10 18:38:48.733747 [INFO] grid_connection  :: Module grid_connection_point initialized [2223ms]
2026-08-10 18:38:48.734840 [INFO] error_history:E  :: Using database at "/tmp/error_history.db"
2026-08-10 18:38:48.735027 [INFO] error_history:E  :: Checking database
2026-08-10 18:38:48.735503 [INFO] auth:Auth        :: Module auth initialized [2230ms]
2026-08-10 18:38:48.736172 [INFO] error_history:E  :: Module error_history initialized [2233ms]
2026-08-10 18:38:48.737020 [INFO] api:API          :: Module api initialized [2238ms]
2026-08-10 18:38:48.737473 [INFO] imd:IMDSimulato  :: Module imd initialized [2226ms]
2026-08-10 18:38:48.739931 [INFO] slac:SlacSimula  :: Module slac initialized [2222ms]
2026-08-10 18:38:48.740711 [INFO] evse_security:E  :: Module evse_security initialized [2228ms]
2026-08-10 18:38:48.742061 [INFO] iso15118_charge  :: Module iso15118_charger initialized [2225ms]
2026-08-10 18:38:48.747263 [INFO] token_validator  :: Module token_validator initialized [2225ms]
2026-08-10 18:38:48.749295 [INFO] yeti_driver:Yet  :: Module yeti_driver initialized [2227ms]
2026-08-10 18:38:48.750596 [INFO] evse_manager:Ev  :: Module evse_manager initialized [2240ms]
2026-08-10 18:38:48.751379 [INFO] token_provider:  :: Module token_provider initialized [2231ms]
2026-08-10 18:38:48.772169 [INFO] api_sink:Energy  :: Module api_sink initialized [2273ms]
2026-08-10 18:38:49.150170 [INFO] iso15118_car     :: Module iso15118_car initialized [2222ms]
2026-08-10 18:38:49.193980 [INFO] manager          :: Clearing retained topics published by manager during startup
2026-08-10 18:38:49.195189 [INFO] manager          :: 🚙🚙🚙 All modules are initialized. EVerest up and running [2879ms] 🚙🚙🚙
2026-08-10 18:38:49.338753 [WARN] auth:Auth       void module::ReservationHandler::load_reservations() :: Can not load reservations because no storage was configured.
2026-08-10 18:38:49.741725 [INFO] evse_manager:Ev  :: Ignoring BSP Event, BSP is not enabled yet.
2026-08-10 18:38:49.846407 [INFO] evse_security:E  :: Requesting leaf certificate info: V2G
2026-08-10 18:38:49.850767 [INFO] evse_security:E  :: Found valid leaf: ["/home/ahzf/everest/dist/etc/everest/certs/client/cso/CPO_CERT_CHAIN.pem"]
2026-08-10 18:38:49.850900 [INFO] evse_security:E  :: Not requiring all valid leafs, returning
2026-08-10 18:38:49.934317 [INFO] evse_security:E  :: Requesting certificate file: [V2G] file:"/home/ahzf/everest/dist/etc/everest/certs/ca/v2g/V2G_ROOT_CA.pem"
2026-08-10 18:38:49.982953 [INFO] evse_security:E  :: Requesting certificate file: [MO] file:"/home/ahzf/everest/dist/etc/everest/certs/ca/mo/MO_ROOT_CA.pem"
2026-08-10 18:38:50.026006 [INFO] iso15118_charge  :: Using ethernet interface: eth0
2026-08-10 18:38:50.026086 [INFO] iso15118_charge  :: Starting SDP server with address: ::
2026-08-10 18:38:50.333983 [INFO] evse_manager:Ev  :: Cleaning up any other transaction on start up
2026-08-10 18:38:50.470683 [INFO] evse_manager:Ev  :: 🌀🌀🌀 Ready to start charging 🌀🌀🌀
2026-08-10 18:38:54.329837 [INFO] iso15118_charge  :: Got SDP request from fe80::215:5dff:fe6b:3d4%eth0
2026-08-10 18:38:54.333816 [INFO] iso15118_charge  :: Start TLS server [fe80::215:5dff:fe6b:3d4%eth0]:50000
2026-08-10 18:38:54.334059 [INFO] iso15118_charge  :: Created logfile at: /home/ahzf/everest/./260810_16-38-54.yaml
2026-08-10 18:38:54.856945 [INFO] iso15118_charge  :: Incoming connection from [fe80::215:5dff:fe6b:3d4%eth0]:37366
2026-08-10 18:38:54.857403 [INFO] iso15118_charge  :: Client supports TLS1.3: Change verify mode to SSL_VERIFY_PEER and SSL_VERIFY_FAIL_IF_NO_PEER_CERT
2026-08-10 18:38:54.859350 [ERRO] iso15118_charge module::charger::ISO15118_chargerImpl::init()::<lambda(const iso15118::LogLevel&, const std::string&)> :: Shutdown loop() because of: Failed to SSL_accept(): 1: C0F62B8593730000:error:0A0000C7:SSL routines:tls_process_client_certificate:peer did not return a certificate:../ssl/statem/statem_srvr.c:3751:
