2026-08-10 18:40:17.084031 [INFO] manager          ::   ________      __                _   
2026-08-10 18:40:17.084232 [INFO] manager          ::  |  ____\ \    / /               | |
2026-08-10 18:40:17.084242 [INFO] manager          ::  | |__   \ \  / /__ _ __ ___  ___| |_
2026-08-10 18:40:17.084247 [INFO] manager          ::  |  __|   \ \/ / _ \ '__/ _ \/ __| __|
2026-08-10 18:40:17.084253 [INFO] manager          ::  | |____   \  /  __/ | |  __/\__ \ |_
2026-08-10 18:40:17.084259 [INFO] manager          ::  |______|   \/ \___|_|  \___||___/\__|
2026-08-10 18:40:17.084264 [INFO] manager          :: 
2026-08-10 18:40:17.084270 [INFO] manager          :: everest-framework 0.25.0-dev 2026.02.1
2026-08-10 18:40:17.084276 [INFO] manager          :: everest-core 2026.02.1-dev 2026.02.1
2026-08-10 18:40:17.084282 [INFO] manager          :: 
2026-08-10 18:40:17.084289 [INFO] manager          :: Using MQTT broker localhost:1883
2026-08-10 18:40:17.107159 [INFO] manager          :: Boot mode is set to YamlFile, loading module configs from YAML file
2026-08-10 18:40:17.107256 [INFO] manager          :: Loading config file at: /home/ahzf/everest/configs-ours/config-mux-tls-ours.yaml
2026-08-10 18:40:17.288181 [INFO] manager          :: Config loading completed in 203ms
2026-08-10 18:40:17.290930 [INFO] manager          :: Starting 19 modules
2026-08-10 18:40:19.568145 [INFO] api:API          :: Module api initialized [2248ms]
2026-08-10 18:40:19.591710 [INFO] energy_manager:  :: Module energy_manager initialized [2260ms]
2026-08-10 18:40:19.591985 [INFO] ev_api:EvAPI     :: Module ev_api initialized [2252ms]
2026-08-10 18:40:19.593718 [INFO] error_history:E  :: Using database at "/tmp/error_history.db"
2026-08-10 18:40:19.593851 [INFO] error_history:E  :: Checking database
2026-08-10 18:40:19.595252 [INFO] auth:Auth        :: Module auth initialized [2256ms]
2026-08-10 18:40:19.595384 [INFO] error_history:E  :: Module error_history initialized [2256ms]
2026-08-10 18:40:19.602063 [INFO] evse_security:E  :: Module evse_security initialized [2239ms]
2026-08-10 18:40:19.603100 [INFO] ev_manager:EvMa  :: Module ev_manager initialized [2256ms]
2026-08-10 18:40:19.604390 [INFO] grid_connection  :: Module grid_connection_point initialized [2240ms]
2026-08-10 18:40:19.614405 [INFO] evse_manager:Ev  :: Module evse_manager initialized [2255ms]
2026-08-10 18:40:19.634982 [INFO] imd:IMDSimulato  :: Module imd initialized [2268ms]
2026-08-10 18:40:19.638123 [INFO] iso15118_20:Evs  :: Module iso15118_20 initialized [2252ms]
2026-08-10 18:40:19.638573 [INFO] iso15118_2:Evse  :: Module iso15118_2 initialized [2258ms]
2026-08-10 18:40:19.650194 [INFO] powersupply_dc:  :: Module powersupply_dc initialized [2250ms]
2026-08-10 18:40:19.651280 [INFO] slac:SlacSimula  :: Module slac initialized [2248ms]
2026-08-10 18:40:19.657627 [INFO] token_validator  :: Module token_validator initialized [2243ms]
2026-08-10 18:40:19.658265 [INFO] yeti_driver:Yet  :: Module yeti_driver initialized [2243ms]
2026-08-10 18:40:19.659988 [INFO] token_provider:  :: Module token_provider initialized [2249ms]
2026-08-10 18:40:19.673264 [INFO] iso_mux:IsoMux   :: Module iso_mux initialized [2273ms]
2026-08-10 18:40:20.289522 [INFO] iso15118_car     :: Module iso15118_car initialized [2255ms]
2026-08-10 18:40:20.333953 [INFO] manager          :: Clearing retained topics published by manager during startup
2026-08-10 18:40:20.335608 [INFO] manager          :: 🚙🚙🚙 All modules are initialized. EVerest up and running [3263ms] 🚙🚙🚙
2026-08-10 18:40:20.337292 [INFO] iso15118_2:Evse  :: TCP server on lo is listening on port [::1%0]:61341
2026-08-10 18:40:20.337376 [INFO] iso15118_2:Evse  :: TLS server on lo is listening on port [::1%0]:64109
2026-08-10 18:40:20.337469 [INFO] iso_mux:IsoMux   :: TLS server on eth0 is listening on port [fe80::215:5dff:fe6b:3d4%2]:64110
2026-08-10 18:40:20.382426 [INFO] evse_security:E  :: Requesting leaf certificate info: V2G
2026-08-10 18:40:20.388267 [INFO] evse_security:E  :: Found valid leaf: ["/home/ahzf/everest/dist/etc/everest/certs/client/cso/CPO_CERT_CHAIN.pem"]
2026-08-10 18:40:20.388370 [INFO] evse_security:E  :: Not requiring all valid leafs, returning
2026-08-10 18:40:20.389435 [INFO] evse_security:E  :: Requesting leaf certificate info: V2G
2026-08-10 18:40:20.390288 [INFO] evse_security:E  :: Found valid leaf: ["/home/ahzf/everest/dist/etc/everest/certs/client/cso/CPO_CERT_CHAIN.pem"]
2026-08-10 18:40:20.390451 [INFO] evse_security:E  :: Found valid leaf: ["/home/ahzf/everest/dist/etc/everest/certs/client/cso/SECC_LEAF.pem"]
2026-08-10 18:40:20.429011 [WARN] iso15118_2:Evse void {anonymous}::log_handler(openssl::log_level_t, const std::string&) :: <n> certificates != <n> OCSP responses
2026-08-10 18:40:20.429179 [WARN] iso_mux:IsoMux  void {anonymous}::log_handler(openssl::log_level_t, const std::string&) :: <n> certificates != <n> OCSP responses
2026-08-10 18:40:20.429279 [WARN] iso_mux:IsoMux  void {anonymous}::log_handler(openssl::log_level_t, const std::string&) :: No trust anchors for certificate: C:DE CN:SECCCert DC:CPO O:EVerest
2026-08-10 18:40:20.429313 [WARN] iso_mux:IsoMux  void {anonymous}::log_handler(openssl::log_level_t, const std::string&) :: trusted_ca_keys support disabled
2026-08-10 18:40:20.440771 [INFO] iso_mux:IsoMux   :: SDP socket setup succeeded
2026-08-10 18:40:20.526752 [WARN] auth:Auth       void module::ReservationHandler::load_reservations() :: Can not load reservations because no storage was configured.
2026-08-10 18:40:20.845645 [INFO] evse_manager:Ev  :: Ignoring BSP Event, BSP is not enabled yet.
2026-08-10 18:40:21.166896 [INFO] iso15118_2:Evse  :: Ignoring bidirectional SupportedEnergyTransferMode
2026-08-10 18:40:21.940130 [INFO] evse_security:E  :: Requesting leaf certificate info: V2G
2026-08-10 18:40:21.940998 [INFO] evse_security:E  :: Found valid leaf: ["/home/ahzf/everest/dist/etc/everest/certs/client/cso/CPO_CERT_CHAIN.pem"]
2026-08-10 18:40:21.941020 [INFO] evse_security:E  :: Not requiring all valid leafs, returning
2026-08-10 18:40:22.026387 [INFO] evse_security:E  :: Requesting certificate file: [V2G] file:"/home/ahzf/everest/dist/etc/everest/certs/ca/v2g/V2G_ROOT_CA.pem"
2026-08-10 18:40:22.054565 [INFO] iso15118_2:Evse  :: Ignoring bidirectional SupportedEnergyTransferMode
2026-08-10 18:40:22.071094 [INFO] evse_security:E  :: Requesting certificate file: [MO] file:"/home/ahzf/everest/dist/etc/everest/certs/ca/mo/MO_ROOT_CA.pem"
2026-08-10 18:40:22.113859 [INFO] iso15118_20:Evs  :: Using ethernet interface: lo
2026-08-10 18:40:22.114137 [WARN] iso15118_20:Evs module::charger::ISO15118_chargerImpl::init()::<lambda(const iso15118::LogLevel&, const std::string&)> :: The supported energy services contain DC_BPT or MCS_BPT, but dc limits does not contain BPT limits. This can lead to session shutdowns.
2026-08-10 18:40:22.114938 [INFO] iso15118_20:Evs  :: Created logfile at: /home/ahzf/everest/./260810_16-40-22.yaml
2026-08-10 18:40:22.906604 [INFO] evse_manager:Ev  :: Cleaning up any other transaction on start up
2026-08-10 18:40:23.084317 [INFO] evse_manager:Ev  :: 🌀🌀🌀 Ready to start charging 🌀🌀🌀
2026-08-10 18:40:23.174906 [WARN] api:API         void module::API::ready() :: No evse energy sink configured for evse_id: 1. API module does therefore not allow control of amps or power limits for this EVSE
2026-08-10 18:40:26.081452 [INFO] iso_mux:IsoMux   :: Incoming TLS connection
2026-08-10 18:40:26.081680 [ERRO] iso_mux:IsoMux  void {anonymous}::log_handler(openssl::log_level_t, const std::string&) :: OcspCache::lookup: not in cache: d8817041a94bb65646ea392c812fcb4978ae4cf6
2026-08-10 18:40:26.083333 [ERRO] iso_mux:IsoMux  void dlog_func(dloglevel_t, const char*, int, const char*, const char*, ...) :: connection_read(header) failed: Success
2026-08-10 18:40:26.083352 [ERRO] iso_mux:IsoMux  void dlog_func(dloglevel_t, const char*, int, const char*, const char*, ...) :: v2g_incoming_v2gtp() failed
2026-08-10 18:40:26.083360 [INFO] iso_mux:IsoMux   :: Handling SupportedAppProtocolReq
2026-08-10 18:40:26.083368 [ERRO] iso_mux:IsoMux  void dlog_func(dloglevel_t, const char*, int, const char*, const char*, ...) :: decode_appHandExiDocument() failed
2026-08-10 18:40:26.083447 [INFO] iso_mux:IsoMux   :: Connected to proxy module for ISO-2/DIN
2026-08-10 18:40:26.083468 [INFO] iso_mux:IsoMux   :: Multiplexer: Proxy TLS->TCP
2026-08-10 18:40:26.083503 [INFO] iso_mux:IsoMux   :: connection_handle exited with 0
2026-08-10 18:40:26.083503 [INFO] iso15118_2:Evse  :: Incoming connection on lo from [a00:e86e::]:59502
2026-08-10 18:40:26.083802 [INFO] iso15118_2:Evse  :: Started new TCP connection thread
2026-08-10 18:40:26.083903 [ERRO] iso15118_2:Evse void dlog_func(dloglevel_t, const char*, int, const char*, const char*, ...) :: Invalid v2gtp header
2026-08-10 18:40:26.083914 [ERRO] iso15118_2:Evse void dlog_func(dloglevel_t, const char*, int, const char*, const char*, ...) :: v2g_incoming_v2gtp() failed
2026-08-10 18:40:26.083923 [INFO] iso15118_2:Evse  :: v2g_handle_connection exited with -1
2026-08-10 18:40:26.083930 [INFO] iso15118_2:Evse  :: Closing TCP connection
