2026-08-10 18:38:32.791211 [INFO] manager          ::   ________      __                _   
2026-08-10 18:38:32.791460 [INFO] manager          ::  |  ____\ \    / /               | |
2026-08-10 18:38:32.791471 [INFO] manager          ::  | |__   \ \  / /__ _ __ ___  ___| |_
2026-08-10 18:38:32.791478 [INFO] manager          ::  |  __|   \ \/ / _ \ '__/ _ \/ __| __|
2026-08-10 18:38:32.791483 [INFO] manager          ::  | |____   \  /  __/ | |  __/\__ \ |_
2026-08-10 18:38:32.791489 [INFO] manager          ::  |______|   \/ \___|_|  \___||___/\__|
2026-08-10 18:38:32.791495 [INFO] manager          :: 
2026-08-10 18:38:32.791501 [INFO] manager          :: everest-framework 0.25.0-dev 2026.02.1
2026-08-10 18:38:32.791507 [INFO] manager          :: everest-core 2026.02.1-dev 2026.02.1
2026-08-10 18:38:32.791514 [INFO] manager          :: 
2026-08-10 18:38:32.791521 [INFO] manager          :: Using MQTT broker localhost:1883
2026-08-10 18:38:32.822684 [INFO] manager          :: Boot mode is set to YamlFile, loading module configs from YAML file
2026-08-10 18:38:32.822768 [INFO] manager          :: Loading config file at: /home/ahzf/everest/configs-ours/config-d20-tls12-ours.yaml
2026-08-10 18:38:32.976334 [INFO] manager          :: Config loading completed in 184ms
2026-08-10 18:38:32.979359 [INFO] manager          :: Starting 18 modules
2026-08-10 18:38:35.217419 [INFO] api:API          :: Module api initialized [2207ms]
2026-08-10 18:38:35.236143 [INFO] energy_manager:  :: Module energy_manager initialized [2210ms]
2026-08-10 18:38:35.237059 [INFO] api_sink:Energy  :: Module api_sink initialized [2222ms]
2026-08-10 18:38:35.252496 [INFO] error_history:E  :: Using database at "/tmp/error_history.db"
2026-08-10 18:38:35.252704 [INFO] error_history:E  :: Checking database
2026-08-10 18:38:35.254575 [INFO] error_history:E  :: Module error_history initialized [2225ms]
2026-08-10 18:38:35.256955 [INFO] ev_api:EvAPI     :: Module ev_api initialized [2223ms]
2026-08-10 18:38:35.260563 [INFO] ev_manager:EvMa  :: Module ev_manager initialized [2219ms]
2026-08-10 18:38:35.262738 [INFO] auth:Auth        :: Module auth initialized [2229ms]
2026-08-10 18:38:35.291044 [INFO] powersupply_dc:  :: Module powersupply_dc initialized [2202ms]
2026-08-10 18:38:35.295839 [INFO] evse_security:E  :: Module evse_security initialized [2237ms]
2026-08-10 18:38:35.297570 [INFO] imd:IMDSimulato  :: Module imd initialized [2231ms]
2026-08-10 18:38:35.299099 [INFO] grid_connection  :: Module grid_connection_point initialized [2240ms]
2026-08-10 18:38:35.300368 [INFO] slac:SlacSimula  :: Module slac initialized [2213ms]
2026-08-10 18:38:35.301725 [INFO] iso15118_charge  :: Module iso15118_charger initialized [2216ms]
2026-08-10 18:38:35.309238 [INFO] token_provider:  :: Module token_provider initialized [2214ms]
2026-08-10 18:38:35.342597 [INFO] token_validator  :: Module token_validator initialized [2239ms]
2026-08-10 18:38:35.347484 [INFO] yeti_driver:Yet  :: Module yeti_driver initialized [2243ms]
2026-08-10 18:38:35.363210 [INFO] evse_manager:Ev  :: Module evse_manager initialized [2304ms]
2026-08-10 18:38:35.963268 [INFO] iso15118_car     :: Module iso15118_car initialized [2212ms]
2026-08-10 18:38:35.964105 [INFO] manager          :: Clearing retained topics published by manager during startup
2026-08-10 18:38:35.965688 [INFO] manager          :: 🚙🚙🚙 All modules are initialized. EVerest up and running [3188ms] 🚙🚙🚙
2026-08-10 18:38:36.110897 [WARN] auth:Auth       void module::ReservationHandler::load_reservations() :: Can not load reservations because no storage was configured.
2026-08-10 18:38:36.470506 [INFO] evse_manager:Ev  :: Ignoring BSP Event, BSP is not enabled yet.
2026-08-10 18:38:36.568759 [INFO] evse_security:E  :: Requesting leaf certificate info: V2G
2026-08-10 18:38:36.576384 [INFO] evse_security:E  :: Found valid leaf: ["/home/ahzf/everest/dist/etc/everest/certs/client/cso/CPO_CERT_CHAIN.pem"]
2026-08-10 18:38:36.576476 [INFO] evse_security:E  :: Not requiring all valid leafs, returning
2026-08-10 18:38:36.658550 [INFO] evse_security:E  :: Requesting certificate file: [V2G] file:"/home/ahzf/everest/dist/etc/everest/certs/ca/v2g/V2G_ROOT_CA.pem"
2026-08-10 18:38:36.703374 [INFO] evse_security:E  :: Requesting certificate file: [MO] file:"/home/ahzf/everest/dist/etc/everest/certs/ca/mo/MO_ROOT_CA.pem"
2026-08-10 18:38:36.750329 [INFO] iso15118_charge  :: Using ethernet interface: eth0
2026-08-10 18:38:36.750419 [INFO] iso15118_charge  :: Starting SDP server with address: ::
2026-08-10 18:38:36.934036 [INFO] evse_manager:Ev  :: Cleaning up any other transaction on start up
2026-08-10 18:38:37.067209 [INFO] evse_manager:Ev  :: 🌀🌀🌀 Ready to start charging 🌀🌀🌀
2026-08-10 18:38:41.759193 [INFO] iso15118_charge  :: Got SDP request from fe80::215:5dff:fe6b:3d4%eth0
2026-08-10 18:38:41.763767 [INFO] iso15118_charge  :: Start TLS server [fe80::215:5dff:fe6b:3d4%eth0]:50000
2026-08-10 18:38:41.764053 [INFO] iso15118_charge  :: Created logfile at: /home/ahzf/everest/./260810_16-38-41.yaml
2026-08-10 18:38:42.292386 [INFO] iso15118_charge  :: Incoming connection from [fe80::215:5dff:fe6b:3d4%eth0]:39864
2026-08-10 18:38:42.294337 [INFO] iso15118_charge  :: Handshake complete!
2026-08-10 18:38:42.294615 [ERRO] iso15118_charge module::charger::ISO15118_chargerImpl::init()::<lambda(const iso15118::LogLevel&, const std::string&)> :: Shutting down session because of: Failed to SSL_read_ex(): 6
2026-08-10 18:38:42.294637 [INFO] iso15118_charge  :: Restarting session ...
2026-08-10 18:38:42.294645 [INFO] iso15118_charge  :: Closing TLS connection
2026-08-10 18:38:42.294733 [INFO] iso15118_charge  :: TLS connection closed gracefully
2026-08-10 18:38:42.294751 [INFO] iso15118_charge  :: Connection is closed
