# Frames as recorded, per direction. Ordering within a direction is real;
# the two directions are not interleaved, because the recording has no timestamps.

## EV -> station: 1926 byte(s), 52 frame(s)
[0] SupportedAppProtocolReq payloadType=0x8001 bytes=45
    01fe8001000000258000f3ab9371d34b9b79d39ba321d34b9b79d189a98989c1d1699181d22218010000040040
[1] SessionSetupReq payloadType=0x8002 bytes=47
    01fe800200000027808c0400000000000000000988cd1d30620b2ba6a4ab1899199a1a9b1b9c1c9820a121a222ac00
[2] AuthorizationSetupReq payloadType=0x8002 bytes=25
    01fe8002000000118008044ee1683974bcf8dd0998cd1d3062
[3] AuthorizationReq payloadType=0x8002 bytes=26
    01fe8002000000128000044ee1683974bcf8dd0998cd1d306200
[4] ServiceDiscoveryReq payloadType=0x8002 bytes=26
    01fe800200000012807c044ee1683974bcf8dd09a8cd1d306280
[5] ServiceDetailReq payloadType=0x8002 bytes=27
    01fe8002000000138074044ee1683974bcf8dd09b8cd1d30620400
[6] ServiceSelectionReq payloadType=0x8002 bytes=29
    01fe8002000000158084044ee1683974bcf8dd09b8cd1d306202000880
[7] DC_ChargeParameterDiscoveryReq payloadType=0x8004 bytes=48
    01fe800400000028803c044ee1683974bcf8dd09c8cd1d30628810987504003202002b00810001408008407040005080
[8] ScheduleExchangeReq payloadType=0x8002 bytes=112
    01fe800200000068806c044ee1683974bcf8dd09c8cd1d30627e84280e008300a010602803f00280000480e0418050400002a2aaa903275726e3a69736f3a7374643a69736f3a31353131383a2d32303a5072696365416c676f726974686d3a312d506f7765720000200000100000140
[9] DC_CableCheckReq payloadType=0x8004 bytes=25
    01fe800400000011802c044ee1683974bcf8dd09d8cd1d3062
[10] DC_PreChargeReq payloadType=0x8004 bytes=34
    01fe80040000001a8044044ee1683974bcf8dd09d8cd1d3062210012006080090030
[11] DC_PreChargeReq payloadType=0x8004 bytes=34
    01fe80040000001a8044044ee1683974bcf8dd09e8cd1d3062010012006080090030
[12] PowerDeliveryReq payloadType=0x8002 bytes=27
    01fe8002000000138054044ee1683974bcf8dd09f8cd1d30622040
[13] PowerDeliveryReq payloadType=0x8002 bytes=27
    01fe8002000000138054044ee1683974bcf8dd09f8cd1d30622040
[14] PowerDeliveryReq payloadType=0x8002 bytes=27
    01fe8002000000138054044ee1683974bcf8dd0a08cd1d30622040
[15] PowerDeliveryReq payloadType=0x8002 bytes=27
    01fe8002000000138054044ee1683974bcf8dd0a08cd1d30622040
[16] PowerDeliveryReq payloadType=0x8002 bytes=27
    01fe8002000000138054044ee1683974bcf8dd0a18cd1d30622040
[17] PowerDeliveryReq payloadType=0x8002 bytes=27
    01fe8002000000138054044ee1683974bcf8dd0a18cd1d30622040
[18] PowerDeliveryReq payloadType=0x8002 bytes=37
    01fe80020000001d8054044ee1683974bcf8dd0a28cd1d306200000100420480e040032124
[19] DC_ChargeLoopReq payloadType=0x8004 bytes=41
    01fe8004000000218034044ee1683974bcf8dd0a28cd1d306200f18402002400c8c800140400480194
[20] DC_ChargeLoopReq payloadType=0x8004 bytes=41
    01fe8004000000218034044ee1683974bcf8dd0a38cd1d306200f18402002400c8c800140400480194
[21] DC_ChargeLoopReq payloadType=0x8004 bytes=41
    01fe8004000000218034044ee1683974bcf8dd0a38cd1d306200f18402002400c8c800140400480194
[22] DC_ChargeLoopReq payloadType=0x8004 bytes=41
    01fe8004000000218034044ee1683974bcf8dd0a48cd1d306200f18402002400c8c800140400480194
[23] DC_ChargeLoopReq payloadType=0x8004 bytes=41
    01fe8004000000218034044ee1683974bcf8dd0a58cd1d306200f18402002400c8c800140400480194
[24] DC_ChargeLoopReq payloadType=0x8004 bytes=41
    01fe8004000000218034044ee1683974bcf8dd0a58cd1d306200f18402002400c8c800140400480194
[25] DC_ChargeLoopReq payloadType=0x8004 bytes=41
    01fe8004000000218034044ee1683974bcf8dd0a68cd1d306200f18402002400c8c800140400480194
[26] DC_ChargeLoopReq payloadType=0x8004 bytes=41
    01fe8004000000218034044ee1683974bcf8dd0a68cd1d306200f18402002400c8c800140400480194
[27] DC_ChargeLoopReq payloadType=0x8004 bytes=41
    01fe8004000000218034044ee1683974bcf8dd0a78cd1d306200f18402002400c8c800140400480194
[28] DC_ChargeLoopReq payloadType=0x8004 bytes=41
    01fe8004000000218034044ee1683974bcf8dd0a78cd1d306200f18402002400c8c800140400480194
[29] DC_ChargeLoopReq payloadType=0x8004 bytes=41
    01fe8004000000218034044ee1683974bcf8dd0a88cd1d306200f18402002400c8c800140400480194
[30] DC_ChargeLoopReq payloadType=0x8004 bytes=41
    01fe8004000000218034044ee1683974bcf8dd0a88cd1d306200f18402002400c8c800140400480194
[31] DC_ChargeLoopReq payloadType=0x8004 bytes=41
    01fe8004000000218034044ee1683974bcf8dd0a98cd1d306200f18402002400c8c800140400480194
[32] DC_ChargeLoopReq payloadType=0x8004 bytes=41
    01fe8004000000218034044ee1683974bcf8dd0a98cd1d306200f18402002400c8c800140400480194
[33] DC_ChargeLoopReq payloadType=0x8004 bytes=41
    01fe8004000000218034044ee1683974bcf8dd0aa8cd1d306200f18402002400c8c800140400480194
[34] DC_ChargeLoopReq payloadType=0x8004 bytes=41
    01fe8004000000218034044ee1683974bcf8dd0aa8cd1d306200f18402002400c8c800140400480194
[35] DC_ChargeLoopReq payloadType=0x8004 bytes=41
    01fe8004000000218034044ee1683974bcf8dd0ab8cd1d306200f18402002400c8c800140400480194
[36] DC_ChargeLoopReq payloadType=0x8004 bytes=41
    01fe8004000000218034044ee1683974bcf8dd0ab8cd1d306200f18402002400c8c800140400480194
[37] DC_ChargeLoopReq payloadType=0x8004 bytes=41
    01fe8004000000218034044ee1683974bcf8dd0ac8cd1d306200f18402002400c8c800140400480194
[38] DC_ChargeLoopReq payloadType=0x8004 bytes=41
    01fe8004000000218034044ee1683974bcf8dd0ad8cd1d306200f18402002400c8c800140400480194
[39] DC_ChargeLoopReq payloadType=0x8004 bytes=41
    01fe8004000000218034044ee1683974bcf8dd0ad8cd1d306200f18402002400c8c800140400480194
[40] DC_ChargeLoopReq payloadType=0x8004 bytes=41
    01fe8004000000218034044ee1683974bcf8dd0ae8cd1d306200f18402002400c8c800140400480194
[41] DC_ChargeLoopReq payloadType=0x8004 bytes=41
    01fe8004000000218034044ee1683974bcf8dd0ae8cd1d306200f18402002400c8c800140400480194
[42] DC_ChargeLoopReq payloadType=0x8004 bytes=41
    01fe8004000000218034044ee1683974bcf8dd0af8cd1d306200f18402002400c8c800140400480194
[43] DC_ChargeLoopReq payloadType=0x8004 bytes=41
    01fe8004000000218034044ee1683974bcf8dd0af8cd1d306200f18402002400c8c800140400480194
[44] DC_ChargeLoopReq payloadType=0x8004 bytes=41
    01fe8004000000218034044ee1683974bcf8dd0b08cd1d306200f18402002400c8c800140400480194
[45] PowerDeliveryReq payloadType=0x8002 bytes=27
    01fe8002000000138054044ee1683974bcf8dd0b08cd1d30620140
[46] DC_WeldingDetectionReq payloadType=0x8004 bytes=26
    01fe800400000012804c044ee1683974bcf8dd0b18cd1d306220
[47] DC_WeldingDetectionReq payloadType=0x8004 bytes=26
    01fe800400000012804c044ee1683974bcf8dd0b18cd1d306220
[48] DC_WeldingDetectionReq payloadType=0x8004 bytes=26
    01fe800400000012804c044ee1683974bcf8dd0b28cd1d306220
[49] DC_WeldingDetectionReq payloadType=0x8004 bytes=26
    01fe800400000012804c044ee1683974bcf8dd0b28cd1d306220
[50] DC_WeldingDetectionReq payloadType=0x8004 bytes=26
    01fe800400000012804c044ee1683974bcf8dd0b38cd1d306200
[51] SessionStopReq payloadType=0x8002 bytes=26
    01fe8002000000128094044ee1683974bcf8dd0b38cd1d306228

## station -> EV: 1824 byte(s), 52 frame(s)
[0] SupportedAppProtocolRes (OK_SuccessfulNegotiation) payloadType=0x8001 bytes=12
    01fe80010000000480400040
[1] SessionSetupRes (OK_NewSessionEstablished) payloadType=0x8002 bytes=37
    01fe80020000001d8090044ee1683974bcf8dd0998cd1d30620402d1114a905090ca914c40
[2] AuthorizationSetupRes (OK) payloadType=0x8002 bytes=28
    01fe800200000014800c044ee1683974bcf8dd0998cd1d3062000400
[3] AuthorizationRes (OK) payloadType=0x8002 bytes=27
    01fe8002000000138004044ee1683974bcf8dd09a8cd1d30620000
[4] ServiceDiscoveryRes (OK) payloadType=0x8002 bytes=32
    01fe8002000000188080044ee1683974bcf8dd09b8cd1d306200200810024450
[5] ServiceDetailRes (OK) payloadType=0x8002 bytes=146
    01fe80020000008a8078044ee1683974bcf8dd09b8cd1d30620002000202d0dbdb9b9958dd1bdc980200d436f6e74726f6c4d6f6465600804d35bd89a5b1a5d1e539959591cd35bd919580200950726963696e67600080100b436f6e6e6563746f7260080350dbdb9d1c9bdb135bd91958040134d6f62696c6974794e656564734d6f6465600802541c9a58da5b99d800280
[6] ServiceSelectionRes (OK) payloadType=0x8002 bytes=27
    01fe8002000000138088044ee1683974bcf8dd09c8cd1d30620000
[7] DC_ChargeParameterDiscoveryRes (OK) payloadType=0x8004 bytes=50
    01fe80040000002a8040044ee1683974bcf8dd09c8cd1d3062004418530e82000001001702e0800000400710482002580440
[8] ScheduleExchangeRes (OK) payloadType=0x8002 bytes=47
    01fe8002000000278070044ee1683974bcf8dd09d8cd1d30620000100200042407020019092800009008240700008a
[9] DC_CableCheckRes (OK) payloadType=0x8004 bytes=27
    01fe8004000000138030044ee1683974bcf8dd09d8cd1d30620000
[10] DC_PreChargeRes (OK) payloadType=0x8004 bytes=31
    01fe8004000000178048044ee1683974bcf8dd09e8cd1d30620010010c0600
[11] DC_PreChargeRes (OK) payloadType=0x8004 bytes=31
    01fe8004000000178048044ee1683974bcf8dd09f8cd1d30620010010c0600
[12] PowerDeliveryRes (OK) payloadType=0x8002 bytes=27
    01fe8002000000138058044ee1683974bcf8dd09f8cd1d30620040
[13] PowerDeliveryRes (OK) payloadType=0x8002 bytes=27
    01fe8002000000138058044ee1683974bcf8dd0a08cd1d30620040
[14] PowerDeliveryRes (OK) payloadType=0x8002 bytes=27
    01fe8002000000138058044ee1683974bcf8dd0a08cd1d30620040
[15] PowerDeliveryRes (OK) payloadType=0x8002 bytes=27
    01fe8002000000138058044ee1683974bcf8dd0a18cd1d30620040
[16] PowerDeliveryRes (OK) payloadType=0x8002 bytes=27
    01fe8002000000138058044ee1683974bcf8dd0a18cd1d30620040
[17] PowerDeliveryRes (OK) payloadType=0x8002 bytes=27
    01fe8002000000138058044ee1683974bcf8dd0a28cd1d30620040
[18] PowerDeliveryRes (OK) payloadType=0x8002 bytes=27
    01fe8002000000138058044ee1683974bcf8dd0a28cd1d30620040
[19] DC_ChargeLoopRes (OK) payloadType=0x8004 bytes=36
    01fe80040000001c8038044ee1683974bcf8dd0a38cd1d30620064003c02002400c00090
[20] DC_ChargeLoopRes (OK) payloadType=0x8004 bytes=36
    01fe80040000001c8038044ee1683974bcf8dd0a38cd1d30620064003c02002400c00090
[21] DC_ChargeLoopRes (OK) payloadType=0x8004 bytes=36
    01fe80040000001c8038044ee1683974bcf8dd0a48cd1d30620064003c02002400c00090
[22] DC_ChargeLoopRes (OK) payloadType=0x8004 bytes=36
    01fe80040000001c8038044ee1683974bcf8dd0a58cd1d30620064003c02002400c00090
[23] DC_ChargeLoopRes (OK) payloadType=0x8004 bytes=36
    01fe80040000001c8038044ee1683974bcf8dd0a58cd1d30620064003c02002400c00090
[24] DC_ChargeLoopRes (OK) payloadType=0x8004 bytes=36
    01fe80040000001c8038044ee1683974bcf8dd0a68cd1d30620064003c02002400c00090
[25] DC_ChargeLoopRes (OK) payloadType=0x8004 bytes=36
    01fe80040000001c8038044ee1683974bcf8dd0a68cd1d30620064003c02002400c00090
[26] DC_ChargeLoopRes (OK) payloadType=0x8004 bytes=36
    01fe80040000001c8038044ee1683974bcf8dd0a78cd1d30620064003c02002400c00090
[27] DC_ChargeLoopRes (OK) payloadType=0x8004 bytes=36
    01fe80040000001c8038044ee1683974bcf8dd0a78cd1d30620064003c02002400c00090
[28] DC_ChargeLoopRes (OK) payloadType=0x8004 bytes=36
    01fe80040000001c8038044ee1683974bcf8dd0a88cd1d30620064003c02002400c00090
[29] DC_ChargeLoopRes (OK) payloadType=0x8004 bytes=36
    01fe80040000001c8038044ee1683974bcf8dd0a88cd1d30620064003c02002400c00090
[30] DC_ChargeLoopRes (OK) payloadType=0x8004 bytes=36
    01fe80040000001c8038044ee1683974bcf8dd0a98cd1d30620064003c02002400c00090
[31] DC_ChargeLoopRes (OK) payloadType=0x8004 bytes=36
    01fe80040000001c8038044ee1683974bcf8dd0a98cd1d30620064003c02002400c00090
[32] DC_ChargeLoopRes (OK) payloadType=0x8004 bytes=36
    01fe80040000001c8038044ee1683974bcf8dd0aa8cd1d30620064003c02002400c00090
[33] DC_ChargeLoopRes (OK) payloadType=0x8004 bytes=36
    01fe80040000001c8038044ee1683974bcf8dd0aa8cd1d30620064003c02002400c00090
[34] DC_ChargeLoopRes (OK) payloadType=0x8004 bytes=36
    01fe80040000001c8038044ee1683974bcf8dd0ab8cd1d30620064003c02002400c00090
[35] DC_ChargeLoopRes (OK) payloadType=0x8004 bytes=36
    01fe80040000001c8038044ee1683974bcf8dd0ab8cd1d30620064003c02002400c00090
[36] DC_ChargeLoopRes (OK) payloadType=0x8004 bytes=36
    01fe80040000001c8038044ee1683974bcf8dd0ac8cd1d30620064003c02002400c00090
[37] DC_ChargeLoopRes (OK) payloadType=0x8004 bytes=36
    01fe80040000001c8038044ee1683974bcf8dd0ad8cd1d30620064003c02002400c00090
[38] DC_ChargeLoopRes (OK) payloadType=0x8004 bytes=36
    01fe80040000001c8038044ee1683974bcf8dd0ad8cd1d30620064003c02002400c00090
[39] DC_ChargeLoopRes (OK) payloadType=0x8004 bytes=36
    01fe80040000001c8038044ee1683974bcf8dd0ae8cd1d30620064003c02002400c00090
[40] DC_ChargeLoopRes (OK) payloadType=0x8004 bytes=36
    01fe80040000001c8038044ee1683974bcf8dd0ae8cd1d30620064003c02002400c00090
[41] DC_ChargeLoopRes (OK) payloadType=0x8004 bytes=36
    01fe80040000001c8038044ee1683974bcf8dd0af8cd1d30620064003c02002400c00090
[42] DC_ChargeLoopRes (OK) payloadType=0x8004 bytes=36
    01fe80040000001c8038044ee1683974bcf8dd0af8cd1d30620064003c02002400c00090
[43] DC_ChargeLoopRes (OK) payloadType=0x8004 bytes=36
    01fe80040000001c8038044ee1683974bcf8dd0b08cd1d30620064003c02002400c00090
[44] DC_ChargeLoopRes (OK) payloadType=0x8004 bytes=36
    01fe80040000001c8038044ee1683974bcf8dd0b08cd1d30620064003c02002400c00090
[45] PowerDeliveryRes (OK) payloadType=0x8002 bytes=27
    01fe8002000000138058044ee1683974bcf8dd0b18cd1d30620040
[46] DC_WeldingDetectionRes (OK) payloadType=0x8004 bytes=30
    01fe8004000000168050044ee1683974bcf8dd0b18cd1d30620010000a00
[47] DC_WeldingDetectionRes (OK) payloadType=0x8004 bytes=30
    01fe8004000000168050044ee1683974bcf8dd0b28cd1d30620010000a00
[48] DC_WeldingDetectionRes (OK) payloadType=0x8004 bytes=30
    01fe8004000000168050044ee1683974bcf8dd0b28cd1d30620010000a00
[49] DC_WeldingDetectionRes (OK) payloadType=0x8004 bytes=30
    01fe8004000000168050044ee1683974bcf8dd0b38cd1d30620010000a00
[50] DC_WeldingDetectionRes (OK) payloadType=0x8004 bytes=30
    01fe8004000000168050044ee1683974bcf8dd0b38cd1d30620010000a00
[51] SessionStopRes (OK) payloadType=0x8002 bytes=27
    01fe8002000000138098044ee1683974bcf8dd0b48cd1d30620000
