Test run for /home/ahzf/wsl-artifacts/bin/ISO15118ConformanceTests.Simulation/release/ISO15118ConformanceTests.Simulation.dll (.NETCoreApp,Version=v10.0)
A total of 1 test files matched the specified pattern.
/home/ahzf/wsl-artifacts/bin/ISO15118ConformanceTests.Simulation/release/ISO15118ConformanceTests.Simulation.dll
NUnit Adapter 4.6.0.0: Test execution started
Running selected tests in /home/ahzf/wsl-artifacts/bin/ISO15118ConformanceTests.Simulation/release/ISO15118ConformanceTests.Simulation.dll
   NUnit3TestExecutor discovered 1 of 1 NUnit test cases using Current Discovery mode, Explicit run
SDP: request from [fe80::215:5dff:fe79:69ca%2]:49221 — ISO_15118_2, NoTLS, TCP
SDP: answered [fe80::215:5dff:fe79:69ca%2]:49221 with [fe80::215:5dff:fe79:69ca%2]:55000 (NoTLS, TCP), 28 byte(s).
SDP: advertising [fe80::215:5dff:fe79:69ca%2]:55000 (NoTLS) on eth0 — their EV should discover this station rather than be pointed at it.
Waiting for their PyEvJosev on [::]:55000 ...
Energy transfer service: 8 (MCS) — their EV's pick out of our catalogue.
Plug & Charge (inbound): contract DC=MO, C=DE, O=EVerest, CN=UKSWI123456789A; challenge OK, digest OK, signature OK (http://www.w3.org/2001/04/xmldsig-more#ecdsa-sha256, grammar=xmldsig-standalone).
Recorded:
  /home/ahzf/everest/run/mcs-reverse-pnc/everest-iso15118-20-mcs-reverse.ev-to-station.bin
  /home/ahzf/everest/run/mcs-reverse-pnc/everest-iso15118-20-mcs-reverse.station-to-ev.bin
  /home/ahzf/everest/run/mcs-reverse-pnc/everest-iso15118-20-mcs-reverse.frames.log
  /home/ahzf/everest/run/mcs-reverse-pnc/everest-iso15118-20-mcs-reverse.flow.md
  /home/ahzf/everest/run/mcs-reverse-pnc/everest-iso15118-20-mcs-reverse.trace-not-built.txt

NUnit Adapter 4.6.0.0: Test execution complete
  Passed TheirPyEvJosev_AgainstOurSecc_RunsToCompletion [53 s]
  Standard Output Messages:
 SDP: advertising [fe80::215:5dff:fe79:69ca%2]:55000 (NoTLS) on eth0 — their EV should discover this station rather than be pointed at it.
 Waiting for their PyEvJosev on [::]:55000 ...
 Energy transfer service: 8 (MCS) — their EV's pick out of our catalogue.
 Plug & Charge (inbound): contract DC=MO, C=DE, O=EVerest, CN=UKSWI123456789A; challenge OK, digest OK, signature OK (http://www.w3.org/2001/04/xmldsig-more#ecdsa-sha256, grammar=xmldsig-standalone).
 Recorded:
   /home/ahzf/everest/run/mcs-reverse-pnc/everest-iso15118-20-mcs-reverse.ev-to-station.bin
   /home/ahzf/everest/run/mcs-reverse-pnc/everest-iso15118-20-mcs-reverse.station-to-ev.bin
   /home/ahzf/everest/run/mcs-reverse-pnc/everest-iso15118-20-mcs-reverse.frames.log
   /home/ahzf/everest/run/mcs-reverse-pnc/everest-iso15118-20-mcs-reverse.flow.md
   /home/ahzf/everest/run/mcs-reverse-pnc/everest-iso15118-20-mcs-reverse.trace-not-built.txt



Test Run Successful.
Total tests: 1
     Passed: 1
 Total time: 53.8855 Seconds
EXIT=0
