Test run for /home/ahzf/wsl-artifacts/bin/ISO15118ConformanceTests.Simulation/release/ISO15118ConformanceTests.Simulation.dll (.NETCoreApp,Version=v10.0)
A total of 1 test files matched the specified pattern.
/home/ahzf/wsl-artifacts/bin/ISO15118ConformanceTests.Simulation/release/ISO15118ConformanceTests.Simulation.dll
NUnit Adapter 4.6.0.0: Test execution started
Running selected tests in /home/ahzf/wsl-artifacts/bin/ISO15118ConformanceTests.Simulation/release/ISO15118ConformanceTests.Simulation.dll
   NUnit3TestExecutor discovered 1 of 1 NUnit test cases using Current Discovery mode, Explicit run
SDP: request from [fe80::215:5dff:fedf:2f0c%2]:54116 — ISO_15118_2, TLS, TCP
SDP: answered [fe80::215:5dff:fedf:2f0c%2]:54116 with [fe80::215:5dff:fedf:2f0c%2]:15118 (NoTLS, TCP), 28 byte(s).
SDP: advertising [fe80::215:5dff:fedf:2f0c%2]:15118 (NoTLS) on eth0 — their EV should discover this station rather than be pointed at it.
Waiting for their PyEvJosev on [::]:15118 (plain TCP) ...
SAP: ISO 15118-20 on a plain TCP connection — [V2G20-1237] (car) and [V2G20-2356] (station) both forbid it, Table 5 puts -20 in the TLS 1.3 row alone. This run does it anyway, deliberately; the claim it supports is not a conformance claim.
Energy transfer service: 1 (AC) — their EV's pick out of our catalogue.
Control mode: Dynamic — read off their ScheduleExchangeReq, not off our offer.
Plug & Charge (inbound): contract DC=MO, C=DE, O=EVerest, CN=UKSWI123456789A; challenge OK, digest OK, signature OK (http://www.w3.org/2001/04/xmldsig-more#ecdsa-sha256, grammar=xmldsig-standalone).
Recorded:
  /home/ahzf/everest/run/acdyn-plain/everest-iso15118-20-ac-reverse.ev-to-station.bin
  /home/ahzf/everest/run/acdyn-plain/everest-iso15118-20-ac-reverse.station-to-ev.bin
  /home/ahzf/everest/run/acdyn-plain/everest-iso15118-20-ac-reverse.frames.log
  /home/ahzf/everest/run/acdyn-plain/everest-iso15118-20-ac-reverse.flow.md
  /home/ahzf/everest/run/acdyn-plain/everest-iso15118-20-ac-reverse.trace-not-built.txt

NUnit Adapter 4.6.0.0: Test execution complete
  Passed TheirPyEvJosev_AgainstOurSecc_RunsToCompletion [40 s]
  Standard Output Messages:
 SDP: advertising [fe80::215:5dff:fedf:2f0c%2]:15118 (NoTLS) on eth0 — their EV should discover this station rather than be pointed at it.
 Waiting for their PyEvJosev on [::]:15118 (plain TCP) ...
 SAP: ISO 15118-20 on a plain TCP connection — [V2G20-1237] (car) and [V2G20-2356] (station) both forbid it, Table 5 puts -20 in the TLS 1.3 row alone. This run does it anyway, deliberately; the claim it supports is not a conformance claim.
 Energy transfer service: 1 (AC) — their EV's pick out of our catalogue.
 Control mode: Dynamic — read off their ScheduleExchangeReq, not off our offer.
 Plug & Charge (inbound): contract DC=MO, C=DE, O=EVerest, CN=UKSWI123456789A; challenge OK, digest OK, signature OK (http://www.w3.org/2001/04/xmldsig-more#ecdsa-sha256, grammar=xmldsig-standalone).
 Recorded:
   /home/ahzf/everest/run/acdyn-plain/everest-iso15118-20-ac-reverse.ev-to-station.bin
   /home/ahzf/everest/run/acdyn-plain/everest-iso15118-20-ac-reverse.station-to-ev.bin
   /home/ahzf/everest/run/acdyn-plain/everest-iso15118-20-ac-reverse.frames.log
   /home/ahzf/everest/run/acdyn-plain/everest-iso15118-20-ac-reverse.flow.md
   /home/ahzf/everest/run/acdyn-plain/everest-iso15118-20-ac-reverse.trace-not-built.txt



Test Run Successful.
Total tests: 1
     Passed: 1
 Total time: 41.5737 Seconds
