2026-08-15 02:48:36.216975 [INFO] manager          ::   ________      __                _   
2026-08-15 02:48:36.217245 [INFO] manager          ::  |  ____\ \    / /               | |
2026-08-15 02:48:36.217260 [INFO] manager          ::  | |__   \ \  / /__ _ __ ___  ___| |_
2026-08-15 02:48:36.217266 [INFO] manager          ::  |  __|   \ \/ / _ \ '__/ _ \/ __| __|
2026-08-15 02:48:36.217271 [INFO] manager          ::  | |____   \  /  __/ | |  __/\__ \ |_
2026-08-15 02:48:36.217277 [INFO] manager          ::  |______|   \/ \___|_|  \___||___/\__|
2026-08-15 02:48:36.217283 [INFO] manager          :: 
2026-08-15 02:48:36.217288 [INFO] manager          :: everest-framework 0.25.0-dev 2026.02.1
2026-08-15 02:48:36.217294 [INFO] manager          :: everest-core 2026.02.1-dev 2026.02.1
2026-08-15 02:48:36.217301 [INFO] manager          :: 
2026-08-15 02:48:36.217308 [INFO] manager          :: Using MQTT broker localhost:1883
2026-08-15 02:48:36.241849 [INFO] manager          :: Boot mode is set to YamlFile, loading module configs from YAML file
2026-08-15 02:48:36.241907 [INFO] manager          :: Loading config file at: /home/ahzf/everest/configs-ours/config-ac20-reverse-ours.yaml
2026-08-15 02:48:36.365072 [INFO] manager          :: Config loading completed in 147ms
2026-08-15 02:48:36.369737 [INFO] manager          :: Starting 15 modules
2026-08-15 02:48:38.385857 [INFO] api:API          :: Module api initialized [1981ms]
2026-08-15 02:48:38.405562 [INFO] energy_manager:  :: Module energy_manager initialized [1967ms]
2026-08-15 02:48:38.408782 [INFO] auth:Auth        :: Module auth initialized [1981ms]
2026-08-15 02:48:38.425027 [INFO] error_history:E  :: Using database at "/tmp/error_history.db"
2026-08-15 02:48:38.425219 [INFO] error_history:E  :: Checking database
2026-08-15 02:48:38.425190 [INFO] ev_manager:EvMa  :: Module ev_manager initialized [1976ms]
2026-08-15 02:48:38.428570 [INFO] error_history:E  :: Module error_history initialized [1986ms]
2026-08-15 02:48:38.454865 [INFO] api_sink:Energy  :: Module api_sink initialized [2037ms]
2026-08-15 02:48:38.457188 [INFO] evse_security:E  :: Module evse_security initialized [1989ms]
2026-08-15 02:48:38.468381 [INFO] evse_manager:Ev  :: Module evse_manager initialized [2002ms]
2026-08-15 02:48:38.472009 [INFO] slac:SlacSimula  :: Module slac initialized [1976ms]
2026-08-15 02:48:38.473989 [INFO] connector_1_pow  :: Module connector_1_powerpath initialized [2041ms]
2026-08-15 02:48:38.481254 [INFO] iso15118_charge  :: Module iso15118_charger initialized [1986ms]
2026-08-15 02:48:38.498100 [INFO] token_validator  :: Module token_validator initialized [1989ms]
2026-08-15 02:48:38.499230 [INFO] grid_connection  :: Module grid_connection_point initialized [2030ms]
2026-08-15 02:48:38.499875 [INFO] token_provider:  :: Module token_provider initialized [1997ms]
2026-08-15 02:48:39.129777 [INFO] iso15118_car     :: Module iso15118_car initialized [1984ms]
2026-08-15 02:48:39.130577 [INFO] manager          :: Clearing retained topics published by manager during startup
2026-08-15 02:48:39.131518 [INFO] manager          :: 🚙🚙🚙 All modules are initialized. EVerest up and running [2944ms] 🚙🚙🚙
2026-08-15 02:48:39.319072 [WARN] auth:Auth       void module::ReservationHandler::load_reservations() :: Can not load reservations because no storage was configured.
2026-08-15 02:48:39.534652 [INFO] evse_security:E  :: Requesting leaf certificate info: V2G
2026-08-15 02:48:39.540200 [INFO] evse_security:E  :: Found valid leaf: ["/home/ahzf/everest/dist/etc/everest/certs/client/cso/CPO_CERT_CHAIN.pem"]
2026-08-15 02:48:39.540321 [INFO] evse_security:E  :: Not requiring all valid leafs, returning
2026-08-15 02:48:39.550253 [INFO] evse_manager:Ev  :: AC HLC mode enabled.
2026-08-15 02:48:39.619803 [INFO] evse_security:E  :: Requesting certificate file: [V2G] file:"/home/ahzf/everest/dist/etc/everest/certs/ca/v2g/V2G_ROOT_CA.pem"
2026-08-15 02:48:39.654942 [INFO] evse_manager:Ev  :: Ignoring BSP Event, BSP is not enabled yet.
2026-08-15 02:48:39.664465 [INFO] evse_security:E  :: Requesting certificate file: [MO] file:"/home/ahzf/everest/dist/etc/everest/certs/ca/mo/MO_ROOT_CA.pem"
2026-08-15 02:48:39.710920 [INFO] iso15118_charge  :: Using ethernet interface: lo
2026-08-15 02:48:39.711046 [INFO] iso15118_charge  :: Starting SDP server with address: ::
2026-08-15 02:48:39.742782 [INFO] evse_manager:Ev  :: Cleaning up any other transaction on start up
2026-08-15 02:48:39.875724 [INFO] evse_manager:Ev  :: 🌀🌀🌀 Ready to start charging 🌀🌀🌀
2026-08-15 02:48:43.442726 [INFO] connector_1_pow  :: Lock connector
2026-08-15 02:48:43.556509 [INFO] evse_manager:Ev  :: SYS  Session logging started.
2026-08-15 02:48:43.556664 [INFO] evse_manager:Ev  :: EVSE IEC Session Started: EVConnected
2026-08-15 02:48:43.557902 [INFO] auth:Auth        :: Plug In event for evse#1, starting auth
2026-08-15 02:48:43.557980 [INFO] token_provider:  :: Publishing new dummy token: {
    "authorization_type": "RFID",
    "id_token": {
        "type": "ISO14443",
        "value": "[redacted] hash: 29F2679CA504908"
    },
    "parent_id_token": {
        "type": "ISO14443",
        "value": "[redacted] hash: 29F2679CA504908"
    }
}
2026-08-15 02:48:43.558939 [INFO] auth:Auth        :: Received new token: {
    "authorization_type": "RFID",
    "id_token": {
        "type": "ISO14443",
        "value": "[redacted] hash: 29F2679CA504908"
    },
    "parent_id_token": {
        "type": "ISO14443",
        "value": "[redacted] hash: 29F2679CA504908"
    }
}
2026-08-15 02:48:43.560402 [INFO] token_validator  :: Got validation request for token: [redacted] hash: 29F2679CA504908
2026-08-15 02:48:43.810664 [INFO] token_validator  :: Returning validation status: Accepted
2026-08-15 02:48:43.812024 [INFO] auth:Auth        :: Providing authorization to evse#1
2026-08-15 02:48:43.915294 [INFO] evse_manager:Ev  :: EVSE IEC EIM Authorization received
2026-08-15 02:48:43.916232 [INFO] auth:Auth        :: Result for token: [redacted] hash: 29F2679CA504908: USED_TO_START_TRANSACTION
2026-08-15 02:48:44.002922 [INFO] evse_manager:Ev  :: EVSE IEC Transaction Started (0 kWh)
2026-08-15 02:48:44.003460 [INFO] evse_manager:Ev  :: EVSE IEC AC mode, HLC enabled(X1), matching already started. We are in X1 so we can go directly to nominal PWM.
2026-08-15 02:48:44.003760 [INFO] evse_manager:Ev  :: EVSE IEC Charger state: Wait for Auth->PrepareCharging
2026-08-15 02:48:44.004539 [INFO] evse_manager:Ev  :: EVSE IEC Set PWM On (53.3%) took 0 ms
2026-08-15 02:48:45.706796 [INFO] evse_manager:Ev  :: EVSE ISO SLAC MATCHED
2026-08-15 02:48:45.707006 [INFO] evse_manager:Ev  :: EVSE ISO D-LINK_READY (true)
2026-08-15 02:48:45.984652 [WARN] iso15118_car    pybind11_init_everestpy(pybind11::module_&)::<lambda(const std::string&)> :: The port 15118 does not match the mandatory UDP server port 15118.
2026-08-15 02:48:51.688743 [INFO] evse_manager:Ev  ::                                     CAR IEC Event CarRequestedPower
2026-08-15 02:48:51.689071 [INFO] evse_manager:Ev  :: EVSE IEC Charger state: PrepareCharging->Charging
2026-08-15 02:48:51.939997 [INFO] evse_manager:Ev  :: EVSE IEC Event PowerOn
2026-08-15 02:49:15.339042 [INFO] evse_manager:Ev  ::                                     CAR IEC Event CarRequestedStopPower
2026-08-15 02:49:15.339208 [INFO] evse_manager:Ev  :: EVSE IEC Stop in Charging: [IEC stop]
2026-08-15 02:49:15.339419 [INFO] evse_manager:Ev  :: EVSE IEC Charger state: Charging->StoppingCharging
2026-08-15 02:49:15.340400 [INFO] evse_manager:Ev  :: EVSE IEC Set PWM Off
2026-08-15 02:49:15.386660 [INFO] evse_manager:Ev  :: EVSE IEC Event PowerOff
2026-08-15 02:49:15.386854 [INFO] evse_manager:Ev  :: EVSE IEC Charger state: StoppingCharging->Car Paused
2026-08-15 02:49:15.387401 [INFO] evse_manager:Ev  :: EVSE IEC Set PWM On (53.3%) took 0 ms
2026-08-15 02:49:21.358751 [INFO] ev_manager:EvMa  :: Finished simulation.
2026-08-15 02:49:21.706713 [INFO] connector_1_pow  :: Unlock connector
2026-08-15 02:49:21.762770 [INFO] evse_manager:Ev  :: EVSE ISO SLAC UNMATCHED
2026-08-15 02:49:21.762985 [INFO] evse_manager:Ev  :: EVSE ISO D-LINK_READY (false)
2026-08-15 02:49:21.806763 [INFO] evse_manager:Ev  ::                                     CAR IEC Event CarUnplugged
2026-08-15 02:49:21.806943 [INFO] evse_manager:Ev  :: EVSE IEC Stop in ChargingPausedEV: [EV unplugged]
2026-08-15 02:49:21.807036 [INFO] evse_manager:Ev  :: EVSE IEC Charger state: Car Paused->StoppingCharging
2026-08-15 02:49:21.807506 [INFO] evse_manager:Ev  :: EVSE IEC Set PWM Off
2026-08-15 02:49:21.894763 [INFO] evse_manager:Ev  :: EVSE IEC Charger state: StoppingCharging->Finished
2026-08-15 02:49:21.938928 [INFO] evse_manager:Ev  :: EVSE IEC Transaction Finished: EVDisconnected (0.125 kWh)
2026-08-15 02:49:22.026734 [INFO] evse_manager:Ev  :: EVSE IEC Session Finished
2026-08-15 02:49:22.026892 [INFO] evse_manager:Ev  :: SYS  Session logging stopped.
2026-08-15 02:49:22.071103 [INFO] evse_manager:Ev  :: All errors cleared
2026-08-15 02:49:22.071253 [INFO] evse_manager:Ev  :: All errors cleared
