Connecting to fe80::215:5dff:fe6b:3d4%eth0
Can't use SSL_get_servername
depth=2 CN=CPOSubCA1, O=EVerest, C=DE, DC=V2G
verify error:num=20:unable to get local issuer certificate
verify return:1
depth=1 CN=CPOSubCA2, O=EVerest, C=DE, DC=V2G
verify return:1
depth=0 CN=SECCCert, O=EVerest, C=DE, DC=CPO
verify return:1
CONNECTED(00000003)
---
Certificate chain
 0 s:CN=SECCCert, O=EVerest, C=DE, DC=CPO
   i:CN=CPOSubCA2, O=EVerest, C=DE, DC=V2G
   a:PKEY: EC, (prime256v1); sigalg: ecdsa-with-SHA256
   v:NotBefore: Sep 26 07:38:34 2023 GMT; NotAfter: Feb 29 07:38:34 2040 GMT
 1 s:CN=CPOSubCA2, O=EVerest, C=DE, DC=V2G
   i:CN=CPOSubCA1, O=EVerest, C=DE, DC=V2G
   a:PKEY: EC, (prime256v1); sigalg: ecdsa-with-SHA256
   v:NotBefore: Sep 26 07:38:34 2023 GMT; NotAfter: Sep  2 07:38:34 2123 GMT
 2 s:CN=CPOSubCA1, O=EVerest, C=DE, DC=V2G
   i:CN=V2GRootCA, O=EVerest, C=DE, DC=V2G
   a:PKEY: EC, (prime256v1); sigalg: ecdsa-with-SHA256
   v:NotBefore: Sep 26 07:38:34 2023 GMT; NotAfter: Jun 21 07:38:34 2423 GMT
---
Server certificate
-----BEGIN CERTIFICATE-----
MIIB3jCCAYWgAwIBAgICMDwwCgYIKoZIzj0EAwIwSDESMBAGA1UEAwwJQ1BPU3Vi
Q0EyMRAwDgYDVQQKDAdFVmVyZXN0MQswCQYDVQQGEwJERTETMBEGCgmSJomT8ixk
ARkWA1YyRzAeFw0yMzA5MjYwNzM4MzRaFw00MDAyMjkwNzM4MzRaMEcxETAPBgNV
BAMMCFNFQ0NDZXJ0MRAwDgYDVQQKDAdFVmVyZXN0MQswCQYDVQQGEwJERTETMBEG
CgmSJomT8ixkARkWA0NQTzBZMBMGByqGSM49AgEGCCqGSM49AwEHA0IABKBdMxlw
3aS5nb5nJcL6wrXy7wpHuA1zQUHd4Lu9JjJjsmbFJ1aU/YjeNjd486cBnNFjef2J
k7ugxFPGzgcgCRijYDBeMAwGA1UdEwEB/wQCMAAwDgYDVR0PAQH/BAQDAgOIMB0G
A1UdDgQWBBTsh2ntDu+kucMCihpJHD7K+ayx2TAfBgNVHSMEGDAWgBQ2GWOJSW7N
ZiptYBlX9ycPXAzljzAKBggqhkjOPQQDAgNHADBEAiBm1ez6tTr5EBCL4lc0GxE2
gFBov4vf4QbI4V5/a8XlaAIgB+XyVyd20UJsJu6zIZS3mowJ1OMzZ8lWJxXAJznu
hQQ=
-----END CERTIFICATE-----
subject=CN=SECCCert, O=EVerest, C=DE, DC=CPO
issuer=CN=CPOSubCA2, O=EVerest, C=DE, DC=V2G
---
No client certificate CA names sent
Requested Signature Algorithms: id-ml-dsa-65:id-ml-dsa-87:id-ml-dsa-44:ECDSA+SHA256:ECDSA+SHA384:ECDSA+SHA512:ed25519:ed448:ecdsa_brainpoolP256r1_sha256:ecdsa_brainpoolP384r1_sha384:ecdsa_brainpoolP512r1_sha512:rsa_pss_pss_sha256:rsa_pss_pss_sha384:rsa_pss_pss_sha512:RSA-PSS+SHA256:RSA-PSS+SHA384:RSA-PSS+SHA512:RSA+SHA256:RSA+SHA384:RSA+SHA512
Shared Requested Signature Algorithms: id-ml-dsa-65:id-ml-dsa-87:id-ml-dsa-44:ECDSA+SHA256:ECDSA+SHA384:ECDSA+SHA512:ed25519:ed448:ecdsa_brainpoolP256r1_sha256:ecdsa_brainpoolP384r1_sha384:ecdsa_brainpoolP512r1_sha512:rsa_pss_pss_sha256:rsa_pss_pss_sha384:rsa_pss_pss_sha512:RSA-PSS+SHA256:RSA-PSS+SHA384:RSA-PSS+SHA512:RSA+SHA256:RSA+SHA384:RSA+SHA512
Peer signing digest: SHA256
Peer signature type: ecdsa_secp256r1_sha256
Negotiated TLS1.3 group: X25519MLKEM768
---
SSL handshake has read 3240 bytes and written 2641 bytes
Verification error: unable to get local issuer certificate
---
New, TLSv1.3, Cipher is TLS_AES_256_GCM_SHA384
Protocol: TLSv1.3
Server public key is 256 bit
This TLS version forbids renegotiation.
Compression: NONE
Expansion: NONE
No ALPN negotiated
Early data was not sent
Verify return code: 20 (unable to get local issuer certificate)
---
DONE
