2026-08-10 18:52:17.119382 [INFO] manager          ::   ________      __                _   
2026-08-10 18:52:17.119536 [INFO] manager          ::  |  ____\ \    / /               | |
2026-08-10 18:52:17.119546 [INFO] manager          ::  | |__   \ \  / /__ _ __ ___  ___| |_
2026-08-10 18:52:17.119551 [INFO] manager          ::  |  __|   \ \/ / _ \ '__/ _ \/ __| __|
2026-08-10 18:52:17.119557 [INFO] manager          ::  | |____   \  /  __/ | |  __/\__ \ |_
2026-08-10 18:52:17.119563 [INFO] manager          ::  |______|   \/ \___|_|  \___||___/\__|
2026-08-10 18:52:17.119569 [INFO] manager          :: 
2026-08-10 18:52:17.119574 [INFO] manager          :: everest-framework 0.25.0-dev 2026.02.1
2026-08-10 18:52:17.119581 [INFO] manager          :: everest-core 2026.02.1-dev 2026.02.1
2026-08-10 18:52:17.119586 [INFO] manager          :: 
2026-08-10 18:52:17.119592 [INFO] manager          :: Using MQTT broker localhost:1883
2026-08-10 18:52:17.139687 [INFO] manager          :: Boot mode is set to YamlFile, loading module configs from YAML file
2026-08-10 18:52:17.139741 [INFO] manager          :: Loading config file at: /home/ahzf/everest/configs-ours/config-d20-tls-ours.yaml
2026-08-10 18:52:17.265188 [INFO] manager          :: Config loading completed in 145ms
2026-08-10 18:52:17.267147 [INFO] manager          :: Starting 18 modules
2026-08-10 18:52:19.478174 [INFO] api:API          :: Module api initialized [2186ms]
2026-08-10 18:52:19.485851 [INFO] energy_manager:  :: Module energy_manager initialized [2192ms]
2026-08-10 18:52:19.489183 [INFO] auth:Auth        :: Module auth initialized [2196ms]
2026-08-10 18:52:19.503517 [INFO] grid_connection  :: Module grid_connection_point initialized [2201ms]
2026-08-10 18:52:19.504019 [INFO] token_provider:  :: Module token_provider initialized [2191ms]
2026-08-10 18:52:19.504594 [INFO] ev_manager:EvMa  :: Module ev_manager initialized [2205ms]
2026-08-10 18:52:19.506408 [INFO] iso15118_charge  :: Module iso15118_charger initialized [2197ms]
2026-08-10 18:52:19.515029 [INFO] imd:IMDSimulato  :: Module imd initialized [2212ms]
2026-08-10 18:52:19.516118 [INFO] token_validator  :: Module token_validator initialized [2205ms]
2026-08-10 18:52:19.517749 [INFO] yeti_driver:Yet  :: Module yeti_driver initialized [2206ms]
2026-08-10 18:52:19.517909 [INFO] slac:SlacSimula  :: Module slac initialized [2211ms]
2026-08-10 18:52:19.518106 [INFO] powersupply_dc:  :: Module powersupply_dc initialized [2211ms]
2026-08-10 18:52:19.518298 [INFO] ev_api:EvAPI     :: Module ev_api initialized [2223ms]
2026-08-10 18:52:19.518670 [INFO] evse_security:E  :: Module evse_security initialized [2217ms]
2026-08-10 18:52:19.520756 [INFO] evse_manager:Ev  :: Module evse_manager initialized [2218ms]
2026-08-10 18:52:19.538816 [INFO] api_sink:Energy  :: Module api_sink initialized [2248ms]
2026-08-10 18:52:19.549089 [INFO] error_history:E  :: Using database at "/tmp/error_history.db"
2026-08-10 18:52:19.549325 [INFO] error_history:E  :: Checking database
2026-08-10 18:52:19.550192 [INFO] error_history:E  :: Module error_history initialized [2256ms]
2026-08-10 18:52:19.922886 [INFO] iso15118_car     :: Module iso15118_car initialized [2208ms]
2026-08-10 18:52:19.965917 [INFO] manager          :: Clearing retained topics published by manager during startup
2026-08-10 18:52:19.967215 [INFO] manager          :: 🚙🚙🚙 All modules are initialized. EVerest up and running [2853ms] 🚙🚙🚙
2026-08-10 18:52:20.154741 [WARN] auth:Auth       void module::ReservationHandler::load_reservations() :: Can not load reservations because no storage was configured.
2026-08-10 18:52:20.509844 [INFO] evse_manager:Ev  :: Ignoring BSP Event, BSP is not enabled yet.
2026-08-10 18:52:20.610121 [INFO] evse_security:E  :: Requesting leaf certificate info: V2G
2026-08-10 18:52:20.613918 [INFO] evse_security:E  :: Found valid leaf: ["/home/ahzf/everest/dist/etc/everest/certs/client/cso/CPO_CERT_CHAIN.pem"]
2026-08-10 18:52:20.614006 [INFO] evse_security:E  :: Not requiring all valid leafs, returning
2026-08-10 18:52:20.657905 [INFO] evse_security:E  :: Requesting certificate file: [V2G] file:"/home/ahzf/everest/dist/etc/everest/certs/ca/v2g/V2G_ROOT_CA.pem"
2026-08-10 18:52:20.701935 [INFO] evse_security:E  :: Requesting certificate file: [MO] file:"/home/ahzf/everest/dist/etc/everest/certs/ca/mo/MO_ROOT_CA.pem"
2026-08-10 18:52:20.746021 [INFO] iso15118_charge  :: Using ethernet interface: eth0
2026-08-10 18:52:20.746134 [INFO] iso15118_charge  :: Starting SDP server with address: ::
2026-08-10 18:52:21.161874 [INFO] evse_manager:Ev  :: Cleaning up any other transaction on start up
2026-08-10 18:52:21.258750 [INFO] evse_manager:Ev  :: 🌀🌀🌀 Ready to start charging 🌀🌀🌀
2026-08-10 18:52:25.127341 [INFO] iso15118_charge  :: Got SDP request from fe80::215:5dff:fe6b:3d4%eth0
2026-08-10 18:52:25.131415 [INFO] iso15118_charge  :: Start TLS server [fe80::215:5dff:fe6b:3d4%eth0]:50000
2026-08-10 18:52:25.131668 [INFO] iso15118_charge  :: Created logfile at: /home/ahzf/everest/./260810_16-52-25.yaml
2026-08-10 18:52:25.655484 [INFO] iso15118_charge  :: Incoming connection from [fe80::215:5dff:fe6b:3d4%eth0]:34972
2026-08-10 18:52:25.655948 [INFO] iso15118_charge  :: Client supports TLS1.3: Change verify mode to SSL_VERIFY_PEER and SSL_VERIFY_FAIL_IF_NO_PEER_CERT
2026-08-10 18:52:25.658659 [INFO] iso15118_charge  :: Handshake complete!
2026-08-10 18:52:25.658715 [INFO] iso15118_charge  :: Verify certificate result is okay
2026-08-10 18:52:25.658767 [INFO] iso15118_charge  :: Vehicle Cert is available
2026-08-10 18:52:25.658884 [ERRO] iso15118_charge module::charger::ISO15118_chargerImpl::init()::<lambda(const iso15118::LogLevel&, const std::string&)> :: Shutting down session because of: Failed to SSL_read_ex(): 6
2026-08-10 18:52:25.658898 [INFO] iso15118_charge  :: Restarting session ...
2026-08-10 18:52:25.658904 [INFO] iso15118_charge  :: Closing TLS connection
2026-08-10 18:52:25.658989 [INFO] iso15118_charge  :: TLS connection closed gracefully
2026-08-10 18:52:25.659007 [INFO] iso15118_charge  :: Connection is closed
