2026-08-11 03:04:37.830266 [INFO] manager          ::   ________      __                _   
2026-08-11 03:04:37.830535 [INFO] manager          ::  |  ____\ \    / /               | |
2026-08-11 03:04:37.830547 [INFO] manager          ::  | |__   \ \  / /__ _ __ ___  ___| |_
2026-08-11 03:04:37.830554 [INFO] manager          ::  |  __|   \ \/ / _ \ '__/ _ \/ __| __|
2026-08-11 03:04:37.830562 [INFO] manager          ::  | |____   \  /  __/ | |  __/\__ \ |_
2026-08-11 03:04:37.830568 [INFO] manager          ::  |______|   \/ \___|_|  \___||___/\__|
2026-08-11 03:04:37.830575 [INFO] manager          :: 
2026-08-11 03:04:37.830581 [INFO] manager          :: everest-framework 0.25.0-dev 2026.02.1
2026-08-11 03:04:37.830589 [INFO] manager          :: everest-core 2026.02.1-dev 2026.02.1
2026-08-11 03:04:37.830597 [INFO] manager          :: 
2026-08-11 03:04:37.830605 [INFO] manager          :: Using MQTT broker localhost:1883
2026-08-11 03:04:37.851635 [INFO] manager          :: Boot mode is set to YamlFile, loading module configs from YAML file
2026-08-11 03:04:37.851694 [INFO] manager          :: Loading config file at: /home/ahzf/everest/configs-ours/config-d20-ours.yaml
2026-08-11 03:04:37.977819 [INFO] manager          :: Config loading completed in 147ms
2026-08-11 03:04:37.979870 [INFO] manager          :: Starting 18 modules
2026-08-11 03:04:40.203701 [INFO] ev_api:EvAPI     :: Module ev_api initialized [2191ms]
2026-08-11 03:04:40.237320 [INFO] token_validator  :: Module token_validator initialized [2207ms]
2026-08-11 03:04:40.237765 [INFO] api_sink:Energy  :: Module api_sink initialized [2232ms]
2026-08-11 03:04:40.238023 [INFO] grid_connection  :: Module grid_connection_point initialized [2221ms]
2026-08-11 03:04:40.238498 [INFO] slac:SlacSimula  :: Module slac initialized [2212ms]
2026-08-11 03:04:40.238799 [INFO] imd:IMDSimulato  :: Module imd initialized [2222ms]
2026-08-11 03:04:40.239024 [INFO] evse_security:E  :: Module evse_security initialized [2221ms]
2026-08-11 03:04:40.239374 [INFO] ev_manager:EvMa  :: Module ev_manager initialized [2228ms]
2026-08-11 03:04:40.239493 [INFO] token_provider:  :: Module token_provider initialized [2209ms]
2026-08-11 03:04:40.239651 [INFO] error_history:E  :: Using database at "/tmp/error_history.db"
2026-08-11 03:04:40.239794 [INFO] error_history:E  :: Checking database
2026-08-11 03:04:40.240553 [INFO] iso15118_charge  :: Module iso15118_charger initialized [2215ms]
2026-08-11 03:04:40.240852 [INFO] error_history:E  :: Module error_history initialized [2233ms]
2026-08-11 03:04:40.241305 [INFO] energy_manager:  :: Module energy_manager initialized [2234ms]
2026-08-11 03:04:40.242146 [INFO] api:API          :: Module api initialized [2236ms]
2026-08-11 03:04:40.245123 [INFO] auth:Auth        :: Module auth initialized [2233ms]
2026-08-11 03:04:40.245295 [INFO] powersupply_dc:  :: Module powersupply_dc initialized [2218ms]
2026-08-11 03:04:40.249203 [INFO] yeti_driver:Yet  :: Module yeti_driver initialized [2219ms]
2026-08-11 03:04:40.255434 [INFO] evse_manager:Ev  :: Module evse_manager initialized [2237ms]
2026-08-11 03:04:40.699262 [INFO] iso15118_car     :: Module iso15118_car initialized [2204ms]
2026-08-11 03:04:40.742033 [INFO] manager          :: Clearing retained topics published by manager during startup
2026-08-11 03:04:40.743458 [INFO] manager          :: 🚙🚙🚙 All modules are initialized. EVerest up and running [2919ms] 🚙🚙🚙
2026-08-11 03:04:40.890741 [WARN] auth:Auth       void module::ReservationHandler::load_reservations() :: Can not load reservations because no storage was configured.
2026-08-11 03:04:41.021747 [INFO] evse_manager:Ev  :: Ignoring BSP Event, BSP is not enabled yet.
2026-08-11 03:04:41.390625 [INFO] evse_security:E  :: Requesting leaf certificate info: V2G
2026-08-11 03:04:41.394665 [INFO] evse_security:E  :: Found valid leaf: ["/home/ahzf/everest/dist/etc/everest/certs/client/cso/CPO_CERT_CHAIN.pem"]
2026-08-11 03:04:41.394769 [INFO] evse_security:E  :: Not requiring all valid leafs, returning
2026-08-11 03:04:41.478284 [INFO] evse_security:E  :: Requesting certificate file: [V2G] file:"/home/ahzf/everest/dist/etc/everest/certs/ca/v2g/V2G_ROOT_CA.pem"
2026-08-11 03:04:41.522797 [INFO] evse_security:E  :: Requesting certificate file: [MO] file:"/home/ahzf/everest/dist/etc/everest/certs/ca/mo/MO_ROOT_CA.pem"
2026-08-11 03:04:41.565956 [INFO] iso15118_charge  :: Using ethernet interface: eth0
2026-08-11 03:04:41.566035 [INFO] iso15118_charge  :: Starting SDP server with address: ::
2026-08-11 03:04:41.877906 [INFO] evse_manager:Ev  :: Cleaning up any other transaction on start up
2026-08-11 03:04:42.010665 [INFO] evse_manager:Ev  :: 🌀🌀🌀 Ready to start charging 🌀🌀🌀
2026-08-11 03:04:50.129738 [INFO] ev_manager:EvMa  :: Finished simulation.
2026-08-11 03:04:55.824285 [INFO] iso15118_charge  :: Got SDP request from fe80::215:5dff:fe6b:3d4%eth0
2026-08-11 03:04:55.824740 [INFO] iso15118_charge  :: Created logfile at: /home/ahzf/everest/./260811_01-04-55.yaml
2026-08-11 03:04:56.694576 [INFO] evse_manager:Ev  :: SYS  Session logging started.
2026-08-11 03:04:56.694755 [INFO] evse_manager:Ev  :: EVSE IEC Session Started: EVConnected
2026-08-11 03:04:56.695873 [INFO] auth:Auth        :: Plug In event for evse#1, starting auth
2026-08-11 03:04:56.695839 [INFO] token_provider:  :: Publishing new dummy token: {
    "authorization_type": "RFID",
    "id_token": {
        "type": "ISO14443",
        "value": "[redacted] hash: CE55F71752B68164"
    },
    "parent_id_token": {
        "type": "ISO14443",
        "value": "[redacted] hash: CE55F71752B68164"
    }
}
2026-08-11 03:04:56.696822 [INFO] auth:Auth        :: Received new token: {
    "authorization_type": "RFID",
    "id_token": {
        "type": "ISO14443",
        "value": "[redacted] hash: CE55F71752B68164"
    },
    "parent_id_token": {
        "type": "ISO14443",
        "value": "[redacted] hash: CE55F71752B68164"
    }
}
2026-08-11 03:04:56.698314 [INFO] token_validator  :: Got validation request for token: [redacted] hash: CE55F71752B68164
2026-08-11 03:04:56.948679 [INFO] token_validator  :: Returning validation status: Accepted
2026-08-11 03:04:56.950456 [INFO] auth:Auth        :: Providing authorization to evse#1
2026-08-11 03:04:57.195692 [INFO] evse_manager:Ev  :: EVSE IEC Set PWM On (5.0%) took 0 ms
2026-08-11 03:04:57.340699 [INFO] evse_manager:Ev  :: EVSE IEC EIM Authorization received
2026-08-11 03:04:57.346086 [INFO] auth:Auth        :: Result for token: [redacted] hash: CE55F71752B68164: USED_TO_START_TRANSACTION
2026-08-11 03:04:57.396882 [INFO] evse_manager:Ev  :: EVSE IEC Transaction Started (0 kWh)
2026-08-11 03:04:57.398263 [INFO] evse_manager:Ev  :: EVSE IEC DC mode. We are in 5percent mode so we can continue without further action.
2026-08-11 03:04:57.398456 [INFO] evse_manager:Ev  :: EVSE IEC Charger state: Wait for Auth->PrepareCharging
2026-08-11 03:04:58.810097 [INFO] evse_manager:Ev  :: EVSE ISO D-LINK_READY (true)
2026-08-11 03:04:58.810096 [INFO] evse_manager:Ev  :: EVSE ISO SLAC MATCHED
2026-08-11 03:04:59.332306 [INFO] evse_manager:Ev  ::                                     CAR IEC Event CarRequestedPower
2026-08-11 03:05:14.078841 [INFO] iso15118_charge  :: Incoming connection from [fe80::215:5dff:fe6b:3d4%eth0]:55758
2026-08-11 03:05:14.089721 [INFO] evse_manager:Ev  ::                                     CAR ISO V2G SupportedAppProtocolReq
2026-08-11 03:05:14.094561 [INFO] iso15118_charge  :: Received session setup with evccid: EVCC01
2026-08-11 03:05:14.094916 [INFO] iso15118_charge  :: New session created with session_id: 0xCB, 0x58, 0x0C, 0x97, 0x7A, 0x43, 0x72, 0x91
2026-08-11 03:05:14.129927 [INFO] evse_manager:Ev  :: EVSE ISO V2G SupportedAppProtocolRes
2026-08-11 03:05:14.130229 [INFO] evse_manager:Ev  ::                                     CAR ISO V2G SessionSetupReq
2026-08-11 03:05:14.192790 [INFO] iso15118_charge  :: Timestamp: 1786410314
2026-08-11 03:05:14.234033 [INFO] evse_manager:Ev  :: EVSE ISO V2G SessionSetupRes
2026-08-11 03:05:14.234302 [INFO] evse_manager:Ev  ::                                     CAR ISO V2G AuthorizationSetupReq
2026-08-11 03:05:14.321791 [INFO] evse_manager:Ev  :: EVSE ISO V2G AuthorizationSetupRes
2026-08-11 03:05:14.322029 [INFO] evse_manager:Ev  ::                                     CAR ISO V2G AuthorizationReq
2026-08-11 03:05:14.386094 [INFO] evse_manager:Ev  :: EVSE ISO V2G AuthorizationRes
2026-08-11 03:05:14.386847 [INFO] evse_manager:Ev  ::                                     CAR ISO V2G ServiceDiscoveryReq
2026-08-11 03:05:14.486119 [INFO] evse_manager:Ev  :: EVSE ISO V2G ServiceDiscoveryRes
2026-08-11 03:05:14.488611 [INFO] iso15118_charge  :: Requested info about ServiceID: 2
2026-08-11 03:05:14.489221 [INFO] evse_manager:Ev  ::                                     CAR ISO V2G ServiceDetailReq
2026-08-11 03:05:14.586261 [INFO] evse_manager:Ev  :: EVSE ISO V2G ServiceDetailRes
2026-08-11 03:05:14.588214 [INFO] iso15118_charge  :: Selected DC service parameters: control mode: Scheduled, mobility needs mode: ProvidedByEvcc
2026-08-11 03:05:14.588777 [INFO] evse_manager:Ev  ::                                     CAR ISO V2G ServiceSelectionReq
2026-08-11 03:05:14.588885 [INFO] evse_manager:Ev  ::                                     CAR ISO EV selected service: DC
2026-08-11 03:05:14.686363 [INFO] evse_manager:Ev  :: EVSE ISO V2G ServiceSelectionRes
2026-08-11 03:05:14.688938 [INFO] iso15118_charge  :: Max charge current 200.000000A
2026-08-11 03:05:14.689507 [INFO] evse_manager:Ev  ::                                     CAR ISO V2G DcChargeParameterDiscoveryReq
2026-08-11 03:05:14.737901 [INFO] evse_manager:Ev  :: Received EV maximum limits: {
    "dc_ev_maximum_current_limit": 200.0,
    "dc_ev_maximum_power_limit": 50000.0,
    "dc_ev_maximum_voltage_limit": 500.0
}
2026-08-11 03:05:14.786507 [INFO] evse_manager:Ev  :: EVSE ISO V2G DcChargeParameterDiscoveryRes
2026-08-11 03:05:14.829762 [INFO] evse_manager:Ev  ::                                     CAR ISO V2G ScheduleExchangeReq
2026-08-11 03:05:14.886576 [INFO] evse_manager:Ev  :: EVSE ISO V2G ScheduleExchangeRes
2026-08-11 03:05:14.957787 [INFO] evse_manager:Ev  ::                                     CAR ISO V2G DcCableCheckReq
2026-08-11 03:05:14.958039 [INFO] evse_manager:Ev  :: EVSE ISO Start cable check...
2026-08-11 03:05:14.958172 [INFO] evse_manager:Ev  ::                                     CAR ISO DC HLC Close contactor (in CableCheck)
2026-08-11 03:05:15.013853 [INFO] evse_manager:Ev  :: EVSE ISO V2G DcCableCheckRes
2026-08-11 03:05:15.039278 [INFO] evse_manager:Ev  ::                                     CAR ISO V2G DcCableCheckReq
2026-08-11 03:05:15.097712 [INFO] evse_manager:Ev  :: EVSE ISO V2G DcCableCheckRes
2026-08-11 03:05:15.139992 [INFO] evse_manager:Ev  ::                                     CAR ISO V2G DcCableCheckReq
2026-08-11 03:05:15.165712 [INFO] evse_manager:Ev  :: EVSE IEC Event PowerOn
2026-08-11 03:05:15.210061 [INFO] evse_manager:Ev  :: EVSE ISO V2G DcCableCheckRes
2026-08-11 03:05:15.238459 [INFO] evse_manager:Ev  ::                                     CAR ISO V2G DcCableCheckReq
2026-08-11 03:05:15.258660 [INFO] evse_manager:Ev  :: EV reports 500 V as maximum voltage
2026-08-11 03:05:15.258986 [INFO] evse_manager:Ev  :: EVSE IEC DC power supply set: 500.00V/2.00A, requested was 500.00V/2.00A.
2026-08-11 03:05:15.301889 [INFO] evse_manager:Ev  :: CableCheck: Using 500 V
2026-08-11 03:05:15.301959 [INFO] evse_manager:Ev  :: EVSE ISO V2G DcCableCheckRes
2026-08-11 03:05:15.302040 [INFO] evse_manager:Ev  :: EVSE IEC DC power supply: switch ON called, ChargingPhase: CableCheck
2026-08-11 03:05:15.349782 [INFO] evse_manager:Ev  ::                                     CAR ISO V2G DcCableCheckReq
2026-08-11 03:05:15.350033 [INFO] powersupply_dc:  :: Set mode: Export ChargingPhase: CableCheck
2026-08-11 03:05:15.425683 [INFO] evse_manager:Ev  :: EVSE ISO V2G DcCableCheckRes
2026-08-11 03:05:15.439752 [INFO] evse_manager:Ev  ::                                     CAR ISO V2G DcCableCheckReq
2026-08-11 03:05:15.487070 [INFO] evse_manager:Ev  :: EVSE ISO V2G DcCableCheckRes
2026-08-11 03:05:15.557908 [INFO] evse_manager:Ev  ::                                     CAR ISO V2G DcCableCheckReq
2026-08-11 03:05:15.587188 [INFO] evse_manager:Ev  :: EVSE ISO V2G DcCableCheckRes
2026-08-11 03:05:15.638814 [INFO] evse_manager:Ev  ::                                     CAR ISO V2G DcCableCheckReq
2026-08-11 03:05:15.687264 [INFO] evse_manager:Ev  :: EVSE ISO V2G DcCableCheckRes
2026-08-11 03:05:15.739960 [INFO] evse_manager:Ev  ::                                     CAR ISO V2G DcCableCheckReq
2026-08-11 03:05:15.787354 [INFO] evse_manager:Ev  :: EVSE ISO V2G DcCableCheckRes
2026-08-11 03:05:15.833871 [INFO] evse_manager:Ev  :: CableCheck: IMD self test started.
2026-08-11 03:05:15.877712 [INFO] evse_manager:Ev  ::                                     CAR ISO V2G DcCableCheckReq
2026-08-11 03:05:15.921664 [INFO] evse_manager:Ev  :: EVSE ISO V2G DcCableCheckRes
2026-08-11 03:05:15.938838 [INFO] evse_manager:Ev  ::                                     CAR ISO V2G DcCableCheckReq
2026-08-11 03:05:15.987635 [INFO] evse_manager:Ev  :: EVSE ISO V2G DcCableCheckRes
2026-08-11 03:05:16.039895 [INFO] evse_manager:Ev  ::                                     CAR ISO V2G DcCableCheckReq
2026-08-11 03:05:16.087443 [INFO] evse_manager:Ev  :: EVSE ISO V2G DcCableCheckRes
2026-08-11 03:05:16.106600 [INFO] evse_manager:Ev  :: EVSE ISO Change HLC Limits: 22080W/200A, target_voltage 0, actual_voltage 500, bpt_active false
2026-08-11 03:05:16.153879 [INFO] evse_manager:Ev  ::                                     CAR ISO V2G DcCableCheckReq
2026-08-11 03:05:16.197747 [INFO] evse_manager:Ev  :: EVSE ISO V2G DcCableCheckRes
2026-08-11 03:05:16.241633 [INFO] evse_manager:Ev  ::                                     CAR ISO V2G DcCableCheckReq
2026-08-11 03:05:16.287628 [INFO] evse_manager:Ev  :: EVSE ISO V2G DcCableCheckRes
2026-08-11 03:05:16.381892 [INFO] evse_manager:Ev  ::                                     CAR ISO V2G DcCableCheckReq
2026-08-11 03:05:16.387517 [INFO] evse_manager:Ev  :: EVSE ISO V2G DcCableCheckRes
2026-08-11 03:05:16.469735 [INFO] evse_manager:Ev  ::                                     CAR ISO V2G DcCableCheckReq
2026-08-11 03:05:16.487789 [INFO] evse_manager:Ev  :: EVSE ISO V2G DcCableCheckRes
2026-08-11 03:05:16.557809 [INFO] evse_manager:Ev  ::                                     CAR ISO V2G DcCableCheckReq
2026-08-11 03:05:16.587742 [INFO] evse_manager:Ev  :: EVSE ISO V2G DcCableCheckRes
2026-08-11 03:05:16.639647 [INFO] evse_manager:Ev  ::                                     CAR ISO V2G DcCableCheckReq
2026-08-11 03:05:16.687917 [INFO] evse_manager:Ev  :: EVSE ISO V2G DcCableCheckRes
2026-08-11 03:05:16.738598 [INFO] evse_manager:Ev  ::                                     CAR ISO V2G DcCableCheckReq
2026-08-11 03:05:16.788021 [INFO] evse_manager:Ev  :: EVSE ISO V2G DcCableCheckRes
2026-08-11 03:05:16.877744 [INFO] evse_manager:Ev  ::                                     CAR ISO V2G DcCableCheckReq
2026-08-11 03:05:16.887999 [INFO] evse_manager:Ev  :: EVSE ISO V2G DcCableCheckRes
2026-08-11 03:05:16.969695 [INFO] evse_manager:Ev  ::                                     CAR ISO V2G DcCableCheckReq
2026-08-11 03:05:16.988250 [INFO] evse_manager:Ev  :: EVSE ISO V2G DcCableCheckRes
2026-08-11 03:05:17.039102 [INFO] evse_manager:Ev  ::                                     CAR ISO V2G DcCableCheckReq
2026-08-11 03:05:17.088197 [INFO] evse_manager:Ev  :: EVSE ISO V2G DcCableCheckRes
2026-08-11 03:05:17.139674 [INFO] evse_manager:Ev  ::                                     CAR ISO V2G DcCableCheckReq
2026-08-11 03:05:17.188151 [INFO] evse_manager:Ev  :: EVSE ISO V2G DcCableCheckRes
2026-08-11 03:05:17.249912 [INFO] evse_manager:Ev  ::                                     CAR ISO V2G DcCableCheckReq
2026-08-11 03:05:17.288291 [INFO] evse_manager:Ev  :: EVSE ISO V2G DcCableCheckRes
2026-08-11 03:05:17.377806 [INFO] evse_manager:Ev  ::                                     CAR ISO V2G DcCableCheckReq
2026-08-11 03:05:17.425750 [INFO] evse_manager:Ev  :: EVSE ISO V2G DcCableCheckRes
2026-08-11 03:05:17.469761 [INFO] evse_manager:Ev  ::                                     CAR ISO V2G DcCableCheckReq
2026-08-11 03:05:17.488486 [INFO] evse_manager:Ev  :: EVSE ISO V2G DcCableCheckRes
2026-08-11 03:05:17.557785 [INFO] evse_manager:Ev  ::                                     CAR ISO V2G DcCableCheckReq
2026-08-11 03:05:17.588574 [INFO] evse_manager:Ev  :: EVSE ISO V2G DcCableCheckRes
2026-08-11 03:05:17.639544 [INFO] evse_manager:Ev  ::                                     CAR ISO V2G DcCableCheckReq
2026-08-11 03:05:17.688572 [INFO] evse_manager:Ev  :: EVSE ISO V2G DcCableCheckRes
2026-08-11 03:05:17.740312 [INFO] evse_manager:Ev  ::                                     CAR ISO V2G DcCableCheckReq
2026-08-11 03:05:17.788598 [INFO] evse_manager:Ev  :: EVSE ISO V2G DcCableCheckRes
2026-08-11 03:05:17.877811 [INFO] evse_manager:Ev  ::                                     CAR ISO V2G DcCableCheckReq
2026-08-11 03:05:17.888686 [INFO] evse_manager:Ev  :: EVSE ISO V2G DcCableCheckRes
2026-08-11 03:05:17.973980 [INFO] evse_manager:Ev  ::                                     CAR ISO V2G DcCableCheckReq
2026-08-11 03:05:17.988877 [INFO] evse_manager:Ev  :: EVSE ISO V2G DcCableCheckRes
2026-08-11 03:05:18.040173 [INFO] evse_manager:Ev  ::                                     CAR ISO V2G DcCableCheckReq
2026-08-11 03:05:18.089084 [INFO] evse_manager:Ev  :: EVSE ISO V2G DcCableCheckRes
2026-08-11 03:05:18.138663 [INFO] evse_manager:Ev  ::                                     CAR ISO V2G DcCableCheckReq
2026-08-11 03:05:18.188921 [INFO] evse_manager:Ev  :: EVSE ISO V2G DcCableCheckRes
2026-08-11 03:05:18.239241 [INFO] evse_manager:Ev  ::                                     CAR ISO V2G DcCableCheckReq
2026-08-11 03:05:18.301835 [INFO] evse_manager:Ev  :: EVSE ISO V2G DcCableCheckRes
2026-08-11 03:05:18.393745 [INFO] evse_manager:Ev  ::                                     CAR ISO V2G DcCableCheckReq
2026-08-11 03:05:18.394089 [INFO] evse_manager:Ev  :: EVSE ISO V2G DcCableCheckRes
2026-08-11 03:05:18.477752 [INFO] evse_manager:Ev  ::                                     CAR ISO V2G DcCableCheckReq
2026-08-11 03:05:18.489066 [INFO] evse_manager:Ev  :: EVSE ISO V2G DcCableCheckRes
2026-08-11 03:05:18.557678 [INFO] evse_manager:Ev  ::                                     CAR ISO V2G DcCableCheckReq
2026-08-11 03:05:18.589090 [INFO] evse_manager:Ev  :: EVSE ISO V2G DcCableCheckRes
2026-08-11 03:05:18.639810 [INFO] evse_manager:Ev  ::                                     CAR ISO V2G DcCableCheckReq
2026-08-11 03:05:18.689394 [INFO] evse_manager:Ev  :: EVSE ISO V2G DcCableCheckRes
2026-08-11 03:05:18.740361 [INFO] evse_manager:Ev  ::                                     CAR ISO V2G DcCableCheckReq
2026-08-11 03:05:18.789311 [INFO] evse_manager:Ev  :: EVSE ISO V2G DcCableCheckRes
2026-08-11 03:05:18.833840 [INFO] evse_manager:Ev  :: EVSE IEC Isolation monitor self test result: true
2026-08-11 03:05:18.841658 [INFO] imd:IMDSimulato  :: Started simulated isolation monitoring with 1000 ms interval
2026-08-11 03:05:18.877832 [INFO] evse_manager:Ev  :: CableCheck: Waiting for 1 isolation measurement sample(s)
2026-08-11 03:05:18.877861 [INFO] evse_manager:Ev  ::                                     CAR ISO V2G DcCableCheckReq
2026-08-11 03:05:18.877960 [INFO] evse_manager:Ev  :: EVSE IEC Isolation measurement Ok R_F 900000.
2026-08-11 03:05:18.921913 [INFO] evse_manager:Ev  :: EVSE IEC DC power supply OFF
2026-08-11 03:05:18.923041 [INFO] powersupply_dc:  :: Set mode: Off ChargingPhase: CableCheck
2026-08-11 03:05:18.965796 [INFO] evse_manager:Ev  :: EVSE ISO V2G DcCableCheckRes
2026-08-11 03:05:18.966064 [INFO] evse_manager:Ev  ::                                     CAR ISO V2G DcCableCheckReq
2026-08-11 03:05:19.013763 [INFO] evse_manager:Ev  :: EVSE ISO V2G DcCableCheckRes
2026-08-11 03:05:19.040102 [INFO] evse_manager:Ev  ::                                     CAR ISO V2G DcCableCheckReq
2026-08-11 03:05:19.089611 [INFO] evse_manager:Ev  :: EVSE ISO V2G DcCableCheckRes
2026-08-11 03:05:19.140242 [INFO] evse_manager:Ev  ::                                     CAR ISO V2G DcCableCheckReq
2026-08-11 03:05:19.189688 [INFO] evse_manager:Ev  :: EVSE ISO V2G DcCableCheckRes
2026-08-11 03:05:19.238669 [INFO] evse_manager:Ev  ::                                     CAR ISO V2G DcCableCheckReq
2026-08-11 03:05:19.289802 [INFO] evse_manager:Ev  :: EVSE ISO V2G DcCableCheckRes
2026-08-11 03:05:19.291823 [INFO] evse_manager:Ev  :: CableCheck done, output is below 60V
2026-08-11 03:05:19.335458 [INFO] evse_manager:Ev  :: EVSE ISO Change HLC Limits: 22080W/200A, target_voltage 0, actual_voltage 0, bpt_active false
2026-08-11 03:05:19.381806 [INFO] evse_manager:Ev  ::                                     CAR ISO V2G DcCableCheckReq
2026-08-11 03:05:19.425801 [INFO] evse_manager:Ev  :: EVSE ISO V2G DcCableCheckRes
2026-08-11 03:05:19.426039 [INFO] evse_manager:Ev  ::                                     CAR ISO V2G DcPreChargeReq
2026-08-11 03:05:19.433961 [INFO] evse_manager:Ev  :: EVSE IEC DC power supply set: 400.00V/1.00A, requested was 400.00V/0.00A.
2026-08-11 03:05:19.477847 [INFO] evse_manager:Ev  :: EVSE IEC DC power supply: switch ON called, ChargingPhase: PreCharge
2026-08-11 03:05:19.479069 [INFO] powersupply_dc:  :: Set mode: Export ChargingPhase: PreCharge
2026-08-11 03:05:19.517446 [INFO] evse_manager:Ev  :: EVSE ISO V2G DcPreChargeRes
2026-08-11 03:05:19.517741 [INFO] evse_manager:Ev  ::                                     CAR ISO V2G PowerDeliveryReq
2026-08-11 03:05:19.590008 [INFO] evse_manager:Ev  :: EVSE ISO V2G PowerDeliveryRes
2026-08-11 03:05:19.593280 [INFO] evse_manager:Ev  :: EVSE IEC DC power supply: switch ON in export mode
2026-08-11 03:05:19.593284 [INFO] evse_manager:Ev  ::                                     CAR ISO V2G DcChargeLoopReq
2026-08-11 03:05:19.594581 [INFO] powersupply_dc:  :: Set mode: Export ChargingPhase: Charging
2026-08-11 03:05:19.641901 [INFO] evse_manager:Ev  :: EVSE IEC DC power supply set: 400.00V/1.20A, requested was 400.00V/1.20A.
2026-08-11 03:05:19.641901 [INFO] evse_manager:Ev  :: EVSE IEC DC power supply set: 400.00V/1.00A, requested was 400.00V/0.00A.
2026-08-11 03:05:19.685775 [INFO] evse_manager:Ev  :: VoltagePlausibilityMonitor, start monitoring
2026-08-11 03:05:19.729721 [INFO] evse_manager:Ev  :: EVSE ISO V2G DcChargeLoopRes
2026-08-11 03:05:19.743101 [INFO] evse_manager:Ev  ::                                     CAR ISO V2G DcChargeLoopReq
2026-08-11 03:05:19.743221 [INFO] evse_manager:Ev  :: EVSE IEC DC power supply set: 400.00V/3.73A, requested was 400.00V/3.73A.
2026-08-11 03:05:19.772878 [INFO] evse_manager:Ev  :: EVSE IEC Charger state: PrepareCharging->Charging
2026-08-11 03:05:19.773898 [INFO] evse_manager:Ev  :: Timing statistics (Plugin to CurrentDemand)
2026-08-11 03:05:19.773921 [INFO] evse_manager:Ev  :: -------------------------------------------
2026-08-11 03:05:19.773928 [INFO] evse_manager:Ev  :: ConnSetup | HLC_PWM_5%_ON: 631 ms | D-LINK_READY: 1635 ms | Auth EIM Done: 15448 ms | Total: 18352 ms
2026-08-11 03:05:19.773935 [INFO] evse_manager:Ev  :: CableCheck | <60V: 0 ms | Relay On: 300 ms | EVInfo: 0 ms | VRampUp: 529 ms | Self test: 3045 ms | Measure: 43 ms | VRampDown: 413 ms | Total: 4376 ms
2026-08-11 03:05:19.773940 [INFO] evse_manager:Ev  :: PrepareCharging | Charging started: 439 ms | Total: 439 ms
2026-08-11 03:05:19.773946 [INFO] evse_manager:Ev  :: Total duration all phases: 23167 ms
2026-08-11 03:05:19.821784 [INFO] evse_manager:Ev  :: EVSE ISO V2G DcChargeLoopRes
2026-08-11 03:05:19.865810 [INFO] evse_manager:Ev  ::                                     CAR ISO V2G DcChargeLoopReq
2026-08-11 03:05:19.865844 [INFO] evse_manager:Ev  :: EVSE IEC DC power supply set: 400.00V/6.78A, requested was 400.00V/6.78A.
2026-08-11 03:05:19.866057 [INFO] evse_manager:Ev  :: EVSE IEC Isolation measurement Ok R_F 900000.
2026-08-11 03:05:19.913733 [WARN] evse_manager:Ev void module::EvseManager::process_dc_ev_target_voltage_current(const types::iso15118::DcEvseMaximumLimits&) :: EV ignores new EVSE max limits. Setting target current to new EVSE max limits
2026-08-11 03:05:19.913956 [INFO] evse_manager:Ev  :: EVSE ISO V2G DcChargeLoopRes
2026-08-11 03:05:19.957826 [INFO] evse_manager:Ev  ::                                     CAR ISO V2G PowerDeliveryReq
2026-08-11 03:05:19.957895 [INFO] evse_manager:Ev  :: VoltagePlausibilityMonitor, stop monitoring
2026-08-11 03:05:19.957977 [INFO] evse_manager:Ev  :: EVSE IEC DC power supply OFF
2026-08-11 03:05:19.958918 [INFO] powersupply_dc:  :: Set mode: Off ChargingPhase: Charging
2026-08-11 03:05:20.001837 [INFO] evse_manager:Ev  :: EVSE ISO V2G PowerDeliveryRes
2026-08-11 03:05:20.002082 [INFO] evse_manager:Ev  ::                                     CAR ISO V2G DcWeldingDetectionReq
2026-08-11 03:05:20.002598 [INFO] imd:IMDSimulato  :: Stopped simulated isolation monitoring
2026-08-11 03:05:20.090388 [INFO] evse_manager:Ev  :: EVSE ISO V2G DcWeldingDetectionRes
2026-08-11 03:05:20.091356 [INFO] evse_manager:Ev  ::                                     CAR ISO V2G SessionStopReq
2026-08-11 03:05:20.190216 [INFO] evse_manager:Ev  :: EVSE ISO V2G SessionStopRes
