[2026-08-09 00:56:24,786] INFO (physical_interface): 61851 state set to B.
[2026-08-09 00:56:24,787] INFO (start_ev): Starting EV.
[2026-08-09 00:56:24,787] INFO (physical_interface): Current duty cycle is 100.
[2026-08-09 00:56:24,787] INFO (start_ev): Duty cycle is different from 5%.
[2026-08-09 00:56:24,787] INFO (physical_interface): Duty cycle set to 5.
[2026-08-09 00:56:24,787] INFO (physical_interface): Current duty cycle is 5.
[2026-08-09 00:56:24,795] INFO (udp_client): Starting UDP client.
[2026-08-09 00:56:24,796] INFO (udp_client): Attempting to connect to ('ff02::1', 15118, 0, 0).
[2026-08-09 00:56:24,796] INFO (udp_client): Sent SECC discovery request. 0
[2026-08-09 00:56:24,796] INFO (udp_client): Received response from ('fe80::42:acff:fe1e:2', 15118, 0, 20).
[2026-08-09 00:56:24,796] INFO (message_handling): Message is valid.
[2026-08-09 00:56:24,796] INFO (udp_client): TCP server is reachable at (fe80::42:acff:fe1e:2, 15118).
[2026-08-09 00:56:24,796] INFO (udp_client): Closing connection.
[2026-08-09 00:56:24,797] INFO (tcp_client): Starting TCP client.
[2026-08-09 00:56:24,930] INFO (tcp_client): Connection made with ('fe80::42:acff:fe1e:2', 15118, 0, 20). Starting new communication session.
[2026-08-09 00:56:24,930] INFO (tcp_client): 


 TLS Session established: TLS Version: TLSv1.3
 Cipher suite: TLS_AES_256_GCM_SHA384



[2026-08-09 00:56:24,931] INFO (message_handling): Supported App Protocol message to be encoded
[2026-08-09 00:56:24,931] INFO (message_handling): Message is valid against Schema XSD
[2026-08-09 00:56:24,940] INFO (tcp_client): Sent SupportedAppProtocolReq.
[2026-08-09 00:56:25,048] INFO (tcp_client): Received response from ('fe80::42:acff:fe1e:2', 15118, 0, 20).
[2026-08-09 00:56:25,048] INFO (message_handling): Message is valid.
[2026-08-09 00:56:25,048] INFO (tcp_client): Payload type: 32769
[2026-08-09 00:56:25,048] DEBUG (tcp_client): Received EXI msg to be decoded: 8040 0040 (tcp_client.py:118)
[2026-08-09 00:56:25,048] INFO (message_handling): Supported App Protocol message to be decoded
[2026-08-09 00:56:25,096] INFO (tcp_client): Message successfully decoded <?xml version="1.0" encoding="UTF-8"?><s0:supportedAppProtocolRes xmlns:s0="urn:iso:15118:2:2010:AppProtocol" xmlns:xsi="http://www.w3.org/2001/XMLSchema-instance" xmlns:xsd="http://www.w3.org/2001/XMLSchema"><ResponseCode>OK_SuccessfulNegotiation</ResponseCode><SchemaID>1</SchemaID></s0:supportedAppProtocolRes>
[2026-08-09 00:56:25,113] INFO (tcp_client): Received SupportedAppProtocolRes.
[2026-08-09 00:56:25,114] INFO (wait_for_supported_app_protocol_response): Successful negotiation.
[2026-08-09 00:56:25,140] DEBUG (tcp_client): XML message to be sent: <?xml version="1.0" encoding="UTF-8"?>
<ns0:SessionSetupReq xmlns:ns0="urn:iso:std:iso:15118:-20:CommonMessages">
  <ns1:Header xmlns:ns1="urn:iso:std:iso:15118:-20:CommonTypes">
    <ns1:SessionID>3030303030303030</ns1:SessionID>
    <ns1:TimeStamp>1786236985</ns1:TimeStamp>
  </ns1:Header>
  <ns0:EVCCID>EDFVFR123456789ZZZZ8</ns0:EVCCID>
</ns0:SessionSetupReq>
 (tcp_client.py:162)
[2026-08-09 00:56:25,169] INFO (message_handling): Common message to be encoded
[2026-08-09 00:56:25,170] INFO (message_handling): Message is valid against Schema XSD
[2026-08-09 00:56:25,172] DEBUG (tcp_client): Encoded EXI message: 808C0418181818181818180B9A0DFD30620B22A 2232B23291899199A1A9B1B9C1CAD2D2D2D1C00 (tcp_client.py:174)
[2026-08-09 00:56:25,172] INFO (tcp_client): Sent SessionSetupReq.
[2026-08-09 00:56:25,186] INFO (tcp_client): Received response from ('fe80::42:acff:fe1e:2', 15118, 0, 20).
[2026-08-09 00:56:25,187] INFO (message_handling): Message is valid.
[2026-08-09 00:56:25,187] INFO (tcp_client): Payload type: 32770
[2026-08-09 00:56:25,187] DEBUG (tcp_client): Received EXI msg to be decoded: 8090040A748D1D14E2250E8B9A0DF D30620402D1114A905090CA914C40 (tcp_client.py:118)
[2026-08-09 00:56:25,187] INFO (message_handling): Common message to be decoded
[2026-08-09 00:56:25,188] INFO (tcp_client): Message successfully decoded <?xml version="1.0" encoding="UTF-8"?><s1:SessionSetupRes xmlns:s1="urn:iso:std:iso:15118:-20:CommonMessages" xmlns:xsi="http://www.w3.org/2001/XMLSchema-instance" xmlns:xsd="http://www.w3.org/2001/XMLSchema" xmlns:s0="http://www.w3.org/2000/09/xmldsig#" xmlns:s2="urn:iso:std:iso:15118:-20:CommonTypes"><s2:Header><s2:SessionID>14E91A3A29C44A1D</s2:SessionID><s2:TimeStamp>1786236985</s2:TimeStamp></s2:Header><s2:ResponseCode>OK_NewSessionEstablished</s2:ResponseCode><s1:EVSEID>DE*ABC*E1</s1:EVSEID></s1:SessionSetupRes>
[2026-08-09 00:56:25,190] INFO (tcp_client): Received SessionSetupRes.
[2026-08-09 00:56:25,190] INFO (wait_for_session_setup_response): Negotiated session id is: b'\x14\xe9\x1a:)\xc4J\x1d'.
[2026-08-09 00:56:25,190] DEBUG (tcp_client): XML message to be sent: <?xml version="1.0" encoding="UTF-8"?>
<ns0:AuthorizationSetupReq xmlns:ns0="urn:iso:std:iso:15118:-20:CommonMessages">
  <ns1:Header xmlns:ns1="urn:iso:std:iso:15118:-20:CommonTypes">
    <ns1:SessionID>14E91A3A29C44A1D</ns1:SessionID>
    <ns1:TimeStamp>1786236985</ns1:TimeStamp>
  </ns1:Header>
</ns0:AuthorizationSetupReq>
 (tcp_client.py:162)
[2026-08-09 00:56:25,190] INFO (message_handling): Common message to be encoded
[2026-08-09 00:56:25,190] INFO (message_handling): Message is valid against Schema XSD
[2026-08-09 00:56:25,192] DEBUG (tcp_client): Encoded EXI message: 8008040A748D1D14E 2250E8B9A0DFD3062 (tcp_client.py:174)
[2026-08-09 00:56:25,192] INFO (tcp_client): Sent AuthorizationSetupReq.
[2026-08-09 00:56:25,194] INFO (tcp_client): Received response from ('fe80::42:acff:fe1e:2', 15118, 0, 20).
[2026-08-09 00:56:25,194] INFO (message_handling): Message is valid.
[2026-08-09 00:56:25,194] INFO (tcp_client): Payload type: 32770
[2026-08-09 00:56:25,194] DEBUG (tcp_client): Received EXI msg to be decoded: 800C040A748D1D14E225 0E8B9A0DFD3062000400 (tcp_client.py:118)
[2026-08-09 00:56:25,194] INFO (message_handling): Common message to be decoded
[2026-08-09 00:56:25,195] INFO (tcp_client): Message successfully decoded <?xml version="1.0" encoding="UTF-8"?><s1:AuthorizationSetupRes xmlns:s1="urn:iso:std:iso:15118:-20:CommonMessages" xmlns:xsi="http://www.w3.org/2001/XMLSchema-instance" xmlns:xsd="http://www.w3.org/2001/XMLSchema" xmlns:s0="http://www.w3.org/2000/09/xmldsig#" xmlns:s2="urn:iso:std:iso:15118:-20:CommonTypes"><s2:Header><s2:SessionID>14E91A3A29C44A1D</s2:SessionID><s2:TimeStamp>1786236985</s2:TimeStamp></s2:Header><s2:ResponseCode>OK</s2:ResponseCode><s1:AuthorizationServices>EIM</s1:AuthorizationServices><s1:CertificateInstallationService>false</s1:CertificateInstallationService><s1:EIM_ASResAuthorizationMode/></s1:AuthorizationSetupRes>
[2026-08-09 00:56:25,195] INFO (tcp_client): Received AuthorizationSetupRes.
[2026-08-09 00:56:25,196] DEBUG (tcp_client): XML message to be sent: <?xml version="1.0" encoding="UTF-8"?>
<ns0:AuthorizationReq xmlns:ns0="urn:iso:std:iso:15118:-20:CommonMessages">
  <ns1:Header xmlns:ns1="urn:iso:std:iso:15118:-20:CommonTypes">
    <ns1:SessionID>14E91A3A29C44A1D</ns1:SessionID>
    <ns1:TimeStamp>1786236985</ns1:TimeStamp>
  </ns1:Header>
  <ns0:SelectedAuthorizationService>EIM</ns0:SelectedAuthorizationService>
  <ns0:EIM_AReqAuthorizationMode/>
</ns0:AuthorizationReq>
 (tcp_client.py:162)
[2026-08-09 00:56:25,196] INFO (message_handling): Common message to be encoded
[2026-08-09 00:56:25,196] INFO (message_handling): Message is valid against Schema XSD
[2026-08-09 00:56:25,197] DEBUG (tcp_client): Encoded EXI message: 8000040A748D1D14E2 250E8B9A0DFD306200 (tcp_client.py:174)
[2026-08-09 00:56:25,198] INFO (tcp_client): Sent AuthorizationReq.
[2026-08-09 00:56:25,199] INFO (tcp_client): Received response from ('fe80::42:acff:fe1e:2', 15118, 0, 20).
[2026-08-09 00:56:25,199] INFO (message_handling): Message is valid.
[2026-08-09 00:56:25,199] INFO (tcp_client): Payload type: 32770
[2026-08-09 00:56:25,199] DEBUG (tcp_client): Received EXI msg to be decoded: 8004040A748D1D14E22 50E8B9A0DFD30620000 (tcp_client.py:118)
[2026-08-09 00:56:25,199] INFO (message_handling): Common message to be decoded
[2026-08-09 00:56:25,200] INFO (tcp_client): Message successfully decoded <?xml version="1.0" encoding="UTF-8"?><s1:AuthorizationRes xmlns:s1="urn:iso:std:iso:15118:-20:CommonMessages" xmlns:xsi="http://www.w3.org/2001/XMLSchema-instance" xmlns:xsd="http://www.w3.org/2001/XMLSchema" xmlns:s0="http://www.w3.org/2000/09/xmldsig#" xmlns:s2="urn:iso:std:iso:15118:-20:CommonTypes"><s2:Header><s2:SessionID>14E91A3A29C44A1D</s2:SessionID><s2:TimeStamp>1786236985</s2:TimeStamp></s2:Header><s2:ResponseCode>OK</s2:ResponseCode><s1:EVSEProcessing>Finished</s1:EVSEProcessing></s1:AuthorizationRes>
[2026-08-09 00:56:25,200] INFO (tcp_client): Received AuthorizationRes.
[2026-08-09 00:56:25,201] DEBUG (tcp_client): XML message to be sent: <?xml version="1.0" encoding="UTF-8"?>
<ns0:ServiceDiscoveryReq xmlns:ns0="urn:iso:std:iso:15118:-20:CommonMessages">
  <ns1:Header xmlns:ns1="urn:iso:std:iso:15118:-20:CommonTypes">
    <ns1:SessionID>14E91A3A29C44A1D</ns1:SessionID>
    <ns1:TimeStamp>1786236985</ns1:TimeStamp>
  </ns1:Header>
  <ns0:SupportedServiceIDs>
    <ns0:ServiceID>2</ns0:ServiceID>
    <ns0:ServiceID>6</ns0:ServiceID>
  </ns0:SupportedServiceIDs>
</ns0:ServiceDiscoveryReq>
 (tcp_client.py:162)
[2026-08-09 00:56:25,201] INFO (message_handling): Common message to be encoded
[2026-08-09 00:56:25,201] INFO (message_handling): Message is valid against Schema XSD
[2026-08-09 00:56:25,203] DEBUG (tcp_client): Encoded EXI message: 807C040A748D1D14E2250 E8B9A0DFD306200400C40 (tcp_client.py:174)
[2026-08-09 00:56:25,203] INFO (tcp_client): Sent ServiceDiscoveryReq.
[2026-08-09 00:56:25,207] INFO (tcp_client): Received response from ('fe80::42:acff:fe1e:2', 15118, 0, 20).
[2026-08-09 00:56:25,207] INFO (message_handling): Message is valid.
[2026-08-09 00:56:25,207] INFO (tcp_client): Payload type: 32770
[2026-08-09 00:56:25,207] DEBUG (tcp_client): Received EXI msg to be decoded: 8080040A748D1D14E2250E8B 9A0DFD306200200210018450 (tcp_client.py:118)
[2026-08-09 00:56:25,207] INFO (message_handling): Common message to be decoded
[2026-08-09 00:56:25,208] INFO (tcp_client): Message successfully decoded <?xml version="1.0" encoding="UTF-8"?><s1:ServiceDiscoveryRes xmlns:s1="urn:iso:std:iso:15118:-20:CommonMessages" xmlns:xsi="http://www.w3.org/2001/XMLSchema-instance" xmlns:xsd="http://www.w3.org/2001/XMLSchema" xmlns:s0="http://www.w3.org/2000/09/xmldsig#" xmlns:s2="urn:iso:std:iso:15118:-20:CommonTypes"><s2:Header><s2:SessionID>14E91A3A29C44A1D</s2:SessionID><s2:TimeStamp>1786236985</s2:TimeStamp></s2:Header><s2:ResponseCode>OK</s2:ResponseCode><s1:ServiceRenegotiationSupported>true</s1:ServiceRenegotiationSupported><s1:EnergyTransferServiceList><s1:Service><s1:ServiceID>2</s1:ServiceID><s1:FreeService>true</s1:FreeService></s1:Service><s1:Service><s1:ServiceID>6</s1:ServiceID><s1:FreeService>true</s1:FreeService></s1:Service></s1:EnergyTransferServiceList></s1:ServiceDiscoveryRes>
[2026-08-09 00:56:25,209] INFO (tcp_client): Received ServiceDiscoveryRes.
[2026-08-09 00:56:25,209] DEBUG (tcp_client): XML message to be sent: <?xml version="1.0" encoding="UTF-8"?>
<ns0:ServiceDetailReq xmlns:ns0="urn:iso:std:iso:15118:-20:CommonMessages">
  <ns1:Header xmlns:ns1="urn:iso:std:iso:15118:-20:CommonTypes">
    <ns1:SessionID>14E91A3A29C44A1D</ns1:SessionID>
    <ns1:TimeStamp>1786236985</ns1:TimeStamp>
  </ns1:Header>
  <ns0:ServiceID>6</ns0:ServiceID>
</ns0:ServiceDetailReq>
 (tcp_client.py:162)
[2026-08-09 00:56:25,209] INFO (message_handling): Common message to be encoded
[2026-08-09 00:56:25,210] INFO (message_handling): Message is valid against Schema XSD
[2026-08-09 00:56:25,211] DEBUG (tcp_client): Encoded EXI message: 8074040A748D1D14E22 50E8B9A0DFD30620300 (tcp_client.py:174)
[2026-08-09 00:56:25,211] INFO (tcp_client): Sent ServiceDetailReq.
[2026-08-09 00:56:25,214] INFO (tcp_client): Received response from ('fe80::42:acff:fe1e:2', 15118, 0, 20).
[2026-08-09 00:56:25,214] INFO (message_handling): Message is valid.
[2026-08-09 00:56:25,214] INFO (tcp_client): Payload type: 32770
[2026-08-09 00:56:25,214] DEBUG (tcp_client): Received EXI msg to be decoded: 8078040A748D1D14E2250E8B9A0DFD30620001800402D0DBDB9B9958DD1BDC980200D436F6E74726F6C4D6F6465601004D35BD89A5B1A5D1E539959591CD35BD9195802009 50726963696E67600080080B436F6E6E6563746F7260080350DBDB9D1C9BDB135BD91958020134D6F62696C6974794E656564734D6F6465600802541C9A58DA5B99D800280 (tcp_client.py:118)
[2026-08-09 00:56:25,214] INFO (message_handling): Common message to be decoded
[2026-08-09 00:56:25,216] INFO (tcp_client): Message successfully decoded <?xml version="1.0" encoding="UTF-8"?><s1:ServiceDetailRes xmlns:s1="urn:iso:std:iso:15118:-20:CommonMessages" xmlns:xsi="http://www.w3.org/2001/XMLSchema-instance" xmlns:xsd="http://www.w3.org/2001/XMLSchema" xmlns:s0="http://www.w3.org/2000/09/xmldsig#" xmlns:s2="urn:iso:std:iso:15118:-20:CommonTypes"><s2:Header><s2:SessionID>14E91A3A29C44A1D</s2:SessionID><s2:TimeStamp>1786236985</s2:TimeStamp></s2:Header><s2:ResponseCode>OK</s2:ResponseCode><s1:ServiceID>6</s1:ServiceID><s1:ServiceParameterList><s1:ParameterSet><s1:ParameterSetID>2</s1:ParameterSetID><s1:Parameter s1:Name="Connector"><s1:intValue>1</s1:intValue></s1:Parameter><s1:Parameter s1:Name="ControlMode"><s1:intValue>2</s1:intValue></s1:Parameter><s1:Parameter s1:Name="MobilityNeedsMode"><s1:intValue>1</s1:intValue></s1:Parameter><s1:Parameter s1:Name="Pricing"><s1:intValue>0</s1:intValue></s1:Parameter></s1:ParameterSet><s1:ParameterSet><s1:ParameterSetID>1</s1:ParameterSetID><s1:Parameter s1:Name="Connector"><s1:intValue>1</s1:intValue></s1:Parameter><s1:Parameter s1:Name="ControlMode"><s1:intValue>1</s1:intValue></s1:Parameter><s1:Parameter s1:Name="MobilityNeedsMode"><s1:intValue>1</s1:intValue></s1:Parameter><s1:Parameter s1:Name="Pricing"><s1:intValue>0</s1:intValue></s1:Parameter></s1:ParameterSet></s1:ServiceParameterList></s1:ServiceDetailRes>
[2026-08-09 00:56:25,218] INFO (tcp_client): Received ServiceDetailRes.
[2026-08-09 00:56:25,219] DEBUG (tcp_client): XML message to be sent: <?xml version="1.0" encoding="UTF-8"?>
<ns0:ServiceSelectionReq xmlns:ns0="urn:iso:std:iso:15118:-20:CommonMessages">
  <ns1:Header xmlns:ns1="urn:iso:std:iso:15118:-20:CommonTypes">
    <ns1:SessionID>14E91A3A29C44A1D</ns1:SessionID>
    <ns1:TimeStamp>1786236985</ns1:TimeStamp>
  </ns1:Header>
  <ns0:SelectedEnergyTransferService>
    <ns0:ServiceID>6</ns0:ServiceID>
    <ns0:ParameterSetID>1</ns0:ParameterSetID>
  </ns0:SelectedEnergyTransferService>
</ns0:ServiceSelectionReq>
 (tcp_client.py:162)
[2026-08-09 00:56:25,219] INFO (message_handling): Common message to be encoded
[2026-08-09 00:56:25,219] INFO (message_handling): Message is valid against Schema XSD
[2026-08-09 00:56:25,221] DEBUG (tcp_client): Encoded EXI message: 8084040A748D1D14E2250 E8B9A0DFD306201800880 (tcp_client.py:174)
[2026-08-09 00:56:25,222] INFO (tcp_client): Sent ServiceSelectionReq.
[2026-08-09 00:56:25,223] INFO (tcp_client): Received response from ('fe80::42:acff:fe1e:2', 15118, 0, 20).
[2026-08-09 00:56:25,224] INFO (message_handling): Message is valid.
[2026-08-09 00:56:25,224] INFO (tcp_client): Payload type: 32770
[2026-08-09 00:56:25,224] DEBUG (tcp_client): Received EXI msg to be decoded: 8088040A748D1D14E22 50E8B9A0DFD30620000 (tcp_client.py:118)
[2026-08-09 00:56:25,224] INFO (message_handling): Common message to be decoded
[2026-08-09 00:56:25,226] INFO (tcp_client): Message successfully decoded <?xml version="1.0" encoding="UTF-8"?><s1:ServiceSelectionRes xmlns:s1="urn:iso:std:iso:15118:-20:CommonMessages" xmlns:xsi="http://www.w3.org/2001/XMLSchema-instance" xmlns:xsd="http://www.w3.org/2001/XMLSchema" xmlns:s0="http://www.w3.org/2000/09/xmldsig#" xmlns:s2="urn:iso:std:iso:15118:-20:CommonTypes"><s2:Header><s2:SessionID>14E91A3A29C44A1D</s2:SessionID><s2:TimeStamp>1786236985</s2:TimeStamp></s2:Header><s2:ResponseCode>OK</s2:ResponseCode></s1:ServiceSelectionRes>
[2026-08-09 00:56:25,226] INFO (tcp_client): Received ServiceSelectionRes.
[2026-08-09 00:56:25,229] DEBUG (tcp_client): XML message to be sent: <?xml version="1.0" encoding="UTF-8"?>
<ns0:DC_ChargeParameterDiscoveryReq xmlns:ns0="urn:iso:std:iso:15118:-20:DC">
  <ns1:Header xmlns:ns1="urn:iso:std:iso:15118:-20:CommonTypes">
    <ns1:SessionID>14E91A3A29C44A1D</ns1:SessionID>
    <ns1:TimeStamp>1786236985</ns1:TimeStamp>
  </ns1:Header>
  <ns0:BPT_DC_CPDReqEnergyTransferMode>
    <ns0:EVMaximumChargePower>
      <ns1:Exponent xmlns:ns1="urn:iso:std:iso:15118:-20:CommonTypes">1</ns1:Exponent>
      <ns1:Value xmlns:ns1="urn:iso:std:iso:15118:-20:CommonTypes">4900</ns1:Value>
    </ns0:EVMaximumChargePower>
    <ns0:EVMinimumChargePower>
      <ns1:Exponent xmlns:ns1="urn:iso:std:iso:15118:-20:CommonTypes">0</ns1:Exponent>
      <ns1:Value xmlns:ns1="urn:iso:std:iso:15118:-20:CommonTypes">245</ns1:Value>
    </ns0:EVMinimumChargePower>
    <ns0:EVMaximumChargeCurrent>
      <ns1:Exponent xmlns:ns1="urn:iso:std:iso:15118:-20:CommonTypes">-2</ns1:Exponent>
      <ns1:Value xmlns:ns1="urn:iso:std:iso:15118:-20:CommonTypes">15806</ns1:Value>
    </ns0:EVMaximumChargeCurrent>
    <ns0:EVMinimumChargeCurrent>
      <ns1:Exponent xmlns:ns1="urn:iso:std:iso:15118:-20:CommonTypes">-3</ns1:Exponent>
      <ns1:Value xmlns:ns1="urn:iso:std:iso:15118:-20:CommonTypes">681</ns1:Value>
    </ns0:EVMinimumChargeCurrent>
    <ns0:EVMaximumVoltage>
      <ns1:Exponent xmlns:ns1="urn:iso:std:iso:15118:-20:CommonTypes">0</ns1:Exponent>
      <ns1:Value xmlns:ns1="urn:iso:std:iso:15118:-20:CommonTypes">360</ns1:Value>
    </ns0:EVMaximumVoltage>
    <ns0:EVMinimumVoltage>
      <ns1:Exponent xmlns:ns1="urn:iso:std:iso:15118:-20:CommonTypes">0</ns1:Exponent>
      <ns1:Value xmlns:ns1="urn:iso:std:iso:15118:-20:CommonTypes">310</ns1:Value>
    </ns0:EVMinimumVoltage>
    <ns0:TargetSOC>80</ns0:TargetSOC>
    <ns0:EVMaximumDischargePower>
      <ns1:Exponent xmlns:ns1="urn:iso:std:iso:15118:-20:CommonTypes">-3</ns1:Exponent>
      <ns1:Value xmlns:ns1="urn:iso:std:iso:15118:-20:CommonTypes">0</ns1:Value>
    </ns0:EVMaximumDischargePower>
    <ns0:EVMinimumDischargePower>
      <ns1:Exponent xmlns:ns1="urn:iso:std:iso:15118:-20:CommonTypes">-3</ns1:Exponent>
      <ns1:Value xmlns:ns1="urn:iso:std:iso:15118:-20:CommonTypes">0</ns1:Value>
    </ns0:EVMinimumDischargePower>
    <ns0:EVMaximumDischargeCurrent>
      <ns1:Exponent xmlns:ns1="urn:iso:std:iso:15118:-20:CommonTypes">-3</ns1:Exponent>
      <ns1:Value xmlns:ns1="urn:iso:std:iso:15118:-20:CommonTypes">0</ns1:Value>
    </ns0:EVMaximumDischargeCurrent>
    <ns0:EVMinimumDischargeCurrent>
      <ns1:Exponent xmlns:ns1="urn:iso:std:iso:15118:-20:CommonTypes">-3</ns1:Exponent>
      <ns1:Value xmlns:ns1="urn:iso:std:iso:15118:-20:CommonTypes">0</ns1:Value>
    </ns0:EVMinimumDischargeCurrent>
  </ns0:BPT_DC_CPDReqEnergyTransferMode>
</ns0:DC_ChargeParameterDiscoveryReq>
 (tcp_client.py:162)
[2026-08-09 00:56:25,229] INFO (message_handling): DC message to be encoded
[2026-08-09 00:56:25,229] INFO (message_handling): Message is valid against Schema XSD
[2026-08-09 00:56:25,234] DEBUG (tcp_client): Encoded EXI message: 803C040A748D1D14E2250E8B9A0DFD30620810A42604007A8081F82F 9EC0FA1520A0800E80204005B0102803E80001F40000FA00007D0000 (tcp_client.py:174)
[2026-08-09 00:56:25,234] INFO (tcp_client): Sent DcChargeParameterDiscoveryReq.
[2026-08-09 00:56:25,238] INFO (tcp_client): Received response from ('fe80::42:acff:fe1e:2', 15118, 0, 20).
[2026-08-09 00:56:25,238] INFO (message_handling): Message is valid.
[2026-08-09 00:56:25,238] INFO (tcp_client): Payload type: 32772
[2026-08-09 00:56:25,238] DEBUG (tcp_client): Received EXI msg to be decoded: 8040040A748D1D14E2250E8B9A0DFD3062000408441382000001001 900208000004007A0182000C8481088270400000200320041000000 (tcp_client.py:118)
[2026-08-09 00:56:25,238] INFO (message_handling): DC message to be decoded
[2026-08-09 00:56:25,239] INFO (tcp_client): Message successfully decoded <?xml version="1.0" encoding="UTF-8"?><s2:DC_ChargeParameterDiscoveryRes xmlns:s2="urn:iso:std:iso:15118:-20:DC" xmlns:xsi="http://www.w3.org/2001/XMLSchema-instance" xmlns:xsd="http://www.w3.org/2001/XMLSchema" xmlns:s0="http://www.w3.org/2000/09/xmldsig#" xmlns:s1="urn:iso:std:iso:15118:-20:CommonTypes"><s1:Header><s1:SessionID>14E91A3A29C44A1D</s1:SessionID><s1:TimeStamp>1786236985</s1:TimeStamp></s1:Header><s1:ResponseCode>OK</s1:ResponseCode><s2:BPT_DC_CPDResEnergyTransferMode><s2:EVSEMaximumChargePower><s1:Exponent>1</s1:Exponent><s1:Value>5000</s1:Value></s2:EVSEMaximumChargePower><s2:EVSEMinimumChargePower><s1:Exponent>0</s1:Exponent><s1:Value>0</s1:Value></s2:EVSEMinimumChargePower><s2:EVSEMaximumChargeCurrent><s1:Exponent>0</s1:Exponent><s1:Value>200</s1:Value></s2:EVSEMaximumChargeCurrent><s2:EVSEMinimumChargeCurrent><s1:Exponent>0</s1:Exponent><s1:Value>0</s1:Value></s2:EVSEMinimumChargeCurrent><s2:EVSEMaximumVoltage><s1:Exponent>0</s1:Exponent><s1:Value>500</s1:Value></s2:EVSEMaximumVoltage><s2:EVSEMinimumVoltage><s1:Exponent>0</s1:Exponent><s1:Value>50</s1:Value></s2:EVSEMinimumVoltage><s2:EVSEMaximumDischargePower><s1:Exponent>1</s1:Exponent><s1:Value>5000</s1:Value></s2:EVSEMaximumDischargePower><s2:EVSEMinimumDischargePower><s1:Exponent>0</s1:Exponent><s1:Value>0</s1:Value></s2:EVSEMinimumDischargePower><s2:EVSEMaximumDischargeCurrent><s1:Exponent>0</s1:Exponent><s1:Value>200</s1:Value></s2:EVSEMaximumDischargeCurrent><s2:EVSEMinimumDischargeCurrent><s1:Exponent>0</s1:Exponent><s1:Value>0</s1:Value></s2:EVSEMinimumDischargeCurrent></s2:BPT_DC_CPDResEnergyTransferMode></s2:DC_ChargeParameterDiscoveryRes>
[2026-08-09 00:56:25,241] INFO (tcp_client): Received DcChargeParameterDiscoveryRes.
[2026-08-09 00:56:25,242] DEBUG (tcp_client): XML message to be sent: <?xml version="1.0" encoding="UTF-8"?>
<ns0:ScheduleExchangeReq xmlns:ns0="urn:iso:std:iso:15118:-20:CommonMessages">
  <ns1:Header xmlns:ns1="urn:iso:std:iso:15118:-20:CommonTypes">
    <ns1:SessionID>14E91A3A29C44A1D</ns1:SessionID>
    <ns1:TimeStamp>1786236985</ns1:TimeStamp>
  </ns1:Header>
  <ns0:MaximumSupportingPoints>1024</ns0:MaximumSupportingPoints>
  <ns0:Dynamic_SEReqControlMode>
    <ns0:DepartureTime>0</ns0:DepartureTime>
    <ns0:MinimumSOC>0</ns0:MinimumSOC>
    <ns0:TargetSOC>80</ns0:TargetSOC>
    <ns0:EVTargetEnergyRequest>
      <ns1:Exponent xmlns:ns1="urn:iso:std:iso:15118:-20:CommonTypes">1</ns1:Exponent>
      <ns1:Value xmlns:ns1="urn:iso:std:iso:15118:-20:CommonTypes">5360</ns1:Value>
    </ns0:EVTargetEnergyRequest>
    <ns0:EVMaximumEnergyRequest>
      <ns1:Exponent xmlns:ns1="urn:iso:std:iso:15118:-20:CommonTypes">1</ns1:Exponent>
      <ns1:Value xmlns:ns1="urn:iso:std:iso:15118:-20:CommonTypes">6700</ns1:Value>
    </ns0:EVMaximumEnergyRequest>
    <ns0:EVMinimumEnergyRequest>
      <ns1:Exponent xmlns:ns1="urn:iso:std:iso:15118:-20:CommonTypes">-3</ns1:Exponent>
      <ns1:Value xmlns:ns1="urn:iso:std:iso:15118:-20:CommonTypes">0</ns1:Value>
    </ns0:EVMinimumEnergyRequest>
  </ns0:Dynamic_SEReqControlMode>
</ns0:ScheduleExchangeReq>
 (tcp_client.py:162)
[2026-08-09 00:56:25,242] INFO (message_handling): Common message to be encoded
[2026-08-09 00:56:25,242] INFO (message_handling): Message is valid against Schema XSD
[2026-08-09 00:56:25,244] DEBUG (tcp_client): Encoded EXI message: 806C040A748D1D14E2250E8B9A0DFD30627 E80000001402043C0A41021586807D00020 (tcp_client.py:174)
[2026-08-09 00:56:25,245] INFO (tcp_client): Sent ScheduleExchangeReq.
[2026-08-09 00:56:25,248] INFO (tcp_client): Received response from ('fe80::42:acff:fe1e:2', 15118, 0, 20).
[2026-08-09 00:56:25,248] INFO (message_handling): Message is valid.
[2026-08-09 00:56:25,248] INFO (tcp_client): Payload type: 32770
[2026-08-09 00:56:25,248] DEBUG (tcp_client): Received EXI msg to be decoded: 8070040A748D1D14E2250E 8B9A0DFD30620000000040 (tcp_client.py:118)
[2026-08-09 00:56:25,248] INFO (message_handling): Common message to be decoded
[2026-08-09 00:56:25,249] INFO (tcp_client): Message successfully decoded <?xml version="1.0" encoding="UTF-8"?><s1:ScheduleExchangeRes xmlns:s1="urn:iso:std:iso:15118:-20:CommonMessages" xmlns:xsi="http://www.w3.org/2001/XMLSchema-instance" xmlns:xsd="http://www.w3.org/2001/XMLSchema" xmlns:s0="http://www.w3.org/2000/09/xmldsig#" xmlns:s2="urn:iso:std:iso:15118:-20:CommonTypes"><s2:Header><s2:SessionID>14E91A3A29C44A1D</s2:SessionID><s2:TimeStamp>1786236985</s2:TimeStamp></s2:Header><s2:ResponseCode>OK</s2:ResponseCode><s1:EVSEProcessing>Finished</s1:EVSEProcessing><s1:GoToPause>false</s1:GoToPause><s1:Dynamic_SEResControlMode><s1:DepartureTime>0</s1:DepartureTime></s1:Dynamic_SEResControlMode></s1:ScheduleExchangeRes>
[2026-08-09 00:56:25,250] INFO (tcp_client): Received ScheduleExchangeRes.
[2026-08-09 00:56:25,251] DEBUG (tcp_client): XML message to be sent: <?xml version="1.0" encoding="UTF-8"?>
<ns0:DC_CableCheckReq xmlns:ns0="urn:iso:std:iso:15118:-20:DC">
  <ns1:Header xmlns:ns1="urn:iso:std:iso:15118:-20:CommonTypes">
    <ns1:SessionID>14E91A3A29C44A1D</ns1:SessionID>
    <ns1:TimeStamp>1786236985</ns1:TimeStamp>
  </ns1:Header>
</ns0:DC_CableCheckReq>
 (tcp_client.py:162)
[2026-08-09 00:56:25,251] INFO (message_handling): DC message to be encoded
[2026-08-09 00:56:25,251] INFO (message_handling): Message is valid against Schema XSD
[2026-08-09 00:56:25,252] DEBUG (tcp_client): Encoded EXI message: 802C040A748D1D14E 2250E8B9A0DFD3062 (tcp_client.py:174)
[2026-08-09 00:56:25,252] INFO (tcp_client): Sent DcCableCheckReq.
[2026-08-09 00:56:25,253] INFO (physical_interface): Current duty cycle is 5.
[2026-08-09 00:56:25,253] INFO (physical_interface): 61851 state set to C.
[2026-08-09 00:56:25,254] INFO (tcp_client): Received response from ('fe80::42:acff:fe1e:2', 15118, 0, 20).
[2026-08-09 00:56:25,254] INFO (message_handling): Message is valid.
[2026-08-09 00:56:25,254] INFO (tcp_client): Payload type: 32772
[2026-08-09 00:56:25,254] DEBUG (tcp_client): Received EXI msg to be decoded: 8030040A748D1D14E22 50E8B9A0DFD30620000 (tcp_client.py:118)
[2026-08-09 00:56:25,254] INFO (message_handling): DC message to be decoded
[2026-08-09 00:56:25,255] INFO (tcp_client): Message successfully decoded <?xml version="1.0" encoding="UTF-8"?><s2:DC_CableCheckRes xmlns:s2="urn:iso:std:iso:15118:-20:DC" xmlns:xsi="http://www.w3.org/2001/XMLSchema-instance" xmlns:xsd="http://www.w3.org/2001/XMLSchema" xmlns:s0="http://www.w3.org/2000/09/xmldsig#" xmlns:s1="urn:iso:std:iso:15118:-20:CommonTypes"><s1:Header><s1:SessionID>14E91A3A29C44A1D</s1:SessionID><s1:TimeStamp>1786236985</s1:TimeStamp></s1:Header><s1:ResponseCode>OK</s1:ResponseCode><s2:EVSEProcessing>Finished</s2:EVSEProcessing></s2:DC_CableCheckRes>
[2026-08-09 00:56:25,256] INFO (tcp_client): Received DcCableCheckRes.
[2026-08-09 00:56:25,257] DEBUG (tcp_client): XML message to be sent: <?xml version="1.0" encoding="UTF-8"?>
<ns0:DC_PreChargeReq xmlns:ns0="urn:iso:std:iso:15118:-20:DC">
  <ns1:Header xmlns:ns1="urn:iso:std:iso:15118:-20:CommonTypes">
    <ns1:SessionID>14E91A3A29C44A1D</ns1:SessionID>
    <ns1:TimeStamp>1786236985</ns1:TimeStamp>
  </ns1:Header>
  <ns0:EVProcessing>Ongoing</ns0:EVProcessing>
  <ns0:EVPresentVoltage>
    <ns1:Exponent xmlns:ns1="urn:iso:std:iso:15118:-20:CommonTypes">0</ns1:Exponent>
    <ns1:Value xmlns:ns1="urn:iso:std:iso:15118:-20:CommonTypes">0</ns1:Value>
  </ns0:EVPresentVoltage>
  <ns0:EVTargetVoltage>
    <ns1:Exponent xmlns:ns1="urn:iso:std:iso:15118:-20:CommonTypes">0</ns1:Exponent>
    <ns1:Value xmlns:ns1="urn:iso:std:iso:15118:-20:CommonTypes">330</ns1:Value>
  </ns0:EVTargetVoltage>
</ns0:DC_PreChargeReq>
 (tcp_client.py:162)
[2026-08-09 00:56:25,257] INFO (message_handling): DC message to be encoded
[2026-08-09 00:56:25,257] INFO (message_handling): Message is valid against Schema XSD
[2026-08-09 00:56:25,259] DEBUG (tcp_client): Encoded EXI message: 8044040A748D1D14E2250E8B9 A0DFD306221000000800CA020 (tcp_client.py:174)
[2026-08-09 00:56:25,259] INFO (tcp_client): Sent DcPreChargeReq.
[2026-08-09 00:56:25,261] INFO (tcp_client): Received response from ('fe80::42:acff:fe1e:2', 15118, 0, 20).
[2026-08-09 00:56:25,261] INFO (message_handling): Message is valid.
[2026-08-09 00:56:25,261] INFO (tcp_client): Payload type: 32772
[2026-08-09 00:56:25,261] DEBUG (tcp_client): Received EXI msg to be decoded: 8048040A748D1D14E2250E8 B9A0DFD30620010010C0600 (tcp_client.py:118)
[2026-08-09 00:56:25,261] INFO (message_handling): DC message to be decoded
[2026-08-09 00:56:25,262] INFO (tcp_client): Message successfully decoded <?xml version="1.0" encoding="UTF-8"?><s2:DC_PreChargeRes xmlns:s2="urn:iso:std:iso:15118:-20:DC" xmlns:xsi="http://www.w3.org/2001/XMLSchema-instance" xmlns:xsd="http://www.w3.org/2001/XMLSchema" xmlns:s0="http://www.w3.org/2000/09/xmldsig#" xmlns:s1="urn:iso:std:iso:15118:-20:CommonTypes"><s1:Header><s1:SessionID>14E91A3A29C44A1D</s1:SessionID><s1:TimeStamp>1786236985</s1:TimeStamp></s1:Header><s1:ResponseCode>OK</s1:ResponseCode><s2:EVSEPresentVoltage><s1:Exponent>0</s1:Exponent><s1:Value>390</s1:Value></s2:EVSEPresentVoltage></s2:DC_PreChargeRes>
[2026-08-09 00:56:25,262] INFO (tcp_client): Received DcPreChargeRes.
[2026-08-09 00:56:25,263] DEBUG (tcp_client): XML message to be sent: <?xml version="1.0" encoding="UTF-8"?>
<ns0:DC_PreChargeReq xmlns:ns0="urn:iso:std:iso:15118:-20:DC">
  <ns1:Header xmlns:ns1="urn:iso:std:iso:15118:-20:CommonTypes">
    <ns1:SessionID>14E91A3A29C44A1D</ns1:SessionID>
    <ns1:TimeStamp>1786236985</ns1:TimeStamp>
  </ns1:Header>
  <ns0:EVProcessing>Ongoing</ns0:EVProcessing>
  <ns0:EVPresentVoltage>
    <ns1:Exponent xmlns:ns1="urn:iso:std:iso:15118:-20:CommonTypes">0</ns1:Exponent>
    <ns1:Value xmlns:ns1="urn:iso:std:iso:15118:-20:CommonTypes">390</ns1:Value>
  </ns0:EVPresentVoltage>
  <ns0:EVTargetVoltage>
    <ns1:Exponent xmlns:ns1="urn:iso:std:iso:15118:-20:CommonTypes">0</ns1:Exponent>
    <ns1:Value xmlns:ns1="urn:iso:std:iso:15118:-20:CommonTypes">390</ns1:Value>
  </ns0:EVTargetVoltage>
</ns0:DC_PreChargeReq>
 (tcp_client.py:162)
[2026-08-09 00:56:25,263] INFO (message_handling): DC message to be encoded
[2026-08-09 00:56:25,263] INFO (message_handling): Message is valid against Schema XSD
[2026-08-09 00:56:25,264] DEBUG (tcp_client): Encoded EXI message: 8044040A748D1D14E2250E8B9A 0DFD3062210010C06080086030 (tcp_client.py:174)
[2026-08-09 00:56:25,264] INFO (tcp_client): Sent DcPreChargeReq.
[2026-08-09 00:56:25,265] INFO (tcp_client): Received response from ('fe80::42:acff:fe1e:2', 15118, 0, 20).
[2026-08-09 00:56:25,265] INFO (message_handling): Message is valid.
[2026-08-09 00:56:25,265] INFO (tcp_client): Payload type: 32772
[2026-08-09 00:56:25,265] DEBUG (tcp_client): Received EXI msg to be decoded: 8048040A748D1D14E2250E8 B9A0DFD30620010010C0600 (tcp_client.py:118)
[2026-08-09 00:56:25,265] INFO (message_handling): DC message to be decoded
[2026-08-09 00:56:25,266] INFO (tcp_client): Message successfully decoded <?xml version="1.0" encoding="UTF-8"?><s2:DC_PreChargeRes xmlns:s2="urn:iso:std:iso:15118:-20:DC" xmlns:xsi="http://www.w3.org/2001/XMLSchema-instance" xmlns:xsd="http://www.w3.org/2001/XMLSchema" xmlns:s0="http://www.w3.org/2000/09/xmldsig#" xmlns:s1="urn:iso:std:iso:15118:-20:CommonTypes"><s1:Header><s1:SessionID>14E91A3A29C44A1D</s1:SessionID><s1:TimeStamp>1786236985</s1:TimeStamp></s1:Header><s1:ResponseCode>OK</s1:ResponseCode><s2:EVSEPresentVoltage><s1:Exponent>0</s1:Exponent><s1:Value>390</s1:Value></s2:EVSEPresentVoltage></s2:DC_PreChargeRes>
[2026-08-09 00:56:25,267] INFO (tcp_client): Received DcPreChargeRes.
[2026-08-09 00:56:25,267] DEBUG (tcp_client): XML message to be sent: <?xml version="1.0" encoding="UTF-8"?>
<ns0:DC_PreChargeReq xmlns:ns0="urn:iso:std:iso:15118:-20:DC">
  <ns1:Header xmlns:ns1="urn:iso:std:iso:15118:-20:CommonTypes">
    <ns1:SessionID>14E91A3A29C44A1D</ns1:SessionID>
    <ns1:TimeStamp>1786236985</ns1:TimeStamp>
  </ns1:Header>
  <ns0:EVProcessing>Finished</ns0:EVProcessing>
  <ns0:EVPresentVoltage>
    <ns1:Exponent xmlns:ns1="urn:iso:std:iso:15118:-20:CommonTypes">0</ns1:Exponent>
    <ns1:Value xmlns:ns1="urn:iso:std:iso:15118:-20:CommonTypes">390</ns1:Value>
  </ns0:EVPresentVoltage>
  <ns0:EVTargetVoltage>
    <ns1:Exponent xmlns:ns1="urn:iso:std:iso:15118:-20:CommonTypes">0</ns1:Exponent>
    <ns1:Value xmlns:ns1="urn:iso:std:iso:15118:-20:CommonTypes">390</ns1:Value>
  </ns0:EVTargetVoltage>
</ns0:DC_PreChargeReq>
 (tcp_client.py:162)
[2026-08-09 00:56:25,267] INFO (message_handling): DC message to be encoded
[2026-08-09 00:56:25,267] INFO (message_handling): Message is valid against Schema XSD
[2026-08-09 00:56:25,269] DEBUG (tcp_client): Encoded EXI message: 8044040A748D1D14E2250E8B9A 0DFD3062010010C06080086030 (tcp_client.py:174)
[2026-08-09 00:56:25,269] INFO (tcp_client): Sent DcPreChargeReq.
[2026-08-09 00:56:25,269] INFO (tcp_client): Received response from ('fe80::42:acff:fe1e:2', 15118, 0, 20).
[2026-08-09 00:56:25,269] INFO (message_handling): Message is valid.
[2026-08-09 00:56:25,269] INFO (tcp_client): Payload type: 32772
[2026-08-09 00:56:25,269] DEBUG (tcp_client): Received EXI msg to be decoded: 8048040A748D1D14E2250E8 B9A0DFD30620010010C0600 (tcp_client.py:118)
[2026-08-09 00:56:25,270] INFO (message_handling): DC message to be decoded
[2026-08-09 00:56:25,270] INFO (tcp_client): Message successfully decoded <?xml version="1.0" encoding="UTF-8"?><s2:DC_PreChargeRes xmlns:s2="urn:iso:std:iso:15118:-20:DC" xmlns:xsi="http://www.w3.org/2001/XMLSchema-instance" xmlns:xsd="http://www.w3.org/2001/XMLSchema" xmlns:s0="http://www.w3.org/2000/09/xmldsig#" xmlns:s1="urn:iso:std:iso:15118:-20:CommonTypes"><s1:Header><s1:SessionID>14E91A3A29C44A1D</s1:SessionID><s1:TimeStamp>1786236985</s1:TimeStamp></s1:Header><s1:ResponseCode>OK</s1:ResponseCode><s2:EVSEPresentVoltage><s1:Exponent>0</s1:Exponent><s1:Value>390</s1:Value></s2:EVSEPresentVoltage></s2:DC_PreChargeRes>
[2026-08-09 00:56:25,270] INFO (tcp_client): Received DcPreChargeRes.
[2026-08-09 00:56:25,271] DEBUG (tcp_client): XML message to be sent: <?xml version="1.0" encoding="UTF-8"?>
<ns0:PowerDeliveryReq xmlns:ns0="urn:iso:std:iso:15118:-20:CommonMessages">
  <ns1:Header xmlns:ns1="urn:iso:std:iso:15118:-20:CommonTypes">
    <ns1:SessionID>14E91A3A29C44A1D</ns1:SessionID>
    <ns1:TimeStamp>1786236985</ns1:TimeStamp>
  </ns1:Header>
  <ns0:EVProcessing>Finished</ns0:EVProcessing>
  <ns0:ChargeProgress>Start</ns0:ChargeProgress>
</ns0:PowerDeliveryReq>
 (tcp_client.py:162)
[2026-08-09 00:56:25,271] INFO (message_handling): Common message to be encoded
[2026-08-09 00:56:25,271] INFO (message_handling): Message is valid against Schema XSD
[2026-08-09 00:56:25,272] DEBUG (tcp_client): Encoded EXI message: 8054040A748D1D14E22 50E8B9A0DFD30620040 (tcp_client.py:174)
[2026-08-09 00:56:25,273] INFO (tcp_client): Sent PowerDeliveryReq.
[2026-08-09 00:56:25,274] INFO (tcp_client): Received response from ('fe80::42:acff:fe1e:2', 15118, 0, 20).
[2026-08-09 00:56:25,275] INFO (message_handling): Message is valid.
[2026-08-09 00:56:25,275] INFO (tcp_client): Payload type: 32770
[2026-08-09 00:56:25,275] DEBUG (tcp_client): Received EXI msg to be decoded: 8058040A748D1D14E22 50E8B9A0DFD30620040 (tcp_client.py:118)
[2026-08-09 00:56:25,275] INFO (message_handling): Common message to be decoded
[2026-08-09 00:56:25,275] INFO (tcp_client): Message successfully decoded <?xml version="1.0" encoding="UTF-8"?><s1:PowerDeliveryRes xmlns:s1="urn:iso:std:iso:15118:-20:CommonMessages" xmlns:xsi="http://www.w3.org/2001/XMLSchema-instance" xmlns:xsd="http://www.w3.org/2001/XMLSchema" xmlns:s0="http://www.w3.org/2000/09/xmldsig#" xmlns:s2="urn:iso:std:iso:15118:-20:CommonTypes"><s2:Header><s2:SessionID>14E91A3A29C44A1D</s2:SessionID><s2:TimeStamp>1786236985</s2:TimeStamp></s2:Header><s2:ResponseCode>OK</s2:ResponseCode></s1:PowerDeliveryRes>
[2026-08-09 00:56:25,276] INFO (tcp_client): Received PowerDeliveryRes.
[2026-08-09 00:56:25,279] DEBUG (tcp_client): XML message to be sent: <?xml version="1.0" encoding="UTF-8"?>
<ns0:DC_ChargeLoopReq xmlns:ns0="urn:iso:std:iso:15118:-20:DC">
  <ns1:Header xmlns:ns1="urn:iso:std:iso:15118:-20:CommonTypes">
    <ns1:SessionID>14E91A3A29C44A1D</ns1:SessionID>
    <ns1:TimeStamp>1786236985</ns1:TimeStamp>
  </ns1:Header>
  <ns1:DisplayParameters xmlns:ns1="urn:iso:std:iso:15118:-20:CommonTypes">
    <ns1:PresentSOC>0</ns1:PresentSOC>
    <ns1:MinimumSOC>0</ns1:MinimumSOC>
    <ns1:TargetSOC>80</ns1:TargetSOC>
    <ns1:MaximumSOC>100</ns1:MaximumSOC>
    <ns1:ChargingComplete>false</ns1:ChargingComplete>
    <ns1:BatteryEnergyCapacity>
      <ns1:Exponent>3</ns1:Exponent>
      <ns1:Value>67</ns1:Value>
    </ns1:BatteryEnergyCapacity>
  </ns1:DisplayParameters>
  <ns1:MeterInfoRequested xmlns:ns1="urn:iso:std:iso:15118:-20:CommonTypes">false</ns1:MeterInfoRequested>
  <ns0:EVPresentVoltage>
    <ns1:Exponent xmlns:ns1="urn:iso:std:iso:15118:-20:CommonTypes">0</ns1:Exponent>
    <ns1:Value xmlns:ns1="urn:iso:std:iso:15118:-20:CommonTypes">390</ns1:Value>
  </ns0:EVPresentVoltage>
  <ns0:BPT_Dynamic_DC_CLReqControlMode>
    <ns1:DepartureTime xmlns:ns1="urn:iso:std:iso:15118:-20:CommonTypes">0</ns1:DepartureTime>
    <ns1:EVTargetEnergyRequest xmlns:ns1="urn:iso:std:iso:15118:-20:CommonTypes">
      <ns1:Exponent>1</ns1:Exponent>
      <ns1:Value>5360</ns1:Value>
    </ns1:EVTargetEnergyRequest>
    <ns1:EVMaximumEnergyRequest xmlns:ns1="urn:iso:std:iso:15118:-20:CommonTypes">
      <ns1:Exponent>1</ns1:Exponent>
      <ns1:Value>6700</ns1:Value>
    </ns1:EVMaximumEnergyRequest>
    <ns1:EVMinimumEnergyRequest xmlns:ns1="urn:iso:std:iso:15118:-20:CommonTypes">
      <ns1:Exponent>-3</ns1:Exponent>
      <ns1:Value>0</ns1:Value>
    </ns1:EVMinimumEnergyRequest>
    <ns0:EVMaximumChargePower>
      <ns1:Exponent xmlns:ns1="urn:iso:std:iso:15118:-20:CommonTypes">1</ns1:Exponent>
      <ns1:Value xmlns:ns1="urn:iso:std:iso:15118:-20:CommonTypes">4900</ns1:Value>
    </ns0:EVMaximumChargePower>
    <ns0:EVMinimumChargePower>
      <ns1:Exponent xmlns:ns1="urn:iso:std:iso:15118:-20:CommonTypes">0</ns1:Exponent>
      <ns1:Value xmlns:ns1="urn:iso:std:iso:15118:-20:CommonTypes">245</ns1:Value>
    </ns0:EVMinimumChargePower>
    <ns0:EVMaximumChargeCurrent>
      <ns1:Exponent xmlns:ns1="urn:iso:std:iso:15118:-20:CommonTypes">-2</ns1:Exponent>
      <ns1:Value xmlns:ns1="urn:iso:std:iso:15118:-20:CommonTypes">15806</ns1:Value>
    </ns0:EVMaximumChargeCurrent>
    <ns0:EVMaximumVoltage>
      <ns1:Exponent xmlns:ns1="urn:iso:std:iso:15118:-20:CommonTypes">0</ns1:Exponent>
      <ns1:Value xmlns:ns1="urn:iso:std:iso:15118:-20:CommonTypes">360</ns1:Value>
    </ns0:EVMaximumVoltage>
    <ns0:EVMinimumVoltage>
      <ns1:Exponent xmlns:ns1="urn:iso:std:iso:15118:-20:CommonTypes">0</ns1:Exponent>
      <ns1:Value xmlns:ns1="urn:iso:std:iso:15118:-20:CommonTypes">310</ns1:Value>
    </ns0:EVMinimumVoltage>
    <ns0:EVMaximumDischargePower>
      <ns1:Exponent xmlns:ns1="urn:iso:std:iso:15118:-20:CommonTypes">-3</ns1:Exponent>
      <ns1:Value xmlns:ns1="urn:iso:std:iso:15118:-20:CommonTypes">0</ns1:Value>
    </ns0:EVMaximumDischargePower>
    <ns0:EVMinimumDischargePower>
      <ns1:Exponent xmlns:ns1="urn:iso:std:iso:15118:-20:CommonTypes">-3</ns1:Exponent>
      <ns1:Value xmlns:ns1="urn:iso:std:iso:15118:-20:CommonTypes">0</ns1:Value>
    </ns0:EVMinimumDischargePower>
    <ns0:EVMaximumDischargeCurrent>
      <ns1:Exponent xmlns:ns1="urn:iso:std:iso:15118:-20:CommonTypes">-3</ns1:Exponent>
      <ns1:Value xmlns:ns1="urn:iso:std:iso:15118:-20:CommonTypes">0</ns1:Value>
    </ns0:EVMaximumDischargeCurrent>
  </ns0:BPT_Dynamic_DC_CLReqControlMode>
</ns0:DC_ChargeLoopReq>
 (tcp_client.py:162)
[2026-08-09 00:56:25,279] INFO (message_handling): DC message to be encoded
[2026-08-09 00:56:25,279] INFO (message_handling): Message is valid against Schema XSD
[2026-08-09 00:56:25,281] DEBUG (tcp_client): Encoded EXI message: 8034040A748D1D14E2250E8B9A0DFD306200000000A006430106086202002180C00002043C0A4 1021586807D0000408521302003D4040FC17CF60800E80204005B0101F40000FA00007D000200 (tcp_client.py:174)
[2026-08-09 00:56:25,281] INFO (tcp_client): Sent DcChargeLoopReq.
[2026-08-09 00:56:25,287] INFO (tcp_client): Received response from ('fe80::42:acff:fe1e:2', 15118, 0, 20).
[2026-08-09 00:56:25,287] INFO (message_handling): Message is valid.
[2026-08-09 00:56:25,287] INFO (tcp_client): Payload type: 32772
[2026-08-09 00:56:25,287] DEBUG (tcp_client): Received EXI msg to be decoded: 8038040A748D1D14E2250E8B9A0DFD30620064003C02002400C0001081 088270400000200320041001E806081088270400000200320041000640 (tcp_client.py:118)
[2026-08-09 00:56:25,287] INFO (message_handling): DC message to be decoded
[2026-08-09 00:56:25,288] INFO (tcp_client): Message successfully decoded <?xml version="1.0" encoding="UTF-8"?><s2:DC_ChargeLoopRes xmlns:s2="urn:iso:std:iso:15118:-20:DC" xmlns:xsi="http://www.w3.org/2001/XMLSchema-instance" xmlns:xsd="http://www.w3.org/2001/XMLSchema" xmlns:s0="http://www.w3.org/2000/09/xmldsig#" xmlns:s1="urn:iso:std:iso:15118:-20:CommonTypes"><s1:Header><s1:SessionID>14E91A3A29C44A1D</s1:SessionID><s1:TimeStamp>1786236985</s1:TimeStamp></s1:Header><s1:ResponseCode>OK</s1:ResponseCode><s2:EVSEPresentCurrent><s1:Exponent>0</s1:Exponent><s1:Value>120</s1:Value></s2:EVSEPresentCurrent><s2:EVSEPresentVoltage><s1:Exponent>0</s1:Exponent><s1:Value>400</s1:Value></s2:EVSEPresentVoltage><s2:EVSEPowerLimitAchieved>false</s2:EVSEPowerLimitAchieved><s2:EVSECurrentLimitAchieved>false</s2:EVSECurrentLimitAchieved><s2:EVSEVoltageLimitAchieved>false</s2:EVSEVoltageLimitAchieved><s2:BPT_Dynamic_DC_CLResControlMode><s2:EVSEMaximumChargePower><s1:Exponent>1</s1:Exponent><s1:Value>5000</s1:Value></s2:EVSEMaximumChargePower><s2:EVSEMinimumChargePower><s1:Exponent>0</s1:Exponent><s1:Value>0</s1:Value></s2:EVSEMinimumChargePower><s2:EVSEMaximumChargeCurrent><s1:Exponent>0</s1:Exponent><s1:Value>200</s1:Value></s2:EVSEMaximumChargeCurrent><s2:EVSEMaximumVoltage><s1:Exponent>0</s1:Exponent><s1:Value>500</s1:Value></s2:EVSEMaximumVoltage><s2:EVSEMaximumDischargePower><s1:Exponent>1</s1:Exponent><s1:Value>5000</s1:Value></s2:EVSEMaximumDischargePower><s2:EVSEMinimumDischargePower><s1:Exponent>0</s1:Exponent><s1:Value>0</s1:Value></s2:EVSEMinimumDischargePower><s2:EVSEMaximumDischargeCurrent><s1:Exponent>0</s1:Exponent><s1:Value>200</s1:Value></s2:EVSEMaximumDischargeCurrent><s2:EVSEMinimumVoltage><s1:Exponent>0</s1:Exponent><s1:Value>50</s1:Value></s2:EVSEMinimumVoltage></s2:BPT_Dynamic_DC_CLResControlMode></s2:DC_ChargeLoopRes>
[2026-08-09 00:56:25,290] INFO (tcp_client): Received DcChargeLoopRes.
application protocol failed to receive SSL data
protocol: <asyncio.sslproto.SSLProtocol object at 0x76e13c226250>
transport: <_SelectorSocketTransport fd=23 read=polling write=<idle, bufsize=0>>
Traceback (most recent call last):
  File "/usr/local/lib/python3.8/asyncio/sslproto.py", line 546, in data_received
    self._app_protocol.data_received(chunk)
  File "/app/evcc/../evcc/tcp_client.py", line 83, in data_received
    self.process_incoming_message(packet)
  File "/app/evcc/../evcc/tcp_client.py", line 134, in process_incoming_message
    reaction = self.get_current_state().process_payload(xml_object)
  File "/app/evcc/../evcc/states/wait_for_dc_charge_loop_response.py", line 44, in process_payload
    self.controller.data_model.get_bpt_dynamic_dc_clreq_control_mode()
  File "/app/evcc/../evcc/ev_dummy_controller.py", line 277, in get_bpt_dynamic_dc_clreq_control_mode
    request.evtarget_energy_request = float_to_dc_rational(self.get_target_energy())
  File "/app/evcc/../evcc/ev_dummy_controller.py", line 187, in get_target_energy
    return self.target_soc * rational_to_float(self.battery_capacity)/100 - self.current_energy
TypeError: unsupported operand type(s) for *: 'NoneType' and 'int'
[2026-08-09 00:56:25,292] ERROR (tcp_client): unsupported operand type(s) for *: 'NoneType' and 'int'. (tcp_client.py:96)
