2026-08-08 12:53:11.700670 [INFO] iso15118_charge  :: Got SDP request from fe80::215:5dff:fe6b:526%eth0
2026-08-08 12:54:07.207181 [INFO] iso15118_charge  :: Handshake complete!
2026-08-08 12:54:07.207275 [INFO] iso15118_charge  :: Verify certificate result is okay
2026-08-08 12:54:07.258588 [INFO] evse_manager:Ev  ::                                     CAR ISO V2G SupportedAppProtocolReq
2026-08-08 12:54:07.296737 [INFO] iso15118_charge  :: Received session setup with evccid: EVCC01
2026-08-08 12:54:07.297107 [INFO] iso15118_charge  :: New session created with session_id: 0xC6, 0xCC, 0x08, 0xCD, 0x07, 0xFC, 0x88, 0x3B
2026-08-08 12:54:07.302496 [INFO] evse_manager:Ev  :: EVSE ISO V2G SupportedAppProtocolRes
2026-08-08 12:54:07.302759 [INFO] evse_manager:Ev  ::                                     CAR ISO V2G SessionSetupReq
2026-08-08 12:54:07.328539 [INFO] evse_manager:Ev  :: EVSE ISO V2G SessionSetupRes
2026-08-08 12:54:07.351659 [INFO] evse_manager:Ev  ::                                     CAR ISO V2G AuthorizationSetupReq
2026-08-08 12:54:07.428469 [INFO] evse_manager:Ev  :: EVSE ISO V2G AuthorizationSetupRes
2026-08-08 12:54:07.431993 [INFO] evse_manager:Ev  ::                                     CAR ISO V2G AuthorizationReq
2026-08-08 12:54:07.528386 [INFO] evse_manager:Ev  :: EVSE ISO V2G AuthorizationRes
2026-08-08 12:54:07.529530 [INFO] evse_manager:Ev  ::                                     CAR ISO V2G ServiceDiscoveryReq
2026-08-08 12:54:07.628739 [INFO] evse_manager:Ev  :: EVSE ISO V2G ServiceDiscoveryRes
2026-08-08 12:54:07.632464 [INFO] evse_manager:Ev  ::                                     CAR ISO V2G ServiceDetailReq
2026-08-08 12:54:07.728948 [INFO] evse_manager:Ev  :: EVSE ISO V2G ServiceDetailRes
2026-08-08 12:54:07.732826 [INFO] evse_manager:Ev  ::                                     CAR ISO V2G ServiceSelectionReq
2026-08-08 12:54:07.834586 [INFO] evse_manager:Ev  :: EVSE ISO V2G ServiceSelectionRes
2026-08-08 12:54:07.834938 [INFO] evse_manager:Ev  ::                                     CAR ISO V2G DcChargeParameterDiscoveryReq
2026-08-08 12:54:07.929285 [INFO] evse_manager:Ev  :: EVSE ISO V2G DcChargeParameterDiscoveryRes
2026-08-08 12:54:07.932160 [INFO] evse_manager:Ev  ::                                     CAR ISO V2G ScheduleExchangeReq
2026-08-08 12:54:08.029210 [INFO] evse_manager:Ev  :: EVSE ISO V2G ScheduleExchangeRes
2026-08-08 12:54:08.074639 [INFO] evse_manager:Ev  ::                                     CAR ISO V2G DcCableCheckReq
2026-08-08 12:54:08.130629 [INFO] evse_manager:Ev  :: EVSE ISO V2G DcCableCheckRes
2026-08-08 12:54:08.180142 [INFO] evse_manager:Ev  ::                                     CAR ISO V2G DcCableCheckReq
2026-08-08 12:54:08.258521 [INFO] evse_manager:Ev  :: EVSE ISO V2G DcCableCheckRes
2026-08-08 12:54:08.302586 [INFO] evse_manager:Ev  ::                                     CAR ISO V2G DcCableCheckReq
2026-08-08 12:54:08.366670 [INFO] evse_manager:Ev  :: EVSE ISO V2G DcCableCheckRes
2026-08-08 12:54:08.418691 [INFO] evse_manager:Ev  ::                                     CAR ISO V2G DcCableCheckReq
2026-08-08 12:54:08.462744 [INFO] evse_manager:Ev  :: EVSE ISO V2G DcCableCheckRes
2026-08-08 12:54:08.480770 [INFO] evse_manager:Ev  ::                                     CAR ISO V2G DcCableCheckReq
2026-08-08 12:54:08.529779 [INFO] evse_manager:Ev  :: EVSE ISO V2G DcCableCheckRes
2026-08-08 12:54:08.580624 [INFO] evse_manager:Ev  ::                                     CAR ISO V2G DcCableCheckReq
2026-08-08 12:54:08.630017 [INFO] evse_manager:Ev  :: EVSE ISO V2G DcCableCheckRes
2026-08-08 12:54:08.680488 [INFO] evse_manager:Ev  ::                                     CAR ISO V2G DcCableCheckReq
2026-08-08 12:54:08.730131 [INFO] evse_manager:Ev  :: EVSE ISO V2G DcCableCheckRes
2026-08-08 12:54:08.794782 [INFO] evse_manager:Ev  ::                                     CAR ISO V2G DcCableCheckReq
2026-08-08 12:54:08.882512 [INFO] evse_manager:Ev  :: EVSE ISO V2G DcCableCheckRes
2026-08-08 12:54:08.882806 [INFO] evse_manager:Ev  ::                                     CAR ISO V2G DcCableCheckReq
2026-08-08 12:54:08.930167 [INFO] evse_manager:Ev  :: EVSE ISO V2G DcCableCheckRes
2026-08-08 12:54:08.981269 [INFO] evse_manager:Ev  ::                                     CAR ISO V2G DcCableCheckReq
2026-08-08 12:54:09.030256 [INFO] evse_manager:Ev  :: EVSE ISO V2G DcCableCheckRes
2026-08-08 12:54:09.081291 [INFO] evse_manager:Ev  ::                                     CAR ISO V2G DcCableCheckReq
2026-08-08 12:54:09.130681 [INFO] evse_manager:Ev  :: EVSE ISO V2G DcCableCheckRes
2026-08-08 12:54:09.182514 [INFO] evse_manager:Ev  ::                                     CAR ISO V2G DcCableCheckReq
2026-08-08 12:54:09.262714 [INFO] evse_manager:Ev  :: EVSE ISO V2G DcCableCheckRes
2026-08-08 12:54:09.306587 [INFO] evse_manager:Ev  ::                                     CAR ISO V2G DcCableCheckReq
2026-08-08 12:54:09.370526 [INFO] evse_manager:Ev  :: EVSE ISO V2G DcCableCheckRes
2026-08-08 12:54:09.379788 [INFO] evse_manager:Ev  ::                                     CAR ISO V2G DcCableCheckReq
2026-08-08 12:54:09.430564 [INFO] evse_manager:Ev  :: EVSE ISO V2G DcCableCheckRes
2026-08-08 12:54:09.479663 [INFO] evse_manager:Ev  ::                                     CAR ISO V2G DcCableCheckReq
2026-08-08 12:54:09.530999 [INFO] evse_manager:Ev  :: EVSE ISO V2G DcCableCheckRes
2026-08-08 12:54:09.583796 [INFO] evse_manager:Ev  ::                                     CAR ISO V2G DcCableCheckReq
2026-08-08 12:54:09.630824 [INFO] evse_manager:Ev  :: EVSE ISO V2G DcCableCheckRes
2026-08-08 12:54:09.683712 [INFO] evse_manager:Ev  ::                                     CAR ISO V2G DcCableCheckReq
2026-08-08 12:54:09.731051 [INFO] evse_manager:Ev  :: EVSE ISO V2G DcCableCheckRes
2026-08-08 12:54:09.798655 [INFO] evse_manager:Ev  ::                                     CAR ISO V2G DcCableCheckReq
2026-08-08 12:54:09.870560 [INFO] evse_manager:Ev  :: EVSE ISO V2G DcCableCheckRes
2026-08-08 12:54:09.884035 [INFO] evse_manager:Ev  ::                                     CAR ISO V2G DcCableCheckReq
2026-08-08 12:54:09.930966 [INFO] evse_manager:Ev  :: EVSE ISO V2G DcCableCheckRes
2026-08-08 12:54:09.984074 [INFO] evse_manager:Ev  ::                                     CAR ISO V2G DcCableCheckReq
2026-08-08 12:54:10.031258 [INFO] evse_manager:Ev  :: EVSE ISO V2G DcCableCheckRes
2026-08-08 12:54:10.084151 [INFO] evse_manager:Ev  ::                                     CAR ISO V2G DcCableCheckReq
2026-08-08 12:54:10.131543 [INFO] evse_manager:Ev  :: EVSE ISO V2G DcCableCheckRes
2026-08-08 12:54:10.184004 [INFO] evse_manager:Ev  ::                                     CAR ISO V2G DcCableCheckReq
2026-08-08 12:54:10.262773 [INFO] evse_manager:Ev  :: EVSE ISO V2G DcCableCheckRes
2026-08-08 12:54:10.311150 [INFO] evse_manager:Ev  ::                                     CAR ISO V2G DcCableCheckReq
2026-08-08 12:54:10.354690 [INFO] evse_manager:Ev  :: EVSE ISO V2G DcCableCheckRes
2026-08-08 12:54:10.398686 [INFO] evse_manager:Ev  ::                                     CAR ISO V2G DcCableCheckReq
2026-08-08 12:54:10.431404 [INFO] evse_manager:Ev  :: EVSE ISO V2G DcCableCheckRes
2026-08-08 12:54:10.484275 [INFO] evse_manager:Ev  ::                                     CAR ISO V2G DcCableCheckReq
2026-08-08 12:54:10.531711 [INFO] evse_manager:Ev  :: EVSE ISO V2G DcCableCheckRes
2026-08-08 12:54:10.584410 [INFO] evse_manager:Ev  ::                                     CAR ISO V2G DcCableCheckReq
2026-08-08 12:54:10.631941 [INFO] evse_manager:Ev  :: EVSE ISO V2G DcCableCheckRes
2026-08-08 12:54:10.684381 [INFO] evse_manager:Ev  ::                                     CAR ISO V2G DcCableCheckReq
2026-08-08 12:54:10.731846 [INFO] evse_manager:Ev  :: EVSE ISO V2G DcCableCheckRes
2026-08-08 12:54:10.794771 [INFO] evse_manager:Ev  ::                                     CAR ISO V2G DcCableCheckReq
2026-08-08 12:54:10.870589 [INFO] evse_manager:Ev  :: EVSE ISO V2G DcCableCheckRes
2026-08-08 12:54:10.884692 [INFO] evse_manager:Ev  ::                                     CAR ISO V2G DcCableCheckReq
2026-08-08 12:54:10.931920 [INFO] evse_manager:Ev  :: EVSE ISO V2G DcCableCheckRes
2026-08-08 12:54:10.984856 [INFO] evse_manager:Ev  ::                                     CAR ISO V2G DcCableCheckReq
2026-08-08 12:54:11.031945 [INFO] evse_manager:Ev  :: EVSE ISO V2G DcCableCheckRes
2026-08-08 12:54:11.086523 [INFO] evse_manager:Ev  ::                                     CAR ISO V2G DcCableCheckReq
2026-08-08 12:54:11.132139 [INFO] evse_manager:Ev  :: EVSE ISO V2G DcCableCheckRes
2026-08-08 12:54:11.184853 [INFO] evse_manager:Ev  ::                                     CAR ISO V2G DcCableCheckReq
2026-08-08 12:54:11.262662 [INFO] evse_manager:Ev  :: EVSE ISO V2G DcCableCheckRes
2026-08-08 12:54:11.306652 [INFO] evse_manager:Ev  ::                                     CAR ISO V2G DcCableCheckReq
2026-08-08 12:54:11.370538 [INFO] evse_manager:Ev  :: EVSE ISO V2G DcCableCheckRes
2026-08-08 12:54:11.414853 [INFO] evse_manager:Ev  ::                                     CAR ISO V2G DcCableCheckReq
2026-08-08 12:54:11.432316 [INFO] evse_manager:Ev  :: EVSE ISO V2G DcCableCheckRes
2026-08-08 12:54:11.485180 [INFO] evse_manager:Ev  ::                                     CAR ISO V2G DcCableCheckReq
2026-08-08 12:54:11.532683 [INFO] evse_manager:Ev  :: EVSE ISO V2G DcCableCheckRes
2026-08-08 12:54:11.590466 [INFO] evse_manager:Ev  ::                                     CAR ISO V2G DcCableCheckReq
2026-08-08 12:54:11.632826 [INFO] evse_manager:Ev  :: EVSE ISO V2G DcCableCheckRes
2026-08-08 12:54:11.683351 [INFO] evse_manager:Ev  ::                                     CAR ISO V2G DcCableCheckReq
2026-08-08 12:54:11.732932 [INFO] evse_manager:Ev  :: EVSE ISO V2G DcCableCheckRes
2026-08-08 12:54:11.798540 [INFO] evse_manager:Ev  ::                                     CAR ISO V2G DcCableCheckReq
2026-08-08 12:54:11.850633 [INFO] evse_manager:Ev  :: EVSE ISO V2G DcCableCheckRes
2026-08-08 12:54:11.894896 [INFO] evse_manager:Ev  ::                                     CAR ISO V2G DcCableCheckReq
2026-08-08 12:54:11.938519 [INFO] evse_manager:Ev  :: EVSE ISO V2G DcCableCheckRes
2026-08-08 12:54:11.983631 [INFO] evse_manager:Ev  ::                                     CAR ISO V2G DcCableCheckReq
2026-08-08 12:54:12.033464 [INFO] evse_manager:Ev  :: EVSE ISO V2G DcCableCheckRes
2026-08-08 12:54:12.090512 [INFO] evse_manager:Ev  ::                                     CAR ISO V2G DcCableCheckReq
2026-08-08 12:54:12.133426 [INFO] evse_manager:Ev  :: EVSE ISO V2G DcCableCheckRes
2026-08-08 12:54:12.183993 [INFO] evse_manager:Ev  ::                                     CAR ISO V2G DcCableCheckReq
2026-08-08 12:54:12.262723 [INFO] evse_manager:Ev  :: EVSE ISO V2G DcCableCheckRes
2026-08-08 12:54:12.306474 [INFO] evse_manager:Ev  ::                                     CAR ISO V2G DcCableCheckReq
2026-08-08 12:54:12.370982 [INFO] evse_manager:Ev  :: EVSE ISO V2G DcCableCheckRes
2026-08-08 12:54:12.414641 [INFO] evse_manager:Ev  ::                                     CAR ISO V2G DcCableCheckReq
2026-08-08 12:54:12.466624 [INFO] evse_manager:Ev  :: EVSE ISO V2G DcCableCheckRes
2026-08-08 12:54:12.466961 [INFO] evse_manager:Ev  ::                                     CAR ISO V2G DcPreChargeReq
2026-08-08 12:54:12.566622 [INFO] evse_manager:Ev  :: EVSE ISO V2G DcPreChargeRes
2026-08-08 12:54:12.566867 [INFO] evse_manager:Ev  ::                                     CAR ISO V2G PowerDeliveryReq
2026-08-08 12:54:12.634207 [INFO] evse_manager:Ev  :: EVSE ISO V2G PowerDeliveryRes
2026-08-08 12:54:12.637132 [INFO] evse_manager:Ev  ::                                     CAR ISO V2G DcChargeLoopReq
2026-08-08 12:54:12.766574 [INFO] evse_manager:Ev  :: EVSE ISO V2G DcChargeLoopRes
2026-08-08 12:54:12.810646 [INFO] evse_manager:Ev  ::                                     CAR ISO V2G DcChargeLoopReq
2026-08-08 12:54:12.854618 [INFO] evse_manager:Ev  :: EVSE ISO V2G DcChargeLoopRes
2026-08-08 12:54:12.898734 [INFO] evse_manager:Ev  ::                                     CAR ISO V2G DcChargeLoopReq
2026-08-08 12:54:12.934471 [INFO] evse_manager:Ev  :: EVSE ISO V2G DcChargeLoopRes
2026-08-08 12:54:12.985491 [INFO] evse_manager:Ev  ::                                     CAR ISO V2G PowerDeliveryReq
2026-08-08 12:54:13.074587 [INFO] evse_manager:Ev  :: EVSE ISO V2G PowerDeliveryRes
2026-08-08 12:54:13.074925 [INFO] evse_manager:Ev  ::                                     CAR ISO V2G DcWeldingDetectionReq
2026-08-08 12:54:13.135032 [INFO] evse_manager:Ev  :: EVSE ISO V2G DcWeldingDetectionRes
2026-08-08 12:54:13.136587 [INFO] evse_manager:Ev  ::                                     CAR ISO V2G SessionStopReq
2026-08-08 12:54:13.262848 [INFO] evse_manager:Ev  :: EVSE ISO V2G SessionStopRes
2026-08-08 12:54:27.311627 [INFO] iso15118_charge  :: Got SDP request from fe80::215:5dff:fe6b:526%eth0
2026-08-08 12:54:46.920913 [INFO] iso15118_charge  :: Handshake complete!
2026-08-08 12:54:46.920991 [INFO] iso15118_charge  :: Verify certificate result is okay
2026-08-08 12:54:46.950706 [INFO] evse_manager:Ev  ::                                     CAR ISO V2G SupportedAppProtocolReq
2026-08-08 12:54:46.978708 [INFO] evse_manager:Ev  :: EVSE ISO V2G SupportedAppProtocolRes
2026-08-08 12:54:47.003455 [INFO] iso15118_charge  :: Received session setup with evccid: EVCC01
2026-08-08 12:54:47.003754 [INFO] iso15118_charge  :: Old session resumed with session_id: 0xC6, 0xCC, 0x08, 0xCD, 0x07, 0xFC, 0x88, 0x3B
2026-08-08 12:54:47.004191 [INFO] evse_manager:Ev  ::                                     CAR ISO V2G SessionSetupReq
2026-08-08 12:54:47.047212 [INFO] evse_manager:Ev  :: EVSE ISO V2G SessionSetupRes
2026-08-08 12:54:47.102544 [INFO] evse_manager:Ev  ::                                     CAR ISO V2G AuthorizationSetupReq
2026-08-08 12:54:47.137388 [INFO] evse_manager:Ev  :: EVSE ISO V2G AuthorizationSetupRes
